0
213779
258908
259068
258867
259033
259065
259097
259362
259249
259313
259321
259586
259409
259441
259449
259505
259577
259633
259641
259673
259705
259737
259769
259801
259897
260036
259961
259993
260025
260057
260089
260121
260217
260249
260281
260313
260345
260377
260409
260465
260593
260601
260633
260665
260930
260753
260761
260817
260825
260857
260889
260945
261073
261081
261113
261145
261201
261209
261241
261297
261413
261443
261369
261425
261553
261561
261617
261625
261681
261689
261745
261753
262018
261841
261873
261881
262065
262097
262129
262137
262169
262201
262233
262265
262297
262329
262361
262393
262425
262457
262489
262627
262681
262713
262745
263010
262915
263074
262873
262929
262937
262969
263001
263033
263173
263330
263129
263161
263353
263409
263523
263449
263481
263513
263545
263577
263609
263641
263673
263705
263737
263769
263801
264066
263865
263897
263929
263961
264153
264418
264217
264249
264514
264313
264345
264377
264409
264441
264473
264505
264537
264569
264601
264633
264665
264697
264729
264761
264985
265017
265049
265081
265113
265145
265177
265209
265474
265273
265305
265337
265477
265401
265433
265465
265497
265529
265561
265701
265625
265657
265689
265721
266001
266009
266041
266073
266105
266137
266169
266201
266233
266265
266297
266329
266361
266393
266425
266457
266489
266521
266553
266585
266617
266649
266681
266713
266851
266777
266915
266949
267235
267267
267299
267331
267363
267395
267427
267459
267491
267523
267555
267587
267620
267651
267685
267715
267747
267779
267811
267843
267875
267907
267939
267973
267897
267929
268067
267993
268025
268057
268089
268121
268441
268473
268505
268537
268802
268601
268633
268665
268697
268729
268761
268793
268825
268857
269122
268921
268953
269091
269017
269049
269081
269219
269251
269283
269209
269347
269379
269411
269443
269475
269507
269539
269571
269605
269635
269669
270019
269945
269977
270009
270041
270073
270105
270137
270169
270201
270233
270265
270321
270435
270467
270499
270531
270563
270595
270627
270659
270691
270723
270755
270787
270819
270851
270883
270915
270947
270979
271011
271043
271075
271107
271139
271171
271204
271235
271268
271651
271685
271715
271747
271781
271811
271843
271875
271907
271939
271971
272003
272035
272067
272099
272131
272163
272195
272227
272259
272291
272323
272355
272387
272419
272451
272483
272515
272547
135281
Peak: 277347
Average: 264446.8820058997
