0
288619
406199
417358
417519
417660
417690
417723
417755
417778
417810
417842
417874
417906
417938
417970
418002
418098
418130
418162
418194
418226
418258
418290
418322
418418
418450
418482
418538
418546
418578
418610
418642
418762
418770
418802
418834
418866
418898
418930
418986
419090
419122
419154
419186
419218
419250
419282
419314
419346
419378
419410
419442
419570
419602
419634
419666
419722
419730
419762
419794
420059
419858
419890
419922
420050
420082
420114
420146
420178
420210
420242
420274
420306
420338
420370
420402
420562
420594
420626
420658
420690
420722
420754
420786
420818
420850
420882
420914
420946
420978
421010
421042
421202
421258
421266
421298
421330
421362
421394
421426
421458
421490
421522
421554
421586
421618
421650
421682
421874
421906
421938
421970
422002
422034
422066
422098
422130
422162
422194
422226
422258
422290
422322
422587
422386
422418
422450
422482
422674
422706
422738
422770
422802
422834
422866
422898
422930
422962
422994
423026
423058
423323
423122
423154
423186
423218
423250
423282
423506
423538
423570
423602
423634
423666
423698
423730
423762
423794
423826
423858
423890
423922
423954
423986
424018
424050
424082
424114
424146
424178
424210
424266
424498
424530
424562
424594
424626
424658
424690
424722
424754
424786
424818
424850
424882
424914
424946
424978
425034
425042
425074
425106
425138
425170
425202
425234
425266
425298
425330
425362
425650
425682
425714
425746
425778
425810
425842
425874
425906
425938
425970
426002
426034
426066
426098
426130
426395
426194
426226
426258
426290
426322
426354
426386
426418
426450
426482
426514
426546
426578
426610
426642
426962
426994
427026
427058
427090
427122
427154
427186
427218
427250
427282
427314
427346
427378
427410
427442
427474
427506
427538
427570
427602
427634
427666
427698
427730
427762
427794
428059
427858
427890
427922
427954
427986
428018
428050
431802
428434
428466
428498
428530
428562
428594
428626
428658
428690
428722
428754
428786
428818
428850
429115
428914
428946
428978
429010
429042
429074
429106
429138
429170
429202
429234
429499
429298
429330
429362
429418
429426
429458
429723
429522
429554
429586
429618
429650
429682
430066
430098
430130
430162
430194
430226
430258
430290
430322
430354
430386
430418
430450
430482
430514
430546
430578
430610
430642
430674
430706
430738
430770
430802
430834
430866
430898
430930
430962
430994
431026
431166
431197
431230
431261
431293
431325
431358
431390
431421
431346
431378
431410
431442
431858
431890
431922
431954
431986
432018
432050
432082
432114
432146
432178
432443
432475
432274
432306
432338
432370
432402
432434
432466
432731
432637
432562
432594
432626
432658
432797
432722
432754
432893
432818
432850
432882
432914
433053
432978
433010
433042
433074
433106
433138
433170
433202
433234
433266
433298
433330
433362
433842
433874
433906
433938
433970
434002
434034
434066
434098
434363
434162
434194
434226
434258
434290
434322
434354
434386
434418
434450
434482
434514
434546
434686
434610
434642
434674
434706
434738
434770
434802
434834
434866
434898
434930
435069
434994
435026
435058
435090
435122
435154
435186
435218
435250
435515
435314
435346
435378
435410
435466
435474
435506
435538
435570
435602
436170
436178
436210
436242
436380
436413
436446
436477
436509
436542
436573
436606
436636
436669
436700
436626
436658
436690
436722
436754
436786
436818
436850
436882
436914
436946
436978
437010
437042
437074
437106
437138
437170
437202
437234
437373
437298
437330
437362
437394
437426
437458
437490
437522
437554
437586
437618
437650
437682
437714
437746
437778
437810
437842
437874
437906
437938
438203
438002
438034
438066
438098
438130
438162
438770
438802
438834
438866
438898
438930
438962
438994
439026
439058
439090
439355
439154
439186
439218
439250
439282
439314
439346
439378
439410
439442
439474
439506
439538
439570
439710
439634
439666
439698
439730
439762
439794
440059
439858
439890
439946
439954
439986
440018
440074
440188
440138
440146
440178
440210
440242
440274
440306
440338
440370
440402
440458
440466
440498
440554
440668
440594
440626
440658
440690
440722
440754
440786
440818
440956
440990
440914
440946
440978
441010
441042
441738
441770
441778
441834
441842
441874
441906
441938
441970
442108
442142
442066
442098
442130
442162
442218
442250
442258
442290
442322
442462
442492
442418
442556
442588
442514
442546
442578
442610
442642
442674
442706
442738
442770
442802
442834
442866
442898
442930
442962
442994
443026
443058
443090
443122
443154
443186
443218
443250
443282
443314
443346
443378
443434
443442
443474
443506
443538
443570
443602
443634
443666
443698
443730
443762
443794
443826
443858
443890
443922
443954
443986
444018
444050
444082
444114
444379
444178
444210
444242
445211
445010
445042
445074
445106
445138
445170
445202
445234
445266
445298
445330
445362
445394
445426
445458
445490
445522
445554
445586
445618
445650
445682
445714
445746
445886
445810
445842
445874
445906
445938
445970
446002
446034
446066
446098
446130
446162
446194
446226
446258
446290
446322
446354
446386
446418
446450
446482
446514
446546
446578
446610
446642
446674
446706
446738
446770
446802
447067
446866
446898
446930
446962
446994
447026
447058
447090
447122
447154
447186
447324
447250
447282
447314
447346
447378
447410
447442
447474
447506
447538
447570
447602
447634
447666
447698
447730
447762
448594
448626
448658
448690
448722
448754
448786
448818
448850
448882
448914
448946
448978
449010
449042
449074
449106
449138
449170
449202
449234
449266
449298
449330
449362
449394
449426
449458
449490
449522
449554
449586
449618
449650
449682
449714
449746
449778
449810
450075
449874
449906
449938
449970
450108
450034
450066
450098
450130
450162
450194
450226
450258
450290
450322
450354
450386
450418
450450
450482
450514
450546
450578
450610
450642
450674
450706
450738
450770
450802
450834
450866
450898
450930
450962
450994
451026
451058
451090
451122
451154
451186
451218
451250
451282
451314
451346
451378
451410
451442
451474
451506
451538
451570
451602
451634
451666
451698
451730
451762
452690
452722
452754
452786
452818
452850
452882
452914
452970
452978
453010
453042
453074
453106
453138
453170
453202
453234
453266
453298
453330
453362
453394
453426
453458
453490
453522
453578
Peak: 457298
Average: 434747.30596175476
