0
150628
151225
151257
151288
153443
153476
153509
153540
153635
153668
153701
153732
153764
153796
153829
153862
153956
153988
154020
154054
154085
154116
154149
154180
154308
154341
154373
154404
154438
154620
154501
154533
154628
154660
154694
154725
154756
154789
154821
154854
154981
155015
155045
155077
155109
155141
155173
155205
155237
155270
155301
155333
155461
155494
155525
155558
155591
155621
155653
155686
155717
155749
155781
155813
155941
155974
156005
156037
156069
156101
156134
156166
156197
156229
156262
156293
156453
156485
156518
156549
156582
156614
156645
156678
156710
156742
156773
156805
156837
156870
156902
156933
157094
157125
157157
157189
157221
157253
157285
157317
157349
157382
157413
157445
157477
157509
157541
157573
157765
157797
157828
157863
157893
157926
157546
82686
Peak: 256916
Average: 153581.36752136753
