0
216483
257407
257672
257495
258783
258815
258823
258855
258951
259007
259039
259047
259103
259217
259167
259199
259504
259327
259443
259600
259399
259538
259487
259519
259615
259647
259679
259794
259743
259775
259807
259815
259911
259943
259975
260007
260039
260095
260127
260159
260287
260295
260351
260383
260415
260530
260479
260487
260519
260657
260690
260615
260851
260883
260807
260863
260871
260903
260935
260967
260999
261031
261171
261095
261223
261362
261311
261319
261351
261383
261415
261447
261503
261511
261543
261681
261735
261767
261799
261937
261863
261895
261951
262067
261991
262023
262163
262195
262227
262258
262183
262215
262375
262407
262463
262471
262527
262643
262567
262707
262631
262663
262801
262727
262759
262899
262823
262855
263047
263079
263344
263143
263175
263207
263345
263377
263327
263359
263367
263506
263455
263463
263603
263527
263559
263591
263647
263655
263953
264112
263911
264049
263975
264115
264039
264071
264127
264241
264167
264199
264337
264263
264319
264327
264359
264498
264423
264563
264679
264819
264743
264883
264915
264863
264871
265011
264935
265074
265105
265031
265169
265095
265234
265159
265191
265223
265255
265393
265427
265375
265383
265415
265671
265703
265735
265873
265799
265937
265863
266001
266035
265959
266097
266023
266055
266087
266225
266257
266183
266215
266355
266279
266335
266343
266375
266513
266439
266579
266503
266535
266847
266962
266994
266919
266975
267089
267039
267047
267079
267111
267167
267175
267207
267263
267295
267303
267335
267367
267399
267431
267463
267601
267551
267583
267591
267647
267655
267687
267719
267775
267889
267815
268241
268191
268199
268255
268263
268401
268327
268359
268391
268447
268455
268487
270943
268551
268607
268615
268753
268679
268817
268767
268775
268807
268863
268871
268903
268935
269073
268999
269031
269169
269095
269151
269266
269297
269223
269361
269607
269639
269777
269703
269735
269767
269799
269855
269863
269895
269927
269959
269991
270023
270079
270193
270119
270151
270183
270215
270353
270279
270311
270449
270375
270407
270439
270471
270609
270535
270567
270705
270631
270663
270695
270727
270865
270791
270929
270879
273663
271271
270993
Peak: 273751
Average: 263921.1891025641
