0
288515
418325
418358
418421
421088
421119
421094
421335
421431
421312
424958
421377
421409
421440
421472
421504
421601
421574
421664
421697
421729
421911
421791
421823
421920
421951
421983
422167
422047
421998
422263
422144
422158
422214
422304
422254
422368
422400
422432
422382
422534
422624
422656
422630
422720
422694
422783
422816
422848
422798
422912
422944
422990
423046
423078
423167
423199
423232
423206
423296
423327
423302
423543
423424
423494
423583
423767
423799
423831
423654
423895
423775
423726
423782
423814
423903
424006
424038
424279
424311
424134
424166
424407
424439
424471
424294
424535
424416
424448
424480
424512
424543
424704
424736
424768
424800
424832
424864
425047
424928
424960
424991
425024
425055
425088
425119
425152
425184
425375
425408
425440
425472
425504
425536
425568
425600
425632
425664
425696
425729
425760
425792
425824
425856
425888
425920
425951
425984
426327
426208
426240
426272
426304
426335
426368
426400
426432
426464
426496
426528
426560
426592
426624
426656
426688
426720
426752
426785
427008
427039
427072
427104
427136
427168
427200
427232
427264
427296
427328
427360
427392
427424
427456
427488
427520
427552
427585
427616
427648
427680
427712
427744
428000
428032
428064
428096
428127
428160
428192
428224
428256
428288
428320
428352
428384
428416
428448
428480
428512
428543
428576
428608
428640
428672
428855
428736
428768
428800
428832
428863
429152
429184
429216
429248
429280
429312
429343
429375
429408
429440
429472
429504
429536
429568
429599
429632
429664
429696
429728
429760
429792
429824
429856
429887
429920
429952
429984
430016
430048
430080
430112
430144
430464
430496
430528
430560
430592
430624
430656
430688
430720
430752
430784
430816
430848
430880
430912
430944
430976
431008
431041
431073
431104
431136
431168
431200
431231
431264
431296
431328
431360
431392
431424
431456
431488
431520
431552
431584
431936
431967
432000
432032
432064
432096
432128
432160
432192
432224
432256
432288
432320
432352
432384
432417
432448
432480
432513
432544
432577
432609
432641
432673
432705
432737
432768
432801
432833
432865
432814
432929
432961
432993
433025
433057
433089
433121
433153
433184
433510
433542
433574
433665
433697
433729
433761
433793
433825
433857
433889
433921
433953
433985
434017
434049
434081
434112
434145
434177
434209
434241
434273
434304
434337
434369
434401
434433
434465
434497
434529
434560
434593
434625
434657
434689
434721
434753
434785
434817
434849
434880
434913
434945
435361
435393
435425
435457
435489
435521
435553
435585
435616
435649
435681
435713
435745
435777
435809
435841
435873
435905
435937
435969
436001
436033
436065
436097
436129
436160
436194
436225
436257
436290
436321
436353
436385
436417
436449
436481
436512
436545
436577
436610
436641
436673
436706
436737
436769
436800
436833
436864
437345
437377
437409
437441
437472
437505
437537
437569
437601
437632
437665
437697
437729
437761
437793
437825
437857
437889
437921
437953
437985
438016
438049
438080
438113
438145
438176
438209
438240
438273
438305
438337
438369
438401
438433
438465
438497
438529
438561
438593
438625
438657
438689
438721
438752
438785
438817
438849
438881
438913
438945
438977
439008
439041
439073
439105
439649
439681
439712
439744
439777
439808
439841
439873
439905
439937
439969
440001
440033
440066
440097
440128
440161
440193
440225
440257
440289
440321
440353
440385
440417
440448
440481
440513
440545
440577
440609
440641
440673
440705
440737
440769
440801
440833
440865
440897
440928
440961
440994
441025
441057
441089
441121
441153
441185
441217
441249
441281
441313
441345
441377
441409
441441
441473
441505
441536
441569
441601
441632
441665
442273
442306
442337
442370
442401
442433
442465
442497
442529
442561
442593
442625
442656
442689
442721
442753
442784
442817
442849
442880
442913
442945
442977
443008
443041
443073
443105
443136
443168
443201
443233
443265
443297
443329
443361
443393
443424
443456
443489
443520
443553
443585
443617
443648
443681
443712
443745
443777
443809
443841
443872
443905
443937
443910
444000
444032
444065
444097
444129
444161
444192
444225
444258
444289
444321
444353
444384
444417
444448
444480
444513
444545
445217
445249
445280
445313
445262
445377
445409
445440
445473
445505
445536
445569
445601
445633
445665
445697
445728
445761
445793
445825
445856
445889
445921
445952
445902
446016
446049
446081
446113
446145
446177
446209
446241
446273
446305
446337
446369
446401
446433
446464
446497
446529
446562
446593
446625
446657
446689
446721
446753
446785
446817
446849
446881
446913
446945
446977
447009
447041
447072
447105
447137
447168
447201
447233
447265
447296
447328
447361
447393
447425
447457
447488
447521
447553
447585
447616
447649
447680
447713
447744
448481
448513
448545
448577
448609
448641
448673
448705
448737
448769
448800
448833
448865
448897
448929
448961
448993
449025
449057
449089
449120
449153
449185
449217
449249
449281
449313
449345
449377
449409
449441
449473
449504
449537
449569
449601
449633
449665
449614
449729
449761
449793
449825
449857
449889
449921
449952
449985
450017
450049
450082
450113
450144
450177
450209
450241
450273
450305
450337
450369
450401
450433
450465
450496
450529
450561
450593
450625
450657
450689
450721
450753
450784
450816
450849
450881
450913
450945
450977
451009
451041
451073
451105
451137
451168
451201
451233
451265
452097
452130
452161
452192
452225
452256
452289
452321
452353
452385
452417
452449
452480
452513
452545
452577
452609
452641
452673
452705
452737
452769
452801
452833
452864
452897
452929
452961
452993
453025
453057
453089
453121
453153
453185
453217
453249
453280
453313
453345
453377
453409
453440
453473
453505
453537
453569
453601
453633
453665
453697
453729
453761
453793
453824
453857
453889
453921
453953
453985
454017
454049
454081
454113
454145
454177
454209
454241
454273
454305
454336
454368
454401
454433
454465
454497
454529
454560
454593
454625
454656
454689
454721
454753
454785
454817
454849
454881
454913
454945
454977
203459
Peak: 459827
Average: 437178.09261430247
