0
286955
410836
417206
417238
418985
419017
419081
419219
419315
419265
419273
419329
419361
419369
419401
419457
419529
419585
419699
419625
419681
419713
419721
419753
419873
419881
419913
419945
419977
420033
420041
420073
420169
420225
420233
420265
420530
420353
420361
420626
420521
420661
420692
420617
420757
420914
420821
420745
420777
420809
420841
420873
421001
421033
421065
421097
421129
421161
421193
421225
421257
421289
421321
421353
421481
421513
421545
421577
421609
421641
421673
421705
421737
421769
421801
421833
421993
422025
422057
422089
422121
422153
422185
422217
422249
422281
422313
422345
422377
422409
422674
422473
422633
422665
422697
422729
422761
422793
422825
422857
422889
422921
422953
422985
423017
423049
423081
423113
423305
423337
423369
423401
423690
423465
423497
423529
423561
423593
423625
423657
423689
423721
423753
423785
423817
423849
423881
423913
424105
424137
424169
424201
424233
424265
424297
424329
424361
424393
424425
424457
424489
424521
424553
424585
424617
424649
424681
424713
424937
424969
425001
425033
425065
425097
425129
425161
425193
425225
425257
425289
425321
425377
425385
425417
425449
425481
425513
425545
425577
425609
425641
425673
425929
425985
425993
426025
426057
426089
426121
426153
426185
426217
426249
426281
426313
426345
426377
426409
426441
426473
426505
426537
426569
426601
426633
426665
426697
426729
426761
426793
427081
427113
427145
427177
427209
427241
427273
427305
427337
427369
427401
427433
427465
427497
427529
427561
427593
427625
427657
427689
427721
427753
427785
427817
428082
427881
427913
427945
427977
428009
428041
428073
428393
428425
428457
428489
428521
428553
428585
428617
428649
428681
428713
428745
428777
428809
428841
428873
428905
428937
428969
429001
429033
429065
429097
429129
429161
429193
429225
429257
429289
429321
429353
429385
429417
429449
429481
429513
429865
429897
429929
429961
429993
430025
430057
430089
430121
430153
430185
430217
430249
430281
430313
430345
430377
430409
430441
430473
430505
430537
430569
430834
430633
430665
430930
430729
430761
430793
430825
430857
430889
430921
430953
430985
431017
431049
431081
431113
431497
431529
431561
431593
431625
431657
431689
431954
431753
431785
431817
431873
431881
431913
431945
431977
432009
432041
432073
432105
432137
432169
432201
432233
432265
432297
432329
432385
432393
432425
432457
432489
432521
432553
432585
432617
432649
432681
432713
432745
432777
432809
433074
432873
433289
433321
433353
433385
433417
433449
433481
433513
433545
433577
433609
433641
433673
433705
433737
433769
433801
433833
433865
433897
433929
433961
433993
434025
434057
434089
434121
434153
434185
434217
434249
434281
434313
434345
434377
434409
434441
434473
434505
434537
434569
434601
434633
434665
434697
434729
434761
434793
435273
435305
435337
435369
435401
435433
435465
435497
435529
435561
435593
435625
435657
435689
435721
435753
435785
435817
436082
435881
435913
435945
435977
436009
436041
436073
436105
436137
436169
436201
436233
436265
436297
436329
436361
436393
436425
436457
436489
436521
436553
436585
436850
436649
436681
436713
436745
437010
436809
436841
436873
436905
436937
436969
437001
437033
437577
437609
437641
437673
437705
437737
437769
437801
437857
437865
437897
437929
437961
437993
438025
438057
438089
438121
438153
438185
438217
438482
438281
438313
438345
438377
438409
438674
438473
438505
438537
438569
438601
438633
438665
438697
438729
438761
438793
438825
438857
438889
438921
438953
438985
439017
439049
439081
439113
439145
439177
439209
439241
439273
439305
439337
439369
439401
439433
439465
439497
439529
439561
439593
440201
440233
440265
440297
440329
440361
440393
440425
440690
440489
440521
440553
440585
440617
440649
440681
440713
440745
440777
440809
440841
440873
440905
441170
440969
441001
441033
441065
441097
441129
441161
441193
441225
441257
441289
441321
441353
441385
441417
441449
441481
441513
441545
441577
441609
441641
441673
441705
441737
441769
441801
441833
441865
441897
441929
441961
441993
442025
442057
442089
442121
442153
442185
442217
442249
442281
442313
442345
442377
442409
442441
442473
443145
443177
443209
443241
443273
443305
443337
443369
443401
443433
443698
443497
443529
443561
443593
443625
443681
443689
443721
443753
443785
443817
443849
443881
443913
443945
443977
444009
444041
444073
444105
444137
444169
444201
444233
444265
444297
444329
444594
444393
444425
444457
444489
444754
444553
444818
444617
444649
444681
444713
444745
444777
444809
444841
444873
444905
444937
444969
445001
445033
445065
445097
445129
445161
445193
445225
445257
445289
445321
445353
445385
445417
445449
445481
445513
445545
445577
445609
445641
445673
446409
446441
446473
446738
446537
446569
446601
446633
446665
446697
446729
446761
446793
446825
446857
446889
446921
447186
446985
447017
447049
447081
447113
447145
447177
447209
447241
447273
447305
447337
447602
447401
447433
447465
447497
447529
447561
447593
447625
447657
447689
447721
447753
447785
447817
447849
447881
447913
447945
447977
448009
448041
448073
448105
448137
448169
448225
448233
448265
448297
448329
448361
448393
448425
448457
448722
448521
448553
448585
448617
448649
448681
448713
448978
448777
448809
448841
448873
448905
449044
448969
449001
449033
449298
449097
449129
449161
449193
450025
450057
450089
450121
450386
450418
450217
450249
450281
450313
450345
450377
450409
450441
450473
450505
450537
450569
450601
450633
450665
450697
450729
450761
450793
450825
450857
450889
454641
450953
450985
451017
451049
451081
451113
451145
451177
451209
451241
451273
451305
451337
451369
451401
451433
451465
451497
451529
451561
451593
Peak: 455337
Average: 434535.2379778052
