0
151745
151984
152016
152128
152652
152603
152716
152667
152843
152875
152827
152859
152974
153006
153037
153068
153164
153324
153147
153155
153219
153251
153516
153339
153411
153467
153499
153507
153539
153571
153603
153635
153731
153787
153795
153827
153859
153891
153923
153955
154083
154115
154147
154179
154211
154243
154275
154307
154339
154371
154403
154435
154563
154595
154627
154892
154691
154723
154755
154787
154819
154851
154883
154915
155043
155075
155107
155245
155171
155203
155235
155500
155299
155331
155469
155395
155788
155587
155725
155757
155683
155739
155771
155779
155811
155843
155899
155907
155939
155971
156027
156035
156195
156251
156259
156315
156323
156461
156411
156419
156475
156483
156748
156547
156685
156717
156876
156699
156867
156923
156931
156963
156995
157027
157059
157091
157147
157155
157211
157243
157251
157307
157339
158763
157403
157435
157467
157499
157691
157699
90721
89948
Peak: 261588
Average: 152907.1954887218
