0
288571
781367
1052256
1576490
2316254
2726306
3017583
3639576
3823296
4423074
5210786
5352185
5695247
6154926
6645920
7087044
7325139
7729493
8287043
8709079
8984462
9315240
9535756
9876220
10645645
11052383
11576085
12381294
12689320
12969842
13465940
14025238
14520717
15066567
15599301
15940439
16258028
16478207
16608561
16676378
17036330
17184884
17475109
17861835
18005652
18240313
19534684
19357551
19541278
19647676
19647452
19890472
20075511
20221621
20387882
20769099
21314547
21698816
22109509
22648711
23194794
23442761
23809033
24149842
24366884
24520644
24694824
24893390
25065513
25377399
25783437
26101829
26583792
26963292
27568621
28257569
29070373
29697703
29877877
29883053
29886145
29901193
29912646
30063998
30504484
31172449
31439947
31763630
31920271
32261381
32341080
32447258
32480224
32543556
32759880
33245788
34283544
33821075
34302751
34421401
34592388
34643020
34614366
34696928
35001608
35110830
35719886
35819318
36231169
36709310
36791119
37013695
37635575
37737508
38336193
38336549
38336187
38336281
38187891
38587301
38670936
38929922
39051668
39129953
43074373
43110984
43393830
43427815
44000667
44055983
44138723
44165622
44248810
44282650
44342775
44376016
44437339
44490734
44553441
44600415
44813717
44915078
45069394
45439853
45556461
45786252
46330785
46742805
46808777
46858654
47084347
47137523
47323910
47411798
47507088
47588409
47914353
48041026
48283389
48492048
48717484
49132818
49310496
49312810
49411123
49573505
49630926
49847356
50097655
50188666
50274877
50299437
50314797
50348445
50403240
50453993
50529815
50652047
50742040
50854841
51000300
51363529
51476827
51768592
52034534
52413193
52559540
52875431
53163314
53633569
54250660
54455320
54485140
54609066
54599321
54656123
54798876
54937333
54981602
55123840
55035067
55500340
55770078
55883686
56040968
56493906
56880486
56913605
56944458
57308134
57391639
58125947
57659397
57933801
58036790
58132281
58254731
58504903
58527738
58505952
58886220
59618093
59777256
59864408
59936408
59993408
60034570
60227166
60264000
60834725
61765910
60820298
60874879
60688720
60694135
60699556
60701777
60701522
60704608
60703031
60704899
60706648
60706504
60707825
60708497
60709220
60709791
60710784
60711285
60712194
60712788
60716145
60716808
60717246
60717953
60718600
60718567
60719676
60719010
60719299
60721443
60720085
60722088
60722882
60723364
60724073
60723228
60723053
60724856
60725099
60725507
60724286
60726839
60725208
60728316
60728125
60726801
60728331
60729580
60729707
60728368
60730090
60733677
60733250
60734633
60734840
60735072
60734031
60735690
60736577
60734752
60737145
60735465
60737754
60738070
60736308
60738773
60737405
60737714
60739712
60739154
60738725
60740172
60740710
60742015
60742033
60743044
60742531
60743053
60743109
60743718
60744074
60742201
60745537
60745664
60747996
60746760
60748565
60747626
60749411
60748080
60749976
60749824
60751576
60751419
60752786
60752319
60752319
60750197
60751263
60751194
60752982
60754169
60755247
60753807
60754012
60754346
60754402
60752535
60752794
60755981
60756946
60753753
60756186
60756458
60756781
60757861
60758334
60755689
60758710
60758888
60761362
60762096
60760384
60760552
60763315
60763179
60763679
60764073
60764411
60764624
60763280
60764884
60765392
60763956
60764908
60764412
60766321
60766955
60767375
60767639
60767161
60767560
60766443
60768251
60769250
60769549
60767801
60770201
60768362
60770874
60770436
60772884
60772383
60774878
60775243
60773501
60775518
60776017
60776005
60776513
60776874
60777122
60777496
60777800
60777812
60776666
60776698
60778709
60779268
60780173
60780513
60779053
60779376
60781440
60781380
60784646
60783910
60782642
60780664
60783199
60783556
60783746
60784186
60784386
60784709
60787825
60788016
60788261
60788544
60788922
60789204
60789490
60789502
60788524
60790536
60790210
60790656
60794078
60793905
60794659
60789962
60792690
60792815
60793210
60793506
60793685
60794008
60794191
60792577
60793889
60794660
60797796
60793719
60793916
60796513
60796734
60796810
60795607
60798252
60800140
60800648
60800692
60801116
60800141
60801789
60802450
60802551
60805691
60805928
60801771
60804134
60804474
60802939
60802995
60803232
60803330
60804738
60805235
60809778
60804312
60806105
60806377
60806670
60807181
60811680
60809401
60806552
60807907
60808813
60809938
60809497
60813370
60811263
60811671
60812249
60813824
60812463
60814199
60815141
60813586
60819118
60819890
60820396
60815228
60820726
60821487
60822156
60816320
60818776
60819201
60819459
60820415
60819385
60820668
60818909
60824505
60819377
60821965
60821406
60822132
60821004
60821327
60821492
60821778
60826037
60824854
60826692
60831238
60825647
60832159
60833245
60833836
60833323
60834225
60834764
60835129
60834564
60828922
60831756
60832089
60832238
60832263
60831234
60833348
60831502
60838470
60832012
60832408
60834296
60834935
60835624
60835864
60835958
60841788
60835291
60842583
60837036
60841314
60841452
60840259
60840213
60840665
60846929
60848045
60848616
60844292
60844632
60844715
60843474
60843931
60846105
60850401
60850737
60851238
60847393
60847462
60848491
60848104
60848723
60847694
60849521
60849471
60855538
60854917
60849116
60851564
60852003
60852487
60852803
60852873
60856120
60855171
60856461
60857058
60857562
60857888
60858108
60858716
60858619
60859064
60859362
60860555
60866170
60866705
60866119
60861800
60861941
60862315
60862539
60862627
60862059
60862894
60863533
60869460
60868905
60869924
60870225
60870591
60870728
60870919
60865741
60866037
60866285
60867444
60869518
60875177
60875831
60870299
60870574
60870945
60870974
60871208
60871576
60871899
60872198
60872357
60877759
60878362
60878544
60879143
60879547
60872203
60879770
60880646
60881354
60881264
60881571
60881593
60874538
60877378
60875445
60876822
60877397
60883891
60885021
60887826
60887860
60888378
60888509
60888648
60881093
60888820
60883891
60884043
60884342
60884661
60884906
60885334
60885684
60884981
60884236
60886492
60886668
60887018
60886794
60886922
60909178
60900928
60903662
60904332
60902617
60903542
60903862
60904263
60906376
60906740
60907063
60907479
60907768
60909089
60910865
60911260
60909650
60910249
60911494
60911005
60913220
60913249
60920319
60912294
60913028
60914780
60916276
60922783
60915199
60915096
60917491
60917683
60916681
60918498
60918828
60919253
60919632
60918750
60919373
60919275
60921133
60921038
60920887
60921341
60913394
60915757
60913817
60917095
60917577
60917599
60926598
60920290
60920694
60921179
60921317
60920983
60920099
60920524
60922086
60922502
60922801
60923620
60923838
60922846
60923244
60923863
60923434
60923424
60932883
60933363
60933305
60933687
60933865
60925140
60927968
60927991
60928296
60928694
60928862
60929338
60932046
60931122
60932832
60931888
60931798
60932019
60932304
60932552
60932728
60933108
60933164
60934698
60935130
60945072
60945330
60935421
60937766
60938014
60938241
60937412
60946569
60947221
60939310
60939762
60940075
60940221
60940489
60940737
60941060
60941155
60941505
60941900
60940470
60942941
60945438
60943943
60944637
60944021
60954070
60946846
60945371
60946316
60947339
60956806
60948404
60948881
60948481
60949455
60950125
60950212
60951003
60951442
60951342
60960211
60960149
60961340
60951148
60953303
60953646
60954095
60954408
60954880
60955118
60955479
60955655
60955897
60958773
60957526
60957827
60959589
60969111
60969501
60969160
60970120
60961616
60961771
60961818
60962124
60962612
60963045
60963244
60961867
60963497
60964204
60973266
60973020
60973850
60974216
60974771
60974297
60974760
60975500
60976019
60976779
60976850
60965894
60966118
60966342
60970306
60971760
60971973
60972231
60972428
60972821
60972110
60973571
60973970
60974299
60974458
60974699
60974512
60975303
60975769
60976941
60977248
60977615
60977724
60978135
60978296
60988144
60988033
60987895
60988662
60988407
60988632
60977933
60978181
60979461
60980751
60980033
60981288
60981475
60983867
60982695
60982790
60984532
60985092
60985614
60985886
60986288
60985346
60985506
60984869
60985252
60987092
60986678
60987741
60988124
60988409
60988664
60989007
60989330
60989564
60989703
60988623
60989667
61000623
60990853
60990999
60990355
60991491
60991773
60992109
60992370
61002123
61005298
60995465
60994336
60995912
60996429
60994720
61006697
60997581
60997569
60998505
60997781
60996464
60996650
60996998
60997221
61009988
61009983
61010131
61009864
60998366
60998668
61000113
61000697
61001003
61000096
61012174
61002446
61002704
61002762
61002965
61003207
61003571
61003825
61004131
61007153
61007441
61007666
61006116
61019046
61019126
61019339
61019201
61019383
61020083
61019674
61020378
61021051
61010421
61010354
61009968
61022490
61022703
61011832
61010447
61011703
61010490
61012931
61011415
61012473
61011404
61012740
61014808
61013378
61013770
61014213
61015996
61016193
61026905
61016746
61019559
61019854
61020082
61019746
61031279
61020754
61019444
61032756
61032311
61019675
61022008
61020715
61020391
61020737
61021087
61022700
61022878
61022081
61023799
61024122
61035477
61024835
61025049
61025273
61025661
61024105
61023956
61037982
61037639
61037981
61026070
61027047
61026470
61028125
61041978
61029912
61031327
61031575
61031742
61031801
61032726
61030994
61032938
61032693
61031463
61031790
61031922
61032123
61032422
61032578
61033081
61033115
61034902
61033665
61047374
61036380
61036655
61035968
61035032
61035253
61036778
61035647
61035909
61036296
61036575
61050583
61039212
61037775
61041726
61055115
61043001
61043286
61041718
61056396
61056031
61044231
61044410
61043860
61044936
61044526
61045617
61045949
61058686
61058341
61058524
61047102
61047031
61045711
61045857
61047971
61060324
61046391
61047812
61049308
61047454
61049783
61048344
61048223
61062724
61050937
61049131
61049987
61064560
61066806
61067124
61055114
61053648
61068017
61054115
61056338
61056535
61056139
61070000
61069501
61055394
61055642
61057358
61056992
61058702
61060105
61059888
61060088
61060548
61073008
61074058
61061639
61061944
61062397
61062822
61062755
61076026
61076978
61076623
61064243
61062994
61063410
61064033
61068215
61068295
61066674
61069196
61069342
61069605
61082461
61068316
61070610
61069153
61070932
61069196
61069444
61069767
61085829
61069952
61072454
61072034
61073129
61071500
61072516
61071924
61072151
61074495
61074781
61075029
61075106
61075468
61073878
61074029
61074291
61074423
61074797
61074994
61077882
61078181
61078719
61078860
61081062
61081361
61081585
61081774
61082220
61082486
61082638
61082841
61082979
61081848
61081565
61097616
61084345
61084165
61084658
61098792
61098584
61084427
61085686
61085725
61086029
61084317
61084691
61084916
61085164
61101659
61101609
61088147
61088001
61087035
61105411
61105518
61091799
61091807
61092367
61092420
61091783
61092973
61092985
61092848
61107654
61108145
61094309
61094252
61094473
61094745
61093578
61095471
61109898
61110650
61096668
61094998
61096341
61112056
61095639
61097685
61095738
61096905
61096777
61112511
61098854
61097424
61114160
61098880
61116279
61101660
61104251
61104504
61102856
61120353
61120243
61120051
61104928
61106361
61106564
61106791
61106980
61107357
61122865
61106868
61108280
61108453
61108811
61107051
61124509
61107314
61109504
61109266
61110429
61109944
61111885
61127365
61112483
61112715
61127947
61112008
61114113
61113721
61111857
61114322
61114549
61113745
61115642
61117692
61118127
61116343
61133086
61117319
61118868
61117185
61134417
61134590
61135606
61118247
61120568
61119687
61118886
61137020
61137028
61122383
61121165
61120212
61120481
61122797
61122638
61123110
61121423
61123772
61123857
61139956
61122270
61124425
61122909
61125259
61125429
61125779
61125982
61125970
61127159
61127247
61127412
61129781
61129724
61128359
61128847
61129796
61128959
61129985
61131469
61131556
61129852
61148196
61132386
61132613
61132741
61132802
61131316
61131886
61131726
61150310
61134314
61132967
61134800
61133730
61150852
61135469
61134743
61152469
61135424
61135256
61151753
61136643
61136825
61136942
61138328
61139003
61139873
61138796
61139017
61157111
61157720
61139936
61158157
61137756
61140071
61156159
61140627
61140743
61139003
61158130
61157455
61141696
61140287
61159007
61142587
61142811
61143072
61143080
61141661
61142278
61142057
61144305
61144481
61145205
61143268
61145274
61143412
61162686
61146144
61148864
61149112
61147493
61166703
61150024
61150242
61149853
61167655
61167349
61150007
61151476
61149527
61149848
61152088
61152336
61151547
61152186
61170151
61153406
61153332
61152081
61153881
61153540
61172172
61155170
61153689
61153457
61172292
61156165
61156407
61173145
61154678
61155578
61155700
61155444
61155716
61177970
61178581
61177823
61160887
61163203
61163451
61162304
61163567
61162394
61163194
61164450
61162642
61162941
61163240
61164053
61166031
61166520
61184682
61165981
61167136
61167605
61165800
61186056
61166701
61168897
61167165
61168466
61167242
61169614
61168157
61169533
61187680
61170702
61169669
61188329
61173325
61172131
61171899
61191758
61192236
61175083
61173467
61175080
61193224
61193504
61174054
61176727
61176888
61195453
61175309
61177767
61178176
61177954
61176580
61178545
61196507
61176796
61179452
61179700
61179879
61179993
61179795
61198276
61198918
61181222
61181463
61181629
61181644
61180450
61184657
61203804
61203107
61184104
61186101
61185185
61184596
61205510
61187195
61187309
61185681
61206187
61186006
61188281
61188453
61206629
61189006
61189265
61208477
61187857
61190097
61190417
61189722
61189126
61190300
61189221
61210469
61210258
61189896
61192340
61192427
61192681
61193487
61191397
61192128
61212354
61195431
61196881
61197143
61197174
61195838
61197875
61196105
61216766
61197091
61198961
61199148
61197760
61197569
61218905
61198157
61200465
61200384
61198982
61199741
61199354
61199290
61201902
61202138
61201971
61221154
61202922
61203221
61203349
61203636
61223353
61223294
61202241
61205308
61204825
61202969
61227213
61227777
61206450
61207877
61206463
61228368
61227717
61228179
61209450
61209560
61208281
61210260
61230042
61229658
61209218
61211315
61209533
61211090
61210035
61231466
61210330
61212782
61213054
61211693
61212973
61233781
61233687
61214308
61214251
61213140
61214947
61213691
61235025
61215800
61215965
61218569
61218942
61238755
61218323
61219729
61219960
61219948
61218426
61220226
61222711
61222757
61222844
61221349
61223765
61223797
61224108
61243834
61224637
61224010
61224381
61245612
61225235
61224794
61225842
61224120
61246968
61247192
61226915
61225866
61226875
61226662
61227776
61227029
61227829
61248909
61228902
61230181
61252609
61252055
61230980
61232899
61233126
61233203
61233015
61232610
61234094
61232226
61254583
61233479
61234891
61235139
61233696
61255872
61234083
61235284
61234246
61257300
61257095
61234943
61237384
61237560
61237428
61236300
61236215
61238624
61238735
61237247
61238986
61237250
61237498
61261192
61263213
61263167
61241263
61243507
61243611
61243572
61243558
61244386
61242777
61242516
61265664
61265596
61243493
61243789
61266247
61266399
61244214
61244486
61246727
61246886
61246570
61245358
61247647
61247871
61247326
61268932
61270073
61247644
61249193
61249109
61249172
61270610
61249949
61250077
61249847
61274143
61274102
61252558
61253956
61254103
61275448
61253406
61254941
61254650
61276370
61255422
61253772
61277929
61278012
61254508
61256778
61256988
61255086
61278520
61257821
61256248
61257470
61279881
61258618
61257257
61257223
61258011
61258647
61257995
61258747
61281874
61260499
61259498
61260842
61277496
61262665
61262505
61264076
61266461
61267223
61289341
61267170
61267041
61265769
61290137
61268066
61268009
61266534
61267187
61269047
61268619
61267457
61267769
61268163
61268239
61270446
61270671
61268836
61270159
61271290
61270135
61293900
61272229
61270823
61272435
61294756
61272074
61271614
61272349
61273252
61296105
61274468
61274322
61273211
61299551
61278018
61278095
61278134
61277009
61277777
61302093
61279472
61277970
61302648
61280089
61280425
61280526
61279959
61302860
61281189
61279668
61303582
61281936
61280515
61304694
61282713
61282641
61305350
61283573
61283754
61307153
61306257
61282716
61284827
61284023
61284530
61285189
61285354
61287744
61310315
61288147
61289338
61314675
61289509
61290861
61289839
61315025
61315182
61291564
61293157
61293170
61293161
61293381
61292020
61294077
61292307
61293391
61294837
61293243
61293635
61295360
61293598
61296008
61295419
61296356
61296540
61295082
61320456
61295045
61297414
61296743
61296214
61297609
61322092
61298695
61298882
61322839
61324895
61325106
61300450
61300738
61302966
61303104
61302843
61327352
61303976
61302543
61304579
61302684
61305118
61303462
61303502
61329059
61304094
61306287
61304875
61305643
61306935
61305067
61307500
61306046
61331129
61308097
61308273
61306483
61332171
61306988
61309357
61309632
61307665
61333535
61308580
61310611
61312583
61337956
61336989
61314009
61312549
61312417
61339017
61339341
61338634
61313573
61315934
61315557
61339791
61316290
61316909
61315807
61317264
61315511
61316958
61315451
61342109
61341632
61318146
61318460
61343536
61342797
61318186
61317791
61317672
61344835
61344869
61318435
61320855
61321154
61319806
61349134
61324429
61324619
61349246
61348939
61324174
61325607
61325646
61325341
61351136
61324643
61325091
61351038
61325107
61327190
61351819
61327868
61328108
61326347
61326883
61328697
61328277
61327249
61353909
61354358
61327595
61329988
61328397
61355063
61355471
61329247
61331396
61330916
61356935
61356321
61331137
61335204
61334841
61360444
61360417
61334064
61336177
61334695
61362121
61336825
61335628
61337667
61337340
61362779
61337604
61336919
61336677
61336990
61364394
61363965
61338894
61338817
61365002
61365122
61338605
61339803
61341236
61341313
61341379
61341728
61340992
61342548
61340631
61367651
61343311
61342565
61341341
61343683
61345277
61372378
61347019
61347216
61347234
61346031
61347882
61373658
61348579
61348477
61348877
61374306
61349526
61350253
61349794
61347981
61350299
61350505
61350218
61376741
61348848
61348208
61347227
61348990
61347284
61375906
61349914
61349949
61350445
61375807
61351587
61351236
61349364
61377054
61350825
61352782
61381182
61380980
61355405
61355730
61354155
61382652
61356696
61357497
61357004
61385727
61385772
61358577
61359729
61358189
61386724
61358737
61360828
61387023
61361357
61359776
61359883
61387650
61362417
61362411
61360917
61363032
61389586
61363459
61361669
61362538
61363903
61362242
61364651
61363221
61364570
61365473
61368316
61366709
61368827
61395200
61369069
61368016
61368664
61369965
61396941
61370347
61370536
61368832
61368672
61371235
61397912
61397808
61370150
61372238
61372106
61370519
61370863
61373158
61373337
61373520
61373253
61371879
61374371
61374520
61373042
61401394
61373172
61373429
61402197
61374018
61375538
61376387
61374635
61378261
61379061
61380057
61378339
61407779
61380708
61380809
61381012
61381126
61408489
61381804
61381808
61381723
61380601
61382860
61383072
61381187
61383622
61381514
61410557
61383016
61384500
61384748
61384664
61383365
61384532
61385541
61383568
61384981
61385926
61386334
61384261
61413736
61387098
61386632
61414372
61414671
61390692
61390899
61389099
61419192
61418872
61392008
61390986
61391821
61390614
61420437
61420296
61392073
61392008
61391680
61421653
61394538
61392571
61392603
61422294
61395308
61394544
61393601
61423256
61396151
61394712
61395856
61394842
61396956
61395111
61425265
61425831
61398091
61397012
61397959
61396626
61427314
61401896
61401195
61400395
61401472
61401922
61401300
61402265
61403438
61401726
61401737
61402632
61404406
61421104
Peak: 62104078
Average: 58383499.43476256
