0
215699
256517
256548
256581
257482
257514
257522
257819
257682
257714
257770
257885
257810
257842
257874
257906
258002
258058
258066
258122
258154
258162
258194
258226
258322
258354
258386
258442
258450
258715
258514
258546
258666
258674
258730
258738
258794
258802
258834
258866
259018
259026
259058
259090
259122
259178
259186
259242
259250
259282
259314
259346
259474
259530
259538
259594
259626
259634
259690
259698
259730
259762
259794
259826
259954
260094
260018
260050
260082
260114
260146
260286
260210
260266
260298
260306
260466
260498
260530
260670
260701
260626
260682
260798
260746
260778
260810
260818
260850
260906
260914
260946
261214
261138
261170
261308
261234
261266
261406
261436
261362
261394
261659
261566
261598
261522
261554
261610
261884
261810
261950
261874
262014
261938
262203
262026
262034
262066
262098
262238
262268
262194
262226
262258
262290
262322
262587
262386
262578
262716
262750
262674
262706
262738
262876
262802
262940
262972
262898
263038
262962
262994
263026
263058
263198
263122
263154
263210
263410
263442
263474
263506
263538
263570
263708
263634
263666
263722
263836
263868
263900
263826
264091
263890
264028
263954
263986
264018
264074
264082
264114
264252
264508
264542
264572
264498
264636
264562
264618
264626
264658
264690
264722
264754
264892
264818
264850
264906
264938
264946
264978
265010
265042
265074
265106
265244
265170
265202
265340
265372
265660
265610
265618
265650
265682
265714
265979
265884
265918
265842
265980
266139
266044
265970
266108
266034
266066
266098
266363
266162
266194
266226
266282
266290
266322
266587
266386
266526
266450
266506
266538
266546
266890
266898
266930
266962
267100
267026
267166
267090
267230
267154
267186
267218
267250
267306
267420
267346
267378
267410
267442
267474
267506
267538
267570
267602
267634
267666
267698
267730
267762
267794
267826
267858
267890
267946
267954
267986
268338
268370
268402
268667
268466
268498
268530
268562
268594
268626
268658
268690
268722
268754
268786
268842
268850
268882
268914
268946
268978
269010
269042
269074
269106
269138
269170
269202
269234
269266
269298
269354
269362
269394
269426
269458
269490
269522
269554
269586
269970
270002
270034
270066
270098
270130
270162
270194
270226
270258
270290
270322
270354
270386
270418
270450
270482
270514
270546
270578
270610
270642
270674
270812
120700
Peak: 275714
Average: 262703.0538922156
