0
259705
553655
815397
1547190
2130108
2557523
2987939
3490978
3855167
4340301
5207590
5384572
5731090
6185873
6674805
7117680
7362867
7762635
8323887
8741566
9021022
9340175
9571280
9908132
10664498
11004998
11607946
12412985
12721292
13053906
13525817
14059209
14553902
15110103
15632677
15970704
16287734
16509911
16642747
16708371
17055170
17220297
17509042
17896432
18047620
18272186
19571340
19393520
19577657
19677902
19680574
19916998
20106776
20254370
20423484
20804605
21349897
21734342
22145328
22627266
23230603
23496234
23948119
24262558
24421994
24584863
24729692
24928786
25098672
25444308
25817737
26117199
26613414
26876687
27511830
28069972
28858195
29592881
29907008
29913240
29915272
29913807
29931747
29943798
30247509
30780320
31281800
31544554
31807233
31949883
32299702
32337967
32418853
32477019
32577742
32611095
32949789
33202500
33752624
33837129
34336629
34456692
34631699
34677461
34649669
34731436
35036025
35145221
35752672
35855081
36183194
36743880
36815133
37070401
37759743
37975933
38370523
38370263
38370372
38370553
38233791
38685038
38884374
39066955
39128812
43093949
43186541
43481638
43479034
44076282
44152498
44210353
44233830
44307816
44356359
44423346
44464402
44516963
44561931
44637892
44694548
44870906
45112736
45189922
45632719
45837688
46093273
46682394
46833246
46866916
47050385
47121223
47189696
47391373
47478860
47574767
47655248
47981337
48106166
48348678
48551425
48784997
49390356
49450704
49451886
49468788
49380319
49517829
49599316
49728541
49921575
50166457
50257759
50345515
50370891
50396315
50423295
50501396
50500632
50719489
50774315
50864241
51076719
51432833
51544411
51846223
52103583
52502584
52549680
52915428
52946240
53700553
54317096
54521411
54592259
54674751
54663855
54722043
54865706
54967902
55026410
55101530
55538941
55837925
55951245
56038519
56445322
56913520
56976086
57355555
57456810
58519254
57725719
57999782
58128907
58171536
58234623
58563443
58571045
58446591
58573063
58910380
59655207
59852313
59955129
60036225
60083809
60288693
60325484
60899351
61830792
60892007
60936972
60729201
60730516
60734798
60737666
60739114
60741549
60743959
60745740
60748521
60750201
60749939
60750413
60753814
60755426
60756669
60757703
60761555
60761222
60761848
60764096
60764948
60765443
60765138
60766784
60767967
60769633
60768786
60771448
60770969
60771863
60772503
60773841
60774601
60775742
60776230
60777922
60779810
60780275
60780907
60781460
60781546
60782854
60783743
60784272
60785045
60784383
60785667
60786198
60786583
60789156
60790260
60790970
60792437
60794348
60795054
60795507
60795606
60797023
60797512
60798788
60799418
60798944
60799892
60800519
60802055
60801407
60807183
60804875
60807851
60808153
60808083
60807293
60810111
60809250
60810421
60810937
60812483
60814236
60814066
60814544
60814991
60814628
60815124
60817812
60819070
60818668
60820868
60819926
60821938
60822272
60822478
60824473
60821995
60823936
60824365
60824539
60823863
60823691
60826293
60826637
60826914
60828892
60830811
60829325
60833227
60831881
60832252
60832676
60832028
60833759
60832526
60832651
60834863
60835274
60837688
60835640
60836258
60836541
60838814
60842884
60840711
60839631
60841661
60840791
60841285
60842683
60843111
60845936
60843892
60843634
60844621
60843776
60844202
60848564
60844731
60846391
60849432
60849689
60850609
60853592
60851151
60851710
60850984
60851243
60851556
60855937
60852196
60852378
60852427
60854897
60853793
60854235
60859221
60854189
60857772
60857487
60858770
60863834
60858981
60861238
60861615
60861032
60862332
60866379
60861955
60863738
60863933
60864601
60865154
60864346
60866286
60873247
60868329
60869959
60870280
60869776
60869741
60871459
60869302
60869810
60871875
60877045
60872007
60873660
60873966
60872994
60874955
60873284
60875582
60878523
60877378
60878154
60879820
60880189
60878846
60880870
60879092
60879477
60880839
60887271
60882818
60882025
60888304
60884080
60883788
60882872
60884703
60890540
60888477
60888799
60888196
60889982
60889310
60889575
60890152
60897191
60892390
60892205
60898617
60893969
60892799
60893947
60893167
60894559
60894882
60896899
60898933
60905821
60900921
60899851
60902063
60901119
60902058
60902929
60909218
60903954
60903246
60910611
60905320
60905099
60905326
60906537
60905395
60907384
60909728
60909192
60909663
60917309
60911578
60912189
60912546
60918611
60911806
60913538
60919857
60912497
60914623
60913829
60915194
60916049
60915220
60916497
60919683
60919952
60919335
60920638
60919091
60921411
60921039
60929034
60921128
60922721
60922488
60923674
60924212
60922951
60925091
60924140
60932701
60926257
60928746
60936150
60928367
60928336
60928804
60929666
60938200
60930706
60932658
60931967
60940569
60933678
60933758
60933227
60934914
60935067
60935677
60943281
60935616
60939127
60939228
60940024
60940519
60940410
60940837
60948569
60941207
60940741
60942115
60941409
60941715
60942602
60943524
60942630
60944362
60944699
60952598
60945666
60945530
60944283
60956859
60947155
60949532
60948406
60950319
60949791
60958987
60951447
60950797
60960622
60952698
60951579
60953448
60952661
60954139
60962715
60954752
60953883
60956438
60957718
60957942
60958845
60959749
60958535
60958739
60960108
60960692
60960204
60961102
60961648
60961328
60962109
60961218
60962199
60963357
60963749
60972456
60963059
60973635
60968136
60968680
60968265
60967929
60978580
60968797
60970470
60969049
60971226
60971293
60971843
60971895
60970365
60972761
60982768
60974064
60972839
60972786
60973709
60976238
60977434
60978582
60978909
60977511
60978472
60979602
60979151
60980825
60980987
60981495
60980841
60980617
60981489
60983177
60993074
60982614
60984202
60994659
60987571
60986856
60988430
60987572
60987042
60988311
60988487
60988759
61000788
60989523
61001751
60990273
61002356
60992576
60992896
60992851
60993556
60993825
60993889
60996924
61007864
60996976
61008821
60998460
60997138
60999268
60997962
60999825
61000066
60998950
61000910
60999336
61001697
61013155
61002410
61013910
61003147
61003467
61004951
61006624
61018274
61007374
61019650
61008794
61020347
61009431
61021284
61010405
61009278
61011090
61009898
61011157
61010532
61012635
61024632
61013405
61014470
61016658
61017244
61017568
61018354
61017207
61030332
61019208
61018349
61017703
61018894
61018528
61020802
61021494
61021897
61021488
61020453
61021623
61021169
61025930
61025008
61027061
61027371
61027820
61028116
61028457
61028954
61041402
61029542
61029478
61030095
61030103
61029003
61031054
61030077
61032230
61030525
61031514
61033637
61034876
61034393
61035512
61049833
61037970
61050614
61038379
61036680
61036726
61039096
61039471
61052990
61040367
61039202
61041079
61039227
61039577
61044742
61043936
61045478
61045830
61044306
61046276
61045656
61046068
61047752
61061387
61048581
61049037
61062444
61049719
61049045
61063729
61050755
61050026
61068762
61055456
61054553
61054532
61054854
61055043
61057082
61057260
61057889
61057030
61072403
61058989
61058233
61073737
61059300
61058998
61059363
61059854
61075575
61064614
61063546
61063410
61064114
61064849
61080667
61066962
61066049
61065642
61082208
61067218
61066520
61068364
61068755
61084088
61070162
61069433
61085702
61074012
61073132
61073075
61073488
61075467
61074966
61074458
61076606
61076703
61075271
61077815
61092690
61093353
61078314
61079257
61078179
61094941
61080187
61083478
61082082
61083966
61082868
61083399
61085352
61085545
61085855
61085027
61086504
61086898
61085429
61087727
61088488
61086619
61089000
61088824
61105523
61092895
61092593
61109265
61094112
61093369
61110597
61095110
61094418
61111739
61094555
61096913
61097305
61095744
61097819
61097982
61098376
61097677
61117966
61102183
61102151
61119214
61103438
61102592
61103124
61104680
61104923
61103823
61107274
61107101
61106347
61107866
61106744
61108731
61107714
61126181
61111228
61111712
61111956
61130240
61114053
61114224
61131448
61114310
61113839
61113925
61115906
61116300
61114930
61117034
61117198
61117988
61118321
61117101
61119088
61120800
61139568
61122814
61123297
61122665
61123809
61124101
61123410
61125353
61125078
61123567
61124604
61144030
61126810
61125975
61145337
61125913
61128168
61131014
61131522
61130609
61130359
61132575
61133149
61133620
61151972
61134439
61133830
61133372
61134247
61153743
61135462
61136452
61134653
61135994
61135542
61136911
61139855
61141456
61160130
61142083
61142642
61141854
61143345
61143509
61144271
61143333
61163504
61145381
61144422
61144430
61144483
61146535
61165610
61147373
61149713
61148592
61151091
61151319
61150607
61152135
61152313
61151745
61153861
61152320
61153994
61153384
61154056
61155595
61155345
61156121
61155108
61176042
61159759
61158972
61158630
61158893
61159984
61180755
61161892
61161297
61160821
61163646
61163350
61162317
61164985
61185208
61165894
61165417
61166481
61166923
61167246
61170562
61169522
61190984
61171707
61170965
61172188
61172565
61172844
61173476
61172589
61172887
61174744
61173861
61195487
61175869
61175033
61176206
61175026
61178699
61178333
61180597
61179714
61201345
61181055
61182345
61181086
61182683
61183111
61203796
61182747
61184506
61183033
61185085
61184195
61206532
61186178
61188478
61210268
61189871
61189848
61188721
61191276
61191302
61190569
61192299
61191061
61193243
61192182
61214876
61194206
61215126
61193007
61195059
61216658
61198631
61199034
61197297
61199655
61198955
61200656
61222116
61201414
61201489
61202121
61201009
61224244
61201320
61202182
61201765
61204104
61204202
61204899
61206714
61230067
61208674
61208291
61207678
61208462
61232112
61210538
61209906
61233300
61211708
61211214
61211423
61212851
61213052
61212237
61213070
61214186
61236783
61217598
61216477
61217100
61218483
61219017
61241618
61220163
61218533
61220691
61221174
61220110
61220330
61244740
61222335
61245351
61223058
61223698
61246493
61222907
61226360
61227444
61226130
61228264
61228753
61227099
61229217
61228082
61230199
61229384
61253982
61232379
61232110
61231622
61233459
61233609
61234255
61234640
61235423
61237567
61238250
61237305
61237251
61262883
61239046
61240220
61239108
61264345
61241211
61240544
61239922
61241171
61266172
61243028
61243673
61241947
61246763
61245553
61247553
61246766
61272132
61247023
61247411
61249414
61249536
61250226
61249343
61274996
61251316
61264901
61266802
61291771
61268354
61293317
61269341
61271449
61271230
61273516
61298150
61273592
61274540
61275297
61274489
61300589
61276492
61277225
61276797
61275543
61278234
61276196
61278607
61277751
61277844
61282587
61282724
61283421
61283453
61284207
61282950
61284861
61310210
61285570
61310959
61286333
61312032
61287068
61312358
61287691
61313392
61287688
61287411
61289412
61288416
61292777
61293145
61293205
61291975
61293875
61320184
61320256
61293699
61293875
61296022
61294805
61295090
61295438
61296018
61297561
61323926
61298348
61296965
61297463
61298438
61302503
61303074
61303286
61303552
61303916
61330443
61304468
61303906
61305235
61303848
61304838
61332689
61307150
61307199
61306659
61308156
61334788
61307442
61335578
61312131
61310915
61311211
61312069
61340097
61313350
61314321
61313566
61313835
61315543
61314677
61314181
61316678
61343518
61316013
61317591
61317216
61317223
61317348
61321734
61322232
61322597
61322215
61322817
61323710
61352340
61324310
61353014
61326448
61325118
61327177
61327578
61327902
61328048
61356022
61328924
61328987
61329926
61332970
61360407
61331794
61361240
61334005
61361823
61334693
61333907
61335325
61363336
61334808
61364005
61336912
61335822
61365133
61337554
61330450
61358971
61330705
61334293
61335062
61334100
61363484
61336015
61334727
61336727
61337241
61335852
61336580
61366269
61336851
61367007
61338011
61338322
61339743
61338134
61339545
61338949
61343943
61373165
61344760
61345330
61345668
61344565
61346149
61346577
61346306
61346855
61346129
61347935
61377308
61348711
61378299
61348992
61348561
61350466
61352748
61352402
61352650
61352384
61354614
61353961
61353858
61354710
61354190
61356500
61355328
61357098
61357634
61387499
61358410
61358459
61359125
61358282
61357690
61361342
61392800
61363563
61362052
61364145
61364516
61364632
61364904
61394699
61364295
61365740
61364372
61366147
61396280
61365023
61367479
61367993
61368222
61367263
61367778
61370360
61372524
61371395
61373076
61373366
61372646
61373630
61373271
61405448
61374234
61376161
61376505
61376685
61374796
61377198
61377181
61376468
61380219
61411319
61379060
61381146
61380501
61381033
61379977
61380149
61380997
61411813
61379402
61379458
61379836
61381572
61381699
61381428
61380208
61380841
61381300
61412043
61381563
61379497
61381586
61380271
61381119
61411927
61411968
61380333
61381534
61381509
61380351
61379225
61380628
61381434
61382947
61382802
61381719
61381863
61381322
61382954
61413401
61383096
61381626
61383310
61383042
61413553
61382608
61413854
61381375
61383519
61383011
61383258
61382183
61383318
61413788
61413478
61383531
61381845
61383376
61383418
61382154
61382722
61381211
61382103
61414082
61382478
61382463
61383821
61384073
61382500
61383557
61414276
61381855
61382381
61382252
61384015
61383825
61382948
61383676
61414288
61414550
61382086
61384186
61384026
61383943
61382918
61383176
61382697
61414738
61386117
61414825
61382332
61384154
61383095
61383996
61383441
61383612
61383038
61384172
61382664
61383025
61384895
61384790
61384693
61384778
61384785
61415340
61382932
61383402
61385192
61384934
61383399
61384654
61383738
61385116
61385028
61384979
61383872
61385393
61383411
61383529
61385462
61385300
61384966
61385463
61385460
61385213
61383896
61384336
61385259
61385644
61385556
61385531
61384376
61385771
61415882
61383832
61385311
61385750
61385419
61384597
61384285
61385633
61416508
61386017
61386021
61386013
61384909
61385037
61416626
61384842
61416453
61386246
61386277
61386102
61384923
61386399
61416772
61416554
61416662
61386303
61385722
61384516
61386249
61385050
61384746
61386279
61385190
61416720
61384567
61386608
61386544
61386468
61386674
61385451
61384999
61385446
61416879
61384708
61386677
61386642
61385726
61387066
61417316
61417103
61385768
61387000
61386813
61386805
61385749
61385110
61386571
61417203
61387142
61387123
61387161
61387034
61385858
61386542
61385810
61417538
61386341
61385079
61386925
61385760
61386824
61385239
61417599
61417233
61385801
61387125
61386376
61387187
61388749
61387669
61388383
61419087
61387477
61388708
61389069
61388382
61387474
61388223
61387242
61419464
61388197
61387175
61387474
61388969
61387877
61387395
61388969
61388832
61387828
61389309
61419524
61387217
61389395
61389221
61387755
61388415
61387458
61387293
61389062
61419704
61387922
61389504
61389770
61389343
61388086
61389544
61388770
61389594
61388990
61388029
61388503
61389827
61390068
61388766
61389593
61388564
61389658
61388138
61390074
61420466
61388024
61390127
61389998
61390000
61388982
61390005
61389195
61388682
61388187
61390416
61390338
61390211
61389244
61390208
61420988
61388383
61390445
61390268
61389237
61420240
61389004
61388110
61389054
61421046
61388333
61390364
61390543
61390418
61390447
61390782
61421109
61390700
61389148
61389416
61389639
61421081
61389502
61389931
61390706
61390152
61389327
61388988
61389626
61391005
61391081
61390898
61389982
61390174
61421825
61389026
61389610
61391434
61391026
61390059
61390944
61390028
61391614
61421764
61421596
61389520
61391462
61421560
61391489
61391493
61390108
61389615
61391481
61391208
61391600
61390510
61391943
61390087
61391618
61422427
61389949
61392035
61391947
61390745
61392157
61422473
61389991
61392186
61390612
61422294
61392114
61390731
61391044
61391922
61422677
61391471
61392275
61390960
61392199
61392015
61390507
61392429
61391370
61392782
61423007
61392676
61391296
61391001
61392837
61391443
61423206
61392724
61390851
61392553
61392290
61392733
61391164
61390881
61390929
61391811
61392766
61390735
61392851
61392757
61391626
61391818
61391968
61423396
61423164
61391587
61393103
61392965
61392384
61392991
61423580
61391437
61393367
61423762
61392532
61393357
61391502
61391801
61393467
61393305
61392348
61392366
61424047
61424137
61391782
61392182
61393804
61393672
61392432
61392519
61392405
61392200
61392627
61393947
61394384
61395889
61394070
61426198
61394275
61395597
61394576
61395316
61395974
61394970
61394306
61394856
61396354
61396055
61395003
61395231
61395336
61426459
61394126
61396298
61396189
61396103
61395102
61396434
61394442
61394132
61396460
61394356
61396507
61396441
61395221
61395666
61396074
61426926
61394344
61396447
61396302
61395209
61396607
61394967
61395034
61396670
61396494
61395424
61396668
61394840
61395298
61394965
61396732
61394642
61395284
61396971
61397161
61395623
61397154
61397893
61397247
61398290
61428908
61397428
61398711
61398580
61397626
61398802
61429197
61397947
61429385
61399114
61399239
61397838
61399028
61397383
61399537
61399603
61398288
61399673
61397991
61429824
61399599
61399454
61398299
61399483
61398530
61430126
61397552
61399706
61399693
61398361
61399679
61399170
61398288
61430185
61397948
61400006
61398314
61400375
61398817
61398580
61430412
61400246
61400162
61399021
61400522
61430729
61399226
61400595
61400371
61399714
61430772
61399966
61399223
61398856
61400650
61430725
61400448
61400802
61399363
61400266
61430976
61399288
61400492
61399109
61399547
61398824
61398896
61398708
61400831
61401145
61399566
61400720
61400928
61430916
61400757
61431402
61400854
61399755
61398555
61400763
61398673
61431375
61431129
61401133
61399907
61400776
61431274
61399775
61399848
61401166
61399987
61400931
61431517
61400015
61431465
61399746
61401252
61401343
61400065
61401074
61400217
61431856
61400293
61401654
61401584
61400968
61432117
61399711
61432352
61402038
61432105
61400861
61432343
61400733
61400528
61402140
61401924
61400906
61401757
61432601
61400617
61402000
61402590
61402445
61401413
61402350
61433094
61401851
61402601
61402507
61401526
61402484
61401894
61401046
61401836
61400915
61402994
61403122
61401735
61403026
61401690
61433205
61401624
61402865
61401434
61402759
61401765
61433272
61403054
61403089
61402930
61403261
61401117
61402125
61401820
61402908
61433616
61401120
61403260
61403273
61402043
61401742
61433741
61403551
61403510
61402236
61403571
61403271
61433793
61401929
61405686
61404573
61404526
61436252
61405457
61405833
61405777
61404861
61403814
61404939
61406343
61405838
61405079
61404405
61436424
61436100
61406175
61436148
61405893
61404948
61405768
61436240
61404477
61406292
61406024
61404991
61406514
61406333
61406239
61404835
61405933
61406135
61404177
61406402
61406475
61405129
61406247
61436895
61404656
61404650
61405784
61406561
61406365
61406506
61406712
61436980
61406822
61406785
61406446
61436906
61406415
61404584
61406696
61406688
61405640
61436988
61407009
61406847
61405593
61405284
61406138
61404842
61406647
61405701
61405405
61405107
61404902
61407118
61406923
61405578
61406652
61437386
61404988
61406601
61407010
61406889
61406222
61405265
61405138
61406897
61407139
61406620
61406925
61437544
61405550
61437814
61407424
61407333
61406350
61405806
61405505
61407573
61407630
61407413
61406500
61407871
61437886
61407019
61405518
61407502
61406657
61438209
61437896
61407797
61407651
61407919
61406921
61438181
61438265
61408005
61406427
61407228
61438487
61407245
61408097
61406788
61408365
61408086
61438354
61406060
61408289
61408327
61407327
61439028
61406369
61408295
61408517
61407346
61438924
61408648
61408467
61407115
61407127
61406764
61438838
61408596
61408803
61408388
61407745
61438726
61406865
61408560
61408350
61407772
61439163
61407283
61406679
61408734
61407648
61408472
61439080
61406832
61408942
61408792
61407710
61409105
61406991
61407804
61407726
61407935
61407471
61408696
61439152
61409119
61408327
61407771
61408670
61407521
61406986
61408516
61409266
61408386
61409190
61440035
61439861
61409499
61409241
61409450
61439712
61409524
61409320
61408206
61409297
61439806
61409561
61409456
61409533
61408589
61439922
61408456
61407429
61409435
61409503
61408813
61440221
61407728
61408107
61409596
61409664
61408697
61408595
61408330
61408783
61409427
61408436
61409555
61408412
61407684
61409811
61409726
61408777
61409789
61408936
61408581
61409889
61409069
61409888
61440411
61410198
61408600
61410035
61410348
61440628
61410441
61410169
61410316
61440821
61408862
61410407
61410334
61409398
61408771
61410206
61408629
61410568
61410404
61409847
61440788
61409215
61408866
61410551
61410546
61410538
61410872
61441222
61410998
61410736
61410748
61409729
61409162
61441202
61409348
61410065
61410959
61409684
61409805
61411497
61443585
61413408
61413532
61413523
61412297
61413353
61443989
61412187
61412286
61413093
61412278
61413177
61411607
61444038
61413657
61413464
61412619
61444222
61411642
61413581
61412333
61443997
61413689
61413793
61413672
61413653
61412045
61412125
61412487
61413005
61412431
61413714
61444389
61412242
61413875
61412474
61413353
61414039
61412276
61414138
61412751
61413982
61444405
61412486
61414273
61414002
61413611
61412590
61444493
61414433
61414318
61413109
61414181
61413956
61412304
61414499
61444853
61413755
61414417
61444599
61413175
61414540
61444732
61412995
61412991
61414442
61413469
61414491
61445080
61414785
61414721
61414809
61414043
61414586
61414463
61412869
61415009
61414858
61414812
61415071
61445306
61415043
61414942
61415081
61414253
61445406
61415090
61415162
61414155
61415004
61415271
61413958
61445517
61415300
61415175
61414026
61445799
61413133
61415462
61413426
61414725
61415457
61446013
61415702
61414366
61445905
61414332
61413647
61415595
61415901
61414777
61446269
61414250
61415887
61416006
61414907
61415865
61413939
61414848
61415985
61446709
61416123
61416468
61416289
61415632
61416298
61414615
61416480
61414936
61415119
61446734
61416320
61416499
61415170
61416335
61416314
61414625
61416865
61417056
61449060
61418814
61417620
61419194
61418764
61417057
61419222
61419050
61418069
61449698
61419192
61419155
61418080
61419017
61449542
61449687
61419564
61418287
61419230
61449829
61419670
61419490
61419552
61450215
61419886
61419597
61418394
61419804
61450196
61419957
61419641
61419070
61450158
61418967
61418734
61450340
61418732
61450351
61420064
61420151
61420033
61419199
61450658
61418521
61418343
61420292
61450621
61419739
61450720
61418787
61420471
61419259
61420230
61418555
61420671
61420499
61420755
61451254
61418718
61420813
61419547
61419091
61418814
61420884
61420817
61420276
61451406
61419693
61420867
61420278
61451315
61420937
61420627
61418995
61451473
61419838
61451690
61421317
61419420
61420088
61421159
61420084
61421193
61420070
61421575
61421342
61421553
61451867
61419526
61421543
61451839
61419971
61421793
61452156
61420834
61452136
61421723
61421578
61421909
61420061
61452242
61422033
61421936
61421419
61420561
61420083
61422151
61420546
61420770
61420663
61420603
61422110
61421363
61420195
61422401
61421032
61422598
61421365
61452967
61422413
61422370
61421700
61452783
61420888
61422476
61421254
61422445
61422408
61452893
61422726
61421421
61421069
61420870
61422310
61422764
61421531
61420501
61422636
61424639
61453372
61422962
61421705
61422622
61453332
61423192
61420987
61422969
61423131
61424467
61456258
61425982
61424757
61424465
61424239
61424061
61426088
61425981
61424911
61456290
61426131
61426136
61425970
61424370
61425777
61425967
61426146
61456499
61426176
61426432
61424109
61456655
61426226
61426539
61425103
61424548
61456465
61426193
61424239
61426253
61424750
61426021
61456656
61426387
61426330
61425087
61456861
61426296
61426358
61425047
61426141
61424346
61426534
61426311
61426445
61457168
61426327
61426622
61426376
61424551
61426595
61425386
61424775
61457082
61426603
61426704
61425141
61424813
61426926
61426652
61426655
61424743
61426931
61426950
61426051
61457764
61427209
61427134
61427021
61425949
61457568
61425077
61426461
61427290
61426153
61426923
61457684
61426140
61427570
61427575
61426543
61458156
61427656
61427616
61427762
61426532
61425519
61427532
61426703
61427955
61426767
61426148
61426018
61428008
61427863
61427794
61458327
61427989
61428103
61427007
61458575
61428140
61428111
61427053
61426559
61429770
61427667
61426736
61458606
61426923
61458633
61428282
61428344
61427136
61426651
61458847
61428442
61426223
61427029
61428209
61427036
61458791
61428371
61427255
61458698
61428491
61426616
61426903
61428587
61459178
61428819
61428909
61427656
61427238
61426982
61429050
61427643
61427021
61428422
61428645
61429171
61459723
61429538
61429337
61428289
61429379
61459937
61429548
61428366
61429715
61459976
61429878
61460066
61428401
61428089
61428805
61429945
61429831
61460421
61430144
61429801
61429438
61460418
61428859
61430112
61428638
61460572
61430190
61430016
61428992
61429843
61428129
61428562
61430379
61430459
61429102
61428658
61429195
61430399
61430445
61430968
61428418
61430451
61429215
61428797
61430094
61430348
61428525
61428941
61428613
61429317
61428998
61430491
61429371
61429001
61429883
61429949
61430941
61429678
61461468
61430979
61429219
61430790
61430083
61461265
61430421
61430908
61429552
61461401
61461296
61431114
61430720
61429749
61429597
61428714
61430734
61428856
61429841
61461537
61431128
61430988
61429445
61431268
61429124
61431384
61461401
61429938
61431133
61431228
61430348
61461817
61431557
61431524
61431491
61429808
61429467
61431604
61430230
61431345
61461929
61431738
61431620
61430654
61462065
61431725
61431668
61430749
61429983
61429655
61431765
61431596
61430673
61461956
61431725
61431572
61430964
61462044
61431720
61431702
61431587
61431320
61462175
61431917
61431902
61430689
61462156
61431901
61430353
61431705
61462161
61432077
61431908
61431945
61462169
61430646
61431742
61431858
61462272
61431967
61431808
61431872
61430332
61429874
61430678
61432297
61430793
61462268
61431598
61432028
61430801
61432050
61430538
61432297
61432026
61432309
61462341
61432284
61432040
61431053
61430509
61430109
61432273
61431999
61431354
61462386
61432302
61432272
61431242
61430578
61430298
61432493
61432297
61431756
61463032
61430764
61432315
61432214
61432542
61430334
61432497
61431197
61430680
61432409
61435282
61435471
61434036
61465839
61435488
61466100
61435794
61465860
61435807
61436206
61435217
61466335
61433885
61436029
61435809
61436007
61433900
61466207
61435758
61434918
61466633
61434472
61433932
61436014
61435836
61434273
61436078
61435081
61436069
61466606
61436443
61435231
61434503
61466641
61434851
61436534
61435449
61434844
61435862
61436717
61436456
61466545
61436232
61435084
61436937
61435602
61467305
61436909
61436863
61435721
61435228
61434849
61436925
61435486
61436663
61467322
61437179
61436826
61435887
61435335
61434956
61437148
61435741
61436974
61467377
61437194
61435779
61436788
61435177
61437132
61467599
61436771
61435016
61437279
61437042
61436112
61467503
61435033
61437149
61435910
61437291
61467858
61437328
61437415
61467699
61436542
61467640
61436067
61435457
61437450
61436597
61468411
61437731
61437731
61437672
61437799
61435583
61437675
61436278
61437284
61437792
61436415
61437488
61439512
61436058
61438060
61437816
61436709
61437707
61436083
61437967
61436607
61468494
61436397
61437917
61437367
61468493
61436591
61438097
61438051
61438280
61468782
61437065
61438288
61437048
61438015
61436305
61438172
61437083
61437982
61468617
61436352
61438618
61437204
61438272
61436528
61436759
61438482
61437149
61438322
61468802
61436984
61438836
61439118
61438827
61437524
61436695
61438688
61437473
61436908
61436734
61438871
61437593
61436580
61438436
61436812
61439075
61437804
61439504
61471186
61441053
61440887
61440926
61441295
61438990
61441085
61439849
61439534
61440073
61441175
61440055
61439575
61439451
61439990
61440533
61441401
61441422
61471729
61441370
61441187
61440104
61439461
61471504
61441417
61439893
61441101
61471653
61441374
61471551
61441333
61441315
61439585
61441503
61441361
61440404
61440808
61439314
61441355
61440242
61439448
61441670
61440809
61472207
61439921
61441444
61440236
61439700
61439977
61441587
61441711
61440677
61439804
61440330
61439842
61441541
61439974
61439865
61441868
61440590
61440163
61439941
61441948
61441867
61440923
61443692
61472407
61442169
61441901
61442058
61472187
61442084
61440317
61441958
61440302
61441225
61441611
61440913
61440266
61439996
61442153
61442028
61441420
61472499
61440321
61442277
61440955
61441800
61472537
61440327
61472715
61442226
61441110
61472856
61442404
61442254
61442331
61441613
61472970
61441165
61442380
61441280
61440941
61440511
61442675
61442554
61442362
61440652
61442612
61442756
61442130
61473300
61442026
61442987
61442873
61442548
61473284
61473547
61441376
61443159
61443051
61441952
61441483
61442304
61473506
61443100
61441379
61441435
61473407
61443377
61443312
61473514
61443278
61441743
61442844
61441223
61443264
61441893
61473432
61443417
61443197
61443354
61473605
61443398
61443584
61442146
61441653
61473599
61443483
61443912
61443771
61473701
61443620
61443370
61442730
61442240
61442638
61443568
61442134
61443225
61441505
61443519
61443527
61442761
61443414
61441566
61443644
61443062
61441871
61443715
61443700
61444054
61474035
61442651
61474252
61443914
61442445
61443632
61441956
61444011
61444125
61442793
61443713
61474233
61444270
61444111
61443509
61474775
61442986
61444173
61443084
61443905
61474604
61444397
61444381
61443275
61475169
61444580
61443812
61443355
61444631
61442942
61444617
61444512
61444017
61478625
61446062
61448007
61446816
61446810
61478618
61448214
61448314
61478812
61447997
61446274
61447699
61447092
61446449
61446370
61448237
61448120
61448188
61478797
61448724
61448507
61447724
61478999
61447056
61448750
61448602
61448810
61447411
61447924
61448870
61447620
61448839
61449024
61447572
61447223
61446898
61448963
61447754
61447354
61447071
61449114
61449215
61448830
61447785
61449431
61448068
61447524
61449328
61449121
61449243
61449027
61479805
61479793
61449383
61448486
61479949
61449534
61449851
61449628
61479857
61447513
61449557
61448393
61449483
61447926
61449761
61480046
61449601
61448141
61449972
61449819
61450004
61480235
61449241
61448720
61448638
61450005
61450261
61480416
61448537
61450183
61450295
61450117
61448801
61448374
61449181
61448828
61449316
61450578
61449434
61448743
61448613
61480756
61450444
61448767
61450442
61449065
61450705
61450896
61481221
61481014
61451253
61448996
61449189
61449876
61449364
61481370
61450915
61450789
61451220
61481222
61451108
61451126
61450340
61481749
61451198
61451087
61450987
61481491
61451221
61451383
61450570
61481361
61451253
61449849
61451294
61449145
61451159
61450087
61450959
61450575
61450145
61481726
61449814
61451330
61450534
61481930
61451440
61449820
61451296
61450973
61481659
61451350
61451358
61450790
61481629
61451416
61450117
61451020
61449372
61451467
61450132
61481861
61450151
61451229
61450103
61451359
61481794
61451395
61450773
61449666
61449485
61451454
61450221
61449434
61481959
61450344
61451477
61451595
61451373
61450466
61451756
61450640
61482416
61451923
61451580
61451644
61449991
61451076
61451044
61451800
61450629
61482021
61451964
61450437
61451603
61449819
61452004
61450959
61451761
61482614
61452309
61450659
61452035
61451961
61451088
61482563
61452195
61452057
61451153
61452317
61451569
61482676
61450954
61452425
61451078
61452094
61450354
61452545
61482900
61451279
61450430
61452444
61451235
61482817
61451774
61452538
61451476
61450857
61451433
61452714
61451361
61452377
61452827
61451262
61452929
61451641
61483060
61451966
61451545
61483466
61453189
61453468
61453163
61483342
61483285
61451906
61483453
61453142
61453072
61452123
61483544
61453198
61453136
61483523
61453349
61451932
61451542
61451745
61453309
61451995
61451907
61483771
61453346
61451811
61453229
61452501
61453281
61453398
61483801
61483475
61451970
61484017
61451529
61452863
61483822
61453805
61453430
61453763
61452215
61453728
61453743
61453579
61483920
61453403
61453884
61454187
61452686
61484174
61452270
61453907
61452848
61452400
61453244
61454038
61453324
61484354
61452615
61454145
61452807
61484550
61452854
61454205
61453020
61453951
61452231
61454293
61453153
61452740
61452450
61452771
61454309
61453209
61453119
61452887
61454506
61454916
61484815
61454524
61453365
61452868
61454741
61454425
61453717
61452427
61454444
61484786
61453312
61453706
61453878
61453274
61452931
61453362
61454597
61453289
61485175
61452996
61454921
61454559
61454283
61454626
61453692
61454644
61485130
61454950
61454356
61485278
61453625
61455250
61453825
61453514
61455239
61455038
61455547
61454829
61454168
61455307
61454529
61453409
61455333
61454316
61485822
61455278
61454059
61485799
61455393
61455309
61454011
61454565
61455189
61453901
61453579
61455248
61455473
61454102
61453856
61455456
61453581
61455892
61454950
61453479
61455581
61454393
61454477
61453429
61455483
61454332
61453788
61453382
61455474
61454433
61453844
61454524
61455698
61454492
61455697
61453908
61454201
61455777
61453953
61456025
61456121
61454028
61455980
61455928
61486705
61454704
61456491
61456572
61455295
61456627
61456485
61456245
61456627
61454493
61455894
61454669
61456881
61456058
61456410
61487199
61457080
61490950
61460632
61458599
61460378
61490715
61460294
61460431
61459384
61490777
61460610
61460317
61459302
61490824
61460745
61460236
61459387
61491017
61459291
61490974
61460780
61458851
61460582
61458772
61460911
61459565
61491140
61460962
61459696
61460763
61460831
61461029
61460179
61491367
61460984
61459751
61491379
61461196
61461165
61460791
61459067
61460422
61460484
61491337
61461390
61469465
61493424
61462982
61461700
61461415
61461183
61463254
61461993
61463276
61461740
61463562
61463345
61463505
61493812
61461562
61463144
61462109
61493875
61463447
61463449
61462507
61493926
61461470
61463640
61463537
61462969
61494076
61463741
61463524
61462881
61493985
61463530
61463915
61462631
61462022
61461769
61462449
61463114
61462681
61462164
61463719
61464021
61463852
61462868
61494385
61464203
61463855
61462513
61462617
61494324
61464117
61462857
61462370
61462231
61464083
61494532
61463817
61494494
61462875
61464319
61464177
61464338
61462649
61462828
61464437
61463225
61464339
61494819
61464508
61463032
61462440
61464535
61462888
61463526
61495118
61464735
61464614
61464753
61494903
61464691
61462858
61463522
61463176
61464085
61464858
61463769
61463215
61462918
61462858
61464719
61464944
61465282
61464315
61465246
61464003
61463618
61463212
61465277
61465190
61464357
61495448
61465177
61465087
61465422
61495519
61465026
61464498
61464563
61463508
61464849
61465279
61464039
61495799
61463263
61464630
61465380
61464737
61495966
61464272
61465398
61464216
61465194
61495846
61465615
61464407
61465458
61463929
61464174
61465245
61464492
61495962
61465739
61465476
61464075
61465675
61463491
61465598
61464447
61464001
61495914
61465826
61464298
61465552
61463748
61465720
61465872
61465825
61463633
61465804
61463811
61465898
61496629
61466203
61466010
61464810
61496343
61466234
61465894
61464906
61464846
61464014
61464900
61466062
61465974
61465405
61465987
61466074
61466108
61464070
61464805
61464882
61464176
61466142
61465056
61466003
61466202
61464810
61466194
61465213
61465433
61496787
61466724
61467196
61466910
61465552
61466804
61465559
61497273
61466872
61466923
61465693
61465251
61464766
61466738
61465450
61466868
61465678
61464996
61467028
61465993
61467085
61466686
61467026
61466900
61497299
61467026
61467168
61466793
61466053
61466660
61466288
61497721
61467585
61468030
61467720
61497743
61467603
61497641
61467335
61467232
61465893
61467919
61467675
61467969
61498292
61466056
61467951
61466736
61466165
61466076
61468079
61467671
61466634
61467875
61466213
61468299
61467889
61468151
61466525
61468462
61468269
61467275
61466850
61498695
61467402
61468487
61467699
61467070
61499098
61468639
61468015
61468843
61466887
61468173
61468834
61467181
61468817
61467481
61467880
61499217
61469133
61469070
61468960
61467362
61466973
61468861
61469128
61466959
61467705
61499571
61468958
61469121
61468948
61499473
61467745
61469467
61467811
61468387
61468171
61469346
61468581
61468787
61467453
61500095
61468348
61500327
61469714
61469866
61469771
61468109
61470120
61470429
61500160
61469983
61500214
61470048
61468337
61470120
61469965
61470071
61469811
61469526
61470166
61469097
61468411
61500520
61470151
61469455
61469821
61470226
61470252
61500611
61470490
61470259
61470046
61468319
61500738
61469034
61468717
61468423
61470635
61469169
61470263
61500885
61470640
61470720
61470285
61468565
61470517
61470667
61470923
61469866
61470830
61470892
61501037
61471004
61470113
61469694
61501551
61471215
61470912
61470079
61469808
61469572
61469686
61471235
61471419
61469830
61471146
61470152
61501760
61471497
61471153
61470664
61501730
61470079
61471359
61471451
61469365
61471560
61470471
61502070
61470439
61471970
61471636
61471410
61470325
61470536
61470514
61469835
61471777
61472067
61469752
61471847
61470666
61471584
61469524
61471494
61471937
61473379
61501992
61471654
61502177
61470446
61471776
61470571
61470129
61469846
61502119
61471610
61502255
61471945
61502292
61470715
61502320
61469965
61471537
61471956
61470373
61470507
61472051
61471010
61470493
61470237
61472302
61472106
61472488
61471430
61470723
61472750
61471510
61503003
61503008
61472672
61471361
61503100
61472771
61472567
61472007
61472544
61507214
61476944
61475897
61476377
61475100
61477039
61477282
61476347
61475242
61477133
61475921
61475557
61477205
61477223
61475936
61477144
61507735
61477235
61475906
61477114
61507813
61476692
61477364
61475770
61475538
61477672
61477506
61475815
61477767
61476172
61477634
61476448
61508275
61476261
61477917
61476610
61477482
61477128
61477782
61477897
61477723
61478039
61477942
61477702
61477168
61508463
61478549
61508616
61478249
61476962
61477229
61476642
61477680
61477138
61508872
61477178
61477934
61477355
61476383
61477402
61478750
61477544
61478667
61508812
61478734
61477546
61477128
61476773
61478605
61478161
61479088
61479011
61477671
61509445
61478170
61479001
61477912
61477341
61477112
61479263
61479173
61477613
61477419
61479518
61478176
61509805
61479573
61479953
61478222
61509934
61479718
61478383
61510015
61478081
61479587
61478522
61479404
61477831
61479776
61478529
61510218
61477826
61510111
61479712
61479537
61477988
61480173
61480462
61480135
61478254
61480079
61480019
61510253
61479984
61480327
61480158
61479754
61510950
61478278
61480397
61479284
61478624
61510610
61479903
61479467
61511128
61480788
61480524
61480565
61479460
61478515
61479144
61511134
61480559
61481049
61480659
61511111
61479082
61511086
61480711
61480519
61478867
61480850
61479853
61478983
61481374
61479785
61479265
61481048
61479874
61511722
61479554
61511605
61479964
61479509
61479267
61481410
61480061
61479568
61480044
61481405
61480255
61511887
61481552
61480715
61514022
61482118
61483719
61483760
61482356
61482981
61484281
61484174
61484478
61514686
61484436
61514807
61483950
61484661
61514762
61515168
61483370
61483430
61483363
61484543
61484743
61515057
61484478
61484650
61483523
61483054
61484072
61484136
61484335
61483840
61483677
61515461
61485105
61485005
61484144
61483603
61483200
61485457
61485189
61485469
61515656
61485345
61485192
61485441
61484149
61515851
61485556
61484077
61484085
61484288
61515688
61483971
61483931
61485492
61484331
61484778
61485322
61483635
61516334
61485711
61484742
61515958
61485885
61483659
61484531
61516019
61485884
61485710
61485906
61486102
61516286
61484350
61485812
61484705
61485790
61516308
61484696
61486023
61484862
61484105
61485811
61486539
61485926
61516582
61486340
61486300
61486331
61516619
61486423
61486212
61484862
61486094
61516451
61486268
61486123
61486403
61484608
61516819
61486479
61485126
61484708
61485566
61486384
61484431
61485512
61516695
61484842
61486598
61485263
61486237
61484565
61486107
61486488
61486738
61516943
61485079
61486188
61485496
61486491
61484750
61486883
61485647
61484597
61486829
61484859
61486353
61485712
61485195
61486224
61486860
61485648
61486547
61488465
61517421
61485293
61486990
61485648
61485062
61487124
61485549
61485869
61517576
61485648
61487089
61517629
61486001
61517732
61487470
61517459
61486901
61486182
61485737
61485313
61517590
61487588
61486414
61517992
61485583
61486377
61487653
61487807
61485580
61487686
61486279
61487538
61485701
61518346
61487915
61486583
61518248
61486143
61486216
61487672
61487573
61487757
61518279
61487912
61486328
61486450
61487362
61488157
61487818
61488146
61487042
61488111
61488418
61518621
61486717
61488323
61488529
61488441
61487040
61488502
61486776
61487294
61486809
61487400
61487346
61486891
61487878
61519112
61489040
61487009
61486691
61488914
61487078
61488648
61488586
61486849
61488901
61487814
61488557
61488251
61489021
61519429
61488532
61488027
61519774
61488516
61519858
61489572
61488102
61519799
61489516
61489843
61488323
61489329
61519953
61488480
61489869
61488660
61488092
61520094
61489986
61520352
61489822
61520403
61490151
61490073
61490238
61520558
61489810
61490243
61488866
61487908
61488450
61490107
61488796
61490567
61520647
61490283
61490202
61489621
61489528
61488501
61490579
61489319
61488802
61488789
61520988
61490668
61520806
61489409
61490077
61490174
61491019
61489639
61489091
61491060
61489727
61489626
61521701
61489813
61489707
61489661
61521448
61491192
61489925
61521723
61489203
61490903
61491387
61490041
61521513
61491356
61491385
61491470
61491425
61521668
61491552
61521706
61490864
61489641
61491705
61490459
61489562
61491589
61491782
61491784
61490937
61522227
61491533
61491849
61489749
61491825
61490076
61490873
61492050
61491929
61492093
61490353
61490608
61492183
61491095
61491881
61490270
61522771
61492244
61491118
61490550
61491684
61492389
61490985
61491963
61490332
61492527
61492358
61522666
61491474
61490482
61492577
61491365
61492343
61491525
61492876
61492891
61492725
61491138
61492160
61492201
61492845
61491995
61523328
61493014
61491551
61492196
61523335
61493008
61493232
61492287
61523367
61493331
61491474
61493221
61493402
61528373
61498204
61496365
61498142
61497851
61496539
61528541
61498279
61496861
61497103
61496703
61528850
61498583
61497495
61529090
61496636
61498598
61496526
61497398
61528914
61498511
61498715
61529116
61497174
61498154
61498055
61497092
61529091
61498746
61497507
61498702
61497271
61497273
61498967
61497876
61498027
61497035
61499082
61497891
61529582
61497310
61529820
61499065
61499343
61498954
61497391
61499405
61497833
61499075
61529579
61497627
61498655
61499463
61498410
61529783
61497831
61499728
61499487
61499743
61498037
61497727
61499720
61498415
61498669
61530167
61498236
61499756
61498708
61530305
61500019
61500052
61498675
61498265
61499259
61500005
61498889
61499881
61530460
61500469
61499687
61530520
61499627
61530563
61500444
61500272
61499779
61530804
61500544
61499020
61499265
61500348
61530743
61500619
61499215
61499903
61531076
61500799
61500698
61499813
61499208
61500505
61500876
61499769
61500737
61498969
61499361
61500919
61500219
61531326
61499339
61500989
61499523
61499702
61531313
61500980
61501159
61501262
61531425
61501060
61501163
61531347
61501060
61499854
61501041
61531601
61501194
61500081
61499479
61500463
61501264
61531795
61500163
61531878
61499935
61501410
61531846
61500292
61499525
61501630
61500360
61501328
61531960
61501820
61500293
61500859
61499973
61501825
61500445
61500048
61531971
61500102
61501975
61500529
61501518
61499873
61501938
61502090
61501109
61532051
61501977
61501907
61500773
61501922
61501616
61500475
61500582
61500929
61501187
61502066
61500926
61502181
61532398
61502305
61501021
61502071
61500314
61502578
61501074
61502152
61501334
61501225
61502355
61502526
61502846
61500589
61502566
61501888
61532917
61502643
61501469
61501546
61533317
61502792
61503181
61501687
61500855
61502906
61502828
61503112
61533521
61503067
61502936
61501791
61501844
61533676
61503261
61503132
61502033
61502089
61533513
61503373
61501972
61534807
61504904
61505175
61503794
61535953
61505520
61505100
61504172
61505424
61504335
61503804
61503623
61505760
61505457
61504271
61504241
61503649
61505771
61504481
61504033
61504305
61505564
61505826
61504140
61503911
61505757
61504644
61505468
61503772
61506011
61504607
61505599
61504239
61505989
61504690
61505850
61536450
61506219
61505978
61504946
61504429
61506493
61506358
61505053
61506158
61536784
61506510
61506336
61505285
61504789
61505525
61506386
61506522
61504985
61504688
61506849
61506530
61505477
61537021
61537170
61506718
61537061
61505869
61504976
61506897
61505774
61505278
61506334
61505807
61507245
61507322
61507503
61537660
61507493
61507228
61507495
61537671
61507515
61505751
61507970
61507556
61537946
61505543
61507775
61506849
61538004
61507066
61507821
61506581
61508207
61505671
61507685
61506671
61507554
61505868
61506037
61508442
61508404
61538635
61507094
61508305
61507151
61506618
61538916
61508516
61506751
61507335
61508550
61507577
61508347
61507550
61539225
61508786
61508149
61507589
61506808
61508702
61539392
61507734
61509055
61539412
61509099
61508051
61507075
61507594
61509283
61507871
61508400
61539463
61509392
61509275
61508264
61509341
61540102
61507533
61509679
61508832
61540138
61509614
61509839
61509634
61508588
61539841
61507947
61509775
61508934
61507947
61508068
61509780
61508547
61507928
61540016
61509785
61509688
61509819
61509576
61508003
61508419
61510151
61508960
61540624
61509304
61510249
61508690
61509922
61540412
61508415
61509566
61509888
61509487
61510270
61540515
61509132
61508183
61510296
61508967
61508447
61508164
61509972
61510319
61509278
61541015
61510583
61510361
61510503
61510753
61540769
61541161
61510682
61509494
61540988
61510028
61510690
61509894
61541025
61510960
61510711
61509660
61508996
61508695
61510945
61510981
61510157
61508810
61510725
61510815
61509153
61509727
61509145
61510862
61509281
61508977
61511138
61509665
61510358
61509393
61511170
61511463
61511092
61541660
61511264
61511259
61511491
61509313
61509616
61511345
61511462
61541680
61541960
61511538
61510302
61509963
61542055
61511632
61511706
61510773
61510995
61542298
61512206
61510846
61511866
61510149
61512241
61510789
61512594
61542474
61512086
61512337
61511729
61542747
61510678
61512308
61511222
61512366
61543007
61511332
61512680
61511916
61511517
61511258
61511543
61511239
61511707
61512939
61511596
61543427
61513143
61513247
61513135
61513205
61511496
61511473
61513257
61513105
61513362
61512945
61511396
61513420
61513238
61512656
61513530
61544071
61513656
61513538
61512779
61544083
61513849
61513798
61512597
61513349
61512126
61512107
61513935
61513787
61513923
61544097
61513974
61513850
61513136
61512410
61512714
61514226
61512349
61514201
61514005
61514176
61513838
61512649
61544467
61514219
61512848
61512596
61514373
61512718
61512534
61514003
61513075
61514246
61514519
61544661
61513309
61514596
61513448
61512989
61513420
61513431
61514379
61513663
61513373
61514814
61513653
61513136
61512829
61545275
61514933
61513793
61513602
61545323
61514999
61513973
61545688
61513986
61515314
61514070
61515353
61545735
61515397
61515300
61514148
61545989
61515600
61513486
61515569
61513916
61513496
61515588
61514448
61515649
61515472
61513741
61515857
61514659
61514410
61515755
61515982
61516058
61514927
61546191
61546212
61515865
61514710
61546270
61521247
61519461
61520114
61551677
61519345
61520374
61551984
61520725
61521663
61520533
61523526
61519709
61521683
61521892
61552216
61521911
61520723
61552411
61520046
61521995
61520762
61552232
61552135
61522378
61521775
61521247
61522160
61522070
61552718
61522081
61521870
61521462
61522242
61521135
61521386
61520042
61521957
61522192
61552301
61520632
61522247
61522163
61522186
61520541
61522165
61522429
61552680
61522017
61522217
61520804
61522233
61522508
61521241
61552804
61522764
61522027
61522681
61520684
61521289
61522805
61521497
61521076
61521687
61522923
61521000
61522661
61521781
61523033
61522317
61553405
61523173
61521749
61553369
61523165
61522874
61523286
61523069
61521818
61525030
61553594
61521794
61553579
61522536
61523160
61522992
61521302
61521447
61522207
61553754
61521719
61523472
61522567
61522051
61523059
61523656
61523840
61554195
61522403
61523775
61522584
61521968
61523539
61524088
61522780
61554687
61522463
61523983
61523411
61522320
61524103
61524299
61554285
61524132
61524062
61524093
61554899
61522847
61524415
61523182
61522774
61554741
61524334
61523430
61524464
61554912
61524979
61523390
61523024
61523526
61555037
61524708
61524281
61522941
61522736
61524969
61524714
61524861
61555187
61522800
61524858
61525061
61555553
61525115
61523732
61523311
61523103
61525106
61525224
61524756
61523900
61524680
61527035
61525482
61525944
61527340
61526025
61525621
61526591
61527391
61526059
61527541
61557733
61527580
61526536
61526019
61558174
61528148
61526036
61525781
61527901
61527311
61527656
61527178
61528024
61527341
61558399
61528075
61527027
61526534
61526717
61528149
61527090
61558513
61528193
61526206
61527105
61558989
61528667
61527176
61527425
61558841
61558955
61528568
61526902
61526656
61528738
61559134
61528395
61528896
61528727
61528436
61526716
61528685
61528826
61528674
61527090
61529005
61527854
61559665
61529117
61529228
61528353
61527948
61527596
61527830
61559611
61529087
61527113
61527985
61528094
61528602
61529305
61529422
61529482
61529828
61529132
61529475
61528676
61529652
61529685
61528473
61528107
61527738
61529837
61530027
61528920
61528010
61530078
61528965
61528257
61527905
61527916
61529930
61529684
61527988
61530134
61530126
61529747
61528901
61530079
61529154
61560396
61528271
61527995
61528955
61560491
61560490
61528989
61560896
61528728
61530360
61560709
61529637
61530290
61530400
61529160
61560677
61530393
61529232
61529752
61528432
61530312
61530544
61528950
61530761
61530592
61530077
61561237
61531009
61529886
61561443
61531132
61529605
61529757
61529405
61529594
61529989
61531845
61531517
61561834
61531594
61530098
61530490
61561914
61531798
61530496
61529655
61562239
61531734
61531034
61562240
61531878
61531733
61531786
61562290
61562541
61530718
61530322
61530546
61532165
61530912
61562555
61532223
61531524
61532078
61530742
61530462
61531358
61562798
61531089
61532558
61531318
61531272
61531019
61531411
61531134
61530546
61531558
61562950
61531585
61532721
61532671
61530783
61532816
61530744
61532101
61531949
61532885
61531671
61531655
61533054
61531698
61563350
61532945
61530756
61532157
61532026
61532795
61531768
61532623
61532857
61533214
61532059
61531533
61531963
61531588
61531785
61533092
61563535
61533415
61531847
61532604
61532124
61531343
61532051
61531812
61533613
61533409
61533159
61532348
61532664
61533363
61533168
61532288
61533636
61532894
61531972
61564075
61533572
61532985
61533788
61533956
61532397
61532219
61533798
61533963
61533880
61532389
61532671
61534290
61534260
61532778
61532638
61532739
61564571
61532233
61534277
61533202
61564728
61533209
61533028
61533444
61564695
61534632
61534695
61532814
61532688
61534695
61533861
61533914
61534750
61533306
61532967
61533493
61534772
61564960
61533329
61534616
61533621
61534091
61565063
61533437
61534850
61534965
61565179
61534834
61533707
61534841
61565478
61535369
61533890
61533462
61533961
61535264
61534334
61533089
61535109
61535207
61534121
61565593
61535076
61533856
61533415
61533149
61534097
61535068
61565673
61535293
61535281
61534474
61534482
61535420
61535224
61535456
61537209
61565565
61535245
61535410
61565858
61535642
61535568
61535754
61533500
61535554
61534359
61533490
61535835
61535820
61535890
61535671
61534444
61535861
61533840
61534835
61535893
61534762
61535882
61535837
61535910
61535207
61534765
61534653
61534411
61535791
61536312
61535079
61566505
61536216
61536334
61535514
61566768
61536382
61536175
61535959
61536115
61534428
61536250
61535182
61566830
61536295
61536276
61566530
61534938
61536382
61535094
61534642
61534575
61536376
61534951
61534599
61534394
61566724
61536335
61536119
61535711
61536491
61567138
61535191
61534356
61536418
61535458
61566989
61536558
61534787
61536290
61536651
61535243
61567130
61535973
61536834
61536766
61566856
61536837
61535470
61535080
61536171
61536825
61537105
61567235
61535642
61534963
61535845
61535326
61535936
61535658
61567282
61535146
61537022
61535707
61536624
61535075
61537098
61536304
61536342
61534960
61537052
61536011
61535889
61567737
61537461
61537339
61537630
61536811
61536160
61537634
61537561
61535968
61537796
61537397
61537656
61536226
61537924
61538128
61537743
61568267
61568478
61538050
61537206
61568358
61536658
61538045
61536812
61537705
61536273
61538012
61537009
61536443
61568508
61538136
61537371
61568438
61537165
61538257
61538500
61536363
61538410
61568593
61537046
61537009
61538223
61538292
61568604
61538261
61568774
61538684
61536645
61537257
61538339
61536827
61537061
61537911
61537792
61568682
61568934
61538596
61537432
61536861
61536659
61538718
61537533
61569392
61537141
61538900
61539041
61536835
61538825
61538981
61537093
61537554
61569564
61538887
61537303
61538348
61539160
61538449
61539030
61569433
61539206
61538949
61537324
61537710
61539223
61539180
61539281
61540885
61540734
61539953
61571691
61541797
61541190
61539593
61541623
61540510
61540004
61541698
61541861
61541788
61541228
61540334
61542186
61546750
61546449
61546838
61546489
61548123
61578774
61548319
61548126
61548243
61546455
61548256
61578538
61547088
61578534
61546714
61548440
61546679
61548555
61548845
61547237
61578869
61548477
61548697
61548725
61546680
61548694
61547164
61547754
61547981
61548642
61548443
61548856
61548221
61547733
61579430
61549031
61548199
61547759
61579255
61549201
61548909
61549404
61579595
61549322
61547808
61549523
61547704
61549467
61579803
61549395
61547835
61548774
61549715
61548479
61548150
61547894
61580306
61550006
61548299
61548424
61548980
61548821
61550152
61548895
61580741
61550162
61550120
61550086
61580810
61549070
61550455
61580690
61550635
61550658
61550598
61550857
61548927
61549072
61550774
61549438
61549164
61549560
61550836
61549799
61581412
61551114
61549426
61549379
61550089
61551154
61549942
61550073
61549070
61551570
61550226
61581668
61551347
61549467
61551139
61581645
61549771
61551128
61550322
61581616
61551072
61551402
61550700
61582061
61551029
61550251
61550612
61582165
61551937
61552082
61550880
61582410
61552301
61551741
61551870
61550463
61551550
61552256
61551600
61550030
61552331
61550652
61551010
61582818
61552367
61551041
61550764
61551126
61552519
61550590
61551246
61582758
61552698
61583137
61551545
61550788
61552808
61551517
61583260
61551063
61552145
61552128
61551693
61550810
61552878
61551827
61554732
61583482
61553051
61551944
61551040
61553043
61553404
61551667
61553385
61583929
61552953
61553211
61553512
61552207
61553758
61554320
61552216
61553942
61552674
61551879
61553851
61553036
61554275
61552692
61554438
61554296
61554560
61553686
61554505
61553542
61553123
61552476
61552614
61554478
61554334
61554647
61554524
61554710
61585328
61554959
61554787
61554563
61556652
61585104
61554825
61585333
61553798
61555054
61553821
61585614
61553708
61553059
61555016
61554599
61585630
61555408
61554138
61585932
61555426
61555352
61555418
61555538
61555523
61554225
61585877
61555526
61555038
61555406
61585883
61555538
61586112
61555456
61586131
61554120
61553606
61554495
61586362
61554023
61556284
61556318
61554834
61554002
61555885
61555159
61586669
61556478
61555392
61586945
61555285
61556705
61587142
61556140
61556949
61555768
61555462
61555829
61556978
61555940
61587172
61557048
61587252
61556708
61556946
61555401
61555124
61555943
61557128
61557251
61557150
61555009
61556410
61556463
61557400
61587567
61557252
61557285
61555911
61555572
61556149
61557450
61557598
61587697
61556432
61557609
61588004
61556433
61556249
61588466
61556580
61588092
61557936
61556775
61588669
61557355
61558320
61557452
61558090
61556197
61558905
61558289
61557758
61558455
61556984
61558120
61558409
61558390
61558670
61556622
61557992
61557481
61589009
61558867
61557760
61558716
61589261
61559107
61558797
61558269
61589353
61558905
61557321
61557908
61559275
61558224
61559239
61589698
61559408
61558024
61559357
61589885
61559574
61558392
61590424
61559556
61559855
61557595
61559623
61557809
61559282
61559920
61560143
61590244
61560050
61558745
61558976
61590622
61560346
61559916
61559060
61559441
61560214
61560034
61559434
61560409
61560281
61590685
61560064
61590636
61559148
61558503
61560257
61559998
61559596
61560438
61559124
61591098
61560448
61560158
61558846
61590637
61559235
61590604
61560548
61559215
61560746
61590641
61560532
61558765
61559479
61590751
61559365
61560634
61560457
61560858
61560690
61559792
61590907
61560498
61559869
61559524
61559409
61559910
61560870
61559991
61560811
61560021
61559484
61558727
61560108
61560764
61559980
61558550
61559911
61591321
61560773
61559432
61560089
61560870
61560088
61591109
61560774
61560020
61559695
61560883
61591231
61560875
61560311
61560933
61591492
61561133
61560451
61560902
61561212
61560044
61559869
61561339
61561351
61560032
61591777
61561402
61560165
61561292
61591604
61561464
61561636
61591847
61561718
61560475
61561598
61592185
61561836
61561099
61592093
61560637
61561818
61561712
61561027
61561817
61560632
61592317
61562135
61561880
61561692
61560353
61592542
61561956
61561461
61559987
61562240
61560898
61560580
61560523
61561289
61560938
61592629
61563507
61594164
61563809
61594774
61562547
61564261
61594889
61562864
61564323
61564206
61562995
61564764
61564828
61564085
61564407
61563293
61595203
61564889
61563426
61595294
61564871
61564706
61563969
61595100
61564326
61565096
61563040
61565063
61564930
61595658
61563883
61565147
61564926
61595176
61564901
61563344
61564014
61565279
61564211
61564982
61565154
61565231
61595612
61565199
61565422
61595713
61563718
61565437
61565320
61564454
61565624
61565730
61564935
61565763
61565656
61596208
61564518
61565902
61566046
61564038
61563726
61564697
61563916
61566025
61564912
61565980
61565482
61596699
61565188
61564386
61566364
61565619
61596633
61566322
61566851
61596777
61566592
61565598
61564377
61565056
61565370
61596912
61566708
61566457
61597068
61566504
61566772
61566280
61566794
61565575
61597207
61566968
61566858
61565836
61566089
61566944
61567243
61565952
61567372
61567342
61597634
61567419
61565792
61567764
61566015
61566922
61567605
61567055
61566471
61566173
61566501
61567732
61566073
61567894
61567924
61568068
61565814
61567155
61566769
61598701
61566204
61568143
61566600
61567139
61566223
61567204
61566368
61568460
61567207
61566762
61568505
61568205
61567147
61599131
61567461
61568705
61568850
61599609
61569087
61569057
61568252
61568855
61568982
61599215
61569029
61567548
61569098
61567962
61568037
61599683
61569321
61568429
61568239
61567727
61569421
61568051
61599677
61569415
61568203
61567949
61568071
61568635
61568449
61599803
61569588
61568400
61600211
61569732
61569411
61568480
61569062
61569771
61569109
61600497
61570129
61570000
61571732
61600341
61569848
61600270
61570023
61568814
61600358
61568130
61569885
61567745
61600402
61569407
61569640
61568818
61569738
61569812
61570148
61568696
61600656
61570220
61570311
61600545
61570401
61600499
61568941
61570388
61569568
61600567
61570551
61569739
61600870
61568328
61570403
61568776
61569065
61570302
61570565
61600936
61570465
61569419
61570475
61570585
61570602
61569727
61570776
61570056
61568869
61601338
61569466
61601118
61570962
61571200
61601807
61571287
61569923
61569448
61571215
61571431
61570246
61601862
61571640
61570332
61602129
61601923
61571848
61569843
61571682
61570342
61570611
61571791
61570435
61571543
61602026
61570354
61570503
61571803
61570580
61570181
61570012
61571790
61572052
61571345
61572047
61571852
61571486
61572227
61571565
61570036
61570923
61572191
61572303
61571620
61571040
61603078
61572601
61571234
61571143
61571832
61571440
61572407
61602926
61571426
61571066
61572567
61572842
61571178
61571695
61603512
61572877
61610102
61579547
61579538
61578955
61610103
61578534
61609940
61579856
61579778
61578161
61578487
61579421
61578580
61579896
61578261
61579580
61580025
61578282
61580338
61578883
61579923
61578359
61580152
61579869
61578848
61580157
61579767
61578773
61578714
61578968
61610680
61580224
61578871
61610626
61578736
61610394
61579000
61578294
61578560
61580133
61610644
61580209
61610458
61580037
61580401
61579075
61578771
61578566
61580432
61578429
61579348
61580737
61579511
61611255
61580768
61579463
61579561
61578813
61579367
61611215
61580969
61611202
61579817
61578886
61581306
61580909
61611165
61581159
61580047
61581252
61611523
61581855
61611891
61581627
61581233
61581086
61579441
61611760
61580030
61611865
61581516
61580949
61580473
61580234
61581618
61581399
61579917
61612182
61581828
61581752
61580127
61582278
61582739
61580756
61612262
61582077
61581861
61580600
61581591
61581365
61613009
61582500
61612995
61582727
61582678
61582731
61582670
61581957
61582784
61582426
61613265
61582792
61613236
61613416
61581867
61583411
61581554
61582351
61581021
61583592
61581775
61581141
61583414
61583265
61613792
61583220
61582097
61613472
61583325
61581973
61582256
61581712
61581881
61581604
61581997
61583372
61583027
61582134
61583268
61583524
61583142
61582100
61583597
61581989
61582420
61583795
61583064
61614026
61583966
61582419
61582292
61614326
61583884
61582375
61584039
61582833
61583010
61582366
61584552
61584235
61586101
61582411
61583299
61615197
61584854
61583135
61584412
61584704
61583292
61615149
61584398
61585073
61615384
61584880
61583650
61615193
61584889
61584104
61583068
61584948
61583698
61615260
61582816
61584854
61615390
61585288
61583985
61583771
61584217
61584912
61583345
61583655
61585216
61583993
61615470
61582964
61583928
61615351
61585096
61585244
61584547
61585454
61586955
61617243
61587308
61585616
61587188
61585618
61585952
61585730
61618104
61586171
61585702
61587633
61585982
61587766
61586522
61586201
61618143
61586587
61585844
61587925
61586295
61587002
61587893
61587384
61587960
61586424
61618531
61586742
61586061
61588343
61587559
61618641
61588426
61618896
61588625
61587823
61619126
61619224
61587462
61587841
61588788
61587282
61587805
61587539
61619144
61589135
61588745
61589376
61589302
61619720
61589396
61588155
61588039
61588260
61619850
61589561
61589559
61620049
61589704
61589377
61589867
61620308
61588499
61589888
61589889
61589877
61587982
61589134
61590034
61589303
61588032
61589912
61588282
61620239
61589937
61588442
61590369
61620645
61588565
61590308
61590458
61620743
61590806
61590615
61588562
61589194
61620898
61590550
61590719
61589261
61588651
61590739
61590701
61589670
61590506
61588732
61590013
61590750
61589449
61590572
61589952
61621100
61590968
61590786
61621258
61590722
61590764
61589306
61589746
61591066
61590921
61589166
61590929
61589343
61590224
61591124
61589940
61590153
61621441
61590012
61589299
61591116
61589491
61591200
61589878
61591179
61589256
61591127
61589590
61591483
61590209
61593185
61621926
61591379
61589830
61591654
61590408
61622000
61590929
61591545
61622296
61591844
61622071
61590818
61592090
61591814
61590926
61590682
61591016
61592272
61591012
61622528
61591633
61622452
61591107
61592444
61591157
61622836
61592471
61592530
61591393
61622668
61591133
61590541
61592523
61623139
61590836
61591936
61623028
61592611
61591420
61590948
61592844
61592517
61592881
61591699
61591258
61591188
61592729
61623394
61623468
61591494
61591103
61591027
61592298
61591767
61593227
61592876
61593291
61592018
61591162
61593539
61593126
61623332
61593080
61592965
61593236
61592105
61595050
61591203
61591925
61591325
61593091
61591424
61593394
61593380
61593305
61592069
61592083
61593241
61623758
61591445
61592448
61591406
61593441
61591813
61593710
61592453
61593706
61593758
61593906
61593798
61593854
61624402
61593316
61592226
61594030
61594131
61593988
61592522
61594326
61593636
61624755
61592959
61594410
61592858
61593546
61592817
61593594
61592647
61593668
61594396
61624944
61594639
61594530
61624854
61594636
61594874
61625282
61593632
61593017
61594902
61594867
61625322
61594666
61595090
61595118
61594273
61593212
61625562
61594383
61594988
61595302
61625801
61595376
61595377
61593851
61595721
61625539
61595240
61594605
61593475
61594152
61625723
61595398
61594255
61595651
61625981
61594701
61595765
61594439
61594399
61595115
61595395
61594550
61595844
61626070
61595757
61595990
61594405
61595758
61593941
61626250
61595930
61594333
61594591
61594729
61595914
61596089
61595408
61595376
61596249
61626689
61595020
61595161
61596544
61626751
61596535
61595403
61626565
61595193
61595214
61596678
61596317
61596756
61595510
61594772
61594746
61595213
61626829
61596439
61594772
61596111
61595192
61594572
61596654
61595078
61596530
61595629
61595640
61595491
61627299
61595993
61595461
61595202
61595137
61595632
61594875
61596218
61596979
61595738
61595959
61597241
61595981
61627728
61596909
61597043
61596262
61597232
61595651
61597540
61597161
61596628
61597025
61596401
61597466
61596441
61597342
61597538
61597289
61597369
61596417
61595732
61597762
61596441
61597302
61596799
61597860
61598182
61597485
61597477
61596725
61596814
61598264
61597348
61597469
61598114
61628738
61596538
61596999
61596266
61598173
61597938
61598323
61597063
61598004
61598224
61596586
61598312
61598473
61598197
61598513
61596827
61598502
61597269
61600300
61596795
61597290
61596556
61628687
61597816
61598757
61596719
61597163
61598403
61598633
61598347
61598537
61597400
61596680
61596579
61597547
61597182
61597471
61628880
61598077
61598868
61596670
61598520
61629161
61597964
61598790
61629055
61598680
61599222
61598912
61599073
61599027
61597767
61597775
61599071
61629546
61599070
61598770
61597637
61599129
61598785
61599204
61597517
61598538
61599258
61599510
61599498
61597360
61629736
61597664
61599619
61630222
61599539
61630171
61599834
61598206
61598911
61599498
61598064
61599793
61598486
61598443
61599947
61599698
61600161
61598799
61630368
61600017
61598499
61598012
61598559
61630266
61598578
61598676
61598573
61600206
61630516
61600291
61600215
61630789
61600303
61630708
61600574
61632596
61602463
61633134
61602932
61602858
61602182
61601708
61633504
61603094
61602668
61603230
61601957
61633373
61603212
61603195
61600978
61601730
61601058
61601060
61602376
61601614
61601231
61633549
61602568
61603353
61602577
61603175
61603372
61633901
61603668
61602306
61603100
61603398
61601505
61603483
61633518
61601717
61603572
61603431
61601454
61603540
61602160
61602483
61603912
61603863
61601838
61603849
61634543
61604051
61603724
61602875
61603549
61634780
61604480
61602538
61603481
61603100
61602877
61603173
61602595
61604535
61603269
61604746
61603120
61634638
61634888
61604131
61604768
61604444
61603023
61605049
61635314
61604872
61604661
61604939
61635053
61635282
61604267
61604460
61603775
61603758
61635409
61605243
61605405
61603607
61603900
61636118
61605386
61603735
61604272
61605482
61604657
61604936
61636027
61605496
61636043
61605596
61604788
61636250
61604465
61604239
61604323
61604186
61636169
61604638
61604539
61606051
61636430
61606158
61605837
61606335
61605102
61604960
61606581
61636792
61606355
61604651
61606538
61606233
61605571
61605022
61605989
61637028
61606497
61605862
61606845
61605510
61637015
61606599
61606421
61606731
61606661
61605420
61606734
61636988
61606876
61605101
61606847
61606615
61606894
61606805
61637226
61607391
61605423
61607224
61606054
61605928
61607337
61605658
61605385
61606200
61614068
61614812
61645399
61614974
61613479
61613167
61615152
61614395
61613539
61615490
61613911
61615163
61614909
61615353
61645637
61615052
61615368
61645859
61615543
61614663
61613631
61615006
61615491
61614130
61646017
61614686
61615878
61615964
61614760
61615953
61646197
61616174
61614682
61614681
61614923
61646396
61616286
61614067
61614470
61616148
61646676
61616335
61615699
61614393
61616404
61614882
61616160
61615098
61614564
61616404
61614960
61616700
61616646
61646870
61616755
61616832
61616552
61616598
61646987
61616986
61615156
61615219
61616862
61647491
61617146
61616466
61616331
61615469
61616955
61616821
61616562
61617211
61615603
61617312
61617036
61617349
61616260
61617697
61617394
61617483
61615506
61617370
61615748
61617678
61617602
61647889
61617549
61648161
61616994
61617810
61648116
61617628
61615962
61617821
61616441
61617587
61616515
61616657
61617797
61618040
61616865
61618154
61616830
61616052
61615856
61616902
61616737
61616739
61648464
61618287
61618336
61616705
61616837
61616434
61618251
61617917
61617055
61618580
61616703
61618363
61617312
61617636
61616351
61617343
61617435
61617153
61649079
61617781
61618413
61649110
61618861
61618999
61618191
61616854
61618091
61617788
61617622
61649155
61618946
61618915
61649198
61619120
61618530
61617422
61618117
61618511
61618037
61617898
61617570
61649489
61619535
61649612
61619155
61618100
61618078
61619302
61619128
61619417
61619141
61619556
61617466
61619490
61619703
61649839
61619282
61619847
61619048
61619842
61619500
61618188
61619488
61618546
61619837
61619253
61618539
61621925
61650553
61618896
61619509
61618778
61619987
61620456
61619035
61618179
61618859
61618978
61620292
61619451
61618291
61620612
61619277
61618962
61620418
61618202
61650993
61620608
61651090
61620975
61619591
61619128
61651359
61620762
61651345
61621067
61621229
61620540
61621099
61621420
61620412
61619954
61619170
61621123
61651690
61651406
61621225
61651806
61621472
61619414
61651944
61621406
61651997
61621725
61621750
61620575
61620735
61619904
61620611
61621718
61652056
61621930
61621842
61622196
61622156
61652598
61622093
61620216
61652617
61622737
61622159
61622763
61652822
61620822
61622565
61620825
61622810
61621805
61622469
61622788
61622516
61623013
61621836
61621914
61623111
61621845
61653209
61622910
61622972
61621545
61623053
61621375
61621466
61621748
61622372
61622968
61624881
61653721
61622041
61623290
61622932
61653622
61623199
61653919
61623369
61622036
61623457
61622090
61622539
61623577
61623542
61654000
61623440
61621912
61623723
61622552
61623723
61653885
61622548
61621904
61623747
61623556
61622193
61622526
61623137
61622467
61622951
61654206
61623357
61621746
61622278
61623940
61654457
61654477
61622968
61623349
61624099
61654656
61624308
61623657
61654885
61624298
61622592
61624407
61623061
61623588
61624373
61624059
61622975
61624503
61622895
61623143
61624800
61655070
61623859
61623166
61622758
61623336
61655225
61655357
61624797
61655339
61655507
61623928
61655494
61625232
61623591
61623657
61625093
61624721
61625229
61624535
61623231
61625178
61625091
61624657
61624258
61623490
61625453
61656074
61655846
61625420
61656026
61623399
61624333
61624816
61624280
61656188
61626521
61627189
61625906
61626073
61628222
61628308
61658756
61628550
61626816
61628628
61629142
61628906
61628985
61629120
61628852
61627268
61629246
61629226
61629340
61659521
61627789
61629239
61629309
61628195
61628494
61628520
61629928
61660265
61629576
61628896
61629418
61628882
61660472
61628484
61629017
61628896
61629135
61628231
61660738
61630526
61630589
61660625
61660903
61630360
61660663
61630679
61630407
61661035
61629385
61628676
61630703
61630872
61628909
61629613
61630387
61631283
61629516
61631286
61630175
61630859
61631197
61631013
61631489
61631463
61630062
61631313
61631365
61630073
61630404
61630280
61631641
61631316
61631929
61630894
61630631
61630504
61630941
61630196
61662348
61630974
61630214
61632105
61631934
61632308
61630126
61631787
61632281
61631892
61632341
61632370
61662757
61631946
61631517
61630731
61631033
61662828
61632560
61632375
61662686
61632377
61631249
61630777
61631286
61631075
61663139
61631691
61632882
61631118
61631582
61631533
61633013
61663536
61632199
61632803
61630853
61632966
61631447
61633280
61631934
61631969
61633225
61632961
61633407
61631141
61632960
61632217
61633304
61631831
61663758
61632231
61633660
61631883
61633803
61633683
61664040
61633905
61633650
61633952
61632596
61631972
61633755
61631916
61633978
61632813
61631991
61633774
61664476
61634035
61634146
61631971
61632187
61632808
61634141
61633471
61632679
61634357
61664623
61634154
61632660
61634362
61634429
61632236
61632944
61664714
61634498
61634215
61634536
61633413
61633462
61634796
61664911
61634886
61633406
61634751
61634906
61665153
61634904
61633314
61635162
61633998
61633080
61635022
61634473
61635346
61634451
61633921
61635166
61634561
61633406
61634218
61665813
61635780
61634141
61633477
61634149
61665648
61635446
61633671
61635062
61635929
61665779
61665920
61635699
61635738
61634918
61634126
61635670
61665922
61635935
61666545
61634008
61634657
61666372
61635651
61634455
61666336
61634816
61634301
61636199
61666775
61635494
61635698
61635792
61635338
61635781
61636350
61666853
61636639
61635355
61634622
61634444
61635612
61636550
61635392
61636553
61636697
61666773
61636461
61667037
61636760
61635118
61636527
61636359
61636908
61635696
61635089
61635226
61635789
61637263
61636713
61636245
61635722
61667388
61637081
61636750
61637177
61637297
61635687
61635908
61667804
61667629
61637446
61637461
61637492
61637596
61637377
61667721
61637223
61667774
61637426
61637220
61637517
61636762
61636205
61637506
61668079
61637536
61636574
61637828
61637794
61637827
61635955
61668228
61637981
61636114
61638017
61636716
61636589
61668212
61668108
61637984
61668394
61638034
61637704
61636797
61638308
61637894
61638355
61637049
61668807
61637154
61638543
61637272
61636552
61638441
61637035
61638307
61638384
61668521
61668951
61638469
61669008
61668817
61637639
61637221
61638722
61638370
61638822
61638866
61669170
61638732
61669485
61639197
61638223
61669419
61638899
61669571
61638978
61639100
61669405
61638846
61669601
61638206
61638927
61669152
61638891
61638971
61637654
61638441
61637762
61639329
61639078
61639818
61669982
61639813
61637698
61669768
61639487
61669795
61669927
61638331
61639645
61638005
61669902
61639462
61669991
61637609
61638446
61638825
61639844
61639909
61639870
61638760
61639757
61637939
61638935
61640239
61640125
61670774
61640565
61670749
61640298
61640304
61670758
61640163
61638641
61639335
61640586
61638877
61640619
61640409
61670739
61640457
61670889
61640529
61640851
61639289
61638882
61639928
61640921
61639681
61671367
61641095
61640966
61639643
61641147
61639345
61640943
61641201
61671772
61641343
61639692
61641520
61640721
61641686
61639898
61641733
61641656
61671885
61642022
61672174
61641272
61641711
61672218
61641794
61672426
61641848
61641649
61639766
61641429
61671845
61641447
61640559
61640541
61640208
61642423
61642486
61641667
61672741
61642355
61642150
61640592
61641323
61672697
61641697
61642813
61642775
61641125
61642807
61641971
61642490
61642712
61642873
61640830
61673141
61673157
61641058
61641003
61641398
61643254
61673460
61642993
61641671
61673413
61643243
61640874
61642920
61642061
61642530
61641918
61673545
61643261
61643525
61673565
61643099
61673805
61643435
61643254
61673830
61643522
61642639
61641875
61643631
61674231
61643093
61643528
61641740
61643632
61674345
61643916
61642736
61642445
61642669
61644241
61644384
61644135
61644395
61675996
61676334
61645142
61644438
61646306
61644848
61646662
61645938
61646325
61646819
61645161
61647040
61647065
61646404
61647323
61677272
61645755
61645544
61647183
61677751
61647499
61645816
61646053
61646815
61647442
61646104
61677932
61647452
61647920
61647697
61646629
61647150
61646946
61647231
61647804
61678313
61645697
61647966
61648050
61647963
61648314
61648166
61646399
61648415
61647132
61678574
61678761
61647074
61646827
61647165
61646384
61646223
61648475
61648566
61647787
61648117
61648354
61646730
61648133
61648541
61678864
61648424
61648655
61648755
61648745
61647197
61647373
61647355
61648749
61646612
61646693
61647451
61649008
61648242
61647597
61649383
61679338
61649181
61647416
61648391
61648763
61646999
61648863
61648042
61649275
61648192
61648504
61647995
61679726
61680088
61649015
61649824
61648656
61659988
61656396
61689040
61658526
61656972
61658722
61658580
61657988
61657510
61656797
61658533
61659320
61658257
61658232
61658028
61659478
61658435
61657803
61658447
61657921
61657786
61660058
61660000
61660103
61659270
61659456
61690445
61660302
61660477
61658912
61660276
61660637
61660673
61660328
61659521
61660699
61691281
61660365
61691373
61658862
61661255
61661110
61660877
61659763
61661167
61660877
61661337
61661433
61661380
61659297
61691844
61661399
61691968
61661055
61660475
61660211
61691998
61661882
61661873
61661820
61661897
61662089
61660498
61661959
61660297
61662163
61662120
61661929
61662217
61692733
61661474
61661041
61661651
61662302
61692849
61662351
61661256
61662406
61661446
61660494
61662641
61660880
61662660
61662961
61663024
61661757
61693134
61662643
61693221
61662882
61662627
61661979
61663105
61693252
61693490
61661877
61663546
61662336
61663615
61663185
61661340
61663333
61693846
61662741
61694011
61663413
61663712
61663851
61663747
61662952
61662416
61693862
61662264
61663581
61664006
61662757
61661880
61694389
61663011
61664033
61663801
61664147
61694444
61663983
61662807
61664302
61664382
61664404
61694669
61662295
61663208
61662417
61664410
61664258
61664440
61664400
61662876
61663328
61694665
61664041
61664423
61664547
61663839
61663365
61664431
61663297
61664792
61664695
61695134
61664956
61663676
61664861
61664869
61662892
61663620
61664220
61664854
61695526
61664350
61664363
61663667
61663884
61695809
61665046
61665408
61665431
61664321
61664165
61664091
61665568
61665492
61696006
61665521
61664514
61665865
61665812
61696174
61665621
61696090
61665707
61665526
61665115
61664825
61665219
61665867
61664856
61666299
61665012
61664128
61665721
61664988
61666080
61665096
61665096
61666308
61666545
61666584
61665347
61666848
61665489
61666565
61666951
61666855
61665426
61665308
61666409
61666725
61664930
61664829
61666644
61666013
61667305
61665542
61667421
61667449
61665585
61666224
61665998
61666294
61666041
61666296
61666349
61667533
61665664
61667656
61698341
61667377
61667847
61667715
61666097
61666498
61666708
61698292
61667283
61666262
61667389
61698626
61668172
61666455
61668238
61668181
61666976
61666834
61666207
61668382
61698893
61668428
61668308
61666329
61667108
61698780
61668535
61668219
61668484
61666999
61668690
61699033
61699254
61668802
61699625
61669149
61666940
61699463
61669395
61699266
61669026
61668627
61669121
61669086
61669326
61669039
61669659
61668231
61668249
61669401
61669414
61669402
61668788
61699836
61668837
61669677
61669686
61667599
61668423
61699969
61669833
61668868
61700280
61669686
61700315
61669951
61668865
61668542
61668504
61668711
61700336
61670025
61670215
61670366
61670089
61670064
61668354
61669116
61670104
61668985
61670550
61670143
61668423
61670326
61669589
61670267
61670751
61700976
61670509
61669626
61701112
61670395
61700769
61669742
61668665
61670529
61669339
61670062
61670683
61669198
61670975
61668903
61671114
61670921
61701526
61670640
61670275
61671115
61669782
61701324
61670974
61671013
61669036
61671109
61701692
61671083
61671068
61669332
61671146
61669637
61669782
61671218
61669373
61671210
61670133
61671403
61670470
61701915
61671582
61702049
61671734
61671359
61671819
61672185
61673153
61703835
61673488
61703977
61672520
61673882
61672178
61705051
61674350
61704981
61674492
61674382
61672455
61673179
61704797
61672771
61674735
61674765
61672953
61674747
61674468
61673162
61674691
61705313
61674725
61673786
61674850
61674221
61673353
61674966
61705506
61675107
61674742
61673862
61675130
61673791
61675466
61675344
61674590
61674160
61674705
61675366
61673758
61675596
61674189
61674080
61674526
61706141
61674206
61673844
61675022
61675707
61674189
61676231
61674987
61674767
61675301
61706667
61676071
61675809
61676292
61676152
61676485
61675184
61706762
61675043
61674354
61676219
61674761
61676467
61676170
61676513
61675226
61675419
61676508
61707058
61676882
61675155
61676956
61675583
61674826
61675297
61707498
61676961
61676866
61676320
61675928
61677341
61675824
61676239
61676979
61707479
61677413
61707608
61677130
61676451
61677314
61677071
61677483
61677226
61677264
61677268
61677259
61677047
61675977
61676094
61676686
61676020
61677099
61677238
61707626
61677469
61676796
61675466
61676355
61676807
61708038
61708137
61677705
61677421
61678025
61676769
61676388
61677498
61707882
61677565
61708074
61707887
61677785
61677910
61677264
61677132
61676626
61677510
61677977
61708621
61678161
61677045
61677083
61678034
61708414
61678108
61708981
61678516
61678640
61677376
61678265
61708689
61678309
61677056
61678782
61677447
61678002
61678002
61677537
61678602
61678964
61678589
61679028
61678883
61678167
61709349
61678547
61679142
61709492
61678764
61678918
61679429
61679206
61709828
61678127
61677421
61677369
61709836
61679451
61710061
61679520
61679342
61678100
61678394
61709992
61679544
61677934
61710072
61679733
61679769
61679573
61677871
61679903
61679418
61679960
61678117
61680061
61677880
61677966
61678725
61678016
61679860
61710421
61680223
61678789
61680383
61678595
61680495
61678979
61678592
61680302
61679584
61678744
61679169
61679943
61680396
61678834
61680583
61679401
61678569
61678719
61680669
61680684
61679888
61680091
61680691
61711109
61680283
61679372
61679593
61679319
61711104
61681175
61711416
61680940
61680984
61679733
61679858
61679789
61711244
61680202
61680867
61711558
61681013
61679989
61681211
61680125
61679511
61711743
61681245
61711788
61681753
61680076
61680151
61680785
61680305
61680207
61681688
61681707
61680165
61680409
61711925
61681728
61681452
61681745
61681841
61681856
61681550
61679675
61680379
61712316
61681053
61681780
61681953
61680837
61681263
61712339
61679955
61680888
61680094
61682124
61680505
61682393
61682421
61682426
61681214
61712793
61681077
61682466
61682491
61681361
61680354
61712778
61681252
61682534
61680808
61682581
61681571
61682703
61682626
61680706
61681527
61713101
61683206
61713294
61681841
61682953
61713307
61681807
61683137
61682696
61713209
61681702
61681098
61683031
61681585
61683365
61683081
61713555
61683563
61681782
61682072
61713741
61683001
61683393
61683550
61683666
61683828
61682394
61682256
61683575
61713980
61683570
61682038
61682730
61683557
61681647
61682409
61683715
61682595
61682791
61682389
61684024
61683728
61714210
61683984
61682288
61714191
61683357
61684132
61683431
61682348
61714214
61682903
61684216
61683052
61683787
61682788
61682634
61683013
61683356
61684161
61714591
61684102
61682144
61714799
61714612
61684301
61714733
61684452
61682466
61683626
61683422
61683618
61682972
61682883
61683106
61683564
61683906
61715059
61683668
61684507
61715049
61684559
61684793
61684808
61684712
61684919
61683673
61715248
61684836
61715207
61684705
61715324
61684902
61683096
61684999
61685225
61685131
61683956
61715584
61684979
61683035
61684995
61715371
61683437
61683877
61685348
61685214
61683856
61684629
61684570
61715889
61685549
61685176
61715627
61685552
61684251
61683720
61685669
61685660
61684888
61684378
61685619
61683782
61684562
61716251
61683753
61684077
61685823
61684380
61686082
61685494
61684524
61684865
61685311
61684819
61716731
61686139
61716654
61686294
61685572
61684802
61686636
61684805
61685173
61716714
61684884
61685480
61686292
61685468
61686447
61686608
61686644
61685702
61684729
61686757
61717106
61686665
61717284
61716931
61686217
61686872
61686565
61685686
61685666
61685158
61685684
61717415
61687098
61685709
61718788
61688489
61719191
61689141
61689043
61687641
61689352
61689636
61688581
61687829
61689667
61689261
61689820
61689052
61689172
61689969
61688358
61690060
61690210
61689150
61690096
61689055
61690175
61690315
61690467
61690571
61690544
61690565
61689057
61690274
61689426
61689882
61721053
61690605
61689045
61721213
61689497
61690004
61689420
61721076
61688690
61690402
61690762
61690486
61691021
61690972
61721451
61690680
61690019
61690917
61691252
61721531
61691447
61689579
61690095
61691241
61721775
61691340
61721911
61721806
61690423
61689690
61691541
61721997
61721724
61690423
61689800
61691592
61722229
61689602
61690411
61689842
61691880
61722371
61722231
61690708
61690169
61692084
61690537
61692389
61692284
61722844
61692426
61692264
61692255
61692047
61692319
61692432
61692074
61691105
61692613
61691486
61692660
61692655
61690685
61691557
61692061
61692093
61692726
61693042
61693107
61692908
61693362
61693163
61691940
61692933
61693392
61693182
61723291
61693316
61723838
61693533
61692477
61692249
61693339
61723592
61693297
61693088
61692644
61693431
61724203
61693862
61693397
61691814
61692457
61724254
61724194
61693042
61693977
61693862
61692418
61691907
61692385
61694012
61693204
61692019
61692830
61693320
61692892
61693884
61693997
61724396
61694227
61693804
61692979
61693068
61692519
61694381
61725200
61694569
61694337
61692525
61693387
61724766
61694628
61725151
61692335
61724876
61693598
61694536
61724916
61694738
61694445
61725016
61694584
61694565
61694045
61694168
61695004
61694314
61694517
61694905
61694567
61694968
61694223
61693785
61695136
61693338
61695196
61695104
61725411
61693741
61725424
61694532
61694733
61694992
61692949
61695059
61725768
61695397
61695273
61694526
61694127
61694218
61695463
61695285
61695512
61693990
61725806
61694361
61693705
61695619
61726313
61695856
61694467
61693947
61694735
61694188
61694084
61695394
61695772
61694035
61726204
61695773
61726390
61726312
61696128
61696119
61693933
61695914
61694021
61695701
61696041
61693857
61693725
61694628
61695169
61695993
61695936
61694140
61704894
61705053
61704506
61704356
61705799
61704270
61706122
61705119
61705213
61706285
61736376
61705979
61736558
61736538
61704743
61704846
61704615
61736208
61736436
61705043
61704393
61705038
61704076
61736409
61705168
61706382
61704804
61704722
61705576
61705812
61706611
61706626
61706545
61706520
61736884
61706430
61737159
61706147
61705376
61706805
61706488
61706958
61705850
61706197
61737271
61706732
61705772
61707150
61705427
61707357
61705617
61707278
61737658
61707416
61705611
61707143
61707113
61737496
61706594
61737698
61707264
61737795
61707614
61706721
61707670
61706190
61707736
61706476
61707338
61707655
61707406
61707723
61706504
61705607
61738416
61707696
61708093
61706419
61708154
61737921
61738386
61707910
61738361
61708288
61706574
61708128
61708323
61708348
61706952
61707107
61708447
61706673
61708474
61706193
61738779
61708414
61738646
61708488
61708907
61706594
61707490
61707124
61707441
61708347
61708788
61739073
61708819
61708913
61708109
61706647
61739404
61709285
61739293
61709019
61707695
61709159
61709054
61709165
61707918
61708142
61707442
61707408
61709229
61707565
61739495
61707796
61708372
61707788
61739568
61709236
61709014
61739647
61707999
61739870
61709426
61740170
61708768
61708350
61709708
61708440
61709859
61708840
61707947
61709668
61740219
61709749
61709745
61707586
61708557
61708968
61740486
61708749
61710149
61707736
61709850
61740530
61709567
61708772
61708693
61709031
61709521
61709108
61708180
61710407
61710191
61709648
61709235
61710114
61710611
61741102
61710836
61708929
61708683
61709463
61709250
61709413
61708533
61708388
61709455
61710798
61710803
61741072
61710643
61741347
61741271
61709693
61709813
61709756
61709932
61711118
61741616
61710550
61711106
61709186
61710004
61709288
61711228
61741888
61741874
61710516
61709718
61711596
61709904
61711731
61711465
61711866
61711884
61709968
61710336
61710526
61710663
61710052
61741918
61710559
61711808
61710637
61710621
61712267
61742061
61711728
61710289
61712253
61712052
61712371
61712283
61710840
61744200
61712973
61713572
61713387
61713601
61714917
61745089
61714774
61745116
61713823
61714466
61714819
61713058
61714872
61714619
61713458
61713761
61714925
61712819
61745473
61713828
61713812
61713909
61713867
61714907
61713862
61713857
61713185
61715135
61745570
61715174
61715054
61715375
61714289
61714489
61715353
61713416
61715293
61715374
61713603
61714732
61714247
61714567
61746031
61716274
61715625
61714383
61715341
61716163
61714791
61714929
61715753
61746651
61716245
61714580
61746577
61715248
61714950
61715192
61714765
61714334
61716596
61716628
61716335
61715680
61715083
61715758
61715201
61714543
61716572
61746967
61716979
61747173
61714992
61716918
61716827
61714985
61716875
61716781
61714906
61715863
61716290
61717031
61715502
61716612
61715504
61717356
61715759
61715266
61716420
61717211
61717066
61716261
61715944
61715907
61717229
61747733
61717385
61747717
61716388
61717348
61747872
61717445
61748225
61717841
61717658
61717967
61717588
61747940
61717679
61748240
61717752
61716537
61717850
61716614
61715966
61716390
61716737
61717962
61716225
61718011
61718013
61716683
61717885
61718156
61748750
61748608
61717355
61718365
61717634
61717121
61718520
61749012
61718637
61748981
61718708
61718609
61717424
61718860
61718820
61748918
61717681
61718901
61749247
61718890
61718745
61718056
61718039
61719155
61718103
61719289
61718954
61717066
61717955
61717222
61719271
61749799
61717625
61717920
61749813
61717594
61719708
61719610
61719276
61719592
61718803
61719588
61719366
61749834
61718224
61750090
61718295
61718809
61719911
61719966
61719541
61719803
61750141
61719870
61750399
61750266
61719220
61720032
61720661
61718111
61718842
61719506
61718905
61719184
61719565
61719619
61720138
61720403
61718655
61720705
61718312
61750844
61720347
61750811
61720876
61720397
61718545
61719406
61719817
61719449
61720515
61720700
61751244
61720658
61718996
61751318
61719639
61719725
61719834
61720338
61719361
61721198
61721178
61720823
61721218
61720925
61720848
61719467
61721220
61751940
61721454
61721303
61719829
61720651
61721511
61720784
61721620
61721601
61720072
61721774
61720119
61721874
61721622
61751902
61722143
61752274
61720062
61721592
61720575
61720592
61722272
61719920
61720897
61721130
61722219
61721451
61720681
61721561
61752549
61722267
61720578
61752707
61721147
61722375
61721224
61721642
61752797
61722228
61722421
61720909
61722710
61722773
61752881
61722711
61753012
61722631
61753073
61752853
61721984
61722922
61723025
61722928
61752968
61753187
61723361
61722801
61721087
61721778
61721929
61721883
61723099
61721926
61722180
61723429
61723682
61722267
61723468
61721769
61721585
61722591
61722167
61723005
61722581
61723696
61754246
61723720
61723823
61723937
61754223
61723795
61723976
61754288
61724237
61754729
61754632
61724055
61722149
61722962
61722226
61724280
61722526
61724323
61722604
61723984
61724645
61724544
61722454
61723316
61724368
61724505
61722761
61723837
61722886
61722752
61723416
61724564
61724687
61722993
61724767
61723030
61724957
61724808
61755218
61724834
61722986
61725011
61755392
61725078
61723849
61723407
61723964
61723213
61725221
61755550
61725196
61755804
61724067
61724153
61724633
61724241
61724748
61755931
61723754
61725489
61756014
61725529
61724263
61724910
61756056
61725643
61756193
61725831
61725503
61724671
61725669
61723899
61724531
61723830
61726046
61724068
61724892
61725289
61724119
61725114
61726383
61724646
61726439
61724828
61726358
61725572
61726486
61726450
61726105
61726732
61726240
61756753
61725461
61725951
61725474
61724863
61726701
61757240
61726797
61726879
61726907
61725640
61726808
61727170
61725508
61727339
61726892
61727516
61727024
61725152
61727177
61757657
61727220
61725838
61726765
61726349
61725990
61726385
61725958
61726853
61726443
61727791
61726111
61727735
61725659
61727897
61727729
61758038
61727773
61726203
61758375
61726676
61726717
61726668
61726261
61727293
61726983
61728187
61726893
61726687
61728038
61727789
61728064
61726399
61726415
61726797
61726976
61727224
61727132
61726812
61758836
61728299
61726746
61727641
61727052
61726785
61727324
61758737
61728670
61726964
61727999
61727972
61727591
61727476
61726668
61728624
61730532
61728790
61759058
61729093
61728853
61726994
61727613
61730700
61730138
61729878
61730444
61729673
61730513
61729884
61732184
61731888
61732245
61732286
61730523
61730942
61732771
61732385
61762712
61731840
61730831
61730729
61732794
61732710
61730898
61732654
61730986
61763073
61731564
61731609
61731792
61730943
61731110
61763158
61732745
61763049
61732620
61731777
61733030
61731773
61732366
61731926
61732867
61733075
61763420
61733156
61764005
61733389
61735186
61732731
61733714
61733537
61733596
61732659
61763808
61731925
61732108
61731601
61732284
61764050
61731581
61733457
61733684
61733678
61734080
61733128
61732403
61734014
61734132
61733105
61732759
61732926
61732468
61764405
61732960
61733751
61734351
61764842
61734421
61764884
61764883
61733472
61734731
61734291
61732623
61765282
61734728
61734773
61734893
61734946
61734882
61734972
61734798
61735411
61734855
61733246
61732948
61733926
61734468
61733822
61733158
61733174
61734104
61735418
61735294
61733364
61734168
61765624
61735341
61735428
61735709
61735789
61735740
61733883
61734327
61734300
61734907
61734809
61734351
61733839
61734112
61735276
61766415
61735937
61735117
61735844
61736046
61735945
61736111
61766361
61734720
61766233
61736047
61734828
61735553
61735251
61734792
61735644
61735109
61734976
61766974
61736545
61766891
61736151
61735216
61736650
61735424
61735390
61767089
61737056
61766948
61736580
61735002
61736857
61736762
61736784
61767190
61767455
61737061
61767509
61737156
61767711
61737363
61736045
61737209
61736987
61737324
61735121
61735500
61736342
61736883
61736388
61768060
61737293
61737533
61737890
61735991
61735974
61736580
61737925
61736706
61738108
61738015
61736203
61737014
61736665
61737119
61737678
61738144
61768670
61738231
61736583
61737282
61736920
61737345
61737058
61738198
61738346
61737172
61737638
61737200
61737167
61738602
61769177
61738638
61736883
61737836
61737764
61737387
61737491
61737301
61738977
61738423
61738921
61738676
61738590
61739263
61738836
61739104
61739193
61739211
61738579
61739401
61739182
61769437
61738958
61769511
61739165
61739226
61739352
61737577
61739365
61739313
61737345
61739410
61769646
61737712
61739440
61739643
61737977
61739771
61770290
61738794
61738617
61739858
61739021
61738534
61770304
61740275
61770302
61740231
61738474
61740240
61738707
61740483
61740367
61740403
61738208
61770874
61740390
61770901
61740496
61740336
61739225
61740523
61770875
61740603
61771187
61740650
61740094
61740861
61738658
61738717
61739434
61738971
61739467
61740646
61741070
61740673
61741041
61771656
61740857
61738988
61741241
61741403
61740952
61771768
61741436
61741244
61739284
61740047
61740695
61741642
61741412
61741736
61741367
61771867
61741676
61739681
61740463
61741809
61741963
61741711
61741603
61772519
61740252
61740842
61740352
61741509
61742192
61742194
61772534
61742104
61772593
61742274
61740599
61740230
61741027
61741495
61741156
61741020
61742378
61772944
61742343
61772818
61742429
61740721
61772827
61741299
61742752
61741884
61740666
61742596
61740880
61742732
61740985
61742368
61741470
61741289
61742193
61741308
61742723
61773403
61742954
61742249
61742724
61741354
61742978
61743374
61743317
61741713
61742857
61740950
61741633
61741088
61741656
61743222
61743111
61741497
61743370
61742949
61742389
61742113
61742026
61743260
61774028
61743594
61743622
61743856
61743502
61773843
61743574
61774022
61741683
61743870
61743861
61742220
61773890
61742530
61741773
61742512
61742944
61742579
61743824
61743917
61743940
61744010
61743086
61742648
61744195
61774427
61744605
61743088
61744196
61744381
61744208
61742094
61774596
61743096
61743637
61743283
61743258
61744844
61744631
61743308
61744092
61745191
61743890
61743924
61744018
61775223
61744789
61775233
61744951
61744902
61745162
61743083
61744376
61744113
61744521
61775511
61775594
61745435
61744676
61745461
61745184
61745620
61745462
61743553
61744442
61745018
61744424
61744487
61745763
61776283
61746157
61745788
61745882
61744176
61744825
61746002
61744144
61744766
61746114
61745925
61746245
61746364
61746247
61745490
61744264
61745112
61746580
61746585
61776698
61745085
61745805
61746528
61776752
61746324
61777009
61746441
61746310
61745919
61744859
61746784
61746511
61746752
61747681
61748250
61746517
61748848
61779441
61779437
61747927
61749408
61748196
61749520
61749512
61747969
61749804
61780018
61749592
61748509
61750029
61748148
61750065
61750077
61748045
61748992
61750343
61749252
61748687
61750054
61758794
61759775
61759773
61760941
61791308
61760957
61759367
61761264
61761388
61791791
61761383
61791782
61761450
61759632
61791748
61760330
61761689
61761550
61761629
61759747
61760511
61760832
61761460
61760631
61762084
61760732
61762086
61762016
61792519
61762482
61792578
61761823
61761086
61760768
61761027
61761520
61792671
61760657
61762187
61792728
61762014
61760820
61792757
61762347
61792960
61762479
61760726
61792727
61761309
61762920
61762658
61763025
61762605
61760884
61762546
61760660
61793263
61762178
61763116
61762395
61763200
61762442
61761611
61763266
61793798
61763244
61761491
61793482
61762144
61762678
61762190
61761712
61793578
61762296
61763260
61763445
61761759
61763590
61761559
61763285
61763578
61793971
61763761
61762905
61763991
61794282
61762348
61764117
61794532
61763996
61763245
61764218
61762787
61763937
61764229
61762648
61762414
61763296
61763465
61763408
61763185
61764632
61764458
61764634
61764388
61764670
61764698
61763119
61764942
61763216
61763491
61764893
61764497
61764977
61764820
61765232
61765346
61763773
61764947
61795585
61765635
61795589
61765265
61763957
61763793
61764124
61764210
61795650
61763640
61765475
61763841
61765635
61765542
61796099
61765931
61796075
61765576
61765731
61765107
61765107
61765943
61796180
61796411
61765988
61796359
61765940
61764224
61796303
61764648
61766236
61766014
61764899
61765995
61764074
61764904
61764428
61796715
61766116
61766312
61764866
61797024
61766426
61764574
61765412
61766390
61766584
61796816
61766597
61797108
61764543
61765367
61765536
61766686
61797307
61766736
61797085
61765229
61766832
61764997
61765608
61766181
61767252
61766999
61767100
61767195
61797397
61765829
61766504
61797650
61767378
61767369
61767059
61765846
61767298
61797644
61767161
61797527
61797670
61766196
61767550
61798079
61766149
61766514
61767783
61767779
61798254
61767822
61798222
61768540
61767981
61768193
61768242
61768169
61766926
61768270
61768519
61766366
61767153
61766535
61766604
61768327
61766441
61767089
61767219
61768481
61766809
61768561
61799159
61768731
61767158
61768938
61767218
61768862
61766936
61799018
61768847
61766780
61767512
61768195
61768976
61768487
61769031
61767353
61768594
61768952
61799352
61767954
61767457
61769146
61767196
61768160
61767784
61768125
61768733
61769175
61767360
61769089
61767640
61799740
61769346
61799925
61769768
61800341
61769511
61769357
61799866
61769547
61799932
61769662
61800072
61800023
61768824
61770045
61769717
61768657
61769998
61800503
61770222
61768478
61800269
61768886
61768129
61769045
61769089
61770313
61768511
61770389
61768190
61768773
61770468
61768609
61769132
61769759
61770796
61770625
61770962
61769718
61800740
61770541
61800859
61770641
61770675
61768950
61770351
61771256
61800981
61801234
61771289
61801396
61770918
61769818
61771394
61771274
61771641
61769805
61801709
61771131
61801933
61771555
61802091
61772254
61802184
61801811
61770242
61770523
61770645
61770371
61770571
61769814
61801974
61771811
61772031
61770356
61772267
61769870
61802096
61771803
61802202
61771993
61802497
61802304
61771885
61770088
61770833
61770131
61771017
61772341
61770868
61803063
61772375
61802881
61770360
61771365
61772678
61772426
61771557
61772901
61803023
61772583
61803250
61772840
61771626
61772082
61772218
61772965
61772219
61803420
61772997
61803785
61773234
61771442
61773284
61773246
61803509
61773279
61803754
61772867
61773184
61771990
61772689
61771921
61773308
61771871
61773488
61773239
61773155
61772209
61772250
61772642
61773081
61772981
61773513
61774054
61772287
61773064
61773736
61771816
61772325
61775636
61772464
61772773
61774028
61772952
61774218
61772955
61773011
61774151
61804598
61774076
61773051
61774276
61773261
61774513
61774572
61804696
61774262
61804913
61774479
61774485
61774826
61772819
61774845
61774285
61804950
61773539
61773043
61773329
61772920
61805135
61773595
61774823
61773614
61773311
61774896
61773100
61774951
61773324
61775169
61775125
61805238
61773758
61805445
61775129
61805430
61773733
61805483
61775043
61805528
61776189
Peak: 62169023
Average: 60978843.72407574
