0
83405
362489
815641
1086362
1615455
2352421
2760222
3030594
3573015
3856897
4344138
5304980
5386168
5888154
6372510
6770334
7353148
7763885
8337607
8854587
9290052
9403231
9574162
9996203
10673300
11122503
11701555
12418834
12726359
13066720
13547225
14357024
14751676
15394427
15790346
16301821
16528491
16661872
16983396
17162186
17470397
17862793
18003106
18238443
18439259
19089153
19415758
19632386
19689348
19687652
19980646
20150078
20345832
20802048
21232708
21409278
21958628
22434667
23161456
23403146
23868791
24229518
24408495
24432061
24592614
24738255
24960975
25107568
25418568
25826067
26146897
26640797
27061911
27756031
28589433
29480064
29923109
29926453
29931357
29929588
29947561
29966430
30377502
30978734
31431932
31592571
31897434
32087383
32322882
32412399
32481600
32564189
32631798
32968305
32953404
33412184
34328894
33861373
34337426
34551599
34633712
34679808
34651140
34732726
35041645
35147200
35767422
35859034
36268101
36744974
36816158
37072602
37760169
37975473
38370098
38369884
38370122
38370062
38306124
38687460
38884795
39067155
39129350
43105558
43189082
43461831
43479447
44091773
44098892
44174910
44232931
44262831
44337195
44403125
44447799
44502640
44566663
44623733
44618782
44855159
45049201
45153293
45596245
45802156
46057382
46595745
46779060
46835865
47034854
47135591
47222225
47429261
47497147
47618682
47936388
48114548
48306656
48552253
48751737
49052180
49333589
49431132
49594877
49652704
49868714
50112872
50210807
50297588
50321596
50336068
50369052
50414552
50474706
50457269
50677787
50736851
50819037
51031775
51247838
51382634
51515330
51863296
52172985
52435539
52698373
52884886
53330802
53715890
54306385
54463102
54548752
54630886
54624717
54751613
54821014
54928888
55002150
55145706
55147932
55056355
55522033
55895937
56040408
56481433
56880227
56937262
56930733
57347891
57449638
59228340
57743516
57926264
58056368
58153891
58085538
58403462
58525353
58404289
58506119
58630709
58939450
59707195
59826219
59911163
59981059
60040147
60223613
60281650
60332836
61334187
60857547
60885939
60894064
60905528
60913433
60922959
60929991
60939912
60946325
60955276
60961566
60969769
60976582
60985350
60990169
60999481
61004462
61013814
61018662
60924462
60720954
60722393
60724828
60725196
60724038
60725081
60725007
60710217
60714795
60720861
60727027
60735347
60741955
60747861
60755059
60761963
60770763
60776949
60783701
60793043
60797894
60807195
60812208
60821219
60826456
60729408
60730975
60730410
60730369
60730817
60729571
60731008
60710544
60714646
60720822
60728806
60735299
60740939
60747574
60754704
60763171
60768971
60775224
60783934
60789126
60797870
60804291
60810344
60818147
60825990
60730190
60731527
60731524
60731739
60731701
60731961
60730731
60732124
60715954
60721687
60727026
60735061
60741679
60747460
60755901
60761276
60768119
60773532
60782525
60788533
60794714
60802469
60808794
60816559
60823151
60829204
60733358
60733469
60733596
60733577
60733850
60732547
60734066
60712329
60718355
60724832
60732472
60737739
60744250
60752560
60758848
60767291
60773104
60779191
60788099
60795867
60800791
60810107
60815160
60821307
60830448
60734941
60735234
60735649
60734301
60735641
60735718
60735467
60713130
60718637
60724885
60731885
60737541
60744125
60752645
60758597
60765484
60773173
60778973
60786188
60793957
60800085
60807917
60814221
60822045
60827589
60834637
60734763
60736835
60735922
60736861
60736973
60735265
60737037
60715762
60723453
60729237
60735613
60742149
60748757
60755701
60761237
60768284
60775789
60783165
60789501
60795548
60804333
60810773
60816852
60825061
60832853
60736862
60738308
60737054
60738450
60738180
60736668
60737126
60736830
60720373
60726260
60733997
60739109
60746053
60752492
60761077
60765909
60774637
60781749
60787677
60795517
60801629
60809453
60815829
60821772
60831093
60836533
60739349
60739665
60738408
60739761
60738656
60739811
60738291
60718623
60724262
60730985
60736910
60745100
60751820
60757364
60765900
60771475
60776916
60783884
60791395
60799020
60805228
60811438
60820620
60826783
60833703
60739685
60740209
60741084
60741634
60741672
60742158
60740789
60742134
60725454
60730596
60735207
60741398
60750108
60756956
60763876
60770012
60775812
60782876
60790132
60796334
60805308
60811412
60817788
60823868
60831663
60837758
60740842
60743014
60742666
60741365
60743164
60741547
60741643
60743204
60725955
60730250
60737995
60743203
60750019
60758611
60763755
60768987
60777699
60784811
60789995
60796835
60806003
60810699
60818322
60826211
60832707
60840531
60743598
60744064
60742946
60743834
60744077
60744008
60744313
60722941
60727638
60733750
60741793
60746814
60753070
60761713
60767534
60774862
60781000
60789713
60796982
60801822
60809182
60816985
60824614
60829454
60837198
60843412
60745776
60744382
60744547
60746103
60746041
60744768
60746148
60726155
60730817
60736968
60743343
60749808
60758200
60765056
60771832
60777704
60784768
60790975
60797895
60805784
60813280
60817575
60826928
60833080
60839648
60745751
60745858
60745616
60747422
60745824
60747457
60746680
60747548
60730923
60736680
60741536
60749936
60756728
60763600
60769056
60776376
60783928
60789800
60796823
60804776
60810848
60818672
60826360
60831255
60840600
60845520
60748269
60748343
60747273
60749001
60748533
60747521
60748474
60728126
60734110
60739038
60746149
60754182
60760918
60766470
60775065
60781158
60788096
60795590
60801590
60809425
60816534
60823190
60830950
60835782
60843648
60749696
60748357
60750244
60749213
60750016
60750329
60749488
60750334
60732296
60738163
60744325
60750741
60758002
60764567
60773216
60780328
60785088
60792322
60801104
60807184
60813456
60819408
60828696
60834848
60841843
60847789
60751210
60749487
60751336
60749783
60749927
60751618
60751524
60728541
60734606
60740731
60747178
60753656
60760336
60767032
60774104
60782643
60788747
60794547
60801694
60807915
60815589
60821666
60830870
60836915
60843478
60849645
60752380
60752332
60751491
60752335
60752570
60750790
60752685
60732051
60736848
60742731
60750817
60757396
60764041
60770465
60777486
60785977
60793089
60799529
60805739
60814841
60819776
60829025
60834241
60840056
60848113
60752547
60752465
60753202
60753444
60754140
60754178
60752897
60753025
60736142
60742496
60749841
60755569
60762289
60769232
60777729
60784889
60790993
60796753
60803992
60810473
60819393
60824296
60831760
60839673
60846177
60854017
60753544
60753422
60755231
60754483
60755038
60755319
60753982
60735541
60741926
60748110
60753086
60759534
60766214
60773085
60781694
60788798
60794830
60802382
60809614
60817062
60822030
60830806
60835694
60841848
60851286
60755702
60754030
60755959
60754926
60755766
60756087
60755182
60756216
60739068
60744796
60751036
60757356
60763775
60770417
60778970
60785034
60790743
60798006
60806826
60812930
60819095
60826847
60834495
60839502
60847463
60855778
60758243
60757748
60756998
60757890
60757520
60757541
60757696
60737634
60744149
60749922
60755453
60761645
60768308
60776917
60783778
60790053
60796756
60804418
60811805
60819194
60824061
60831692
60839474
60844325
60852284
60756784
60756821
60758489
60757541
60758475
60758657
60757309
60758823
60741872
60746752
60753928
60759888
60766359
60773496
60780328
60788744
60794784
60801888
60809208
60814120
60821599
60829328
60836960
60841824
60850032
60855986
60757848
60759452
60758632
60759492
60759612
60757963
60759719
60739064
60745283
60751259
60757779
60763110
60770000
60778422
60785339
60791163
60798298
60805987
60812035
60819515
60827347
60833747
60839930
60847675
60855611
60758984
60759499
60760323
60760422
60760457
60760727
60759395
60760791
60741968
60747224
60754505
60760675
60767395
60774843
60780939
60787835
60794947
60801939
60808139
60815395
60822635
60829003
60836699
60843723
60847794
60854826
60862083
60761170
60762100
60762448
60762380
60760666
60762456
60762268
60741756
60746564
60751588
60754996
60761596
60765953
60773327
60779100
60787167
60794159
60799487
60806431
60813457
60821095
60828556
60833471
60841169
60848900
60856756
60775530
60761441
60761636
60763278
60762847
60762884
60762996
60762940
60744313
60751193
60755889
60762977
60769657
60777393
60783537
60790457
60797041
60802584
60808688
60816056
60822880
60829192
60836729
60844257
60850345
60858201
60762620
60762540
60762692
60764299
60764280
60763586
60764328
60762732
60745524
60751708
60756398
60762438
60770804
60778348
60784548
60790460
60797204
60804526
60813276
60819500
60826948
60831836
60839603
60847340
60855196
60860404
60763139
60765097
60763512
60764089
60764440
60765101
60765241
60741602
60747074
60753634
60759114
60767282
60773618
60778089
60784082
60789258
60797586
60802985
60810458
60817738
60823906
60829793
60835762
60843522
60850818
60858674
60864938
60765987
60764941
60765944
60767061
60766853
60767166
60765877
60747120
60753448
60757735
60765267
60771464
60776696
60784752
60789815
60797032
60804432
60809864
60818408
60824456
60830464
60836496
60845440
60850336
60859424
60865552
60766294
60766206
60767996
60767907
60767714
60768222
60767994
60744906
60752103
60758199
60762967
60770671
60777535
60782695
60789599
60797967
60804095
60811135
60817126
60823670
60832046
60838238
60844726
60852030
60859814
60866078
60768748
60768073
60768874
60768978
60767689
60768991
60768951
60745146
60750975
60757210
60763271
60769971
60778032
60784904
60790536
60798864
60805083
60810522
60818992
60825160
60831267
60837255
60844711
60850856
60858848
60864479
60768850
60767993
60769601
60769617
60767945
60769882
60768689
60770446
60750605
60756550
60764383
60770775
60778087
60784719
60791911
60796502
60804767
60811879
60819159
60824991
60832783
60838879
60841671
60848974
60854726
60862503
60869455
60770754
60770828
60770097
60768974
60770686
60771157
60769942
60749048
60753601
60759200
60766169
60771744
60777776
60785841
60792233
60798361
60803929
60810521
60816392
60824809
60830512
60836467
60842737
60849633
60855329
60864561
60871841
60772839
60771286
60771574
60772935
60772975
60771854
60772750
60751435
60757263
60763439
60769890
60775306
60783234
60790130
60795738
60802898
60809161
60816087
60823617
60831354
60838818
60843770
60851690
60857538
60865354
60871385
60773583
60773527
60773934
60773157
60773996
60773931
60773154
60753663
60758511
60766215
60771111
60779071
60784153
60791007
60798879
60804553
60813327
60817834
60826359
60832554
60838302
60844689
60852214
60859591
60867463
60872359
60774624
60773090
60773178
60774918
60774554
60772789
60774854
60753601
60758290
60764253
60770701
60778613
60785330
60792266
60797882
60806274
60812426
60818437
60825541
60831791
60839335
60847042
60854770
60860898
60867501
60873815
60774613
60775191
60775512
60774751
60775678
60774058
60773778
60754038
60760577
60766543
60772830
60779561
60786087
60792983
60800212
60807254
60814286
60822061
60829375
60836887
60842975
60849423
60855551
60862143
60871223
60774895
60775355
60776267
60776406
60776264
60776553
60775323
60776633
60757444
60763965
60768581
60774789
60781637
60790397
60796509
60803461
60810517
60817669
60823797
60831109
60838629
60843156
60852061
60856596
60862589
60870580
60775710
60775701
60775664
60777326
60777021
60775493
60777414
60775880
60758100
60763852
60771220
60776276
60783628
60791804
60798735
60805014
60813628
60820740
60828044
60833948
60841684
60847868
60854615
60860467
60870052
60874283
60779044
60779075
60777373
60779366
60778525
60779448
60779497
60755520
60762835
60767237
60773601
60781230
60788294
60795158
60802038
60807446
60813357
60820750
60825558
60830006
60834029
60839693
60844517
60850862
60857302
60862558
60865702
60872141
60879398
60780038
60779481
60780426
60778865
60780546
60781065
60779585
60780589
60780289
60760987
60763730
60769162
60774746
60779770
60786034
60792378
60799314
60806194
60811674
60820002
60824098
60831178
60834762
60842338
60846250
60850650
60857906
60861658
60868034
60872761
60879394
60781130
60780392
60779925
60781555
60781617
60781290
60779813
60781257
60761579
60767873
60774073
60778849
60787001
60793705
60800601
60805768
60812929
60820089
60827497
60834801
60842273
60848425
60853161
60860097
60864473
60873673
60878064
60782154
60781318
60780262
60782285
60781212
60781050
60780938
60758648
60765625
60771761
60778153
60783761
60791481
60797121
60805249
60812457
60818265
60825657
60831697
60837944
60845512
60851560
60859032
60865289
60873177
60879168
60781350
60782868
60783028
60782951
60783154
60782396
60783277
60761682
60766370
60773850
60780218
60786970
60793610
60800618
60807514
60813410
60819538
60826906
60834290
60840185
60847729
60853537
60863074
60869274
60877130
60882018
60782859
60784089
60784218
60782582
60784261
60783097
60784849
60762389
60770376
60776079
60782439
60789127
60796031
60802984
60811048
60818184
60825272
60831440
60838696
60844896
60852408
60858424
60864446
60870430
60878550
60884551
60786463
60786362
60786675
60785906
60786715
60785146
60785068
60764600
60772367
60776551
60783079
60790951
60797647
60804583
60811463
60817231
60823254
60829950
60837633
60845306
60852815
60858895
60866607
60872735
60880631
60886911
60785807
60785836
60787129
60787284
60787169
60787592
60786759
60765705
60773060
60777604
60785332
60790067
60796644
60803252
60810012
60817315
60823486
60831708
60837254
60843390
60852252
60856635
60864542
60870643
60878411
60884115
60786663
60786697
60786727
60786551
60788261
60787719
60788191
60766601
60771355
60778769
60785148
60790097
60798105
60803761
60810577
60817809
60823961
60832289
60838665
60844608
60852152
60859745
60867569
60873697
60881553
60886561
60789181
60789184
60787820
60789165
60788919
60787204
60787821
60766648
60774394
60780186
60786586
60793338
60800088
60805335
60812359
60819511
60825509
60833826
60841170
60847376
60853343
60859237
60868218
60874346
60882202
60886871
60788276
60788374
60789965
60789754
60788119
60790206
60788570
60767905
60773617
60779793
60786193
60792780
60799457
60806417
60813313
60820489
60826617
60833409
60839689
60845449
60852624
60858697
60867689
60872921
60880473
60887921
60790663
60789425
60790987
60789346
60789223
60791051
60789324
60766990
60772686
60780110
60786502
60792622
60799406
60805894
60812790
60819942
60826110
60833182
60840006
60844477
60852005
60858085
60865949
60873630
60880174
60887614
60789718
60791546
60790345
60791364
60791332
60789716
60791709
60770703
60775190
60782775
60787159
60794207
60800306
60808247
60814199
60821415
60828743
60835831
60842783
60848895
60854868
60861068
60870263
60874679
60883799
60889495
60792772
60792948
60794625
60793927
60793900
60794205
60793364
60794312
60775776
60781633
60787841
60794137
60799419
60806705
60813236
60820020
60827019
60834123
60840451
60849161
60856633
60862785
60869188
60875515
60883371
60890649
60793857
60794585
60794933
60794081
60795099
60794700
60792836
60793860
60777294
60783550
60789342
60796318
60803094
60808774
60815733
60822901
60830574
60837662
60845118
60849605
60857030
60863094
60870821
60878726
60886566
60892262
60795498
60795457
60795001
60794041
60795465
60795778
60795738
60795569
60794057
60772862
60777471
60783783
60788375
60794071
60799615
60804127
60811055
60814087
60819630
60825918
60832487
60837534
60844279
60849647
60858431
60863247
60870575
60876830
60881710
60890695
60896447
60795647
60794978
60795002
60796888
60795314
60795004
60796853
60774072
60781097
60787281
60793777
60800169
60805721
60812825
60819617
60826536
60834281
60841369
60848737
60854433
60861401
60867601
60874849
60880545
60886729
60893305
60797242
60797471
60796326
60795601
60797594
60796473
60797570
60797666
60778094
60782012
60789066
60794666
60799580
60808034
60814922
60821922
60829066
60833877
60842210
60849586
60855013
60861997
60868284
60876020
60881948
60890237
60897290
60798405
60796710
60798298
60797732
60798442
60798281
60796841
60776457
60780232
60786080
60792776
60797474
60803322
60810808
60817312
60823776
60830496
60834088
60840730
60849264
60855424
60862512
60868592
60876320
60880991
60888783
60894911
60799184
60797732
60797740
60799135
60799539
60797732
60799392
60776708
60782628
60788791
60795196
60801775
60806967
60813679
60820761
60827727
60833879
60841180
60849564
60855716
60863188
60869356
60878908
60885020
60892863
60899199
60801872
60801169
60801708
60802013
60801980
60801796
60802195
60778204
60784252
60791372
60797772
60804332
60811052
60817884
60824852
60832036
60838084
60845244
60851372
60857772
60865244
60870915
60880564
60886676
60893492
60900796
60802514
60802803
60801884
60802749
60802765
60801383
60802974
60781951
60786846
60792457
60799501
60805741
60812871
60819437
60827982
60835030
60842142
60847366
60854710
60861029
60869710
60877422
60882646
60888406
60896181
60802008
60802347
60803302
60803438
60803294
60803556
60802857
60803730
60786121
60792370
60797290
60804036
60810717
60817796
60824679
60831716
60837673
60846498
60853842
60858883
60867098
60872026
60880978
60885866
60894989
60901154
60804098
60802745
60802534
60804391
60803313
60804437
60804592
60780423
60788075
60794259
60799419
60806011
60812819
60819851
60826859
60833635
60839957
60846907
60854219
60862027
60869563
60875723
60882491
60888275
60896355
60902434
60805293
60805068
60803201
60803684
60803393
60805320
60804719
60784993
60791354
60797436
60803596
60810364
60815852
60823028
60829780
60836748
60843836
60850099
60857339
60866588
60872700
60880428
60885356
60891531
60899187
60820628
60804567
60804479
60806184
60805060
60805916
60806143
60806066
60788585
60794885
60800701
60807669
60813125
60821349
60828245
60835413
60841493
60848653
60855997
60862149
60868381
60874437
60882316
60890101
60897941
60904165
60806825
60805535
60806974
60806915
60806698
60806789
60806805
60784248
60790403
60796798
60802843
60811195
60816595
60823526
60830763
60839299
60845003
60851094
60858203
60866030
60873507
60878395
60886547
60892187
60900187
60806115
60806080
60807711
60806771
60807771
60807895
60806491
60807974
60790853
60797155
60803030
60810054
60815404
60822257
60830198
60837390
60843430
60850518
60857974
60864014
60870305
60877654
60885342
60891462
60897713
60904065
60806974
60808609
60808756
60807285
60808638
60808469
60808421
60807544
60790846
60796629
60804469
60811061
60817741
60824717
60831645
60837541
60843677
60852037
60858269
60866309
60873917
60879925
60889261
60895453
60902133
60909565
60811154
60811411
60810506
60811414
60811526
60810088
60811764
60790562
60795853
60801645
60808360
60815021
60821717
60828637
60835533
60843805
60849173
60855565
60862645
60868965
60876437
60882469
60890197
60896325
60905445
60911669
60810650
60810637
60812187
60811034
60812400
60812377
60811573
60792042
60796834
60803722
60810130
60815362
60822002
60830090
60835250
60843746
60849866
60855274
60862554
60868746
60877541
60883314
60889682
60895946
60903610
60911178
60811466
60813101
60813125
60812917
60813324
60812389
60813313
60791914
60798330
60804146
60809274
60815986
60822941
60829933
60836586
60845354
60852514
60856970
60864314
60870402
60877866
60884309
60891941
60898354
60907498
60913682
60812506
60814092
60813944
60813792
60813773
60813840
60814212
60794898
60801090
60807314
60813538
60820322
60827778
60833925
60840738
60847970
60853954
60860466
60867170
60874906
60880970
60888690
60894810
60901594
60908666
60814324
60812619
60814604
60813691
60814741
60814917
60813246
60814807
60797658
60803891
60809707
60816731
60823601
60828733
60835792
60842960
60848902
60856011
60864531
60870747
60878219
60884387
60892099
60898227
60906070
60910939
60813582
60815587
60815705
60814245
60815566
60815780
60814701
60815748
60796903
60804402
60810218
60817179
60822739
60830515
60837411
60843643
60850643
60856059
60863267
60869723
60877027
60883155
60891227
60897227
60905011
60911115
60815560
60817056
60816687
60815757
60817085
60816695
60815781
60816748
60797180
60803409
60808223
60814289
60821004
60829921
60836321
60843289
60850417
60856233
60862897
60871321
60878865
60885025
60891777
60897796
60905604
60913369
60815337
60817181
60815706
60816299
60816455
60817943
60817341
60794735
60798781
60804736
60811814
60816974
60821313
60827745
60835622
60842557
60849637
60855289
60861417
60868761
60874897
60882385
60890110
60897766
60903886
60911761
60916833
60817151
60817780
60818069
60817300
60818219
60816682
60816351
60797142
60803299
60809227
60815555
60822283
60827819
60834707
60842875
60850027
60857115
60863283
60870603
60875763
60883315
60889067
60896963
60904651
60912507
60918478
60817924
60818904
60817784
60817076
60819171
60817356
60818909
60798561
60804559
60809175
60815656
60822528
60830457
60836105
60843201
60852457
60859417
60865804
60872545
60879545
60885321
60891625
60900833
60907033
60914905
60921137
60822070
60820469
60822057
60820845
60820854
60822284
60821365
60799567
60805941
60812103
60817943
60824863
60831332
60838551
60846876
60854028
60861108
60867244
60873412
60879943
60887330
60893346
60900898
60907472
60916503
60922783
60821555
60823037
60822630
60821017
60821492
60823221
60822230
60800966
60807470
60812319
60818802
60825407
60832207
60839010
60847407
60854559
60860759
60867812
60873882
60879738
60887338
60893538
60900991
60907346
60915202
60921223
60822085
60824357
60823589
60823517
60823814
60822866
60823833
60801266
60806332
60812095
60818811
60825101
60831853
60839901
60846909
60854045
60858861
60865568
60872861
60879013
60886477
60893069
60900437
60906565
60915701
60921837
60824366
60824306
60822735
60824322
60824603
60824586
60822952
60824801
60805147
60812215
60818092
60824308
60831063
60836842
60843242
60850298
60857071
60864164
60870647
60877660
60886372
60892524
60900180
60906420
60912532
60920375
60840071
60823821
60824066
60825449
60825561
60824597
60825429
60823829
60804479
60808562
60814680
60822262
60828886
60835707
60842715
60849536
60856451
60862843
60869915
60877331
60883427
60890883
60897011
60904792
60910904
60916630
60923688
60826212
60825054
60826399
60826268
60826217
60826279
60824470
60802938
60807893
60815413
60820336
60827528
60834200
60840888
60849296
60856491
60862581
60869701
60877029
60882171
60889448
60897200
60904941
60909829
60917685
60924272
60826829
60827241
60826333
60827085
60825583
60825260
60827181
60804886
60809872
60815672
60822072
60828864
60837136
60841784
60848392
60855544
60861680
60868720
60876064
60882408
60891464
60897552
60904408
60910179
60919664
60925960
60827543
60827832
60826594
60828108
60827960
60827781
60828003
60806736
60810779
60818246
60823220
60831499
60838224
60845120
60852040
60857952
60864432
60871320
60879001
60886425
60893760
60898752
60906072
60912169
60920024
60927416
60828405
60828780
60828706
60826882
60827982
60828573
60827261
60806479
60812652
60816885
60823868
60830971
60836098
60843195
60850091
60857097
60863553
60870648
60878869
60882880
60889515
60895123
60902691
60908843
60914532
60922101
60926891
60829419
60829850
60828371
60829810
60829691
60829491
60829713
60807162
60813731
60819515
60825977
60831089
60838054
60845750
60852646
60858388
60864265
60872646
60879974
60884596
60891974
60899270
60905460
60911788
60919737
60926798
60829614
60830157
60830264
60830272
60828557
60830558
60829645
60830550
60811658
60817466
60823610
60828453
60835314
60842906
60848640
60859437
60866525
60872120
60878176
60885616
60892824
60899288
60906925
60913261
60918973
60926757
61018637
60834037
60833825
60832225
60834031
60832953
60833519
60834242
60814023
60820380
60825263
60832668
60837724
60844740
60851364
60858559
60865479
60872983
60879940
60887316
60894788
60900836
60908668
60914796
60920916
60928804
60849351
60833115
60832851
60834823
60833158
60834791
60834022
60834925
60814359
60820610
60828050
60833050
60839184
60845690
60852557
60859776
60867061
60874109
60880096
60887440
60894928
60901136
60908728
60914736
60922565
60930362
60850045
60835234
60835296
60835213
60833533
60835665
60834781
60835641
60816540
60820989
60827880
60832260
60840344
60847040
60853921
60861009
60868073
60875153
60880089
60887545
60896561
60902617
60907569
60915705
60919729
60928385
60934585
60834314
60836583
60835544
60836645
60836622
60834693
60836609
60813632
60819261
60826429
60832928
60839381
60846093
60851717
60859965
60867117
60873272
60880357
60887701
60893869
60901312
60907453
60915208
60921037
60929189
60935440
60836267
60835331
60837252
60835744
60835837
60837326
60837093
60813166
60818712
60825928
60831448
60838712
60844305
60852465
60858937
60862945
60871393
60877145
60883916
60890665
60898300
60905913
60913713
60918625
60926417
60932713
60836465
60838097
60837992
60837829
60837840
60837869
60838174
60814060
60820511
60824408
60831800
60838153
60845489
60850908
60856841
60865065
60872121
60877497
60884665
60892305
60898228
60904412
60912329
60919353
60925481
60933361
60837249
60837285
60837421
60838851
60837327
60837063
60838984
60837212
60819732
60824134
60831582
60837750
60844502
60851198
60856790
60864025
60870798
60878150
60885841
60891942
60900654
60905118
60913686
60919806
60924694
60932862
60854310
60838017
60837903
60839875
60838210
60839653
60838823
60838808
60820321
60825720
60833208
60839424
60845240
60852440
60858840
60865607
60873083
60881416
60887456
60893624
60901279
60908944
60916672
60921520
60929503
60935527
60840122
60840189
60840293
60840801
60839701
60840641
60840906
60817020
60824041
60828209
60835260
60842241
60849033
60855953
60862849
60870001
60874913
60882043
60889459
60895844
60904628
60910769
60918521
60923409
60931596
60937627
60841356
60840371
60840433
60840157
60841513
60839917
60839637
60841574
60823066
60828640
60834896
60841112
60847896
60854139
60861448
60868480
60874347
60882600
60888728
60896184
60903616
60909768
60917496
60923624
60929776
60937632
60840732
60841021
60841981
60842221
60842131
60842452
60841045
60842433
Peak: 62126204
Average: 58799162.78141499
