0
150702
151327
151360
151393
151609
151642
151674
151707
151801
151836
151867
151898
151930
151963
151995
152026
152122
152155
152187
152218
152250
152283
152314
152346
152474
152507
152481
152489
152603
152634
152666
152699
152795
152826
152859
152892
152923
152954
153138
153019
153147
153179
153210
153244
153275
153307
153339
153370
153402
153435
153467
153499
153627
153660
153691
153722
153754
153786
153820
153851
153883
153914
153947
153978
154106
154081
154171
154203
154234
154267
154299
154331
154361
154394
155737
154459
154620
154651
154683
154716
154747
154779
154811
154843
154875
154849
154939
154972
155004
155035
155067
155250
155259
155291
155324
155355
155388
155419
156761
155634
155515
155548
155579
155611
155644
155675
155707
155740
155932
155963
155996
156027
156001
156092
156123
156156
156188
156219
156252
156283
156315
156347
156380
156329
156443
156475
156509
156541
156732
158073
156795
156827
156860
156891
156924
156955
156988
157019
157052
157083
157115
157148
157121
157212
157161
157276
157458
157339
157563
157595
157545
157810
157691
157723
157755
157788
157819
157851
157884
157915
157947
157980
158011
158043
158076
158107
158139
158172
158203
158236
158267
158301
158555
158587
158619
158650
158834
158715
158747
158780
158811
158844
158877
158908
158940
158971
159003
159035
159067
159101
159131
159164
159195
159227
159260
159291
159323
159356
159387
159420
159707
159739
159771
159805
159835
159868
159899
159933
159963
159997
160028
160059
160093
160124
160156
160187
160219
160251
160285
160317
160347
160379
160412
160443
160475
160507
160539
160571
160603
160635
160669
160699
161021
161051
161083
161115
161147
161180
161211
161244
161275
161307
161340
161371
161404
161435
161468
161499
161531
161563
161595
161627
161659
161692
161724
161757
161788
161821
161851
161883
161915
85737
Peak: 259488
Average: 155884.536121673
