0
289339
416182
416248
416280
416802
416682
416866
416747
416843
417026
416849
416938
416971
417003
417035
417067
417162
417195
417227
417259
417291
417323
417355
417387
417484
417515
417489
417579
417611
417643
417826
417707
417954
417753
417866
417817
417931
417963
417996
418027
418155
418187
418219
418251
418283
418233
421961
418380
418329
418444
418626
418658
418786
418818
418617
418731
418763
418737
418978
418859
418891
419074
418955
419138
419115
419089
419179
419211
419394
419193
419249
419339
419313
419554
419435
419467
419627
419577
419691
419723
419755
419787
419819
419851
419883
419915
419947
420130
420012
420043
420075
420107
420267
420299
420331
420363
420396
420427
420459
420433
424137
420555
420587
424233
420652
420625
420657
420747
420939
420971
421003
421035
421067
421099
421131
421162
421195
421228
424873
421290
421323
421355
421387
421419
421450
421483
421515
421547
421739
421770
421803
421835
421867
421899
421931
421963
421995
422027
422059
422091
422123
422155
422187
422219
422251
422283
422316
422347
422572
422603
422635
422668
422699
422731
422763
422795
422827
422859
422891
422923
422955
422987
423019
423051
423083
423115
423147
423179
423211
423243
423275
423307
423563
423595
423627
423659
423691
423724
423755
423787
423819
423851
423883
423915
423889
423979
424011
424043
424075
424107
424139
424171
424203
424235
424267
424299
424331
424363
424394
424428
424715
424747
424779
424811
424843
424875
424907
424939
424971
425003
425035
425067
425099
425131
425163
425195
425227
425259
425291
425323
425355
425387
425419
425451
425483
425516
425547
425579
425611
425643
425675
425707
426027
426059
426091
426123
426155
426187
426219
426251
426283
426315
426347
426379
426411
426443
426475
426507
426539
426571
426604
426634
426667
426699
426731
426763
426795
426827
426859
426891
426923
426955
426987
427019
427051
427083
427115
427298
427499
427531
427563
427595
427627
427659
427692
427723
427755
427787
427819
427851
427883
427915
427947
427979
428010
428043
428075
428107
428139
428171
428203
428235
428267
428299
428331
428363
428395
428428
428459
428490
428523
428555
428587
428619
428651
428683
428715
428747
429132
429163
429195
429227
429259
429291
429323
429355
429387
429419
429451
429483
429515
429547
429579
429611
429643
429675
429706
429739
429771
429803
429835
429867
429900
429931
429963
429994
430027
430059
430091
430122
430155
430187
430219
430251
430283
430315
430347
430379
430411
430443
430475
430506
430923
430955
430987
431019
431051
431083
431115
431147
431179
431211
431243
431275
431307
431339
431371
431403
431435
431467
431499
431531
431563
431595
431627
431659
431691
431723
431755
431787
431819
431850
431883
431915
431947
431980
432011
432043
432075
432107
432139
432171
432202
432235
432267
432298
432331
432363
432395
432427
432907
432940
432971
433003
433035
433067
433099
433131
433163
433195
433227
433259
433291
433323
433355
433387
433419
433451
433484
433515
433547
433579
433611
433643
433675
433707
433739
433771
433803
433835
433867
433899
433931
433963
433995
434027
434059
434091
434123
434154
434187
434219
434251
434283
434315
434347
434379
434411
434443
434475
434507
434539
434571
434603
434635
434667
435211
435243
435275
435307
435338
435371
435403
435436
435467
435499
435531
435563
435595
435627
435659
435691
435723
435756
435787
435819
435852
435883
435915
435947
435979
436011
436044
436076
436107
436139
436171
436202
436235
436267
436299
436331
436363
436395
436427
436459
436490
436523
436555
436587
436619
436651
436683
436715
436747
436779
436811
436842
436875
436907
436939
436971
437003
437035
437068
437099
437131
437163
437195
437227
437835
437866
437899
437931
437963
437995
438027
438059
438091
438123
438155
438187
438219
438251
438283
438315
438347
438379
438411
438443
438476
438508
438540
438573
438604
438636
438668
438700
438732
438764
438796
438828
438860
438892
438924
438956
438988
439020
439053
439084
439116
439148
439179
439212
439244
439276
439307
439340
439372
439404
439436
439467
439500
439532
439564
439596
439628
439660
439692
439724
439756
439788
439820
439852
439884
439916
439948
439979
440012
440044
440076
440108
440781
440812
440844
440876
440908
440940
440972
441003
441036
441067
441100
441132
441163
441196
441228
441260
441292
441324
441356
441388
441570
441452
441484
441516
441548
441580
441612
441644
441676
441708
441740
441773
441804
441836
441867
441900
441932
441964
441996
442028
442060
442092
442125
442155
442188
442220
442253
442283
442317
442349
442381
442411
442443
442476
442508
442540
442572
442604
442637
442668
442700
442732
442764
442796
442828
442859
442891
442924
442955
442988
443020
443052
443085
443117
443148
443180
443212
443244
443276
443308
444044
444075
444108
444140
444172
444203
444236
444268
444300
444332
444364
444396
444428
444460
444492
444524
444556
444588
444620
444651
444684
444716
444748
444780
444811
444843
444876
444908
444940
444972
445004
445036
445068
445100
445132
445165
445195
445228
445261
445292
445324
445356
445388
445421
445452
445484
445516
445489
445521
445612
445644
445676
445708
445740
445772
445804
445836
445868
445900
445932
445964
445996
445969
446060
446092
446065
446306
446338
446370
446193
446434
446466
446289
446530
446562
446443
446626
446658
446457
446722
446754
446786
446818
446641
446673
446705
446946
446978
447601
447633
447665
447906
447788
447970
448002
447825
447857
448098
447921
447953
448194
448226
448258
448290
448322
448354
448177
448418
448450
448482
448514
448337
448369
448610
448642
448674
448555
448529
448561
448593
448625
448633
448336
188834
Peak: 453649
Average: 431578.34755332494
