0
136876
170944
514375
870516
1131542
1656231
2368778
2667471
3034757
3539242
3902532
4368876
5153862
5565694
5720158
6199646
6678416
7080871
7399646
7809840
8349669
8576128
9002099
9351101
9440571
9593208
10012842
10669612
11015135
11653934
12274661
12626527
12871958
13227040
13832033
14398563
14713626
15192822
15679675
15957743
16403675
16543870
16677470
16756271
17100960
17378658
17553417
17931108
18061692
18276679
18455710
19108687
19431609
19615271
19722196
19725252
19937387
20013234
20183053
20364435
20466721
20839343
21165609
21396062
21856552
22343902
22739733
23299178
23539218
23991161
24294688
24445801
24469408
24606376
24777385
24962705
25146826
25459878
25750190
26079988
26648531
26905598
27389716
28037788
28668520
29514835
29957817
29959641
29965497
29968073
29982239
29992541
30011975
30412951
30951256
31433605
31630624
31905690
31998562
32301271
32395951
32461975
32515798
32586932
32627379
32776333
32984890
33434591
34362227
33885708
34380754
34500343
34672681
34719582
34737787
34815592
34999295
35046843
35241377
35814205
35904664
36227313
36790494
36861847
37090913
37474284
37807384
37993428
38417468
38417513
38417585
38417188
38417481
38704194
38790286
39039603
39145943
39243077
43193174
43209577
43466391
43525895
44140381
44126198
44196218
44230098
44297307
44327468
44399455
44448406
44505038
44525556
44593727
44644606
44675968
44902006
45005059
45139631
45446468
45652672
45841142
46100367
46638714
46839399
46890977
46972895
47158735
47189504
47331284
47497402
47540059
47662399
47980243
48114540
48325986
48559950
48642835
48793340
49073427
49203978
49375173
49511210
49599910
49608128
49885516
49966206
50181106
50251917
50336795
50359355
50371875
50403451
50419191
50482895
50517916
50593693
50712640
50805827
50859809
51056532
51428541
51531958
51832143
52098454
52428068
52492836
52739376
52917160
53226555
53696210
54312429
54523650
54539528
54593038
54674392
54684827
54910076
54991171
55035484
55078874
55187817
55191476
55194768
55197042
55096652
55357322
55710204
55900561
55972855
56104920
56522009
56915729
56971956
57367899
57496121
58405903
57722878
57938535
57977398
58190683
58210328
58125102
58405437
58564022
58444997
58569778
58875278
59194795
59782837
59883789
59968069
60028909
60083205
60121913
60285116
60322351
60371774
61374302
60791348
61089285
63084895
65581308
67909223
70405048
72731378
75227407
77554837
79882757
82377681
84704909
87199862
89526396
91854273
94179804
96675036
99001077
101497624
103969563
60922591
60926436
60926542
60928469
60929212
60928696
60929065
60929882
60931126
60930336
60931619
60931609
60930939
60931095
60931917
60932298
60931108
60931128
60932403
62406489
64899696
67558956
70219287
72880679
75042415
77370232
79530900
81691771
84352998
87013543
89674079
92332227
94993128
97652251
100312560
103138557
60940049
60939933
60940808
60941196
60941254
60940061
60941325
60941285
60940027
60940667
60940708
60942004
60941752
60940605
60940605
60941621
60941777
60941940
60942048
61585306
63912118
66572266
69230860
71890932
74550572
77209228
79869108
82528767
85187511
88014852
90673879
93332844
96160455
98818135
101479200
60943868
60942805
60942749
60944470
60944228
60943001
60943094
60944423
60943377
60943060
60943885
60944434
60944543
60943767
60943842
60944680
60944594
60943557
60944615
60944940
61919653
64413947
66905717
69565286
72225488
74718245
77378093
80037656
82697371
85356846
88016430
90676775
93335539
95996173
98655152
101315607
103787042
60946332
60946331
60945927
60945948
60946821
60946953
60947277
60946396
60947282
60947424
60946281
60946727
60946871
60946310
60948028
60948168
60948382
60947208
60947300
62255788
64748918
67408933
69901416
72560956
75220428
77880139
80539841
83365839
86025908
88518503
90846759
93505241
96332956
98990623
101651479
60949042
60949534
60949771
60948553
60948566
60950121
60949753
60949819
60948950
60949153
60949889
60949972
60949996
60950209
60948896
60949869
60950033
60948762
60949512
60927788
62922227
65416120
67907864
70568184
73227608
75886936
78546896
81206704
83866520
86526512
89185360
91844320
94504992
97163776
99991416
102650912
60951148
60951162
60951333
60951282
60950049
60951468
60950820
60951473
60951493
60951546
60950292
60951695
60950673
60950713
60951097
60951007
60950849
60950559
60951770
60951845
61594407
64088703
66580175
69239823
71899823
74559439
77219351
79879333
82537901
85196952
88024088
90516951
93343173
96002309
98661239
101489221
60951762
60951799
60951939
60951683
60953048
60952862
60951613
60951696
60951962
60952843
60952197
60952883
60952970
60952160
60953088
60953192
60952416
60952456
60952112
60953115
60953279
60953383
60953347
62428263
64587662
67080367
69740861
72400789
74893176
77552879
80212822
82872280
85531805
88191197
90851517
93510303
96338042
98996914
101657549
60954038
60954096
60954144
60954005
60954386
60954303
60953812
60955146
60955195
60953970
60954063
60955020
60955125
60955237
60954149
60954655
60954911
60954148
60955295
60955451
61930481
64424755
66916256
69575306
72236286
74895838
77555566
80214486
82874086
85533262
88192934
90520658
93179886
95840321
98498970
101325537
103797183
60956575
60956481
60955675
60955690
60955341
60956493
60956708
60956817
60955813
60955496
60956118
60956865
60955530
60956384
60956245
60956021
60956765
60956921
60957135
61932101
64258664
66918922
69577689
72070807
74564571
76892147
79219649
81879521
84539297
87199353
89692305
92351177
95011369
97671513
100332161
102991009
60958788
60958969
60958169
60958119
60958970
60959147
60957965
60958117
60959226
60959186
60959282
60958009
60958449
60958676
60958605
60959298
60959387
60959646
60959611
61270771
63264307
65922875
68581987
71241267
73902699
76562371
79220859
81879659
84707011
87365795
90026243
92685247
95512909
98171857
100832430
103801366
60960676
60959532
60960222
60960076
60960267
60959675
60960348
60959852
60959894
60961351
60961078
60961115
60959959
60960152
60959807
60961570
60961101
60961205
60961423
61436966
63764203
65924436
68583725
71244604
73737471
76397277
79057250
81716178
84375722
87203179
89863451
92521766
95182174
97841158
100668046
103326550
60963170
60963304
60963510
60962356
60963271
60963528
60963560
60963004
60962913
60962612
60962232
60963490
60963595
60963817
60963735
60962551
60963634
60963774
60963851
61439990
63766869
66427072
68919795
71411696
74073286
76565726
79225758
81885598
84545395
87037850
89698339
92357211
95017258
97676274
100504179
102829566
60964056
60965118
60963675
60964933
60964969
60965003
60964379
60964267
60963779
60965150
60965140
60965222
60965194
60964192
60965216
60965278
60965417
60964144
60964885
60943740
62937227
65597244
68088867
70748303
73407645
76067275
78727026
81388056
84047915
86707872
89365402
92025685
94686236
97345034
100173007
102831904
60966027
60965136
60965515
60964773
60965996
60966162
60964937
60966339
60965342
60965190
60965157
60967168
60966379
60966104
60967069
60966526
60967388
60967551
60967579
60945991
62772880
65265835
67591906
69754395
72247627
74907345
77399672
80060724
82553203
85211933
87872297
90533491
93192067
95852600
98344160
101004922
103808975
60968383
60967161
60967608
60967872
60967405
60968569
60968644
60967556
60967539
60968512
60968778
60968976
60968906
60969052
60968052
60968372
60968113
60967743
60969047
62109553
64270013
66762806
69423047
71915606
74575449
77235187
79894732
82554939
85213363
87873579
90533667
93192788
95853183
98679321
101340039
103810411
60970013
60970092
60969169
60969215
60969900
60970013
60970117
60970217
60970287
60970243
60970237
60970392
60970364
60969116
60970161
60970352
60970378
60970584
60970628
61612005
64106276
66597951
69257814
71751694
74411187
76903446
79563545
82222682
84882621
87543410
90203799
92862665
95355749
98014838
100675219
103334056
60969871
60970350
60971366
60970789
60972195
60972236
60970864
60970900
60971983
60972131
60972227
60970954
60971407
60971570
60971463
60971127
60972226
60972417
60972553
61282047
63774953
65935310
68427954
70921074
73580506
76241491
78733667
81393606
84054710
86714852
89206142
91866492
93860638
96521191
99181319
101674340
60972192
60971725
60972168
60972315
60972136
60972536
60972405
60972325
60972320
60972123
60972139
60972083
60971992
60973326
60973417
60973500
60973502
60972895
60973559
60973725
61117239
63111658
65604442
68263262
70923746
73415797
76075611
78735154
81395043
84056101
86716110
89374985
92035214
94694446
97354652
100014222
102674019
60973795
60974525
60974548
60973612
60973772
60973313
60974583
60974755
60974859
60973618
60973711
60975156
60974899
60975067
60974976
60974940
60974185
60974356
60974288
60974109
62780532
65274639
67933811
70425519
73085089
75744550
78239232
80566753
83059427
85719163
88378225
91038328
93697208
96357626
99016722
101844376
60975225
60974424
60975427
60975583
60975679
60976795
60975448
60976657
60976844
60976808
60975960
60976021
60976384
60975973
60976824
60976996
60977244
60975961
60976128
60975992
62284174
64776795
67269554
69930422
72589911
75082224
77741694
80401494
83061398
85722721
88380257
90874221
93533086
96193821
98852439
101514460
103818610
60977812
60977806
60976933
60977138
60977053
60977008
60977349
60977064
60978038
60978143
60978204
60976912
60978221
60978173
60978285
60978245
60978400
60978381
60978536
61289326
63448693
65941394
68601837
71093738
73753869
76414749
78906797
81566360
84226117
86886141
89545296
92205047
94865773
97524440
100185264
102844152
60977816
60978328
60978243
60979102
60979215
60979260
60978094
60978130
60979154
60979310
60979398
60979413
60978765
60978746
60978559
60978253
60978749
60978650
60978983
60958008
62786636
65279363
67771229
70430155
73090955
75750579
78410236
81070051
83064075
85725156
88384108
91044412
93703316
96363700
99021300
101682172
60979792
60979385
60980196
60980359
60979236
60979345
60980318
60980584
60980591
60979439
60979721
60979934
60979841
60980644
60980792
60980778
60980828
60979988
60979599
60981047
62621427
64946879
67440654
69934030
72427136
75086701
77746685
80406493
83066127
85726454
88385013
91045141
93704048
96364533
99190627
101851456
60981828
60982641
60982810
60982775
60981695
60982822
60982913
60981939
60981681
60982784
60982924
60983111
60982311
60982291
60982547
60983315
60983326
60982709
60982394
60982351
61791628
64285855
66777436
69270068
71930173
74591037
77083296
79743037
82404173
85063021
87723045
90383237
93042053
95702554
98194030
100854507
103824690
60983897
60983837
60983176
60983104
60983891
60983864
60983890
60984038
60984246
60982941
60983034
60984109
60984214
60984318
60984354
60983498
60983690
60983511
60982961
61792763
64285668
66944540
69437428
72097132
74756708
77416428
80077583
82736116
85396279
88056236
90715276
93375316
96035772
98693332
101353999
60983963
60984051
60984997
60984988
60984987
60984283
60984128
60983791
60985394
60985171
60985284
60985443
60984152
60985176
60985093
60985165
60985421
60984610
60985325
60985440
61462528
63788285
66280543
68940706
71600058
74092943
76752557
79412421
82071536
84731109
87391165
90051664
92877717
95538010
98195597
100856477
103826483
60986121
60984907
60985093
60985258
60984799
60986439
60986131
60986227
60986339
60986355
60985152
60986432
60985373
60985557
60985408
60985301
60985146
60985055
60986367
61296394
63623169
66115735
68774858
71436711
73929433
76257177
78749804
81409383
84070362
86563156
89222077
91882228
94543665
97036428
99528646
102188598
60988844
60988523
60987462
60988958
60988671
60988767
60987771
60988091
60987739
60988568
60988751
60988930
60987697
60987688
60988712
60988978
60989082
60989067
60988254
60967526
62962145
65287665
67947743
70439634
73100162
75592401
78252437
80912050
83571874
86231933
88890845
91384925
93545013
95873202
98033450
100527687
103186951
60989055
60988644
60989604
60989775
60989799
60988867
60988710
60989726
60989823
60989951
60990017
60988806
60988707
60990508
60990082
60990186
60990150
60989662
60989702
60967887
62795838
65456003
67949009
70608094
73100223
75759908
78419687
81079580
83739359
86399396
89225452
91718131
94546049
97204924
99864700
102523124
60989521
60990823
60989737
60990294
60990048
60990784
60991130
60991044
60990230
60991014
60991148
60991180
60991377
60990563
60990616
60990518
60990003
60990719
60991530
61301423
63629101
65955791
68116512
70608451
73268895
75761265
78420773
81081018
83740912
86401803
89059293
91720802
94381165
97038827
99531541
101693599
60991929
60991482
60992010
60992195
60991015
60991108
60992167
60992419
60991068
60991604
60991767
60991588
60991252
60992399
60992461
60992506
60991473
60991375
60992441
60992051
62632566
64627601
67120345
69612137
72271969
74931721
77591017
80250961
82910865
85570161
88397049
91057265
93715017
96375208
99201569
101860892
60992291
60993127
60994782
60994827
60994876
60994620
60994907
60994837
60994383
60993993
60993652
60995474
60995105
60995139
60993914
60994042
60994964
60995112
60995275
60994365
63134688
65461442
67954217
70613433
73272905
75932489
78592137
81251937
83911860
86572010
89230738
91890899
94551348
97209250
99869499
102528428
60996282
60995941
60996044
60995318
60995211
60995896
60996191
60996223
60994669
60996075
60996223
60996402
60996404
60996370
60996396
60995155
60995315
60996280
60996487
60996556
62802084
64796245
67288918
69782406
72441694
74935318
77594798
80256020
82748347
85407444
88067668
90727708
93386329
96047108
98705649
101367481
103837825
60997173
60997202
60996236
60996551
60996140
60997135
60997248
60997446
60997380
60996204
60997287
60996119
60997504
60996796
60997415
60997774
60996496
60997763
60996890
60996613
60997783
60997946
61473883
63800979
66293450
68952438
71445810
74107007
76766585
79092713
81420444
83913045
86573458
89232039
92059477
94719812
97378871
100039463
102697281
60998525
60998674
60997721
60997932
60997801
60998545
60998832
60998907
60997649
60998810
60999003
60997671
60998383
60998105
60998215
60997764
60998983
60999168
60999382
61308928
63469251
65962130
68622472
71281802
73774581
76434411
79093986
81752883
84412832
87073952
89733400
92391835
95052400
97878521
100539200
102864346
60998600
60998964
60999186
60998970
60998513
60999851
60999989
61000093
61000006
60998851
60999969
61000058
61000245
61000298
60998910
60998993
60999007
61000396
61000248
61000374
62806132
64965959
67459924
69952071
72612676
75104908
77765796
80258254
82918103
85576975
88236999
90897215
93556418
96384023
99044463
101705076
61001690
61001327
61001474
61001650
61001877
61001917
61001919
61001805
61001591
61001509
61001418
61002543
61002618
61002786
61002822
61002875
61001642
61002093
61001834
61002901
61478969
63639626
66132387
68791763
71451818
73944836
76604305
79264534
81923098
84584074
87244181
89904381
92563216
95223522
97882676
100541931
103200805
61002971
61003009
61003134
61002523
61003670
61003855
61003938
61003915
61002849
61003881
61003373
61004205
61004135
61004231
61003345
61003639
61003350
61003065
61004204
61149163
63142162
65802528
68294192
70787629
73446714
75775257
78434964
80927631
83587567
86248559
88739993
91400340
94060247
96720652
99379663
102040167
61004268
61003565
61004374
61005142
61005415
61004114
61004274
61004365
61004389
61004377
61004276
61004236
61004299
61005349
61005540
61005676
61004494
61005825
61005806
61005846
61815337
63975133
66468815
68794154
70956120
73449392
76109008
78601362
81262387
83921899
86415050
89073850
91733840
94395501
97054496
99715102
102373950
61006426
61006419
61005366
61006339
61006487
61006556
61006631
61005809
61005760
61005862
61005419
61006579
61006146
61006855
61006997
61006974
61005931
61005715
61006921
61006953
62480637
64973950
67632891
70125009
72785837
75278107
77937577
80597816
83257413
85918736
88577522
91237677
93896482
96556932
99215860
101876468
61007038
61006739
61006939
61006441
61007839
61007901
61007933
61006945
61006585
61007812
61006680
61007944
61006864
61007829
61008028
61006880
61006811
61008464
61008164
61008252
61651460
63978397
66469991
69129908
71621921
74283445
76775888
79435765
82095537
84589333
87248095
89742195
92401063
95061422
97720529
100547048
103207079
61007984
61007987
61007665
61008954
61009111
61009071
61009171
61009076
61008039
61009047
61009136
61009336
61009194
61009209
61008583
61008957
61008793
61008668
61008796
60988684
63315400
65643337
68135009
70795345
73454881
75947083
78774057
81266571
83926283
86753769
89412417
92072857
94232129
96892537
99552577
102213220
61011835
61010752
61010810
61011920
61012033
61011976
61011315
61011397
61011325
61010823
61012034
61012174
61012492
61012274
61011079
61012143
61012275
61012539
61012515
61011554
63151562
65310794
67803923
70462797
73123522
75783221
78275423
80935248
83595063
86255352
88914152
91574344
94233800
96893695
99552817
102213122
61013103
61013101
61011941
61013188
61013359
61013319
61013452
61013446
61012603
61012803
61012464
61013387
61013425
61013596
61012363
61012592
61012403
61013779
61013764
61013851
62654324
64647195
67139976
69800624
72292746
74952323
77613209
80105744
82765801
85425512
88085443
90578499
93237523
95897843
98556533
101217211
103854921
61013615
61014412
61014495
61013120
61013395
61013800
61013605
61013264
61014526
61014596
61014569
61014630
61014866
61013488
61013816
61013702
61014739
61014879
61014921
61656804
63817658
66476746
68968999
71628631
74289743
76948071
79609119
82268039
84927927
87586687
90246903
92906943
95567399
98225095
100885967
103855740
61015474
61014070
61014777
61014633
61015310
61015401
61015500
61015681
61015781
61015749
61015670
61014515
61014243
61015649
61015791
61015831
61015897
61015350
61015145
61991649
64318275
66810080
69302393
71962495
74623434
77115795
79775475
82435144
85094153
87754425
90081950
92742106
95402432
98061359
100721953
103379590
61016346
61016538
61016519
61015574
61016438
61016623
61016698
61016691
61015742
61016193
61015926
61015547
61016694
61016936
61017136
61016969
61016044
61015651
61017318
61493197
63986548
66312753
68805241
71464693
74126172
76618583
79278439
81937319
84596957
86758492
89418678
91911318
94572066
97230712
99891312
102550474
61016858
61017733
61017998
61017965
61018175
61017153
61017212
61016812
61018023
61018112
61018334
61018284
61016998
61018065
61018205
61018282
61016982
61017785
61017727
60995830
63323381
65482986
67975890
70634874
73295474
75787930
78447346
81107153
83766978
86427050
89088169
91748185
94409873
97067498
99728026
102387113
61020976
61019595
61021031
61021116
61019824
61020576
61020582
61020352
61019829
61021263
61021391
61020115
61020397
61020096
61021307
61021522
61020112
61021301
61020569
61021569
62827460
64987216
67481194
69808394
72300918
74961280
77453693
80113403
82774434
85265912
87926243
90586098
93246210
95739391
98398250
101058722
103862707
61022006
61022118
61020936
61021755
61021651
61021448
61021121
61022510
61022393
61022425
61022491
61021336
61022411
61022516
61022722
61021285
61021749
61022035
61021848
61997205
64325163
66650546
69310467
71802986
74463931
76956290
79449738
82109093
84769814
87429821
89922693
92581830
95241883
97901994
100562646
103221501
61022702
61022503
61022884
61022943
61022778
61022226
61023603
61023680
61023695
61022650
61023564
61023669
61023832
61023915
61023879
61023239
61023129
61023019
61022576
61001165
63161930
65655964
68147672
70806782
73467465
75959905
78619449
81279164
83939343
86598972
89258081
91918180
94745956
97403518
100064521
102722990
61024380
61024613
61023622
61023921
61023817
61024057
61023841
61024042
61023640
61023571
61023611
61024091
61024166
61024342
61024166
61024283
61024043
61024131
61024254
61023760
61999396
64326144
66818825
69478934
71971819
74631448
76792769
79286177
81945035
84605900
87098644
89758895
92417492
95078360
97736864
100398653
103057576
61024285
61024736
61024867
61024497
61025729
61025994
61026005
61024864
61024576
61025864
61025876
61026135
61025976
61025451
61025304
61025371
61025382
61025516
61025395
61004866
62999156
65324500
67984874
70476725
72970133
75629533
78290501
80782935
83442821
86104029
88762893
91255687
93914479
96575135
99233746
101894365
61025990
61026239
61026036
61026917
61026995
61027150
61026205
61025879
61027085
61027190
61027425
61027428
61027262
61026151
61026474
61026477
61027562
61026431
61026463
61026618
61337127
63665041
65990642
68483540
71142609
73804189
76295988
78955537
81615196
84274761
86934761
89594407
92254124
94914553
97740746
100401346
102726681
61026959
61027943
61028107
61028160
61027080
61027234
61027509
61028253
61028307
61028644
61027221
61027562
61027405
61028386
61028569
61028828
61027429
61028781
61027951
61007221
63166532
65160971
67653685
70146809
72807546
75299754
77960714
80453357
83113226
85774221
88265633
90928533
93588357
96248738
98574316
100237623
102398095
61031475
61031701
61030463
61030799
61030372
61031561
61031644
61031935
61031873
61031821
61031866
61032122
61031071
61031121
61031060
61031991
61032021
61032157
61030975
61031316
62838773
65331511
67823458
70483642
72975920
75635536
78295168
80955048
83614880
86274615
89101024
91761117
94421618
97080458
99741160
102399981
61031775
61031485
61032622
61032788
61032938
61032315
61032254
61032075
61031777
61033350
61033018
61033320
61032091
61032014
61032987
61033178
61033378
61033393
61032342
61010909
63504648
65996304
68489216
71149736
73642219
76301408
78962264
81622056
84114495
86774784
89433488
92093776
94754240
97580296
100241011
102899832
61032534
61032838
61033143
61032590
61033868
61033906
61034093
61033990
61033004
61033918
61034192
61034322
61032996
61033460
61033449
61033886
61033396
61032996
61034788
61345347
63838344
66329933
68822562
71482221
74143346
76635773
79295754
81954328
84614576
87274261
89935557
92594501
95254834
97913877
100574480
103233331
61034232
61034952
61035129
61035225
61033989
61035573
61035286
61035267
61034093
61034093
61034407
61034591
61034578
61034301
61035397
61035486
61035571
61035527
61034541
61678775
64004734
66664731
69156267
71816123
74476708
76969286
79629328
82288943
84948947
87608971
90269227
92928008
95588435
98247379
100907955
103876766
61036029
61036117
61036191
61035551
61035417
61035004
61036234
61036472
61036449
61035340
61036364
61036394
61036581
61036486
61035697
61036060
61035969
61035892
61035462
62343411
64837653
67328924
69989805
72482181
75141517
77635061
80294917
82954653
85614765
88274789
90767548
93426789
96086909
98747088
101407664
103878065
61037202
61036106
61036693
61036521
61036049
61037222
61037362
61037490
61037581
61037740
61036399
61037516
61037605
61037776
61037714
61037839
61037879
61037844
61038263
61037925
61037153
61182682
62178440
64506530
66999341
69491130
72150778
74811581
77471213
80131047
82790848
85449771
88109795
90769837
93428931
96089331
98748210
101408735
103879122
61037279
61037844
61037708
61038532
61038752
61038856
61037852
61037542
61038625
61038706
61038885
61037660
61038201
61038249
61038113
61037878
61038975
61039088
61039103
62180673
64673699
67166428
69657866
72319193
74811477
77472305
79964804
82624590
85283638
87944687
90604896
93096538
95757020
98415965
101076468
103880382
61039835
61038527
61038972
61038462
61038545
61039340
61039917
61040008
61038775
61038849
61039436
61039177
61038942
61040004
61040058
61040162
61040384
61040285
61040368
61351134
63511505
66004257
68495806
71155268
73648798
76308580
78968260
81630188
84290012
86950020
89609236
92269239
94929593
97588772
100249516
102907948
61043417
61043475
61043520
61042843
61042456
61042768
61042982
61043035
61042827
61042808
61042827
61042664
61042661
61042541
61042608
61042611
61042563
61043752
61043894
61043749
62185006
64512750
66838260
69496999
72158239
74817807
77310031
79969967
82629775
84956631
87450207
90111583
92770383
95430855
97922570
100582961
103242039
61043451
61044560
61044753
61043630
61043664
61044688
61044777
61044848
61044931
61044938
61043967
61044231
61044020
61043671
61045178
61045364
61045169
61045362
61045216
61188722
63516529
65841848
68334765
70995369
73654681
76147061
78806749
81466600
84126432
86620096
89112880
91773168
94433640
97092547
99753054
102579343
61044719
61046234
61045843
61046065
61046081
61046050
61045109
61045210
61044759
61046391
61046126
61046187
61046350
61045282
61045213
61045359
61046776
61046269
61046315
61046515
62187147
64515076
66840561
69500445
71993003
74652884
77312453
79972174
82632054
85292113
87950950
90612057
93270108
95930795
98756833
101417243
103887716
61047073
61047153
61047117
61046125
61046397
61046130
61047074
61047281
61047334
61047417
61047394
61046285
61047207
61047296
61047475
61047587
61046744
61046610
61046754
62021827
64183577
66508971
69167737
71828905
74321137
76980841
79641945
82300801
84793302
87453577
90114673
92773473
95433958
98092766
100753342
103412286
61047216
61047174
61047171
61047461
61047168
61048048
61048161
61048257
61048412
61047293
61047077
61048704
61048337
61048492
61048727
61048577
61048512
61048024
61047848
61048633
62689326
65014475
67674512
70167303
72660152
75319775
77979391
80640405
83132997
85792908
88452977
91113244
93604638
96265025
98924015
101584840
61048399
61048667
61048830
61048144
61049471
61048283
61048336
61049510
61049615
61049617
61048486
61048899
61048896
61048963
61048606
61049766
61049172
61049924
61049964
61050123
62357832
64683611
67343537
69835809
72496418
74490007
76983775
79643834
82302426
84795897
87456103
90116319
92775098
95435474
98094413
100755298
103414242
61050394
61050622
61050748
61050784
61049455
61050530
61050619
61050806
61050813
61049808
61050175
61049975
61049698
61050735
61050848
61051003
61050967
61050050
61049831
61360717
63854932
66347300
68838923
71498335
74159804
76819348
79479180
81970675
84630737
87290593
89950724
92609940
95270471
97929073
100589539
103415876
61050547
61050216
61051448
61051621
61051089
61051601
61051678
61051808
61050880
61050672
61051896
61051785
61051236
61052004
61052100
61052072
61051037
61051017
61051952
61052084
62525600
65018147
67678109
70170329
72830860
75323076
77983188
80643740
83136255
85796279
88456463
91116607
93775231
96435940
99094812
101755321
61051829
61051938
61052143
61051914
61051831
61053405
61052899
61053035
61051794
61052005
61053029
61053110
61053289
61053334
61053378
61052314
61052655
61052447
61052178
61053266
62027577
64520670
67013462
69506266
72170280
74662544
77322083
79982025
82643099
85302052
87961985
90622274
93281053
95941473
98599134
100928635
103420142
61056947
61057030
61055832
61057061
61057106
61056186
61056192
61056053
61056077
61056066
61057149
61057364
61057358
61057390
61057354
61056629
61056928
61056640
61056074
61202321
63361463
65688159
68181263
70841674
73333585
75993690
78653234
81312813
83972807
86632989
89291530
91952986
94613434
97271338
99932834
102425551
61058098
61058134
61057229
61058045
61058032
61058160
61058468
61057120
61057711
61057658
61057471
61058360
61058390
61058561
61058542
61058522
61057543
61057408
61058576
61058614
62863873
65024491
67517076
69678577
72172270
74664710
77324185
79985436
82477905
85137940
87630633
90291025
92950780
95611265
98270172
100930641
103589545
61059057
61059122
61059250
61059266
61059281
61058228
61059260
61059416
61059367
61058338
61058937
61058689
61058748
61058276
61059567
61059570
61059784
61059773
61059737
61369551
63696981
66189995
68681797
71341390
74002553
76494763
79322001
81813384
84473416
87133337
89794793
92453665
95114137
97771608
100432424
103091155
61059573
61058989
61059769
61059265
61059264
61060325
61060465
61059507
61059378
61059130
61060586
61060678
61060820
61059571
61060186
61060045
61059930
61059754
61060749
61205777
63366108
65691772
68350804
71011199
73504543
75830436
78490148
81151239
83643740
86303753
88962684
91622735
94282932
96943316
99602188
102262788
61061891
61061512
61061501
61060423
61061329
61061493
61061546
61060313
61061767
61061114
61061057
61060908
61060428
61062037
61061757
61061936
61062040
61061996
61060879
61060580
62369121
64861842
67521504
70013866
72674634
75334184
77826623
80486386
83147262
85807410
88132710
90294310
92953197
95613688
98273751
100767121
103426186
61061707
61061390
61062681
61063169
61063166
61062763
61062952
61063086
61062881
61062878
61063084
61063086
61063165
61061781
61063106
61063346
61063225
61063257
61063272
61041595
62868739
65361549
67854548
70514869
73006888
75667762
78327456
80819873
83479685
86140925
88799698
91292676
93951612
96611863
99271125
101931311
61063371
61062987
61063736
61064015
61064133
61063027
61062920
61063893
61064033
61064169
61064133
61063077
61063461
61063669
61063421
61063584
61063677
61063389
61064251
61064342
61706526
63701243
66360113
68852676
71513284
74006092
76667095
79326991
81818342
84478100
87139428
89799548
92458415
95118964
97777740
100438412
103097284
61064970
61064242
61064162
61063720
61065224
61065201
61065254
61064018
61065034
61065198
61065374
61065368
61064944
61064616
61064584
61064558
61064179
61065904
61065041
61209344
63536888
65862298
68355623
71014620
73675308
76167339
78994564
81654428
84314188
86974316
89633132
92293052
94952580
97611631
100272038
103098367
61065560
61065264
61064886
61066177
61065310
61065278
61065353
61065452
61065649
61065614
61065595
61065513
61065401
61065390
61065422
61066526
61066615
61066727
61066861
61065636
62539853
64700123
67193149
69853666
71681562
73177843
74839314
76835411
79495179
81986658
84646618
87306375
89966834
92625439
95285855
97945191
100605367
103264312
61066495
61067367
61067383
61067574
61067608
61067631
61066476
61067551
61067160
61067760
61066468
61066809
61067044
61066980
61066508
61067842
61067853
61067957
61068128
61377713
63704439
66030913
68527159
71186412
73680724
75841804
78334028
80827724
83488845
85981634
88641427
91301643
93960427
96621015
99112738
101772983
61070801
61072080
61072058
61072006
61071930
61070942
61070881
61070710
61071899
61072090
61072269
61072182
61071145
61072220
61072250
61072327
61072367
61072334
61072489
61072441
61072473
61071512
62879074
65204640
67863650
70524008
73016068
75676072
78335329
80996364
83656122
86316195
88975080
91635363
94294130
96954381
99613549
102274133
61072806
61071840
61071933
61072906
61073201
61071960
61072280
61072330
61071990
61073257
61072168
61073264
61073504
61073489
61072240
61072341
61073373
61073609
61073785
61072672
62880372
65371971
67698528
70191618
72852320
75344723
77838400
80166744
82659285
85319184
87812000
90473296
93132096
95625352
98284088
100945904
103437338
61072706
61073981
61074250
61074198
61074361
61073357
61073136
61074304
61074226
61074445
61074413
61074532
61074462
61074598
61074673
61074777
61074771
61074080
61074344
61052013
63046295
65539270
68199611
70691397
73185675
75678094
78337740
80998909
83658747
86151526
88810410
91471587
93796845
96125093
98617869
101278767
103916059
61075286
61075443
61075387
61075410
61074631
61074626
61075464
61075641
61074408
61074560
61075482
61075622
61075750
61074568
61074744
61075237
61075037
61074696
61075789
62216655
64543634
67203550
69695419
72356339
75015955
77508051
80168217
82995334
85654206
88313934
90974446
93633294
96293691
98951403
101611835
61075635
61076661
61075842
61075525
61076418
61075670
61076780
61075445
61075832
61076613
61076753
61076881
61075656
61076120
61076274
61075901
61076064
61076189
61076005
61076261
61886508
63879897
66373375
68866419
71358530
74019756
76512058
79171991
81830628
84490453
87151859
89812002
92303525
95131324
97622847
100450772
103109626
61077563
61076835
61077011
61076840
61077669
61077841
61077878
61078008
61077029
61077358
61076685
61078333
61077899
61078223
61076888
61078046
61077197
61078212
61078395
61077424
61078192
61078334
61223043
63050068
65542922
68203064
70694969
73355540
76014884
78673887
81333420
83993246
86653110
89313374
91973582
94634054
97291512
99952451
102611066
61078354
61079111
61079046
61079154
61079242
61079185
61079230
61078259
61078441
61077867
61079193
61079271
61079426
61078142
61078302
61079267
61079533
61079586
61079698
61078598
62886056
65211760
67871973
70363763
73024339
75684014
78176454
80836183
83496202
86156075
88814837
91474981
94301266
96961693
99620623
102281264
61079981
61080178
61080317
61079760
61080309
61080239
61078998
61079401
61079046
61080257
61080346
61080409
61079270
61079963
61079723
61079680
61079331
61080491
61080786
61080775
62055308
64549276
67041127
69533556
72193519
74854391
76849327
79341783
82000818
84660799
87320485
89980677
92639749
95300242
97959239
100619660
103278359
61080291
61081222
61081246
61081386
61081514
61081554
61081519
61081602
61081583
61081666
61080382
61080585
61081609
61081647
61081775
61080604
61081337
61081139
61081003
61059337
63219517
65546421
68039076
70698261
73358949
76018621
78678205
81338136
83997896
86656728
89315656
91976101
94636645
97295445
99955813
102614476
61082539
61082527
61082614
61081894
61081563
61082435
61082618
61082762
61082807
61082004
61082705
61082882
61082906
61081641
61082175
61082286
61082201
61081801
61083097
61226661
63553460
65713602
68206807
70866930
73359539
76018655
78678570
81338087
83831679
86159335
88819439
91479482
94137271
96797943
99456622
102117206
61083326
61083606
61083765
61082322
61083800
61083675
61082552
61082576
61083779
61083752
61083916
61083969
61084064
61082970
61083349
61083154
61082928
61084032
61084062
61084198
62391118
64553003
66878314
69371349
72032365
74524434
77185373
79845146
82337197
84996557
87661517
90321733
92980589
95640965
98132388
100793194
103451858
61088417
61088629
61087447
61087599
61088580
61088712
61088802
61087500
61088278
61088356
61087894
61088825
61088847
61089098
61087793
61088086
61088969
61089149
61089266
61731325
63892921
66218487
68711170
71370295
74031757
76524133
79183719
81842693
84503687
86997567
89323821
91817861
94478525
97137477
99798057
102456935
61088225
61088502
61089690
61088502
61089183
61088966
61089753
61089997
61090050
61088843
61088707
61089854
61090196
61090122
61090103
61090313
61089206
61089590
61089550
61089286
62563338
65057045
67549779
70042196
72535186
75194720
77855685
80348187
83007992
85667222
88328083
90820985
93479985
96140457
98799329
101459846
103931227
61090753
61089582
61090172
61090275
61089868
61091393
61091098
61089814
61090158
61089846
61091014
61091213
61091405
61091348
61090585
61090625
61091410
61091442
61090268
61733235
64060094
66553004
69045807
71704969
74198995
76858721
79519713
82011104
84670945
87331033
89991505
92651337
95311825
97970716
100630839
103290072
61091019
61091733
61091881
61090771
61090974
61092308
61092191
61090910
61091651
61091534
61091572
61090947
61091663
61092466
61091292
61091523
61091396
61092441
61092613
61735645
64062600
66387823
69046752
71707403
74200286
76860134
79519661
82178540
84838696
87498499
90159872
92818752
95479283
98138096
100798672
103456363
61093046
61093368
61093163
61093314
61092073
61092371
61092070
61093430
61093246
61092754
61093463
61093495
61092211
61092705
61092838
61092723
61092315
61093483
61093631
61237346
63398777
65724100
68384686
70876639
73537129
76029620
78689236
81348990
84009846
86669902
89328790
91821721
94481990
97140905
99801446
102460734
61094256
61093395
61094273
61094458
61093174
61093710
61093654
61093211
61094414
61094586
61094762
61093406
61093617
61094582
61094671
61094748
61094839
61094956
61094075
61073380
63068008
65393793
68053678
70545801
73206014
75698513
78192990
80519270
83013139
85672369
88332054
90992015
93650938
96311388
99137615
101798287
61095117
61094710
61095454
61095684
61095847
61094824
61094389
61095737
61095945
61094669
61095370
61095266
61094956
61094484
61096006
61096155
61096238
61096181
61095093
61095948
61423008
63917968
66410097
68903270
71562865
74224197
76883730
79376182
82035294
84694905
87355043
90015514
92675303
95335481
97994779
100489026
103147978
61115180
61115241
61116312
61116626
61115587
61115739
61116763
61117039
61117035
61116034
61116165
61116995
61117027
61116494
61116647
61116256
61117142
61117255
61117367
61428178
63421656
65915619
68407273
71066507
73727262
76219606
78879036
81539322
84200111
86860036
89518910
92179127
94839597
97498385
100157739
102816668
61118091
61117075
61117460
61117540
61117184
61118408
61118702
61118586
61117466
61118686
61118857
61118411
61118382
61117947
61118856
61118915
61119035
61119177
61119099
61262402
63423181
65749744
68410225
70901973
73562797
76055216
78714573
81374450
84035445
86528250
89186965
91848493
94508893
97167517
99828472
102487234
61119020
61119936
61120209
61119019
61119017
61120076
61120422
61120276
61119674
61119736
61120451
61120738
61119293
61119555
61120579
61120696
61120722
61119441
61119665
61099132
63093585
65419317
68078133
70571079
73064517
75391981
77884973
80545125
83204719
85865008
88523821
91351277
94010165
96670629
99329485
101988765
61120829
61120039
61121476
61120484
61120520
61121709
61121729
61121643
61121912
61121136
61120791
61121612
61121974
61121812
61120775
61122271
61122035
61120813
61121279
61100423
62928860
65254247
67746849
69908954
72402143
74894390
77554138
80215191
82707561
85366730
88026759
90686786
93346842
96007234
98666106
101326754
103963272
61122785
61122838
61122075
61122339
61121768
61123333
61122990
61122971
61122085
61121781
61123302
61121979
61122146
61122510
61122000
61123637
61123363
61123437
61122284
62430249
64924277
67416113
69909264
72569926
75062096
77721635
80382921
83042539
85534019
88194417
90854345
93513193
96173750
98833718
101494366
103964702
61124118
61124320
61123753
61123160
61124575
61124436
61124531
61123278
61123922
61124521
61124549
61124666
61124888
61123918
61123577
61124988
61124030
61124025
61123756
61934202
64260324
66753054
69249648
71909648
74570333
77229973
79889829
82549608
85041037
87701363
90361587
93020224
95680912
98339712
101000203
103970268
61129678
61129760
61129256
61128782
61130065
61130101
61130086
61128715
61130152
61130170
61129297
61129540
61129470
61129142
61130222
61130445
61129225
61129224
61130240
62438299
64763976
67256651
69750422
72244471
74736600
77397460
79889787
82549844
85208459
87868510
90530057
93188812
95682006
98009598
100503185
103162896
61130972
61129790
61130217
61130177
61130569
61130388
61130963
61131309
61131341
61131385
61130209
61131176
61131522
61131613
61130961
61130974
61130484
61131435
61131712
61275091
63435605
65929691
68421670
71080644
73741283
76401047
78893174
81552982
84212892
86873828
89532997
92025865
94686449
97345270
100005801
102664561
61131358
61132136
61132313
61132497
61131555
61132551
61131420
61131571
61131774
61132554
61132790
61132661
61131708
61131618
61132655
61132264
61132813
61131650
61131815
61111427
62772354
64766386
67426235
69918344
72578962
75238576
77731083
80391066
83051833
85710660
88203270
90863681
93522486
96183023
98841951
101502422
61132345
61132615
61133176
61132861
61132543
61132967
61133802
61133826
61133865
61133760
61134011
61132778
61132793
61133911
61134102
61134230
61134194
61133215
61133418
61134111
61134326
61277773
63271953
65764821
68425087
70917297
73577725
76069875
78729492
81389718
84050387
86710446
89369259
92029542
94690006
97348798
100009470
102668270
61133681
61134918
61134916
61134137
61134357
61134287
61134217
61133932
61134918
61135315
61134074
61134142
61133774
61135296
61135389
61135294
61134382
61134569
61134084
61280196
63273576
65766602
68425273
70918338
73579114
76071546
78731090
81390682
84050914
86211985
88872141
91365013
94024165
96851813
99510613
102171285
61135126
61134695
61136455
61136182
61136302
61135096
61136238
61135156
61135124
61135012
61136209
61136408
61136413
61136598
61136592
61136565
61136597
61136693
61136593
61135732
61944860
64271583
66598439
69090881
71751373
74411662
76903878
79563825
81890260
84217646
86546616
89039318
91532298
94191296
96685369
99344494
102005944
61137417
61136509
61136832
61136087
61136774
61136269
61136389
61137410
61137651
61136448
61137005
61136826
61136325
61137702
61137873
61136640
61136871
61136621
61138320
61137915
62777334
65103787
67596387
70257089
72749305
75409971
77902235
80562254
83222011
85882286
88540763
91201311
93859903
96520362
99179189
101839766
61137625
61137589
61138360
61138698
61138560
61137320
61138641
61138914
61137448
61138150
61137957
61138779
61138849
61137798
61137858
61138949
61139354
61137875
61137866
61138975
62613413
64606570
67099041
69592057
71920701
74248034
76740106
79233855
81893021
84553797
87213868
89705906
92365471
95026329
97684720
100345806
103004353
61139713
61139125
61138710
61139672
61139865
61139778
61138530
61139900
61140159
61139163
61139520
61139211
61140086
61140207
61140252
61140229
61139069
61140101
61138984
61140377
61617411
62779913
64109437
66269400
68762538
71588997
74248130
77075042
79733605
82560767
85218680
87878527
90706147
93363800
96024432
98683218
101509829
103981517
61139895
61139610
61141060
61140837
61141112
61140291
61141123
61141322
61141082
61140139
61140994
61141273
61141364
61141285
61140392
61140544
61141237
61141669
61140224
62614756
64774925
67268763
69761626
72254146
74747595
77407308
80068356
82560948
85220859
87880924
90373824
93032598
95694245
98353156
100846665
103505077
61140953
61142041
61142328
61142198
61140963
61142161
61140998
61142437
61142504
61142536
61141209
61142443
61141334
61142299
61142616
61142677
61141710
61142076
61141873
61287324
63114220
65608213
67933950
70095621
72421616
75081163
77574624
80234566
82728197
85388171
87880717
90541024
93199909
95861700
98520518
101013605
103983844
61143242
61143200
61142547
61142687
61143305
61143316
61142265
61142409
61143339
61143508
61142377
61142561
61143097
61142830
61142476
61144137
61143909
61142617
61142777
62618328
64943897
67436494
70097103
72589006
75249991
77742294
80403305
83063114
85554721
88214945
90876154
93367569
96028091
98687228
101347476
103985145
61144335
61143255
61143540
61143700
61144530
61144723
61144797
61144731
61144801
61144850
61143529
61143899
61143454
61144809
61144981
61145106
61144161
61144108
61144305
61787167
64279950
66772638
69432535
71925358
74585391
77245935
79905791
82565615
85224487
87884511
90377276
93036172
95364166
98023431
100683806
103342729
61144332
61145810
61145728
61144652
61144364
61145698
61145795
61145877
61145922
61145087
61145386
61145034
61145863
61146099
61144807
61145108
61144681
61145972
61146120
61621932
63950170
66441664
69100448
71761053
74253781
76914792
79574555
82066290
84726401
87387184
90047376
92543634
94705387
97365400
99859907
102351525
61151376
61151674
61151481
61151445
61150386
61151618
61151544
61150378
61151666
61150845
61151208
61150845
61151136
61151088
61150514
61151332
61152143
61152124
61152042
61150802
62791250
65118738
67611530
70103818
72763130
75423978
77916220
80576320
83235936
85895914
88555730
91216242
93873834
96534514
99193186
101853802
61151784
61151843
61151267
61152710
61152722
61151515
61153011
61152861
61151636
61151905
61152060
61151585
61152656
61153010
61153050
61152075
61151715
61153101
61153025
61152356
62958787
65452021
67944518
70271109
72764669
75424262
77917886
80578723
83071150
85729985
88391173
90884318
93542825
96203361
98863526
101524025
103994452
61153727
61153902
61153228
61152699
61153737
61154040
61153898
61153843
61153926
61154192
61154245
61153024
61152846
61154143
61154343
61153038
61153608
61153555
61153440
61962714
64455415
66948370
69608333
72100970
74760361
77421149
80081315
82740983
85232450
87892588
90552708
93211471
95871993
98531085
101191792
103995454
61154945
61154879
61154392
61153803
61154880
61153998
61153823
61155086
61155294
61154319
61154596
61154490
61155285
61155382
61155561
61155423
61154204
61155284
61155485
62795084
65287586
67947988
70439550
73100322
75592634
78252339
80912007
83571905
86233159
88558509
90886370
93545221
96206928
98865494
101526164
103996637
61156132
61156096
61155458
61155461
61156291
61156404
61155031
61155570
61156164
61156561
61155379
61155415
61155943
61155556
61155634
61155949
61155615
61155266
61156642
62132158
64624653
67116886
69609350
72269220
74930014
77422490
80082045
82741837
85401176
88061157
90721257
93379862
96040334
98699226
101359889
103997610
61157243
61155866
61156525
61156354
61157192
61157267
61156034
61156229
61157703
61157336
61156185
61156988
61156863
61156748
61156327
61157826
61157824
61157776
61158191
62131987
64626103
67118924
69611618
72104121
74764931
77257227
79751235
82410167
85070967
87563503
90223767
92883879
95376943
98035858
100696447
103189274
61156980
61157706
61157122
61158280
61157304
61157423
61157335
61157095
61158499
61158670
61158761
61157380
61158751
61158068
61158340
61157938
61158743
61158856
61158960
61469912
63628866
66122042
68782055
71274098
73934253
76593957
79254941
81913767
84573738
87066340
89725742
92385514
95045879
97705959
100366503
102857996
61159545
61159684
61158883
61159689
61159627
61159557
61159705
61159876
61159730
61159141
61159261
61158752
61159938
61160178
61158953
61158952
61159968
61160065
61160322
61159274
62966765
65458336
67951236
70611590
73103616
75764462
78256718
80917879
83410374
86070236
88563142
91224143
93883293
96376416
99035020
101696904
104001203
61160596
61159478
61159941
61159958
61160664
61160814
61160867
61159943
61159570
61160853
61160974
61161070
61159845
61159927
61160719
61160143
61161087
61161374
61160039
62468340
64960867
67620835
70113125
72606434
75266001
77925632
80419689
82747953
85239409
87899655
90559657
93218647
95879130
98537947
101198836
104002512
61161796
61161819
61161203
61161030
61162295
61161922
61161954
61161242
61160839
61162122
61162259
61161077
61161626
61161690
61161402
61162266
61162269
61162518
61162575
62469352
64962182
67621940
70113957
72773489
75434376
77926547
80586355
83247216
85740069
88066533
90728021
93386906
95880173
98539246
101199397
104003317
61163091
61163047
61162300
61162236
61163109
61163337
61163369
61162161
61163068
61163232
61163438
61163300
61162541
61162602
61163463
61162709
61162783
61162676
61162234
62139176
64464626
67124661
69617464
72109966
74770914
77263357
79924207
82416589
85075788
87736714
90229700
92888433
95548926
98208971
100868279
103528529
61162903
61164216
61164577
61163312
61162952
61164379
61164297
61163185
61163804
61163646
61164441
61164664
61163393
61163614
61163318
61164860
61164837
61164941
61164305
61806897
64299819
66792419
69285086
71945089
74438717
77098286
79591913
82250599
84910714
87404454
90064614
92723627
95384299
98044079
100704647
103363517
61164645
61164353
61164924
61164662
61164774
61165510
61165666
61165850
61164614
61165579
61165705
61165873
61164859
61165113
61164624
61165873
61165809
61165929
61166003
61475715
63803312
65962568
68455488
70948487
73607920
76268872
78761074
81421059
84081163
86742067
89400864
92061083
94721587
97380483
100040712
102699888
61165308
61166483
61165440
61165811
61165840
61167168
61166774
61166818
61165514
61166941
61166969
61165629
61165904
61166317
61166117
61165768
61167108
61167316
61167352
61476922
63803603
66297295
68788845
71449548
73610462
76103992
78596061
81256063
83917063
86409599
89068743
91728864
94388355
97048190
99707733
102367605
61167764
61167775
61166436
61167808
61167912
61167436
61167388
61166879
61168018
61168205
61166972
61166971
61168054
61168247
61168271
61167100
61167798
61167817
61167249
61313129
63473537
65799044
68459211
70951210
73444423
76103927
78764815
81257517
83918255
86578306
89069714
91729862
94389188
97050514
99709386
102202896
61167586
61168888
61168929
61167739
61167832
61168907
61169100
61169144
61168470
61168203
61168430
61168454
61169283
61168262
61168592
61168246
61169747
61169846
61169331
61168599
62145069
64470721
66963313
69623301
72116362
74609494
77270367
79762727
82421468
85082685
87575255
90235493
92728231
95388708
98047471
100709212
103200684
61175339
61174560
61174499
61175784
61175591
61174256
61174400
61175664
61175698
61175496
61174595
61174728
61175890
61175935
61174880
61174333
61176262
61175879
61176095
61175996
63148916
65308049
67800599
70294092
72954714
75614338
78106698
80766311
83426129
86086266
88746313
91406529
94065503
96725616
98885138
101546774
104017168
61176584
61176540
61175938
61175925
61176653
61176881
61176993
61175895
61176600
61176997
61175662
61176198
61176361
61175992
61175622
61176926
61177170
61175996
61176105
62816495
65143983
67469295
70128772
72788207
75281657
77941738
80602342
83262269
85754893
88413586
91074139
93900259
96560688
99219546
101879901
61176483
61176487
61177023
61176837
61177824
61177850
61177873
61176756
61177916
61178016
61178056
61178109
61178149
61178288
61176918
61178275
61177635
61177502
61177233
61177625
62153719
64313315
66639936
68800096
71293297
73954904
76446269
79107144
81599735
84259539
86753541
89412100
92073621
94566623
97225760
99719091
102378840
61178715
61178141
61178938
61179115
61177729
61177998
61177964
61179039
61178999
61179213
61179220
61178719
61178452
61179196
61179483
61178293
61178465
61178193
61179238
61179370
62818891
65145222
67637683
70298612
72958060
75450246
78110065
80769635
83429494
86089596
88749553
91242502
94067537
96561985
99220850
101881290
61179225
61179083
61179827
61180049
61178926
61179013
61179935
61180075
61179991
61180088
61179002
61179610
61179653
61179264
61180714
61180529
61180475
61180423
61179378
61180512
62987371
65146446
67639203
70299793
72791839
75451655
77778937
80439970
83099705
85591209
88252500
90745516
93404103
95898543
98557551
101219087
104021840
61181095
61181250
61181397
61180013
61180824
61180330
61180629
61180749
61180546
61180104
61181508
61181585
61181549
61180351
61181477
61181590
61181940
61180872
61180975
62156246
64316964
66811080
69302363
71796011
74457126
75952611
77282915
79442971
81604557
84096951
86424572
89250903
92077173
94736747
97395728
100056107
102882244
61181021
61182368
61182532
61182531
61181139
61181361
61182570
61181634
61181957
61181488
61183155
61182973
61182962
61181834
61181424
61182852
61182980
61182965
61181914
61160108
63154715
65647464
67974302
70633425
73294054
75786568
78446039
81106097
83766917
86426812
88918432
91578927
94237775
96897832
99557244
102217367
61183389
61183659
61183666
61182268
61183688
61183910
61182935
61183191
61183093
61183842
61183931
61184233
61182987
61182870
61182843
61183115
61184109
61184148
61183592
61184411
62491304
64818956
67144188
69804332
72298111
74790316
77451137
79943929
82604387
85096297
87757527
90250524
92909071
95570708
98062195
100724043
103215499
61184845
61183722
61184354
61184101
61183997
61183602
61184893
61185282
61185394
61184074
61185015
61185302
61185275
61185391
61184501
61184591
61184253
61185298
61185628
61329078
63489439
65982340
68474968
71135386
73628658
76121136
78781738
81274438
83935256
86427751
89086842
91748160
94239889
96900414
99560186
102053624
61185178
61185478
61185256
61185302
61185243
61185144
61186147
61186222
61185040
61185629
61184834
61186254
61186288
61185560
61185671
61185674
61185121
61186798
61186415
61186645
62327193
64820111
67313991
69805465
72299388
74959265
77619751
80112501
82772525
85432097
87924908
90586282
93245146
95905632
98564424
101225072
104027762
61187178
61186377
61186628
61186449
61186551
61185803
61186802
61187496
61186228
61186411
61187302
61187560
61187736
61187679
61186470
61187087
61186756
61187569
61187966
62329717
64655107
67148046
69808005
72300751
74793997
77288785
79615018
82108992
84768850
87261474
89921772
92580703
95241189
97900055
100560328
103219374
61187654
61187158
61188718
61188482
61187233
61187304
61188320
61188681
61188573
61187543
61187797
61187298
61188086
61188757
61187503
61187729
61187443
61189185
61188949
61664962
64157765
66650696
69310338
71802746
74463874
76956135
79616152
82275154
84935882
87595882
90256098
92914898
95575442
98234290
100894890
103553786
61189275
61189559
61188297
61188347
61189414
61189658
61188382
61188932
61188897
61188353
61189875
61190024
61189984
61189791
61189844
61188815
61189014
61188702
61189862
61666998
63994055
66319264
68812248
71472606
73965320
76626288
79118221
81778773
84271146
86932388
89091607
91751792
94244623
96905084
99563759
102225587
61189937
61190235
61189890
61189663
61189517
61190816
61191040
61190964
61190977
61191043
61190973
61189880
61190948
61189948
61189884
61191482
61191254
61191294
61191360
61190762
61999926
64327451
66652908
69145578
71806104
74298971
76958683
79452355
82111290
84770920
87431424
90091202
92751385
95411849
98070631
100397640
102724157
61191003
61190533
61191816
61191906
61192039
61191052
61191388
61191135
61192015
61192332
61192181
61192289
61191151
61192175
61192256
61191079
61191863
61191759
61191623
61169869
63497718
65824329
68317241
70809353
73469718
75961920
78621486
81282721
83775281
86435273
89093937
91755457
94414246
97074638
99733526
102394190
61192872
61191796
61191948
61192913
61193085
61191975
61192786
61192695
61192487
61193164
61193298
61192167
61192457
61192134
61193206
61193582
61193533
61192217
61192751
61172113
63166489
65325862
67818211
70311862
72972347
75631963
78124232
80784195
83444206
86105131
88596597
91256798
93915795
96576267
99235219
101895747
61193587
61193246
61194135
61194202
61193122
61193062
61194239
61194236
61193225
61193156
61194737
61194386
61194686
61193558
61193772
61193839
61193337
61194607
61194747
61194765
62501898
64829559
67320995
69814328
72474193
75134582
77794222
80286737
82946525
85605279
88265448
90926829
93585680
96246202
98904994
101564426
104036008
61195212
61195211
61194478
61194350
61195289
61195474
61195586
61194273
61194483
61194313
61195617
61195717
61194476
61194817
61195094
61194929
61194537
61195764
61195987
62503866
64663238
67155947
69648806
72308740
74969615
77461918
80121636
82782463
85441559
87767998
90263305
92754716
95416428
98075263
100568518
103227254
61195493
61195907
61195333
61196493
61196584
61201271
61201434
61203013
61202640
61202664
61202819
61201423
61202266
61202234
61202026
61201728
61202845
61202824
61203105
61513814
63507162
66000967
68493849
70985601
73478903
76139843
78632289
81293202
83785629
86445489
89105738
91598350
94257608
96918092
99576990
102238558
61202789
61203382
61203626
61202634
61202582
61202513
61203897
61203991
61203832
61202955
61203107
61203945
61204109
61204213
61202878
61203171
61203254
61204129
61204118
61204142
62179746
64505539
66999258
69491954
71984538
74478197
77138947
79631355
82291418
84783978
87445139
90105291
92596941
95258472
97917294
100410830
103069786
61204534
61204706
61204607
61204724
61203710
61203964
61203768
61204928
61205070
61205255
61204106
61203941
61204994
61205158
61205270
61204040
61204154
61204639
61204287
61182828
63177129
65671178
68162874
70822148
73482594
75974668
78634591
81294518
83955383
86615385
89274242
91934340
94594874
97253807
99914367
102407167
61205139
61204473
61205829
61205186
61204951
61205895
61206035
61206235
61204761
61204921
61205988
61206050
61206213
61205456
61206404
61205399
61205807
61205274
61206354
61206545
62014718
64507737
67000700
69660531
72153128
74812819
77473398
79966250
82625878
85284761
87945953
90604998
93097611
95758234
98417091
101077600
104047632
61206997
61207152
61207163
61205890
61206322
61206417
61206426
61205975
61207556
61207248
61207352
61207383
61206220
61207193
61207357
61207461
61206647
61207149
61206818
62017129
64342860
66835577
69328006
71989316
74481745
76810111
79135630
81796473
84456009
87116329
89775143
92267971
94928606
97587189
100248049
102906854
61208120
61208046
61207359
61207439
61207052
61208687
61208435
61207202
61207244
61208850
61208461
61207282
61207761
61207716
61207857
61207641
61208492
61208573
61208803
61352420
63513962
66006337
68498502
71158497
73650761
76144403
78472809
80965588
83626239
86286269
88777697
91438271
94096839
96758559
99416191
102077120
61208607
61208072
61209475
61209575
61209518
61208430
61209918
61209515
61208384
61208941
61209053
61208947
61208733
61209800
61208944
61209141
61209064
61208672
61209824
61209340
62350652
64678428
67003756
69663852
72156662
74815947
77476644
79969318
82629214
85288255
87947969
90608545
93267156
95928507
98587740
101247075
104050996
61210461
61209145
61209628
61209759
61210385
61210578
61210822
61209788
61210513
61210859
61210891
61210935
61209876
61209815
61210042
61210252
61210271
61210207
61210943
62351991
64678447
67171381
69663932
72324109
74984941
77477360
80136927
82796716
85455633
88116001
90776193
93436047
96096462
98755383
101415967
103575359
61211669
61211902
61211607
61210986
61211076
61210540
61211119
61211217
61211009
61211978
61211973
61210812
61211092
61210563
61211926
61211966
61211939
61212230
61212368
61212341
62853071
65345961
67838315
70330647
72990151
75650742
78143028
80802831
83463958
85956543
88615626
91275438
93934342
96596185
99255000
101915592
61213170
61212001
61211873
61212740
61212925
61211743
61211793
61213383
61212943
61211812
61212521
61212273
61212332
61211894
61212497
61212377
61213233
61213282
61213365
61212022
61855299
64182647
66342833
68669479
71162957
73655964
76316743
78808931
81468797
83962458
86622445
89282622
91775557
94434293
97095680
99754844
102248172
61212840
61213401
61214161
61214001
61212964
61214044
61214216
61214180
61213319
61213522
61213071
61214652
61214269
61214499
61213325
61213380
61213148
61214503
61214603
61214691
62854135
65348131
67839372
70333207
72826287
75485700
77979102
80639088
83300112
85791775
88451736
91112867
93604627
96264981
98923931
101585606
104055918
61215095
61215191
61215350
61214625
61214484
61214668
61214561
61214892
61214996
61214727
61214850
61214505
61215449
61214906
61215827
61214637
61214687
61215695
61215835
61691373
64185913
66344905
68839010
71330850
73992370
76484121
79144682
81637266
84297429
86958129
89616994
92110069
94770274
97429474
100091042
102749842
61214975
61215476
61215260
61216429
61216753
61215330
61216133
61216101
61215770
61216688
61216734
61216977
61216831
61215706
61215573
61217064
61217041
61215819
61216264
61195482
63355933
65515267
68008096
70668362
73160456
75821365
78313578
80973753
83634563
86294498
88953379
91115137
93606570
96267055
98927095
101420370
104058077
61217601
61216218
61216831
61216783
61216354
61217743
61217838
61216613
61216604
61217663
61217827
61217952
61216964
61217135
61217485
61217082
61217887
61218094
61218171
62692377
64851672
67345425
69837255
72498183
74990256
77649872
80310780
82970941
85462278
88122415
90617649
93109080
95769737
98428544
101089202
104059135
61218551
61217474
61217943
61218031
61218657
61218770
61218997
61217942
61217505
61219017
61219002
61219026
61218102
61218278
61218273
61217932
61219418
61219327
61218052
61861445
64189262
66514845
69174715
71666956
74160969
76821721
79480348
81973190
84634016
86129753
88125011
90452083
93110678
95771066
98429989
101257784
104060537
61219953
61218680
61219124
61219170
61219965
61220150
61220225
61219076
61218716
61220202
61220243
61219018
61219516
61219471
61219407
61220274
61220459
61220593
61220519
62528348
64853970
67346713
70006165
72500639
74992834
77653480
80146158
82807268
85298935
87960132
90453142
93111975
95773415
98432215
100925374
103584535
61220882
61221086
61221104
61221064
61221219
61221145
61220012
61221036
61221208
61221261
61221522
61220568
61220559
61220282
61221378
61221569
61221710
61221695
61220588
61365144
63858811
66018399
68511167
71171582
73663811
76323327
78984083
81476538
84136595
86796441
89455337
92116777
94777126
97436111
99929214
102755446
61221308
61220824
61222207
61222431
61222429
61221539
61221626
61221517
61221693
61221869
61221712
61222483
61222486
61222678
61222812
61221389
61222677
61221743
61221599
61222690
62862332
65022556
67514993
70009687
72502844
74995108
77157401
79649976
82142521
84636425
87297565
89789471
92450394
94943666
97602521
100264119
102755671
61222401
61222226
61223360
61222860
61223548
61223593
61223727
61222443
61222627
61222872
61222472
61223632
61223919
61223807
61222963
61222539
61224339
61223881
61224009
61224215
63030884
65356469
68016568
70508285
73169110
75661571
78321075
80814868
83475617
86135598
88794549
91287286
93946352
96606789
99265402
101925978
61224325
61224000
61223411
61224679
61224756
61223717
61223365
61224713
61224943
61224836
61224956
61224988
61223755
61224147
61225101
61224139
61224357
61224272
61223867
61225358
62532387
65192238
67684960
70178127
72670642
75331309
77823722
80483326
83144534
85636013
88297131
90789824
93449052
96110500
98601949
101262654
104066575
61225720
61225727
61224913
61224884
61225730
61226017
61224776
61224783
61225799
61226049
61226134
61224826
61225506
61225431
61225253
61224831
61233309
61232910
61232987
62873676
65366313
67857801
70351045
73011600
75504216
78164608
80657065
83318291
85977021
88469909
91130020
93789948
96450514
98941889
101602641
104074136
61233330
61233624
61232722
61232978
61232690
61233570
61233755
61233889
61233772
61232612
61233679
61233819
61234006
61232765
61233466
61233290
61233167
61232898
61234096
62540850
65034985
67526833
70019897
72680425
75172779
77833521
80325903
82987017
85478719
88139735
90632649
93292609
95785948
98444881
101106297
103598099
61233721
61235043
61234909
61233566
61233728
61234632
61234962
61234994
61234137
61234168
61234300
61233731
61234966
61235181
61235226
61235139
61233992
61235075
61235341
61877404
64370425
66863137
69355824
71849192
74510339
77002693
79663643
82155225
84816175
87308646
89969050
92628210
95289557
97948405
100608709
103267813
61234666
61235041
61235116
61235903
61236177
61236237
61235059
61234801
61236263
61236116
61236258
61236324
61235604
61235438
61235046
61236300
61236319
61236423
61236395
61712290
64206611
66698376
69190648
71850209
74344320
77004024
79664944
82323819
84816320
87476192
90136433
92795335
95455813
98114604
100775543
103434559
61236116
61237439
61236176
61237100
61237263
61235928
61237221
61236104
61237171
61236788
61237190
61237428
61237460
61237598
61236547
61236758
61236227
61237888
61237607
61547569
64041580
66533082
69025796
71685099
74179151
76840013
79332757
81825279
84486205
86978797
89471564
92132955
94625858
97286048
99777679
102439381
61236923
61237978
61238271
61238412
61238293
61238266
61237092
61237353
61237140
61238780
61238472
61238584
61237292
61237705
61237940
61237740
61237337
61238513
61238755
61238998
62879222
65371937
67863464
70356589
73017309
75509525
78169290
80829019
83488915
86150174
88641509
91301562
93960561
96622347
99113821
101774600
104079710
61239160
61239374
61238847
61238845
61238573
61239555
61239625
61239729
61239642
61238597
61239656
61239788
61239835
61239719
61238850
61239533
61239085
61238816
61239861
62546638
65205562
67698309
70191903
72852316
75344901
78004229
80665261
83157762
85817258
88476669
91138173
93795681
96456232
99116330
101775585
61239451
61239473
61239989
61239349
61240086
61240737
61239394
61239676
61239404
61240594
61240701
61239503
61240015
61240371
61240015
61239827
61239660
61240858
61241049
61241083
62881652
65374427
67865531
70526445
73018678
75678035
78337739
80998835
83491218
86151475
88810059
91470401
94129406
96789662
99448542
102109350
61240725
61241530
61241686
61241798
61240663
61240396
61241723
61241859
61241877
61241829
61241988
61241183
61241119
61241906
61242099
61240858
61240849
61241924
61242080
61242315
63381185
65873234
68365853
71026154
73518453
76177802
78837714
81498546
84158374
86818257
89309755
91970090
94630569
97289716
99950099
102608895
61241494
61241949
61242581
61242903
61242918
61241882
61242045
61242880
61242896
61242903
61241866
61243018
61243105
61243217
61243253
61242389
61242338
61241759
61242699
61553151
64045915
66538556
69198757
71690836
74352213
76844396
79504124
82163560
84824310
87484269
90144526
92635960
95296325
97955269
100783302
103442117
61243113
61243811
61244031
61244067
61242785
61243972
61244223
61244191
61244228
61242934
61243675
61243507
61243553
61243057
61244078
61244329
61243257
61243350
61244323
61886464
64546936
67038666
69531231
72024915
74685646
77178299
79839220
82498092
84990587
87650473
90311140
92970775
95631308
98290180
100949516
103608665
61245010
61245245
61245214
61244987
61245172
61243990
61244334
61244470
61245163
61245429
61245605
61245387
61244342
61244107
61245455
61245516
61245641
61244721
61245118
62387315
64880470
67371971
70032518
72524558
75185492
77677781
80337560
82998557
85657588
88150115
90810483
93469209
96129744
98788667
101449043
104086863
61246155
61244973
61245640
61245403
61246739
61246393
61245176
61245234
61246352
61246486
61246577
61246592
61245952
61246035
61245480
61246627
61246681
61245630
61245936
63052511
65545424
68037992
70698363
73190282
75850090
78509565
81169464
83830607
86489351
89149473
91809546
94468607
97129007
99787812
102281326
61246338
61246246
61246006
61247835
61246288
61247594
61247481
61247652
61247812
61247751
61247783
61246593
61246490
61247565
61247662
61247921
61246853
61247089
61247061
61247163
62222635
64550340
67043193
69534579
72195828
74855390
77347773
80007572
82667280
85326173
87987516
90647751
93306431
95799515
98458458
101119200
104089227
61248489
61248606
61247454
61247782
61247576
61248024
61248043
61248321
61247875
61248798
61249013
61249028
61248920
61247824
61249516
61249127
61249167
61249262
61248347
62057693
64218003
66712056
69203491
71696677
74356963
76850550
79511555
82003001
84496390
86658143
89150897
91812084
94303594
96965302
99456953
102117567
61249375
61249063
61248574
61249713
61250047
61249253
61250166
61248890
61248881
61250007
61250104
61250232
61249410
61249455
61249340
61250199
61250312
61250662
61249242
61249447
62558230
65051081
67543771
69870283
72197939
74691475
77183688
79843510
82502521
85163534
87823558
90483678
93142622
95803094
98461678
101122550
104091428
61250847
61249689
61250006
61250209
61251033
61251167
61251212
61250155
61251059
61251140
61251327
61250043
61250723
61250793
61250539
61251428
61251583
61251526
61250657
61894699
64220660
66214780
68044231
69705672
71699436
74028330
76686917
79512941
82339034
84997532
87657743
90484055
93144124
95803505
98462421
101290234
104092885
61250804
61252184
61252292
61252328
61251476
61251009
61252419
61251199
61251190
61252788
61252501
61252525
61252620
61251844
61251729
61251228
61252799
61252886
61251551
62727189
64887480
67212935
69872944
72365696
75025096
77686048
80345912
83005720
85497103
88157272
90817568
93476216
96136888
98795896
101456167
104094001
61253375
61253136
61253421
61253650
61253504
61252542
61252686
61252198
61253495
61253674
61253536
61252422
61254129
61253683
61253754
61253756
61253800
61252632
61253699
61729749
63891434
66216970
68877098
71369010
74029154
76690114
79349915
81841424
84501286
87161635
89820088
92481482
94974803
97633480
100294339
102952918
61254449
61254442
61253675
61253366
61254454
61254647
61253422
61253523
61254555
61255107
61254734
61253448
61254659
61254831
61254948
61254891
61254281
61254299
61254155
61232322
63227029
65720835
68046344
70706787
73032571
75360214
78019344
80680542
83340479
85832249
88491830
91152462
93810888
96471366
99130224
101790838
61254748
61254991
61254965
61255752
61255864
61255955
61254774
61254481
61255721
61256037
61256048
61255586
61255364
61255119
61255948
61256198
61256063
61255034
61255233
61256014
62896884
65223137
67548764
70041972
72702594
75194665
77855602
80348036
83009157
85500489
88161941
90654855
93314690
95807972
98467052
101128522
103619857
61255542
61255969
61256241
61256033
61255900
61256946
61257000
61257155
61257110
61255769
61255796
61255833
61256257
61256041
61257014
61257272
61257472
61256006
61256572
61234527
63228822
65555484
68048369
70708735
73200840
75694345
78355087
80847682
83508640
86168615
88660274
91321594
93980383
96640848
99299656
101793200
61256802
61257095
61257389
61256813
61258139
61256943
61257217
61256814
61258556
61258269
61258250
61257847
61257569
61257556
61257279
61258316
61258531
61258728
61258561
61257444
62732887
65058506
67551057
70210513
72703886
75363279
78023061
80684101
83343893
86003580
88495440
91155808
93814518
96474841
98968842
101295833
104099832
61259026
61259307
61259135
61257897
61259391
61258355
61258678
61258318
61259313
61259528
61259581
61258289
61258518
61258163
61259756
61259733
61267304
61266329
61266280
61909463
64403455
66896251
69388885
71881229
74542312
77034719
79695233
81854844
84348292
87009655
89501237
92162504
94655824
97314678
99975298
102634834
61267676
61267888
61267920
61266945
61266441
61267904
61268083
61268068
61267300
61267134
61267929
61268026
61268071
61268137
61267049
61268081
61268288
61268392
61267519
61246794
63406431
65400613
67728129
70054109
72547515
75208176
77700322
80194299
82853890
85346536
88006683
90668222
93159637
95821275
98480206
100973234
103632317
61268800
61268902
61269126
61269112
61268103
61267692
61269083
61269109
61269247
61268263
61268466
61268282
61269183
61269213
61269528
61268447
61269244
61269357
61269664
Peak: 104117720
Average: 69694341.6040865
