0
216427
259189
259221
259253
259573
259605
259637
259669
259765
259797
259829
259861
259893
259958
259989
260021
260117
260149
260181
260213
260246
260277
260512
260341
260438
260470
260501
260533
260565
260597
260629
260661
260757
260790
260821
260853
260885
260917
260949
260981
261103
261141
261173
261205
261237
261269
261301
261333
261365
261397
261429
261462
261590
261623
261654
261686
261718
261750
261782
261814
261846
261878
261910
261942
262070
262102
262134
262166
262198
262230
262262
262294
262295
262358
262359
262422
262582
262614
262647
262678
262710
262742
262774
262806
262807
262870
262902
262934
262935
262998
263030
263062
263191
263254
263488
263319
263350
263382
263383
263446
263479
263510
263542
263575
263607
263607
263670
263702
263894
263926
263958
264192
264022
264256
264086
264118
264151
264182
264214
264246
264278
264310
264342
264374
264406
264640
264470
264503
264896
264928
264758
264790
265024
264854
264886
264919
264950
265184
265014
265046
265078
265312
265111
265174
265207
265238
265270
265302
265526
265558
265590
265623
265654
265686
265718
265750
265782
265814
265846
265878
265910
265942
265974
266006
266038
266070
266102
266134
266166
266198
266230
266262
266720
266550
266582
266614
266646
266678
266710
266944
266774
266806
266838
269239
266902
266927
266966
267200
267030
267062
267094
267126
267158
267190
267222
267254
267286
267319
267350
267382
267670
267702
267733
267766
267798
267830
267862
267894
267927
267958
267990
268022
268256
268086
268118
268150
268183
268214
268246
268278
268279
268342
268576
268406
268438
268470
268503
268503
268566
268800
268623
268662
268951
269014
269046
269079
269110
269142
269174
269175
269238
269270
271671
269334
269366
269399
269430
269462
269494
269526
269558
269559
269622
269654
269686
269718
269750
269782
270016
269847
269847
270112
269942
269974
270006
270038
270070
270102
270454
270486
270519
270550
270582
270614
270646
270678
270710
270742
270774
270806
270838
270863
270871
270927
273335
273367
270999
270651
Peak: 273455
Average: 264225.34948096884
