0
216275
276709
550343
982067
1307495
1755078
2493897
2766417
3133553
3723119
4001373
4601412
5389124
5530568
5872600
6326747
6817541
7264419
7513914
7913049
8478397
8889101
9164253
9497147
9734103
10057149
10826922
11264492
11847678
12560110
12911930
13214417
13717770
14494410
14888975
15531763
15925206
16437567
16663642
16800129
17120916
17299816
17608265
18000844
18139203
18368628
18457553
19227284
19552503
19751622
19827556
19831132
20112420
20269465
20491100
20864627
21271217
21501964
22098835
22575029
23302969
23543770
23936546
24244031
24548567
24571777
24719345
24879199
25101929
25250259
25561931
25969088
26286764
26784393
27154654
27759819
28447729
29329449
29969129
30067441
30072609
30074905
30089909
30101617
30349649
30936165
31538108
31734803
32033093
32211327
32464392
32506677
32636222
32646460
32735478
32753489
32968623
33462973
34470294
33993852
34479730
34693885
34770966
34818130
34832368
34875430
35183858
35337939
35901926
36007947
36410147
36886748
36957815
37200628
37664967
38086922
38512850
38512793
38512973
38513134
38375490
38827666
39027511
39206453
39286939
43243213
43293947
43577402
43623016
44198333
44246160
44282443
44363768
44430874
44472105
44495812
44568420
44609275
44681502
44734694
44787418
44920842
44998390
45219012
45295920
45739084
45942044
46031082
46739011
46921590
46978638
47167375
47231086
47294990
47491383
47584850
47703888
47760902
48082710
48214816
48456284
48666943
48744974
48992070
49302936
49473990
49611984
49735496
49793203
50008271
50259428
50355810
50438901
50463157
50477933
50511429
50564046
50616983
50694613
50826118
50904525
50960722
51173086
51502576
51641522
52009107
52314819
52576167
52825489
53020457
53471919
53802802
54415201
54619783
54691150
54772769
54797931
54893839
54964305
55102456
55144621
55290546
55295545
55300112
55304276
55377754
55878921
56029494
56110640
56201871
56661213
57047394
57081647
57075005
57491819
57562900
59156180
57824656
57961645
58126515
58188728
58334890
58555703
58454650
58584881
58669936
59004956
59764683
59940971
60031995
60107267
60163011
60202394
60396372
60433467
61007030
61938158
60997707
61041632
61060174
61080499
61097291
61117140
61133820
61152993
61171119
61187180
61204308
61223464
61240176
61254673
61269321
61282553
61294783
61310500
61324946
61341967
61359181
61375567
61393970
61410083
61424729
61442566
61460933
61476859
61492093
61510613
61528533
61544592
61561751
61578672
61595608
61610000
61628776
61643520
61661192
61675784
61693744
61711528
61728352
61745352
61760016
61777744
61792136
61812953
61828872
61846672
61863432
61877896
61899296
61916952
61933776
61948264
61965376
61980952
61998760
62017952
62036088
62050440
62068584
62082904
62100984
62115472
62138864
62153472
62171352
62185736
62203008
62221104
62235768
62253592
62268256
62291040
62309104
62323848
63469608
60934177
60940816
60942231
60944272
60944750
60943100
60943813
60945911
60945299
60944527
60946425
60946106
60946042
60944618
60946234
60946517
60945268
60946637
60947304
60869948
60887641
60902542
60920558
60936978
60951861
60968456
60987165
61002525
61020589
61036344
61055261
61069781
61089069
61103448
61121032
61136248
61154243
61169832
61186520
61201763
61217459
61233187
61249531
61266515
61282147
61296579
61311998
61327718
61343473
61361414
61379806
61395438
61411113
61426809
61444273
61459798
61475665
61491393
61507889
61528369
61544068
61559772
61575404
61591029
61610508
61625844
61640532
61656236
61671641
61687612
61709729
61725361
61739777
61755345
61771220
61785825
61801132
61821788
61839668
61855364
61869905
61885540
61901236
61919122
61935292
61954929
61970892
61988692
62004316
62019009
62033348
62049076
62066892
62088452
62103140
62118708
62134460
63276633
60950718
60951552
60951601
60952019
60952102
60951824
60951941
60950437
60950496
60951240
60951995
60952067
60952498
60950948
60952560
60952624
60867167
60881098
60895722
60911928
60930251
60946753
60962610
60978525
60997090
61012514
61029034
61047178
61062901
61080818
61096490
61112320
61131869
61146376
61166061
61181733
61196077
61216061
61231765
61246093
61264088
61281901
61298117
61315154
61330599
61348549
61363013
61381455
61399133
61415061
61429503
61450549
61465324
61480719
61497357
61514373
61533509
61547764
61563597
61579229
61594989
61613484
61628983
61644415
61662493
61678197
61693829
61713685
61729341
61741191
61754605
61766644
61781093
61794143
61812309
61832813
61848445
61862861
61880861
61895349
61913349
61927813
61948815
61966893
61981285
61997135
62015013
62030733
62045020
62063213
62077948
62101877
62116132
62134341
62149997
60956315
60957646
60957804
60957653
60957736
60957658
60958046
60956190
60957902
60956878
60958235
60958771
60957842
60958958
60958896
60956982
60958726
60873194
60888230
60903608
60921189
60936995
60952563
60969171
60987027
61003499
61019195
61035358
61053539
61069342
61084854
61101699
61119779
61135803
61151403
61169955
61186899
61202587
61219011
61234624
61247776
61266824
61281280
61294603
61308856
61325843
61341248
61358120
61372459
61389632
61405288
61423456
61439139
61457875
61473536
61489096
61503512
61519395
61540672
61555360
61570720
61588792
61603384
61625096
61639928
61655272
61673216
61688944
61703272
61723144
61741288
61756024
61771240
61789408
61803752
61819651
61841121
61858072
61872600
61888299
61906120
61921824
61936323
61960256
61974795
61990376
62006136
62022696
62039736
62054264
62071904
62086771
62110808
62125400
62142072
63287910
60962152
60961986
60962388
60961689
60962908
60963235
60961816
60963480
60963464
60963579
60963544
60963544
60963616
60963552
60963664
60963085
60881952
60899104
60914528
60929608
60945147
60961643
60980296
60996672
61013336
61028173
61044387
61063552
61078203
61097432
61113056
61130208
61143466
61161472
61178885
61193485
61210189
61227741
61243504
61259072
61275589
61290093
61304349
61322415
61340496
61353720
61369662
61388963
61403467
61417899
61433483
61451059
61466635
61481139
61494291
61510331
61524443
61544699
61558112
61572389
61588027
61602432
61623208
61637592
61650912
61667728
61681323
61696043
61712856
61731608
61747168
61761696
61776128
61790584
61806144
61818462
61838723
61850848
61865352
61878499
61892816
61905976
61921648
61933648
61946903
61966904
61982376
61994627
62012440
62028144
62042904
62060624
62076328
62090583
62114936
62129515
62147328
63292024
60966469
60967103
60967290
60967507
60967694
60967617
60967573
60966201
60967722
60965705
60966276
60967486
60966324
60967574
60966841
60967622
60966134
60968106
60892378
60907067
60919161
60932825
60943385
60957025
60973498
60987498
61000706
61017226
61032578
61049370
61068389
61083133
61102197
61117925
61134037
61151917
61166296
61183628
61201765
61218128
61236205
61251093
61270781
61285181
61303317
61317645
61338037
61352904
61370501
61388981
61405741
61420141
61438205
61455856
61471365
61485957
61503952
61519117
61540645
61555389
61573069
61587624
61605549
61620080
61639667
61654099
61667216
61680357
61696040
61711864
61733909
61748360
61766373
61782077
61796752
61814565
61829309
61849592
61867477
61881952
61899965
61914805
61932453
61946904
61970293
61985109
62002757
62017221
62033000
62049797
62065341
62083165
62104184
62122069
62136888
62152104
63296832
60970526
60970796
60971935
60972008
60971786
60972064
60972248
60972216
60972280
60972832
60972190
60972064
60971609
60972165
60972366
60972202
60891959
60905645
60919297
60935246
60951383
60968798
60984894
61000854
61017305
61033830
61050494
61066201
61082870
61097526
61114561
61129798
61149470
61165249
61182582
61198214
61212918
61230369
61245822
61261780
61279273
61295052
61312993
61331025
61346657
61361073
61376590
61395308
61410892
61428777
61444409
61463137
61478697
61494353
61510145
61524609
61543950
61559190
61575001
61590556
61607284
61622716
61644577
61660233
61675865
61691513
61705977
61720668
61740305
61755937
61771521
61787225
61801798
61817673
61832916
61855817
61870281
61886124
61903945
61919689
61933934
61948449
61969708
61987521
62003257
62017966
62033500
62051393
62065934
62083785
62099417
62120049
62135868
62153753
62169401
63302097
60975677
60975960
60976161
60977065
60976521
60976905
60977121
60977466
60977006
60977466
60975806
60977490
60977546
60977503
60977519
60977591
60895355
60910234
60925682
60942730
60958941
60975109
60994013
61010413
61026109
61041621
61060429
61077309
61094069
61109864
61125720
61142624
61158357
61175229
61192589
61208221
61223909
61241533
61257093
61272797
61290493
61306149
61321877
61339741
61355373
61371005
61386637
61404957
61418301
61434029
61449661
61468365
61483925
61499365
61515269
61531141
61551141
61566773
61582493
61598125
61613757
61629341
61648813
61663133
61678765
61693301
61709149
61724637
61744861
61760285
61777037
61791541
61805861
61820373
61836237
61856405
61874437
61888853
61905725
61921357
61937013
61952645
61973677
61989309
62004893
62020597
62036253
62051885
62067445
62083101
62098805
62120581
62136301
62151885
62167541
63306237
60980610
60981189
60980305
60981406
60981564
60981224
60981317
60980357
60980056
60980885
60980621
60980960
60981640
60980765
60980285
60981784
60897258
60913431
60929292
60943927
60959975
60976055
60994701
61011415
61025903
61042612
61060138
61077138
61092868
61112156
61126474
61142210
61161740
61176482
61193492
61210354
61226187
61244795
61260674
61275116
61293932
61310882
61325204
61345572
61361319
61376898
61391226
61409834
61427738
61443554
61458002
61476594
61492228
61509098
61526042
61540778
61559508
61577594
61593307
61607924
61623428
61645226
61659706
61675418
61693378
61709082
61723388
61743276
61758900
61777082
61791484
61807348
61823842
61839618
61857834
61875706
61890194
61905954
61923986
61938402
61954244
61976269
61993154
62007668
62025612
62041268
62055602
62072426
62088124
62106124
62126738
62142436
62159276
62174922
63309908
60983606
60983310
60984090
60983877
60983949
60984901
60984394
60984786
60985074
60983755
60985053
60985278
60985056
60986486
60984973
60986705
60908049
60921854
60937312
60952488
60968306
60986776
61003168
61019538
61036232
61050744
61068336
61086581
61101184
61120422
61134974
61152256
61170174
61185910
61202326
61217630
61237640
61253272
61267670
61287854
61303502
61318094
61333622
61353990
61368376
61384193
61404696
61419166
61434817
61450648
61468454
61487326
61501662
61517296
61532958
61554353
61568976
61584558
61602392
61618326
61633958
61653464
61668134
61683454
61699302
61714998
61732878
61752734
61767462
61783184
61798686
61816270
61832198
61847862
61868318
61881694
61897166
61912862
61927304
61945326
61960990
61980862
61996278
62014537
62028993
62047017
62062680
62077134
62095096
62110742
62131425
62146942
62162776
62178446
63314614
60988261
60988542
60988470
60989837
60989993
60989979
60989990
60990124
60990095
60990012
60989942
60988358
60989928
60988523
60988296
60988864
60909196
60922829
60938805
60954426
60970220
60986378
61003117
61019288
61037461
61053922
61069338
61084898
61104138
61121202
61136893
61152541
61168418
61183965
61201522
61216949
61232824
61250544
61268657
61284401
61302129
61317761
61332489
61350009
61366022
61381518
61397137
61415518
61430805
61449006
61464438
61483489
61499078
61514702
61529441
61544926
61564089
61581886
61597574
61613214
61628862
61648393
61665270
61679670
61695318
61711230
61726629
61744825
61764638
61779030
61794606
61811609
61827182
61842865
61864425
61879030
61894537
61910377
61926028
61941424
61957241
61974017
61994910
62009609
62025006
62040638
62056360
62074425
62090129
62104449
62126449
62141966
62159918
62175646
63319062
60993586
60994050
60993898
60994339
60994489
60994252
60994356
60993415
60994447
60994232
60994420
60994211
60993719
60994283
60993591
60994320
60913756
60927377
60945409
60960561
60976337
60992785
61009065
61026417
61040929
61057585
61074177
61089833
61106753
61123521
61140281
61157225
61174513
61190209
61207585
61222001
61238929
61255593
61271249
61286905
61304617
61319889
61335641
61353457
61369281
61384988
61400497
61418676
61436761
61452465
61468121
61486841
61502473
61518177
61532433
61548153
61567265
61582921
61598876
61616625
61632257
61646721
61666129
61681760
61699897
61715553
61731185
61746841
61765737
61780977
61796705
61812617
61828252
61846145
61866577
61882281
61896697
61912508
61930353
61946057
61960801
61977345
61998305
62014009
62029641
62044033
62059844
62075425
62092081
62109049
62130913
62145241
62163305
62179009
63322457
60996973
60997418
60997410
60997651
60997814
60997579
60997801
60997722
60997793
60997664
60996980
60997594
60997153
60997717
60997142
60996336
60917102
60931866
60947234
60962629
60978533
60994562
61012218
61027557
61043178
61060698
61078698
61093218
61112314
61128050
61143682
61163314
61179146
61194930
61214602
61230330
61244770
61262450
61280314
61295970
61313778
61328122
61343762
61364202
61379842
61394426
61409794
61428386
61446202
61461914
61477562
61495106
61510794
61527418
61544298
61558861
61577826
61593746
61611642
61627322
61641642
61661189
61676997
61694842
61710570
61726226
61740554
61762842
61778498
61792898
61808773
61826594
61841058
61856965
61879586
61893914
61912050
61926514
61942002
61960074
61974498
61998034
62012514
62028474
62046266
62061898
62076658
62092098
62110010
62125698
62146170
62164234
62178626
62196658
61000674
61002010
61002288
61002010
61002146
61002177
61002146
61002017
61002234
61002049
61002306
61002121
61002338
61002225
61001458
61002289
61002506
60925546
60941101
60959218
60974139
60990051
61008507
61025003
61041406
61058107
61072411
61089294
61108299
61124083
61139982
61157811
61175051
61189467
61206998
61224899
61239347
61257267
61272566
61288347
61308363
61324142
61339747
61355379
61373403
61388139
61403355
61421795
61439747
61455451
61471051
61489811
61505467
61521099
61536755
61551419
61570355
61586083
61603891
61619595
61634011
61650003
61669259
61684915
61702795
61718587
61734219
61748979
61768611
61786491
61802123
61817851
61832243
61847971
61863867
61883915
61899482
61916307
61933323
61948979
61963395
61979027
62000179
62015554
62033691
62049483
62065155
62079875
62095139
62112083
62127715
62148275
62163835
62179683
62195147
63330283
61004097
61003873
61004673
61004329
61004593
61005329
61004721
61005238
61005569
61004140
61005422
61005735
61005449
61005778
61005882
61005823
60924893
60941068
60958681
60974673
60989425
61005937
61022625
61041353
61057985
61072369
61089060
61107151
61124095
61139959
61157903
61173767
61191831
61206295
61223834
61239439
61256855
61272607
61290559
61308479
61322711
61338666
61356519
61374519
61390191
61404871
61423039
61440935
61456663
61471039
61486687
61507759
61523471
61537951
61553690
61570255
61590695
61605087
61620855
61638719
61654423
61673711
61688407
61703919
61722055
61737767
61752351
61772399
61787823
61805759
61820151
61835943
61853831
61869535
61888927
61904487
61922359
61938063
61953727
61968543
61984082
62007215
62022911
62037671
62052895
62070959
62086663
62100991
62116911
62134775
62156607
62171375
62187847
62203575
63335114
61008717
61008549
61009213
61008957
61009093
61010104
61009640
61010005
61010221
61008829
61010157
61010462
61010224
61010518
61009056
61010689
60932021
60947921
60962138
60979258
60996714
61012987
61028212
61044540
61061132
61079204
61095892
61111460
61127092
61146476
61162228
61178156
61193924
61209420
61229220
61244900
61261652
61276892
61292452
61310412
61325916
61344084
61359780
61377765
61392028
61410092
61428412
61444207
61458476
61474404
61492279
61511044
61525485
61540996
61559140
61578300
61593884
61608548
61624132
61640692
61657732
61677228
61691548
61709620
61725276
61739668
61757805
61776452
61792204
61810084
61824748
61842548
61857284
61874460
61895540
61910084
61925772
61942364
61959380
61973964
61991844
62011612
62027460
62045340
62059756
62075244
62093412
62107876
62123436
62145500
62163380
62177972
62193260
63338068
61012224
61011595
61012784
61013150
61011608
61013214
61013174
61013318
61013289
61013318
61013358
61013262
61013524
61012577
61013414
61014053
60933829
60947915
60963287
60976679
60994953
61011233
61026380
61044937
61060849
61076628
61095257
61109716
61128780
61144991
61161780
61177687
61193594
61210178
61228812
61244444
61260140
61279484
61293948
61309818
61329692
61345396
61359812
61377914
61393690
61411380
61427084
61444583
61460074
61476730
61493636
61511263
61526705
61544756
61560460
61575018
61595106
61611964
61626423
61644428
61660156
61678375
61695186
61712092
61726911
61742113
61760164
61780092
61794650
61812484
61826948
61842743
61859506
61876396
61896828
61911231
61927282
61943722
61960628
61975330
61993020
62014124
62029115
62046588
62060980
62076850
62094612
62110340
62124898
62141602
62164604
62178983
62197020
63343031
61017686
61016758
61016438
61017430
61017854
61017854
61018183
61017146
61018311
61018279
61018343
61018351
61018431
61018535
61018530
61018602
60932685
60948347
60963028
60978492
60997268
61012228
61029932
61044612
61060847
61077364
61096396
61112084
61127612
61145716
61161508
61177159
61196788
61211604
61228540
61246636
61262100
61279092
61294535
61312468
61329044
61344783
61362775
61380652
61394988
61410887
61428716
61445940
61461743
61479588
61493980
61513996
61528559
61546388
61560780
61578852
61597116
61612623
61630500
61645308
61660660
61682532
61696852
61714948
61730652
61744996
61763068
61781676
61799756
61815524
61830135
61848060
61862892
61878327
61901028
61915364
61932204
61947828
61965908
61980300
61998444
62018212
62034039
62051940
62066591
62084492
62098884
62116956
62131276
62155588
62170316
62188028
62202860
63345980
61019811
61019419
61020547
61020235
61020347
61021227
61020145
61021052
61019753
61021402
61021434
61021338
61021506
61021385
61021501
61021305
60941879
60957785
60973209
60987750
61005159
61022649
61037809
61054094
61073126
61088822
61105489
61121161
61138990
61155825
61170628
61190065
61204529
61220377
61239937
61255697
61273324
61287788
61302121
61317777
61335785
61353585
61369300
61387244
61402668
61418545
61434209
61452537
61468172
61483980
61499556
61518233
61533897
61549553
61565324
61580876
61599964
61614609
61630177
61646964
61663940
61683428
61697697
61713481
61731516
61746028
61761841
61781553
61799417
61815196
61829897
61845305
61863193
61878897
61898236
61913996
61931825
61949577
61964132
61982004
61996841
62017577
62035561
62051260
62065852
62083681
62098409
62113964
62131836
62146233
62170321
62185129
62200628
62217212
63351226
61025596
61026164
61026100
61026397
61026525
61026276
61026405
61026276
61025536
61026300
61026525
61026348
61024652
61025380
61025103
61026156
60943161
60959165
60974858
60991062
61009326
61025606
61041971
61058454
61072838
61091878
61108566
61122878
61142134
61157966
61174830
61193294
61207614
61224443
61243094
61257582
61273614
61290942
61308622
61324451
61340998
61356638
61373422
61392758
61408486
61423294
61439454
61457886
61474830
61489222
61506054
61526094
61540510
61555998
61574174
61589811
61608982
61623502
61641374
61656971
61671518
61690963
61706854
61724734
61739198
61754782
61770630
61792782
61807246
61823030
61840926
61856718
61872374
61886902
61907366
61925246
61940902
61955390
61971142
61989046
62003510
62024638
62041302
62058246
62073094
62088374
62104070
62122190
62136926
62152094
62176454
62190774
62208870
63354790
61028322
61028026
61029261
61028221
61029045
61028610
61029042
61029672
61028920
61029734
61029768
61030009
61029771
61030073
61028552
61030105
60950128
60966281
60980310
60998721
61014857
61029825
61047513
61062867
61079230
61095137
61113955
61129902
61147499
61163710
61179249
61198614
61213174
61231174
61248558
61262883
61280445
61297425
61314310
61331006
61348886
61363427
61378966
61399238
61414974
61428286
61448934
61464654
61479206
61497142
61512806
61530555
61545765
61563998
61578590
61599918
61614187
61632334
61646675
61664870
61679627
61698886
61716774
61731059
61747110
61765086
61779787
61801726
61816190
61833966
61848678
61866702
61881459
61901533
61919670
61933925
61952158
61966451
61984646
61999259
62017038
62038134
62054902
62069243
62087438
62101811
62120014
62134627
62152406
62174198
62188579
62206758
62221182
63357446
61031115
61030795
61031670
61031419
61031699
61032219
61032550
61031051
61032379
61032751
61031107
61032914
61032804
61032820
61032860
61032036
60953290
60968994
60984522
61000450
61013985
61030153
61046641
61063234
61078698
61096618
61113290
61127674
61144586
61161393
61179602
61195242
61212402
61228058
61245450
61261034
61275874
61292994
61308850
61324394
61342234
61357962
61373289
61393722
61409378
61425010
61439442
61459098
61474754
61490458
61508386
61525922
61541514
61557170
61572794
61588369
61609962
61624282
61642378
61656978
61674914
61694410
61708802
61724298
61740506
61755922
61771554
61788690
61807010
61824954
61840666
61856314
61871970
61886714
61906826
61923690
61939346
61955082
61970730
61986354
62001986
62017546
62038658
62054346
62068690
62085322
62101186
62115594
62132466
62148170
62163738
62183314
62198874
62214626
62230226
63362898
61037203
61037699
61037707
61038068
61038175
61038640
61038060
61037947
61038195
61036398
61038110
61036582
61038198
61036683
61036534
61037094
60957302
60970958
60986273
61002433
61018377
61034379
61052105
61067537
61083009
61099713
61117369
61133041
61149825
61165457
61181049
61196777
61214401
61229825
61247257
61262627
61278382
61296118
61311646
61329665
61347481
61363113
61378745
61396705
61412444
61428041
61443697
61462041
61476497
61493305
61509025
61526833
61541161
61556697
61574577
61590233
61609321
61625025
61640657
61655113
61670609
61686361
61705777
61721585
61739537
61755169
61769585
61786481
61805433
61820849
61838729
61854433
61868945
61884761
61907441
61921833
61937393
61953011
61971097
61986825
62002481
62017001
62038025
62055905
62071609
62086121
62104001
62119729
62135385
62150993
62165801
62187353
62203921
62221025
63365649
61040224
61040720
61040602
61040950
61040998
61040644
61040727
61039636
61039828
61040431
61041176
61041176
61041133
61041157
61039281
61039353
60955264
60970262
60984865
61000115
61018326
61035193
61051630
61066022
61082558
61099163
61115515
61131575
61150526
61166107
61181971
61198606
61217212
61231596
61249092
61264812
61282748
61300372
61315732
61331660
61349428
61365060
61380716
61398676
61413140
61428700
61444284
61462628
61478452
61496332
61512052
61530828
61546484
61562140
61576804
61592108
61611228
61626788
61644932
61660564
61675133
61690828
61710252
61728276
61743996
61758381
61774140
61789676
61811924
61827652
61843284
61857604
61873236
61890092
61911788
61927492
61943172
61957652
61973404
61991356
62006988
62021373
62042580
62060188
62076116
62091748
62106205
62122084
62137500
62155476
62177324
62192884
62208612
62223004
63368868
61042655
61042415
61043239
61042925
61043124
61043812
61044092
61044261
61043932
61044341
61044445
61044322
61044458
61044477
61044437
61044362
60964798
60980891
60996280
61012288
61025786
61042066
61058547
61075355
61090923
61107515
61124131
61139480
61157600
61174576
61190208
61205888
61222760
61238616
61255976
61271632
61287368
61304872
61319216
61336160
61353904
61369560
61383952
61403128
61418872
61434488
61447912
61466480
61481840
61497400
61514272
61533000
61551224
61565520
61582536
61598168
61617184
61630816
61645048
61660608
61676376
61692056
61711632
61728008
61743960
61759616
61775176
61790832
61810760
61826344
61842072
61857720
61871256
61886584
61902186
61925096
61940752
61956480
61970896
61986552
62002552
62017960
62033776
62056968
62072672
62088256
62103984
62118296
62134128
62152008
62167736
62189440
62203904
62219584
62235178
63375056
61048652
61048382
61048982
61048870
61048942
61049838
61049086
61049862
61050078
61050335
61049918
61050295
61048817
61050351
61050383
61050447
60969033
60987441
61001721
61017841
61033865
61050065
61066561
61082683
61101801
61117385
61133977
61150833
61165281
61182417
61199201
61216434
61230826
61246554
61264250
61279690
61297683
61315235
61330987
61345739
61363275
61381147
61396851
61413915
61429571
61444867
61460771
61479955
61496971
61511779
61526947
61546228
61563771
61579475
61594211
61609579
61631051
61646427
61661099
61676803
61694755
61714299
61728715
61744275
61759835
61775627
61793771
61813619
61829235
61844963
61859355
61874843
61893011
61908715
61929195
61944851
61959691
61975187
61992987
62008691
62023035
62044029
62062139
62076603
62092427
62110235
62125963
62141323
62157275
62171667
62193371
62211467
62227171
62241955
63377947
61052068
61052780
61052780
61053026
61053141
61053023
61053234
61053007
61053087
61053742
61053095
61052918
61053151
61053052
61053175
61053070
60970797
60986832
61004665
61020698
61035658
61051778
61068306
61084506
61101194
61116818
61135946
61152754
61167266
61186562
61202234
61218002
61233778
61249362
61266794
61284794
61300618
61318170
61333802
61349458
61366042
61381546
61397466
61415154
61433330
61448986
61464618
61482954
61497442
61513130
61528634
61549794
61565562
61581178
61595602
61611354
61630322
61648338
61664050
61678570
61696458
61716010
61731634
61746178
61760794
61776354
61794226
61814178
61829842
61844506
61862258
61876850
61893898
61909330
61929786
61947682
61963394
61978218
61993554
62011530
62025994
62047122
62065002
62080746
62095490
62110978
62128778
62144506
62160154
62174578
62196298
62214154
62228842
62244938
63380850
61054550
61054790
61055937
61055967
61054454
61056119
61056071
61056143
61056178
61056127
61056309
61056095
61056263
61056214
61056223
61056950
60974025
60989929
61005449
61021275
61037427
61053713
61072273
61088778
61105482
61119954
61137746
61152578
61171290
61188362
61202754
61219938
61238010
61253738
61269898
61285450
61301292
61321106
61335570
61351330
61368956
61387066
61402690
61419370
61434938
61453170
61467834
61486170
61504066
61519698
61535330
61554034
61569642
61584106
61599938
61615490
61634610
61649994
61668227
61683794
61698258
61718090
61733506
61751458
61767178
61782810
61797474
61817426
61832594
61848490
61864154
61879538
61897682
61913114
61933794
61949426
61964162
61979650
61996210
62013178
62028882
62043378
62064210
62080122
62098067
62113634
62129338
62144994
62159754
62175170
62199802
62215538
62231114
62246626
63386586
61060912
61060741
61060631
61061556
61060782
61060214
61061713
61061946
61060361
61062066
61061959
61061975
61062031
61062039
61062079
61062098
60982338
60998176
61013705
61029633
61045761
61062050
61078474
61093634
61110618
61125858
61142364
61161650
61177348
61193114
61209122
61226082
61242650
61259749
61277034
61290274
61308378
61325954
61341682
61357258
61375010
61390762
61406394
61424330
61439962
61454634
61470067
61488666
61504157
61519733
61535554
61554210
61572156
61587730
61602194
61617850
61636962
61652714
61668164
61686250
61701954
61721130
61737122
61752778
61767186
61782946
61800898
61820778
61836362
61851170
61865378
61883330
61898962
61913442
61935066
61950626
61966034
61980714
61996746
62012042
62028114
62043474
62064394
62080498
62095730
62111445
62127290
62142764
62160874
62176602
62198378
62212970
62228770
62244178
63389922
61064292
61064782
61064782
61065015
61065087
61065046
61065023
61064902
61064990
61063342
61064990
61063446
61063102
61063934
61063636
61064094
60981698
60997397
61013647
61029391
61046247
61063799
61080255
61096615
61110999
61127815
61146727
61162415
61178135
61197423
61211839
61229135
61247079
61262799
61278847
61295744
61311495
61329007
61344599
61360455
61380439
61396167
61411727
61429655
61444471
61459911
61475487
61496119
61511847
61526303
61541895
61562815
61578735
61593527
61609066
61625495
61645975
61660383
61676143
61694047
61708503
61728135
61743591
61761727
61776207
61791847
61809911
61829791
61844247
61859831
61877911
61892439
61910303
61924767
61945359
61963223
61978951
61993671
62009151
62027095
62042687
62062447
62078439
62096247
62111967
62126367
62142050
62160063
62174759
62190250
62214351
62228679
62246775
63392687
61066401
61066110
61066854
61066598
61066726
61067534
61067201
61067566
61067710
61066382
61067630
61068079
61066478
61068063
61068205
61068261
60987213
61003078
61020854
61035934
61052014
61067985
61084166
61103166
61118631
61134415
61153330
61168919
61184559
61204007
61219711
61235842
61253735
61269367
61285351
61301303
61319855
61336823
61351639
61369210
61387055
61401447
61417471
61435183
61451903
61468855
61486879
61501567
61517599
61535287
61549735
61568559
61586535
61600951
61616511
61638111
61652551
61670327
61685103
61700938
61717471
61737087
61753847
61769551
61786239
61803303
61818975
61837695
61855599
61870479
61888063
61902527
61918311
61939671
61956687
61971511
61988039
62003695
62018111
62033871
62051783
62072871
62087463
62103039
62120919
62136647
62151383
62166807
62184815
62206663
62221255
62239079
62254735
63395831
61069604
61069278
61070142
61069865
61070094
61070918
61069857
61070790
61071078
61069614
61071041
61071215
61070942
61071287
61071442
61071399
60992603
61008514
61023983
61038932
61054730
61073402
61089780
61105020
61121962
61139652
61156394
61171852
61189956
61206108
61221266
61238530
61256602
61272306
61289819
61304066
61321762
61339762
61354226
61371898
61387554
61404354
61421386
61438485
61453868
61471756
61490154
61504890
61520322
61538196
61553826
61572388
61587405
61602844
61620724
61639897
61654442
61672322
61688052
61702562
61720514
61738733
61756842
61771234
61787010
61804962
61819402
61839378
61856034
61871810
61887562
61905538
61920274
61940506
61958410
61974138
61992307
62008514
62025554
62039874
62057970
62077810
62095810
62111538
62125858
62143930
62159722
62174042
62189626
62213986
62228418
62244082
62262130
63401954
61075711
61075407
61076295
61076234
61076333
61077026
61075986
61076983
61076527
61076975
61077242
61077344
61077071
61077467
61075895
61077686
60996679
61012690
61030295
61045095
61061362
61079783
61096255
61111415
61128202
61146175
61162003
61180811
61195547
61212389
61230457
61246606
61262108
61280070
61297532
61312391
61329582
61347556
61363319
61379665
61395703
61413592
61429186
61445922
61461738
61479685
61498018
61512346
61528096
61546248
61563940
61579501
61597362
61613023
61628685
61647762
61662460
61678973
61695960
61710188
61725791
61747872
61762549
61780218
61795832
61810340
61828550
61847181
61863114
61878386
61896458
61910914
61926805
61949413
61964162
61979306
61997474
62012348
62027800
62045725
62061477
62081653
62096789
62114802
62129338
62146186
62160995
62176205
62194301
62216034
62230610
62248626
62263274
63405461
61078754
61078653
61079489
61080049
61080265
61080538
61080193
61080570
61080677
61080762
61080658
61080674
61080789
61080658
61080770
61080770
61000957
61016822
61031345
61046830
61065438
61081686
61098177
61113750
61129972
61148057
61163702
61180276
61198321
61214570
61232145
61249482
61263753
61281790
61298047
61313882
61332511
61346807
61362634
61382850
61398506
61414325
61429882
61447554
61462162
61480175
61498495
61513370
61528802
61546639
61561119
61579943
61597898
61612383
61627911
61647277
61662748
61680842
61696605
61709794
61725255
61744949
61760618
61776330
61791965
61807583
61822943
61845306
61860951
61876658
61891282
61906607
61922239
61940362
61960954
61975450
61991343
62006767
62022407
62037975
62053775
62074567
62090839
62105967
62121719
62137431
62153087
62168567
62184463
62200055
62221895
62237287
62252919
62268903
63408495
61082860
61083369
61083511
61081972
61083436
61083693
61083458
61083717
61083819
61083832
61083928
61083872
61084000
61083840
61083968
61083847
61002565
61019807
61034159
61052319
61067119
61084671
61100135
61116095
61132967
61149639
61167506
61182999
61201194
61218191
61232511
61249887
61267847
61283519
61300055
61315317
61335327
61350959
61365826
61383535
61399023
61416882
61432567
61449511
61465015
61482959
61501207
61516087
61531479
61546918
61565079
61583871
61598391
61616375
61630751
61649967
61667615
61682303
61698015
61716031
61730767
61749975
61765479
61782311
61799255
61814015
61830471
61851575
61866383
61881799
61899695
61914431
61929719
61952663
61968383
61984039
61998383
62016479
62032207
62046479
62062135
62085679
62101471
62116015
62131454
62149615
62163935
62179526
62197735
62218687
62233791
62251999
62265135
63411103
61084935
61084639
61085391
61086223
61085714
61084791
61086255
61084946
61086258
61086552
61084975
61086648
61085165
61086728
61086696
61086776
61008114
61021671
61037066
61055354
61071572
61087787
61104211
61120635
61137227
61152891
61169483
61186259
61200838
61217710
61233534
61252947
61268603
61283131
61300283
61316251
61331603
61349443
61365099
61382979
61400795
61416427
61432099
61450019
61464435
61480435
61495843
61514187
61532067
61547771
61563491
61582219
61597875
61612467
61629163
61643555
61662499
61678323
61694051
61711931
61727659
61747099
61761547
61777523
61792667
61808811
61825339
61845195
61859587
61875147
61890939
61906595
61922355
61937979
61958483
61973803
61991747
62007699
62023331
62038715
62054643
62068955
62090411
62105819
62121539
62139459
62155147
62169603
62185099
62200947
62224995
62240699
62255019
62270867
63414235
61088591
61089167
61089175
61089384
61089432
61089383
61089399
61087815
61087871
61088407
61089263
61089263
61089672
61089704
61089455
61089704
61008815
61023565
61038265
61053534
61069445
61086045
61104958
61120670
61137121
61152726
61168966
61184857
61202518
61219582
61236582
61252230
61268158
61285054
61301278
61316838
61332681
61350246
61368182
61383913
61401542
61417238
61432961
61450830
61466494
61482193
61497798
61515206
61530489
61546286
61564289
61581766
61597318
61612878
61628670
61644454
61663601
61679246
61694838
61710360
61728358
61744070
61763553
61777958
61793926
61809166
61824950
61842902
61861641
61878382
61894102
61909737
61924198
61941030
61955614
61975934
61992766
62008561
62022926
62038470
62054289
62072182
62093190
62108977
62124542
62138926
62154582
62170158
62185806
62201454
62217286
62241294
62257110
62272734
62287193
63421057
61095192
61094971
61095168
61096145
61095808
61096201
61096225
61096225
61096233
61096217
61096273
61096072
61096312
61094536
61096227
61094688
61014135
61031413
61046805
61061461
61077412
61096197
61112621
61129061
61144341
61160101
61177717
61195837
61210253
61229669
61244485
61261597
61279429
61295232
61313749
61329381
61346088
61361253
61379461
61397253
61412901
61427472
61444053
61463309
61479037
61493773
61512125
61527333
61543085
61558869
61574453
61592964
61611029
61626765
61642413
61658045
61677085
61691549
61707525
61722837
61738445
61758061
61776037
61791661
61807397
61822125
61837365
61857269
61872908
61890973
61906605
61919949
61935669
61953573
61974093
61989725
62005429
62021085
62035821
62051037
62066629
62084541
62105773
62120581
62135821
62151653
62169597
62185253
62200909
62216541
62238365
62252757
62268324
62286389
63424005
61098024
61098253
61098253
61099481
61099529
61099457
61099414
61099494
61099502
61099510
61099614
61099518
61099734
61099723
61099700
61099504
61019730
61034536
61051296
61066078
61082218
61098274
61114922
61131301
61147714
61165779
61182427
61198269
61213882
61233131
61248806
61265091
61280354
61296146
61313378
61329301
61347147
61364715
61380371
61396003
61413843
61428034
61443930
61461866
61477522
61494219
61511091
61529507
61545139
61559531
61575386
61595243
61610875
61626435
61640899
61656907
61676835
61692523
61708131
61722595
61738339
61757659
61773602
61789467
61804650
61820490
61838211
61858438
61872755
61888186
61906459
61922115
61936378
61952002
61972434
61988106
62003746
62021907
62037603
62053323
62067586
62083482
62104450
62119994
62138131
62153830
62168026
62183786
62201867
62217451
62238051
62253746
62269474
62286099
63427235
61100912
61101187
61102240
61102321
61102334
61102326
61102342
61102487
61102516
61102264
61102465
61102221
61102470
61102285
61102502
61102389
61019095
61033723
61050659
61065514
61083731
61099891
61114986
61131578
61149523
61166211
61181698
61197130
61216419
61232458
61250179
61267534
61281754
61299891
61316091
61331762
61348486
61367403
61382002
61397341
61417611
61432027
61448014
61465754
61483699
61498214
61513682
61533195
61550262
61564658
61582579
61601470
61615658
61633867
61648259
61663778
61682866
61701003
61715698
61731250
61749171
61768803
61783058
61799883
61816923
61831235
61847026
61869195
61883931
61899386
61917411
61932139
61947562
61965531
61985987
62000362
62015994
62030570
62045962
62064171
62079803
62099522
62115154
62133291
62147642
62165851
62181507
62196026
62213971
62228659
62250242
62268211
62283939
63429851
61103695
61103362
61104490
61103562
61104378
61104074
61104370
61104122
61104194
61105202
61104717
61105192
61104359
61105162
61105522
61105234
61027136
61040778
61053937
61072170
61088162
61104239
61119536
61135976
61151587
61168387
61184864
61201656
61219803
61235816
61251144
61267534
61286320
61302032
61319488
61334160
61349504
61367272
61382728
61400800
61418568
61434272
61449928
61467904
61483608
61499264
61514920
61533264
61548960
61564576
61580208
61598840
61614568
61629240
61644720
61660352
61679464
61697336
61712968
61728760
61743152
61762560
61778480
61796352
61812008
61826400
61841992
61857648
61877696
61895568
61909912
61926952
61942624
61957344
61977560
61995592
62010952
62025664
62041672
62057080
62073824
62085816
62108032
62122608
62140552
62156224
62171864
62186216
62204280
62220104
62240696
62258640
62273104
62288696
63433448
61107168
61106779
61107224
61107019
61107795
61111200
61112088
61111763
61111887
61111783
61111914
61112810
61111935
61112781
61112448
61112754
61031870
61047839
61063263
61079354
61095279
61110247
61126909
61145447
61162119
61176741
61195535
61211111
61226727
61246199
61260527
61280186
61295863
61310431
61327848
61345639
61363247
61377850
61393639
61412279
61429287
61444951
61459381
61477359
61495311
61511090
61528135
61543767
61561930
61577591
61592199
61610823
61628727
61644455
61660111
61674455
61695983
61711711
61726367
61744175
61759831
61778183
61796135
61811855
61826367
61844247
61859007
61878735
61896687
61911007
61929079
61943887
61960368
61981999
61997727
62011999
62030143
62044807
62060207
62069863
62078375
62088303
62109031
62123351
62141495
62156039
62171975
62189631
62205063
62219943
62237751
62258479
62276431
62291183
62306407
61114218
61114022
61115599
61114567
61114547
61115371
61114907
61115331
61114592
61114139
61115603
61114337
61115619
61115868
61115488
61115921
61115678
61031082
61047065
61060529
61075921
61091841
61110945
61127345
61141737
61158113
61174782
61193814
61208206
61225252
61243086
61258950
61276894
61293132
61309534
61328278
61342686
61360830
61377281
61392702
61410926
61428694
61443097
61461169
61479201
61493713
61511665
61527321
61544745
61560153
61578137
61592670
61611542
61626809
61644894
61660622
61675252
61695158
61712249
61727846
61742294
61760310
61779822
61794318
61812337
61827006
61842345
61860457
61879121
61894758
61912769
61927470
61942686
61960889
61975649
61995830
62013761
62028230
62044230
62059649
62077673
62092220
62113094
62131161
62145409
62161137
62179233
62192465
62206850
62223729
62239457
62260113
62277993
62293721
62308233
63443177
61117490
61117994
61118253
61116770
61118210
61116826
61118325
61118555
61118146
61118539
61118202
61118651
61117050
61118592
61117130
61118755
61036698
61051606
61067382
61085510
61100262
61117710
61131670
61148094
61163750
61180342
61194710
61207829
61224646
61239174
61255030
61272982
61288790
61304566
61320542
61337782
61353174
61370990
61386710
61402342
61420014
61435702
61451326
61467030
61484918
61500478
61518430
61536774
61552478
61568062
61583806
61599422
61618126
61632518
61648294
61663998
61679374
61698750
61716710
61732342
61747974
61763670
61781958
61797638
61813270
61828734
61846806
61862534
61882390
61897950
61913678
61928342
61943558
61959374
61975198
61995654
62013534
62029262
62043654
62059214
62074870
62090694
62110477
62127029
62145238
62160942
62176598
62191014
62206574
62222398
62239174
62260878
62276582
62292230
62307862
63446663
61120170
61119938
61120674
61120525
61120351
61121405
61121021
61121378
61121581
61120261
61121602
61121883
61121581
61121915
61120271
61121960
61039575
61056850
61072242
61087274
61103130
61121618
61138205
61153365
61171013
61187981
61203533
61221245
61238189
61254141
61271797
61288221
61303621
61320365
61339109
61353517
61373541
61389245
61403589
61423549
61438237
61453941
61471893
61488661
61504509
61522317
61540709
61554981
61573125
61588829
61603173
61624317
61638869
61654437
61670189
61691549
61707253
61721501
61739645
61755437
61771069
61789421
61807325
61823053
61837565
61855469
61869933
61889909
61907813
61923517
61937789
61953565
61971565
61990685
62006605
62024485
62038949
62054621
62072693
62087501
62102669
62126189
62140653
62158653
62173141
62188725
62206797
62221381
62239333
62259893
62275669
62291541
62306829
63449189
61122687
61122447
61123095
61122703
61123314
61122962
61123634
61124626
61123890
61124418
61123682
61123210
61124666
61124886
61124554
61124848
61046436
61059997
61073215
61091461
61107429
61123589
61138821
61155221
61170799
61187391
61203983
61219831
61236543
61254789
61269503
61284719
61302303
61318861
61334895
61350535
61366247
61383991
61401877
61417597
61435413
61450997
61466701
61483741
61499053
61514709
61530613
61548957
61564245
61580077
61595495
61614173
61631069
61648013
61663669
61679301
61698413
61714045
61728797
61744277
61762157
61777837
61797405
61813037
61827357
61843141
61861085
61876789
61895405
61910917
61926821
61944469
61960349
61975085
61995373
62011005
62026653
62044309
62060325
62074717
62090269
62105909
62127141
62142559
62160645
62176373
62192005
62206437
62222173
62240053
62261925
62277557
62291877
62307717
63452269
61126583
61127419
61125775
61127456
61127448
61127448
61127560
61127560
61127552
61127520
61127648
61127442
61127699
61127490
61126832
61127511
61045792
61059425
61075366
61091134
61106966
61123305
61139729
61156081
61171461
61190558
61207246
61222878
61238766
61254094
61271318
61286694
61304142
61319814
61336902
61351622
61367534
61384870
61400625
61415958
61436134
61451790
61465334
61482990
61499910
61514302
61529870
61548206
61564097
61584414
61601990
61621006
61636638
61651382
61666622
61682694
61701438
61717069
61735134
61749590
61766446
61782190
61801574
61816390
61832046
61847513
61865326
61880982
61900910
61916542
61931022
61946854
61962473
61978014
61996038
62016470
62030862
62046870
62062086
62077710
62095806
62111510
62131350
62146870
62162429
62179350
62196294
62210686
62226342
62242326
62257721
62279369
62297470
62313102
62327566
63460270
61134655
61134119
61134927
61135251
61135411
61135205
61135414
61135159
61135352
61135231
61134664
61135263
61134712
61135327
61135544
61135431
61054806
61068175
61083879
61099919
61114697
61133151
61149551
61166049
61181687
61196910
61213871
61231757
61248581
61264510
61282465
61296995
61313976
61332163
61347121
61362881
61380817
61398425
61412688
61430891
61448641
61463299
61481177
61498184
61515921
61531625
61546139
61564483
61580163
61598081
61612529
61631104
61646811
61664961
61679502
61694990
61716518
61732246
61746758
61764710
61780366
61798870
61816598
61831062
61846838
61864494
61880422
61899398
61914608
61932718
61947382
61962934
61980886
61995302
62015998
62033806
62048286
62063832
62082014
62096526
62114406
62134270
62149744
62167902
62182318
62200390
62215270
62230582
62248606
62262926
62287166
62302894
62317302
63463238
61136743
61136447
61137007
61136703
61137706
61137231
61138539
61138360
61138456
61138487
61138472
61138306
61138496
61138370
61138528
61138415
61056538
61071077
61085741
61103973
61118653
61134989
61153661
61168950
61184965
61202197
61220181
61235013
61253805
61269589
61285245
61304870
61319702
61335198
61354870
61369358
61385134
61404670
61420622
61435846
61455126
61470534
61485598
61503310
61521254
61535990
61554342
61569998
61585141
61603278
61617678
61638814
61653302
61669062
61687006
61706182
61720702
61737358
61753486
61771062
61785902
61807462
61821718
61839926
61854766
61869909
61887774
61906710
61924710
61939598
61954734
61972902
61987318
62007774
62025838
62040302
62055798
62074030
62088774
62106422
62121086
62141894
62159942
62175646
62190166
62208110
62222526
62240526
62256254
62277070
62292622
62310494
62326078
63465974
61140295
61140959
61140951
61141176
61141363
61140336
61141152
61139343
61139351
61140071
61141424
61139847
61141488
61141600
61141520
61141584
61056039
61069162
61083767
61100375
61117463
61133599
61149431
61165183
61181463
61199111
61217087
61231578
61248557
61266437
61283477
61297837
61317378
61331965
61349594
61365061
61383024
61400541
61415090
61430944
61450810
61466546
61479594
61497794
61513250
61528981
61547037
61565402
61581069
61595330
61611298
61632325
61648002
61662322
61680453
61696122
61713890
61729586
61747714
61762509
61777874
61799602
61815306
61829698
61845386
61860946
61876842
61892349
61914725
61930306
61945890
61960405
61975906
61991730
62011973
62027706
62045706
62061477
62075869
62091498
62107250
62125194
62146253
62160618
62176378
62191834
62209978
62224378
62240442
62255850
62279989
62294330
62309930
62325626
63469146
61143082
61143247
61144453
61144593
61144531
61144451
61144563
61144362
61144362
61143162
61143157
61143562
61144522
61144768
61144680
61145084
61058965
61074878
61086998
61102502
61118334
61134531
61153747
61169540
61184635
61201235
61218947
61235939
61251806
61267054
61286548
61302107
61319379
61335011
61352299
61367947
61383691
61400075
61415755
61431443
61449291
61465011
61480371
61500747
61516403
61532035
61546571
61564843
61580499
61596067
61611891
61630547
61646139
61661803
61677435
61693107
61712443
61727827
61744587
61761531
61777259
61792939
61812411
61826803
61842371
61858267
61873651
61891723
61911651
61926043
61941803
61957451
61975171
61991059
62006683
62025947
62041515
62057411
62072923
62088571
62106523
62122227
62141995
62157931
62173419
62189067
62206939
62222643
62237315
62253067
62268475
62292491
62308211
62323915
62338683
63472195
61145951
61145655
61146087
61145722
61146511
61145930
61146679
61146431
61146482
61147514
61147045
61147426
61146898
61147439
61147826
61147784
61066783
61080260
61094601
61112025
61127901
61142914
61159242
61178082
61193810
61209285
61225906
61242638
61260618
61276458
61292181
61310184
61327306
61342957
61359200
61374650
61390346
61408213
61423645
61441798
61459608
61475189
61490837
61507813
61523293
61538784
61554704
61573074
61589573
61604389
61619986
61638282
61654253
61672010
61687706
61702248
61721074
61736898
61754952
61770621
61785314
61804664
61822589
61837045
61852490
61868445
61886456
61905021
61920773
61938800
61954437
61970053
61984381
62002517
62022877
62037437
62053197
62070997
62086653
62101141
62116946
62132608
62155805
62171509
62185853
62201749
62219645
62235408
62249626
62267813
62288381
62304133
62322064
62337717
63475141
61148979
61148488
61148984
61148648
61149934
61148768
61149584
61149496
61149592
61150459
61149728
61150224
61149552
61149099
61150619
61149144
61072364
61085976
61100281
61113977
61129857
61148337
61164809
61179969
61195793
61214585
61231249
61245785
61264913
61281929
61296521
61315953
61330281
61348410
61365801
61380129
61395809
61415873
61431553
61447289
61463745
61481817
61497521
61514145
61530313
61545457
61563601
61580881
61596457
61614337
61628801
61647649
61665601
61681225
61695641
61713785
61731977
61747217
61762921
61778745
61794329
61816049
61831681
61852617
61868321
61883953
61898761
61918497
61933977
61951857
61967585
61982321
61997729
62013385
62036089
62051721
62067513
62083169
62098801
62114433
62129161
62150057
62165761
62181169
62196705
62212337
62228009
62246130
62261769
62276089
62297889
62315985
62331713
62346033
63483633
61157823
61158522
61158658
61157175
61158623
61157231
61158831
61157335
61158735
61157415
61158783
61157431
61158946
61159219
61158989
61159211
61078666
61091982
61107574
61123470
61141795
61158067
61170963
61188532
61202812
61219403
61238467
61253260
61272067
61289222
61303763
61321654
61337587
61353275
61372987
61388675
61404395
61420627
61436251
61454537
61472227
61486555
61502267
61522691
61538307
61552827
61569411
61589043
61603443
61619019
61637235
61654764
61670483
61688355
61701755
61719756
61738803
61750795
61766467
61778499
61794155
61806275
61823083
61836603
61848923
61863003
61878723
61894643
61909827
61929859
61945387
61961115
61977827
61994843
62010475
62030907
62045387
62062195
62076979
62092371
62110243
62125947
62141667
62161459
62177219
62195163
62210819
62225267
62243235
62258051
62273259
62297499
62313203
62327651
62344307
63486715
61160362
61159994
61161034
61160866
61160850
61161810
61160970
61161599
61160834
61161591
61161879
61160391
61161839
61162024
61161751
61162128
61081550
61097431
61111663
61126507
61142344
61159680
61177507
61193880
61205800
61223755
61240024
61256027
61271576
61288339
61306603
61320952
61338740
61356208
61372400
61388256
61403720
61423632
61439072
61454704
61471440
61487112
61502776
61522059
61537720
61553395
61569000
61587299
61602984
61618659
61633208
61651728
61667416
61682971
61698576
61714355
61733336
61749048
61765003
61780435
61795939
61811611
61833587
61849283
61864875
61880579
61896131
61911867
61930776
61946171
61961899
61979763
61995475
62011107
62031259
62045955
62061392
62077208
62093083
62109592
62125248
62142264
62163315
62178971
62194560
62210243
62225776
62240283
62256200
62271448
62287259
62311339
62327003
62342635
62357091
63489763
61163375
61163775
61163810
61164743
61163991
61164575
61164159
61164583
61163839
61163399
61164775
61165072
61164735
61165144
61163602
61165219
61084820
61097885
61113413
61129381
61147773
61164053
61180477
61195637
61211197
61228957
61246917
61258837
61275765
61295061
61310765
61325501
61342293
61358005
61375389
61392077
61408829
61426701
61442261
61456725
61474405
61490061
61505621
61523893
61539325
61557413
61573045
61591437
61607013
61621821
61637037
61655701
61672525
61689541
61705173
61720853
61739037
61754381
61770021
61785669
61802421
61817085
61836389
61851877
61868749
61885749
61901381
61916773
61936957
61951405
61968037
61985077
62000413
62015445
62035685
62052245
62069189
62083677
62099237
62115997
62132941
62147429
62168493
62185125
62202165
62217749
62232549
62247973
62263501
62281573
62303349
62317829
62333517
62350149
63492557
61166743
61166695
61166527
61167583
61166530
61167525
61166743
61167503
61167799
61166327
61167711
61167936
61167663
61168043
61166471
61168147
61088873
61100687
61116527
61132431
61148650
61167098
61183562
61199863
61214247
61231440
61249895
61264359
61281343
61299263
61312567
61329223
61345791
61361447
61378519
61394127
61411143
61428695
61443087
61458647
61476423
61492175
61507863
61526251
61541207
61557167
61572615
61593354
61608986
61624663
61639106
61658111
61673759
61688967
61704983
61720271
61739559
61755322
61773194
61788791
61804562
61820135
61839690
61855026
61869999
61884319
61900746
61916618
61936554
61952186
61967802
61983498
61999130
62014778
62029178
62049479
62065183
62081090
62096514
62112250
62128938
62145946
62166914
62182546
62197303
62212551
62228290
62244130
62260642
62277650
62292351
62313850
62329482
62347282
62361962
61169579
61170808
61170936
61170874
61170867
61171460
61170864
61170743
61170168
61170783
61170216
61170839
61171056
61170970
61171104
61170967
61171192
61093935
61107732
61125972
61141588
61156580
61173796
61191508
61206692
61223332
61241349
61257972
61273636
61291588
61308292
61323100
61342588
61356908
61372585
61390084
61405748
61423324
61438956
61454529
61471116
61486860
61504740
61520409
61537236
61552748
61570892
61589308
61603900
61619452
61634820
61650892
61669444
61687348
61702084
61717372
61738924
61753388
61768948
61786820
61801780
61819508
61839076
61853396
61871540
61885884
61902644
61917268
61939604
61955236
61969508
61987652
62002116
62020140
62039508
62057404
62071796
62089892
62104284
62122428
62137060
62154844
62174612
62192708
62207220
62224068
62239684
62257732
62272052
62290196
62310804
62328756
62343356
62361380
63498869
61172351
61171967
61172951
61172143
61173031
61172823
61172943
61172810
61173026
61173850
61172970
61173703
61174055
61172621
61174018
61174283
61096023
61108685
61124973
61140981
61156949
61173248
61189509
61205981
61221637
61238157
61254821
61270477
61287261
61303069
61318597
61334229
61353861
61369565
61386965
61402560
61418008
61432317
61449053
61464685
61482525
61498101
61513733
61531693
61547397
61561789
61577445
61596037
61611253
61626957
61642613
61661437
61676877
61692653
61708165
61724013
61743245
61758829
61774269
61789901
61805749
61822317
61843173
61858893
61874525
61889189
61904501
61922573
61942453
61958181
61972493
61988493
62006229
62021933
62036205
62057837
62074805
62089197
62105997
62122997
62137317
62153109
62176557
62191917
62206653
62224605
62239165
62254917
62272749
62287213
62309109
62327013
62341477
62357301
63501797
61175554
61175271
61176015
61175831
61175946
61176783
61176370
61176743
61176938
61177144
61176858
61177176
61176088
61177224
61177400
61177400
61097893
61109919
61126855
61142599
61158823
61173794
61190135
61206602
61222311
61241223
61257903
61272647
61289023
61307167
61324103
61338599
61355687
61371335
61388975
61406775
61422543
61438954
61455647
61472655
61490335
61504863
61519599
61537370
61555287
61570911
61585322
61606023
61620831
61635998
61654215
61671727
61689695
61704154
61722167
61737887
61761866
61779735
61794423
61812143
61826594
61846182
61862999
61878834
61896663
61911055
61929143
61947826
61965863
61980247
61997079
62014055
62030815
62046551
62066975
62081287
62099383
62113842
62131855
62146463
62164407
62184110
62202319
62216855
62234799
62251583
62266234
62284055
62298478
62321863
62339583
62353922
62372079
63510695
61184386
61184090
61184487
61184178
61185183
61184255
61185186
61185069
61185007
61185959
61185114
61185831
61185359
61185751
61186111
61184607
61105330
61121476
61136796
61152868
61167596
61185084
61200228
61216828
61232204
61249076
61267860
61282324
61299164
61318516
61334220
61350084
61365676
61381307
61401172
61416900
61431324
61448740
61464396
61480364
61497844
61513668
61530300
61549548
61565276
61577332
61592932
61611244
61626740
61642540
61658092
61676863
61692647
61708180
61726180
61741924
61759820
61775668
61791383
61806732
61823468
61844308
61859940
61874775
61890191
61905483
61923628
61939356
61959212
61974876
61989180
62005071
62021604
62038612
62059052
62073820
62089215
62104659
62121444
62138460
62154092
62169836
62189948
62205356
62221932
62238956
62254588
62270244
62284564
62300644
62322420
62337756
62353291
62371428
63513676
61188095
61188866
61188679
61188896
61189016
61188899
61189142
61189034
61188944
61189671
61189126
61188882
61189182
61188903
61189120
61189007
61107208
61121814
61137637
61150701
61168277
61187229
61202149
61218621
61233381
61249685
61267342
61284317
61300205
61319205
61334973
61349565
61367065
61384557
61401909
61417341
61431997
61449528
61467645
61483349
61499832
61515637
61532261
61551640
61567229
61581549
61598374
61618037
61631269
61646829
61661165
61678973
61694525
61710237
61725621
61741325
61760429
61776197
61792829
61809797
61825501
61839981
61859509
61875085
61891789
61908517
61923621
61938789
61958717
61974293
61992373
62008005
62023725
62038053
62058485
62076573
62091989
62106533
62122814
62140333
62154797
62169453
62192629
62207021
62224053
62238789
62254229
62272101
62287805
62302557
62323925
62339581
62357429
62372181
63516781
61190871
61191527
61191527
61191904
61191976
61192538
61191743
61190375
61190151
61190850
61190485
61190933
61190594
61191429
61190698
61191554
61107927
61124755
61139584
61153629
61171406
61186718
61203142
61218878
61234830
61253886
61270550
61284990
61302806
61319822
61335414
61352286
61370766
61385166
61402670
61420614
61436278
61453038
61468518
61485030
61504086
61518758
61534767
61552142
61568902
61585942
61601638
61618702
61634462
61651022
61665670
61684366
61699998
61715654
61730118
61746942
61764790
61780766
61796110
61811758
61829710
61845414
61864974
61880534
61896238
61911598
61927230
61941918
61963038
61978374
61993398
62009062
62024350
62042422
62062806
62077614
62092830
62110974
62125590
62140950
62157918
62173510
62194574
62212590
62228246
62242502
62258358
62276430
62290822
62306518
62330622
62346326
62360646
62376238
63519838
61193546
61193234
61194159
61193271
61194210
61193791
61193855
61194957
61193967
61194877
61195047
61193551
61195015
61193639
61195103
61193743
61114587
61127850
61144122
61159706
61175754
61191834
61208450
61224658
61241367
61259346
61275887
61290754
61307530
61324226
61339666
61356495
61374751
61390719
61407991
61422519
61438143
61455631
61471442
61487082
61504922
61522807
61538511
61556471
61572103
61587735
61603399
61621719
61636178
61653023
61667407
61686090
61701695
61718506
61733122
61748706
61767866
61782186
61798034
61815690
61830722
61846082
61867874
61883666
61898250
61916130
61930618
61946226
61968402
61984058
61998378
62015275
62032178
62046498
62068235
62085098
62099490
62116315
62133290
62147954
62163242
62180026
62202370
62218074
62233794
62248530
62263866
62279522
62296346
62312002
62333778
62348090
62364170
62379386
63522922
61197039
61197703
61197847
61196458
61197871
61198107
61197767
61198112
61196578
61198240
61198259
61198208
61198272
61198280
61198312
61198256
61116670
61129940
61145561
61161825
61177361
61193977
61211001
61227756
61243369
61258770
61275767
61291372
61307733
61324629
61342922
61358554
61375797
61390466
61407418
61423253
61438666
61456402
61472256
61488714
61507842
61523562
61539194
61557133
61571546
61587514
61602885
61621066
61636642
61654786
61670498
61689234
61703706
61721618
61737282
61752090
61770786
61786554
61801978
61817818
61832482
61847762
61869818
61884506
61902226
61916722
61933482
61950386
61969186
61987138
62001546
62017306
62035186
62049666
62070226
62088178
62102930
62118009
62136322
62150642
62168778
62183450
62204338
62221978
62237098
62253522
62270482
62285363
62302954
62317362
62339338
62357218
62372794
62386034
63525930
61200077
61200960
61200992
61199311
61200711
61201080
61201000
61201144
61201115
61201251
61200208
61201256
61201098
61201307
61201157
61201363
61114625
61129520
61142766
61160624
61176344
61191715
61208907
61224067
61240574
61257224
61276043
61291779
61307443
61325387
61342411
61356867
61376347
61391995
61408488
61423883
61441947
61458259
61474027
61490603
61509731
61524240
61540000
61560112
61575867
61590576
61605963
61624237
61642264
61657907
61672299
61693443
61709099
61723499
61739192
61757176
61776438
61790672
61806298
61824507
61837720
61854536
61872859
61888579
61904211
61918563
61934451
61950971
61972270
61986603
62002136
62018955
62035944
62050672
62070867
62086394
62104539
62119011
62134464
62151334
62168248
62182584
62203694
62221760
62237507
62251827
62267632
62285512
62300227
62315731
62338440
62355531
62369995
62385699
63529094
61203229
61203090
61203122
61203746
61204090
61202511
61203967
61204200
61203871
61204272
61204368
61204355
61204416
61204424
61204384
61204443
61125014
61138139
61152539
61169939
61184619
61201171
61217595
61233843
61251651
61268267
61283619
61300403
61318571
61334163
61351102
61369531
61384323
61399809
61419339
61435067
61449635
61468099
61485067
61499531
61517659
61533091
61549790
61569083
61584667
61599110
61615803
61635547
61651179
61665939
61681363
61702307
61718035
61733667
61748059
61763827
61782907
61798515
61814219
61829875
61846515
61867339
61883092
61897763
61914315
61927363
61941939
61961790
61979811
61995547
62010003
62025670
62041083
62058995
62079774
62094139
62109755
62127851
62142427
62157827
62176038
62190563
62213851
62228222
62245003
62261971
62276342
62293147
62310214
62324606
62348723
62363238
62378883
62396827
63531987
61205890
61205551
61206535
61205607
61206167
61207135
61206519
61207087
61207367
61206013
61207202
61207571
61206026
61207611
61207707
61207699
61128093
61141322
61155685
61174066
61189986
61204946
61221437
61237837
61256802
61272458
61287818
61304050
61321450
61339666
61355426
61371290
61387114
61405010
61422442
61437202
61452642
61477818
61494746
61510450
61528274
61543610
61559562
61577498
61593130
61607546
61623530
61641362
61657210
61672714
61690786
61709290
61725218
61739546
61755373
61771954
61792426
61808082
61822482
61840474
61856202
61875674
61890418
61905722
61922539
61939490
61955146
61974930
61986922
62002994
62018218
62034045
62051938
62067642
62088098
62102418
62118389
62135042
62151850
62166618
62182954
62199970
62220114
62236522
62253554
62267861
62286018
62300434
62316066
62334066
62355122
62370581
62388354
62402818
63541482
61215378
61215066
61216178
61215293
61216042
61215834
61216917
61217011
61215485
61217043
61217032
61216968
61217112
61216823
61217091
61216970
61133919
61148843
61164415
61182684
61198676
61213751
61229988
61249024
61264564
61279844
61297615
61314604
61330076
61349543
61365260
61381295
61397951
61414887
61431055
61446783
61463455
61482415
61496871
61512583
61530268
61548212
61563916
61580988
61596468
61614268
61629924
61647428
61662780
61680732
61695196
61713852
61729556
61747556
61762396
61777876
61799204
61814788
61829188
61844900
61862900
61882476
61898164
61912556
61929452
61943844
61959476
61979700
61995199
62010700
62027332
62041772
62057669
62073164
62092468
62108199
62126084
62141812
62156127
62174204
62189948
62206311
62227812
62242276
62257823
62273412
62291564
62307268
62322900
62337644
62359444
62374780
62391412
62408380
63544676
61219127
61219759
61218735
61219629
61218890
61218394
61219842
61220072
61219639
61220048
61218498
61220144
61218543
61220208
61218615
61220232
61137935
61155436
61169660
61185653
61201549
61220269
61236759
61251847
61268399
61286613
61302165
61318887
61336837
61353863
61368399
61387879
61403541
61417869
61435511
61453311
61471013
61485383
61501215
61517573
61535605
61552549
61567317
61585247
61600391
61618629
61635703
61651229
61666991
61684991
61700725
61718535
61733959
61749607
61766239
61783205
61800981
61816765
61834709
61850509
61864759
61886741
61902469
61918093
61932501
61948341
61963775
61986021
62000559
62017389
62031773
62047525
62063263
62081061
62099071
62113711
62129487
62144821
62162869
62178567
62194293
62213983
62229551
62247711
62263431
62277749
62293533
62311541
62327197
62342837
62363293
62379157
62397021
62412685
63547773
61222181
61222035
61221760
61222760
61222304
61222696
61222917
61221536
61222899
61223198
61222797
61223238
61221653
61223304
61223264
61222475
61140049
61154831
61172756
61188879
61203636
61219780
61238610
61255020
61270679
61286026
61304972
61319780
61336533
61355743
61370284
61387629
61405391
61421015
61437367
61452919
61470855
61487354
61502748
61518660
61538695
61554388
61569095
61586879
61604804
61620436
61635772
61653100
61671172
61686900
61701271
61720263
61738092
61752951
61768370
61786183
61805343
61819711
61835479
61853503
61868332
61887367
61903119
61921119
61935535
61953375
61968356
61988079
62006023
62020783
62035999
62054071
62068495
62086559
62105895
62121500
62139572
62154031
62168463
62185303
62200940
62220716
62236351
62252196
62270044
62285732
62299980
62318148
62332943
62348236
62372484
62387279
62402500
62420548
61225675
61226011
61226169
61225936
61226040
61226008
61226104
61226071
61226120
61225951
61226259
61226031
61225355
61226186
61225571
61226234
61226459
61146731
61164019
61179483
61194163
61210414
61226638
61245227
61261699
61278316
61292915
61309870
61326083
61344227
61359915
61376675
61395251
61409619
61425275
61445092
61459523
61477099
61492739
61510883
61528579
61542971
61558627
61576771
61593531
61610363
61624883
61643291
61661123
61676827
61691515
61707003
61725795
61743603
61759339
61774059
61793003
61808387
61826531
61842187
61856579
61874763
61892979
61908731
61926707
61941299
61956875
61974820
61994683
62009027
62025859
62042827
62058459
62073035
62095811
62110475
62126227
62141635
62159627
62174347
62192003
62207731
62228667
62243099
62258755
62273419
62288995
62306875
62322603
62337115
62353771
62376859
62391251
62409412
63554043
61227599
61227367
61228490
61227645
61228327
61228111
61228087
61229079
61228602
61228991
61228231
61229467
61229122
61229475
61227962
61229592
61148867
61163155
61179867
61195939
61210523
61225878
61244510
61260990
61275291
61291990
61311011
61325667
61342179
61361635
61376099
61393155
61408779
61426875
61443067
61458827
61476755
61493139
61509086
61526867
61543515
61559035
61576883
61595147
61609467
61625091
61646006
61660259
61675902
61694118
61708731
61727727
61745187
61760891
61775307
61792334
61812419
61828123
61842875
61858163
61876307
61894563
61910366
61928286
61943099
61960675
61975171
61995027
62013051
62027758
62045587
62060003
62075635
62092598
62111643
62127419
62143067
62158699
62173334
62191259
62204451
62224299
62237483
62248267
62265238
62280803
62296507
62312142
62327723
62342358
62366398
62380747
62396403
62414547
63556771
61230666
61230311
61231189
61230506
61231194
61232018
61231469
61231863
61231213
61230714
61232055
61232272
61231999
61232344
61230799
61232467
61151638
61165234
61180941
61199213
61213941
61230597
61246562
61265282
61282037
61296427
61313229
61332385
61346595
61366110
61381873
61397715
61413403
61431355
61448811
61463547
61479715
61498787
61513251
61529107
61549155
61563571
61579403
61599531
61615235
61629547
61647899
61663538
61680315
61697259
61712931
61730651
61745947
61762867
61779811
61795467
61813315
61829395
61844595
61862739
61878419
61896651
61912595
61928131
61944627
61961691
61976083
61996067
62012651
62029595
62044443
62059835
62077715
62093507
62112699
62128283
62145043
62162059
62176403
62193163
62210179
62231211
62245747
62261387
62279331
62294963
62309435
62327451
62340723
62356043
62378115
62393771
62408091
62423851
63560163
61234309
61234919
61234847
61235216
61235208
61235120
61235219
61235031
61235271
61235079
61235296
61235119
61235419
61235234
61235451
61235295
61152053
61168018
61181330
61199722
61214426
61230562
61247178
61264514
61281482
61298146
61313834
61327882
61345082
61360346
61379754
61395468
61411356
61429369
61446753
61462457
61478261
61495697
61511329
61527049
61543682
61559274
61574834
61592986
61610866
61626570
61642161
61660481
61676137
61691769
61706505
61725161
61740641
61756163
61772937
61789833
61808921
61824625
61839105
61854857
61870379
61888393
61907865
61922281
61940425
61956081
61970593
61986043
62008425
62024057
62039713
62054305
62069857
62087761
62108193
62123921
62138241
62154153
62172033
62187665
62202153
62218129
62238745
62254569
62271209
62288105
62303737
62319465
62334273
62349609
62373729
62389289
62401649
62418249
63562913
61237136
61237968
61237837
61238142
61238198
61236902
61236942
61236485
61236592
61237488
61237232
61237168
61238192
61237456
61238240
61238592
61155303
61169975
61182272
61197573
61213704
61229776
61247645
61264648
61281093
61297750
61313470
61328862
61347894
61363654
61379718
61392966
61407393
61420766
61434934
61452633
61470454
61486126
61503678
61519310
61535054
61552870
61568526
61584086
61602118
61616510
61632070
61647726
61666310
61681637
61698462
61715406
61734206
61748942
61764182
61780942
61797926
61817070
61831390
61847182
61863870
61880838
61900382
61916014
61931670
61945918
61961766
61978406
61999646
62015302
62029550
62045398
62063350
62079054
62093814
62113950
62130614
62147558
62162310
62177790
62194430
62211470
62225934
62247238
62262574
62280526
62296182
62310574
62326422
62342990
62359934
62381510
62396470
62411982
62427534
63566150
61240056
61241150
61240160
61239696
61241051
61241393
61239800
61241497
61241599
61241540
61241521
61241457
61241665
61240721
61249129
61249655
61167944
61180756
61196188
61212236
61230428
61246660
61263132
61279532
61295188
61310396
61327100
61343844
61362012
61379087
61393364
61408996
61427367
61443060
61459269
61476076
61490916
61508076
61523708
61541860
61559388
61574076
61589804
61607588
61623372
61640012
61656956
61675372
61690932
61705484
61722292
61740100
61755748
61771388
61787020
61802380
61823788
61839516
61854036
61869548
61887700
61905996
61921508
61937148
61955244
61970948
61985292
62002404
62023285
62038948
62053268
62068924
62087068
62102628
62121844
62138669
62155572
62170084
62186812
62203828
62218268
62236244
62256084
62271596
62287492
62302956
62319781
62336732
62352388
62366636
62388508
62404260
62420900
62436556
63576629
61250863
61251359
61251771
61251578
61251755
61251554
61250870
61251658
61251051
61251730
61251939
61251805
61252003
61251818
61252086
61251941
61171183
61184654
61198091
61213745
61232214
61246324
61262545
61281262
61296969
61313582
61330126
61345809
61362638
61377331
61394086
61409606
61429214
61444878
61460939
61476646
61492382
61511102
61526606
61541705
61558851
61574822
61592753
61610726
61626382
61640659
61656558
61674697
61691534
61708510
61724185
61741899
61757555
61773124
61789734
61806606
61825849
61840198
61855694
61873897
61888302
61903771
61923489
61941430
61955918
61971657
61988262
62005214
62025166
62039363
62055507
62070723
62086598
62102462
62122622
62140646
62156409
62171982
62187638
62202433
62218038
62233425
62254564
62271060
62287982
62303473
62319299
62334947
62349598
62365078
62386878
62403569
62419230
62436270
63579753
61253554
61253322
61254023
61254055
61253807
61255075
61255035
61254968
61255040
61255008
61255136
61255048
61255200
61255159
61255203
61255074
61171912
61188728
61202176
61220579
61236448
61252680
61267768
61284219
61302315
61318928
61334632
61352296
61369208
61385080
61402952
61420144
61434952
61450384
61470064
61485720
61500264
61521618
61535840
61549443
61566800
61584865
61599259
61619608
61634000
61649635
61667792
61684872
61700880
61716131
61734235
61752968
61767480
61785435
61801080
61815824
61834763
61852576
61868368
61882755
61898288
61918984
61936051
61950344
61968416
61982931
61998440
62020752
62036539
62050984
62068888
62083368
62099104
62117016
62137528
62151928
62170059
62185720
62200112
62218179
62233856
62253744
62270459
62287352
62301672
62318644
62335472
62349816
62367939
62383528
62404064
62419864
62437792
63582552
61256520
61256101
61257157
61256285
61257093
61256693
61257064
61256952
61257067
61258161
61258230
61257922
61258155
61257887
61257211
61258034
61177104
61190610
61206451
61222510
61237219
61253363
61272150
61288555
61304211
61319630
61336067
61351747
61371102
61386835
61402515
61420507
61437723
61452459
61469427
61487499
61503235
61519987
61535323
61550853
61571035
61585499
61601275
61619115
61637187
61652771
61668403
61685555
61701139
61716771
61734867
61753643
61768979
61784035
61799443
61817347
61836507
61850987
61866747
61882195
61900275
61919819
61934155
61952235
61967939
61982355
61998107
62020235
62034971
62050259
62068355
62084059
62098403
62116475
62135803
62151323
62169395
62185115
62199699
62217579
62232411
62252931
62271099
62286803
62301563
62316779
62334923
62349339
62365163
62382995
62403667
62419115
62437259
62452891
63585627
61259091
61258859
61259558
61259027
61259626
61259151
61259698
61259319
61260354
61259391
61260159
61259991
61259527
61261201
61261152
61261112
61181596
61195037
61208509
61226739
61242731
61257570
61273978
61290752
61308691
61324027
61340792
61356162
61375168
61391222
61406890
61426337
61442198
61456718
61476414
61490814
61507734
61525345
61539686
61555342
61573481
61589070
61604478
61622294
61638022
61655950
61671622
61687486
61703310
61719038
61735606
61753182
61771270
61786902
61802630
61817094
61837374
61852110
61867366
61885422
61901126
61919382
61934942
61950790
61968670
61984414
61998777
62018841
62036670
62052433
62066870
62082358
62099306
62116182
62136686
62150985
62166846
62184777
62200374
62215118
62230550
62248494
62269574
62283998
62299801
62315278
62333286
62349129
62364702
62379078
62400830
62416526
62434622
62450254
63588878
61262621
61262912
61263328
61263661
61263112
61262439
61263967
61262535
61263935
61264272
61263863
61264224
61263951
61264360
61262767
61263504
61181008
61194359
61211461
61226878
61243350
61259510
61275910
61291542
61307966
61324558
61341246
61356878
61373702
61389401
61406358
61421910
61439217
61454822
61472247
61487830
61503545
61521142
61536774
61552406
61568790
61585806
61601390
61617022
61634998
61650614
61666318
61684366
61700294
61715878
61731582
61747254
61765942
61781574
61797230
61812927
61832014
61847670
61863006
61878886
61894518
61910174
61929646
61945350
61959622
61976566
61990982
62006614
62025270
62040854
62056630
62072543
62088038
62103686
62119326
62139566
62155630
62170846
62186622
62202350
62217910
62234734
62250366
62271174
62287030
62302734
62318390
62334022
62349678
62365310
62380942
62402742
62418439
62433958
62449662
63591950
61266360
61266925
61266781
61267014
61267137
61267153
61267110
61267238
61267238
61267126
61267294
61266334
61267358
61267045
61267334
61267208
61186309
61199752
61215513
61230675
61246547
61264699
61281427
61296579
61312507
61328690
61347891
61362203
61380187
61398467
61413110
61429085
61448123
61463851
61479875
61497947
61513635
61530363
61545683
61563747
61581515
61596331
61611546
61631939
61646403
61661995
61680059
61698475
61712803
61730867
61746606
61765331
61778595
61795286
61812251
61827011
61845998
61862523
61879243
61893934
61909643
61929062
61947163
61961539
61977118
61993899
62010915
62030870
62045131
62060971
62078990
62094555
62109107
62124605
62147499
62162307
62177870
62195683
62210451
62225851
62243795
62263587
62280275
62297315
62311635
62329707
62345435
62359883
62376539
62393259
62414459
62432115
62447851
62462227
61268643
61270041
61270161
61269985
61270193
61270097
61270201
61269377
61270265
61270800
61270273
61270080
61270305
61269144
61268864
61269536
61269360
61191876
61204396
61221028
61235855
61251796
61266660
61283176
61300812
61316492
61333143
61349708
61364444
61381047
61400319
61416098
61430463
61447471
61465631
61481903
61498727
61513271
61530575
61547552
61563335
61582263
61597903
61612351
61630335
61648359
61664082
61678327
61696639
61713555
61730455
61744799
61764682
61781647
61796111
61814135
61828615
61847802
61865703
61881431
61896066
61913903
61932223
61948130
61965807
61980471
61996026
62012680
62033871
62048666
62064999
62081703
62096634
62114415
62128879
62149378
62167399
62182207
62197567
62215591
62231226
62245567
62266711
62284794
62299479
62314831
62332783
62348439
62363047
62380903
62396639
62417095
62433938
62450871
62465367
61344272
61272966
61273190
61272925
61273062
61272960
61273086
61272965
61273182
61273005
61273246
61273120
61273337
61273267
61272601
61273264
61273465
61195961
61209831
61225287
61242138
61258199
61274474
61292194
61308567
61321503
61338493
61355122
61370466
61386413
61403335
61421402
61438653
61452847
61468770
61488450
61504055
61519719
61536426
61551655
61567495
61585322
61600887
61618759
61636791
61652423
61668007
61682751
61700815
61716383
61732079
61747663
61768807
61784535
61800167
61815839
61830639
61849359
61864951
61883023
61896311
61912151
61931279
61946935
61962831
61978223
61996359
62012015
62031943
62046679
62062215
62077775
62093223
62111303
62127007
62146287
62162055
62180031
62195351
62210175
62225823
62243695
62258263
62280431
62294879
62310479
62328479
62344135
62358879
62374720
62389887
62414031
62429759
62444151
62461127
63600935
61275328
61275176
61275304
61276224
61275328
61276008
61276288
61274864
61276264
61276497
61276128
61276569
61274984
61276569
61276569
61276641
61196937
61208917
61224642
61243034
61259125
61274066
61290394
61306965
61324667
61341522
61357325
61372506
61389354
61405154
61420914
61438818
61456074
61470762
61488021
61505874
61521594
61538394
61553602
61571714
61589370
61603698
61619426
61639866
61655458
61669850
61685698
61703834
61721978
61737634
61752226
61773194
61787650
61803154
61818930
61835699
61856050
61870514
61886106
61904242
61919874
61938410
61953802
61965834
61979253
61994714
62009082
62027285
62045922
62063858
62079602
62095210
62110066
62125189
62148066
62163850
62178442
62193834
62209730
62225098
62240946
62258818
62279922
62294250
62310098
62327970
62342434
62358026
62373850
62391746
62413522
62428226
62443770
62461642
63604026
61286320
61286864
61286787
61287547
61286960
61287381
61287704
61287878
61287469
61287972
61286336
61288060
61286408
61287942
61286421
61288102
61208377
61220665
61237265
61252162
61268011
61286747
61303219
61318419
61334411
61353067
61369683
61384011
61401051
61420267
61432459
61448323
61465083
61480843
61498139
61513699
61531971
61549491
61564019
61580851
61598523
61614179
61628707
61646859
61662171
61677995
61695979
61714211
61729843
61745571
61760315
61778819
61794251
61812323
61828051
61843611
61862859
61877251
61893347
61908739
61926315
61946107
61960499
61976091
61994155
62007419
62023075
62038643
62058787
62076587
62092315
62106707
62122275
62137859
62160795
62176291
62192147
62207779
62222339
62238027
62253755
62271579
62292659
62308315
62323051
62338299
62353995
62370723
62387651
62402115
62424267
62439411
62456323
62473339
63615628
61289653
61290670
61290702
61289814
61290670
61288869
61288901
61290149
61290848
61290861
61290942
61290993
61290990
61291030
61291017
61291078
61205278
61217405
61233054
61251126
61265542
61282230
61301190
61316934
61332006
61351110
61367734
61382118
61401406
61416142
61432918
61450870
61468038
61480054
61497414
61515438
61529934
61547606
61563198
61581278
61598974
61613366
61628950
61649390
61663854
61679398
61697534
61714694
61730654
61745926
61764030
61782798
61797174
61812782
61830990
61846638
61864686
61882518
61898214
61912734
61930630
61950174
61964454
61982590
61998326
62012838
62029438
62050590
62063854
62079446
62097518
62113310
62127750
62145734
62166222
62180966
62196270
62214342
62228686
62245454
62261222
62277078
62300334
62314814
62332750
62347550
62362990
62380870
62396598
62410982
62433270
62448534
62466478
62482142
63618503
61292349
61292653
61292653
61293758
61293902
61293726
61293742
61291997
61291981
61293288
61293733
61293653
61294105
61294078
61294006
61294142
61207165
61221777
61237185
61250876
61268761
61284985
61301196
61317601
61334025
61350617
61366273
61382785
61399641
61414089
61431001
61446724
61463841
61479665
61495948
61512553
61525809
61544692
61560337
61575969
61590780
61608273
61626153
61641860
61659793
61675457
61689777
61706513
61725977
61741897
61756513
61771873
61793057
61808737
61823137
61839145
61854545
61873529
61891673
61907321
61921649
61939713
61959289
61973681
61989449
62007337
62023057
62037385
62057241
62074017
62090961
62104385
62122329
62136873
62154601
62174017
62189873
62207745
62223449
62237785
62253625
62269153
62292601
62308257
62322649
62338409
62356377
62371113
62386553
62404425
62420169
62440609
62456249
62474409
62490041
63621602
61295381
61295141
61295885
61295709
61295917
61296669
61295917
61296621
61296901
61295437
61296757
61297105
61296832
61297102
61295589
61297241
61216196
61230815
61246591
61261623
61279639
61295943
61311103
61327471
61346487
61362191
61377495
61396719
61412479
61428351
61446239
61462239
61478007
61495983
61512095
61528087
61544247
61563447
61575487
61589919
61610063
61624600
61640095
61658119
61676191
61690879
61706231
61726943
61741407
61757191
61774847
61792879
61808383
61826263
61840751
61856511
61875551
61893623
61909279
61923799
61941751
61961183
61975575
61991231
62009367
62025031
62039343
62060319
62077287
62091807
62109855
62124519
62140071
62157975
62177239
62193087
62210879
62226607
62241127
62259023
62273495
62294631
62312527
62326927
62342775
62360719
62376367
62390887
62408799
62423319
62445223
62463055
62477935
63624671
61298384
61298021
61298405
61298197
61298981
61298846
61298816
61299880
61298712
61299795
61299981
61300054
61299867
61300174
61298589
61300182
61220562
61233642
61249514
61265514
61280242
61296498
61312946
61329178
61347322
61363914
61379218
61397290
61412962
61432389
61448117
61464165
61482109
61496533
61514136
61529453
61546310
61562757
61580837
61596541
61614237
61629869
61643173
61658621
61674445
61689837
61705541
61723949
61741957
61757661
61773317
61792021
61806437
61821997
61837893
61853405
61874813
61890605
61906165
61921821
61936285
61951917
61971533
61989485
62005069
62019533
62035117
62053189
62073085
62088773
62103021
62118869
62136821
62152477
62172085
62187493
62205461
62221165
62234309
62249941
62268109
62283741
62303429
62319357
62337165
62352893
62367629
62382869
62400941
62416645
62438445
62452765
62468685
62486565
63627653
61301869
61302629
61302565
61302806
61302921
61302964
61302894
61302966
61302958
61302918
61303110
61303005
61303102
61303610
61303089
61302909
61222260
61233132
61250303
61264748
61283204
61299559
61315892
61331356
61346844
61365668
61382351
61396956
61416036
61432167
61447372
61462988
61481343
61498260
61515676
61531359
61546996
61563380
61579439
61594604
61612540
61628391
61646148
61664108
61679791
61692924
61706380
61724487
61740143
61758229
61773943
61792580
61807396
61822783
61838212
61854052
61875460
61891164
61905580
61921140
61936796
61952620
61973140
61989996
62003188
62020164
62034540
62050191
62072444
62088172
62102535
62118244
62136220
62151975
62172468
62186788
62202399
62220588
62234980
62250959
62266247
62284292
62305351
62320108
62335540
62353543
62369132
62383572
62401548
62416012
62437980
62455876
62471508
62487236
63630660
61304579
61304296
61305056
61304843
61305808
61305736
61305712
61306191
61305816
61305995
61304507
61304368
61305424
61305198
61305187
61306240
61219045
61234001
61248226
61264154
61282082
61298365
61314122
61329802
61347422
61365210
61380786
61398637
61414250
61432234
61447962
61463698
61483306
61498962
61515202
61533106
61548842
61565210
61581010
61598882
61615546
61631450
61647979
61667074
61681458
61697162
61715218
61733610
61746954
61764826
61780554
61797946
61813794
61831746
61846482
61861714
61880946
61898970
61913434
61929290
61947162
61966634
61981250
61996802
62012466
62028098
62043554
62063602
62081482
62095898
62112842
62128426
62144058
62159850
62179458
62194730
62211570
62226002
62237882
62254890
62268354
62283706
62303586
62317218
62330090
62345594
62361362
62375794
62389202
62400970
62416642
62428858
62448154
62462658
62479498
62495058
63633754
61307405
61307355
61308069
61307835
61308344
61307539
61309156
61309046
61309046
61307429
61308061
61307961
61308317
61309286
61307728
61309331
61309345
61228517
61239546
61252602
61266005
61279322
61293114
61306810
61323322
61337410
61351706
61368370
61384690
61400618
61416330
61432906
61449962
61465546
61482786
61498634
61515994
61531474
61547314
61564666
61580498
61596074
61614042
61629402
61646227
61665506
61681138
61695906
61711122
61729898
61745186
61760754
61776426
61797546
61813250
61827666
61843226
61860258
61879346
61893738
61909394
61925154
61940810
61958682
61976954
61993810
62008402
62024058
62041930
62057658
62077514
62092330
62107690
62125562
62141218
62155682
62171338
62194202
62209906
62224322
62240010
62258050
62272442
62289338
62309178
62324794
62339250
62351162
62366938
62380386
62395610
62411746
62427027
62446626
62462122
62478866
62492274
63636882
61311393
61312242
61312114
61310897
61311945
61312378
61312041
61310425
61312116
61310465
61311257
61312265
61311369
61312688
61312313
61311516
61312305
61311485
61238002
61254618
61269115
61284682
61300914
61318506
61333738
61351322
61367807
61383578
61398850
61415746
61432523
61450746
61465234
61482330
61498106
61516539
61533530
61547938
61565418
61581066
61597963
61616978
61632682
61647114
61662658
61680714
61696322
61713194
61731538
61745786
61762802
61778458
61792770
61811506
61828266
61845306
61859770
61878706
61894434
61912578
61928234
61942674
61960650
61978954
61994634
62011298
62028314
62042658
62059418
62080682
62095002
62111867
62128802
62143386
62161218
62180826
62196394
62214274
62228706
62244690
62261123
62278074
62292538
62315866
62331594
62344714
62362786
62377618
62393962
62410930
62425442
62449610
62464434
62480843
62497818
63640042
61313872
61313568
61314464
61314136
61314467
61315283
61314112
61315053
61315435
61313869
61313853
61315609
61315609
61315601
61315652
61315577
61234469
61246894
61263808
61281192
61295728
61312232
61328367
61344952
61362928
61379592
61396208
61410600
61427800
61444531
61460163
61475819
61495307
61511035
61527208
61542835
61560843
61578467
61593240
61608699
61626282
61644347
61660051
61678011
61693643
61709299
61723691
61742051
61758611
61773299
61790195
61805194
61822131
61836840
61852056
61869075
61886923
61902707
61918568
61933784
61949440
61965243
61984883
62000515
62015842
62032667
62048371
62065267
62085195
62095946
62112883
62128443
62144171
62159803
62175459
62195891
62210664
62225859
62241771
62258347
62275363
62291019
62311080
62326736
62342123
62358803
62375672
62390144
62405728
62422488
62439456
62461304
62475792
62491424
62506912
63643336
61317432
61318080
61317200
61317979
61318187
61318334
61318048
61318438
61318524
61318430
61318521
61318470
61318542
61318486
61318598
61318625
61236465
61251066
61265531
61282843
61298715
61315019
61331347
61347819
61363475
61379251
61395723
61411075
61430371
61444739
61461987
61477299
61494507
61507843
61525155
61540715
61556633
61576395
61592246
61607878
61625646
61639958
61655790
61673582
61689406
61706086
61721726
61741358
61757014
61772646
61787374
61805766
61821518
61837310
61852670
61868462
61887534
61903166
61917582
61933142
61948798
61966870
61986414
62000894
62016390
62032238
62050118
62065774
62085726
62100462
62115766
62131590
62147126
62165126
62180830
62201286
62215878
62231262
62247086
62264990
62280694
62296326
62317358
62332990
62347334
62365478
62379958
62395614
62411294
62426942
62440102
62458166
62471902
62484990
62500622
63646318
61320165
61321358
61321476
61330821
61330905
61330645
61329910
61330749
61330193
61330864
61331073
61330896
61331204
61331019
61331236
61331115
61251429
61267477
61283000
61297680
61316136
61332368
61347664
61364224
61380808
61398688
61414064
61433216
61448904
61464832
61482736
61498736
61514504
61532529
61548584
61564200
61582952
61599984
61615616
61632365
61647953
61665888
61681504
61698128
61713904
61729416
61747688
61765832
61781536
61796296
61811440
61830240
61848312
61863968
61879600
61897552
61914480
61930112
61945768
61960088
61975864
61995281
62013312
62027776
62043528
62061432
62075896
62095904
62113552
62129504
62144016
62160656
62177624
62192360
62212656
62230536
62245968
62260512
62276336
62293072
62310081
62330152
62347808
62363512
62378048
62395928
62411656
62426176
62444072
62458536
62480264
62495968
62513968
63658752
61332472
61332080
61333171
61332232
61333120
61332728
61332808
61333792
61333264
61333720
61333936
61332496
61334008
61334137
61333856
61334225
61254523
61270445
61286200
61301837
61319141
61334262
61350605
61366944
61383728
61400333
61418237
61433696
61449640
61468928
61483344
61500632
61518536
61534240
61550480
61567104
61586040
61600424
61616344
61633824
61649480
61665304
61680768
61700920
61716848
61732520
61749944
61765184
61780816
61799024
61814640
61832224
61847760
61865760
61881256
61896288
61915152
61930688
61948760
61964416
61980048
61999560
62013936
62029760
62047592
62063296
62078952
62097688
62115592
62131296
62145616
62161464
62179344
62195064
62214256
62230104
62248056
62263712
62279344
62294976
62309808
62330520
62347177
62364128
62379784
62394296
62412176
62427904
62442416
62457880
62481872
62497888
62512280
62528032
63661881
61335512
61336688
61336905
61336956
61337020
61336696
61336897
61336752
61336145
61336824
61337068
61336789
61337046
61336904
61337078
61336965
61257569
61273396
61288820
61303556
61322020
61338373
61353805
61369901
61386428
61404629
61419861
61437837
61454837
61470581
61486164
61505909
61520325
61535893
61555685
61571453
61586493
61602317
61616677
61628676
61648877
61664509
61677917
61695669
61711589
61728077
61745093
61763365
61779069
61793485
61809296
61827756
61845845
61861477
61875965
61891533
61910893
61928773
61944477
61959237
61974645
61994141
62012021
62027653
62041093
62056548
62072132
62090261
62109925
62125837
62140173
62155757
62173965
62189701
62210117
62224525
62240301
62256853
62273901
62289533
62303941
62319629
62340637
62358685
62373061
62388741
62404485
62419948
62438093
62453669
62475517
62490197
62505901
62521325
63664765
61338669
61339797
61339717
61339886
61339613
61339966
61339974
61339925
61339950
61339837
61340054
61339877
61340134
61339941
61339214
61340045
61375805
Peak: 63697501
Average: 60998840.76843401
