0
149674
152215
152271
152384
152906
152938
152971
152922
153098
153131
153162
153194
153228
153154
153290
153323
153420
153370
153378
153643
153442
153579
153506
153771
153634
153666
153698
153730
153762
153899
153826
153882
154187
153986
154123
154050
154138
154170
154178
154316
154362
154603
154635
154434
154466
154498
154530
154668
154594
154733
154891
154795
154818
155083
154988
154914
155179
154978
155010
155042
155307
155106
155138
155170
155298
155330
155362
155394
155426
155458
155490
155522
155554
155586
155618
155650
155810
155842
155874
155906
156171
155970
156002
156034
156066
156098
156363
156162
156194
156226
156258
156314
156450
156482
156514
156546
156578
156610
156747
156674
156706
156738
156770
156826
156834
156866
156898
156930
157122
157154
157419
157218
157483
157282
157314
157346
157611
157410
157442
157474
157506
157538
157594
157602
157634
157666
157698
157754
157922
157954
157986
158018
158050
158082
158114
158146
158178
158210
158242
158274
158306
158338
158394
158402
158434
158466
158731
158530
158754
158786
158818
158850
158882
158914
158946
158978
159010
159275
159074
159106
159138
159170
159226
159234
159266
159298
159330
159595
159394
159426
159458
159490
159979
159778
159810
159842
159874
159906
159938
159970
160002
160034
160066
160098
160130
160186
160194
160226
160258
160290
160322
160354
160386
160418
160450
160482
160514
160546
160578
160610
160898
160930
160962
160994
161026
161058
161114
161122
161387
161186
161218
161274
161515
161314
161346
161378
161410
161442
161474
161506
161538
161570
161602
161634
161666
161698
161730
161762
161794
161826
161858
161890
162210
162242
162274
162306
162571
162370
162508
162434
162466
162522
162530
162795
162618
162626
162682
162714
162722
162754
162786
162818
162850
162882
162914
162946
162978
163034
163042
163074
163106
163138
163170
163202
163258
163372
163298
163330
163682
163714
163770
163802
163810
163842
163898
163906
163938
163994
164002
164034
164066
164098
164130
164162
164194
164226
164258
164290
164322
164354
164386
164418
164450
164506
164620
164546
164578
164610
164642
164674
164939
164738
164770
164802
164834
164866
164922
164954
165314
165346
165378
165410
165442
165474
165506
165538
165570
165602
165634
165666
165698
165730
165762
166027
165826
165858
165890
165922
165954
165986
166251
166050
166082
166114
166146
166178
166210
166242
166274
166306
166338
166370
166402
166434
166572
166498
166530
166562
166594
166650
166682
166690
167106
167162
167170
167202
167234
167266
167298
167330
167468
167394
167426
167458
167490
167522
167554
167586
167724
167650
167915
167714
167746
168011
167810
167842
167874
167906
167938
167970
168002
168034
168066
168098
168154
168162
168194
168226
168258
168290
168322
168354
168386
168418
168450
168482
168514
168546
168578
168610
169090
169228
169154
174162
89637
Peak: 272891
Average: 160276.618226601
