0
262267
761544
1032321
1561335
2270498
2568604
2935500
3380490
3802503
4328792
5155137
5331984
5674679
6143973
6619783
7065308
7314937
7710017
8257803
8684895
8967079
9299044
9517151
9732621
10403237
10728889
11104972
11774783
12362460
12639960
12950711
13447279
14008025
14356068
14694001
15336797
15724857
16233972
16455455
16591183
16916969
17097308
17406615
17799374
17938417
18172977
18896956
19030835
19352272
19543571
19627304
19630880
19896112
20070393
20292047
20458814
20814575
21298886
21683626
22094694
22576208
23179022
23444923
23896396
24205467
24350249
24373755
24534200
24681080
24880808
25050215
25361859
25768654
26083001
26568151
26944724
27485741
28022160
28834415
29543370
29857397
29858989
29865637
29864006
29881787
29893552
30141785
30543169
31176473
31423886
31653224
31833583
32016152
32246030
32332488
32390764
32476088
32564868
32796913
33143647
33506819
33888157
33919792
34278974
34399125
34570832
34619117
34637370
34675958
34981078
35088417
35706638
35800546
36130359
36688382
36759311
37005930
37537993
37703296
37920103
38314548
38314349
38314405
38314534
38159192
38601080
38686794
38957767
39060046
39146194
43066159
43111475
43371998
43422808
44009892
44095877
44133030
44201887
44268698
44309781
44367356
44419152
44452828
44495285
44549266
44624074
44806153
44930785
45111081
45455465
45572014
45800459
46248809
46630856
46768086
46820954
47015494
47116766
47203304
47445717
47477979
47600199
47917724
48053262
48295735
48498536
48731935
49011061
49385014
49312896
49450230
49573545
49661152
49854141
50119393
50189227
50275619
50300027
50315011
50348811
50403795
50454257
50531250
50673425
50741015
50854942
51001896
51340367
51474628
51808687
52108124
52419246
52573907
52878262
53046234
53635216
54109631
54351041
54493677
54535196
54691878
54625009
54793929
54919525
54951450
55036343
55473716
55771899
55885668
55972278
56377938
56843461
56911077
57328054
57419373
57611507
57821690
57917933
58131291
58188650
58417037
58612034
58385224
58509219
58862371
59593445
59779141
59874813
59951509
60016901
60072486
60226273
60279318
61233952
60759091
60863250
60906667
60949732
60995634
61041941
61083624
61127363
61169982
61214410
61259954
61301249
61344721
61389568
61428189
61472027
60914311
60708038
60711405
60711342
60713805
60713279
60715235
60715797
60716514
60716848
60716371
60717531
60717522
60717009
60717727
60717748
60717222
60717951
60699579
60737876
60777684
60818202
60861837
60902315
60946646
60986316
61026946
61071687
61112204
61149730
61189796
61228368
61272394
60720206
60720353
60721310
60721646
60721640
60721014
60721516
60721740
60721846
60721335
60722085
60721964
60721133
60722089
60722099
60721645
60722446
60721067
60709581
60749988
60786413
60830323
60869999
60910299
60954560
60994887
61038980
61079019
61123625
61162498
61207317
61245973
61289610
60724435
60723319
60724509
60723764
60724584
60724559
60723928
60724689
60724605
60724093
60724820
60724744
60724197
60725062
60723958
60725135
60723657
60725093
60723580
60766557
60809920
60849027
60890428
60926543
60969457
61010202
61052378
61095538
61139362
61182698
61225223
61268685
61311033
60726712
60726583
60726392
60727256
60726253
60726254
60727284
60726546
60726231
60726164
60727634
60727731
60726865
60727813
60727781
60726918
60727960
60712021
60750032
60793193
60832711
60876592
60916712
60960610
61000453
61044809
61084767
61129443
61168229
61213070
61254378
61295997
60730324
60729353
60730231
60729537
60730306
60730238
60729582
60729778
60729242
60729902
60730886
60729694
60730957
60730888
60731013
60730974
60730541
60730437
60726087
60762005
60798463
60841219
60885015
60927986
60968227
61011592
61051382
61094360
61139129
61177820
61221428
61266543
61308629
60732885
60732131
60732802
60732288
60733128
60733046
60732139
60732994
60733320
60733225
60732352
60733157
60732248
60732144
60733253
60732520
60733513
60732792
60730822
60764898
60804565
60848653
60887883
60928999
60973642
61012443
61055436
61099973
61139954
61181949
61226901
61270733
61312837
60734477
60733525
60733298
60734526
60733533
60733778
60734785
60733562
60734833
60734434
60735429
60735457
60735293
60734869
60734876
60734524
60735730
60734337
60734387
60773302
60813289
60852221
60895934
60939949
60982991
61022647
61064865
61107905
61151392
61196206
61238440
61282510
61321078
60736965
60735828
60736924
60736159
60737085
60737444
60736064
60737028
60735816
60737120
60737024
60736005
60737275
60737128
60736203
60736008
60736373
60717156
60752091
60795067
60838155
60878024
60922178
60961402
61004434
61048538
61088445
61132301
61175467
61219171
61261283
61301435
60738311
60738328
60738412
60737675
60737560
60737622
60738510
60738497
60738448
60739294
60739062
60738540
60739194
60739169
60738513
60738642
60737998
60738537
60728524
60769756
60808252
60849138
60892063
60932576
60973478
61016601
61058289
61098354
61139399
61182714
61222911
61266122
61306482
60740901
60739808
60741084
60740370
60741033
60739957
60741027
60740464
60741059
60741154
60741220
60740504
60741160
60741328
60741163
60740805
60741194
60741456
60725964
60766076
60803309
60847195
60889793
60932985
60975919
61017817
61058415
61101801
61145671
61187479
61232407
61265236
61306751
60741326
60742516
60740864
60742505
60741666
60742576
60742504
60741697
60742452
60742679
60742648
60742156
60742588
60742689
60743467
60742508
60743407
60742311
60728797
60768121
60807776
60847989
60890597
60933792
60977641
61020769
61060289
61103676
61147126
61189375
61232982
61276948
61318858
60744395
60743374
60744696
60744690
60744672
60744052
60744656
60743759
60744786
60744027
60744761
60744886
60744914
60743851
60745117
60745034
60744142
60744972
60744197
60784206
60825273
60866658
60906637
60947248
60990248
61034450
61073685
61116685
61157640
61201229
61243429
61287533
61329645
60745756
60745664
60745901
60745771
60744744
60744766
60745155
60746095
60744613
60746151
60745240
60746149
60746181
60745178
60746312
60745110
60745052
60746400
60751683
60791611
60834954
60874325
60918885
60961799
61001303
61044436
61087695
61131026
61175197
61218926
61257575
61301266
60746815
60747044
60747967
60747833
60747213
60747985
60747834
60747231
60747944
60748005
60747221
60748067
60748050
60747530
60747566
60746783
60747453
60748309
60746632
60787362
60826430
60868716
60913550
60953054
60996369
61040521
61083919
61122505
61166196
61209905
61252020
61299319
60748367
60748517
60748103
60749561
60748621
60748921
60749525
60748689
60748716
60749660
60749016
60749665
60749630
60748760
60749775
60749734
60749187
60749871
60734494
60772023
60811740
60850958
60895060
60937879
60977363
61021558
61061219
61104438
61145478
61188846
61229086
61271494
61316383
60750093
60749234
60750130
60748924
60750351
60750298
60749079
60750468
60750582
60749036
60749503
60750643
60749233
60749327
60750522
60749807
60750562
60750688
60755715
60797608
60836383
60880383
60920680
60960936
61004336
61045032
61088152
61127888
61171472
61216489
61255272
61298840
60767529
60750817
60751425
60750908
60752273
60752160
60752343
60752202
60751242
60751333
60752262
60751390
60752492
60752447
60751487
60751349
60752477
60751576
60736247
60779677
60818355
60861427
60905187
60944755
60988630
61031838
61073790
61118346
61161767
61202607
61247534
61291011
61333518
60752372
60752117
60753538
60752567
60753510
60753461
60752170
60753542
60752615
60753657
60753434
60753527
60752570
60753718
60753640
60753029
60753726
60752354
60754045
60793474
60836056
60878765
60923333
60966396
61009522
61049100
61092351
61130274
61167530
61203748
61247338
61292605
61333573
60753521
60754182
60753016
60753620
60753827
60754229
60754354
60754334
60753917
60754408
60754640
60753309
60754402
60753501
60753413
60754557
60753589
60753834
60761986
60801672
60843968
60889396
60931294
60971867
61015003
61057925
61102549
61145971
61188326
61230702
61272982
61318086
60755034
60754976
60756549
60755604
60756600
60756630
60756026
60756782
60756645
60755853
60756777
60756728
60756157
60756837
60756702
60756012
60756984
60756959
60765179
60802711
60841356
60880697
60916110
60956662
61000934
61044146
61082649
61126166
61169425
61214327
61256546
61296905
61339249
60757747
60757427
60757541
60756582
60757522
60757497
60757588
60757756
60757681
60756738
60756469
60756338
60757952
60756664
60757765
60756746
60756701
60738212
60774354
60811986
60852918
60892642
60935522
60976197
61019213
61063622
61103368
61146960
61189008
61230349
61273491
61314360
60758418
60757808
60758562
60757537
60758765
60758014
60758876
60757774
60758842
60758137
60758804
60757897
60759072
60757793
60759052
60759109
60759125
60758476
60738158
60775555
60813230
60856134
60896262
60939454
60983254
61023022
61065990
61110438
61150606
61193862
61234102
61277318
61317958
60759639
60758683
60759746
60759564
60760936
60759977
60760812
60759771
60759624
60759755
60761038
60761012
60760123
60759862
60761210
60760436
60761246
60761308
60752707
60789522
60829122
60869986
60910208
60953066
60994192
61036816
61080027
61124552
61164699
61206675
61250283
61295392
61337584
60761833
60761098
60762014
60760850
60762091
60761306
60762093
60762226
60761143
60762106
60762093
60761414
60762226
60760870
60761387
60762678
60761254
60762334
60755108
60794990
60832859
60876646
60916145
60959769
61002785
61047049
61085841
61128897
61173681
61215897
61255979
61300033
61342153
60761724
60763023
60762966
60762056
60763050
60763041
60762147
60763111
60763086
60762094
60763447
60761974
60763337
60763233
60762273
60762134
60763337
60744651
60782453
60822006
60862293
60905596
60949372
60988978
61031794
61076295
61116031
61159444
61201564
61245324
61285487
61329127
60764071
60762954
60764224
60763289
60764084
60763031
60764157
60763252
60764272
60764204
60763419
60762987
60763277
60764454
60763610
60764468
60764636
60764664
60750389
60790467
60833799
60873338
60916124
60959124
61003945
61046041
61089105
61129178
61172676
61215793
61255902
61300087
61341884
60765482
60766159
60765267
60766505
60766015
60766431
60765770
60766750
60765839
60765796
60766707
60765666
60766773
60766065
60766800
60766004
60766984
60766196
60757338
60797522
60837010
60877596
60921516
60961140
61002834
61046104
61085627
61130219
61169979
61213224
61246723
61287632
61328139
60766551
60767626
60766608
60767675
60767061
60767780
60767669
60767029
60767806
60767938
60767349
60767910
60768065
60767365
60768061
60768284
60766986
60767008
60768104
60766981
60767192
60747517
60783413
60825714
60864370
60905533
60945941
60986672
61027440
61071664
61112672
61151392
61192536
61237272
61275992
61320872
60767361
60768100
60768886
60768802
60768111
60768361
60769106
60768969
60768163
60769257
60769340
60769311
60768307
60769163
60769272
60769423
60768555
60769377
60750855
60788426
60823555
60861019
60902372
60943057
60983239
61023913
61064758
61109340
61148247
61189049
61230478
61272602
61314291
61357293
60770134
60770040
60770258
60769010
60770316
60769132
60769044
60770239
60769279
60769301
60769071
60770655
60770627
60769700
60770632
60769527
60770731
60747212
60780158
60819814
60863136
60902840
60943904
60984307
61028447
61068402
61109146
61152319
61192570
61233858
61275783
61320807
60769887
60770014
60771152
60771107
60771253
60770280
60771452
60771416
60770437
60772689
60771579
60772832
60772771
60772819
60771739
60773050
60772304
60773084
60757814
60794377
60831903
60871890
60914058
60953402
60993890
61034874
61077930
61118789
61159231
61203402
61243845
61286882
61327498
60788773
60773011
60773774
60773950
60773895
60773147
60773911
60774063
60774059
60773556
60774031
60774191
60774117
60773554
60774243
60772967
60774436
60773140
60753404
60790925
60829619
60866302
60907121
60949969
60991630
61032486
61071953
61113260
61156554
61196698
61237782
61281001
61321772
60787994
60774282
60775592
60774373
60775111
60775503
60775348
60774583
60775632
60775322
60774761
60775576
60775490
60774596
60775517
60775551
60775031
60775613
60760266
60792454
60833118
60871798
60916166
60955667
60999718
61039411
61083598
61124318
61164438
61207894
61248139
61291446
61335371
60776031
60775302
60776234
60775215
60776370
60775779
60775655
60775446
60776300
60775689
60776425
60776577
60776479
60776121
60776436
60775577
60776737
60776649
60757863
60794066
60830674
60873907
60914016
60954149
60998521
61037853
61081222
61122389
61166878
61205581
61248986
61292443
61327986
60775871
60776087
60776519
60777456
60776373
60777617
60776438
60776198
60777487
60776646
60777653
60777487
60776966
60777778
60777693
60777153
60777837
60777673
60767152
60801083
60840888
60883747
60927651
60968342
61007830
61052054
61091758
61136134
61176046
61219438
61259875
61303054
61343502
60778210
60777222
60778455
60777859
60779484
60779967
60779015
60778860
60780012
60779164
60778940
60780092
60779140
60780257
60780196
60779185
60779250
60780316
60778476
60812863
60854415
60893575
60933834
60978668
61018271
61055735
61091823
61132791
61177567
61219719
61259759
61302111
61347071
60780677
60779550
60781011
60780881
60780073
60779988
60781224
60780038
60779862
60781223
60780393
60781368
60781261
60780737
60781539
60781831
60780465
60781402
60782307
60816852
60856636
60897100
60937663
60978574
61023012
61061618
61102495
61145807
61188055
61226666
61271676
61310908
61355367
60781827
60780927
60781461
60782406
60781084
60781130
60781012
60782468
60782509
60781532
60781279
60782627
60781700
60782712
60782560
60782036
60782736
60782735
60788291
60822303
60859928
60895514
60939517
60983200
61022650
61067128
61109184
61149069
61193784
61235864
61279600
61319775
61362205
60782041
60783133
60782953
60781782
60782316
60782260
60783352
60781972
60782084
60782172
60783447
60783504
60782652
60783635
60782915
60782807
60783651
60783602
60786823
60824521
60861017
60904869
60945037
60985354
61026188
61070613
61106762
61151370
61194938
61235925
61277274
61321120
61363274
60783431
60784406
60784238
60783626
60784492
60784312
60783779
60784492
60783483
60784660
60784003
60784199
60783585
60784757
60784806
60783938
60784878
60784865
60786723
60830105
60866561
60910505
60950425
60991153
61035401
61074865
61119481
61158030
61202833
61242766
61286401
61326849
61369201
60785247
60785547
60785412
60784779
60785500
60784192
60784674
60785525
60784514
60784477
60785621
60784653
60784675
60785733
60785021
60784570
60784474
60766776
60802278
60847166
60885694
60930355
60969707
61013854
61053539
61097806
61138838
61178710
61218494
61263542
61302462
61347238
60788099
60787828
60788095
60787179
60787097
60788199
60786979
60787661
60787437
60788383
60787432
60788492
60787640
60788513
60788543
60787896
60788660
60788488
60765980
60798748
60837365
60880718
60921021
60964064
61007873
61047493
61090592
61135185
61174117
61217221
61261982
61300925
61345885
60803995
60788608
60787904
60789303
60789284
60788102
60788550
60789600
60788436
60788257
60788254
60789601
60789701
60788782
60789901
60789887
60788734
60789706
60770585
60808659
60849298
60887761
60928907
60972931
61012547
61056747
61096502
61139643
61183140
61222819
61267947
61310164
61350547
60789567
60789300
60790150
60790074
60789507
60790342
60789553
60789224
60790365
60789597
60790568
60789375
60790607
60790720
60789780
60790771
60790707
60790180
60783513
60818377
60858001
60898823
60942853
60982036
61027061
61066199
61106660
61150012
61191257
61233324
61277221
61317263
61362149
60790915
60790555
60790469
60790421
60791416
60791533
60791445
60790620
60791640
60791970
60791564
60790540
60791739
60790338
60791795
60790884
60791985
60790762
60777233
60812721
60852318
60892862
60936874
60977393
61016958
61061146
61100937
61143007
61182942
61226018
61266569
61308553
61353738
60791376
60790821
60792397
60791052
60792437
60791612
60792496
60791447
60792806
60791852
60792651
60791463
60791546
60792639
60792207
60793226
60791751
60791588
60772720
60804073
60843809
60883833
60928308
60967953
61008617
61052948
61093428
61133788
61173345
61218068
61258220
61298081
61343161
60792169
60792665
60793342
60793596
60793053
60792833
60793597
60793564
60793204
60793895
60792692
60792580
60793775
60792881
60793984
60792892
60794142
60794043
60783009
60819438
60859395
60899549
60943579
60983115
61023493
61067891
61109614
61153019
61197411
61235933
61279683
61322787
61363467
60795899
60795971
60795087
60795806
60795062
60795513
60796868
60796540
60795743
60795657
60795313
60796634
60796505
60796068
60797116
60795617
60795599
60795489
60777773
60814144
60853966
60892675
60937185
60976795
61017136
61060277
61100992
61144688
61189145
61227741
61271824
61314865
61355320
60796518
60796166
60797466
60797343
60796681
60797916
60796270
60797624
60797148
60796300
60797765
60797644
60797804
60797751
60796689
60796644
60797788
60796828
60780925
60822182
60861841
60902301
60941504
60982296
61026094
61065837
61106840
61151342
61191544
61230960
61275949
61311069
61352669
60797078
60797518
60798353
60797749
60798711
60797740
60797404
60797417
60798871
60798865
60797489
60797596
60798789
60798364
60798999
60797844
60797692
60798137
60777487
60818551
60856000
60895864
60935800
60979816
61019368
61063552
61103205
61147405
61187701
61230112
61274760
61316912
61357232
60798625
60799523
60798455
60799595
60799240
60799736
60798610
60798584
60798525
60799936
60799912
60798879
60798727
60800067
60799287
60800111
60800098
60799507
60793786
60833605
60872959
60912916
60956792
60996911
61032532
61070463
61109119
61150151
61194784
61233156
61278357
61316948
61360743
60799699
60800496
60799494
60800673
60800189
60800825
60800661
60800048
60800892
60800749
60800101
60800856
60800006
60799926
60799704
60800171
60801236
60800165
60791524
60831255
60873631
60913951
60957885
60997943
61041090
61084208
61124031
61165066
61209799
61251784
61292343
61335983
61379536
60800335
60800751
60801820
60801648
60801088
60801784
60800637
60801869
60801832
60800821
60800736
60801928
60800976
60800856
60801957
60801040
60801062
60778494
60811211
60843978
60883903
60924378
60965466
61009674
61050519
61090322
61130194
61174474
61214322
61259322
61298047
61343082
61382074
60802450
60801765
60802621
60801674
60802966
60802845
60801850
60803122
60802984
60802176
60803175
60803215
60802094
60801998
60803099
60802176
60802029
60803216
60802307
60802168
60803379
60799498
60835986
60881634
60920653
60960901
61005973
61045506
61085370
61129645
61169626
61213282
61256394
61300154
61344034
61382786
60805085
60804797
60806086
60804671
60804908
60804857
60806263
60806312
60806395
60805284
60806320
60804985
60806505
60806308
60805326
60805254
60806398
60805379
60809883
60846069
60888261
60928778
60973403
61012909
61057147
61096850
61140138
61179941
61223437
61267002
61309154
61353498
60819785
60806122
60807320
60807083
60807181
60806603
60807121
60806169
60806073
60807150
60806235
60806149
60807301
60806501
60806256
60806130
60807586
60807665
60799015
60835274
60874989
60919282
60960968
61001319
61045505
61088653
61131786
61171601
61215065
61258578
61298804
61342772
61386066
60807837
60808231
60808066
60808298
60808109
60807098
60807163
60807047
60807058
60808345
60807402
60808307
60808298
60807989
60808621
60807389
60808664
60808501
60802198
60840718
60882322
60921298
60961610
61002674
61045098
61084023
61124377
61169058
61209314
61248804
61293786
61332506
61377578
60808746
60807783
60807941
60807735
60809047
60809248
60809285
60808353
60808601
60808148
60809716
60809590
60808290
60808567
60808687
60808188
60809679
60809468
60808559
60798613
60833851
60873644
60905411
60948780
60989219
61032348
61073064
61116067
61152440
61192256
61233395
61278395
61316867
61358467
60824849
60809513
60808651
60810329
60810280
60809455
60810395
60810374
60809727
60810475
60810362
60809426
60810728
60809698
60810678
60810013
60810530
60809570
60796265
60837261
60873492
60917693
60956785
60997292
61041653
61081396
61125541
61165196
61210069
61248724
61292332
61329812
61372637
60810195
60809929
60811299
60809898
60811473
60810084
60810119
60811502
60810682
60811523
60811400
60810919
60811729
60811643
60810930
60811753
60811586
60810959
60807620
60845226
60881426
60917231
60957951
61002026
61044938
61084474
61127658
61171970
61214602
61254217
61298175
61340903
61384490
60812126
60811397
60811101
60812620
60812282
60811237
60811282
60812464
60812483
60811943
60812619
60813021
60811850
60812038
60811458
60812855
60812615
60811874
60818320
60852029
60893044
60933339
60973563
61014622
61055246
61099396
61139123
61179315
61220278
61263591
61303923
61345270
61388683
60813015
60812655
60813113
60813324
60813518
60812607
60813453
60812188
60812440
60812167
60812663
60813715
60815151
60816075
60816039
60816241
60815391
60814954
60816262
60856639
60893420
60933630
60978388
61017727
61058796
61102919
61142663
61182612
61227263
61265988
61310807
61351116
61388518
60816294
60815533
60815807
60816870
60816717
60815882
60816956
60815541
60816093
60816826
60816101
60815770
60815634
60817103
60817233
60816119
60815954
60817235
60823847
60861270
60902470
60942926
60984086
61021046
61065491
61105366
61145307
61189446
61229638
61269702
61312934
61358054
61396702
60816884
60817537
60817713
60817717
60817196
60817955
60817877
60818001
60817063
60817914
60817005
60816909
60816687
60817103
60818048
60816871
60818472
60818390
60823773
60864491
60904727
60949191
60988535
61029204
61073535
61113343
61154047
61196231
61237436
61282092
61320887
61366079
60817436
60817876
60818738
60817676
60817741
60817727
60819105
60818917
60819077
60817975
60819211
60819193
60818506
60819184
60818130
60819393
60818466
60819406
60803606
60837608
60878731
60917734
60958464
60999005
61043350
61082784
61127214
61166874
61211747
61250325
61295310
61333834
61373029
60818608
60819716
60819098
60820046
60819866
60819346
60819971
60819989
60819442
60820110
60820034
60820253
60819042
60820334
60820213
60820424
60820312
60819403
60809450
60843468
60886674
60926161
60970026
61010601
61049889
61090775
61135125
61174924
61215940
61255823
61300885
61339431
61384725
60819848
60819578
60821132
60819659
60819843
60820233
60821432
60821253
60820534
60821349
60821249
60820542
60821378
60820204
60821649
60821337
60820486
60820324
60811906
60849443
60890147
60929688
60973499
61012878
61058075
61096840
61141008
61178544
61220859
61258315
61299736
61338753
61383427
60821280
60820536
60822162
60821942
60821256
60821479
60821001
60822449
60822166
60821265
60822382
60822286
60821326
60821281
60821166
60822729
60822583
60821483
60817295
60854738
60896270
60936509
60975589
61016322
61061494
61100325
61140805
61184130
61227771
61267565
61312429
61351150
61388149
60822984
60822934
60822171
60821905
60823376
60823124
60823525
60822073
60823367
60823254
60823355
60822339
60823575
60822182
60822305
60822729
60823902
60822449
60810164
60845544
60881900
60919260
60955762
60993929
61038004
61077604
61118367
61162916
61201684
61246276
61286465
61328604
61373652
60822751
60823327
60824116
60823100
60824344
60823811
60824259
60824435
60824498
60823840
60824540
60824446
60823768
60824564
60824456
60823859
60824063
60823419
60811233
60849958
60891910
60932758
60976606
61015894
61057065
61101012
61138156
61182820
61222903
61266108
61306217
61349609
61390485
60825025
60824298
60825195
60824301
60827725
60827995
60828109
60827451
60827963
60826840
60828084
60827176
60828183
60827323
60828300
60828268
60828499
60827072
60810444
60842023
60885343
60924311
60965143
61005578
61048815
61089223
61133676
61173284
61216959
61260416
61300455
61339240
61380767
60827458
60827815
60829021
60828972
60829064
60828241
60828910
60829072
60829137
60828255
60829289
60829166
60828677
60829369
60829392
60828429
60829382
60829298
60814872
60852120
60892171
60936179
60975507
61019496
61059043
61099667
61144092
61184150
61224800
61268371
61308691
61351915
61392307
60828312
60829770
60828433
60830038
60829207
60830198
60830468
60828927
60830161
60829644
60829827
60829404
60830494
60829705
60830435
60829244
60830563
60829812
60809338
60844225
60881541
60921304
60965912
61008904
61048357
61091701
61134469
61175725
61219168
61262456
61306136
61344776
61388749
60830020
60830724
60829789
60831025
60830515
60831081
60829907
60831253
60831136
60830213
60831389
60831234
60830360
60830213
60831263
60830346
60830309
60831469
60827444
60863920
60907158
60946537
60987279
61028401
61072673
61111249
61151953
61193067
61237793
61276617
61320097
61355169
61396785
60831445
60831925
60832076
60832222
60831236
60832235
60830893
60831045
60831300
60832363
60832269
60831460
60831766
60831202
60832511
60832445
60831528
60832578
60826202
60860109
60902106
60942768
60983494
61027518
61067774
61109926
61153110
61197422
61237886
61279838
61324838
61365281
61408582
60833008
60832255
60833246
60833206
60832572
60833379
60833679
60832457
60833371
60833260
60832671
60833389
60832199
60832585
60833951
60832511
60832380
60813402
60845204
60885903
60924564
60968152
61008719
61051700
61094692
61137884
61182492
61217631
61257564
61302543
61341135
61385156
60832900
60833172
60834243
60834096
60833519
60834350
60834127
60833767
60833734
60833517
60834480
60833548
60833282
60834614
60833695
60834635
60834622
60833959
60824979
60867088
60907192
60950832
60990441
61034985
61074713
61117953
61161073
61201009
61244297
61287817
61331505
61369497
61409289
60833603
60834030
60835232
60833988
60835257
60835145
60834593
60834038
60835300
60834348
60834298
60834057
60835649
60835589
60834353
60835593
60835701
60811639
60843196
60882016
60922382
60962712
61007236
61047683
61087699
61128216
61172780
61211640
61252536
61297371
61336104
61381132
61419739
60836176
60835450
60836457
60835764
60836507
60836394
60835751
60836399
60835431
60835453
60835223
60836739
60836776
60836707
60836052
60836910
60836679
60813045
60843448
60883109
60926638
60966517
61009696
61053577
61093125
61137168
61177413
61219680
61264209
61304464
61346536
61388478
60835801
60836217
60836753
60836093
60837584
60837357
60836453
60837638
60836252
60837666
60837817
60836695
60836463
60837816
60836876
60836559
60837907
60837023
60832394
60871171
60911483
60950573
60993106
61038099
61077634
61121755
61160562
61201498
61246371
61285338
61326373
61371418
61405605
60840897
60840904
60840561
60840613
60840033
60840084
60840207
60840337
60840220
60841619
60840649
60841699
60841600
60841044
60841744
60841666
60840817
60842183
60842780
60877884
60917854
60956774
61000521
61043284
61085442
61125057
61167065
61211666
61251839
61294753
61338802
61378985
61421433
60841351
60842348
60841240
60842454
60841754
60842371
60841311
60842488
60841231
60842623
60842613
60841601
60841479
60842717
60841833
60842832
60842760
60818858
60854016
60891672
60931357
60975965
61015291
61059440
61098973
61143325
61183120
61223085
61267736
61308112
61347944
61392848
61428064
60843097
60842095
60843296
60842914
60843346
60842321
60842225
60842105
60843901
60843653
60842924
60843810
60842721
60843883
60842948
60842564
60843963
60819858
60855085
60892330
60933755
60973426
61014205
61054669
61099083
61138866
61179789
61223075
61262853
61307851
61346362
61391554
61425829
60842872
60844359
60844273
60844398
60843238
60843249
60844501
60844114
60844524
60843724
60843369
60843548
60844832
60844093
60844049
60844797
60843564
60844094
60854896
60892537
60928927
60972889
61014116
61054655
61095516
61128044
61165660
61206551
61251028
61290137
61332500
61372316
61412769
60845281
60845333
60844717
60844207
60844421
60845504
60844960
60845679
60844489
60845713
60845660
60844767
60844631
60845756
60845204
60846211
60844796
60844823
60843374
60883278
60922990
60963550
61007014
61048702
61088230
61129005
61169030
61213430
61253398
61293518
61338262
61378678
61422054
60846586
60845876
60846503
60845586
60845498
60846599
60845623
60845527
60846636
60845668
60845623
60846716
60846055
60847000
60845873
60845799
60847206
60823026
60851489
60891145
60927745
60968111
61007958
61052190
61091713
61132718
61175946
61216017
61256726
61300361
61340486
61383238
61419585
60847381
60846595
60847693
60846546
60847808
60847610
60846653
60846656
60847802
60846689
60847892
60847804
60846887
60846740
60846612
60847258
60848216
60824512
60854793
60894604
60938105
60977977
61021084
61061324
61102580
61143028
61186380
61226025
61270913
61314730
61353057
61398356
60861453
60848733
60848799
60847956
60847900
60848687
60848923
60848963
60847679
60849138
60848095
60847879
60847855
60848293
60847975
60849042
60849168
60849365
60849197
60848421
60849073
60888857
60928633
60968876
61010313
61053071
61095159
61135033
61174492
61215473
61259977
61299161
61340166
61385372
61424249
60849744
60849021
60849932
60848891
60850279
60849405
60850030
60850032
60849325
60850212
60850026
60849693
60850176
60849181
60849144
60850186
60849397
60850454
60854925
60894424
60934296
60975088
61015765
61056573
61100897
61141608
61181323
61221360
61265945
61306304
61341520
61384032
61422848
60850537
60850087
60850909
60851010
60849778
60850973
60849842
60850298
60851230
60849973
60850123
60849834
60851522
60851427
60850516
60850242
60851550
60850631
60845079
60883610
60923927
60967787
61006990
61048270
61091446
61131667
61172110
61216699
61256699
61300006
61340267
61385367
61423974
60851678
60850780
60851263
60852195
60850878
60852213
60851446
60852130
60851215
60852376
60851105
60852418
60852327
60851537
60852485
60852413
60851678
60852632
60849831
60887256
60930688
60971144
61011059
61051571
61096059
61135595
61175496
61219947
61259843
61303371
61341491
61378627
61420176
60856090
60856369
60855493
60856586
60856441
60855759
60856538
60855209
60856653
60855785
60856674
60855380
60856836
60856558
60856025
60855537
60855425
60857026
60854060
60895111
60934085
60974291
61018907
61059518
61099110
61139822
61179897
61224310
61264486
61305310
61340969
61380777
61424616
60857026
60856133
60857319
60856639
60857708
60857388
60857453
60856812
60856201
60857723
60857449
60857740
60857513
60856732
60856586
60856462
60857779
60857930
60843264
60881290
60924114
60963722
61005200
61042591
61080890
61120472
61161243
61200898
61244355
61284354
61325714
61368266
61413035
60857287
60857380
60858357
60857456
60857368
60858520
60857846
60857475
60857306
60858805
60858833
60857965
60858956
60858900
60858221
60858985
60859285
60857995
60851351
60889019
60929996
60967184
61011060
61050323
61091475
61134096
61175118
61219545
61259355
61302825
61342987
61386032
61426675
60858571
60859565
60858545
60859615
60859671
60859117
60859846
60859607
60859023
60859264
60858711
60859939
60858994
60859732
60859058
60860051
60859191
60860229
60855854
60887710
60930049
60970441
61011009
61053758
61095371
61137988
61181865
61221844
61266393
61303801
61345265
61384089
61427771
60859005
60860428
60859665
60860390
60859369
60860707
60859921
60860677
60860711
60861074
60860724
60860884
60860990
60860530
60860793
60861092
60861016
60860505
60851360
60887647
60923991
60967948
61008433
61047996
61088372
61132780
61172316
61213420
61258012
61296967
61337963
61380289
61419412
60861401
60860662
60861704
60861842
60861911
60860446
60861877
60861705
60860542
60860985
60861952
60861858
60862070
60862005
60861361
60861996
60860790
60862093
60838410
60868850
60908635
60948667
60991958
61033406
61073462
61117462
61157342
61197974
61240158
61281435
61326315
61364758
61409110
60861349
60861943
60862591
60862721
60862880
60861870
60862960
60862831
60862940
60861924
60863101
60862908
60863127
60862060
60863280
60863020
60862676
60863367
60845395
60877043
60918067
60957811
60997982
61038665
61082323
61121851
61166275
61206000
61249464
61288211
61329627
61368262
61413395
60878397
60863814
60862601
60863789
60863815
60862924
60864083
60863268
60864147
60864111
60863300
60864069
60864079
60863727
60864359
60863140
60863114
60862865
60845356
60881773
60921183
60957623
61002368
61042863
61082418
61126679
61166282
61210767
61249978
61294144
61334319
61374186
61419256
60879664
60863737
60863457
60864976
60864780
60865012
60864777
60863919
60863796
60864889
60864023
60863994
60864993
60864450
60863948
60863873
60865321
60865603
60889744
Peak: 62107379
Average: 59221560.1695923
