0
289451
417591
417623
417783
418765
418588
418628
418684
418780
418788
418844
418876
418884
418916
418972
419213
419100
419132
419164
419172
419204
419469
419292
419324
419396
419452
419484
419492
419524
419580
419588
419620
419740
423468
419780
419812
419868
419900
420141
419964
420068
420100
420132
420164
420220
420228
420260
420316
420324
420356
420388
420420
420572
420580
420845
420644
420676
420708
420764
421005
420804
420836
420892
421006
421052
421084
421116
421124
421180
421421
421244
421276
421308
421340
421348
421380
421540
421572
421604
421636
421692
421933
421756
421788
421796
421828
421884
421892
421948
421980
421988
422020
422288
422236
422244
422509
422332
422340
422372
422404
422436
422468
422500
422532
422588
422620
422652
422684
422852
422884
422916
422972
423087
423036
423277
423076
423108
423140
423172
423204
423260
423268
423300
423332
423364
423396
423428
423460
423652
423708
423716
423748
423780
423812
423844
423876
423908
423940
423972
424004
424036
424068
424100
424132
424164
424196
424228
424260
424484
424516
424548
424580
424612
424644
424700
424708
424740
424772
424804
424836
424868
424900
424932
424964
424996
425028
425060
425092
425124
425156
425188
425220
425476
425508
425540
425572
425604
425636
425668
425700
425732
425764
425796
425828
425860
425892
425924
425956
425988
426020
426052
426084
426116
426148
426180
426212
426244
426276
426308
426340
426628
426660
426692
426724
426756
426788
426820
426852
426884
426916
426948
426980
427012
427044
427076
427108
427140
427172
427204
427236
427268
427300
427332
427364
427396
427428
427460
427492
427524
427556
427588
427620
427940
427972
428004
428036
428068
428100
428132
428164
428196
428228
428260
428292
428324
428356
428388
428420
428452
428484
428516
428548
428580
428612
428644
428676
428708
428740
428772
428804
428836
428868
428900
428932
428964
428996
429028
429060
429645
429444
429476
429508
429540
429572
429604
429636
429668
429700
429732
429764
429796
429828
429860
429892
429924
429956
429988
430020
430052
430084
430116
430148
430180
430212
430244
430276
430308
430340
430372
430404
430436
430468
430500
430532
430564
430596
430628
430660
431044
431076
431108
431140
431172
431204
431236
431268
431300
431332
431364
431396
431428
431460
431492
431524
431556
431588
431620
431652
431917
431716
431748
431780
431812
431844
431876
431908
431940
431972
432004
432036
432068
432100
432132
432164
432196
432228
432260
432292
432324
432356
432388
432420
432836
432868
432900
432932
432964
432996
433028
433060
433092
433124
433156
433188
433220
433252
433284
433316
433348
433380
433412
433444
433476
433508
433540
433572
433604
433636
433668
433700
433732
433764
433796
433828
433860
433892
433924
433956
433988
434020
434052
434084
434116
434148
434180
434212
434244
434276
434308
434340
434820
434852
434884
434916
434948
434980
435012
435044
435076
435108
435140
435172
435204
435236
435268
435300
435332
435364
435396
435428
435460
435492
435548
435556
435588
435620
435652
435684
435716
435748
435780
435812
435844
435876
435908
435940
435972
436004
436036
436068
436100
436132
436164
436196
436228
436260
436292
436324
436356
436388
436420
436452
436484
436516
436548
436580
437124
437156
437188
437220
437252
437284
437316
437348
437380
437412
437444
437476
437508
437540
437572
437604
437636
437668
437700
437732
437764
437796
437828
437860
437892
437924
437956
437988
438020
438052
438084
438116
438148
438180
438212
438244
438276
438308
438340
438372
438404
438436
438468
438500
438532
438564
438596
438628
438660
438692
438724
438756
438788
438820
438852
438884
438916
438948
438980
439012
439044
439076
439108
439140
439748
439780
439812
439844
439876
439908
439940
439972
440004
440036
440068
440100
440132
440164
440196
440228
440260
440292
440324
440356
440388
440420
440452
440484
440516
440548
440580
440612
440644
440676
440813
440740
440772
440804
440836
440868
440900
440932
440964
440996
441261
441060
441092
441124
441156
441188
441220
441252
441284
441422
441348
441380
441412
441444
441476
441508
441540
441572
445324
441636
441668
441700
441732
441764
441796
441828
441860
441892
441924
441956
441988
442020
442692
442724
442756
442788
442820
442852
442884
442916
442948
442980
443012
443044
443076
443108
443140
443172
443204
443236
191894
Peak: 448244
Average: 429441.0179738562
