0
149681
150816
151001
151033
152425
152457
152487
152521
152616
152649
152680
152713
152745
152776
153011
152840
152937
152968
153002
153032
153096
153129
153160
153192
153289
153321
153353
153385
153416
153448
153480
153513
153608
153640
153673
153704
153737
153769
153800
153832
153960
153993
154024
154057
154089
154121
154153
154185
154216
154249
154282
154231
154441
154474
154504
154537
154568
154600
154632
154664
154697
154728
154762
154792
154920
154952
154985
155018
155049
155083
155113
155145
155177
155210
155243
155273
155433
155465
155699
155530
155561
155593
155625
155657
155689
155722
155753
155786
155817
155849
155881
155913
156074
156106
156138
156171
156201
156233
156265
156298
156329
156360
156393
156425
156457
156490
156521
156553
156746
156777
156809
156841
156873
156906
156937
156970
157001
157033
157065
157097
157131
157163
157193
157225
157257
157291
157321
157353
157544
157577
157609
157641
157673
157705
157739
157687
157802
157833
157865
157897
157930
157962
157994
158025
158057
158089
158121
158154
158377
158409
158441
158473
158506
158739
158570
158601
158633
158665
158697
158647
158761
158793
158826
158857
158890
158922
158953
158985
159017
159049
159081
159315
159362
159402
159635
159465
159496
159731
159554
159795
159827
159859
159689
159714
159342
121561
Peak: 363783
Average: 154965.67379679144
