0
289131
414559
416393
416320
417428
417541
417468
417605
417701
417652
417766
417692
417724
417756
417926
417876
418054
418087
418117
418151
418182
418108
418246
418196
418373
418324
418437
418468
418396
418428
418460
418492
418588
418620
418652
418684
418716
418748
418780
418812
418940
418972
419237
419036
419068
419100
419132
419164
419196
419228
419260
419292
419420
419452
419484
419516
419548
419580
419612
419644
419676
419813
419847
419772
419900
419932
419964
419996
420028
420060
420092
420124
420263
420188
420220
420252
420412
420444
420476
420532
420540
420572
420604
420636
420668
420700
420732
420764
420796
420828
420860
420892
421052
421084
421116
421148
421180
421212
421244
421276
421308
421340
421372
421510
421436
421468
421500
421532
421724
421862
421788
421820
421852
421884
421916
421948
422086
422245
422044
422076
422108
422140
422172
422204
422236
422268
422300
422332
422524
422556
422588
422620
422652
422684
422716
422772
422780
422812
422844
422876
422908
422940
422972
423004
423036
423068
423100
423132
423356
423495
423420
423452
423717
423516
423548
423580
423612
423644
423676
423708
423740
423772
423804
423836
423868
423900
423932
423964
423996
424028
424060
424092
424348
424380
424412
424444
424476
424508
424540
424572
424604
424636
424668
424700
424732
424764
424796
424828
424860
424892
424924
424956
424988
425020
425052
425084
425116
425148
425180
425212
425500
425532
425564
425596
425628
425660
425692
425724
425756
425788
425820
425852
425884
425916
425948
425980
426012
426044
426076
426108
426140
426172
426204
426236
426268
426300
426332
426364
426396
426428
426460
426492
426812
426844
426876
426908
426940
426972
427004
427036
427068
427100
427132
427164
427196
427228
427260
427292
427324
427356
427388
427420
427452
427484
427516
427548
427580
427612
427644
427676
427708
427740
427772
427804
427836
427868
427900
427932
428284
428316
428348
428380
428412
428444
428476
428508
428540
428572
428604
428636
428668
428700
428732
428764
428796
428828
428860
428892
428924
428956
428988
429020
429052
429084
429116
429148
429180
429212
429244
429276
429308
429340
429372
429637
429436
429468
429500
429532
429916
429948
429980
430012
430044
430076
430213
430140
430172
430204
430236
430292
430300
430332
430364
430396
430428
430568
430600
430524
430662
430588
430727
430652
430684
430740
430748
430804
430812
430844
430876
431141
430940
430996
431004
431036
431092
431100
431156
431272
431196
431252
431366
431292
431708
431740
431880
431804
431836
431868
432133
431932
431964
431996
432028
432166
432092
432148
432156
432188
432220
432252
432284
432316
432348
432404
432412
432444
432476
432616
432564
432572
432604
432742
432774
432724
432732
432872
432796
432852
432968
432892
432924
432956
432988
433020
433052
433317
433116
433148
433180
433212
433692
433724
433756
433788
433844
433852
433884
433916
434056
433980
434012
434044
434076
434108
434140
434172
434204
434260
434268
434300
434332
434364
434396
434428
434460
434492
434524
434556
434588
434620
434652
434790
434716
434772
434780
434812
434844
434876
434908
434940
435078
435028
435036
435068
435100
435132
435164
435220
435252
435260
435292
435324
435356
435388
435420
435452
435996
436028
436060
436092
436124
436264
436188
436327
436252
436284
436422
436372
436404
436518
436444
436476
436508
436540
436572
436604
436744
436668
436700
436732
436764
436796
436828
436966
436892
436924
436956
436988
437020
437052
437084
437116
437148
437180
437212
437244
437276
437308
437340
437372
437404
437436
437468
437500
437532
437564
437596
437628
437684
437692
437724
437780
437788
437820
437852
437884
437916
437948
437980
438012
438620
438652
438684
438716
438748
438780
438812
438844
438876
438908
438940
438972
439028
439036
439068
439100
439132
439164
439196
439228
439260
439292
439324
439356
439388
439420
439452
439484
439516
439548
439580
439612
439644
439676
439708
439740
439772
439804
439836
439868
439900
439956
439964
439996
440028
440060
440092
440124
440156
440188
440220
440252
440284
440316
440348
440380
440412
440444
440476
440508
440540
440572
440604
440636
440668
440700
440732
440764
440796
440828
440860
189471
Peak: 445868
Average: 427869.3929173693
