0
136831
170663
535606
870656
1594103
2176989
2604305
3034541
3598606
3902290
4384464
5254848
5435673
5770263
6223749
6679652
7165023
7414166
7812634
8354990
8791348
9064501
9368573
9534027
9614306
10016906
10685159
11030064
11660391
12457037
12713061
13053179
13535666
14094996
14458438
14795983
15447173
15830866
16336420
16549435
16680183
16754886
17099598
17266335
17553667
17936003
18074273
18301871
18995130
19126361
19449920
19639760
19723492
19725932
19960696
20139200
20253932
20422112
20628434
20930447
21400372
21815127
22190525
22619461
23276003
23541831
23993702
24302697
24447844
24471161
24631523
24777220
24977097
25146113
25458406
25748401
26077603
26649139
26919223
27488551
28036294
28907952
29684579
29956935
29959167
29964631
29967239
29981827
29992998
30144118
30585351
31048390
31463220
31628950
31909952
32002280
32309367
32398471
32436727
32492231
32564484
32643902
32834623
32985286
33441716
34361842
33886385
34380697
34500801
34678087
34720883
34739052
34777648
35097475
35189606
35767179
35901406
36227426
36790762
36861962
37101183
37538357
37711774
38021983
38416374
38416572
38416747
38416759
38289534
38731090
38930432
39105838
39180640
39247823
43196159
43208169
43506540
43524645
44138662
44145652
44205447
44249478
44308907
44360129
44382548
44465604
44503201
44532697
44592893
44665279
44661707
44897972
45118527
45195700
45670528
45841492
45930427
46448528
46804147
46882311
46956558
47158271
47234230
47437620
47539399
47661361
47979230
48113918
48356777
48559808
48644326
48792881
49204170
49375376
49513074
49636417
49693713
49937357
50182229
50250784
50338122
50361218
50374930
50407458
50436283
50508324
50496415
50712688
50764634
50870970
51054030
51268524
51432912
51555650
51903080
52212608
52474295
52654636
52940635
53225829
53696339
54312563
54524600
54607183
54609443
54645884
54685851
54912541
54992131
55010712
55080098
55189047
55191976
55194261
55197260
55097644
55357779
55570616
55899896
56007097
56098878
56558652
56945058
56993347
57211727
57460788
57479103
57673877
57784795
57997205
58135205
58194173
58126004
58405413
58462433
58485074
58569182
58902590
59650466
59831109
59921285
59995701
60052749
60099877
60290786
60327209
60375764
61378576
60940107
61258509
63587976
65917512
68412615
70908236
73235233
75731004
78057926
80553412
82881111
85375067
87704875
89865923
92193423
94689578
97015335
99508981
101836759
103976156
60929526
60931451
60933549
60934473
60934150
60934921
60934960
60936348
60936545
60936841
60935908
60935595
60937168
60937026
60935959
60936692
60936644
60936463
60936814
61082227
63243035
65570253
67897303
70222879
72550354
75045200
77371095
79698653
82192717
84518834
87014021
89339082
91667160
94161085
96487909
98981685
101308877
103780325
60940138
60939169
60939703
60940471
60940747
60939618
60940691
60939591
60940063
60940085
60940958
60941100
60940112
60941070
60941196
60941219
60940448
60940379
60939928
62249705
64409974
66569564
68896161
71223191
73550616
75877672
78204888
80532574
82860030
85186344
87514345
89842252
92168671
94664125
96989381
99315754
101644165
103783390
60942975
60942146
60942039
60941959
60942255
60943018
60943308
60943213
60943536
60943823
60943830
60943024
60942896
60943806
60944026
60944334
60944039
60942806
60942899
61586617
63747241
66074761
68234210
70561396
72888543
75216179
77543295
79870898
82365712
84692323
87020130
89346774
91673251
93999800
96495246
98820574
101148699
103786550
60945900
60944764
60944888
60945943
60946058
60944921
60946124
60946381
60945018
60945512
60945549
60946352
60945557
60946022
60946184
60947289
60947474
60946276
60946853
61091960
62921500
65082141
67241178
69401624
71397317
73557740
75884212
78211642
80538946
82866669
85193229
87520711
90015850
92341180
94670485
96995754
99322282
101650701
103789853
60949993
60949484
60949710
60951073
60951157
60951190
60949943
60951456
60951433
60951338
60950660
60950844
60950505
60951458
60951429
60951616
60951648
60950423
60950524
61595155
63755947
65915251
68242041
70568952
72895992
75390737
77718065
80044305
82371964
84698220
87193217
89519857
91846753
94173799
96668519
98994359
101156308
103150660
60952280
60952769
60952315
60952258
60952840
60953606
60953613
60953645
60952557
60952914
60953133
60953159
60952999
60952615
60954117
60954054
60953109
60953995
60954282
60932131
62760043
64920370
67247150
69573955
71901164
74229837
76557172
78883670
81211060
83537449
85865449
88191522
90519437
92845888
95175197
97500715
99828553
102322718
60955667
60955458
60955378
60955331
60955682
60955618
60954796
60954590
60955561
60955766
60955853
60954384
60955761
60956002
60954781
60955026
60955805
60956100
60954824
60954733
62595762
64756406
67082716
69243604
71570545
73899730
76058889
78219926
80215189
82543813
84870366
87030769
89357214
91684955
94011483
96339913
98666190
100994518
103320910
60956831
60957649
60957797
60957981
60956838
60958121
60958119
60958134
60957315
60956862
60958058
60956886
60957089
60958148
60958341
60957041
60957462
60957478
60958265
61268334
63263212
65423909
67751581
69911355
72239369
74399227
76726491
79053931
81380675
83708304
86036969
88363348
90523859
92850355
95178387
97672313
100000537
102327145
60958511
60959434
60959546
60959691
60959494
60959708
60958906
60958871
60958479
60959957
60958476
60958508
60959660
60959902
60959877
60958660
60958863
60959930
60960853
60960715
61603084
63763958
65924276
68252206
70411777
72738993
75066049
77393326
79722034
82048575
84375973
86536400
88862896
91190720
93517136
95845176
98171816
100500199
102826839
60961561
60961859
60961091
60961035
60961779
60961876
60962047
60960985
60962081
60962180
60961528
60961547
60961208
60962075
60962295
60961113
60961134
60962281
60962364
60941194
62935546
65095122
67422293
69749509
71909237
74236773
76563557
78890125
81217581
83545429
85707949
87701141
90028997
92355357
94683413
97009989
99336316
101831933
103803813
60963212
60963101
60962181
60963419
60962424
60962424
60963313
60963380
60963424
60963385
60963527
60963540
60962908
60962353
60963667
60963722
60962529
60963612
60963883
61938295
63767632
65927633
68254350
70581670
72909662
75236956
77397073
79724761
82052241
84379649
86707417
89033937
91361825
93688345
96016465
98342985
100669993
102996929
60965438
60964440
60965235
60965034
60964666
60964533
60965624
60965796
60965841
60964659
60964880
60965835
60965969
60964897
60965174
60964640
60966111
60966319
60965323
60964931
61940727
64101305
66427825
68755393
71081144
73242104
75569392
78064073
80391601
82551635
84878629
87206109
89533306
91860746
94188561
96682570
99009066
101336050
103807608
60966771
60965817
60965899
60967158
60966871
60965926
60966774
60967032
60965710
60966509
60966218
60966367
60966266
60965802
60966994
60967276
60967227
60967318
60967207
61610705
63605130
65765748
68092453
70252184
72412995
74575410
76735451
79063251
81389567
83717046
86044411
88539145
90700820
92527636
94855553
97182332
99510404
102004253
60969538
60968562
60968924
60969152
60968039
60969191
60967991
60968781
60968154
60968776
60969449
60969528
60968021
60969630
60969497
60969631
60969714
60968438
60968821
60968328
62110537
64271124
66431270
68757852
71085924
73245662
75573357
77900498
80227909
82555869
84882317
87209834
89536117
91864138
94191221
96518765
98844969
101173265
103811237
60970484
60970673
60970127
60969428
60970596
60970883
60970919
60969420
60970797
60970885
60970020
60970284
60969665
60970992
60971120
60971471
60971088
60971165
60969985
61613371
63608716
65767932
68095892
70255647
72582652
74911116
77238420
79565972
81892388
84219924
86546343
88874108
91202004
93528500
95855687
98183036
100510255
102836534
60971728
60971894
60971369
60970673
60971804
60972120
60971076
60971946
60971162
60970916
60972135
60972125
60972255
60971314
60971348
60972151
60973291
60972007
60972079
60971940
62612663
64773276
67100700
69259841
71588300
73748892
76075452
78403572
80731348
82891398
85218292
87545660
89874788
92034132
94362108
96688633
98516481
100678622
103172580
60974131
60973506
60974029
60974259
60974347
60974370
60973202
60974234
60974411
60973181
60973583
60973759
60974326
60974723
60973439
60973532
60975036
60974792
60974939
60951745
62947462
65108049
67432889
69593736
71921184
74248465
76576945
78736024
81063592
83391200
85718664
88045345
90374441
92700865
95028897
97355465
99516248
101842784
60974328
60975471
60974521
60974572
60974215
60975332
60975654
60975618
60974204
60974920
60975723
60975063
60974828
60975615
60975800
60975823
60974516
60975894
60974834
60975850
61617984
63778504
66105257
68431566
70758558
73085609
75414046
77741446
80068830
82228920
84390422
86550745
88877257
91205105
93532582
95860942
98187462
100515774
102842278
60975078
60976464
60975185
60975454
60975593
60976593
60976637
60976745
60976548
60976776
60976800
60975511
60977804
60977308
60977153
60976657
60977753
60977936
60977954
60976826
62451310
64612703
66771950
68932206
71259203
73587607
75747740
78075196
80236207
82563703
84890319
87217708
89545664
91873568
94199784
96360671
98687092
101016719
103176255
60978921
60977666
60978022
60977633
60978936
60979115
60979079
60977983
60979151
60979222
60979326
60978045
60978621
60978311
60979336
60979529
60979442
60978202
60979435
60957949
62952340
65112898
67439193
69766441
71926048
74253592
76580867
78907726
81235969
83396083
85723767
88050522
90379242
92705698
95033778
97360266
99688586
102015018
60979175
60979119
60979279
60979258
60978981
60980077
60980246
60980218
60979016
60980286
60980339
60979691
60979519
60979768
60979925
60979130
60980006
60980770
60980691
60980550
61789787
63617973
65612305
67771994
70099807
72426831
74586758
76913972
79241844
81567996
83896695
86057320
88383645
90711485
93037922
95366050
97693786
100022010
102348394
60980490
60981134
60981247
60980019
60980223
60981381
60981365
60980601
60980638
60981409
60981768
60981716
60980361
60981688
60980441
60981028
60980764
60981840
60982003
60980545
62455405
64615402
66943226
69269731
71597971
73925811
76252366
78579597
80905878
83233340
85561171
87887686
90215486
92541939
94870235
97197787
99523709
101851272
60982691
60982830
60983617
60983105
60983012
60983748
60983882
60983956
60982919
60983978
60983384
60984203
60982978
60983773
60983220
60983553
60983404
60983220
60984223
60984394
61460136
63455718
65614950
67943039
70269759
72596815
74924271
77251600
79579005
81738087
84065770
86393196
88719692
91048967
93041857
95203981
97530423
99859888
102186375
60984670
60984083
60985255
60984061
60984090
60985258
60985422
60985475
60984250
60984892
60984788
60984711
60984319
60985781
60985860
60985841
60984600
60985922
60984554
60985814
61793962
63954983
66281863
68275498
70270215
72596999
74924559
77251655
79580431
81906927
84234431
86562055
88888703
91216599
93543119
95870000
98196840
100524597
102851376
60986497
60986706
60985679
60986517
60986737
60986787
60985539
60986859
60985628
60986164
60985622
60986355
60986948
60986134
60986859
60987052
60986965
60986304
60985872
61296772
63124915
65452605
67611976
69939973
72099744
74427101
76754744
79081846
81408413
83735893
86064864
88391302
90718089
93045792
95372729
97699360
100027449
102521102
60986248
60986153
60987645
60987558
60986854
60986641
60986766
60986964
60986366
60987765
60987901
60986934
60987804
60987965
60989217
60988513
60988398
60988076
60989294
60988132
61798013
63958470
66285760
68445166
70772394
73099263
75426527
77755087
80081274
82242553
84569172
86896753
89223212
91551355
93877843
96205857
98532139
100860767
103187127
60989412
60989007
60989953
60990168
60990285
60989039
60989185
60989020
60990188
60990226
60990515
60990611
60990452
60989494
60989729
60989636
60990444
60990709
60990673
60989431
62631295
64957539
67116784
69443328
71771230
74098494
76258792
78419718
80748414
82908456
85234952
87562721
89890713
92217366
94545030
96871806
99198350
101526590
103831830
60991431
60990426
60990478
60991273
60991611
60991465
60990102
60990971
60991656
60991671
60991081
60990687
60991847
60991875
60990807
60991684
60992014
60992058
60990647
62133637
64127798
66288215
68447508
70775855
72935588
75262836
77590217
79917414
82245359
84572721
86733057
89059602
91387612
93713849
96042540
98369914
100696866
103024588
60991489
60991395
60992728
60992862
60992974
60991978
60992198
60991457
60992710
60992736
60992827
60992967
60991720
60991808
60993041
60993234
60993287
60992702
60992269
60992041
62133847
64294493
66622437
68781429
71108699
73436817
75596667
77923885
80251333
82580029
84906525
87066928
89393610
91721251
94047747
96044778
97871492
99867497
101862745
103834601
60993976
60993855
60993113
60993108
60993075
60993328
60993555
60993203
60994078
60993527
60994228
60994303
60993113
60994494
60993262
60994285
60994460
60994655
60994752
60973536
62968000
65128536
67455821
69782950
71942817
74270329
76597521
78924362
81252540
83579919
85740274
88067034
90394631
92721119
95049461
97376111
99703919
102030862
60996201
60996794
60995940
60996087
60996705
60996941
60995649
60995839
60997186
60997163
60996634
60996268
60997047
60997155
60997221
60995794
60997281
60996037
60996413
60996152
61972902
64133687
66292836
68619294
70946346
73107279
75434511
77763093
80090493
82250700
84577294
86906085
89232467
91393013
93719549
96047709
98374567
100703647
103030127
60998154
60996861
60997045
60997567
60997343
60998181
60998307
60998462
60997261
60998285
60998427
60997245
60997781
60997540
60998812
60998643
60998730
60997503
60998896
60997450
62637921
64798234
66792346
69120058
71280234
73607162
75934170
78262674
80590154
82917610
85244098
87404353
89732217
92059061
94386804
96713420
99039773
101368165
103839741
60999344
60999423
60998537
60998532
60998081
60999327
60999469
60998321
60999655
60999653
60999545
60998935
60998777
60999548
60999843
60998508
60998572
60999770
61000137
61808202
63968721
66128898
68455668
70782629
73109842
75436980
77764528
80091663
82419188
84913157
87239693
89566157
91894120
94221972
96714789
99042493
101369341
103841131
61000435
61000032
60999693
61000600
61000870
61000800
61000024
60999514
61000920
61000905
61001005
60999543
61000832
61001062
61001111
61000292
60999745
61000884
61001083
61312177
63472883
65632454
67959139
70286131
72613947
74941307
77268499
79595979
81922547
84250075
86577651
88904171
91232083
93558627
95886659
98213219
100540227
102866702
61000477
61001665
61001850
61001909
61001099
61001115
61002304
61003979
61003628
61003689
61003828
61002651
61003616
61003764
61003833
61002619
61003187
61003029
61003883
61002731
62477176
64471411
66631854
68958460
71285451
73280365
75441191
77769552
80097296
82424752
84583823
86911786
89237991
91565866
93892351
96220466
98714320
101042624
103369248
61003589
61004696
61004763
61004883
61004855
61003767
61004842
61005070
61005268
61005160
61004461
61004319
61004365
61004087
61004980
61005373
61005299
61004231
61005218
61004015
62810914
64972221
67131292
69458053
71618765
73614040
75941117
78269301
80429391
82757069
85083365
87411381
89738941
92066701
94393463
96719941
99047749
101376061
103846397
61005834
61006032
61006091
61005112
61005243
61006408
61004629
61005288
61004677
61006129
61006182
61005339
61006297
61006415
61006480
61005747
61005395
61006441
61006532
61482664
63478020
65638413
67797895
70124967
72452651
74612828
76940252
79267698
81594106
83922772
86250506
88577004
90737436
93063946
95392037
97718498
100046741
102373458
61007078
61007208
61006389
61007738
61007327
61007334
61006753
61006545
61007404
61007589
61007625
61006300
61007742
61007776
61007816
61007874
61007234
61007143
61007343
61006596
62315939
64476505
66635870
68962060
71290451
73617525
75777445
77938685
79933669
82260386
84588858
86916506
89243020
91570826
93897076
96224212
98551204
100879005
103205792
61008103
61007398
61008689
61007571
61007659
61008847
61007777
61009160
61007876
61008447
61008332
61009119
61009342
61009462
61008211
61009286
61009407
61009511
61009006
61154263
62981439
65141788
67468988
69628938
71955897
74284550
76611782
78938350
81098526
83425899
85753814
88080402
90409168
92735682
95062558
97390283
99551163
102045019
61009441
61009422
61010163
61010326
61010435
61009331
61010355
61010366
61010593
61010583
61009640
61009480
61010641
61010820
61009485
61009911
61010063
61011562
61012608
61011571
62320713
64813506
67472285
70131925
72790061
75450989
78110629
80769191
83263023
85922766
88581570
91241981
93901240
96561738
99220301
101880695
61012687
61012474
61012032
61013381
61012169
61012249
61012799
61012353
61012680
61012739
61013416
61013703
61012419
61012571
61014091
61013882
61012582
61013067
61012867
61012622
62154765
64315229
66642963
68801925
71129349
73457266
75784474
77944469
80271933
82599453
84925917
87253565
89247661
91077189
93404882
95732938
98059426
100387682
102714178
61013496
61014634
61013430
61014147
61013643
61014948
61014836
61015084
61013467
61014890
61014994
61014481
61014158
61014902
61015138
61015153
61013819
61015028
61015258
60993736
62986899
65147222
67473598
69800582
72127763
74454955
76782230
79109918
81436414
83763862
86091382
88417944
90911950
93239683
95567731
97893398
100221299
102547795
61015771
61015901
61014644
61014825
61015938
61014863
61015217
61015198
61015214
61014835
61014651
61016596
61016250
61016147
61014958
61015086
61015158
61016131
61016490
61015579
61990772
63985341
66145326
68472108
70800283
72960041
75287273
77614769
79942498
82269861
84429881
86757594
89085434
91413341
93572495
95900480
98226997
100555488
102881936
61017102
61017245
61016542
61016254
61016976
61017365
61017313
61016132
61017408
61017426
61016913
61016539
61017326
61017546
61016262
61017626
61017590
61016494
61018100
61016425
62824284
64984414
67144002
69470322
71799298
74125233
76453778
78780437
81107754
83435266
85762938
88089506
90417378
92743050
95070682
97231146
99226394
101387210
103858850
61018381
61018358
61017710
61017121
61018485
61017281
61017289
61018557
61018736
61017769
61017798
61018585
61018821
61018922
61017639
61018864
61018933
61018119
61017727
62159754
64153910
66314168
68474920
70801672
72962664
75289792
77618384
79945840
82104962
84432418
86760240
89086736
91414392
93741168
96069152
98395571
100724139
103051568
61019662
61019763
61018399
61019194
61018996
61018911
61018461
61019155
61020030
61019976
61018649
61018758
61019868
61020120
61019145
61019468
61020865
61022192
61021174
61021023
62330088
64490691
66650150
68976518
71137294
73464542
75791598
78119015
80447630
82607734
84934480
87262240
89589672
91916216
94076608
96404880
98565026
100727136
103054896
61022974
61023129
61022205
61022285
61022954
61023270
61021973
61022023
61023451
61023355
61023349
61022666
61022085
61023307
61023537
61022688
61023330
61023654
61022340
61000757
62829350
64989323
67317099
69476411
71803921
74132315
76292291
78619029
80947539
83107678
85434342
87762125
90090870
92249925
94578084
96905910
99232406
101393106
103387318
61022824
61023420
61023102
61024213
61024376
61023460
61024244
61024611
61023298
61023532
61023566
61024361
61024656
61023364
61023612
61023532
61024554
61024741
61023889
61666673
63993771
66653806
69312435
71805235
74464803
77290507
79951646
82611315
85270251
87930323
90590539
93248419
95908699
98567466
101395515
103865851
61025166
61025265
61024037
61024357
61024560
61025355
61025489
61024613
61024793
61025786
61025548
61025523
61024886
61025739
61024686
61024451
61025656
61025796
61025865
61025897
61834197
63828449
65656355
67818259
69812643
71972624
74300812
76460757
78788435
80948515
83276240
85602901
87931411
90259236
92418392
94746355
97073115
99399427
101727723
103866947
61026840
61025797
61025632
61026622
61026871
61025737
61026969
61027026
61026161
61026110
61026846
61027044
61025782
61025899
61027023
61027172
61026528
61026291
61025851
62169125
64329488
66490115
68649099
70977312
73304387
75631528
77791467
80119139
82446491
84774323
87101971
89428491
91756283
94082851
96410907
98736235
101065427
103391003
61026579
61027804
61026686
61027027
61028079
61028102
61026659
61028007
61028186
61027550
61027251
61028043
61028343
61028286
61027003
61028244
61028356
61027569
61027704
61171968
63167286
65160395
67486707
69815156
71974928
74302446
76630556
78789694
81117299
83444891
85773516
88100092
90427940
92586996
94915316
97241598
99569488
101897573
103869517
61029157
61027997
61028482
61029212
61028521
61028134
61029298
61029381
61029302
61028075
61029532
61029356
61029457
61028427
61028724
61029409
61029688
61028420
61028428
61505651
63666167
65826195
68153308
70313619
72142155
74470764
76798020
79125436
81284847
83612028
85940108
88266183
90594183
92920711
95249975
97575255
99903521
102231303
61029561
61028781
61030166
61031285
61031445
61032707
61032734
61032243
61031920
61032664
61032774
61032907
61031651
61032833
61032961
61032542
61032339
61031768
61033087
61031682
62339772
64500617
66828209
68987120
71314449
73642569
75968576
78297193
80624705
82952161
85278689
87606225
89766712
92093232
94588617
96915329
99241620
101570089
103874225
61033646
61033808
61033176
61032680
61033892
61032704
61034036
61034060
61032870
61032928
61034526
61034108
61034220
61033288
61033544
61033251
61034667
61034372
61033131
61511529
63671822
65831374
68158337
70485868
72480760
74641758
76801907
79129231
81289638
83617332
85944867
88105124
90433108
92759485
95088866
97415429
99743610
102070163
61034124
61034363
61034721
61034285
61035211
61035249
61035302
61035385
61035408
61034261
61035379
61035505
61034272
61034875
61034709
61035439
61035608
61034434
61034535
61036082
61511613
63672233
65832352
68159312
70486008
72646977
74974328
77135240
79296800
81458273
83618272
85947160
88106315
90434435
92761857
95090033
97249123
99576219
101903803
61035284
61035229
61035634
61035898
61035250
61036432
61035381
61035303
61036512
61036691
61035984
61035941
61036634
61036811
61036818
61035578
61036784
61037011
61036274
61035623
62344791
64339238
66499914
68826322
70985857
73313105
75640441
77967657
80296330
82623786
84950234
87277882
89604533
91932338
94258842
96586949
98913442
101240466
103878218
61037609
61037804
61037755
61036626
61036922
61037658
61037856
61037994
61038094
61038046
61038014
61036722
61036738
61037126
61038083
61037210
61037479
61037029
61038190
61349162
63508158
65502750
67830630
69989778
72318203
74478018
76805515
79132779
81460686
83620886
85948342
88276166
90604006
92930459
95091090
97417926
99746051
102072622
61038389
61038239
61037524
61038872
61037778
61039155
61039005
61038941
61038443
61038105
61037873
61039071
61039284
61037969
61038745
61038363
61038153
61039308
61038647
61039458
61039371
61038091
62512588
64673938
66833452
68993509
71320971
73648867
75808755
78136061
80464821
82792403
84951371
87279189
89605563
91934812
94261332
96589163
98748381
101076629
103070918
61040153
61039522
61039321
61040293
61040393
61040408
61039218
61040336
61040478
61039213
61039845
61039674
61040453
61040748
61040653
61039405
61040732
61039603
61039970
61185599
63345701
65506329
67665561
69992438
72320750
74480616
76809195
78969537
81130750
83290790
85618614
87779022
90107134
92434470
94595202
96921895
99248311
101576847
103881903
61041484
61040189
61040744
61040384
61041588
61041775
61040458
61041525
61041761
61041856
61041101
61040733
61042003
61041827
61041070
61040738
61041754
61041998
61043708
62019029
63847307
65842397
68001842
70329742
72489662
74817119
77145258
79472706
81799315
83959458
86287024
88613827
90942611
93269147
95597262
97923699
100251966
102578416
61045031
61045187
61045318
61045285
61044103
61044321
61044150
61045217
61045239
61045402
61044897
61044916
61044348
61045652
61045629
61045652
61044454
61045529
61045677
61045797
62020110
64180649
66341033
68667682
70995819
73155498
75482770
77810074
80137706
82465176
84791896
87120508
89279528
91607344
93933840
96262160
98588472
100916904
103243418
61045569
61046753
61045900
61045273
61046469
61045332
61045433
61046608
61046677
61045495
61046800
61046832
61046311
61046252
61045690
61046864
61047123
61047036
61045825
61045759
62687594
64846509
67174301
69333621
71661813
73989605
76316101
78643461
80969620
83130948
85457468
87785116
90113004
92439781
94767477
97094333
99420620
101916285
61062651
61047826
61046797
61046711
61047872
61047921
61047953
61046712
61046821
61047882
61048131
61046783
61047447
61047306
61048093
61048219
61047037
61046948
61048203
61047358
62022791
64183373
66343960
68339322
70499739
72659769
74987382
77315507
79475550
81802109
83963464
86291416
88618779
90779529
93106198
95435204
97761724
99922593
102248999
61048204
61047677
61049127
61047931
61047901
61049164
61049305
61048432
61048493
61049178
61049414
61049319
61048151
61049557
61049526
61049728
61048807
61048303
61049591
61048298
62356222
64517309
66677338
69005040
71164733
73491857
75820361
77980171
80308017
82636441
84795475
86957054
89118580
91278913
93606785
95934897
98261321
100589651
102748776
61049356
61049255
61050214
61050385
61050451
61050492
61049200
61049693
61049471
61050661
61050659
61050805
61050549
61050683
61049603
61049778
61049981
61050733
61050902
61049605
62691748
64518280
66678788
69005441
71333401
73493297
75820353
78147777
80476377
82636520
84963133
87290741
89618513
91778741
94105478
96433878
98760939
101089524
103415972
61050801
61050707
61051405
61051568
61051851
61050285
61051654
61051876
61051312
61051007
61051784
61051961
61051815
61050605
61051824
61050781
61051309
61050978
61052189
61195722
63357192
65516448
67844400
70003719
72331032
74326968
76486848
78813344
81140915
83468739
85796259
88122503
90616656
92943112
95271240
97597880
100093400
102419032
61051818
61052822
61052735
61051682
61052663
61053065
61053029
61052405
61051829
61052974
61053102
61052058
61052970
61053037
61051949
61051786
61053298
61053326
61052101
61052128
62027993
64188516
66516309
68675440
71002778
73330732
75657889
77985241
80312500
82640194
84799297
87127196
89453411
91781487
94107844
96437225
98763665
101091977
103418497
61053042
61053363
61053216
61054405
61054180
61054280
61052845
61053029
61053285
61053253
61053138
61054213
61054377
61054510
61054589
61053698
61053498
61054319
61054649
61053293
62529009
64689105
66848485
69176011
71335949
73663001
75991233
78151155
80478905
82806009
85133913
87461561
89621987
91951577
94277865
96606129
98932617
101260801
103898553
61058125
61058225
61057571
61056952
61057502
61058313
61057320
61058092
61058438
61058482
61057748
61057455
61058429
61058445
61057551
61057084
61058630
61058616
61057378
62033227
64193869
66521458
68680786
71008763
73168602
75496067
77824230
79818092
81812652
84141026
86301261
88627981
90955772
93282138
95444157
97605642
99933878
102260354
61058231
61059368
61059506
61058379
61059409
61059658
61059644
61058897
61058587
61060084
61059738
61059745
61058462
61059730
61059960
61058928
61059256
61058637
61059986
61058734
62366904
64527089
66687547
69013905
71341995
73501975
75829253
78156469
80483979
82811425
85138027
87466939
89794907
91953912
94280743
96608900
98936316
101264540
103589844
61059474
61060852
61060477
61060632
61060727
61060602
61060918
61060794
61060162
61059615
61060066
61060149
61059626
61060931
61061059
61060012
61059828
61059764
61060983
61059882
62867209
64860691
67188615
69347835
71674809
73836473
76163260
78490513
80819125
82979116
85305588
87633228
89962345
92287641
94449689
96776417
99102913
101432057
103902393
61061672
61061893
61062010
61061044
61061271
61061178
61061906
61061984
61062219
61061036
61060940
61060815
61062535
61062203
61062403
61062295
61061693
61061730
61061754
61039958
63200171
65361033
67688115
69848108
72176412
74503700
76663507
78990475
81317881
83646251
85640348
87634403
89963547
92289937
94450715
96777483
99104003
101432179
103903593
61063137
61062362
61062112
61063638
61063372
61062104
61062154
61063488
61063304
61063395
61063410
61062605
61062634
61062162
61063467
61063638
61062525
61063613
61063734
61871992
64033509
66192517
68520525
70847469
73007079
75334343
77661629
79990453
82316949
84644408
86970931
89131232
91459031
93785757
96113581
98440446
100768469
103095061
61064361
61063566
61063544
61064272
61064538
61063377
61063376
61064567
61063532
61064009
61063894
61064587
61064678
61063552
61064675
61064809
61063678
61063787
61064819
61063675
62870783
65030420
67358439
69685039
71845139
74172451
76499932
78826487
81154271
83482428
85810100
88136735
90297094
92623700
94952020
97278244
99606004
101934156
103906036
61065362
61065561
61064370
61064957
61064474
61065613
61065763
61065778
61064327
61065787
61064677
61065005
61065039
61065834
61066078
61064888
61064807
61066069
61066190
61874403
63870016
66029943
68355591
70516579
72844728
75004568
77332014
79660608
81987032
84147103
86474861
88801474
91130386
92957263
95119456
97445579
99775071
102101683
61065496
61066288
61066050
61066778
61067014
61065738
61065874
61066949
61067040
61067047
61066453
61066245
61067573
61067235
61066486
61066162
61067264
61067406
61067493
61065988
62208117
64368707
66696364
68855379
71182371
73509531
75838091
78164435
80491587
82820283
85146819
87474484
89802324
92128916
94289555
96616179
98942491
101270715
103908531
61067963
61067955
61067429
61067200
61068201
61068350
61067208
61068360
61068409
61068445
61067677
61067664
61068282
61068526
61067352
61068402
61068440
61067389
61067490
61710763
63704812
65699252
67694364
69854330
72015145
74342542
76671040
78997356
81157811
83485413
85813971
88140406
90300820
92627616
94955523
97282094
99609558
101937782
61068206
61068607
61068585
61069246
61069468
61069547
61069371
61069666
61069745
61069070
61068459
61072942
61073063
61071830
61072033
61073014
61073170
61073215
61073289
61071950
62047542
64208340
66534820
68862468
71021888
73349436
75677609
78004825
80332468
82658553
84819121
87146612
89473132
91801009
94127505
96456916
98284785
100445592
102772308
61073768
61073961
61073338
61073066
61073853
61074038
61074002
61072813
61074030
61074303
61073680
61073298
61074085
61074219
61073037
61073138
61074531
61074470
61074536
61051713
63213484
65206748
67366772
69694228
71854766
74182471
76509332
78837124
80997332
83324703
85652455
87812871
90140703
92467012
94795527
97122876
99449388
101777569
103915655
61075113
61073861
61074429
61074381
61074749
61074352
61075275
61075307
61074531
61075320
61075513
61075477
61075032
61074477
61075531
61075745
61074448
61075753
61075522
61385389
63379606
65707503
67866991
70027529
72355887
74683074
76842889
79171719
81330825
83658190
85987266
88313786
90474110
92800809
95128791
97456514
99617286
101944025
61075282
61076294
61075144
61075461
61075589
61076384
61076569
61076538
61075269
61076596
61076796
61075872
61075845
61076522
61076809
61075568
61075707
61076185
61076937
61075677
62218697
64045712
66373289
68532784
70859633
73020480
75348040
77675105
79836368
82162808
84491585
86651816
88978280
91307521
93466579
95794800
98121328
100449472
102776200
61077484
61077726
61077695
61077803
61077598
61077842
61076617
61077094
61077089
61077715
61077879
61078020
61076801
61077134
61076883
61076830
61077998
61077447
61078186
61078231
61886656
64046991
66374543
68701284
70860787
73189121
75016646
77345202
79672628
81831721
84159339
86487014
88814735
90975116
93301612
95629625
97956326
100284981
102611075
61078770
61077478
61078872
61077668
61078188
61078060
61078860
61079037
61079154
61077850
61079088
61079267
61078660
61078674
61077967
61079517
61079494
61078380
61079295
61078086
62552653
64712893
66374677
68202767
70197293
72025837
74020751
76347565
78674557
81003237
83163557
85490155
87818723
89979254
92305977
94635225
96961683
99288195
101615187
103920652
61080249
61080343
61079391
61080178
61080392
61080276
61079181
61080239
61080475
61080689
61079634
61079751
61079508
61080439
61080557
61080822
61079535
61080551
61080736
61888958
63883235
66210812
68370476
70697252
73024204
75351468
77679996
80007508
82333868
84494012
86821703
89148439
91476036
93802871
96130996
98458404
100786404
103113220
61081129
61081177
61080116
61081219
61081412
61080163
61080456
61080827
61080721
61080824
61080336
61081483
61081690
61081917
61080793
61081697
61082005
61081854
61081257
61080598
62222891
64384394
66543722
68703897
71032210
73192106
75519354
77847682
80007649
82334738
84662034
86990570
89315850
91477754
93804042
96132578
98458946
100786906
103113634
61082533
61082608
61082087
61081801
61082631
61082655
61081465
61081727
61082692
61082826
61082909
61082081
61082235
61081536
61082908
61083194
61082091
61082931
61083244
61061752
62889047
65048765
67376667
69535837
71863429
74190729
76518067
78845797
81005901
83333315
85661196
87821379
90149357
92476099
94805094
96964389
99291920
101620129
103924347
61083545
61083878
61082668
61083756
61082772
61083241
61082990
61083929
61084063
61082763
61082953
61084105
61084234
61084342
61083515
61083078
61084266
61084525
61083633
61727652
63888305
66048382
68207848
70535941
72695550
75022728
77351326
79678782
81839081
83833482
86162021
88321097
90649025
92976705
95304689
97631386
99792145
102118897
61084103
61084280
61084048
61085001
61084503
61085212
61085324
61084307
61083912
61085395
61085380
61084214
61084640
61084533
61085312
61085548
61084264
61084293
61085801
61084754
61894030
64054535
66215961
68043073
70203654
72364582
74692284
77020316
79180358
81507325
83835692
85995985
88322598
90651596
92978060
95142471
97469086
99797198
102124958
61088972
61088758
61089052
61089230
61089995
61090129
61088904
61089091
61090689
61090308
61090280
61089619
61089381
61090371
61090454
61090410
61089229
61090033
61090697
61089234
62065068
64059484
66219789
68547669
70707325
73035560
75361469
77522604
79850237
82176856
84504485
86831789
89159549
91487341
93813909
96142080
98468549
100796536
103123352
61091285
61090547
61090461
61090603
61090833
61090798
61090793
61091580
61091757
61091831
61090438
61091849
61090617
61091756
61092009
61092054
61091258
61091378
61090797
61090722
62232417
64393052
66720994
69047236
71207172
73534324
75862628
78189916
80517453
82844952
85171544
87331741
89659699
91986168
94314296
96808265
99134801
101295704
103933294
61092102
61091499
61092002
61091578
61092150
61093033
61091943
61092837
61093078
61091781
61092194
61092109
61092981
61093174
61093151
61091775
61093182
61092096
61091895
62067717
64062153
66223636
68384356
70543908
72705604
74533347
76861897
79021856
81348401
83509787
85837692
88164284
90491785
92819481
95147521
97306664
99633784
101961606
61093137
61093962
61093098
61093186
61093965
61094091
61094119
61092815
61094083
61094262
61093642
61093383
61094170
61094288
61093157
61093207
61093125
61094314
61094640
61094566
61902744
64063315
66223429
68550277
70711053
73038126
75365411
77693867
79854013
82180581
84507995
86835672
88995937
90991542
93317982
95646129
97973865
100134907
102461333
61095560
61095237
61094067
61095379
61095377
61095341
61095360
61095409
61095462
61094763
61094656
61095384
61095730
61095651
61094483
61094807
61095764
61095792
61095131
61094531
62070454
64231065
66390997
68718950
70878429
73206593
75366613
77694185
80021609
82181694
84509294
86838238
89164630
91325077
93651573
95979910
98306566
100634510
102962270
61095134
61096528
61095249
61095903
61095564
61096682
61096693
61096780
61095447
61096728
61096813
61095889
61096137
61095743
61097200
61097009
61097037
61095712
61096318
61075619
63070185
65229349
67556858
69716438
72045034
74204801
76365342
78360393
80521526
82849177
85176663
87336870
89663474
91992447
94151910
96480959
98640142
100968150
103295975
61097303
61097016
61097838
61097972
61097048
61097816
61098095
61096822
61097139
61097240
61097909
61098204
61098176
61096936
61098568
61097144
61098168
61098345
61097112
61075911
63069938
65230622
67390718
69718548
71878975
74206068
76534575
78693713
81021169
83349902
85676326
87836870
90164638
92490878
94819204
97146868
99473094
101801572
103939598
61099347
61098505
61099126
61099256
61098501
61097802
61099221
61099270
61098288
61098501
61098423
61099261
61099387
61098264
61098322
61099440
61099676
61099530
61098826
61243610
63238678
65399161
67725390
69885182
72212777
74539670
76868185
79195582
81522137
83682141
86009848
88336598
90664209
92991081
95320094
97646590
99974838
102301409
61099668
61099536
61099448
61100184
61100363
61099173
61099253
61100390
61100577
61099919
61099874
61099319
61100701
61100737
61099461
61099546
61100629
61100742
61100803
61099948
62075329
64237143
66396115
68722935
71050140
73378111
75705300
78032591
80192839
82353023
84348372
86675782
88836134
91163958
93490511
95818636
97812767
100141084
102468788
61100075
61101537
61101531
61100491
61101651
61101861
61101859
61100791
61101621
61101747
61100522
61100602
61101741
61101891
61100709
61101069
61101341
61101111
61100618
61100805
62242613
64570484
66731116
68890241
71217100
73545457
75705486
78033068
80361345
82521363
84848035
87175636
89335875
91664033
93990308
96319617
98646188
100806872
103133537
61102740
61102929
61102027
61101921
61102801
61102978
61101694
61101731
61102986
61101801
61102406
61103076
61103159
61101886
61102678
61102422
61102379
61101995
61103255
61102003
62576445
64737851
66897091
69223459
71384290
73711910
76038955
78367251
80694772
83021109
85181410
87509162
89837067
92163718
94491781
96818218
99144797
101473102
103944394
61103874
61103822
61103284
61102774
61104100
61104092
61104115
61102955
61104369
61104244
61104323
61103496
61103150
61104246
61104401
61104449
61103486
61103160
61104456
61120329
62428938
64756405
66917012
69077444
71404453
73732925
75893000
78219997
80548749
82708788
85035317
86864904
89024781
91358109
93683565
96011472
98338349
100666424
102992685
61127711
61126722
61127046
61126507
61127918
61127879
61126756
61126849
61128323
61128077
61128267
61127467
61127988
61128173
61128206
61128295
61128361
61128375
61128071
61127898
62103945
64264859
66425043
68752716
70912355
73240612
75567740
77727872
80056492
82215647
84543260
86870743
89031127
91359319
93685477
96014533
98341357
100502151
102828815
61129190
61129214
61130238
61130431
61130688
61129895
61129876
61129994
61129543
61130974
61131023
61129785
61131045
61131127
61131065
61129883
61130240
61129888
61131048
61131415
62106789
63933977
66261614
68421086
70747902
72908829
75236094
77564622
79724910
82051606
84379990
86540029
88867086
91195846
93354957
95683150
98009926
100339070
102665494
61131183
61130682
61132199
61130995
61131147
61132678
61132327
61132350
61132336
61131522
61131501
61131050
61132218
61132403
61132515
61131570
61131189
61132470
61132662
61131725
61941281
64102760
66262023
68422319
70749229
72910184
75237335
77565867
79726159
82053743
84213751
86542695
88702223
90531087
92692760
94853551
97179887
99340223
101668391
103973855
61133311
61133396
61133430
61132651
61132832
61132472
61133691
61133684
61133632
61132544
61134040
61133740
61133828
61133923
61132923
61133288
61132755
61133816
61133417
61277647
63438430
65599834
67758931
69919677
72246907
74575297
76735173
79062003
81390470
83550564
85878462
88205878
90366293
92692963
95021033
97348625
99507787
101836011
103975249
61134748
61133622
61134083
61134099
61133763
61133629
61134869
61134965
61135108
61135284
61134115
61135713
61135367
61134387
61134294
61133987
61135542
61135578
61135580
61114019
62941227
64936375
67095729
69255976
71583036
73912148
76071210
78398738
80726112
83054792
85381289
87541625
89869644
92195925
94524125
96851803
99010851
101339339
103976955
61136320
61135019
61135608
61135501
61136229
61136554
61136607
61135742
61136518
61136572
61136684
61136179
61135899
61135406
61136769
61136878
61136876
61136967
61136022
61780400
63608492
65601588
67928476
70089167
72417430
74577437
76905741
79233205
81392506
83720178
86048801
88207827
90535608
92363658
94692968
97019464
99178626
101507288
103978448
61137943
61138098
61136865
61137300
61137360
61137141
61137381
61137557
61137400
61137483
61137248
61137246
61138342
61138447
61138516
61138646
61137275
61138486
61138628
61117203
62945599
65105811
67265059
69591724
71753051
74080620
76407244
78735364
80895670
83223109
85549623
87878395
90206310
92365416
94693649
97020521
99346665
101508480
103980249
61138357
61138491
61139558
61139713
61139699
61138987
61138872
61138400
61139675
61139292
61139849
61139873
61139059
61138656
61139993
61140076
61138792
61140318
61139262
61138848
62614691
64607380
66934098
69094396
71421596
73582363
75909628
78238164
80398440
82725701
85053441
87213647
89541540
91701958
94028883
96357779
98516731
100845203
103171828
61141089
61139924
61140102
61139902
61140817
61140922
61141170
61139742
61141225
61140001
61139793
61140974
61141163
61141044
61141245
61141255
61141287
61141327
61141423
61140209
62283245
64277699
66437786
68597290
70757969
73086074
75246098
77573514
79734665
82061554
84389994
86550225
88876746
91205922
93032601
95194513
97521226
99849330
102009625
61141018
61142171
61142177
61141380
61141359
61142030
61142296
61142357
61141116
61141233
61142249
61142442
61142466
61141983
61141798
61141518
61142406
61142629
61142644
61142654
62616235
64776457
67268937
69595473
72089553
74749361
77409954
79902396
82563450
85055049
87714865
90376297
93035169
95528441
98187025
100848090
103507858
61142438
61142468
61142124
61143139
61142588
61143276
61143380
61143387
61142590
61142382
61142465
61142158
61143478
61143769
61143899
61142457
61143091
61142771
61142803
61143804
61786137
63613941
65442355
67270315
69264414
71592547
73752691
76080795
78240811
80569435
82729461
85056419
87384913
89711401
91871930
94198560
96527776
98686872
101015269
103341901
61144525
61143380
61143550
61143942
61143675
61143304
61144507
61144641
61143459
61143611
61144678
61144871
61143638
61144233
61144016
61143825
61143806
61143648
61144926
61288739
63449501
65943083
68434883
70927757
73588493
76080861
78740347
81401604
84061377
86721427
89380243
91873173
94533908
97193579
99686828
102345650
61145610
61145518
61144742
61144342
61145144
61145967
61145847
61145218
61145863
61146039
61146011
61144878
61145894
61146160
61146293
61146067
61145542
61145510
61145302
61146110
61289984
63450571
65778227
67937579
70098154
72425347
74753875
76913891
79241139
81569007
83729074
86056784
88384552
90545138
92871618
95200778
97359881
99686378
102015930
103987722
61146877
61146926
61145728
61146539
61146357
61145837
61146976
61147228
61145885
61150760
61151886
61151948
61152022
61151179
61151229
61151195
61151901
61152006
61152110
61295851
63457629
65450836
67778140
69938204
72266178
74426333
76754708
79081228
81241452
83569964
85729444
88056722
90385858
92712322
94873234
97199866
99527346
101688170
103993554
61152985
61152023
61152839
61152980
61152932
61152998
61152137
61152297
61152990
61153328
61151942
61152145
61153126
61153384
61153533
61152169
61152582
61152723
61152195
61464507
63291403
65451883
67779091
69939307
72100275
74428659
76422347
78582819
80911363
83071619
85399243
87559371
89888507
92047819
94375539
96703563
98862645
101190819
103517475
61153414
61153096
61154112
61154378
61154398
61152926
61154295
61154372
61154446
61153654
61153816
61153392
61154454
61154516
61154687
61154723
61153555
61154673
61154684
61133425
62794289
64954409
66950034
68942946
71271274
73430881
75758218
77919474
80248002
82407618
84734634
87063881
89222538
91551730
93710737
96038850
98366682
100527417
102853874
61154275
61154746
61154457
61154177
61155481
61155570
61155757
61155789
61155813
61154470
61155086
61155257
61155049
61154510
61156230
61155927
61155967
61156046
61154980
61156366
61964272
63792747
65953035
68280980
70440755
72601195
74928451
77257108
79417283
81743971
84071100
86232715
88560332
90720915
93048588
95209227
97535875
99864988
102191804
61155732
61156781
61157124
61156725
61156904
61156031
61156199
61156253
61156415
61156447
61155964
61157010
61157203
61155852
61156055
61157079
61156485
61157398
61157430
61156506
61134985
63129259
65289635
67617147
69776355
72103930
74265115
76593659
78752811
81081475
83241755
85568363
87896947
90057322
92383867
94712971
96872226
99199211
101528339
103998667
61157962
61158095
61156747
61158265
61157617
61157433
61157371
61157403
61157390
61156945
61158342
61158319
61158436
61157297
61158278
61158410
61158610
61158510
61157598
61800804
64293974
66620159
68946615
71440119
74100087
76759663
79419623
82079743
84739551
87399487
90059791
92718655
95379111
98037983
100698511
103357359
61157978
61158542
61158275
61159118
61159172
61158011
61158206
61159745
61159364
61158193
61158667
61158552
61158152
61159851
61159460
61159604
61158659
61158443
61158390
61158336
62798908
65126585
67286017
69613657
71941305
74268593
76428392
78755177
81083772
83243988
85570260
87566764
89726292
92053980
94380532
96708444
98868715
101196963
103523676
61159390
61160486
61160353
61160428
61160511
61160441
61160524
61160585
61159307
61159502
61160577
61160666
61160577
61160740
61159499
61160784
61159843
61160144
61159942
61305899
63298822
65792532
68451930
70943672
73603592
76263990
78756535
81416499
84077228
86569835
89228827
91888827
94550612
97209532
99702235
102361659
61161469
61161570
61160447
61160468
61160947
61161803
61161775
61161122
61161023
61161684
61161907
61162019
61160684
61161111
61160746
61162094
61162222
61162207
61161223
61160903
62302796
64464539
66625107
68784218
70944866
73272035
75433050
77760411
79921898
81915970
84078443
86238874
88398946
90726947
92887274
95216555
97375514
99535914
101864522
104003435
61162832
61163003
61161719
61162066
61162202
61162938
61163043
61163366
61163322
61162018
61163111
61163168
61163280
61161980
61163447
61163411
61163439
61162604
61162527
61307249
63468501
65627829
67955773
70115093
72443501
74603276
76930853
79258437
81585869
83746077
86074829
88233876
90563013
92889461
95050373
97377005
99704493
101865469
104004525
61164026
61164087
61164119
61163195
61163312
61163307
61164102
61164169
61163046
61164482
61162971
61164203
61164367
61164377
61164510
61163516
61164910
61164764
61164637
61163393
62804098
64964380
67124865
69452600
71612172
73941276
76100660
78428119
80756495
82916462
85242924
87571908
89732259
92058788
94386695
96547243
98873756
101202052
103529516
61164545
61164627
61164056
61165136
61165431
61164316
61164409
61165964
61165530
61165701
61165631
61165781
61165779
61164923
61164963
61165001
61164750
61165710
61165815
61164598
62306558
64634310
66793838
69120102
71115030
72444718
73774502
75270614
77100686
78761238
80922654
83251204
85410342
87738036
90067116
92226220
94387284
96715013
99042493
101203437
103531067
61165831
61165486
61166953
61166615
61166647
61165601
61167285
61166963
61165679
61166228
61166348
61166132
61165687
61166991
61167053
61165812
61165980
61167063
61167152
61145770
63139972
65300524
67459267
69786228
72113515
74274860
76603244
78762203
81089828
83251059
85577772
87906540
90234380
92393371
94721900
96881875
99208388
101537924
104008260
61167769
61166630
61167048
61166891
61167822
61168058
61168162
61168105
61167083
61168134
61167046
61168113
61168159
61168365
61167081
61167542
61167627
61167499
61167281
61479664
63472623
65799304
67960312
70120447
72447960
74608655
76936136
79263504
81591112
83751191
86078912
88405480
90734584
93061152
95389192
97548215
99876696
102202976
61169605
61167835
61168406
61168134
61169188
61169228
61167995
61169465
61169430
61168414
61168411
61168377
61168214
61169323
61169565
61169629
61169419
61169521
61168994
61169521
61148436
63141624
65301823
67629271
69788895
72117511
74444743
76604642
78931021
81259855
83420871
85580231
87907837
90236989
92396085
94724229
97051885
99211205
101540581
104010861
61170382
61170312
61170518
61170571
61170616
61170808
61169944
61169885
61170508
61170774
61174791
61175012
61174789
61176055
61176109
61176234
61175530
61175407
61176151
61486224
63646682
65806802
68133562
70460386
72621467
74782434
77110050
79271066
81598851
83758826
86086587
88414275
90574930
92901634
95063154
97389586
99716243
102045731
104017515
61176957
61177134
61177162
61176263
61176599
61176260
61177047
61177262
61177358
61176295
61176458
61175999
61177245
61176167
61176818
61176791
61176490
61177434
61177678
61653452
63814045
65974180
68301205
70629133
72788757
75116077
77444605
79604853
81931349
84259109
86587573
88746821
91074877
93402205
95730325
97889396
100218061
102545405
61177124
61177995
61178170
61178354
61178385
61177006
61178267
61178367
61178332
61177561
61177707
61177579
61178374
61178522
61178524
61177393
61177443
61178510
61178540
61178791
62152948
64313639
66474115
68801854
70961558
73289742
75449517
77776886
79938093
82264982
84593358
86753870
88913933
91242142
93569310
95730245
98056734
100385326
102545534
61179662
61179452
61179427
61178424
61180000
61179675
61178349
61178669
61178829
61178501
61178477
61178437
61179618
61179701
61179841
61179977
61180022
61178666
61179147
61178816
61989481
64148620
66308827
68635660
70963756
73123364
75452012
77779228
79939714
82265863
84594655
86920974
89081551
91409543
93735767
96065135
98224118
100552535
102878991
61179281
61179692
61179404
61180556
61179962
61180781
61179599
61179825
61180233
61180068
61180086
61179643
61180811
61180950
61180991
61181183
61179921
61179971
61180339
61179798
62986828
65479708
68139844
70631786
73290882
75950755
78611226
81271298
83931162
86591130
89250074
91910283
94570739
97229683
99890211
102549090
61181708
61180480
61180560
61181663
61181893
61181951
61180972
61181132
61181970
61182008
61182077
61182109
61180833
61182228
61181375
61180935
61182324
61182250
61182333
61182416
63321518
65813295
68473438
70965283
73625763
76118240
78777589
81438809
83931290
86591162
89251346
91911490
94404602
97063402
99723056
102383080
61182766
61182955
61183021
61181775
61182941
61183120
61182607
61182599
61181956
61183197
61183272
61182047
61182575
61182092
61182213
61183330
61183570
61183510
61183507
61183611
63322479
65814270
68474657
71133769
73625816
76285504
79112537
81604928
84264825
86925233
89584097
92245225
94905689
97564465
100225137
102883937
61182905
61183848
61184031
61184159
61184191
61183009
61183422
61183459
61183694
61183470
61183459
61184246
61184426
61184543
61183230
61184561
61184724
61183454
61184580
61184765
63156643
65816612
68308163
70801211
73461987
75954203
78613963
81273635
83934836
86594836
89253572
91746579
94405331
97066035
99725571
102386540
61184054
61185043
61185108
61185447
61184379
61185308
61185442
61184209
61185351
61185385
61185350
61184584
61184568
61185505
61185481
61185738
61184879
61184774
61184587
61184510
61184542
61164361
63157648
65317976
67644289
69804834
72133699
74293442
76620666
78948402
81108557
83437349
85596421
87924237
90251869
92578461
94907765
97066893
99393301
101721597
104027053
61186592
61186532
61185792
61185432
61186907
61185994
61186856
61186807
61185782
61185540
61186162
61186938
61187132
61186211
61185707
61186795
61187039
61187122
61186075
61829278
64157173
66317421
68476981
70804957
72964781
75292253
77620429
79780469
82106941
84435741
86763373
89089821
91251597
93410588
95738717
98066525
100227493
102553797
61187655
61187850
61187763
61186646
61188052
61186705
61187406
61187251
61187107
61187139
61188028
61188213
61188143
61188187
61188262
61187196
61188059
61188172
61188480
61188983
63493544
65985308
68645403
71137340
73797969
76457674
78949909
81611021
84104669
86764717
89256127
91916333
94578118
97069485
99729151
102389183
61189202
61189341
61188958
61189080
61189147
61189162
61187871
61189357
61189275
61188026
61188591
61188471
61189148
61189384
61189496
61188463
61188276
61189284
61189322
61189552
62164066
64324380
66652355
68811324
71138564
73466635
75626420
77954036
80282386
82442066
84769010
87096827
89424555
91752282
94077709
96239540
98566050
100894363
103222123
61190185
61190280
61189733
61189672
61189776
61189467
61189283
61189048
61190387
61190580
61190735
61189328
61189488
61190571
61190735
61190758
61189821
61190163
61190114
61168222
63660793
66153481
68813884
71305940
73966364
76626820
79286700
81945548
84605452
87265476
89925596
92584540
95244940
97903860
100563644
103222164
61190324
61190665
61190508
61190087
61191468
61191461
61190287
61190490
61191455
61191785
61191723
61191049
61190871
61191497
61191741
61190602
61190770
61191692
61191781
61170560
63163657
65324161
67484138
69812067
71972226
74299723
76626883
78954475
81114843
83442147
85769915
87930243
90258355
92585699
94746427
97072915
99400739
101728963
104033123
61192550
61192734
61192736
61192815
61191657
61191913
61191900
61192730
61192856
61191623
61191673
61192858
61193072
61191700
61192401
61192327
61192090
61193034
61193168
62666424
65325449
67985657
70477545
73137121
75796585
78457345
81117225
83776921
86437057
89095929
91756145
94415081
97074297
99733369
102393969
61193614
61193642
61193660
61192376
61192614
61193630
61193764
61194037
61194141
61193433
61193358
61192782
61194425
61194114
61194261
61192974
61194041
61194213
61194207
61193479
63499425
65992191
68483879
71144480
73636591
76297327
78789543
81449375
83943175
86604271
89095871
91755799
94416103
96909239
99568111
102228575
61194119
61193709
61195048
61195127
61195133
61193795
61195041
61195059
61194597
61194760
61194443
61194064
61195640
61195294
61195369
61195477
61194152
61194745
61195556
61194371
63499627
65992388
68652575
71311855
73972071
76463727
79124038
81783135
84442967
87102767
89762367
92422063
95082615
97908727
100569271
103226975
61195856
61195048
61195088
61195139
61194760
61195899
61196080
61195993
61196207
61196264
61195024
61196158
61196145
61196241
61195492
61196398
61195542
61195616
61195568
61195128
62503654
64663854
66990524
69150748
71479058
73638788
75966234
78294602
80454636
82782434
85109922
87270108
89596602
91925706
94085162
96419242
98746658
100907444
103234122
61203140
61203211
61202462
61202459
61202312
61202043
61203088
61203300
61203272
61202032
61202676
61203508
61203459
61202566
61202667
61202203
61202978
61203628
61202718
61202508
63009599
65169630
67495886
69822463
72151479
74477463
76805991
79132199
81459991
83787471
85947646
88274375
90601999
92928519
95257951
97584319
99743975
102073039
61203295
61204425
61203731
61203742
61203246
61204399
61204519
61203747
61204532
61204572
61204689
61203803
61203811
61204547
61204695
61204748
61204755
61203595
61204950
61204935
62013212
64175007
66334015
68661678
70821287
73148842
75477029
77636979
79965638
82124725
84452141
86781128
88940213
91268061
93595725
95756653
98083373
100411267
102739013
61205711
61205702
61205797
61205723
61205798
61204624
61205029
61205029
61205824
61206057
61204752
61205006
61205936
61206223
61206196
61204709
61206064
61206273
61205088
61204989
61849565
64009977
66169132
68497196
70656820
72985020
75144940
77473396
79633644
81959908
84288700
86448811
88775452
90937067
93263516
95592116
97919508
100080259
102407068
61206017
61206030
61205755
61206707
61206947
61206873
61205691
61207166
61205934
61206907
61207098
61207183
61207207
61205982
61207291
61206715
61206374
61206635
61206747
61206641
61185249
63345169
65506101
67665973
69994364
72154011
74482554
76642370
78970162
81130394
83458978
85618050
87946074
90274738
92433906
94761954
97089698
99248818
101245986
103405018
61207345
61207541
61207010
61208090
61208330
61208350
61207125
61207328
61208277
61208555
61207178
61207629
61207826
61207629
61208024
61207453
61208009
61208892
61207544
61518513
63679924
66172676
68498276
71158692
73650795
76310227
78970051
81630099
84289660
86950900
89609772
92269916
94930468
97589316
100083740
102410260
61209039
61209296
61209346
61208213
61209322
61209507
61208261
61208738
61209005
61208312
61209617
61209804
61208955
61209699
61209825
61208552
61209085
61209197
61208845
61187626
63182877
65508565
67668781
70162237
72821341
75481381
78141843
80634269
83294221
85954037
88612901
91273261
93932277
96592757
99251397
101912001
61211028
61209956
61209721
61209665
61210511
61210578
61210577
61209337
61210605
61210784
61210177
61210196
61209823
61210708
61210805
61210984
61211007
61209954
61210927
61211061
61854185
64014965
66175164
68334781
70662645
72822741
75150894
77310909
79639552
81798648
84126480
86454952
88614264
90943232
93102304
95430368
97756920
99919096
102245456
61212034
61211113
61211030
61210369
61210975
61211842
61211700
61211889
61211917
61211949
61212116
61211108
61210785
61211822
61212066
61210943
61211462
61211473
61211337
61212124
61522080
63682388
65842715
68170836
70330212
72491051
74818540
77146916
79307100
81634724
83794996
86122708
88450196
90610524
92937212
95265564
97593020
99753771
102080436
61211852
61211616
61212301
61212037
61212773
61213009
61211776
61211979
61213003
61213276
61212379
61212584
61212016
61213112
61213088
61213478
61213273
61213564
61213409
61213416
61523158
63685042
65844234
68172258
70331842
72659074
74820026
77148338
79308594
81636242
83796233
86124226
88451578
90612122
92938586
95268018
97594442
99755273
102082082
61213210
61212862
61213246
61213235
61213438
61214182
61214418
61214535
61213201
61214418
61214436
61214633
61213849
61213758
61213286
61214626
61214746
61214710
61213601
61214681
61858310
63851342
66178942
68338350
70499222
72827414
75153374
77314478
79643278
81802397
84130046
86458678
88617805
90945638
93272270
95601494
97760597
100089038
102415558
61215059
61214884
61214860
61214868
61215615
61214818
61214956
61214804
61215744
61215683
61215255
61214983
61215660
61215794
61215826
61214996
61214500
61215991
61215997
61214815
61193772
63188950
65349473
67508241
69836145
71996657
74323665
76484769
78811481
81139941
83300007
85626589
87788098
90115896
92443800
94604416
96931202
99257459
101419432
103581094
61216285
61215906
61215466
61216158
61216939
61216942
61216048
61216853
61217038
61215773
61216370
61216352
61217045
61217265
61216040
61216192
61217267
61217439
61217390
61196107
63024189
65183989
67343440
69671315
71831525
74158757
76485339
78481429
80642900
82802904
85129653
87290863
89617523
91945245
94272979
96433736
98760343
101088357
103414885
61218118
61217097
61217177
61218398
61218146
61216913
61217108
61218073
61218223
61216950
61217505
61217651
61217545
61217577
61217595
61218494
61218586
61217198
61217681
61217364
62360618
64354141
66514245
68674508
70836629
72996437
75323493
77652101
79812325
82138613
84466165
86795005
88954317
91282157
93608541
95936645
98264397
100425156
102919141
61219341
61218105
61219207
61219459
61219530
61218564
61218740
61218164
61218836
61218684
61218124
61219536
61219621
61218655
61218570
61219607
61219843
61218570
61219167
61218575
62194523
64354969
66515489
68675713
70836697
73164897
75324672
77651961
79980816
82139807
84467280
86796248
88955368
91283224
93610952
95939088
98098135
100426552
102752872
61220387
61220546
61220532
61220455
61220691
61219391
61219727
61219820
61219369
61220521
61220824
61219489
61219694
61221268
61221040
61221021
61220003
61219963
61220123
61198703
63359098
65853033
68510881
71171233
73663393
76490457
79150001
81809931
84136301
86796243
89290107
91783043
94441940
97103473
99594954
102255746
61220963
61220466
61221554
61221048
61221682
61221879
61220618
61221784
61221808
61221934
61222019
61220896
61221394
61221364
61220844
61221924
61222088
61222090
61222148
61221060
61698293
63858799
66186399
68345718
70672999
72833446
75160767
77489359
79649326
81976087
84303423
86632239
88791559
91119695
93447015
95607662
97934375
100262479
102590239
61222010
61221679
61222713
61222780
61222822
61222201
61222168
61222518
61221739
61221984
61222499
61222539
61222339
61222408
61223236
61221995
61222187
61222904
61222296
61223184
61367221
63528565
66021390
68513061
71172301
73832989
76325229
78984973
81644766
84305766
86798605
89457373
92117589
94777845
97437117
100098605
102757477
61222587
61222811
61223913
61223988
61224057
61224115
61223187
61223288
61224059
61224185
61224284
61223371
61224128
61224292
61224396
61224512
61223424
61223992
61223531
61223345
62532462
64692988
66852322
69012818
71340794
73500410
75827786
77989274
80150244
82477078
84804214
86800756
88960063
91287789
93615332
95610198
97604404
99765070
102092660
61224206
61225504
61224543
61224372
61224588
61225418
61225603
61224311
61224540
61225452
61225621
61224455
61224897
61224833
61225569
61225746
61224513
61224828
61224655
61225764
61867933
64029118
66356254
68515838
70842478
73170590
75330878
77659262
79819287
82145976
84473320
86634711
88961232
91290096
93616832
95777647
98104256
100433608
102760128
61226376
61226407
61226607
61225537
61227041
61233220
61233332
61232561
61232795
61232270
61233415
61232286
61232489
61233969
61233703
61232307
61233679
61233596
61233700
61232886
62042239
64202580
66363932
68523684
70851468
73011292
75338412
77666940
79826972
82154700
84314972
86642468
88970156
91130820
93457380
95786548
97945796
100273812
102601636
61233378
61233257
61234378
61234506
61233676
61234401
61234637
61234593
61233881
61233831
61233380
61234895
61234085
61234668
61234765
61234893
61234980
61233748
61234844
61235021
63040636
65200612
67693612
70352908
73013524
75505675
78165580
80825212
83485228
86145252
88804124
91464147
94122971
96950932
99608564
102269444
61234714
61234630
61234611
61234859
61234958
61234819
61234699
61234545
61235603
61235890
61235994
61234854
61234646
61235828
61236074
61235459
61235427
61234995
61235011
61235971
61546056
63540048
65701735
67860978
70021720
72349679
74509993
76838375
79164930
81325063
83653711
85813285
88141717
90468293
92628805
94957965
97117109
99443630
101773182
104077318
61236878
61236856
61235969
61236196
61236132
61236876
61237112
61235930
61235988
61237012
61237184
61237280
61237388
61236324
61236468
61235873
61237226
61237469
61236484
62544658
65038516
67363933
69691717
72185525
74845181
77337404
79997452
82658144
85149822
87809961
90471214
93129987
95623142
98282360
100943696
102936818
61238416
61237916
61237993
61238144
61237216
61237195
61238003
61238116
61238335
61237342
61238131
61238375
61237075
61237390
61237854
61237355
61238350
61238541
61238551
61548442
64042527
66201278
68861671
71353534
74013943
76673447
79333255
81993391
84653159
87313255
89973439
92632311
95292799
97950463
100611191
103269791
61238284
61238179
61238259
61239523
61239279
61239302
61238206
61239214
61239458
61238182
61238646
61238779
61238643
61238272
61239411
61239732
61238304
61238515
61238454
61716793
63709943
66369919
68861533
71520933
74015103
76675023
79335647
81827159
84486903
87148237
89807072
92300095
94961583
97620431
100280959
102772503
61239151
61240194
61240283
61240462
61239215
61239543
61239703
61239692
61239935
61239940
61239607
61241079
61240744
61240891
61239831
61240738
61240776
61241006
61240919
61219632
63213840
65705303
68365583
70857495
73518039
76177607
78337478
80998639
83658471
86318471
88810071
91470423
94129111
96790399
99449567
102110167
61240591
61240675
61240792
61240267
61241296
61241545
61241598
61240438
61241598
61241877
61240537
61241073
61241217
61240633
61242155
61241812
61242090
61241990
61240937
61242390
62715535
65209087
67700582
70360470
72853678
75513006
78173966
80666550
83327462
85986239
88313038
90474406
93134542
95795014
98453879
101114462
103606054
61241586
61242603
61242788
61242988
61242779
61241648
61242941
61241981
61241872
61241514
61242911
61242944
61241770
61242048
61242396
61242103
61243570
61243232
61241999
61553312
63880734
66372246
68865158
71525726
74018670
76678174
79339222
81998134
84657974
87150461
89810014
92469782
95130038
97789110
100449710
103108510
61243853
61243932
61243436
61243155
61243254
61243118
61242646
61243354
61244122
61244209
61242876
61244063
61244242
61244367
61243478
61243446
61244472
61244190
61244383
61244362
63051407
65210295
67703015
70196358
72856279
75516711
78009079
80668759
83329831
85989855
88481447
91141799
93801615
96462023
98953430
101614063
104085711
61244898
61244943
61244056
61244376
61244003
61244955
61245140
61244001
61244145
61245169
61245341
61245378
61245401
61244438
61244715
61244593
61245299
61245447
61244235
62718835
65046304
67538943
70198471
72690507
75350059
78011019
80503720
83164624
85656034
88316042
90977496
93468917
96129752
98789518
101450150
104086614
61246195
61244847
61245134
61246317
61245356
61245302
61245382
61246169
61246354
61245121
61245273
61246521
61246450
61245217
61245732
61245886
61245729
61245308
61246697
62554413
64714069
67206829
69866773
72359597
75018853
77679869
80339749
82999541
85491141
88151293
90812453
93471325
96131749
98790701
101451205
104087789
61247121
61246030
61246390
61246593
61247254
61246582
61246262
61247814
61247586
61247567
61246745
61246270
61247697
61247679
61247813
61247726
61246806
61246974
61247694
62555842
64715226
67209282
69700595
72360716
75021596
77513756
79841324
82167956
84828892
87321451
89981828
92640836
95302276
97961116
100621644
103113051
61248436
61248538
61248537
61247758
61247579
61248438
61248454
61248028
61248564
61248711
61247529
61247502
61247807
61248678
61248855
61248895
61249049
61248300
61248310
61226496
63387003
65880902
68372790
71033070
73525029
76184662
78844358
81505398
83997845
86657766
89316686
91978214
94638598
97297454
99958126
102616926
61249491
61249747
61248858
61249532
61249696
61249851
61249815
61249158
61249025
61249086
61248942
61248390
61249802
61249936
61249809
61249879
61250085
61249046
61248758
61250390
62723512
65216176
67708776
70369432
72861608
75521080
78181824
80674328
83335440
85995464
88487056
91147272
93473976
95968152
98626744
101287320
104091312
61250593
61249459
61249993
61249971
61249491
61250782
61251014
61251034
61251031
61251118
61249908
61251025
61251210
61249926
61250433
61250638
61250257
61251201
61251306
62227157
64718618
67211722
69703993
72364314
74857529
77517498
80178234
82838042
85496842
87989738
90650954
93142289
95803090
98463034
101122338
103616210
61252082
61252006
61252009
61250862
61252141
61252113
61251342
61251294
61250915
61252046
61252151
61252263
61252278
61251233
61252257
61252397
61252466
61251126
61251918
61231212
63059399
65384842
68044001
70536840
73196359
75855975
78515615
81176403
83836531
86495363
89154091
91814307
94473899
97301115
99961715
102619451
61253075
61253175
61252063
61253091
61253285
61253325
61253222
61252420
61252454
61251990
61253481
61253421
61253474
61252190
61252700
61252115
61253921
61253538
61253733
61253714
62726900
64888402
67380026
69375251
71867331
74527547
77188506
79847098
82506258
85165746
87825906
90653442
93312314
95972770
98631642
101292218
104094906
61254256
61254376
61253489
61253758
61253478
61253086
61254561
61254538
61254511
61254577
61253694
61253462
61254443
61254532
61254636
61253548
61254827
61253763
61253923
61897292
64223642
66716746
69376482
72036410
74696193
77188344
79849529
82340840
85000872
87660896
90321088
92979952
95640208
98299432
100960152
103618665
61254583
61255303
61255488
61254223
61254375
61255383
61255547
61255710
61255717
61255089
61255753
61255889
61255862
61255987
61255186
61255058
61255256
61255397
61255060
61233553
63559986
65720842
68213346
70873786
73533162
76025602
78685218
81344842
84004882
86664689
89491026
92151242
94810498
97469498
100297362
102956242
61256460
61256457
61256676
61255430
61256110
61256067
61255843
61256571
61256676
61256737
61256760
61256844
61256884
61255718
61257113
61257217
61257185
61257281
61257198
61256300
62731669
64724605
67217134
69876113
72537122
75029850
77689282
80350469
83010178
85667802
88327762
90988154
93314682
95810066
98301634
100962234
103620921
61256337
61257756
61257784
61257888
61256588
61256961
61256572
61258050
61258027
61257986
61256812
61257161
61257431
61257370
61258196
61258274
61258263
61258287
61258456
61257422
62897964
65391758
67883269
70543798
73203222
75695525
78355253
81016118
83676006
86168693
88827701
91487678
94147846
96808262
99467142
102126534
61258524
61258042
61258297
61258196
61257759
61259007
61259058
61259104
61259261
61258058
61258218
61259226
61258443
61259253
61259277
61259435
61259560
61258204
61258706
61259469
61258405
62732810
64892882
67053416
69379889
71542033
73701641
76030217
78190297
80517929
82846345
85005376
87333308
89667041
91994977
94321521
96650849
98477737
100807065
103133513
61266523
61267601
61267226
61267861
61267893
61267976
61267949
61266724
61266756
61267934
61267113
61267107
61267515
61267257
61267043
61266715
61267971
61268020
61268156
61268247
61578245
63738752
65899024
68226904
70386159
72713304
75040904
77369160
79529127
81855904
84183520
86512128
88505200
90500760
92494639
94656568
96984400
99143447
100973416
103133680
61268897
61268911
61269082
61269071
61269234
61267886
61269091
61268329
61269444
61268393
61269275
61269299
61269369
61269401
61268083
61268166
61268257
61268230
61268219
61268353
61247302
63075033
65235292
67395656
69556254
71884430
74044870
76371540
78698940
81027414
83187426
85514147
87841790
90170720
92497158
94657950
96984617
99312180
101473140
104110748
61270141
61268870
61269561
61269660
61269081
61270600
61270313
61269139
61269240
61270323
61270361
61270540
61270789
61270825
61269702
61269540
61270842
61269899
61269910
61580723
63740967
66233852
68893981
71385828
74047421
76539204
79198500
81859508
84351871
87011941
89671050
92331015
94991981
97650685
100312202
102971139
61270204
61271204
61271287
61271334
61271438
61270227
61271440
61271493
61271589
61270691
61270672
61270763
61271755
61270827
61271067
61271044
61271998
61271958
61271824
61271899
61915093
64240828
66733724
69393460
71885868
74546924
77039075
79698916
82358196
85017748
87511740
90171860
92830524
95491084
98151196
100810532
103470644
61272062
61271883
61271579
61271872
61271667
61271928
61271894
61271507
61272611
61272767
61272812
61272844
61272876
61272916
61273042
61271707
61272102
61271747
61272966
61273106
61915254
64076332
66236372
68564236
70723580
73051980
75379180
77539332
79866579
82194329
84354594
86682450
89009866
91170241
93496761
95824881
97985266
100313650
102639962
61273710
61273746
61272470
61273156
61274023
61272600
61273022
61272699
61274063
61274205
61272811
61273614
61273403
61273459
61273465
61272998
61274233
61274220
61274348
61274372
61584174
63745690
65906331
68066922
69727168
72056105
74216048
76542569
78703584
81031224
83358601
85686289
87846552
90174528
92500977
94830281
97156849
99483369
101811617
104115753
61275124
61275155
61274024
61275405
61274816
61274452
61274503
61274052
61275314
61275325
61275531
61275563
61275666
61274388
61275557
61275493
61275672
61275755
61275762
61254469
63247704
65408259
67568082
69895963
72056339
74383483
76712011
78871018
81198747
83526227
85853107
88180187
90508371
92835779
94996482
97322971
99650803
101979011
104117011
61276359
61275086
61275264
61275710
61275384
61275120
61276400
61275739
61275872
61275600
61275272
61276569
61276599
61276676
61276716
61276731
61276129
61275590
61276809
61275614
63083817
65076505
67070824
69398473
71558265
73719112
76046377
78374977
80534984
82862585
85189377
87517937
89844433
92172297
94497652
96826857
99153457
101481609
103808161
61277360
61277537
61277544
61276456
61277590
61277700
61277834
61276408
61277192
61277075
61276960
61276624
61277704
61277895
61277972
61276688
61277190
61276880
61276640
61276819
62918708
64911527
67239421
69398645
71560708
73388182
75716599
77876398
80204078
82530710
84859014
87019615
89346046
91674054
94001518
96162222
98488949
100816965
103143829
61278739
61278304
61278955
61278957
61278913
61278158
61278262
61278113
61277566
61279239
61279165
61279269
61279271
61278602
61278098
61279368
61279285
61278092
61278164
61278548
62088117
64082489
66243722
68404443
70563795
72724706
75052187
77380499
79706730
81867076
84194685
86522269
88849965
91010364
93337117
95665445
97992893
100320197
102646709
61280035
61280123
61280248
61280119
61280186
61278980
61279799
61280423
61280578
61279543
61279804
61279604
61279327
61280356
61280431
61280565
61280487
61280718
61280851
61279487
61279675
62753994
64914488
67242071
69401287
71729542
73889982
76216438
78545012
80705052
83032492
85360093
87520524
89847004
92175140
94502829
96663524
98991133
101319357
103478460
61280771
61280525
61281670
61281587
61280260
61280396
61281377
61280963
61281688
61281851
61280538
61281129
61280996
61280884
61280814
61280465
61281777
61281882
61282082
61294219
Peak: 104130244
Average: 70340682.2299141
