0
288411
412792
416526
416712
419665
419697
419730
419761
419800
419888
419921
419954
419985
419936
419992
420233
420176
420210
420242
420216
420305
420339
420370
420402
420499
420530
420561
420745
420626
420809
420690
420722
420818
420850
420882
420914
420946
420978
421010
421042
421170
421202
421234
421266
421298
421330
421362
421394
421426
421459
421490
421523
421568
425296
421714
421746
421778
421810
421842
421874
421906
421938
421970
422001
422130
422080
422194
422226
422257
422290
422322
422354
422386
422418
422450
422482
422642
422674
422706
422738
422769
422802
422834
422866
422899
422930
422963
422994
423026
423058
423090
423122
423283
423314
423347
423378
423410
423442
423474
423506
423539
423569
423601
423634
423666
423698
423730
423762
423954
423986
424018
424050
424000
424114
424146
424329
424210
424242
424274
424306
424338
424370
424403
424434
424466
424498
424530
428176
424754
424785
424818
424850
424883
424914
425097
425129
425161
425042
425074
425106
425289
425170
425202
425385
425266
425298
425481
425362
425528
425769
425650
425682
425632
425688
425778
425810
425842
425874
425906
425938
425970
425944
426034
426217
426249
426072
426313
426136
426225
426200
426232
426322
426520
426610
426642
426616
426706
426889
426712
426744
426776
426866
427049
427081
426962
427145
427026
426976
427090
427273
427305
427186
427369
427401
427433
427313
427497
427529
427561
427441
427881
427762
427945
427977
428009
428041
428073
427955
427986
428169
428201
428233
428056
428146
428178
428361
428393
428216
428307
428489
428521
428553
428585
428617
428498
428681
428713
428594
428627
428659
428691
428873
429193
429016
429107
429289
429088
429353
429176
429208
429449
429481
429513
429395
429577
429458
429641
429673
429705
429586
429536
429651
429833
429656
429747
429720
429811
429843
429816
429907
429880
429912
429944
430035
433680
430016
430072
430104
430432
430546
430580
430611
430643
430675
430857
430738
430771
430803
430835
430808
430840
430872
430963
430995
431027
431058
431091
431123
431154
431187
431219
431251
431283
431315
431346
431378
431411
431442
431474
431507
431539
431571
431603
431634
431667
431699
431731
431763
432147
432179
432211
432243
432275
432307
432339
432371
432402
432435
432467
432440
432472
432504
432536
432568
432600
432632
432664
432696
432787
432760
432792
432824
432856
432888
432920
432952
432984
433016
433106
433139
433171
433203
433235
433267
433299
433331
433362
433545
433427
433459
433491
433523
433939
433971
434003
434035
434067
434099
434131
434162
434195
434227
434259
434290
434323
434355
434387
434419
434451
434483
434515
434547
434579
434611
434642
434675
434707
434738
434770
434803
434835
434867
434898
434930
434962
434995
435027
435059
435090
435123
435155
435187
435219
435251
435283
435315
435347
435379
435411
435443
435922
435955
435987
436019
436051
436083
436115
436297
436179
436211
436243
436275
436307
436339
436370
436403
436435
436466
436499
436531
436563
436595
436627
436659
436691
436723
436754
436787
436819
436850
436882
436915
436947
436979
437011
437043
437075
437107
437139
437171
437203
437235
437266
437298
437331
437362
437395
437427
437459
437491
437523
186029
185688
Peak: 442322
Average: 426313.6431718062
