0
315956
770157
1040643
1564787
2304222
2714477
3005709
3632028
3811512
4457989
5199449
5340916
5687730
6152037
6633791
7073877
7310980
7718159
8277319
8694910
8976913
9308623
9527743
9868047
10627258
10965359
11568048
12373318
12681249
12964348
13460931
14015720
14515181
15118809
15605080
15931621
16246155
16466478
16598967
16925012
17104480
17409360
17656623
17885878
17996112
18224345
19522332
19344259
19521435
19628837
19631997
19880589
20071219
20205212
20376224
20783914
21302857
21733313
22252785
22719640
23212719
23449639
23922441
24216399
24376328
24526313
24684515
24883770
25115621
25420407
25797581
26186225
26577210
26956915
27552215
28240650
29102197
29767921
29861264
29866372
29869464
29883355
29893336
29913935
30487607
31156339
31420337
31675685
31847410
32030284
32245130
32346034
32404187
32492218
32566270
32764437
33228760
34268741
33798858
34291894
34469849
34588938
34634591
34605911
34688073
34995979
35151579
35715422
36121604
36700500
36771594
37027635
37626436
37726746
37932133
38326574
38326563
38326601
38326675
38190128
38603541
38803200
38984435
39044158
43039969
43106379
43378925
43408840
44000423
44080706
44141174
44189846
44260980
44310090
44377871
44424821
44481190
44522230
44600616
44785521
45022656
45109044
45562820
45732756
46011538
46602038
46758503
46794343
46990516
47077630
47177790
47385591
47457045
47574323
47892264
48027101
48269326
48472417
48601789
48862559
49120367
49301858
49409391
49562132
49649133
49842230
50107382
50177317
50263800
50288624
50304008
50338056
50397652
50443174
50523253
50641589
50728329
50842132
50967111
51324713
51461885
51758220
52024560
52401914
52557032
52863982
53240725
53621894
54183892
54337365
54447273
54518439
54678156
54611221
54778446
54907957
54945230
55110458
55021806
55463366
55757870
55871661
56030303
56483725
56869991
56903089
56896447
57314356
57405456
57597384
57802533
57938061
58110600
58168031
58391842
58489799
58513641
58490427
58880192
59617356
59774580
59867796
59941396
60003004
60186053
60242183
60288808
61291894
60704935
60838370
60848976
60642315
60648282
60649199
60654458
60657068
60658444
60660815
60664678
60666990
60668578
60671325
60673578
60674307
60676681
60680304
60678450
60683222
60684897
60685187
60685293
60688043
60689011
60689501
60690481
60691091
60692080
60692088
60692357
60694491
60694636
60695624
60697315
60700033
60702007
60701581
60703505
60703528
60703648
60705881
60706532
60707308
60707207
60710120
60709150
60710047
60710567
60710992
60711631
60712571
60715703
60716555
60717120
60715585
60716518
60718677
60717552
60720797
60721868
60722535
60723681
60724687
60725625
60726806
60727461
60728379
60730421
60732903
60733405
60734140
60733784
60734091
60735459
60737815
60737024
60738385
60737440
60739560
60739565
60742006
60740961
60741869
60742384
60745484
60745707
60746125
60746732
60745808
60746252
60747971
60748454
60747371
60749563
60749086
60749185
60751338
60750148
60753975
60754549
60754601
60756760
60757284
60758157
60758473
60757482
60758232
60758865
60758983
60760771
60761476
60761858
60760959
60762989
60763041
60764081
60767175
60766634
60767248
60767418
60767748
60769397
60770078
60770692
60771307
60771836
60772376
60773101
60772821
60773151
60777535
60775184
60775859
60778891
60779708
60779496
60780922
60781468
60781752
60782693
60783045
60781623
60782333
60784473
60785053
60785506
60785083
60786778
60790626
60790718
60790865
60790651
60790830
60791609
60791971
60792338
60792360
60794401
60793903
60795878
60795131
60796982
60798020
60798009
60797039
60801713
60800268
60800747
60801541
60803212
60803488
60802859
60803175
60804206
60804081
60804834
60806572
60810950
60805405
60806863
60806299
60808689
60808780
60812430
60810752
60813468
60812681
60812899
60819159
60814932
60819978
60815780
60813958
60830093
60831593
60830997
60830494
60833354
60838856
60834624
60835014
60836892
60838874
60839330
60839441
60840564
60839289
60840092
60840676
60842587
60843144
60843385
60848879
60842864
60843119
60844115
60843656
60845797
60846572
60855158
60850158
60850711
60849938
60856766
60851787
60850950
60851143
60854002
60853106
60853452
60853185
60853958
60854341
60856552
60856977
60855518
60857905
60860823
60861178
60860489
60862325
60861359
60869095
60861943
60864090
60863210
60863784
60864749
60864571
60865948
60865190
60865821
60866511
60866896
60871019
60870383
60869754
60872751
60871210
60873227
60880043
60872981
60872672
60874911
60875334
60874647
60876181
60875363
60869558
60869772
60868616
60872165
60873968
60874240
60873869
60874934
60882733
60883117
60883448
60876744
60878912
60877738
60877924
60876502
60878989
60879255
60878750
60887495
60880702
60883591
60882721
60883798
60885629
60886035
60884363
60886881
60887434
60894968
60888352
60886361
60888922
60889230
60889701
60889108
60890730
60891135
60891228
60893037
60894160
60894089
60903680
60894859
60904262
60895722
60897245
60897302
60898011
60898700
60898813
60898254
60899514
60898579
60899806
60898737
60899642
60904411
60903734
60903787
60905626
60906114
60906084
60906881
60906032
60907648
60907896
60908133
60908879
60907898
60908126
60908888
60910318
60910573
60911062
60914118
60914553
60914904
60924552
60914356
60925395
60915417
60925915
60917587
60917342
60916633
60918961
60919079
60918627
60919751
60920143
60920550
60918778
60923790
60924323
60923773
60925121
60924978
60924356
60926875
60927435
60927665
60928308
60926339
60928839
60929470
60929667
60929982
60930506
60929506
60930549
60933181
60934827
60933837
60933336
60936169
60936019
60935094
60936062
60947876
60937954
60948729
60948720
60939194
60937886
60950263
60938282
60940575
60939045
60944270
60944404
60943718
60944304
60944745
60946394
60946355
60957616
60957918
60945680
60946164
60948610
60949091
60959957
60949579
60950118
60950425
60952379
60952702
60952875
60952738
60954827
60954102
60955821
60956295
60956717
60956730
60955443
60957687
60957919
60957084
60956792
60959241
60958495
60958855
60963518
60963709
60975554
60964524
60962503
60963859
60965545
60965575
60964912
60966701
60978840
60967851
60968793
60980757
60969625
60968201
60969767
60970636
60987395
60987719
60974445
60988769
60976041
60977490
60976798
60978150
60980381
60991534
60978609
60978783
60980685
60993279
60981364
60994324
60981022
60982441
60981053
60984285
60998803
60984651
60986116
60985948
60987825
60987147
60986757
60989192
61002323
60989711
61002985
60989536
60991164
60990181
61004762
60991011
60990663
60993797
60995959
60996494
60996849
60997179
60995162
60997797
61011146
60998740
61012317
60999442
60998426
60999201
61000029
61000793
60999268
61000545
61001018
61005248
61005400
61006113
61005260
61004743
61007118
61006309
61007669
61008040
61008875
61007979
61008174
61009781
61010223
61024320
61009125
61025114
61010164
61014951
61013073
61014158
61014919
61015967
61016593
61017087
61031878
61018457
61018226
61017166
61019868
61021737
61034932
61019690
61021258
61019754
61021841
61020213
61024047
61024706
61025381
61026328
61026734
61025603
61026159
61026741
61028387
61029457
61029611
61028506
61028030
61029062
61030750
61030866
61030361
61046412
61030930
61033835
61034106
61051198
61034521
61035829
61036254
61035659
61037427
61038588
61037181
61038019
61041255
61038692
61039015
61041305
61040197
61041079
61041750
61044841
61045356
61045901
61061777
61045587
61047323
61045515
61046468
61045895
61064145
61048211
61064668
61065084
61047705
61049101
61066863
61049429
61051347
61051235
61070666
61053513
61055231
61069501
61052713
61053584
61054540
61052972
61055439
61055872
61072621
61054555
61054869
61055904
61057407
61057723
61058224
61075429
61060766
61062381
61061172
61062803
61062163
61061265
61062050
61063108
61064459
61065019
61063867
61064542
61064446
61083627
61067185
61085237
61067163
61068810
61068084
61089872
61090113
61073298
61071518
61072023
61074372
61072779
61072853
61073567
61074500
61074842
61076502
61076851
61077401
61077454
61078216
61078264
61078244
61079471
61082152
61100167
61081339
61083295
61082503
61084024
61084981
61102478
61085102
61087189
61087022
61088268
61088817
61089387
61089775
61089193
61090861
61091208
61112047
61094042
61112791
61093706
61113633
61096094
61096024
61094936
61097079
61097430
61096544
61098296
61097802
61099385
61099447
61098674
61100249
61099901
61099734
61104091
61103229
61104579
61102985
61105646
61106040
61125032
61106806
61125670
61106306
61108167
61106729
61106355
61109224
61128635
61110052
61110073
61109524
61113092
61113857
61114172
61114014
61134352
61115278
61135006
61116337
61116635
61115548
61118894
61115907
61116911
61118315
61118497
61119208
61119350
61119366
61118022
61121462
61143138
61123660
61122358
61124081
61123267
61124572
61124472
61146135
61124577
61125882
61126714
61147736
61128082
61128047
61127924
61129868
61130831
61130052
61133821
61134170
61134603
61133791
61135375
61134439
61135168
61136814
61137030
61135829
61137881
61137980
61136993
61138992
61139296
61137480
61140640
61160787
61140682
61142688
61141458
61162876
61141227
61163615
61143330
61141437
61142830
61144595
61144589
61144611
61144111
61145696
61144405
61145233
61146488
61146073
61145648
61171498
61150935
61149473
61153370
61173136
61151508
61173696
61174518
61153531
61152896
61154106
61154710
61154976
61155575
61156205
61154920
61155515
61157060
61155568
61159907
61159788
61161281
61161489
61161898
61161785
61162480
61162787
61185312
61162638
61163872
61163203
61164805
61163967
61165365
61165951
61166483
61166681
61167099
61168680
61169140
61170429
61169282
61169301
61171996
61170980
61171246
61173087
61195781
61173887
61174193
61172792
61173509
61173710
61177299
61174391
61174243
61176239
61175701
61178760
61178900
61180088
61179745
61180547
61179543
61205064
61182419
61184711
61183479
61181670
61184547
61183297
61186356
61185840
61186195
61187933
61186876
61188520
61190150
61190960
61190371
61191134
61193409
61191942
61194094
61217767
61194578
61195248
61196610
61196751
61195489
61195806
61197642
61198587
61198630
61198569
61199307
61202221
61202834
61201176
61203023
61227712
61203493
61202691
61203155
61205197
61204856
61204827
61204930
61206702
61206927
61206242
61232145
61207008
61210273
61207782
61212085
61212500
61212749
61213181
61213631
61212873
61212397
61214058
61214932
61213638
61213889
61240623
61216399
61216804
61216724
61217406
61241995
61217904
61219439
61220089
61221620
61220672
61222347
61223051
61221759
61222117
61224099
61224455
61224707
61223450
61223681
61225729
61225831
61226411
61225607
61227617
61226249
61226785
61226782
61227718
61228421
61229103
61229420
61230582
61230590
61231154
61230543
61230744
61257903
61232981
61233143
61232275
61233805
61231876
61233206
61234752
61237658
61236874
61264477
61239342
61238434
61239257
61265794
61239175
61240942
61267216
61267913
61240586
61241680
61241356
61241455
61241609
61270119
61244308
61247104
61246623
61274286
61246222
61248559
61247779
61275997
61249471
61248242
61248313
61249512
61251003
61251209
61250982
61250689
61252418
61250803
61251184
61253511
61256141
61255807
61255186
61255707
61256405
61256848
61258724
61259061
61259293
61257988
61259340
61260216
61260812
61260421
61261195
61261710
61260906
61289632
61261467
61292998
61265250
61266455
61266803
61267019
61268829
61296650
61269541
61269697
61270479
61298109
61271096
61270389
61269631
61271204
61300384
61271624
61275182
61273832
61304377
61276928
61305112
61275787
61277915
61278189
61278383
61278888
61307487
61279528
61278617
61280099
61279061
61281012
61280661
61281761
61282445
61285165
61283794
61285829
61286507
61286339
61287042
61287054
61316179
61287948
61287930
61288178
61317827
61288085
61288025
61288614
61289997
61289464
61289726
61291818
61293394
61293432
61293738
61295801
61296475
61296087
61296709
61297131
61295870
61296698
61298152
61296576
61298659
61297967
61298241
61297839
61300268
61298626
61300493
61333352
61304530
61303418
61305241
61305790
61335502
61306556
61307010
61305513
61307349
61305743
61308168
61308615
61308815
61309305
61309425
61309595
61309394
61313253
61313402
61313313
61314106
61344830
61313909
61345640
61314082
61314201
61316396
61316363
61317197
61317151
61319682
61350120
61320251
61320823
61318714
61320197
61354823
61323331
61323169
61354923
61323640
61323352
61325192
61323312
61323533
61324174
61355031
61323493
61324812
61324992
61323890
61324800
61323590
61324937
61324496
61323357
61322987
61325012
61324072
61355149
61323143
61325251
61325047
61325101
61323980
61324991
61355530
61323128
61325159
61324986
61324580
61324956
61322501
61324705
61354709
61324723
61323595
61325059
61355352
61324221
61324799
61324889
61322586
61323364
61324282
61323609
61324832
61354772
61323636
61325015
61324382
61356395
61324212
61326005
61326309
61356393
61325499
61356459
61326054
61326279
61356670
61325641
61326303
61325905
61326467
61356475
61326065
61326288
61325704
61324354
61324886
61356591
61326004
61356438
61325061
61324452
61324025
61326264
61326029
61325918
61324780
61325468
61325908
61326067
61326057
61326112
61325909
61324654
61356581
61324987
61324019
61325976
61356044
61326134
61355904
61323745
61326077
61324722
61325701
61356105
61326024
61325830
61325958
61324176
61356168
61324561
61325723
61324565
61325629
61356406
61324272
61325572
61323940
61325597
61356134
61324362
61325877
61356002
61325363
61323911
61325858
61325886
61324839
61324588
61356330
61324621
61356205
61323664
61323774
61326040
61326183
61324655
61324090
61325642
61355884
61325856
61325727
61325811
61323670
61325768
61325044
61324479
61323506
61324204
61323841
61323478
61325747
61325755
61324000
61324825
61325558
61325141
61324928
61323327
61325585
61324335
61325537
61323597
61324483
61325460
61324480
61324862
61356024
61325841
61356166
61325850
61325711
61325209
61356186
61324497
61356184
61324374
61325949
61355841
61325626
61323954
61324163
61325500
61356179
61325975
61324073
61324949
61326034
61356563
61326268
61325021
61326027
61326457
61324238
61324489
61356009
61326083
61325917
61326051
61324362
61326118
61324585
61324257
61324476
61324821
61324390
61324710
61325960
61356515
61326030
61326085
61325311
61325783
61325594
61356169
61324687
61326001
61325697
61325585
61355527
61324499
61355945
61325613
61324048
61325626
61325671
61325001
61325541
61324250
61323953
61326008
61325804
61325236
61325546
61327040
61357678
61325346
61325285
61327299
61325901
61325434
61326221
61325824
61327160
61325797
61327049
61325721
61326979
61325900
61325307
61326884
61327140
61357658
61325984
61327330
61325294
61325817
61327156
61357246
61327004
61326077
61326891
61326664
61324870
61325562
61327354
61326981
61325360
61325899
61325682
61357396
61327155
61327508
61325783
61357633
61327367
61327096
61325888
61326808
61325315
Peak: 62083641
Average: 57510515.23666462
