0
288054
418812
418876
419014
418996
419110
419060
419068
419188
419220
419461
419260
419292
419348
419380
419412
419484
419749
419572
419604
419612
419751
419700
419732
419828
419860
419868
419900
419956
419988
420020
420052
420124
420156
420445
420220
420276
420308
420340
420348
420476
420532
420540
420572
420709
420636
420692
420724
420732
420764
420796
420828
420956
420988
421020
421285
421084
421116
421148
421180
421236
421244
421300
421308
421436
421492
421524
421532
421564
421620
421628
421660
421800
421724
421864
421788
421948
421980
422012
422044
422309
422108
422140
422172
422204
422260
422268
422300
422332
422364
422396
422428
422612
422620
422676
422792
422716
422981
422780
422836
422868
422983
423016
422964
422972
423004
423036
423068
423260
423292
423348
423380
423412
423420
423476
423484
423516
423656
423686
423612
423644
423676
423708
423740
423796
423804
423943
423892
424060
424092
424231
424156
424188
424220
424252
424284
424316
424348
424380
424412
424677
424500
424532
424540
424572
424628
424636
424692
424916
424924
424956
425012
425044
425052
425108
425116
425172
425180
425212
425268
425276
425308
425340
425372
425404
425436
425468
425500
425532
425588
425620
425628
425908
426024
425948
425980
426119
426044
426076
426108
426140
426172
426204
426236
426268
426300
426332
426364
426396
426428
426460
426492
430244
426556
426588
426620
426652
426684
426716
426748
427036
427068
427100
427132
427164
427196
427228
427260
427292
427324
427356
427494
427420
427476
427484
427516
427548
427580
427612
427644
427676
427708
427740
427772
427804
427836
427868
427900
427932
428072
427996
428052
428348
428380
428412
428444
428476
428508
428540
428572
428604
428636
428668
428700
428732
428764
428796
428828
428884
428892
428948
428956
428988
429020
429052
429084
429116
429148
429180
429212
429244
429276
429308
429340
429396
429404
429436
429492
429820
429876
429884
429940
429948
429980
430012
430044
430076
430108
430140
430172
430204
430236
430268
430300
430332
430364
430396
430428
430460
430492
430524
430556
430588
430620
430652
430684
430716
430748
430780
431045
430844
430876
430908
430940
430972
431004
431036
431068
431452
431484
431516
431548
431580
431612
431644
431676
431708
431740
431772
431804
431836
431868
431900
431932
431964
431996
432028
432060
432092
432124
432156
432188
432220
432252
432284
432316
432348
432380
432412
432468
432476
432508
432540
432572
432604
432636
432668
432700
432732
432764
432796
432828
433244
433276
433308
433340
433372
433404
433436
433468
433500
433532
433564
433596
433628
433660
433692
433724
433756
433788
433820
433852
433884
433916
433948
433980
434012
434150
434182
434214
173229
182662
Peak: 439065
Average: 423752.6449086162
