0
120381
491757
827329
1559032
2140909
2569311
2999682
3503791
3866865
4351543
5219168
5396015
5718076
6188164
6684461
7128983
7362059
7776822
8333670
8863471
9296396
9404668
9558219
9918487
10688134
11094917
11618833
12424391
12733950
13034499
13522936
14073629
14568362
15124501
15657181
15984704
16301137
16525648
16656660
16722999
17066624
17230799
17518321
17905384
18056521
18285703
19579487
19397360
19586089
19686348
19688908
19927226
20115471
20261633
20429338
20810517
21356162
21741267
22151969
22633993
23237014
23502236
23954167
24269639
24433120
24593617
24739721
24939494
25110657
25421697
25826967
26130793
26621599
26878586
27421322
28036515
28822980
29474344
29917820
29920628
29926316
29924685
29942466
29956669
30200791
30790011
31317828
31553260
31816329
31962694
32271598
32333387
32432370
32495463
32577721
32625964
32963543
33215857
33783529
33859143
34345451
34465232
34641039
34683760
34658846
34740394
35048904
35203563
35775798
35875530
36274785
36751987
36822822
37077311
37768137
37984081
38378714
38378661
38378704
38378759
38242122
38693924
38893851
39076987
39137052
43131679
43193746
43491572
43488316
44086013
44162252
44220221
44246552
44330173
44385958
44415579
44497094
44551998
44596786
44658748
44666063
44902478
45120064
45422558
45668403
45866124
46411486
46820768
46866289
46918590
47100261
47170745
47228629
47415786
47491091
47587175
47667562
47985274
48119921
48310008
48564398
48634462
48800794
49079345
49210545
49214221
49217612
49218954
49222563
49225013
49227781
49230188
49232782
49234609
49238514
49241306
49243624
49246528
49249435
49252263
49254660
49258405
49419040
49422223
49425273
49395036
49532574
49655985
49713845
49932586
50180251
50271473
50358525
50384457
50400597
50435517
50513238
50546364
50731416
50767749
50877418
51058302
51308017
51438183
51576465
51924219
52189579
52497542
52654246
52962262
53247064
53717004
54359546
54519366
54608840
54658418
54715970
54738077
54880794
54988073
55051160
55209665
55116170
55581773
55851725
56122991
56540656
56963102
56990408
57407391
57477848
59072613
57739801
57983060
58137084
58220541
58334405
58586134
58460967
58563265
58692875
58996888
59763756
59892588
59986356
60053972
60092180
60308984
60345648
60916794
61848012
60908283
60961585
60758842
60761939
60766089
60768644
60769542
60770612
60769738
60772660
60771907
60772824
60775656
60776684
60778623
60779095
60781971
60782330
60783760
60784542
60786223
60785128
60785874
60788917
60790192
60791239
60791264
60793174
60792055
60794527
60793938
60797490
60797045
60799265
60799203
60801924
60802453
60801240
60806887
60805819
60807906
60809189
60810229
60811277
60809626
60812555
60811653
60813359
60814558
60813289
60815353
60816431
60815441
60814167
60816785
60816158
60817673
60819082
60817720
60819321
60820464
60823437
60824162
60822503
60825067
60823662
60826060
60826161
60826132
60826843
60824980
60827475
60826763
60828267
60828717
60827496
60827408
60829981
60830198
60830109
60831232
60832132
60831706
60830198
60832795
60835034
60836171
60834981
60837696
60837466
60835995
60838947
60838659
60837245
60840403
60839925
60838489
60838477
60841087
60839911
60842478
60842717
60841332
60844186
60843936
60843399
60842554
60844896
60845429
60846888
60848561
60848896
60850318
60848885
60852156
60851387
60850359
60849903
60851344
60852245
60853152
60852823
60853730
60851997
60853285
60854731
60853016
60854231
60855892
60855716
60856503
60858348
60857454
60857909
60856180
60861047
60860978
60862145
60860487
60864642
60863195
60862232
60861816
60864256
60864411
60862766
60865910
60865138
60866015
60864810
60868898
60867545
60867434
60866138
60868221
60868125
60869262
60867979
60870394
60872940
60873248
60871656
60873709
60873729
60874801
60873293
60877707
60875791
60875651
60876623
60874992
60879651
60877642
60877953
60876217
60876791
60881342
60879314
60879765
60880125
60878449
60883388
60881208
60884173
60884461
60884751
60885125
60883959
60888625
60886082
60886420
60886893
60885570
60890197
60887856
60888113
60886716
60887036
60891999
60889699
60889585
60888751
60890450
60894058
60889393
60895482
60892782
60893171
60896391
60894869
60899978
60896767
60897436
60898357
60897109
60902249
60899293
60899149
60900135
60899302
60898756
60901155
60899476
60902107
60901751
60902597
60901284
60906563
60902812
60902027
60904344
60903496
60903040
60908744
60912281
60908885
60909073
60907604
60909638
60913974
60910476
60910380
60911329
60910369
60909834
60912080
60912141
60913250
60912681
60911798
60914297
60912524
60915059
60915384
60914166
60914667
60914434
60916868
60924228
60920203
60920531
60920891
60919348
60919516
60922279
60920365
60923043
60923180
60921433
60922748
60922697
60925696
60923556
60926120
60926596
60927433
60926408
60926653
60929094
60928040
60930516
60930508
60932215
60932761
60933876
60933911
60936146
60934792
60937418
60937736
60936093
60938341
60936997
60939584
60940127
60939407
60938965
60946566
60941875
60942028
60942956
60942580
60941707
60944241
60942882
60945469
60945975
60944599
60947706
60955005
60949899
60948511
60950787
60950161
60949347
60950059
60957473
60950664
60958076
60953157
60953071
60953941
60953356
60952612
60952935
60960764
60955548
60955277
60956325
60956564
60956989
60955316
60965476
60960500
60958748
60961205
60960111
60961941
60961308
60960484
60963481
60961844
60964349
60963405
60965019
60964084
60963446
60966508
60964180
60966637
60965492
60967373
60966348
60965996
60966412
60974962
60969000
60971349
60972349
60972364
60973135
60971554
60974113
60974526
60972917
60973326
60981984
60975122
60974180
60976723
60975735
60977518
60976848
60976529
60976513
60984969
60979197
60977432
60979875
60980186
60980611
60979263
60981216
60983451
60984537
60984520
60985332
60984294
60984237
60984704
60984638
60986730
60994499
60987630
60987613
60988390
60987440
60987276
60987706
60987911
60990030
60988542
60990999
60991207
60991711
60991054
60989895
60990743
61002465
60995674
61003770
60996598
60996458
60997307
60996825
60995850
60998072
61006240
60998948
60997320
60999739
60999557
61001165
61000178
60999677
61000457
61010127
61002912
61001109
61003644
61003490
61004332
61003707
61007630
61006266
61006122
61008330
61016493
61007988
61009905
61008554
61018154
61011509
61019518
61011799
61011840
61012552
61012952
61013325
61013701
61013952
61012683
61022401
61014755
61023812
61015744
61015409
61016498
61019031
61019972
61020058
61020496
61020051
61021140
61019779
61019683
61022044
61031006
61022842
61021145
61023639
61023950
61022300
61022908
61033367
61025119
61034415
61025947
61025680
61026707
61027018
61027192
61036459
61030661
61028998
61031417
61031509
61032129
61030693
61041154
61033650
61042221
61033606
61033510
61034366
61033805
61032992
61034067
61033794
61034186
61045052
61037250
61034971
61037414
61037776
61038003
61038341
61038643
61040426
61040602
61042810
61041387
61043881
61042589
61044518
61043654
61045086
61054205
61045439
61043834
61046516
61045254
61047156
61046083
61047724
61046462
61046388
61046876
61058561
61049254
61047691
61050199
61050438
61050890
61052832
61051758
61053616
61052762
61053264
61065021
61055636
61066228
61056471
61056357
61057357
61057521
61057830
61058155
61058757
61057818
61058062
61057718
61070102
61060238
61058496
61060939
61060754
61061603
61061979
61062890
61063487
61063528
61065750
61076503
61066592
61077453
61067287
61067249
61067975
61067155
61066766
61067353
61067371
61067822
61067911
61070109
61081587
61070958
61070728
61071769
61069882
61070509
61083130
61073557
61086786
61076188
61074597
61076989
61077126
61077653
61076762
61078341
61076819
61076723
61078829
61090264
61078071
61077542
61079801
61091046
61080519
61092385
61081497
61081179
61082243
61082431
61082911
61081718
61082366
61085609
61098667
61087790
61099880
61088638
61087037
61089542
61089159
61090059
61090397
61090651
61090104
61089535
61089807
61089592
61091456
61090664
61091389
61091272
61093531
61105952
61094302
61094120
61095113
61095373
61095777
61097155
61097011
61097493
61111326
61099835
61112786
61100780
61100663
61101570
61101283
61102279
61102371
61102796
61101795
61101926
61102558
61104271
61102886
61102793
61103392
61117558
61105628
61118319
61106456
61119402
61109784
61109544
61110506
61108809
61111140
61109347
61111804
61111742
61112546
61112710
61113213
61111798
61111718
61113838
61126603
61114293
61114799
61114265
61113805
61115889
61116270
61114675
61117046
61116673
61117622
61120405
61120851
61121227
61121491
61120957
61122158
61120910
61120691
61121064
61136114
61123501
61137346
61124350
61122537
61125011
61124661
61125726
61124536
61126291
61126581
61127078
61127296
61127646
61126210
61126131
61128353
61145156
61132054
61146016
61132780
61131148
61133696
61133262
61134415
61133339
61135019
61136258
61136970
61137114
61137730
61137956
61138439
61136921
61136814
61138971
61153428
61138685
61138254
61140811
61140547
61141707
61144549
61144923
61144348
61143962
61144210
61144117
61146274
61160528
61146866
61161498
61147831
61146158
61148745
61148368
61149193
61147564
61149932
61150273
61150645
61164557
61150453
61164552
61150594
61164676
61150890
61167772
61152637
61151498
61153712
61151703
61153770
61151733
61153847
61152324
61153860
61153783
61153941
61153939
61153984
61153911
61153833
61152235
61153629
61151964
61153734
61168257
61153756
61168225
61152513
61152129
61154213
61153562
61154058
61153351
61153999
61153755
61154271
61153880
61154017
61154108
61154167
61152817
61154200
61152551
61153151
61152642
61152183
61154120
61168362
61154269
61168764
61155113
61168626
61154557
61169066
61154713
61153983
61154637
61169341
61154725
61152732
61154925
61152584
61154869
61152818
61154936
61154306
61154888
61154494
61154979
61154933
61154933
61154036
61152987
61153088
61153122
61153292
61152751
61154093
61154513
61154457
61154655
61152985
61152744
61152624
61168647
61154502
61169202
61154959
61152834
61154866
61152850
61155005
61155588
61156207
61155422
61156206
61170654
61156102
61154212
61156334
61155690
61156422
61156348
61156581
61155581
61155008
61156437
61156663
61155715
61156826
61155782
61154811
61155035
61154740
61154763
61154667
61154779
61170649
61156644
61155102
61170999
61155401
61155062
61156948
61171262
61157146
61156686
61157371
61155773
61157427
61157234
61157467
61155863
61157525
61157377
61157712
61157567
61157581
61157699
61157737
61155986
61155656
61155930
61155701
61155984
61156498
61156010
61156586
61155994
61155641
61155699
61171686
61155718
61171739
61157518
61171755
61157558
61157077
61155817
61157587
61157049
61157460
61157438
61157722
61157580
61157813
61157869
61157856
61157749
61156016
61156240
61155955
61156146
61155879
61155991
61171898
61157797
61172176
61158305
61172480
61158136
61172178
61158977
61172402
61158045
61172466
61158010
61172670
61158180
61172319
61157078
61172333
61158082
61172770
61158256
61156274
61158425
61156169
61156870
61157278
61156855
61156030
61156758
61157406
61156863
61156489
61156478
61156430
61156515
61156262
61158380
61172875
61159365
61172967
61158775
61156775
61158917
61158282
61158930
61156820
61157118
61156532
61157230
61156873
61157095
61172830
61158857
61173070
61158987
61173225
61159225
61173302
61159108
61157153
61159295
61157217
61160663
61160113
61159227
61158875
61158913
61159010
61158991
61158736
61158674
61158680
61158933
61158594
61158826
61158712
61160533
61174904
61160816
61174752
61159216
61158859
61159677
61159154
61159354
61158829
61159442
61159133
61159266
61175209
61161024
61175013
61161040
61175136
61161125
61175291
61161294
61175443
61161403
61176022
61161631
61159520
61161644
61159672
61161783
61161118
61161970
61161281
61162075
61161575
61162095
61161364
61162189
61160050
61162301
61161396
61162170
61159966
61162108
61161641
61162250
61160097
61162215
61161492
61162221
61161799
61162349
61160824
61162315
61161684
61162269
61176683
61162548
61177041
61162571
61160377
61162584
61161912
61162734
61162188
61162712
61161954
61162779
61162172
61159840
61162373
61162473
61162099
61162459
61161993
61162597
61161389
61162814
61161491
61160831
61161308
61160965
61162851
61177115
61162826
61177182
61162860
61177222
61163834
61177520
61163012
61177381
61163242
61177766
61162608
61161453
61163646
61178026
61163584
61161643
61163931
61163280
61163893
61163142
61161494
61164005
61162387
61161901
61161871
61164161
61163950
61162342
61163470
61177968
61164128
61162212
61164198
61162165
61164293
61178532
61164049
61178415
61164188
61178364
61164228
61178364
61164319
61178630
61162503
61178535
61162553
61178446
61162926
61163529
61163545
61162932
61163228
61164947
61164861
61164927
61164740
61164928
61164020
61164821
61164201
61164909
61164241
61166365
61165649
61166402
61165809
61166589
61180143
61166618
61180244
61166040
61180844
61165742
61164427
61166606
61164535
61166656
61164664
61166741
61164492
61166610
61164699
61166444
61166743
61164628
61165861
61181217
61166631
61181141
61166613
61181136
61166728
61181314
61166899
61181142
61167582
61181118
61166903
61181087
61166656
61181388
61166106
61164988
61167085
61181468
61166988
61164931
61167015
61166494
61167181
61166657
61167245
61166481
61167231
61165135
61167140
61181417
61167033
61181564
61167254
61181812
61167356
61165323
61167369
61181619
61167189
61181702
61167294
61181694
61168169
61181741
61167176
61181862
61167318
61181616
61167286
61181785
61167299
61181394
61165555
61165510
61165626
61166373
61165888
61165472
61165816
61165750
61166356
61167396
61165342
61167411
61165573
61167438
61165408
61167672
61182210
61167425
61182031
61168299
61181877
61167617
61181927
61166100
61165948
61166150
61166090
61166135
61166096
61167053
61168323
61168178
61168393
61168303
61168475
61168340
61168494
61168021
61168636
61167032
61168574
61168480
61168662
61166627
61167093
61168737
61168624
61168764
61168837
61168865
61168696
61168929
61168472
61168969
61168373
61168981
61168183
61169107
61168363
61169164
61167011
61167572
61183235
61168923
61183302
61168963
61183214
61169054
61183553
61169019
61183345
61167412
61167305
61169191
61183344
61170041
61183401
61167789
61167787
61167730
61168747
61168067
61167594
61167892
61183614
61168007
61167750
61167972
61171569
61169593
61169689
61169045
61169766
61169218
61169850
61167960
61169989
61184290
61170122
61184226
61169976
61168147
61168208
61170656
61170669
61169648
61170960
61171969
61171749
61171862
61170575
61171963
61171469
61172003
61171293
61172145
61170084
61171863
61186061
61171890
61186434
61171895
61186017
61171922
61170015
61170555
61170198
61170301
61170146
61170584
61170739
61171080
61172508
61171378
61172431
61172253
61172420
61171893
61172419
61171805
61172408
61186674
61172247
61171646
61186594
61173077
61186292
61170477
61186285
61170466
61170359
61170681
61170375
61170847
61170453
61170668
61170476
61171431
61172760
61171423
61172975
61172841
61173039
61172385
61173042
61170964
61172170
61187339
61172951
61174689
61172689
61172891
61172417
61173009
61172337
61173059
61170729
61172901
61170919
61172992
61170969
61173053
61171098
61172973
61187313
61173033
61187325
61173063
61187303
61173055
61171274
61171500
61171338
61171773
61171436
61171692
61171220
61171716
61171079
61171852
61173649
61173597
61173782
61173655
61173846
61173790
61174023
61172007
61174097
61188203
61172011
61172092
61172253
61172026
61172201
61172210
61172162
61172995
61172480
61172116
61172550
61174263
61174200
61174187
61174093
61174247
61173692
61174335
61188526
61174310
61187984
61174127
61188582
61174099
61188536
61174317
61188526
61172494
61173399
61172877
61174645
61172337
61172911
61172923
61172869
61172222
61173375
61174650
61172634
61173754
61171851
61172479
61173336
61172800
61174553
61173397
61174924
61174458
61174715
61174101
61174806
61172905
61174876
61189283
61174926
61189137
61174771
61172939
61173336
61172675
61174227
61175212
61175146
61175365
61174690
61175251
61173385
61175393
61173282
61175304
61189861
61174576
61189690
61175220
61189404
61175335
61189674
61173612
61173767
61175708
61175862
61175786
61176026
61175389
61176052
61175226
61176129
61173851
61175763
61189886
61175779
61190370
61175925
61190057
61176002
61190471
61176039
61192297
61177852
61192450
61177943
61192066
61176353
61176240
61176408
61177206
61176670
61178335
61178136
61178450
61178288
61178589
61177767
61178421
61176471
61178493
61192821
61178283
61192293
61176856
61192578
61177435
61178515
61177884
61178634
61176587
61177841
61192743
61178327
61176631
61178100
61177509
61192919
61177576
61178914
61177759
61176989
61177171
61178860
61177625
61179077
61178987
61179178
61178958
61179126
61178632
61179319
61178576
61179254
61178808
61179553
61177352
61179354
61193607
61177319
61177261
61177541
61177503
61177890
61177839
61178122
61177659
61178210
61179885
61178988
61179935
61179831
61179866
61177778
61179056
61194298
61179870
61193892
61178133
61177890
61178290
61178202
61178464
61178280
61179297
61180169
61179084
61180161
61178234
61180208
61194488
61180032
61194144
61178384
61179234
61179683
61180579
61180619
61180629
61180077
61180798
61178581
61179848
61195044
61180506
61195019
61180549
61182287
61180040
61180462
61180597
61180680
61178452
61180631
61178646
61180789
61195111
61180569
61178880
61180080
61180973
61180831
61181023
61180895
61181084
61179891
61181187
61181083
61181248
61180721
61181303
61195188
61181080
61181465
61181310
61181460
61195956
61181390
61195557
61181335
61195458
61179728
61179584
61179741
61180632
61180045
61181758
61180609
61180020
61180673
61181991
61181927
61181989
61181266
61181954
61181163
61182042
61181325
61182047
61181345
61182207
61181430
61182422
61181633
61182222
61180185
61182262
61180174
61182254
61180412
61182420
61196838
61182218
61196827
61180426
61180504
61180901
61180493
61180808
61182815
61181347
61182762
61181974
61182628
61180663
61182746
61196943
61180766
61184435
61181885
61182718
61181930
61182645
61197144
61182767
61196851
61182591
61196880
61180806
61180874
61180942
61181334
61181219
61181038
61181334
61183149
61183073
61183189
61182820
61183365
61182594
61183467
61181354
61183349
61197818
61182237
61197643
61183265
61197565
61182004
61181808
61181999
61181899
61181895
61182807
61182268
61181799
61182434
61181698
61184238
61186300
61185806
61186368
61186379
61184585
61186398
61200801
61186226
61200550
61186239
61200541
61186357
61184542
61184877
61184570
61185666
61186753
61186330
61186691
61186485
61186691
61185909
61186665
61184751
61186705
61201282
61186707
61200696
61186504
61200651
61185069
61184784
61185088
61185336
61186051
61187012
61186013
61187049
61186990
61187110
61200719
61186406
61200497
61184993
61185764
61185996
61185119
61185836
61187131
61185695
61187270
61186223
61187280
61187240
61187251
61186607
61187417
61185363
61186409
61201684
61187855
61201349
61187222
61201247
61187077
61201020
61187168
61201436
61187079
61201561
61185769
61201273
61185570
61201490
61187445
61200773
61201578
61201844
61202067
61202378
61202356
61202585
61202631
61202823
61201513
61203046
61201924
61203274
61202393
61201409
61202095
61203383
61203535
61203699
61202834
61201813
61203255
61204315
61202978
61202437
61204486
61204548
61218672
61203057
61219002
61203114
61202867
61203492
61203238
61205110
61219750
61204386
61203435
61205666
61204956
61205716
61205129
61205820
61205203
61206054
61218925
61203649
61219602
61205690
61220227
61205884
61220510
61206332
61220708
61206502
61220892
61206491
61221032
61205760
61204574
61206811
61204805
61206810
61204681
61206846
61206103
61206955
61206351
61207087
61206480
61207093
61206452
61207020
61206207
61207059
61206348
61206982
61206964
61207132
61205891
61204726
61205766
61207211
61205562
61205255
61205414
61205236
61205594
61206068
61205436
61205315
61207020
61221783
61207100
61221544
61207373
61205265
61207568
61221779
61207330
61221370
61207435
61222060
61207424
61221669
61207552
61221514
61205832
61221733
61207461
61221557
61205768
61205747
61207592
61221816
61208480
61222188
61207833
61222449
61207913
61222173
61207974
61222787
61208451
61222872
61221874
61206222
61205807
61206423
61207023
61206568
61222397
61206716
61206530
61206711
61207458
61206751
61206514
61206890
61206619
61208576
61222752
61208733
61222848
61208869
61222837
61209474
61223189
61208877
61223264
61209040
61223515
61208864
61223360
61208955
61222968
61207211
61223073
61207313
61206984
61207960
61207317
61207736
61207123
61208345
61209660
61209570
61209584
61209467
61209651
61207539
61209759
61208944
61209796
61208998
61209836
61207710
61209916
61209169
61209809
61207779
61212026
61209908
61212292
61210136
61212394
61212133
61212516
61212426
61212563
61211335
61212627
61211310
61212636
61212515
61212666
61211742
61210857
61211068
61210502
61211293
61211782
61211175
61211983
61211324
61212763
61211790
61212621
61212092
61212944
61210746
61212997
61212151
61213177
61212286
61213159
61212500
61213177
61212679
61213388
61227801
61213363
61227865
61213173
61211613
61212046
61213649
61212909
61213583
61211543
61213661
61213082
61213677
61228115
61213494
61227942
61214301
61227851
61213759
61211780
61213727
61211847
61213860
61213739
61213975
61213481
61214219
61213305
61214196
61214003
61214311
61214276
61214341
61214073
61214333
61213884
61214445
61214246
61214383
61212302
61214163
61213355
61214463
61214529
61213795
61214532
61213877
61214678
61214020
61214602
61214228
61214837
61212790
61214774
61213996
61214913
61212709
61214864
61214154
61214781
61212853
61214920
61229241
61214861
61214196
61215062
61211987
61212903
61212529
61212932
61212671
61213064
61228839
61214821
61229200
61214810
61229263
61215056
61213050
61215246
61213189
61215357
61229686
61215421
61213388
61215557
61213455
61215450
61229860
61215329
61229553
61215759
61213593
61215795
61213650
61215990
61215181
61215958
61213853
61215902
61213858
61215956
61214334
61215381
61216444
61216204
61216365
61215251
61216470
61216537
61216551
61216482
61216565
61216685
61216689
61216627
61214802
61215747
61214821
61215638
61214950
61215226
61214739
61215061
61230921
61214994
61214833
61215106
61216950
61216009
61215192
61215974
61215845
61215966
61215874
61215376
61215043
61217087
61217105
61216883
61215824
61231579
61215040
61217244
61217776
61216304
61215332
61215254
61217297
61217909
61216929
61215638
61216207
61215907
61216456
61216012
61217821
61216855
61217890
61216918
61215763
61216312
61216059
61216232
61216856
61216104
61215953
61216102
61215619
61216478
61217060
61216599
61218603
61217266
61218520
61217204
61218464
61217295
61216580
61217335
61216620
61217087
61218662
61217594
61218541
61217186
61216585
61217540
61218549
61218506
61218514
61217303
61218680
61218628
61218714
61218548
61218685
61218561
61218722
61218673
61218813
61217666
61218868
61218882
61218343
61219014
61233308
61218687
61233135
61218745
61233361
61218812
61216833
61217260
61217956
61217327
61217063
61217124
61217052
61219023
61233468
61219036
61217231
61219079
61233359
61219112
61233317
61218406
61217250
61219569
61232554
61218762
61233385
61219192
61233804
61219303
61217308
61219463
61218965
61219500
61218862
61219540
61219467
61219700
61219575
61219764
61219803
61220012
61218815
61222542
61222472
61222633
61222587
61222680
61222627
61222768
61222130
61222811
61222272
61222923
61222703
61222867
61222387
61222958
61222899
61223073
61223143
61223151
61223098
61223280
61223186
61223214
61222717
61223281
61222948
61223482
61223327
61223564
61223419
61223833
61222904
61223511
61222825
61223677
61222985
61223779
61223018
61223805
61221730
61223832
61223300
61224128
61223214
61223933
61222763
61224141
61223616
61224345
61223759
61224382
61222300
61222745
61222398
61222774
61223463
61222805
61223394
61223621
61222637
61222875
61223967
61222128
61224201
61223782
61224532
61224222
61224735
61224471
61224720
61224626
61224797
61223873
61224957
61223927
61222878
61223198
61223825
61223717
61223176
61224094
61224952
61223810
61225091
61224187
61225080
61225092
61225315
61225057
61225242
61224798
61225406
61224717
61225456
61224829
61225640
61225659
61225749
61224967
61225672
61225025
61225518
61223454
61225574
61223456
61225598
61225032
61225747
61225191
61225774
61225320
61225810
61225426
61226086
61225829
61226003
61225283
61225906
61224046
61225943
61225442
61225959
61225358
61225947
61240456
61226083
61225398
61226199
61225500
61226164
61225652
61226155
61240589
61226102
61240831
61225311
61224342
61226173
61240329
61226144
61240588
61224424
61225890
61225006
61224459
61224590
61226453
61226537
61226629
61226450
61226276
61224546
61225059
61225643
61225059
61224723
61225003
61224773
61226730
61241178
61226719
61240740
61226660
61241076
61226939
61241377
61227699
61241673
61226974
61225105
61227151
61241630
61227075
61225024
61227241
61226504
61227401
61226646
61227345
61227302
61227557
61227494
61227645
61227524
61227722
61227602
61227763
61227458
61227998
61227453
61227977
61227216
61228095
61228002
61228050
61227382
61227932
61225899
61227071
61226092
61228145
61226080
61228185
61226087
61228178
61227403
61228378
61226190
61228356
61227544
61228420
61227701
61228409
61227720
61228401
61227658
61228626
61227838
61228612
61227981
61228676
61225804
61228108
61242354
61226743
61226603
61226897
61226760
61226814
61226697
61226857
61242667
61228657
61242875
61228604
61243151
61228620
61242948
61226975
61243282
61228843
61243408
61229249
61243571
61228241
61227248
61229319
61227238
61229482
61227355
61228382
61229591
61229470
61229556
61227835
61228360
61227824
61227496
61227864
61227995
61228451
61228024
61227933
61227627
61228511
61228046
61228772
61229788
61229709
61229843
61229276
61229859
61227849
61229977
61227862
61229942
61228038
61230037
61227986
61230045
61227951
61229348
61244571
61230255
61244458
61230217
61228212
61230391
61228378
61230353
61228289
61230543
61228271
61230511
61228297
61230476
61228422
61230526
61230003
61230511
61228474
61230602
61228908
61228620
61228217
61230410
61230646
61230501
61230844
61230819
61230973
61229534
61229476
61229296
61228939
61229315
61245030
61229409
61229118
61229213
61229069
61229523
61229133
61229389
61232824
61232584
61232712
61232672
61232264
61232571
61232317
61232597
61232261
61232541
61232416
61232660
61233140
61232692
61233196
61232708
61233281
61232721
61232313
61232569
61232581
61232718
61248772
61232978
61234698
61248530
61234464
61248802
61234504
61248606
61234586
61249283
61233958
61249147
61235464
61249189
61232966
61248988
61234776
61248878
61234868
61249078
61234935
61232997
61233130
61233112
61233365
61233152
61233430
61234040
61233415
61233007
61234136
61235250
61234305
61235317
61234162
61235388
61248853
61234693
61248607
61234770
61233016
61233207
61233251
61233700
61234365
61234048
61235484
61234704
61235678
61234569
61235807
61234316
61235768
61235718
61235866
61234409
61236040
61235420
61236155
61235524
61236202
61236038
61236390
61235870
61236551
61235776
61236655
61235974
61236706
61234340
61236687
61236083
61236651
61235836
61236708
61235985
61236700
61236186
61236888
61235980
61236795
61236057
61236834
61236124
61236754
61234720
61236835
61236269
61236813
61236828
61237127
61236859
61237041
61236820
61237128
61236686
61237343
61236544
61237281
61236856
61237300
61236225
61237058
61237515
61235455
61237501
61235430
61237698
61236947
61237786
61236987
61237620
61252167
61237479
61251468
61235796
61239382
61237181
61237472
61237423
61237512
61237640
61237630
61237485
61237718
61235557
61236764
61235917
61237056
61237977
61237951
61236893
61235918
61236872
61238113
61237977
61236352
61237395
61252197
61236451
61238281
61236485
61237720
61236117
61236485
61236323
61236573
61236312
61236595
61236301
61236629
61237003
61237616
61238591
61236588
61238665
61238047
61238715
61253218
61238792
61236736
61238833
61253309
61238743
61253095
61239701
61253365
61238910
61253306
61239070
61253685
61239151
61253467
61239264
61253838
61239403
61253500
61239326
61253585
61239502
61253779
61239467
61253654
61239470
61253704
61239519
61253727
61238066
61237778
61237671
61237842
61238006
61253870
61238214
61237768
61238551
61238058
61238458
61239045
61239698
61239931
61238187
61237617
61239792
61254346
61239661
61254146
61239704
61253928
61239757
61254170
61238095
61254528
61239946
61254478
61239989
61254485
61240005
61254331
61240219
61254829
61240472
61254440
61240440
61254798
61240202
61254784
61240253
61254555
61240159
61254407
61238535
61238391
61238770
61238325
61239074
61239611
61239179
61238669
61239133
61238671
61239080
61254853
61238871
61239858
61239202
61238746
61239362
61239890
61239477
61239656
61239727
61241227
61241328
61241387
61240623
61241382
61239382
61241302
61255317
61241082
61239250
61239698
61240247
61239786
61241588
61241293
61241481
61255694
61241521
61255726
61241345
61255352
61239605
61239539
61239987
61239630
61239869
61255536
61239749
61255749
61239960
61240177
61239111
61241359
61255343
61241135
61255959
61239794
61240583
61239845
61239639
61239922
61239727
61240151
61239980
61240177
61240140
61256341
61240231
61240318
61240864
61242150
61242035
61242247
61240108
61242280
61240226
61242266
61256361
61242189
61240319
61240545
61240410
61240780
61241294
61241235
61242567
61242414
61242521
61241784
61242516
61256512
61242326
61256344
61240573
61240333
61240781
61242665
61242582
61242797
61242036
61242735
61257244
61242655
61256660
61240774
61240753
61241135
61241790
61243015
61243056
61244250
61246307
61260998
61246461
61260616
61246312
61260506
61246342
61260472
61244845
61244588
61245101
61246831
61245868
61244854
61245482
61244997
61245674
61246897
61245669
61247156
61245956
61246586
61260909
61246519
61260601
61244720
61260567
61244909
61260837
61244997
61245014
61245471
61246089
61245628
61245358
61246185
61247394
61247414
61247493
61247321
61247608
61247041
61247564
61261966
61247411
61261353
61245609
61245489
61245625
61246367
61246079
61246655
61246681
61247986
61262062
61247632
61261928
61246240
61246275
61247176
61248188
61248173
61248232
61248162
61248344
61248256
61248343
61247541
61248444
61246315
61248350
61262665
61248140
61246233
61246561
61246423
61246607
61246770
61247655
61248916
61248936
61249282
61249103
61249261
61247560
61249211
61248710
61249251
61263271
61249250
61247260
61249410
61247561
61249439
61263195
61247860
61249508
61249363
61249623
61247610
61248666
61247548
61249685
61247988
61247999
61249261
61249317
61249409
61248918
61249500
61247361
61249451
61263459
61249299
61247467
61247950
61248105
61248811
61249793
61249866
61249668
61248961
61249539
61264007
61249374
61263846
61249400
61263547
61249491
61263528
61249579
61263675
61247859
61263656
61248290
61248226
61248871
61250269
61250169
61250214
61249830
61250241
61248190
61250259
61248301
61250283
61248287
61250415
61248276
61250373
61248483
61250537
61249800
61248944
61250810
61250752
61250889
61250220
61250957
61248934
61251014
61249038
61251023
61265186
61250895
61248833
61249483
61249286
61250238
61249206
61250230
61249085
61249621
61250135
61251234
61251638
61251410
61251616
61249450
61251635
61265617
61252316
61265664
61250093
61251309
61266029
61252180
61265613
61249963
61250141
61250980
61252043
61250474
61252036
61251401
61252045
61266075
61251787
61266341
61250289
61250087
61250545
61250632
61251197
61252469
61252499
61252383
61252375
61252645
61250615
61252391
61266961
61252400
61266439
61250573
61250525
61250658
61250466
61250797
61251428
61251801
61252680
61251677
61253001
61252829
61253000
61252403
61253136
61267420
61253080
61267357
61253028
61251934
61251652
61251587
61253413
61253325
61253207
61253416
61267796
61253319
61267567
61251788
61252487
61252743
61253712
61253197
61253797
61251705
61253942
61251821
61253931
61253971
61252496
61254089
61252076
61253834
61268189
61253734
61268017
61253788
61267959
61252236
61253131
61253384
61253382
61268099
61251897
61251811
61252381
61254176
61254216
61254196
61252711
61254431
61252448
61254354
61252284
61254302
61252515
61254612
61268693
61254389
61268478
61252940
61252662
61253186
61254848
61252684
61254054
61254649
61254938
61268897
61253609
61253662
61252970
61252912
61253794
61255693
61268948
61253383
61253610
61254298
61255208
61255111
61255197
61253146
61255141
61269438
61254958
61269529
61255070
61269593
61253638
61253625
61254625
61255688
61255465
61255588
61254872
61255402
61269732
61253747
61253333
61254459
61255836
61254321
61255945
61254013
61256039
61253993
61255291
61270449
61254212
61254178
61254489
61255038
61255129
61254791
61254686
61256471
61256247
61256343
61255890
61256448
61254439
61256467
61253690
61255832
61270236
61256206
61256597
61270447
61257054
61270403
61254632
61254536
61254963
61255572
61255582
61256866
61256681
61256815
61256351
61256847
61271272
61256747
61270944
61257608
61254845
61255426
61257177
61255579
61257166
61256408
61257233
61255248
61257341
61271321
61257107
61255278
61255363
61256224
61256416
61257524
61257406
61257618
61256953
61257682
61255505
61257527
61271600
61257221
61271518
61255624
61255549
61255760
61256648
61256061
61255827
61256056
61256528
61257040
61257998
61257104
61256141
61258040
61258129
61256982
61258193
61272178
61261668
61275972
61261724
61259933
61260272
61259895
61260298
61276053
61260280
61261147
61260557
61260685
61261083
61262385
61262288
61262401
61260364
61262430
61260109
61262110
61262216
61261961
61262498
61260488
61262400
61276947
61262282
61260464
61260778
61260555
61260941
61262729
61262629
61262643
61262546
61262683
61260595
61262894
61260693
61262719
61263084
61277266
61262711
61277135
61261186
61261215
61263015
61263206
61263106
61263267
61261087
61263249
61277342
61263220
61277192
61261603
61261659
61263486
61263599
61263099
61263585
61261486
61263593
61261499
61263548
61277941
61263454
61277592
61264347
61262081
61263289
61263679
61262140
61263539
61263957
61262780
61263269
61262029
61264027
61263276
61263769
61264144
61278606
61264225
61264323
61278403
61278465
61278449
61278718
61278819
61264460
61264501
61262525
61264556
61263644
61262618
61264601
61263135
61263393
61263463
61264137
61264716
61264354
61262663
61262067
61262770
61262606
61264967
61264771
61263823
61264001
61265105
61263041
61264953
61264077
61264597
61265107
61263076
61264209
61265492
61263362
61264914
61265276
61265654
61279876
61263842
61265555
61263453
61264061
61265777
61279527
61265562
61265671
61265116
61264745
61279543
61265477
61265748
61265247
61265471
61263789
61265180
61265137
61265708
61266096
61265517
61265907
61266145
61265709
61265941
61266216
61265767
61264188
61264388
61266250
61266325
61280533
61264359
61264610
61265845
61266036
61264379
61264838
61266623
61280913
61266262
61280307
61280611
61266537
61266623
61280266
61264499
61265963
61266357
61264586
61265003
61266743
61266748
61266671
61266730
61280609
61266576
61266603
61281130
61265738
61266675
61264757
61266333
61266770
61267032
61265055
61264133
61264857
61264901
61266833
61267098
61265293
61266277
61265184
61267178
61265307
61267274
61267294
61265226
61267461
61267448
61265341
61267359
61267520
61265373
61267470
61281432
61267223
61281352
61266731
61268272
61266533
61266749
61267734
61266584
61267945
61267974
61267982
61267224
61266828
61282165
61266048
61265597
61267725
61268086
61266110
61268174
61282522
61268062
61282501
61266336
61268409
61267280
61266519
61268227
61266395
61266819
61268484
61268342
61268626
61266510
61268522
61282614
61269155
61282897
61266702
61267443
61267640
61268942
61268605
61268838
61268945
61283167
61267178
61267354
61268818
61269105
61268395
61269043
61283080
61268880
61282877
61267253
61267952
61267917
61267304
61269128
61269142
61268507
61269275
61268561
61268387
61269072
61267051
61267520
61267053
61268680
61267857
61284170
61268171
61269973
61269281
61269831
61283947
61267961
61267766
61268581
61270108
61269588
61270084
61269484
61270004
61284083
61268387
61269113
61270226
61270272
61269615
61270330
61284617
61270092
61284185
61268465
61268222
61268385
61269276
61269588
61270498
61270329
61270521
61269736
61270543
61284662
61270309
61268501
61268976
61268162
61269765
61270675
61285256
61268848
61269309
61270851
61271009
61268883
61270960
61285078
61271688
61285301
61269304
61269085
61270381
61271495
61270683
61271415
61285600
61271165
61285640
61269589
61269280
61270451
61271633
61270486
61271868
61271059
61271857
61285958
61271568
61269787
61270187
61270808
61271099
61269509
61271618
61270956
61271828
61271064
61271055
61285939
61271661
61270625
61271854
61271898
61286267
61270103
61270000
61270431
61270247
61272071
61272187
61272128
61272224
61271511
61272280
61286346
61270318
61270263
61270577
61270612
61270956
61272512
61272418
61272681
61272536
61272724
61270630
61271996
61287085
61272681
61286895
61271118
61271063
61271392
61271256
61272256
61273326
61273085
61273321
61271185
61273251
61287263
61287697
61271827
61271472
61273464
61273478
61271540
61273668
61271652
61273684
61271708
61273709
61273825
61271662
61273662
61271745
61271984
61273862
61273397
61274028
61273285
61274140
61272079
61274111
61288196
61273939
61288062
61272504
61274217
61273696
61273952
61272185
61272547
61273144
61287770
61274506
61288291
61273838
61272047
61272436
61272324
61274234
61272285
61274355
61288759
61272498
61288477
61272624
61272635
61273399
61274668
61273835
61274588
61272551
61274634
61289103
61275206
61272701
61272859
61276549
61277830
61278988
61278795
61279085
61278913
61279058
61279066
61292953
61277871
61279326
61293464
61277487
61277264
61277658
61277381
61279280
61279339
61278680
61279358
61293608
61280021
61293491
61280082
61293718
61277656
61277608
61277957
61278106
61279570
61279809
61277608
61279636
61277525
61279721
61293728
61280317
61277723
61277973
61279929
61278698
61277897
61279933
61278380
61279997
61277997
61279999
61294498
61279922
61294302
61278219
61278425
61280297
61280236
61279499
61280228
61294539
61280137
61279991
61279617
61280205
61278206
61280248
61294771
61280321
61294409
61278790
61280719
61280697
61280796
61280722
61278660
61279806
61280842
61280276
61280810
61278801
61280902
61295062
61280798
61294985
61279482
61281130
61295222
61280734
61281175
61295516
61281030
61279327
61279625
61281399
61280004
61281487
61281342
61281479
61280715
61281474
61295761
61281278
61295458
61279753
61279158
61280438
61281695
61281030
61281783
61296118
61281959
61296261
61282162
61296061
61280325
61282140
61282051
61282161
61281314
61282097
61279989
61282072
61296383
61281917
61296246
61282885
61282337
61296671
61280884
61282536
61282459
61282627
61280562
61280873
61282616
61281080
61282595
61280499
61282392
61280407
61282620
61296803
61282432
61282129
61282253
61282516
61282121
61282709
61280661
61282721
61296956
61282473
61296625
61280921
61282856
61282606
61282797
61282057
61282751
61296579
61281196
61280998
61282880
61283082
61280953
61282210
61296902
61282947
61282797
61296978
61281498
61283262
61297307
61281471
61283218
61282652
61283285
61297476
61283071
61297585
61281636
61281534
61282435
61281523
61283435
61283463
61282849
61283431
61297631
61281550
61281918
61283470
61283459
61283697
61283504
61283576
61281410
61283572
61297770
61281763
61281598
61281954
61283680
61283532
61283693
61283007
61283712
61282186
61281829
61282226
61283939
61297935
61283781
61283869
61283435
61298101
61282224
61298007
61282525
61284163
61283789
61284206
61298480
61284078
61298091
61282424
61282507
61283067
61283687
61282008
61282663
61282389
61282820
61283597
61283631
61284864
61284665
61284907
61284854
61284958
61284184
61284913
61283010
61285120
61299606
61285840
61283430
61283640
61285415
61285307
61285410
61299128
61285195
61283750
61285596
61283422
61285390
61299454
61285282
61283436
61283898
61285731
61285510
61285764
61283704
61285606
61299738
61285488
61299599
61284179
61285906
61299994
61285726
61283624
61284641
61284070
61284974
61285884
61285376
61285910
61299892
61285706
61300078
61283976
61283859
61284146
61284253
61284717
61286217
61286147
61286257
61284059
61286105
61284043
61300736
61285093
61286299
61285647
61285355
61300666
61284426
61284378
61284724
61286440
61286316
61286576
61284389
61286592
61300332
61284866
61286520
61286226
61300522
61284472
61284400
61284821
61286643
61286338
61286499
61285834
61286716
61284550
61285732
61300650
61286437
61284629
61285118
61284584
61285931
61287111
61286774
61286887
61301520
61286749
61284968
61301451
61285870
61287220
61285091
61287099
61301690
61286954
61301290
61285597
61286256
61285833
61287508
61287633
61287634
61287050
61287592
61301992
61288337
61301611
61286063
61287975
61287460
61288027
61302147
61286137
61286169
61287921
61287983
61287256
61287903
61302323
61287734
61302393
61286377
61288240
61288194
61286068
61287994
61286165
61286336
61286034
61288050
61286596
61288408
61287671
61287424
61302530
61286430
61302373
61286691
61287629
61288724
61288871
61288713
61288908
61288072
61289071
61286816
61287335
61286886
61287689
61287073
61288811
61289050
61288676
61289342
61303734
61288988
61303433
61288732
61287591
61289322
61287362
61288668
61287815
61289357
61287564
61303820
61288370
61289286
61289640
61288783
61288512
61303391
61303954
61288434
61289832
61287682
61289851
61289918
61287962
61288308
61288124
61289927
61288325
61290110
61289400
61290198
61304686
61290008
61304277
61288439
61288570
61290373
61290435
61288306
61290379
61304775
61290220
61288490
61288569
61288425
61288948
61288588
61289060
61289588
61290748
61290960
61290791
61290901
61305236
61291559
61305132
61288868
61288844
61289241
61291128
61289770
61291042
61288964
61291154
61291107
61289093
61290239
61291224
61305333
61289346
61290087
61290054
61291418
61291020
61291444
61289761
61289569
61289209
61289855
61291598
61291193
61291587
61289543
61291626
61306061
61291515
61291900
61305806
61290098
61291873
61291417
61291910
61289822
61292145
61306127
61290069
61290089
61290452
61292226
61291734
61292188
61290157
61292142
61306454
61292300
61290520
61292452
61291801
61292396
61306847
61292186
61306352
61292305
61306897
61290853
61291515
61291561
61292750
61290686
61291896
61306982
61295722
61297651
61295494
61297595
61311653
61296046
61297799
61297425
61297620
61312102
61298270
61311912
61295861
61296040
61297655
61297816
61295690
61297893
61311754
61297642
61311786
61296111
61295506
61298060
61298132
61298137
61312008
61297056
61298342
61297561
61298290
61312536
61296587
61298396
61298315
61298398
61297682
61296133
61296602
61298165
61298230
61298246
61298496
61298019
61298364
61298827
61298690
61298727
61313174
61298760
61298881
61296478
61296863
61298799
61313271
61297169
61297031
61297367
61299227
61298022
61297253
61299891
61296960
61298182
61299391
61299397
61299517
61313852
61298410
61313492
61297738
61297585
61299614
61299564
61299444
61299689
61314047
61299434
61313669
61299075
61298120
61298969
61297706
61298188
61298983
61298663
61298671
61299987
61299335
61300013
61314262
61299868
61298227
61298611
61300276
61300179
61300415
61299754
61300342
61314786
61300282
61298327
61298823
61300512
61300391
61300549
61300124
61300688
61314947
61300381
61314877
61299045
61300809
61300538
61300846
61298693
61299539
61314826
61298882
61298858
61299502
61299793
61300801
61298808
61299770
61300901
61300218
61300858
61315025
61300743
61314700
61299103
61299874
61299719
61301216
61300420
61301101
61315111
61300967
61299029
61301217
61301196
61299258
61299367
61299721
61299462
61301583
61315585
61301524
61301661
61315468
61300260
61301661
61315561
61299945
61301634
61315914
61299750
61301730
61299860
61301489
61299689
61301380
61300175
61300528
61301762
61302126
61299699
61315999
61302035
61300115
61302054
61300026
61301571
61302679
61302267
61300154
61302465
61302318
61316293
61302462
61302935
61300519
61316760
61302497
61300467
61302592
61316452
61302574
61303143
61300655
61302547
61302752
61301490
61302769
61302688
61316903
61300998
61302787
61300750
61302546
61302859
61316674
61300868
61301264
61302245
61301067
61300459
61300836
61301482
61303093
61317284
61301401
61303308
61301190
61303294
61301297
61302079
61303363
61302698
61303280
61317293
61301379
61301030
61302848
61303381
61301316
61303467
61303430
61301433
61302460
61303662
61301692
61303670
61317711
61301844
61301553
61301950
61303724
61303815
61303812
61301700
61303780
61318043
61302190
61303900
61303874
61304018
61318118
61303610
61302790
61301945
61303840
61304218
61302740
61304306
61318669
61304027
61302270
61302517
61304380
61303941
61304355
61318618
61304362
61304322
61302493
61304207
61304482
61304606
61304563
61318829
61318621
61303914
61302866
61304627
61302675
61318792
61303457
61304628
61305027
61319277
61305017
61304774
61302901
61302851
61304739
61319171
61304854
61303747
61304744
61304289
61303353
61303412
61302878
61304287
61304063
61303863
61303498
61305084
61303448
61305333
61305488
61305520
61303308
61319605
61304994
61303868
61305378
61305592
61319431
61305623
61305787
61319805
61305647
61305578
61305912
61305079
61304883
61319999
61304143
61306099
61305841
61306098
61303962
61305823
61303780
61305313
61305782
61304930
61305943
61306159
61320093
61304297
61304516
61306328
61304242
61306228
61306833
61306116
61306563
61304416
61306029
61305669
61306561
61304572
61305799
61306749
61304583
61306505
61305558
61321177
61306726
61306852
61306953
61321414
61306064
61306854
61305872
61306813
61307076
61320979
61305453
61307190
61306466
61306880
61305011
61306051
61307209
61321360
61305657
61305422
61307239
61307373
61321632
61307070
61305238
61306537
61307447
61321635
61305926
61305530
61305547
61307526
61307548
61321841
61321876
61307620
61307578
61307792
61307896
61306764
61305863
61307863
61321895
61307975
61308767
61307884
61308347
61306421
61307278
61308232
61307147
61308220
61308648
61306716
61306531
61307932
61306857
61308255
61308557
61322902
61308355
61306985
61308719
61307542
61307154
61307018
61308734
61306693
61308750
61307550
61308755
61322997
61306931
61307722
61307761
61308981
61307938
61306702
61308017
61309192
61309371
61309219
61306764
61309245
61323027
61308218
61307212
61307539
61309504
61308732
61309595
61323813
61307711
61309735
61309033
61309645
61323622
61309370
61323466
61307733
61307701
61308788
61309773
61307589
61309686
61323877
61308018
61307501
61309771
61310007
61307817
61309941
61324248
61307965
61308757
61310081
61310057
61307877
61307981
61310249
61323479
61307751
61310111
61309884
61310007
61308082
61310165
61324217
61308597
61310388
61309800
61310486
61324473
61310286
61308478
61308766
61310634
61310628
61310687
61324656
61310442
61324816
61309079
61310894
61310116
61310735
61324778
61310604
61308809
61309860
61310868
61310226
61310958
61325398
61310762
61309928
61309995
61311142
61310354
61311230
61311286
61310837
61311332
61325371
61309435
61310251
61310123
61311432
61310773
61311440
61325543
61309662
61309252
61310268
61311696
61309567
61311524
61309582
61310054
61311839
61311643
61311828
61326265
61311693
61310920
61310631
61311706
61311917
61311156
61311727
61310239
61326166
61326334
61311918
61311986
61325995
61310438
61312151
61311390
61312122
61310081
61310865
61312309
61312329
61312049
61310100
61312766
61311188
61312231
61312566
61326348
61310815
61312549
61312004
61312493
61326825
61313105
61310444
61310916
61312653
61312433
61312594
61326830
61310929
61312762
61312569
61312778
61327146
61311161
61312802
61312678
61311305
61318367
61332797
61316431
61318504
61318082
61317543
61318428
61318666
61332587
61317217
61318642
61332494
61317767
61318728
61333162
61318559
61332737
61317244
61319158
61318333
61318133
61316911
61317801
61319086
61333496
61318944
61317044
61317951
61319441
61318948
61319225
61333155
61317721
61319492
61318789
61319412
61317518
61319550
61333878
61317543
61319543
61318077
61320962
61321155
61321289
61335705
61321198
61319482
61320029
61321865
61319766
61321613
61319781
61321128
61322089
61336430
61321117
61321697
61320838
61321845
61322288
61336647
61320356
61322654
61320473
61322533
61336711
61320903
61322616
61322071
61322622
61320772
61321832
61322889
61322149
61322188
61336890
61321357
61323118
61320941
61323051
61321075
61322096
61321285
61323286
61337672
61321336
61321512
61322819
61323473
61322883
61323393
61337365
61323272
61321556
61322456
61323376
61322340
61337525
61321965
61323753
61321525
61324443
61321328
61323710
61323772
61321680
61322624
61323817
61337921
61323076
61324187
61322098
61323833
61322910
61324203
61324313
61338283
61322727
61324498
61338939
61324079
61321994
61322941
61323609
61338811
61322743
61324483
61324502
61322262
61324488
61324628
61338741
61323029
61324769
61339179
61324576
61323605
61324816
61324983
61338808
61324723
61322918
61322566
61324450
61322556
61323014
61324791
61322805
61324693
61322834
61324198
61325204
61323089
61325015
61323132
61324533
61325457
61339306
61323840
61325728
61325210
61325412
61323426
61324603
61325696
61323481
61325684
61339593
61324009
61325495
61325778
61325236
61324725
61339740
61324033
61325770
61340207
61325604
61323745
61324948
61326002
61323879
61325956
61339974
61324291
61326103
61325635
61324480
61326295
61340654
61324702
61326337
61325268
61324431
61324817
61326584
61324761
61340900
61324640
61326569
61324462
61326408
61324648
61326679
61340768
61325838
61326703
61340779
61325083
61326892
61324680
61326541
61324658
61325946
61326955
61341242
61326782
61324896
61325663
61327160
61325061
61326339
61340983
61325685
61327425
61326750
61326278
61326977
61325079
61327069
61327101
61327465
61341940
61327173
61326471
61327553
61327666
61341991
61327478
61325735
61326217
61327967
61326028
61327949
61325880
61327053
61328011
61342588
61327900
61326980
61326060
61328246
61325979
61328399
61328239
61327575
61342624
61342639
61342382
61327795
61328467
61328349
61329061
61328309
61328759
61327472
61342423
61328741
61328216
61327828
61326720
61327102
61328952
61342636
61327687
61327206
61329108
61327022
61328455
61328866
61329141
61343503
61328232
61329346
61343505
61327750
61329463
61343571
61328181
61329483
61343464
61327954
61329698
61343764
61328541
61329702
61327684
61328369
61329784
61344146
61329543
61343965
61328142
61329927
61327780
61329641
61328909
61329884
61329994
61344047
61328013
61328165
61327904
61329504
61329969
61329698
61329077
61330429
61329952
61329963
61329752
61329892
61343730
61328210
61330088
61329316
61329522
61344250
61328486
61330142
61330048
61330254
61344183
61328691
61330353
61328371
61329073
61344520
61328587
61328664
61329141
61330502
61344397
61328576
61330553
61329960
61329569
61344625
61330644
61330497
61329006
61330726
61330785
61344744
61329000
61330983
61329379
61330846
61344712
61329280
61329466
61329309
61331238
61329102
61330949
61329090
61330365
61331299
61330699
61331369
61345680
61331376
61331229
61331614
61331394
61331486
61329496
61330379
61331654
61329576
61331461
61329437
61330812
61331749
61329647
61331748
61329703
61330751
61331885
61329783
61331685
61329952
61331135
61332086
61329957
61332806
61330259
61332143
61332194
61330589
61331740
61331901
61331973
61329970
61332055
61332185
61346506
61330767
61332490
61331780
61332458
61346892
61330964
61332599
61347296
61331252
61346614
61331121
61332957
61332262
61332877
61346825
61331182
61332940
61331465
61332948
61347105
61331342
61333120
61331120
61333732
61333171
61331079
61332354
61333199
61347510
61331633
61333346
61331207
61333345
61331403
61332294
61333520
61331337
61331742
61333431
61333634
61347839
61332369
61333736
61347972
61332089
61333802
61331741
61333633
61348054
61331982
61332404
61333715
61333828
61348190
61332286
61334095
61332133
61333854
61333030
61334231
61334398
61348630
61332682
61334470
61334274
61334558
61349153
61332578
61334709
61334516
61334605
61348712
61333012
61334725
61332596
61334676
61336506
61332669
61335337
61332532
61332743
61334346
61334873
61333132
61349027
61333261
61335059
61334367
61334181
61349036
61333469
61335226
61334661
61335270
61349194
61333674
61335414
61334803
61334478
61333399
61333919
61335632
61334970
61334672
61333661
61334607
61335843
61333704
61335527
61333916
61334266
61335805
61350143
61333879
61334103
61335879
61336115
61350071
61335844
61334087
61335215
61336200
61336178
61334180
61335002
61336301
61350279
61334447
61336397
61336207
61336464
61350679
61334634
61336587
61336388
61336606
61334444
61335789
61334967
61337306
61336945
61336283
61336677
61337116
61351018
61335674
61337099
61335021
61337091
61335275
61335519
61337310
61335157
61337251
61337328
61351156
61337485
61336482
61335393
61336225
61337578
61335468
61337193
61337507
61351596
61335733
61337729
61336991
61337700
61335730
61337049
61336081
61337735
61336169
61337935
61338061
61352145
61336150
61338130
61337355
61338207
61336033
61337159
61338283
61336243
61338255
61336299
61337538
61338485
61352820
61338196
61337249
61337328
61338549
61352813
61338254
61337371
61338547
61338705
61352643
61336890
61338744
61352524
61337404
61338740
61352882
61337626
61338859
61352863
61336783
61337223
61337217
61338738
61338893
61339018
61338329
61338777
61336873
61337342
61339133
61338441
61339125
61353052
61337406
61339889
61339524
61353307
61337859
61339636
61338821
61339485
61337611
61338760
61339670
61353974
61337793
61339770
61337641
61338153
61339927
61354225
61339700
61338877
61339907
61340218
61354142
61338798
61339023
61354139
61338262
61340020
61339361
61345942
61360242
61344140
61346075
61343922
61345834
61344962
61345930
61346026
61344026
61345488
61344506
61346253
61360153
61344249
61344504
61345445
61344244
61344977
61346402
61360788
61344473
61346549
61345351
61346661
61360745
61345071
61346770
61361099
61344742
61346968
61346383
61345913
61346898
61344844
61346882
61345074
61346288
61347139
61344884
61346961
61345219
61347265
61361374
61345582
61347593
61346956
61346462
61345400
61346662
61347756
61346928
61347663
61361974
61346221
61347832
61345775
61347714
61345817
61347944
61348047
61362406
61346067
61348205
61348132
61348313
61362159
61346639
61348523
61362183
61347535
61348684
61362933
61346837
61348667
61348166
61348648
61362534
61346919
61348034
61346301
61346773
61348633
61348562
61347587
61346557
61348473
61347789
61348570
61348853
61363164
61347165
61349059
61348247
61349136
61347064
61348236
61349058
61363430
61348840
61347930
61349171
61349192
61363383
61347640
61349401
61347190
61349177
61347140
61348115
61349465
61363720
61349454
61347819
61363859
61349468
61348544
61363869
61349595
61347610
61363924
61347516
61363547
61349588
61349776
61347633
61350524
61348676
61347705
61364423
61347804
61348316
61350056
61348063
61349870
61349015
61350154
61350285
61364510
61348548
61350275
61364712
61348414
61350463
61350247
61350343
61364582
61348640
61350569
61349995
61350584
61364451
61349707
61350824
61348790
61350610
61348754
61349665
61350953
61365264
61350689
61349903
61351192
61351114
61365260
61349483
61351168
61364450
61349503
61351192
61349083
61350504
61349083
61351170
61350498
61351055
61349070
61350042
61351282
61365521
61351089
61349257
61351595
61351537
61351628
61350420
61351716
61350478
61365654
61350962
61351855
61366128
61351678
61349871
61350377
61351891
61351226
61351978
61349687
61351978
61352040
61365994
61350145
61352160
61351933
61352162
61366366
61350470
61352207
61351785
61351332
61366174
61351188
61352167
61352451
61352534
61352013
61352533
61351469
61352625
61352663
61366861
61351005
61352667
61351981
61352450
61366725
61351090
61352854
61350725
61352873
61366725
61351243
61353028
61352425
61352935
61367164
61351393
61353178
61352437
61352985
61350793
61353149
61353194
61367569
61352932
61353296
61367306
61352180
61353386
61352618
61353049
61353141
61351182
61353080
61351155
61367445
61353567
61353594
61367395
61352651
61353678
61367893
61353423
61351591
61352114
61353804
61351795
61353605
61352736
61353614
61354084
61367894
61353692
61352789
61354003
61354055
61368301
61353889
61353034
61354170
61354181
61353072
61354245
61354269
61368484
61352614
61354447
61353644
61354245
61353291
61354517
61368629
61352749
61354438
61352360
61354505
61368973
61353032
61354779
61354045
61354703
61352808
61353780
61354864
61352758
61354540
61352881
61355071
61354193
61354980
61352881
61353689
61355114
61355221
61353221
61354838
61355112
61353796
61355445
61355346
61353342
61354569
61355503
61369851
61353601
61355626
61355259
61355423
61369669
61353878
61355567
61354803
61355374
61353542
61354756
61355755
61353308
61354298
61355678
61353620
61355735
61353516
61355783
61356022
61369868
61354022
61355970
61355093
61355641
61353425
61355956
61356055
61354001
61356033
61355038
61354171
61356106
61355983
61355213
61356370
61356541
61370725
61354811
61356671
61355494
61356076
61356414
61354977
61354612
61356510
61355608
61356911
61356935
61370891
61354917
61357004
61356540
61356948
61371433
61355049
61355387
61357124
61354912
61357619
61356024
61357010
61357147
61371560
61356909
61356013
61357221
61357382
61371397
61355576
61357481
61356891
61357494
61371682
61355418
61356602
61357643
61355253
61356805
61357838
61371967
61355823
61357824
61357788
61357912
61372127
61355922
61356769
61357809
61357976
61372215
61355865
61356432
61358053
61357525
61358099
61371983
61358167
61356415
61357812
61356949
61357502
61358023
61357089
61356953
61358314
61372844
61358145
61357270
61358365
61358673
61372627
61356729
61358502
61358449
61358405
61372373
61356802
61356984
61358790
61372933
61357126
61358839
61356720
61359397
61356776
61358037
61358896
61373190
61358658
61357803
61358891
61358993
61373205
61357010
61357601
61358993
61359144
61373619
61357548
61359387
61357209
61359255
61357323
61358218
61359446
61373854
61357316
61357707
61359470
61359675
61373581
61358014
61359668
61359611
61373565
61357895
61359752
61359029
61359875
61360330
61357590
61359956
61373897
61358267
61360001
61357824
61360592
61373811
61359155
61360243
61374434
61359927
61358095
61374170
61359658
61358532
61360454
61358386
61360350
61358491
61358936
61360768
61358721
61360268
61360712
61375152
61358741
61359032
61360688
61360819
61374972
61359041
61360959
61360317
61360847
61358680
61361060
61360996
61375573
61359293
61361249
61375672
61360994
61359279
61360428
61361444
61375744
61359295
61361392
61360795
61360462
61375463
61359705
61362270
61361604
61359836
61360484
61361614
61361863
61361256
61362567
61360842
61362060
61362176
61376319
61360542
61362228
61360140
61362227
61360083
61360891
61362367
61376681
61362096
61362395
61361760
61362345
61361356
61362372
61362482
61376639
61360889
61362602
61360575
61362535
61361558
61362721
61362810
61377148
61361179
61362892
61377404
61362289
61362680
61361075
61360816
61363075
61361243
61363155
61377181
61361394
61363176
61361026
61363496
61362168
61363208
61363393
61361173
61362627
61363142
61377274
61361606
61363470
61361296
61364013
61362333
61362955
61361907
61363665
61377835
61361928
61363644
61362880
61363523
61362507
61363640
61363770
61362585
61361656
61362470
61363542
61363841
61361544
61378286
61363856
61364539
61364001
61364129
61377912
61362024
61363706
61364113
61363255
61364265
61364405
61362313
61363636
61364624
61379010
61364356
61363556
61364654
61364743
61378982
61362883
61364828
61362603
61364539
61363616
61364707
61364745
61379008
61363149
61364985
61362760
61364672
61363824
61364918
61365055
61379270
61363294
61365076
61364339
61364859
61363960
61365123
61363096
61365196
61363091
61365123
61363219
61365243
61364312
61365490
61379566
61363624
61365604
61363502
61365377
61363518
61379734
61365643
61365738
61380049
61363222
61365380
61363800
61365971
61365910
61380088
61365720
61364749
61365837
61366004
61380144
61364408
61366145
61365949
61365584
61364646
61366321
61380485
61364331
61366462
61364442
61366529
61364546
61365784
61366718
61381035
61364926
61366752
61364887
61366549
61365701
61366758
61366809
61380848
61366658
61365813
61366724
61366853
61381133
61365311
61367219
61365035
61367095
61380902
61366108
61367395
61365092
61366739
61365328
61367233
61365233
61367094
61365259
61367625
61367495
61381649
61367447
61365897
61367583
61381897
61372622
61374287
61373669
61373980
61373225
61373181
61374426
61388593
61372518
61374498
61372461
61375062
61373406
61374459
61374671
61388665
61373003
61374812
61374006
61374622
61373630
61374745
61374732
61388585
61374729
61372143
61374529
61373987
61374582
61388680
61373845
61375126
61373119
61375142
61389101
61373665
61375001
61374003
61375091
61375410
61373421
61375487
61389481
61373596
61375648
61374922
61373905
61375597
61373344
61390019
61375161
61375523
61374600
61375879
61375883
61390074
61374320
61376177
61375957
61376019
61374029
61374549
61376334
61375624
61376333
61374285
61374805
61376593
61390928
61374541
61376665
61376507
61376630
61374613
61375912
61376771
61391088
61375133
61376993
61374816
61377471
61375767
61376941
61376982
61390976
61375248
61377163
61376512
61376864
61374909
61376167
61375882
61376978
61375476
61377098
61376484
61375184
61377304
61377492
61391776
61377248
61375709
61377501
61377590
61391316
61377591
61377348
61375860
61377714
61377803
61379503
61375267
61377216
61375539
61377301
61377728
61375636
61376417
61377821
61392125
61375930
61378084
61377320
61378049
61376032
61377178
61378115
61392495
61378062
61377115
61378329
61378295
61376367
61376488
61378457
61378273
61378637
61376481
61378444
61376284
61378164
61377861
61376612
61377663
61378794
61393351
61378727
61377876
61378943
61378665
61376994
61378018
61379104
61376924
61378938
61377399
61379117
61378970
61392972
61377425
61379288
61377077
61379154
61377171
61378392
61377579
61379446
61393613
61377682
61379494
61393757
61379209
61378320
61378341
61379429
61377364
61377419
61377521
61379457
61377233
61379325
61379690
61377714
61378549
61379872
61393908
61377998
61379845
61377766
61379806
61378742
61379755
61379916
61393913
61378735
61379995
61377965
61379699
61379890
61394018
61378200
61380081
61377976
61379220
61378029
61379342
61380340
61394518
61378316
61378204
61380340
61380582
61378439
61379298
61380774
61394811
61380558
61380713
61381077
61395019
61379385
61381112
61395065
61379477
61381242
61379143
61381239
61381352
61395699
61379665
61381429
61379378
61381113
61381498
61395645
61379816
61381550
61379345
61381267
61379425
61380362
61381682
61396050
61381293
61379560
61380317
61381783
61396048
61380193
61381858
61396098
61380001
61381879
61379838
61381768
61379813
61381187
61382097
61396459
61381748
61380700
61382317
61380225
61382308
61382349
61396394
61381290
61382472
61396697
61380690
61382568
61380569
61382506
61381514
61382656
61382673
61396685
61381732
61382828
61396666
61381770
61382064
61381222
61396854
61382609
61382526
61380601
61382734
61382764
61396830
61381169
61382865
61397291
61382651
61381892
61382768
61383051
61397236
61381441
61383103
61381066
61382866
61383093
61383406
61397722
61381642
61383594
61397675
61381357
61383320
61381845
61383304
61397197
61381715
61383400
61397762
61383183
61381098
61383566
61383539
61397775
61381943
61383779
61398018
61383391
61382540
61383774
61383774
61397863
61382055
61383768
61397626
61383805
61383861
61397916
61382871
61384008
61398119
61383815
61381956
61383306
61384165
61398391
61383730
61384154
61384159
61384499
61383319
61384413
61384427
61382434
61383116
61384589
61398615
61382858
61384688
61382661
61384533
61382650
61383905
61384979
61382850
61384776
61383072
61383525
61385060
61384701
61382753
61384641
61383721
61384812
61384952
61399299
61383512
61385174
61383059
61384984
61383851
61385265
61385214
61399426
61384234
61385413
61385079
61385460
61383416
61384568
61383717
61385718
61384517
61385304
61385711
61399627
61384385
61385834
61383657
61385545
61384772
61385788
61385874
61400140
61384322
61386086
61384844
61385319
61386543
61384916
61384807
61386021
61400137
61384386
61386264
61385572
61386133
61400169
61384564
61386298
61385714
61386258
61386616
61385882
61386515
61384396
61385620
61386680
61384551
61386775
61384580
61385361
61386781
61386899
61386955
61400684
61386166
61387110
61401472
61386995
61385507
61387262
61387263
61401091
61385667
61387356
61385380
61387139
61386270
61387331
61387471
61385457
61386732
61387642
61385528
61386974
61387138
61385041
61386617
61386127
61386429
61386372
61387449
61387524
61385483
61387128
61387408
61385590
61387214
61387518
61386670
61387638
61387883
61402068
61386209
61387898
61385775
61387914
61386378
61387531
61387805
61401783
61386438
61388202
61386086
61387947
61387045
61388112
61388201
61386136
61387085
61388345
61402662
61386392
61388424
61388498
61386756
61388589
61387645
61388801
61388801
61386995
61387957
61388102
61389059
61386659
61388813
61389103
61403010
61388128
61389193
61403291
61387408
61389265
61387136
61389885
61388090
61389157
61389195
61403509
61388232
61389567
61403538
61387530
61389561
61388378
61389397
61388718
61387418
61388591
61389630
61403680
61389445
61389555
61403554
61388520
61389894
61387615
61390354
61387832
61403422
61388069
61390049
61387834
61390586
61387790
61388903
61404412
61388073
61390269
61387993
61389881
61388985
61390148
61390306
61404737
61390038
61388268
61389534
61390624
61404794
61388795
61390494
61388416
61390290
61388795
61390687
61390465
61389593
61390705
61390872
61388715
61389143
61391009
61405269
61390690
61389829
61391057
61391109
61404953
61389454
61391256
61389192
61389653
61391274
61390128
61389927
61391308
61391467
61391448
61389319
61391207
61389733
61391150
61390689
61405541
61390560
61391779
61405809
61389994
61391872
61389889
61391621
61389782
61390785
61391874
61405779
61389969
61392131
61391291
61391739
61390891
61391917
61391968
61389927
61391055
61392074
61406409
61390148
61392338
61390119
61392670
61390961
61392049
61392261
61392045
61391348
61392193
61406309
61390573
61392337
61392071
61392486
61406660
61392281
61392322
61406379
61391483
61392630
61407040
61392437
61391517
61390648
61391661
61392774
61407058
61391202
61392905
61390967
61392674
61391237
61392890
61393057
61391030
61392189
61393030
61407155
61391272
61393231
61391054
61392840
61391472
61392981
61392216
61393115
61393377
61393481
61393240
61393473
61407760
61391688
61393521
61392901
61391832
61393644
61391590
61393400
61407544
61392102
61393812
61391713
61391831
61392343
61394056
61408271
61392350
61394063
61392026
61393986
61392069
61392987
61394124
61408588
61393958
61393113
61394314
61394455
61408697
61392769
61394431
61408718
61394166
61394479
61392492
61393171
61394695
61408814
61392790
61394842
61392716
61394625
61393705
61394745
61392635
61394689
61392539
61394451
61393477
61394293
61394654
61408632
61393232
61394921
61409049
61409398
61394246
61395303
61409467
61393611
61395321
61394267
61394880
61395163
61393112
61394155
61395465
61409355
61393872
61395725
61393827
61395371
61394475
61395539
61395607
61409491
61394008
61395748
61393643
61395582
61394635
61395873
61395959
61409862
61394947
61396106
61393916
61395876
61393942
61395254
61396243
61410315
61396389
61394682
61396426
61410362
61394877
61396183
61396547
61394922
61396110
61396756
61394701
61395664
61396938
61394908
61397598
61395405
61395580
61397036
61410958
61396156
61397266
61411217
61395505
61397389
61411279
61395522
61397509
61395226
61397223
61396255
61397354
61397474
61411740
61395662
61397546
61412007
61395764
61396939
61396322
61397529
61397652
61411493
61395864
61397772
61395759
61397675
61396755
61397782
61397988
61398680
61396264
61397981
61398091
61396125
61396947
61398372
61396170
61398369
61398366
61412645
61398030
61399197
61397346
61398251
61398547
61412570
61397061
61398835
61396759
61398469
61397893
61396804
61397691
61398979
61420784
61404744
61406591
61404616
61406425
61404858
61406179
61405379
61404650
61405647
61406880
61420972
61404828
61406952
61406349
61406900
61404915
61404986
61405016
61406710
61405078
61407024
61406919
61421407
61405329
61407333
61406613
61407092
61407271
61407412
61421128
61406649
61405704
61407345
61407545
61405435
61406932
61407652
61406445
61407349
61406429
61406430
61407753
61421849
61406163
61405928
61407857
61421692
61406948
61407940
61407751
61407318
61407213
61406002
61407250
61408183
61422641
61407939
61406502
61407871
61406607
61408314
61407329
61408338
61408314
61406385
61407433
61406985
61408606
61407121
61408312
61408640
61406548
61407524
61408712
61423183
61408478
61407603
61408759
61408879
61422899
61407190
61408948
61406863
61408710
61406509
61409028
61409052
61406936
61408201
61409169
61423198
61407333
61409193
61423408
61408217
61409413
61409445
61408343
61408938
61409599
61407411
61409610
61409706
61408012
61424158
61407894
61409874
61409137
61409747
61407822
61408630
61410103
61424310
61408376
61410065
61407840
61409803
61407718
61409616
61410064
61409051
61409795
61410156
61424416
61408509
61410222
61408219
61410056
61407920
61410272
61410412
61424240
61409520
61410556
61409876
61408111
61410037
61408693
61410277
61409974
61408803
61410660
61425103
61410575
61408922
61410778
61410969
61425023
61409260
61410973
61425332
61410780
61409860
61410903
61411040
61424916
61409828
61411352
61409004
61410916
61410041
61410308
61410961
61411274
61409145
61411173
61410253
61411142
61411406
61409365
61410490
61411574
61425520
61409861
61411697
61409592
61412237
61409674
61410957
61411474
61410752
61426105
61411363
61411722
61412062
61410084
61411924
61410370
61412205
61412154
61411046
61410283
61412102
61411081
61412445
61411435
61411422
61412627
61412661
61426629
61411468
61412863
61427161
61410866
61412839
61410710
61412636
61411039
61412493
61413511
61410873
61412210
61413120
61427530
61413029
61411650
61413306
61413334
61427319
61427014
61410968
61413085
61412413
61413628
61412066
61413575
61411492
61413565
61413774
61427794
61412037
61413869
61411872
61413505
61411724
61413834
61414009
61427936
61412176
61414054
61413457
61412365
61414067
61412050
61413322
61414378
61412193
61414378
61414371
61412186
61414416
61414505
61428288
61413293
61414526
61428844
61412631
61414581
61412527
61414402
61412554
61414693
61414836
61412665
61413790
61414874
61428809
61429145
61413754
61414985
61412797
61414189
61415160
61429536
61413200
61415201
61413123
61415035
61413252
61413799
61414528
61413306
61414489
61415460
61413335
61415250
61413581
61415344
61415573
61415595
61429612
61414300
61415779
61429956
61414070
61415957
61413780
61415737
61414796
61415857
61414172
61416032
61414972
61415889
61416077
61415510
61413868
61415831
61414343
61415455
61414205
61415130
61416272
61414255
61416375
61416576
61430692
61414833
61416638
61430738
61414932
61416834
61416066
61416836
61415772
61416830
61416827
61430723
61415374
61417132
61431467
61415305
61417220
61431555
61415363
61417211
61415242
61417842
61416239
61417402
61417485
61431705
61416340
61417614
61431537
61415949
61417720
61431942
61415722
61417769
61415820
61417535
61416249
61418026
61432148
61416909
61418019
61432043
61416313
61418002
61415913
61417875
61417162
61416121
61417219
61418132
61432426
61417812
61416991
61418100
61418141
61432314
61416455
61418456
61416183
61418847
61418357
61416228
61418116
61417367
61418407
61418547
61432599
61416900
61418616
61432924
61416588
61418688
61432876
61417445
61418942
61418438
61417943
61419271
61416708
61416773
61418290
61417170
61419078
61416871
61418831
61417874
61419013
61419050
61417044
61418261
61419358
61417332
61419220
61417087
61419255
61419391
61417285
61418021
61419494
61433613
61417829
61419542
61433901
61419579
61419367
61417882
61418933
61419730
61417880
61419727
61419693
61433521
61418903
61419936
61417874
61420007
61420045
61433801
61419098
61420070
61434168
61418250
61419315
61420307
61434523
61420053
61418507
61420348
61420468
61434830
61418837
61420587
61418574
61420418
61419509
61420775
61420748
61434517
61419800
61420822
61418884
61421391
61418692
61419716
61420252
61420826
61419933
61421075
61421222
61419028
61419901
61421309
61435489
61419708
61421319
61419306
61421153
61418952
61421342
61421444
61420700
61435549
61420414
61421029
61421420
61421128
61421367
61419299
61420233
61421658
61419481
61421406
61421700
61420510
61421502
61421789
61419727
61420911
61421930
61436217
61419973
61421981
61421303
61422048
61419905
61420901
61422261
61422218
61422370
61421615
61422009
61420442
61421931
61421430
61420273
61421333
61422533
61436399
61421488
61422591
61436923
61422422
61422827
61422296
61421747
61420631
61421620
61422919
61436822
61421693
61423080
61437233
61421247
61423039
61421002
61422939
61436934
61422378
61423346
61437692
61423119
61422131
61421290
61423392
61421570
61423571
61423030
61423532
61421598
61423115
61422229
61421877
61423854
61422008
61424530
61424118
61423453
61424086
61423091
61424131
61424274
61422127
61423454
61424265
61438549
61422549
61423908
61422837
61424052
61424127
61438163
61423497
61424380
61438433
61422599
61424585
61422572
61424416
61424719
61424108
61424949
61423906
61423616
61424833
61439209
61423446
61425173
61439671
61423285
61425200
61424170
61424837
61424356
61423705
61425353
61439369
61423651
61425501
61439727
61423788
61425549
61439733
61423646
61423980
61425619
61423620
61425504
61424530
61425676
61425785
61439702
61424979
61425933
61440127
61424244
61426101
61440066
61423936
61426224
61425994
61426063
61426078
61426254
61424096
61426216
61426254
61440126
61425389
61426436
61440699
61424737
61426501
61440549
61424795
61426583
61424448
61427202
61424678
61425792
61426776
61440925
61424961
61426904
61426184
61426653
61426969
61426235
61426676
61424823
61425944
61441408
61426315
61424738
61426957
61424872
61424884
61427117
61425004
61426742
61425240
61426424
61426114
61427003
61425898
61426996
61426269
61425068
61427215
61427260
61441564
61426391
61427424
61441642
61425786
61427154
61427539
61441469
61426694
61427662
61442099
61425907
61427785
61427160
61427527
61426155
61427449
61427675
61428240
61425874
61427799
61427912
61426807
61427898
61427939
61425922
61426799
61428104
61442421
61426401
61428299
61426224
61427908
61426202
61428209
61428346
61442406
61426516
61428424
61426397
61428156
61426596
61427852
61429068
61426593
61428017
61428437
61426618
61442566
61427014
61428401
61428762
61428698
61443002
61427180
61428814
61443070
61427286
61428996
61442958
61427306
61429033
61426904
61428867
61429348
61426992
61429163
61429375
61443424
61443231
61428795
61427433
61428575
61429146
61429384
61428763
61429191
61428322
61429424
61429564
61427485
61429248
61429660
61443494
61428032
61429793
61443856
61428070
61429862
61427944
61429559
61428824
61429840
61429840
61427850
61429885
61430019
61443851
61428963
61430053
61428012
61429942
61430135
61430335
61444598
61428334
61430359
61444382
61428718
61430527
61444670
61430345
61431100
61428164
61429873
61431097
61430628
61429523
61445142
61428830
61430807
61428743
61430590
61429697
61429555
61430820
61428765
61430827
61430916
61445284
61429350
61430988
61444923
61429374
61431159
61445121
61429203
61431156
61430494
61430939
61430067
61430827
61431251
61430238
61431254
61431466
61430355
61431422
61431463
61429422
61430694
61431655
61429620
61431770
61429563
61431475
61431352
61445967
61429857
61429746
61431818
61431883
61431754
61432067
61429938
61431775
61430352
61431443
61432154
61431240
61430377
61432303
61432272
61430967
61432310
61432413
61430276
61431162
61432536
61432575
61430815
61430379
61432390
61431246
61432537
61432698
61430651
61432852
61432938
61446729
61431246
61433157
61447369
61431351
61433229
61447180
61431530
61433226
61447561
61432988
61431140
61432708
61432464
61431379
61447698
61432908
61433335
61432412
61433229
61433640
61431524
61432318
61433647
61447817
61432806
61433722
61433826
61431727
61433802
61433871
61448140
61432179
61433943
61448271
61432305
61434015
61448356
61432449
61434210
61432910
61432092
61432118
61434277
61432352
61434053
61432167
61434344
61434358
61432317
61434386
61434454
61448796
61433623
61434656
61434263
61432280
61434270
61434583
61434752
61448800
61433189
61434803
61448784
61433590
61434926
61432792
61433525
61434878
61448736
61433573
61435046
61449195
61433312
61435046
61449072
61433285
61435094
61449198
61433381
61435217
61457922
61441959
61443734
61457747
61441997
61443734
61441554
61443493
61441330
61442352
61443877
61442826
61443463
61444274
61442498
61443418
61444655
61444080
61441919
61443946
61443110
61442027
61444127
61441851
61443814
61442302
61443534
61444095
61441886
61444296
61444119
61442051
61442832
61444284
61443083
61443846
61444188
61442195
61443048
61444391
61458486
61443356
61444613
61458481
61443497
61444377
61444690
61443953
61444524
61444762
61444220
61444596
61442484
61444795
61444898
61443838
61445007
61445045
61459414
61443449
61444482
61442990
61444503
61444224
61443243
61445281
61443195
61445264
61445326
61459165
61443733
61445497
61459608
61443880
61445644
61459692
61444027
61445770
61445697
61445845
61444080
61443772
61445849
61444042
61460096
61445894
61445759
61443915
61445894
61445917
61443998
61445829
61445963
61444992
61446073
61445244
61444193
61446285
61446316
61444313
61446347
61446457
61444363
61446464
61446577
61444580
61446546
61446614
61460517
61445947
61445650
61444965
61446822
61460765
61445762
61446795
61460698
61445658
61447079
61461144
61445075
61447076
61461704
61445246
61447199
61445094
61447006
61445491
61446654
61447078
61445662
61446930
61447239
61445813
61446870
61447390
61447724
61445563
61447662
61447724
61461775
61448022
61447889
61447928
61462246
61446201
61447996
61462161
61446448
61448157
61445857
61447030
61448475
61445830
61447015
61462346
61447345
61448350
61462187
61447117
61448443
61462598
61446832
61448572
61462523
61446918
61448743
61462846
61447037
61448683
61462976
61446901
61448969
61446601
61448465
61447542
61448609
61448760
61462935
61447852
61448962
61463090
61447420
61449082
61463450
61447366
61449202
61447175
61449013
61447648
61448730
61449195
61447764
61447766
61449270
61448257
61447181
61449687
61463638
61449536
61449550
61463333
61448675
61449694
61463864
61447957
61449670
61463996
61448056
61449841
61463837
61448173
61449924
61464266
61448043
61450006
61447945
61449857
61448548
61449451
61449888
61448325
61449981
61450169
61448077
61450276
61450341
61464156
61449153
61450348
61464206
61450399
61450519
61449346
61450092
61450513
61450085
61464378
61449149
61450389
61451258
61450715
61464639
61449778
61450878
61464961
61449911
61450899
61464590
61449139
61450924
61465248
61449029
61450985
61465344
61450205
61449376
61451140
61465331
61449349
61451089
61465021
61449516
61451410
61465270
61449735
61451383
61465291
61449681
61451472
61465330
61449736
61451524
61465920
61451262
61450339
61451109
61451416
61450541
61450176
61450905
61449653
61451773
61451856
61451736
61452028
61451216
61451671
61452049
61450009
61451870
61450980
61451607
61451966
61450382
61451631
61451963
61450468
61451906
61452333
61450394
61452381
61452279
61450354
61452451
61452462
61466466
61451008
61452742
61467002
61450882
61452753
61467299
61450752
61452862
61450763
61451789
61452914
61450972
61452997
61453048
61451184
61466734
61451057
61453091
61451156
61467329
61453263
61452440
61452158
61453294
61453297
61467491
61452203
61453482
61451420
61453489
61453575
61467868
61452040
61453715
61453720
61467867
61452089
61453925
61467886
61452069
61454073
61452069
61453855
61452244
61454068
61454208
61452092
61454188
61454116
61452126
61454222
61454233
61468530
61453406
61454401
61468211
61453120
61454486
61468556
61452821
61454606
61469061
61468701
61454122
61455360
61454814
61453991
61454514
61452903
61454276
61454661
61453212
61452774
61454727
61453239
61454358
61454673
61455044
61452945
61455002
61455074
61452955
61455092
61455020
61453963
61455044
61455003
61452880
61454203
61455215
61469209
61454268
61455294
61469226
61454343
61455478
61469465
61453516
61455475
61469834
61453468
61455496
61453818
61455011
61455152
61455269
61455575
61470077
61453714
61455924
61453699
61455485
61453728
61455933
61455933
61453991
61456158
61456121
61454008
61456141
61456107
61453987
61455697
61456836
61454262
61455545
61456257
61453953
61456182
61456322
61454086
61456227
61456446
61456519
61470537
61455556
61456639
61470814
61470782
61455534
61456716
61471027
61455198
61456836
61470988
61455222
61456962
61471204
61456815
61456741
61456857
61457191
61455106
61456878
61457191
61456492
61457025
61454811
61456687
61457019
61457431
61456660
61457211
61456291
61457173
61457529
61456390
61457399
61456645
61455427
61457465
61457540
61455505
61457714
61456690
61455598
61457810
61457738
61455595
61457759
61457930
61471974
61457079
61457996
61472286
61456331
61458146
61471912
61457149
61457808
61456392
61455982
61457673
61458049
61458287
61457941
61459066
61458523
61472311
61457181
61458656
61456468
61458588
61458533
61472556
61457413
61458647
61472440
61457519
61458835
61472572
61458011
61458921
61456835
61458932
61458802
61456938
61458898
61458990
61457916
61458918
61459066
61457930
61457637
61458960
61458091
61459117
61459107
61458193
61458584
61459077
61459396
61457136
61457988
61459181
61457710
61459663
61473633
61458032
61459732
61474152
61457874
61459823
61474025
61458137
61459758
61473920
61458141
61459854
61473856
61458100
61459936
61474111
61458384
61460244
61474633
61459142
61460186
61460239
61474397
61460378
61459126
61474743
61459642
61459375
61458322
61460275
61460492
61459277
61474763
61459826
61460549
61460446
61459801
61476452
61462097
61459469
61460517
61461733
61462271
61460363
61462075
61462379
61462562
61462346
61463471
61460609
61462516
61463039
61461975
61463042
61463097
61461080
61463139
61463242
61477505
61461615
61463329
61477702
61461321
61463561
61461381
61463242
61462493
61463519
61463710
61461618
61463663
61463752
61477712
61462952
61463848
61478011
61462217
61464042
61478364
61462025
61464207
61478203
61462494
61464402
61478332
61462419
61464340
61464650
61478596
61463740
61464650
61478958
61462889
61463936
61463617
61464599
61463835
61462719
61464839
61464928
61462914
61465000
61465024
61479020
61463538
61465251
61462948
61464911
61464052
61463896
61465164
61463109
61463951
61465366
61479351
61463690
61465475
61479680
61463693
61465588
61463408
61465251
61463228
61464279
61465474
61464685
61463219
61464968
61463572
61465391
61479859
61464078
61465740
61463570
61463800
61465846
61465136
61466421
61465966
61464956
61465514
61466109
61464970
61466061
61465420
61465152
61466294
61466284
61464267
61465000
61466452
61480496
61464859
61466593
61464392
61466355
61464219
61466123
61466403
61465088
61464995
61465775
61464550
61466697
61466780
61480923
61465067
61466753
61464750
61466611
61465811
61466851
61480906
61465349
61467011
61481325
61465319
61467104
61481336
61465233
61467203
61465002
61466863
61465079
61467229
61467243
61465202
61467322
61467462
61481293
61466232
61467537
61467549
61465512
61468178
61466375
61467090
61467421
61467453
61467817
61482087
61465909
61467900
61482238
61466046
61467975
61465846
61467693
61466088
61467375
61468583
61467341
61465569
61467743
61467822
61467959
61466724
61482384
61466994
61468183
61482044
61466559
61468221
61482727
61466491
61468327
61482770
61467891
61468354
61482573
61467715
61468509
61482591
61467204
61468560
61482963
61467522
61468659
61482939
61466930
61468677
61482981
61467011
61468728
61466610
61466714
61468787
61466849
61468594
61466847
61468960
61469137
61483068
61468147
61469303
61483327
61468315
61469248
61469231
61469401
61483359
61467712
61469497
61483664
61467661
61469548
61483397
61467770
61469528
61467450
61469362
61469696
61468914
61470234
61468685
61469602
61469719
61468434
61469520
61469818
61469963
61467834
61469746
61467559
61469965
61470088
61468871
61469023
61468103
61470066
61470331
61484495
61469439
61470475
61484717
61469146
61470537
61472216
61484594
61468293
61470396
61468297
61470287
61468453
61470571
61470763
61468650
61470784
61470852
61468811
61470982
61470897
61468856
61471078
61470993
61484882
61471003
61470107
61471217
61485248
61470152
61471385
61485424
61469689
61471481
61469256
61471469
61470275
61469424
61471333
61470529
61471504
61469657
61471640
61470729
61469739
61470912
61471822
61486037
61470307
61471918
61486273
61470345
61470268
61472231
61486706
61471828
61471514
61472520
61486639
61470780
61472493
61486876
61470756
61472565
61486880
61470913
61472684
61487108
61470958
61472777
61486816
61472209
61472111
61472997
61486940
61471071
61472207
61473095
61471153
61473184
61473348
61487417
61472456
61473540
61487498
61473455
61474204
61473610
61472987
61473417
61473422
61472462
61473622
61472630
61471492
61473621
61472222
61473532
61472382
61473025
61473441
61472449
61473311
61473516
61471836
61473909
61472948
61474019
61474108
61471899
61473028
61488517
61473133
61474275
61488399
61472876
61474538
61474605
61474627
61472600
61474434
61474782
61474196
61474623
61474925
61475015
61488984
61474947
61474403
61473672
61472898
61474733
61474863
61473015
61475294
61489159
61475263
61475331
61473252
61475423
61475403
61473464
61475523
61475728
61475572
61473564
61490228
61475707
61475714
61474770
61489811
61473943
61474232
61476062
61489960
61474349
61476038
61490061
61474304
61476233
61490380
61473986
61475011
61476091
61475158
61475811
61476115
61476551
61475761
61477095
61475394
61476047
61476348
61476610
61475924
61476280
61475110
61476448
61476752
61474643
61474692
61476450
61475755
61476804
61476335
61474485
61475822
61476789
61474682
61490841
61475985
61477167
61491470
61475728
61477351
61491604
61476442
61477122
61475658
61476896
61477293
61477486
61477717
61477822
61475681
61476516
61477757
61475712
61476530
61477958
61491914
61476239
61478157
61478076
61476995
61476600
61476869
61477309
61478403
61492512
61476653
61487921
61502395
61502005
61488101
61488067
61485845
61488074
61488367
61486200
61487506
61488174
61488051
61487206
61488003
61488461
61487476
61488342
61487789
61486540
61488595
61488742
61486701
61487861
61488959
61503046
61487229
61489044
61502901
61487287
61489027
61503270
61487304
61489335
61489193
61503566
61488465
61489426
61503617
61488286
61489570
61503671
61489412
61489488
61489705
61488855
61488666
61489648
61489631
61489899
61487808
61489641
61489279
61487405
61488588
61489723
61503530
61487999
61489454
61489876
61487814
61489811
61489876
61487835
61488851
61490057
61503960
61488338
61490123
61504471
61488293
61490192
61490254
61488111
61490159
61490141
61490505
61488325
61490237
61488533
61490153
61490619
61490839
61489465
61489656
61490798
61490788
61488771
61489825
61488905
61489201
61491178
61488976
61490799
61488663
61490757
61491118
61505080
61490025
61491252
61505059
61490373
61491128
61491492
61489363
61491149
61490277
61491376
61491516
61489512
61491464
61490016
61490749
61489957
61491793
61491870
61490717
61506117
61491813
61491717
61492030
61492038
61506184
61489962
61506635
61491747
61492054
61490425
61491705
61492000
61490779
61492468
61506475
61491533
61492619
61506626
61491492
61492448
61492833
61506700
61506273
61490637
61492419
61506757
61490630
61492661
61492597
61491451
61492391
61492668
61491697
61492809
61493024
61507365
61491557
61491288
61493142
61492228
61493364
61493313
61491296
61507888
61491567
61491866
61492674
61491199
61493199
61494207
61492675
61493384
61492079
61493618
61492671
61507947
61508370
61493170
61493799
61494149
61492033
61493819
61494063
61494493
61508517
61493035
61494675
61508294
61494610
61493670
61493710
61494688
61508858
61493847
61494866
61493620
61508879
61493682
61494957
61508903
61495052
61495120
61494913
61495226
61509534
61493414
61495506
61509481
61509662
61495276
61495279
61495592
61493411
61495425
61495738
61495617
61509917
61494981
61495984
61510157
61494975
61495960
61496029
61510347
61510354
61495927
61495920
61494391
61495534
61496985
61495341
61494023
61496006
61496242
61496448
61496278
61494688
61496433
61495072
61496013
61497296
61496609
61496833
61510969
61495275
61497087
61511437
61496459
61497075
61497233
61496230
61497205
61496056
61496247
61511377
61495503
61495245
61497582
61511933
61495676
61497581
61497699
61511602
61497794
61497723
61511602
61496490
61497882
61496224
61498030
61512164
61496474
61498163
61497959
61498180
61512401
61497243
61498204
61512011
61496086
61497596
61496500
61498487
61498447
61512645
61496436
61498553
61498633
61496277
61498048
61498373
61497501
61498165
61498643
61496981
61498940
61496878
61497699
61498940
61496872
61496856
61496879
61497240
61499040
61497064
61499003
61499316
61498142
61497114
61499128
61498256
61499016
61499245
61499349
61499699
61513685
61498725
61499710
61513615
61513668
61513826
61498291
61499422
61497262
61499545
61498832
61513972
61498548
61499946
61513834
61498668
61499997
61500137
61498897
61499506
61500074
61499160
61499896
61500368
61499178
61500132
61498338
61500435
61499210
61499362
61498493
61501218
61499614
61498753
61500665
61500927
61498863
61499032
61499414
61501062
61515406
61500027
61501158
61515244
61499541
61501377
61501310
61501510
61499360
61499821
61501534
61515800
61501521
61500035
61501655
61499446
61501618
61500898
61500609
61515934
61515994
61502086
61501936
61516199
61501283
61502179
61516031
61501328
61502224
61516165
61516223
61501688
61502194
61500847
61501890
61503124
61501371
61501460
61502063
61501866
61500473
61502617
61502809
61502697
61501185
61502211
61503587
61501811
61517358
61502196
61503044
61517112
61516872
61516918
61501780
61502927
61516821
61501632
61502917
61516935
61503040
61503070
61501159
61503242
61503143
61501218
61517191
61503394
61503572
61517390
61502636
61503634
61517740
61502746
61502100
61503730
61502095
61503282
61503737
61504064
61501911
61502117
61502332
61504291
61518428
61502493
61504408
61518602
61502692
61504552
61504584
61518591
61504683
61504635
61502495
61504615
61504584
61504503
61502991
61504069
61504500
61504789
61502704
61504575
61503159
61518716
61504960
61503252
61504965
61503026
61504972
61504565
61503095
61519305
61504505
61503316
61505389
61519484
61505426
61503732
61505308
61505573
61503635
61505353
61504583
61505073
61505743
61503744
61519931
61504017
61504125
61506191
61504099
61506025
61506263
61504515
61505675
61506171
61505251
61504910
61504541
61505873
61506207
61520332
61505195
61506479
61520796
61504814
61506575
61520817
61505023
61506749
61520989
61505197
61506653
61506987
61504925
61506197
61507209
61521342
61505654
61507418
61521336
61505787
61507449
61505446
61507256
61507593
61521651
61506731
61507641
61505616
61506449
61507713
61521592
61507340
61508114
61507940
61506880
61506464
61508115
61506976
61522064
61506037
61506210
61508310
61522798
61506569
61508289
61522429
61522539
61508451
61508465
61522392
61507499
61508660
61522467
61507568
61508705
61522527
61507352
61508777
61508953
61507704
61508176
61508696
61508827
61506842
61508754
61507938
61509150
61522973
61507931
61509281
61523120
61508027
61523899
61508397
61509307
61509620
61507491
61509352
61509665
61508979
61509550
61509884
61508758
61509435
61508404
61509879
61507811
61523979
61509395
61509897
61510244
61508094
61510006
61508446
61508139
61510051
61510463
61508211
61510072
61510580
61508307
61510246
61509299
61509867
61508950
61510553
61509568
61510109
61511341
61510763
61524903
61525007
61509978
61510987
61524805
61510050
61510960
61509762
61509971
61508994
61510855
61509908
61510698
61510951
61509095
61511208
61510545
61509200
61510315
61509505
61511301
61510327
61511340
61510766
61509490
61511600
61511603
61527312
61512854
61513465
61513973
61527565
61513094
61512081
61513818
61511705
61513927
61514022
61512887
61513407
61514728
61514185
61512069
61513978
61514393
61512353
61512410
61514483
61528770
61512719
61514552
61513210
61512770
61512466
61512834
61514691
61513527
61512658
61514519
61514832
61512700
61514781
61514550
61515388
61514513
61514945
61515093
61529114
61514177
61515093
61513310
61513054
61513254
61515279
61529581
61514465
61515375
61514270
61514902
61513597
61515640
61529575
61515445
61515825
61514168
61515779
61513799
61515881
61515847
61516232
61530396
61516140
61514404
61516189
61516269
61516352
61514188
61515716
61516259
61516548
61530391
61516005
61515005
61514516
61516589
61530753
61515373
61516592
61515583
61516024
61516631
61515060
61516752
61515220
61514676
61514972
61516901
61515652
61515804
61514884
61516844
61517157
61531567
61515513
61517226
61514959
61515780
61516793
61516084
61516461
61517562
61515289
61515636
61517616
61531450
61516812
61515524
61516036
61517762
61515663
61517646
61517553
61517815
61531933
61516926
61516278
61517611
61517978
61531674
61517943
61516174
61517743
61518370
61517958
61532258
61517144
61518282
61516091
61518204
61518929
61518403
61517486
61517760
61518477
61518336
61518440
61518801
61516705
61516848
61518849
61532611
61518664
61518544
61518884
61533120
61517144
61518956
61532838
61518744
61518864
61519009
61533104
61517299
61519135
61516899
61518875
61518824
61519119
61533208
61518016
61516901
61518837
61519201
61533491
61517848
61518368
61518240
61517464
61519495
61519548
61533712
61519504
61519082
61517368
61517400
61518390
61519568
61519376
61519761
61534099
61517721
61518131
61519766
61517653
61519854
61519632
61519996
61534187
61519880
61518288
61518005
61520225
61534382
61520290
61520153
61519192
61519825
61520164
61520528
61534850
61519916
61520248
61519694
61520645
61519550
61519984
61518802
61519194
61519075
61520881
61519690
61518111
61520469
61519559
61518115
61520017
61518814
61520852
61534696
61520035
61521011
61534930
61520997
61519891
61520960
61521383
61519016
61520770
61521285
61519210
61520964
61521082
61521511
61535828
61520509
61520559
61519817
61519500
61519796
61521495
61521733
61519342
61536065
61536118
61520166
61521930
61519759
61521735
61521714
61521938
61536310
61520211
61521975
61519811
61521845
61521821
61522038
61536373
61520472
61522164
61522029
61520026
61521642
61520358
61522317
61536300
61522215
61522242
61522903
61522614
61522667
61520490
61520646
61522548
61536433
61522612
61523382
61522703
61536878
61521188
61522901
61520839
61521661
61537229
61521763
61522894
61520805
61522480
61523613
61523070
61523116
61521228
61522534
61521243
61523319
61537473
61523340
61523343
61523420
61522315
61521582
61522707
61521402
61523533
61537775
61523642
61523243
61523770
61521640
61521936
61523880
61523887
61524032
61538319
61522343
61524107
61537938
61524042
61523857
61524150
61524202
61524162
61538518
61522737
61524258
61523174
61538526
61538561
61522310
61522926
61524262
61524647
61538374
61523641
61524530
61522833
61522556
61524390
61524754
61538729
61523617
61524778
61523649
61524274
61524644
61524957
61522673
61524994
61539284
61524033
61524943
61523838
61523085
61524025
61539334
61524359
61524258
61525338
61524158
61524630
61523318
61525514
61524289
61525527
61539591
61524692
61525659
61524497
61525092
61524718
61525545
61526002
61540247
61525841
61525834
61525920
61526090
61523956
61525577
61525860
61526173
61540313
61526036
61526023
61524524
61540138
61524204
61524260
61524406
61526410
61540433
61540170
61524980
61525353
61525416
61525428
61526529
61540860
61524634
61526658
61540349
61526311
61525688
61526577
61526777
61540720
61525902
61526692
61525710
61524755
61525134
61527480
61527112
61525956
61525028
61525222
61527202
61527183
61526057
61526499
61541345
61527247
61527062
61527252
61541365
61526437
61527059
61525512
61527435
61527655
61541563
61527502
61527313
61527564
61541872
61525872
61526051
61527707
61527491
61527972
61542128
61526805
61527780
61526234
61525378
61541706
61527690
61527642
61528027
61542197
61525834
61527194
61527874
61528115
61542357
61526860
61528756
61528199
61526268
61528320
61542103
61527100
61528139
61526212
61528528
61527255
61526596
61526676
61542535
61526599
61542564
61528605
61528111
61528789
61528492
61528497
61528896
61527010
61528960
61526898
61528498
61528754
61529169
61543112
61526946
61529058
61542952
61529020
61529807
61529213
61543119
61527999
61528213
61527765
61529331
61527658
61543794
61528034
61529507
61527510
61529131
61529363
61529772
61544079
61527936
61529344
61529448
61529737
61543993
61529823
61529576
61529852
61543839
61543848
61529911
61529791
61530053
61544312
61528741
61530010
61529917
61530288
61544404
61530226
61530223
61530245
61529331
61530429
61529180
61544887
61528700
61530492
61528273
61544449
61544593
61529787
61528923
61530732
61544773
61530698
61530725
61530891
61545020
61528722
61530464
61529101
61531139
61545058
61531037
61531013
61530301
61530978
61542006
61556272
61541093
61542033
61540949
61555900
61556477
61540086
61541227
61542191
61540539
61540190
61540363
61542364
61542447
61542465
61556937
61541390
61542458
61541353
61556534
61556806
61541286
61542588
61544380
61556498
61542283
61542419
61542615
61542698
61541497
61557000
61541000
61542785
61540600
61540581
61556880
61542784
61542592
61542881
61556928
61540760
61542896
61543051
61541408
61543049
61541917
61541048
61541272
61542748
61541508
61543213
61540957
61541124
61541447
61541537
61541699
61542981
61543660
61557699
61542492
61543650
61542429
61543048
61542595
61543824
61543779
61544017
61558314
61543049
61543876
61543879
61541964
61543890
61544090
61558346
61542319
61543089
61544065
61543975
61544258
61558661
61542511
61544258
61543961
61544250
61542083
61542184
61542566
61544532
61542412
61544272
61543252
61544212
61544391
61542903
61542510
61542929
61544888
61544845
61542977
61542841
61544142
61543295
61544930
61542817
61544492
61559284
61544939
61544857
61545146
61559199
61545204
61545221
61543617
61543196
61543772
61542970
61544763
61543428
61545517
61559338
61545466
61545447
61545714
61545479
61545829
61559798
61544144
61545857
61544731
61543869
61544100
61546056
61544008
61545671
61560091
61545483
61544661
61546237
61544901
61544140
61544330
61546478
61560601
61546560
61545502
61544572
61560468
61545092
61545455
61544816
61546787
61560570
61545549
61546543
61545796
61546840
61546968
61561066
61545677
61545167
61546877
61544833
61545954
61561540
61545818
61547174
61544802
61545237
61546522
61546739
61545571
61547353
61546248
61546768
61547117
61547251
61545725
61547644
61545459
61546000
61547322
61547649
61547732
61546535
61545608
61545955
61547833
61561736
61547744
61547803
61547158
61548619
61548076
61562014
61547043
61548004
61548699
61548212
61546429
61546080
61546352
61548206
61547998
61548404
61562506
61562501
61546569
61548309
61546145
61548207
61548189
61548660
61562902
61546484
61563025
61547611
61548625
61547520
61546665
61548620
61563010
61547516
61548821
61546929
61548226
61546999
61549069
61549152
61547090
61548533
61547365
61549191
61563223
61563613
61563621
61549290
61549410
61547308
61547479
61547755
61549203
61547870
61549758
61563725
61549830
61548857
61547746
61547798
61547834
61548171
61549733
61549995
61564330
61548248
61550091
61550123
61550227
61564149
61550066
61550210
61549023
61549662
61548903
61550435
61550164
61550539
61564418
61549226
61550485
61548743
61548881
61550573
61548505
61549097
61550484
61548969
61550050
61549895
61549818
61550781
61551019
61548981
61550906
61550909
61551171
61548658
61549066
61550748
61551045
61551307
61565325
61550602
61550757
61549826
61551662
61553283
61565399
61550282
61550106
61550698
61551563
61550482
61549589
61549834
61550003
61551809
61551913
61549800
61551827
61551752
61552116
61565968
61566032
61551755
61550248
61552321
61566320
61552194
61551446
61550370
61552467
61566415
61551605
61552430
61551400
61550422
61550817
61550921
61552497
61552882
61566960
61552666
61552714
61550962
61552939
61550781
61551575
61552682
61552944
61551079
61553107
61551930
61550938
61551357
61553163
61567464
61551831
61553112
Peak: 62186329
Average: 60761457.247930124
