0
120832
491349
826619
1558677
2141505
2632080
2999291
3502086
3880438
4351597
5219047
5394874
5739257
6197657
6686486
7129559
7368833
7777953
8335730
8752151
9031645
9348741
9581980
9919487
10690833
11127044
11706118
12424359
12734008
13075340
13555464
14365829
14760500
15403161
15791232
16302105
16522836
16654860
16894887
17063611
17228767
17517925
17906835
18060822
18282375
19579991
19404275
19582188
19688363
19690979
19930734
20118690
20262908
20430212
20837505
21356866
21776699
22167266
22702229
23237993
23503601
23955615
24270232
24433381
24581389
24741444
24939203
25150490
25422004
25827574
26132200
26629704
27007171
27612356
28301194
29147597
29739728
29921343
29926347
29929931
29943825
29947385
29974982
30548652
31234900
31480812
31735784
31901865
32076265
32299022
32395103
32461252
32523055
32580753
32738558
33170531
33214747
33768699
33849113
34346001
34560248
34636354
34683863
34697900
34741304
35049922
35209109
35749397
35877555
36282595
36753928
36824805
37080199
37769392
37985193
38379856
38379850
38379920
38379827
38243234
38694928
38894004
39077172
39139306
43132752
43196987
43459640
43488782
44080489
44139200
44204883
44279074
44338124
44360598
44439582
44473944
44528840
44593440
44659672
44667417
44903858
45115187
45201486
45644132
45849565
46104721
46691480
46827743
46884087
47081907
47183066
47340244
47512055
47585535
47665722
47983385
48120210
48362498
48565858
48693344
48952771
49220604
49269059
49487257
49392494
49529851
49633907
49775657
49937596
50189695
50317361
50356665
50382777
50408809
50436593
50516301
50512025
50715103
50794546
50876729
51078546
51418513
51555577
51862235
52114819
52474845
52650569
52958637
53243347
53713622
54329905
54516252
54605770
54687705
54712714
54735203
54877947
55016411
55060555
55113485
55579055
55848412
56048402
56457564
56924322
57008492
57226211
57431143
57512089
58543635
57895538
58026249
58176197
58264314
58478908
58585851
58461313
58563839
58681481
58997319
59762876
59883124
59967532
60033988
60093868
60136949
60301688
60345783
60918289
61844116
60904438
60957878
60754211
60757204
60760731
60762416
60764375
60764243
60766693
60767688
60768992
60770113
60770529
60769675
60771979
60775113
60776130
60778409
60777433
60777716
60778337
60780627
60781341
60781622
60780672
60783495
60783960
60784847
60783441
60786231
60785287
60785835
60788662
60789339
60789903
60788316
60789174
60790575
60792431
60794045
60795934
60797016
60795650
60798028
60796629
60798919
60799637
60800044
60800661
60799128
60801865
60800576
60802703
60802731
60803720
60802010
60804790
60803356
60805129
60806337
60806578
60807190
60805653
60810992
60809716
60811966
60812303
60812585
60813426
60812006
60814781
60813524
60816049
60816273
60815081
60817538
60818075
60818471
60818066
60820544
60821519
60819970
60822599
60822778
60823591
60821719
60822131
60827311
60827858
60826438
60829101
60827473
60829656
60829734
60830894
60830044
60831876
60831152
60833497
60833516
60833160
60832407
60834838
60835310
60833751
60836335
60836728
60834960
60837433
60837840
60836188
60841425
60841818
60840087
60841074
60843827
60843316
60843818
60841971
60844494
60844788
60843147
60845872
60845917
60846931
60845557
60848841
60848120
60848520
60849275
60848728
60851035
60850217
60850732
60849231
60851428
60854088
60855180
60853932
60857617
60855454
60856174
60857132
60855976
60859366
60857423
60858502
60858822
60858682
60859772
60859882
60860492
60859093
60861166
60859843
60863559
60861365
60862444
60861221
60863276
60862143
60866455
60865046
60867591
60866837
60866262
60868775
60868518
60869429
60868748
60868400
60870570
60870474
60871515
60871819
60870343
60870561
60875331
60873388
60876093
60872118
60876798
60875265
60877845
60875138
60876392
60878863
60877974
60877470
60879825
60879763
60880711
60879834
60883802
60881573
60884646
60880429
60885248
60882894
60883082
60883808
60883261
60882388
60884720
60884593
60885672
60884172
60886803
60887205
60885618
60890666
60891336
60890212
60891928
60890357
60895768
60893134
60893462
60893996
60892518
60897940
60895007
60895270
60893982
60896058
60894686
60897627
60897080
60898155
60902024
60898713
60902891
60899574
60900004
60900517
60901614
60907580
60904195
60903911
60904941
60903693
60909076
60905804
60904306
60906913
60907115
60905532
60907592
60906104
60908588
60907548
60907143
60908796
60909819
60909385
60910579
60910876
60909370
60909621
60911842
60914902
60915187
60913939
60915988
60915673
60916638
60916142
60915394
60915738
60922413
60917854
60918131
60919008
60923740
60917683
60924108
60920384
60919525
60919343
60925588
60921668
60921281
60922448
60921359
60921023
60922828
60926744
60925634
60927627
60927719
60926747
60927112
60934024
60929700
60928133
60930511
60930952
60929604
60931392
60937148
60932371
60932152
60933066
60932532
60932062
60932245
60939419
60933746
60932950
60935383
60935643
60937153
60937493
60944571
60939612
60939321
60940386
60940622
60941077
60940083
60939545
60941688
60940200
60942694
60942954
60941341
60941812
60941796
60942668
60942626
60944834
60951021
60945734
60943951
60946033
60944744
60949554
60956069
60950478
60950359
60951252
60950186
60951800
60950445
60958154
60952835
60959363
60953639
60952395
60954228
60952434
60954605
60961088
60954580
60955418
60956367
60956677
60955085
60955429
60963885
60957970
60958933
60962054
60968275
60962995
60962684
60962278
60964042
60962657
60962680
60964721
60965363
60965243
60966143
60966358
60966739
60964839
60965698
60967487
60974594
60967959
60975491
60968951
60968807
60969651
60969883
60970315
60972187
60971701
60971994
60981124
60975164
60981759
60975184
60973603
60975995
60976269
60976506
60975765
60977309
60975845
60975756
60977940
60985804
60978864
60978754
60979348
60977762
60987207
60978447
60980640
60980484
60979938
60980684
60991191
60982554
60984771
60982927
60983148
60985680
60985327
60986179
60985976
60986966
60987240
60987600
60986317
60995424
60988336
60996686
60989277
60989047
60990133
60990300
60990725
60989565
60989421
60990685
60990114
60990695
61000138
60995471
61004503
60997075
60995525
60997449
60999682
60997006
60997015
60999172
61007827
60999930
61008141
61000696
61009081
61000845
61000094
61002391
61002182
61003061
61002565
61001406
61002326
61002397
61004503
61013117
61007292
61006373
61008714
61009171
61009432
61007615
61010072
61010188
61010787
61009851
61011502
61010165
61009956
61012229
61021336
61013127
61011481
61013826
61013542
61014398
61014774
61013212
61013892
61013673
61015830
61016312
61018169
61019834
61018572
61018377
61019011
61018648
61019640
61019643
61021888
61031531
61022775
61022491
61023484
61022677
61024199
61022784
61024850
61023379
61034238
61025593
61035248
61026340
61024796
61027100
61025985
61030506
61030868
61030993
61030906
61031807
61031553
61033131
61031619
61031245
61033478
61033210
61034391
61034247
61035861
61035967
61036573
61035854
61034644
61035571
61047054
61036502
61038544
61038906
61039296
61039597
61039885
61041430
61041170
61041666
61041837
61044073
61054539
61044092
61043262
61045510
61055995
61046191
61044739
61046978
61046786
61047642
61047871
61048282
61047246
61048823
61049093
61049453
61049668
61050216
61049545
61048753
61052073
61053999
61053063
61054741
61054940
61055300
61054254
61055922
61054935
61056580
61054632
61057129
61057444
61057307
61058135
61057998
61058826
61058624
61059401
61058881
61058147
61058806
61058574
61060847
61072163
61061682
61062714
61063299
61063254
61064779
61066159
61065284
61066781
61066196
61065239
61066135
61065889
61066508
61068339
61068230
61069109
61068736
61070382
61081313
61070142
61081761
61070949
61082409
61071751
61083586
61072360
61086712
61074076
61074405
61074689
61074596
61075287
61075338
61076861
61078195
61077829
61078808
61079402
61080344
61080287
61081008
61081172
61081648
61081767
61082285
61080608
61082736
61094799
61083274
61095525
61083948
61096562
61087228
61099738
61088819
61100469
61088562
61100885
61089517
61087840
61090318
61089938
61090910
61090434
61091499
61091242
61092166
61090349
61092950
61092447
61093419
61093576
61093933
61093861
61094689
61094339
61095418
61095096
61098609
61098348
61099420
61099214
61100063
61100251
61100778
61100563
61102014
61114081
61102603
61114972
61102411
61115665
61102335
61101314
61102008
61101966
61102630
61104676
61105038
61105388
61104479
61106243
61105221
61106886
61109816
61110183
61109792
61110943
61110330
61111395
61111137
61111915
61110348
61112630
61110998
61113403
61111627
61112154
61112065
61113555
61113288
61114404
61115678
61114416
61114323
61116531
61130614
61117287
61131150
61120475
61134744
61121341
61119579
61122036
61121830
61122646
61122125
61123394
61123582
61124093
61123156
61124634
61123750
61125223
61139406
61125654
61139705
61124783
61140403
61126591
61126642
61127231
61127282
61128863
61129893
61146418
61131543
61131522
61131991
61132189
61132730
61132778
61133418
61134395
61134514
61136244
61135632
61136843
61136061
61137609
61136296
61137064
61136858
61138975
61152767
61138715
61153286
61138960
61136957
61139222
61138557
61141946
61141302
61141914
61155828
61141207
61142151
61141045
61142245
61140897
61142162
61156644
61142253
61140169
61141952
61156265
61140273
61156254
61142250
61156756
61141299
61156943
61142426
61156670
61142579
61140641
61142783
61140872
61142847
61142116
61142791
61142156
61142957
61142211
61142830
61142120
61143079
61142414
61142985
61142735
61143114
61141578
61142966
61142342
61143078
61142410
61143046
61142429
61143062
61141053
61143204
61140949
61143097
61141118
61141210
61157088
61141229
61157190
61143083
61157545
61142346
61143307
61143336
61143371
61143328
61143540
61143317
61143601
61143504
61143593
61142009
61141536
61141785
61157581
61143228
61143526
61143384
61143545
61142280
61143585
61142271
61143672
61142112
61141614
61143988
61143947
61143166
61144192
61142577
61144102
61142467
61143043
61142778
61144234
61143402
61144298
61143442
61145568
61144357
61145479
61145546
61145621
61145517
61145757
61145222
61145653
61145101
61145741
61145278
61145777
61145383
61145910
61145502
61146038
61145832
61146006
61145396
61146046
61145993
61146038
61145411
61146136
61144099
61146153
61145018
61144506
61144237
61144312
61160640
61146085
61144307
61144694
61144337
61144655
61144353
61144493
61144478
61146654
61146852
61145283
61146711
61146812
61146928
61146742
61146975
61146686
61147035
61146785
61146952
61160996
61146887
61147203
61147154
61147294
61161414
61147160
61161679
61147302
61161870
61147273
61161439
61147471
61161391
61145748
61145848
61145970
61145823
61146061
61146514
61146615
61147872
61146178
61145818
61145930
61147907
61147906
61148067
61147522
61147984
61147381
61147915
61147394
61148013
61147338
61148043
61147233
61147911
61147252
61147964
61145992
61147946
61161923
61147852
61146765
61146774
61148226
61147421
61148252
61146318
61148230
61162712
61148225
61162544
61148190
61162624
61148230
61162513
61148123
61162571
61148187
61162398
61148176
61162451
61148267
61162787
61148516
61146534
61148631
61146574
61148716
61146638
61149355
61162686
61148542
61162542
61146651
61162647
61148577
61163080
61146857
61146632
61147219
61147217
61148597
61148884
61146583
61147250
61146866
61147242
61149177
61148112
61150380
61150392
61150294
61148894
61150358
61148754
61150419
61150000
61150615
61148401
61150631
61164658
61148384
61164493
61150502
61149531
61149424
61150790
61150655
61150871
61149994
61150935
61148778
61149682
61150956
61150807
61150996
61150834
61151033
61149695
61151069
61165391
61151709
61164935
61149212
61149020
61149426
61149162
61149418
61149837
61151503
61151462
61165612
61151180
61165481
61151295
61165812
61151257
61165559
61150778
61151811
61150972
61151567
61166096
61151538
61165532
61150056
61151789
61149848
61150778
61166044
61151636
61166033
61151556
61165767
61149785
61149740
61149972
61149465
61150183
61151893
61150849
61151861
61150889
61152024
61165785
61151524
61165995
61151488
61166164
61151558
61165886
61151739
61166002
61150025
61149860
61150017
61165862
61150108
61149964
61150166
61150004
61150223
61150072
61150382
61166446
61152311
61152499
61151998
61152487
61166863
61151623
61167183
61152721
61167343
61151629
61167260
61152791
61150683
61152862
61152367
61153052
61167363
61151419
61150850
61152055
61153209
61153164
61153239
61152433
61153309
61152521
61153278
61151220
61153311
61151263
61153255
61151300
61153479
61151569
61153461
61151363
61153385
61167733
61153154
61167455
61151438
61167337
61151553
61167457
61151710
61152604
61151894
61153757
61152389
61153674
61153669
61153649
61168165
61153497
61167942
61153527
61153823
61153692
61154069
61153629
61151453
61153929
61152154
61153671
61169364
61154948
61153041
61153320
61153142
61153467
61153183
61153685
61153651
61154282
61155413
61153950
61155569
61155376
61155636
61153569
61155577
61169943
61154613
61170126
61155619
61169789
61155549
61169671
61155487
61170133
61155678
61170211
61155602
61153811
61154046
61153953
61154305
61156183
61153914
61156073
61170647
61155972
61170002
61154224
61154227
61154652
61156132
61155444
61156316
61155090
61156447
61156442
61156442
61155687
61156437
61154410
61156453
61170948
61156007
61170640
61156259
61154325
61154848
61154832
61154963
61156724
61156743
61156839
61156742
61156742
61155981
61156788
61154806
61156635
61154629
61156739
61171191
61155006
61156893
61156174
61156861
61154192
61154951
61154431
61155114
61156843
61156787
61156924
61156331
61156892
61154677
61155056
61155690
61155917
61156929
61156883
61157044
61155542
61156974
61155220
61155709
61157285
61156508
61157445
61156312
61157554
61156837
61157522
61156791
61157625
61155759
61157713
61155772
61157855
61172232
61157721
61172125
61157737
61155932
61156407
61156203
61157261
61157996
61172385
61157803
61172323
61157891
61172237
61157958
61172042
61157896
61172096
61157950
61172237
61156264
61156163
61156599
61156362
61157323
61158452
61156442
61158464
61172595
61158439
61172774
61158359
61172478
61156735
61156594
61158174
61158711
61173011
61158617
61173089
61157092
61156951
61157156
61156879
61157718
61157136
61158953
61158790
61159061
61156572
61157139
61157022
61157494
61157457
61158000
61159548
61159393
61159581
61157403
61158181
61159503
61159297
61159536
61159103
61159651
61159786
61159025
61159473
61157590
61158140
61159822
61160534
61161481
61161042
61161599
61175631
61159996
61159983
61160887
61161869
61161751
61161786
61161127
61161901
61176247
61161719
61176499
61161831
61176285
61160262
61160163
61160505
61160612
61161001
61162484
61162278
61162449
61161777
61162393
61160374
61162580
61160639
61162497
61176768
61160582
61160527
61160398
61162809
61162795
61160707
61162517
61162956
61160789
61161178
61162888
61177079
61162959
61161227
61162991
61160964
61161061
61162127
61163095
61162405
61162943
61177332
61163162
61163186
61161368
61162076
61177681
61163782
61162960
61162476
61163205
61161076
61162176
61177463
61162983
61177503
61161287
61161215
61161687
61161722
61162581
61163440
61163373
61163585
61162828
61163328
61161346
61163542
61177461
61163216
61177388
61161616
61161526
61162001
61161797
61177663
61162002
61162028
61162090
61163953
61163784
61163768
61163127
61163856
61161822
61163929
61177770
61161877
61161894
61162342
61163743
61162858
61163074
61164035
61164040
61163917
61164203
61162094
61164099
61178431
61162167
61164229
61178758
61164143
61178368
61162309
61163221
61162736
61162021
61163178
61164411
61163047
61164512
61163879
61164464
61163727
61163872
61164516
61178952
61162597
61162460
61163010
61164771
61164541
61164565
61162415
61164713
61162697
61164627
61179082
61162995
61164676
61164233
61164695
61163985
61164789
61179292
61164764
61178804
61163017
61163809
61163375
61165099
61164975
61165187
61163907
61165302
61179405
61164788
61178908
61163335
61163418
61164039
61165331
61165096
61165278
61164583
61164663
61165108
61164140
61163328
61165165
61179439
61163538
61165470
61164031
61165483
61163402
61165325
61163469
61165593
61179877
61165295
61179774
61163914
61165747
61165780
61165882
61165026
61165806
61163821
61165825
61180106
61164828
61180272
61166375
61180042
61165661
61164798
61165278
61166766
61181607
61167426
61182072
61167538
61181786
61167551
61181591
61167199
61166237
61168005
61167935
61168116
61167626
61168166
61168072
61182221
61166335
61167004
61167282
61168154
61168210
61168347
61165979
61166413
61166403
61166850
61168353
61168154
61168064
61166181
61166707
61166769
61167872
61168289
61182675
61168246
61182865
61166732
61166345
61167159
61168594
61168395
61168604
61166505
61168410
61166707
61168624
61166594
61168503
61182620
61168447
61166489
61166817
61166849
61168693
61168675
61168913
61166770
61168745
61183049
61168668
61182739
61167116
61167162
61169003
61169013
61168810
61169050
61168361
61169257
61183418
61168323
61183041
61168766
61183364
61168919
61183001
61169085
61183033
61169098
61183206
61169991
61169472
61183307
61169241
61183305
61167846
61167463
61167654
61168374
61168067
61167893
61168517
61169854
61169610
61169805
61169762
61169535
61169907
61169239
61169776
61167733
61169110
61169585
61169591
61169245
61170031
61167975
61170062
61184052
61170016
61184279
61168255
61168046
61168374
61170186
61184428
61168308
61184129
61170111
61184580
61170097
61184473
61168449
61169313
61169233
61170593
61169157
61170572
61170499
61170790
61168535
61169867
61185192
61170480
61168638
61169018
61170707
61170771
61170867
61170688
61170808
61170414
61169202
61170915
61168915
61171002
61185310
61169275
61169944
61170122
61171188
61171047
61171269
61169133
61171195
61185398
61171745
61185033
61170978
61185450
61169296
61169360
61169846
61169551
61169879
61171538
61170369
61171485
61171418
61171603
61169348
61171024
61185749
61170666
61171397
61169264
61170414
61171836
61171790
61171807
61171070
61171713
61185873
61171734
61172545
61171818
61185981
61171302
61171795
61186121
61170126
61170153
61170628
61169964
61186662
61170791
61172555
61172444
61172680
61170469
61172501
61186735
61173226
61186944
61170938
61171000
61171616
61172783
61172091
61172615
61170544
61172656
61186907
61172682
61187229
61173447
61186732
61171060
61171827
61171577
61173080
61172217
61172959
61186934
61172817
61186930
61173423
61175023
61188880
61175127
61175291
61189564
61174951
61175363
61189404
61173537
61175322
61175252
61175611
61173322
61175532
61189936
61175363
61189623
61173829
61173939
61174764
61175773
61174046
61175765
61190124
61176482
61189810
61174092
61175904
61174641
61175941
61173900
61175943
61190305
61175801
61190025
61174348
61174019
61174580
61176365
61176028
61173774
61176024
61189777
61176042
61176144
61190343
61176026
61174170
61174707
61176376
61176323
61176470
61174317
61176363
61190781
61176229
61174451
61174731
61176789
61175466
61176816
61176343
61176835
61191129
61174796
61176698
61174732
61191028
61175287
61176877
61176665
61176962
61174847
61176883
61190830
61175228
61177289
61177015
61177111
61176347
61176912
61191144
61175267
61175056
61191487
61175600
61177275
61191572
61177174
61191516
61175290
61175177
61175622
61177325
61177365
61177498
61176867
61177452
61175323
61177211
61175406
61175785
61177649
61177398
61177511
61175464
61177622
61191930
61177429
61191600
61175768
61177885
61177842
61177809
61175758
61177838
61192283
61177930
61192172
61177815
61191938
61176445
61178257
61191817
61177837
61177873
61176281
61178162
61177788
61178481
61176277
61178354
61192229
61176634
61176792
61177301
61178678
61178581
61178656
61178194
61178707
61176670
61178726
61193061
61177019
61176427
61177979
61179012
61178179
61179031
61193387
61178538
61193034
61177037
61177141
61178045
61178982
61176754
61178929
61193192
61178876
61193082
61178780
61192886
61178277
61177437
61179055
61179354
61177244
61178165
61179347
61179219
61179387
61193824
61177389
61177535
61177873
61179427
61179306
61179532
61177379
61178425
61193623
61177802
61179655
61193761
61179587
61179515
61178670
61179009
61179970
61179846
61179977
61177803
61179900
61181923
61193900
61195828
61209456
61193748
61210274
61196199
61210835
61196514
61211096
61196868
61198833
61197069
61197165
61197375
61197669
61197484
61197815
61197735
61197954
61197884
61197922
61197825
61198116
61196792
61198289
61198161
61198346
61198348
61198427
61198402
61198512
61197594
61198504
61197631
61198750
61198700
61198769
61197800
61198863
61197112
61198445
61199014
61198770
61198843
61198288
61198921
61198358
61198734
61196926
61197370
61198059
61197530
61197538
61198101
61199365
61199357
61199354
61198229
61199603
61200948
61200057
61200107
61201802
61216185
61200275
61200166
61200787
61202318
61201509
61201865
61216532
61202018
61216498
61201956
61216629
61200239
61202226
61216443
61200875
61201634
61201086
61201070
61201072
61202860
61201619
61202753
61201443
61200642
61200966
61216942
61202735
61201296
61202027
61201243
61202861
61202875
61202829
61202990
61202791
61203181
61203101
61203327
61202956
61203360
61202849
61203431
61203654
61202893
61203550
61201271
61203488
61201413
61203486
61201300
61203472
61217399
61217983
61203509
61217498
61203423
61217994
61203589
61218085
61204440
61217937
61203495
61201588
61201967
61202636
61202178
61218248
61202176
61201882
61202093
61202879
61202397
61202949
61203106
61204249
61204118
61204231
61204195
61203541
61204300
61203812
61204384
61202183
61204454
61202315
61204296
61203696
61204486
61202985
61204670
61204443
61204686
61203160
61204723
61202474
61204502
61218954
61204617
61219171
61204257
61218637
61203666
61204675
61218554
61203109
61204702
61204608
61204759
61203971
61202770
61202529
61202986
61204853
61203949
61204910
61204684
61204899
61204015
61204687
61204752
61219070
61204610
61219007
61205660
61219112
61205621
61218962
61204953
61219233
61205013
61202966
61205108
61204557
61205642
61203523
61204802
61205453
61203273
61205476
61203334
61205635
61203527
61205649
61203550
61205523
61205711
61203595
61205788
61203734
61205831
61205190
61205889
61206065
61205273
61205913
61204047
61206073
61220251
61205402
61204202
61206177
61204952
61206132
61206204
61206151
61206265
61206096
61206233
61204997
61206372
61205776
61206361
61206089
61206548
61205702
61206575
61205742
61206471
61204420
61206439
61220801
61205762
61204736
61206755
61204599
61206645
61204574
61206668
61204649
61206879
61204557
61205125
61205950
61204770
61206866
61207043
61206605
61207268
61204992
61207000
61221557
61205184
61207335
61221223
61206893
61205037
61205413
61205176
61205562
61205304
61205425
61205439
61205714
61205215
61206131
61207515
61206659
61205936
61206039
61206513
61206940
61207086
61205846
61206214
61206991
61207836
61207055
61207872
61207925
61208035
61208006
61208000
61207704
61208210
61222426
61206521
61206090
61206459
61206082
61222535
61207410
61208497
61206286
61208216
61222698
61208242
61222228
61206546
61206378
61206874
61208584
61208143
61208528
61208237
61208817
61206643
61208584
61206554
61207528
61206648
61208841
61223053
61208624
61223128
61208760
61222925
61208824
61222858
61208813
61223309
61208877
61223176
61208485
61209090
61207101
61209235
61207073
61209272
61207215
61207580
61207396
61209391
61207275
61211223
61226249
61212627
61226352
61211934
61226553
61210289
61210251
61210652
61210639
61210839
61210676
61211682
61212619
61211322
61212680
61211775
61210679
61212731
61210605
61212576
61226983
61212305
61226999
61210762
61210564
61210964
61211612
61211562
61213076
61211789
61213054
61212222
61213043
61211883
61213172
61212319
61213147
61213262
61227316
61211535
61212039
61211959
61213452
61213259
61213427
61211100
61213299
61211392
61213609
61211429
61213373
61211874
61212166
61227797
61213822
61213741
61213688
61228003
61213929
61213667
61212917
61213154
61213958
61214014
61227965
61213797
61227922
61212439
61211933
61212258
61211922
61212537
61212486
61211551
61214059
61213541
61214177
61212178
61214292
61212152
61214049
61212140
61212137
61214025
61228164
61212561
61228334
61214340
61228783
61214404
61228628
61214659
61228805
61214751
61229089
61215027
61215636
61229840
61215477
61229755
61213941
61214018
61214362
61215170
61216131
61216034
61216246
61215639
61216023
61215436
61216114
61214078
61216079
61230588
61214369
61216312
61214394
61215723
61216080
61230654
61216246
61214414
61214742
61214515
61214887
61230528
61214715
61230763
61214960
61215680
61215543
61216857
61215786
61216822
61216694
61216831
61216809
61217004
61216798
61216969
61216934
61216982
61217073
61217022
61217086
61217161
61217153
61217276
61216700
61217289
61215201
61217206
61215415
61217321
61215281
61215729
61216857
61217224
61216460
61217198
61215417
61217436
61231723
61217240
61231760
61215646
61216339
61215875
61215355
61216732
61217765
61217746
61217897
61217605
61217827
61218000
61232194
61216410
61218195
61216827
61218180
61218042
61218217
61218120
61218305
61217557
61218174
61232690
61217323
61232509
61219037
61232215
61218239
61232435
61218163
61232539
61218192
61232709
61218257
61232384
61216803
61216263
61217111
61216687
61217449
61218861
61218681
61218942
61218270
61218947
61217016
61217358
61219215
61232909
61218564
61219094
61233111
61217402
61217482
61217895
61219272
61219213
61219285
61233620
61219908
61233622
61217508
61219222
61219511
61219618
61219728
61219135
61219615
61233631
61233828
61217769
61218694
61219631
61219401
61217325
61218887
61217681
61219753
61234072
61219472
61233968
61219512
61234043
61218273
61218732
61219086
61220132
61219987
61220213
61219528
61220164
61218236
61220330
61218171
61220415
61218160
61220445
61218593
61220557
61234786
61220316
61234385
61218837
61218121
61234940
61218988
61220787
61219203
61220779
61218738
61220883
61218734
61220844
61234939
61220648
61219608
61218832
61220696
61234835
61219126
61218976
61219526
61219425
61219625
61219499
61220343
61221423
61219150
61221035
61219111
61220058
61221588
61221485
61221550
61220816
61221596
61235579
61221267
61235739
61221355
61220459
61235763
61220048
61221836
61220426
61221838
61221255
61220949
61219748
61220741
61221974
61221482
61221891
61221229
61221845
61219912
61221795
61222007
61224323
61224734
61222632
61224705
61222771
61224793
61239065
61224638
61239134
61224678
61225087
61238889
61223809
61225186
61223009
61225082
61239003
61225820
61223374
61239612
61224128
61225319
61225509
61225479
61224951
61225262
61223433
61225474
61225316
61225677
61239318
61223889
61223873
61225741
61225666
61224178
61225757
61225061
61225674
61239979
61225690
61239804
61225754
61239662
61225411
61239958
61223718
61223240
61224036
61223634
61223780
61225004
61226002
61225282
61225823
61240356
61225860
61240338
61226040
61240020
61225871
61240129
61224083
61224001
61224332
61240248
61226125
61240114
61224546
61224557
61225083
61226433
61226497
61226637
61226516
61224609
61226644
61224515
61225605
61225846
61226899
61226407
61226929
61224779
61226903
61240827
61226608
61240747
61226355
61227662
61241531
61227086
61241236
61226934
61241043
61226947
61241287
61225401
61226295
61227305
61227418
61227584
61227584
61227350
61227624
61225686
61226667
61241577
61227382
61227647
61227676
61226523
61225579
61226935
61242332
61227627
61242276
61227793
61242094
61227833
61242044
61226332
61225975
61226777
61228291
61227982
61228143
61228046
61227841
61227041
61228273
61227242
61228574
61226337
61228581
61227882
61228536
61243123
61228452
61242652
61228431
61242786
61228351
61243021
61228490
61242917
61226992
61226776
61227104
61226738
61227048
61226877
61227100
61228837
61228767
61228869
61228898
61226847
61228125
61243228
61228724
61242883
61228848
61229033
61228348
61227348
61229119
61227096
61227255
61229283
61243408
61229018
61243589
61229249
61227291
61227601
61227420
61227707
61227521
61227915
61229645
61229660
61229675
61227715
61229592
61229774
61243824
61228912
61229849
61227618
61229015
61243962
61227864
61227576
61243751
61229072
61229979
61228832
61230196
61228132
61229113
61244328
61229971
61228064
61228485
61229040
61229433
61228704
61230482
61228315
61230364
61244352
61228822
61228919
61229437
61230449
61229013
61230414
61230419
61230652
61229768
61230480
61244815
61230595
61244612
61230279
61244765
61228717
61230598
61244794
61230364
61244499
61228764
61228596
61228827
61228632
61229155
61228669
61229720
61230867
61230626
61230934
61228784
61230755
61229285
61230487
61230896
61230047
61229218
61231126
61229294
61230404
61245234
61229291
61245232
61229664
61231411
61231314
61231481
61231401
61229368
61231283
61245467
61229611
61230075
61231584
61231769
61230564
61231853
61229563
61231660
61245584
61231147
61229883
61230176
61231883
61231999
61229771
61231970
61245987
61231981
61245904
61230117
61229976
61230373
61232140
61230059
61230184
61232346
61230244
61230424
61232521
61246405
61230469
61231258
61232306
61232561
61232648
61232724
61232069
61232634
61246980
61232537
61230502
61246811
61231515
61232892
61232401
61233109
61247345
61232885
61230937
61231498
61233310
61233312
61233258
61232664
61233175
61233439
61247611
61231558
61231899
61232638
61233647
61233400
61233735
61231582
61233502
61233729
61233659
61233847
61231755
61231849
61233584
61248206
61231933
61232961
61234004
61234144
61248503
61233729
61234082
61232073
61232671
61234360
61234359
61234472
61248738
61232756
61232887
61233825
61232588
61234739
61232415
61234512
61248796
61232631
61233406
61248398
61234649
61234714
61232636
61235329
61232494
61236364
61238074
61237854
61237991
61235964
61236371
61238156
61252166
61236308
61236195
61237002
61236466
61238392
61238253
61238346
61236360
61238341
61252820
61237204
61236615
61238305
61238768
61238527
61238880
61252945
61239249
61252745
61236622
61237564
61238676
61237959
61238845
61238898
61252782
61237428
61239090
61236862
61238983
61253489
61239769
61237033
61237391
61239143
61253297
61237409
61237591
61239384
61239374
61237751
61238162
61238746
61239316
61239021
61237405
61239409
61253699
61239120
61253430
61239184
61253752
61239299
61253419
61239360
61237555
61237811
61237691
61238217
61239951
61238593
61240015
61239550
61239983
61237905
61239542
61239822
61237980
61238465
61240130
61239985
61240173
61254025
61239396
61238102
61238945
61240108
61240149
61239484
61240042
61254060
61240004
61240269
61238140
61238295
61239159
61239562
61240579
61240212
61240582
61238220
61240358
61254599
61239759
61238951
61240503
61254519
61238910
61240749
61240670
61240684
61240070
61240772
61255233
61240729
61254808
61240520
61239681
61254985
61239321
61241079
61254826
61241065
61241127
61239079
61241026
61255158
61238944
61239862
61241022
61241138
61255278
61241012
61240967
61240822
61255095
61241008
61241342
61255181
61239718
61239457
61240412
61241669
61241572
61241634
61241238
61241786
61255862
61241586
61255534
61239866
61255910
61240023
61240175
61240714
61242187
61241683
61242056
61256401
61241721
61241878
61239830
61241519
61241875
61256419
61240230
61242324
61240678
61241923
61242532
61241744
61241633
61256499
61240438
61240662
61242759
61256937
61243401
61257062
61240798
61241785
61241866
61243078
61242879
61243064
61242474
61242984
61241019
61243171
61241923
61241109
61242918
61240966
61241163
61243091
61243423
61241249
61242428
61257339
61243975
61257198
61241478
61241006
61243355
61243584
61243025
61243637
61242972
61243554
61257726
61243598
61258100
61244418
61257542
61241921
61241729
61242099
61243826
61258174
61242950
61243829
61243943
61244173
61242494
61244675
61243899
61244089
61241984
61244180
61258611
61244816
61258483
61244027
61258240
61242352
61242411
61242622
61244359
61243567
61244415
61243707
61244295
61243510
61244167
61258497
61244133
61244375
61242256
61242704
61244516
61244515
61244706
61243990
61244904
61242553
61244609
61258488
61242673
61242430
61258731
61243088
61244852
61244584
61244865
61242712
61244956
61244216
61244996
61258888
61244677
61242797
61242813
61243202
61244987
61243025
61245057
61243164
61245070
61243061
61245347
61245340
61243272
61243438
61246083
61259451
61245291
61259736
61243595
61243472
61243974
61243536
61243936
61243600
61245750
61244251
61245937
61245758
61246015
61245363
61246143
61244771
61244711
61246078
61245968
61246153
61244051
61244132
61246338
61244287
61246286
61260353
61246209
61260702
61246321
61260817
61246460
61244529
61244977
61246687
61260977
61246295
61260716
61244643
61244966
61246895
61246056
61246897
61261280
61247509
61260903
61245084
61244807
61245419
61246961
61247263
61245124
61247078
61261611
61247073
61261528
61247405
61247597
61245512
61247469
61261524
61247495
61261676
61247388
61261355
61245662
61247577
61247729
61247102
61261862
61247777
61247740
61246306
61247411
61245965
61248002
61246034
61247769
61262025
61248109
61248288
61262065
61248295
61248306
61247644
61248400
61262780
61248413
61246479
61248501
61262695
61248434
61246428
61246903
61246492
61246793
61246262
61246612
61248534
61248821
61246647
61248867
61246821
61247643
61248980
61248719
61249082
61246854
61249122
61246918
61249168
61263404
61248958
61263700
61249170
61263563
61248036
61249413
61247308
61249552
61247433
61248442
61263927
61249236
61263412
61247711
61263357
61247798
61247603
61247928
61253545
61251360
61251652
61252250
61253625
61251625
61253593
61268002
61253458
61267857
61253560
61267747
61252062
61251744
61252182
61253963
61253971
61268210
61254595
61268496
61254763
61268168
61254166
61268090
61252323
61252165
61252654
61251833
61253259
61254537
61254437
61254472
61254456
61254638
61253986
61254537
61269067
61254704
61268909
61252594
61252968
61252664
61254085
61254925
61255008
61253749
61254365
61253950
61269189
61254808
61253027
61253424
61255069
61255436
61255120
61253227
61254221
61254213
61253543
61254154
61254420
61255536
61255598
61255402
61255587
61255517
61255815
61253689
61255738
61270056
61255781
61253619
61255767
61269623
61255598
61255801
61255854
61255757
61255969
61255286
61255892
61270077
61256528
61269778
61255733
61253877
61254109
61253578
61254536
61254328
61254789
61254461
61254911
61256360
61256307
61256475
61254366
61254314
61256592
61270735
61256303
61256565
61270431
61254941
61256774
61254664
61256784
61257020
61254613
61256360
61256921
61271044
61256803
61270999
61255272
61255896
61255521
61255584
61257195
61257332
61255005
61256792
61257261
61255340
61257212
61271762
61257111
61271463
61257250
61271821
61257338
61255407
61255789
61257616
61255527
61256112
61257736
61271333
61255797
61255706
61257536
61257625
61257173
61257782
61257192
61257873
61255925
61257903
61255873
61257130
61272131
61255915
61257779
61258140
61257376
61258122
61256122
61258141
61256207
61257253
61272260
61258255
61272487
61256679
61258659
61256533
61258552
61272746
61258359
61256551
61256933
61257650
61257805
61258653
61258648
61258864
61256607
61258980
61257932
61273013
61258787
61273328
61258872
61273467
61257244
61257297
61258182
61259249
61259410
61258981
61259214
61273187
61258845
61259936
61257238
61257764
61259594
61259562
61259586
61258945
61260161
61259634
61259513
61259599
61258848
61259475
61257493
61259638
61273760
61259523
61273893
61259522
61259819
61257984
61259195
61259924
61274136
61258084
61258993
61258913
61259715
61259847
61257899
61258012
61258617
61260107
61259436
61260021
61274380
61260068
61274390
61260074
61274652
61259285
61274046
61258311
61260247
61259201
61260053
61260196
61258436
61260532
61260515
61258526
61259685
61274688
61260502
61258595
61259118
61259595
61259832
61260971
61260145
61260925
61258659
61260756
61258764
61260759
61275251
61258956
61259328
61261246
61260564
61261033
61275508
61260765
61275032
61260849
61274937
61259153
61259115
61275283
61260082
61261510
61259459
61260025
61275281
61261196
61259248
61275742
61259998
61261684
61275899
61260544
61261852
61262890
61263697
61261595
61263767
61278063
61263772
61278244
61262100
61261977
61262452
61262364
61263217
61264270
61278164
61263562
61263311
61263347
61278559
61262706
61264163
61278256
61262559
61263276
61263072
61264555
61264635
61278278
61263099
61264898
61264691
61264825
61262498
61264862
61262661
61263537
61278853
61264589
61262757
61262869
61262845
61263357
61263992
61263741
61265043
61263565
61263799
61265213
61263128
61263525
61265187
61265117
61265425
61265502
61263332
61264405
61279575
61264260
61265525
61279805
61263821
61263456
61265664
61265753
61265040
61265697
61279825
61265533
61263551
61265675
61265578
61265841
61279795
61265501
61263710
61264096
61266096
61265948
61265921
61265318
61265838
61264658
61263891
61264154
61265915
61265698
61266030
61265341
61266070
61264153
61266062
61280520
61266054
61280434
61264290
61265075
61265390
61266300
61266278
61266412
61265729
61266257
61280502
61266069
61266513
61264333
61265468
61266360
61264295
61264815
61266627
61266413
61266622
61264633
61265070
61266974
61266611
61266799
61281124
61266681
61280622
61266663
61280611
61265100
61265871
61266006
61266847
61266882
61267037
61265142
61266862
61267095
61281403
61267603
61281234
61265152
61264557
61266041
61267001
61267075
61267356
61266496
61267342
61267431
61281613
61267181
61281264
61265344
61266235
61266107
61267501
61266837
61267473
61265412
61267363
61281584
61267245
61265464
61267194
61266278
61265826
61267407
61267769
61281848
61267405
61281808
61267646
61281818
61265941
61265701
61266200
61267889
61267032
61266925
61267886
61265897
61267926
61282213
61266045
61266906
61270680
61270517
61271496
61272556
61272615
61286779
61271081
61272419
61272508
61271904
61272466
61286664
61272303
61286602
61272504
61272749
61287087
61271234
61272995
61272778
61273011
61287205
61273605
61270815
61271050
61286811
61271207
61271554
61272266
61273176
61272412
61272156
61273282
61273349
61273108
61273461
61271413
61273432
61287704
61272999
61271744
61271686
61272432
61273755
61271803
61273846
61288277
61273725
61271917
61272218
61271533
61274059
61274121
61273504
61274212
61274139
61288549
61273946
61272138
61272664
61274599
61274280
61274482
61272302
61274372
61272812
61273978
61272543
61272918
61272518
61273393
61274702
61274173
61274823
61289265
61274474
61289185
61274565
61272747
61273106
61274945
61274834
61274944
61274901
61289239
61273383
61275192
61275191
61275307
61273055
61273386
61275454
61275210
61275245
61274463
61275243
61289509
61273743
61273535
61275392
61274942
61274411
61289818
61275167
61289821
61273807
61273283
61275724
61275826
61275825
61289609
61274763
61275828
61275632
61275718
61290173
61275549
61290291
61275766
61275881
61273952
61274921
61276295
61275507
61275188
61276364
61290705
61276003
61290115
61274664
61276356
61274632
61275789
61274402
61276556
61275768
61275425
61290979
61276331
61290515
61274824
61276657
61276577
61276358
61276743
61290726
61274745
61274646
61275816
61277049
61275322
61275094
61276924
61275723
61276496
61276913
61291125
61275101
61274635
61274941
61277067
61277105
61291304
61276912
61291459
61275144
61275389
61277369
61276605
61277391
61291307
61277249
61275315
61275913
61277377
61277597
61291404
61275836
61275820
61277548
61277685
61275586
61277557
61291636
61277516
61277770
61277091
61277964
61275536
61277054
61277954
61275852
61278011
61278136
61292477
61276549
61278372
61276784
61278323
61292306
61278130
61276106
61277501
61278483
61276285
61278382
61292504
61278210
61292298
61276679
61278464
61292610
61277018
61278755
61278285
61278931
61293106
61276681
61292529
61276889
61278743
61277764
61278164
61278708
61292996
61277108
61277828
61278191
61278807
61279243
61278482
61278975
61279373
61279279
61279499
61293762
61279162
61293284
61277500
61279282
61277705
61278906
61279518
61293533
61279579
61279620
61277501
61277973
61279710
61279165
61279726
61294163
61279512
61277598
61278094
61279783
61279860
61279898
61279260
61277909
61279673
61277727
61279977
61280224
61294422
61279962
61294321
61279995
61278023
61278406
61280119
61280179
61280251
61278061
61280120
61294332
61280168
61280004
61278708
61279229
61280600
61280058
61280448
61278609
61280515
61294895
61280343
61278460
61278884
61280693
61278586
61280757
61280597
61294662
61278836
61279001
61280740
61280928
61280119
61280824
61295217
61280543
61278724
61278822
61279701
61279979
61280035
61281123
61281311
61279063
61280948
61295183
61279484
61281355
61279304
61280297
61281506
61280940
61281600
61279608
61281599
61295420
61281520
61281435
61280590
61281596
61281705
61295699
61280363
61281590
61295516
61281418
61279688
61280133
61281911
61280535
61282001
61279842
61281976
61279884
61281968
61296584
61281736
61282061
61296133
61280433
61282228
61281348
61282268
61281721
61282278
61295952
61296349
61280755
61282132
61281335
61281551
61282574
61280400
61281640
61282396
61296621
61281204
61282283
61280601
61281625
61282834
61282737
61282850
61296849
61282612
61297221
61280927
61281791
61281797
61283006
61282351
61281146
61283061
61297228
61282773
61296874
61281231
61283210
61283151
61283203
61297353
61282892
61283124
61281310
61283361
61283453
61281337
61282472
61297708
61281560
61282520
61283632
61283694
61283573
61283710
61282936
61281898
61283718
61297651
61282073
61281805
61283016
61284052
61283866
61284068
61297974
61283918
61282384
61283933
61283165
61283934
61298245
61283765
61284024
61282096
61282193
61284108
61281962
61282362
61284126
61281562
61298544
61283487
61284248
61284313
61298600
61282453
61283398
61283096
61284521
61298754
61282274
61282741
61284550
61284002
61284443
61298600
61284373
61298845
61282629
61282605
61283104
61282755
61284696
61284857
61284072
61284828
61299358
61285560
61282838
61284562
61284934
61283994
61285235
61285198
61284701
61283581
61283195
61284186
61285307
61284488
61283261
61283107
61285554
61284428
61283580
61284513
61284941
61285541
61285770
61283539
61285745
61300107
61285610
61299830
61283818
61283895
61284861
61285857
61286062
61285989
61286048
61300407
61286004
61286240
61300356
61284338
61284432
61284876
61286465
61285686
61286364
61300292
61286932
61284196
61284784
61286473
61286635
61285880
61286349
61284442
61285175
61286801
61285938
61286520
61284466
61286543
61288437
61285780
61286536
61284640
61286280
61286615
61285671
61290496
61291541
61291648
61291782
61291058
61291727
61291607
61291989
61289904
61291717
61306209
61291880
61289973
61290421
61292134
61291541
61292198
61306185
61291861
61306268
61290212
61290320
61292246
61306444
61290170
61292133
61306168
61291379
61292612
61292098
61292635
61290469
61292617
61306908
61292397
61290541
61291013
61292702
61292157
61292718
61290565
61292532
61306680
61290955
61290964
61292623
61292685
61307191
61292141
61290928
61291104
61292784
61293041
61290775
61292848
61307269
61293757
61290711
61291415
61290703
61292395
61293383
61292697
61293471
61307202
61291323
61292334
61291381
61292293
61293609
61307543
61293354
61291420
61291943
61293656
61293433
61293558
61292083
61293593
61292515
61293483
61293695
61291635
61293838
61307903
61293845
61292130
61293987
61293202
61292958
61308003
61293806
61291980
61292374
61294087
61294065
61294271
61292148
61292133
61294329
61292138
61293324
61294452
61293832
61292664
61294470
61308853
61294215
61294440
61308618
61294624
61294716
61308581
61292763
61293648
61294661
61294846
61292729
61292800
61294846
61292504
61293379
61295065
61294464
61295135
61309162
61293347
61295218
61295295
61295268
61293067
61295113
61309592
61295081
61293300
61294702
61294120
61295401
61309379
61309720
61294251
61295406
61294771
61295377
61309574
61295372
61294432
61295472
61295424
61295713
61310123
61295509
61309773
61294019
61293728
61294251
61293683
61296017
61296031
61310134
61295498
61294207
61295907
61293997
61296026
61294015
61294525
61296085
61295970
61296104
61293900
61295123
61310224
61294310
61310290
61296167
61296224
61296558
61296009
61296624
61310868
61296374
61310918
61294705
61295617
61295870
61296719
61296646
61296762
61294708
61296665
61311027
61294907
61294760
61295176
61296784
61296612
61296492
61296907
61310994
61297136
61297123
61311159
61295571
61297311
61311461
61297094
61311522
61295330
61295285
61296735
61297410
61297341
61296442
61296706
61297739
61295658
61297737
61312186
61297616
61297803
61297931
61311975
61295947
61296267
61298009
61297982
61295904
61298047
61297906
61298120
61297626
61298067
61312271
61298059
61296203
61296624
61298296
61298301
61298384
61312698
61297522
61298507
61312572
61296839
61298528
61297140
61296956
61298436
61298755
61313141
61298511
61296757
61297127
61298912
61298859
61299129
61299059
61298394
61298402
61313389
61299154
61297559
61299221
61297170
61299315
61313746
61299170
61313309
61297655
61298502
61298831
61299792
61299244
61299784
61313965
61299598
61313896
61298619
61298455
61300168
61299206
61299163
61314028
61298129
61298821
61299001
61300234
61299688
61300145
61299651
61300249
61299093
61314277
61299447
61300524
61298242
61300417
61314752
61300385
61314470
61298940
61300547
61314599
61299066
61300773
61300519
61300803
61315114
61300490
61298644
61299242
61300904
61299416
61300923
61314983
61315164
61300959
61299625
61300957
61314834
61299267
61301326
61300919
61301144
61300602
61301135
61315248
61300956
61301006
61300957
61314965
61299480
61301271
61299745
61301239
61315372
61300812
61301078
61300107
61301308
61301383
61299295
61301453
61315565
61301305
61315641
61299849
61299284
61301483
61301620
61300913
61301594
61315782
61301353
61299470
61299942
61301631
61301438
61301671
61299712
61301707
61315754
61301466
61301728
61315727
61300159
61301886
61299760
61301860
61315712
61301539
61300138
61302077
61301478
61301761
61300174
61300894
61302138
61301370
61302037
61316399
61301841
61300009
61301108
61302218
61301885
61302338
61302191
61316441
61300403
61302311
61302303
61302501
61316731
61301708
61302289
61300330
61301773
61302659
61316734
61301695
61302656
61316971
61302439
61300607
61301205
61302781
61302582
61302794
61302888
61300649
61302524
61302871
61300290
61302725
61303077
61302412
61303206
61303320
61301129
61303228
61303314
61301164
61303205
61317415
61301581
61302271
61303458
61303493
61301534
61303592
61302678
61317464
61303712
61303681
61317968
61302016
61301475
61303776
61304015
61303395
61303932
61318007
61302876
61303502
61302756
61302596
61304110
61301920
61304000
61318287
61303780
61302026
61302552
61304088
61303540
61302273
61303133
61318057
61302639
61304202
61303492
61304146
61318481
61302412
61304413
61304223
61302628
61304341
61302276
61302813
61304526
61303823
61304521
61318593
61302493
61303285
61303686
61304657
61304519
61304728
61302399
61303927
61302827
61304924
61304615
61304899
61319138
61304562
61302655
61303277
61304963
61303140
61302839
61304892
61302892
61303316
61304718
61303130
61304286
61304741
61318941
61303066
61304848
61319210
61303477
61305115
61303322
61319400
61303437
61305212
61304673
61305207
61319815
61305212
61303158
61303708
61305466
61305369
61305434
61303482
61305433
61319441
61305281
61305669
61319454
61304774
61305756
61319926
61305419
61305540
61305887
61305372
61305879
61320214
61305638
61303854
61304302
61306063
61306055
61306079
61305571
61306184
61306203
61320022
61306350
61306541
61304532
61306270
61320772
61304437
61305301
61305285
61306529
61306725
61304558
61304793
61304912
61306544
61306657
61321182
61306727
61304727
61306652
61306464
61304683
61305811
61306919
61305243
61321430
61306758
61304991
61305422
61307248
61306638
61307216
61305084
61307068
61320995
61305714
61307475
61307090
61306187
61312654
61312620
61326931
61312396
61310540
61310940
61310903
61326594
61311952
61312561
61310753
61311783
61312975
61310822
61312683
61313041
61327120
61311073
61313158
61312888
61312002
61313042
61313230
61313310
61312314
61313265
61313282
61327018
61311443
61313358
61313340
61313412
61311238
61328620
61315025
61315360
61314371
61330338
61314848
61315487
61316087
61314052
61315276
61316186
61330433
61315850
61329969
61314349
61314367
61316157
61316335
61330550
61316114
61314268
61314494
61316405
61315129
61316493
61314595
61314308
61314611
61315259
61316422
61316685
61314457
61316517
61330996
61316369
61330513
61315224
61315187
61316912
61317052
61314838
61316939
61314802
61315414
61315141
61317030
61316170
61315877
61331469
61317089
61316821
61317262
61315324
61317367
61331494
61315818
61317586
61317560
61317722
61315600
61316697
61331785
61316412
61316112
61317955
61331962
61318105
61317982
61331981
61316190
61318188
61318173
61332336
61315970
61316892
61318100
61318072
61317674
61318256
61332577
61316460
61318440
61332268
61316409
61318461
61318293
61318519
61316318
61318429
61316340
61332716
61318595
61318780
61332601
61316683
61318811
61318775
61318912
61318213
61318816
61333178
61317020
61316572
61317602
61319171
61318578
61319091
61333124
61319694
61333089
61316928
61316948
61317420
61319383
61319118
61319303
61317198
61318357
61333458
61319328
61333378
61318634
61319339
61319833
61333724
61319840
61319597
61334106
61318199
61319864
61319322
61319856
61334236
61319660
61319686
61319291
61319978
61334137
61319799
61317826
61334140
61318882
61320262
61334012
61318481
61320403
61318751
61320435
61334503
61320175
61318356
61319198
61318428
61320553
61334881
61318809
61320666
61320420
61320921
61334657
61334940
61319891
61320924
61335187
61320542
61318511
61320227
61319101
61321077
61335126
61320747
61318774
61320190
61321216
61320668
61321253
61335714
61321306
61335226
61320978
61321242
61321514
61321507
61320549
61321541
61321442
61319688
61320157
61321832
61321684
61321961
61319733
61321932
61321852
61321997
61336192
61321592
61319835
61320712
61322068
61321516
61322213
61336358
61321971
61320595
61322284
61320155
61321324
61336515
61320412
61321276
61321121
61322587
61320444
61322592
61336848
61320711
61320737
61322882
61321141
61322396
61322527
61320353
61320807
61322659
61336474
61321095
61322698
61322601
61322813
61320623
61322583
61336846
61320807
61321716
61322753
61322890
61322170
61322878
61337047
61322655
61320847
61321445
61323182
61323235
61323288
61337527
61323831
61321119
61321768
61323385
61322085
61323398
61323465
61321342
61322345
61323670
61321466
61322658
61337401
61321770
61322628
61322418
61323843
61323250
61323835
61338153
61323690
61337740
61322285
61324142
61323997
61324219
61322083
61323286
61338191
61322197
61324270
61322044
61323126
61323601
61324162
61323263
61323465
61324450
61324401
61324473
61338534
61322718
61322462
61324502
61324687
61324097
61323389
61324670
61324768
61324599
61324841
61339038
61322968
61322808
61324776
61324809
61324804
61338779
61323130
61325110
61324961
61325200
61339712
61325907
61322979
61323203
61324677
61323782
61325399
61325401
61339643
61325216
61323594
61325563
61325558
61325531
61324970
61323623
61325771
61323562
61325532
61325621
61323591
61325794
61339815
61324071
61325944
61325735
61325947
61340261
61325658
61339994
61324223
61326093
61325863
61326242
61324035
61325896
61340034
61324477
61326156
61324514
61326035
61340541
61325914
61325991
61326403
61325930
61326439
61340298
61324634
61326583
61340540
61324432
61324779
61326475
61324318
61326530
61326718
61325415
61340860
61325879
61326837
61326466
61326869
61340933
61326676
61325876
61326834
61326690
61327126
61324874
61327111
61327086
61325994
61325013
61326959
61341234
61325626
61327363
61326749
61327341
61327045
61327152
61325080
61325566
61327627
61326719
61327346
61341629
61325653
61325952
61327629
61327906
61325654
61326748
61341782
61325849
61326734
61327846
61327911
61325731
61327852
61327953
61325966
61327963
61328172
61326070
61328222
61326126
61326598
61328311
61327790
61327542
61326569
61328515
61327198
61328385
61328546
61342392
61326780
61328350
61328663
61342947
61328296
61327472
61327712
61328796
61326697
61327689
61342928
61326856
61327627
61327566
61328975
61328091
61328772
61328825
61326664
61328979
61328993
61326888
61328036
61343001
61327388
61327529
61329295
61329271
61329324
61343707
61327347
61327540
61329326
61329511
61327396
61329459
61329522
61328379
61329491
61329730
61343870
61327798
61329799
61329630
61329887
61344126
61329577
61329579
61327517
61329346
61329435
61343627
61329413
61329767
61329649
61329876
61327739
61328286
61329969
61327809
61329937
61343996
61329677
61328732
61330061
61344348
61328516
61330178
61329657
61330272
61344322
61328130
61328135
61329348
61329825
61328657
61330865
61330426
61327937
61344759
61330004
61328815
61330213
61330506
61328396
61328514
61329751
61330718
61330730
61330755
61330877
61344717
61329527
61331057
61330330
61329957
61345036
61329309
61331043
61329719
61331152
61328951
61331099
61345362
61329314
61331144
61330876
61331205
61345028
61330967
61328865
61330202
61329258
61329578
61331633
61329445
61330333
61329696
61331601
61345690
61330032
61331595
61330055
61331720
61329666
61331818
61329633
61345724
61331820
61332080
61346343
61331730
61330047
61331234
61331661
61345883
61330325
61330213
61331938
61332147
61346173
61331967
61329943
61331359
61332559
61331699
61331585
61333043
61331646
61332542
61330440
61332277
61346628
61331720
61332719
61332180
61332799
61347059
61332232
61332008
61333071
61346936
61331280
61333209
61332458
61333046
61347381
61331237
61331488
61333090
61333281
61333239
61347063
61347167
61332915
61331799
61333518
61347788
61333263
61331431
61332760
61333699
61332941
61334266
61332616
61333181
61333557
61334068
61332314
61333985
61334059
61331871
61334042
61334080
61348010
61333842
61333086
61334133
61334263
61334343
61353933
61339186
61340168
61339571
61340190
61354717
61340312
61354520
61338766
61338619
61339544
61340849
61340091
61340796
61355040
61340552
61338795
61355467
61339392
61340677
61338848
61339571
61341047
61338921
61340871
61355062
61340788
61338997
61339407
61341107
61338978
61340170
61341407
61340077
61355312
61341440
61341556
61355792
61341369
61339459
61340624
61341569
61341153
61341657
61339216
61339662
61339654
61341542
61340643
61341820
61341823
61339796
61341643
61339592
61339928
61341498
61341767
61340000
61341238
61342322
61341654
61342215
61356652
61342046
61356556
61342225
61342423
61342602
61340562
61343214
61356681
61341121
61343008
61342805
61342799
61356777
61342609
61340702
61341174
61343010
61342332
61342828
61342977
61341041
61342727
61343004
61356919
61341609
61343271
61342849
61341585
61343370
61341204
61343291
61357330
61341766
61341723
61343502
61343612
61341417
61342139
61343382
61343722
61357524
61341801
61343723
61343085
61343694
61358163
61343512
61341745
61342484
61344128
61343552
61344071
61357951
61342088
61342952
61343114
61344195
61341997
61344132
61358117
61342504
61342584
61344309
61344386
61345021
61358453
61342984
61344745
61343891
61343593
61358805
61342829
61344611
61344739
61342565
61344624
61342645
61343572
61344922
61358616
61344265
61344848
61344896
61342845
61344045
61344979
61359098
61343861
61343094
61343144
61345340
61345144
61345356
61343329
61345181
61343331
61343677
61345489
61343792
61345388
61359253
61343384
61344332
61345408
61345620
61343368
61344489
61345285
61345598
61344786
61345593
61359918
61343589
61343541
61344061
61345825
61345854
61343827
61345804
61343921
61344585
61346017
61344018
61345999
61360371
61345240
61345866
61359745
61344242
61346222
61346053
61344218
61346185
61343785
61346202
61346291
61360543
61346036
61344204
61344580
61346560
61346429
61346590
61360369
61344449
61346094
61346458
61346511
61344382
61346578
61360817
61344919
61344948
61345485
61344861
61346705
61344890
61345492
61347082
61344983
61346916
61344813
61345112
61346873
61347109
61344874
61346930
61360828
61345436
61347180
61347100
61347220
61345115
61347239
61361094
61345481
61345873
61347607
61361579
61346830
61345806
61347636
61346992
61346713
61361771
61345898
61347587
61361755
61345630
61345789
61345389
61347416
61347833
61361637
61346134
61348063
61347784
61347894
61362222
61347660
61346718
61348170
61362334
61346628
61348303
61362361
61347129
61348413
61346386
61348268
61348188
61348361
61348484
61346420
61348383
61348570
61362457
61347828
61348858
61346660
61348572
61346716
61347239
61348754
61349070
61362884
61347093
61349070
61348912
61348968
61348855
61347063
61347922
61349368
61348895
61349302
61363317
61347593
61347608
61347330
61349354
61349604
61363611
61349397
61347589
61348730
61349846
61349274
61349787
61363757
61364240
61348937
61350058
61347827
61349862
61347948
61347961
61348683
61350052
61364323
61348174
61348062
61350069
61350158
61364390
61348133
61348405
61348622
61350452
61350640
61364599
61350375
61349578
61349330
61350803
61349599
61350188
61351426
61350928
61350909
61349141
61365328
61350717
61349025
61350050
61351029
61350206
61350993
61365062
61349204
61351103
61348816
61349092
61350990
61349182
61348979
61351275
61365306
61349558
61349837
61350198
61351630
61349534
61349550
61349729
61351802
61351657
61351802
61349697
61351684
61349762
61350892
61351683
61351973
61366380
61350209
61352186
61351982
61352216
61366513
61351652
61350422
61352279
61366583
61352038
61350969
61352428
61352578
61350442
61352348
61350410
61366391
61351109
61351729
61352779
61366935
61350836
61352837
61352740
61352863
61350686
61352042
61352839
61366706
61351995
61353079
61350854
61352818
61367027
61352876
61352232
61353288
61351084
61353047
61367430
61351382
61353362
61352986
61353354
61367263
61353286
61353115
61350979
61352155
61353615
61367854
61353339
61367506
61352044
61353706
61352529
61351657
61353569
61367675
61352206
61353854
61353456
61353763
61352275
61352352
61352209
61354025
61353319
61353863
61367914
61352362
61353719
61354148
61351888
61353280
61354152
61368279
61352990
61353981
61354396
61354377
61368661
61354160
61353336
61354424
61354387
61368770
61354170
61352338
61353074
61354499
61354507
61352445
61354643
61354821
61352617
61355420
61352775
61353220
61354909
61354361
61354778
61369192
61354681
61352397
61353921
61355082
61353888
61369016
61353545
61355381
61354497
61354461
61355285
61353104
61354070
61355447
61369915
61355230
61353254
61354581
61355668
61354485
61370196
61354028
61355882
61355155
61355740
61356002
61353769
61354238
61356002
61354705
61356011
61369975
61354319
61356053
61354156
61354576
61356108
61356229
61370375
61354276
61356277
61355564
61354489
61354284
61356480
61355657
61356417
61354345
61354207
61356239
61356309
61370193
61356361
61356501
61370396
61356311
61370423
61355642
61356586
61355498
61370631
61356703
61356519
61355821
61355231
61356690
61355674
61356748
61355276
61357040
61355812
61357050
61357190
61371079
61355471
61357232
61356399
61357212
61356437
61355044
61357281
61357493
61371756
61357156
61355204
61371921
61357559
61357795
61371807
61355896
61357996
61357403
61359526
61374175
61357928
61358398
61360156
61358057
61358353
61360402
61374360
61358798
61360655
61360435
61360545
61358491
61360564
61374779
61359183
61360821
61358781
61360479
61360762
61359818
61360089
61361098
61359003
61361719
61359045
61360092
61361206
61359039
61360499
61359331
61361188
61361094
61361255
61375518
61375526
61361287
61361376
61375377
61359762
61361619
61375431
61359790
61359815
61361533
61361817
61359626
61361335
61361632
61360808
61360632
61362030
61360003
61361864
61375901
61360477
61362262
61361600
61360961
61362361
61360361
61361817
61362465
61360774
61362463
61360350
61361206
61362658
61360433
61362605
61376443
61360985
61360757
61362713
61376581
61361110
61362898
61362151
61362830
61360861
61363009
61362126
61362913
61377193
61361385
61363173
61362700
61363271
61377459
61362934
61361112
61362215
61363335
61363193
61377342
61361456
61363361
61362651
61363099
61363426
61363479
61363511
61377232
61362843
61361778
61363620
61363673
61362349
61377845
61361482
61363522
61362080
61363742
61377877
61361885
61364009
61363915
61378013
61362034
61363928
61377896
61362894
61364120
61378448
61363821
61364127
61364330
61378518
61363469
61364013
61362092
61363391
61364427
61362274
61364967
61363287
61364303
61364392
61362314
61365133
61362199
61378501
61364642
61364731
61364072
61364658
61362774
61363154
61364915
61364886
61365092
61379053
61365027
61363387
61365220
61379360
61363294
61363494
61365222
61365383
61363206
61365118
61365311
61364206
61363021
61364721
61372137
61370051
61370722
61372123
61370069
61372163
61386205
61370498
61370509
61372131
61370632
61372936
61372449
61386571
61372438
61372599
61386790
61371840
61370936
61372721
61370602
61372675
61370606
61371640
61372959
61386535
61386964
61371884
61372872
61370794
61372679
61370757
61371586
61373038
61387298
61372787
61371200
61373180
61387467
61372966
61371158
61371846
61373247
61371142
61372989
61373104
61372143
61387119
61371700
61373362
61372841
61373357
61373605
61387670
61372015
61373701
61372940
61372693
61373797
61371452
61373648
61373958
61387951
61372221
61374150
61373485
61372441
61373849
61372487
61374116
61374256
61388492
61373695
61374146
61372287
61373535
61373632
61374648
61388761
61372980
61374813
61374245
61374826
61389223
61374575
61373655
61372604
61374138
61372847
61374920
61374751
61375008
61389274
61374882
61375058
61374194
61375035
61389085
61373527
61375350
61374682
61375398
61375321
61373411
61375370
61375524
61389760
61373856
61374640
61375611
61389583
61374063
61375800
61375354
61375856
61373781
61390292
61375930
61376060
61373995
61374467
61376142
61373890
61374951
61375088
61374421
61375592
61376112
61390399
61374591
61375975
61376291
61376467
61390555
61390718
61374337
61374595
61376494
61374605
61376486
61374544
61376643
61376831
61390941
61376587
61375763
61376875
61376964
61391210
61376702
61376875
61377027
61374836
61376673
61374895
61376143
61377176
61377273
61375133
61376022
61377270
61391324
61375516
61377301
61376827
61376371
61391424
61377580
61375893
61377657
61391530
61375722
61377644
61375440
61377403
61391426
61376029
61377742
61375554
61392130
61376106
61377795
61376986
61377691
61392053
61376149
61377979
61377936
61392295
61377719
61376823
61375903
61377119
61378254
61378235
61376055
61377967
61376234
61377335
61378433
61376386
61378106
61376397
61377298
61378579
61378683
61376883
61378522
61378614
61392364
61377066
61378690
61378634
61378283
61377139
61378969
61393430
61378666
61376947
61378120
61378619
61377839
61378335
61379052
61379689
61378063
61379137
61379267
61393253
61378243
61379432
61393375
61379415
61379435
61377387
61379705
61393934
61377975
61379760
61377624
61379560
61377680
61378128
61378915
61379972
61379256
61379680
61378736
61379848
61380074
61378894
61377973
61379422
61378302
61380282
61378163
61380051
61379278
61380267
61380401
61378224
61380136
61394523
61378697
61380575
61379968
61379689
61394510
61378912
61380802
61379840
61379695
61378555
61379000
61380713
61380267
61380831
61395016
61379177
61380962
61380160
61380971
61395227
61379368
61381118
61380922
61380643
61380983
61380863
61378816
61380846
61381332
61381484
61395240
61379781
61381470
61379269
61379991
61379834
61381547
61395738
61379834
61381619
61379633
61381429
61383719
61379497
61380034
61380072
61381922
61395742
61381741
61381758
61395573
61380792
61381857
61379738
61381650
61379883
61381432
61380908
61381977
61379984
61381000
61382196
61396435
61380284
61380484
61381040
61380311
61382145
61381195
61381500
61382512
61380222
61381551
61396609
61380873
61382610
61382663
61380674
61382535
61381711
61382730
61382942
61380789
61382700
61381108
61382917
61380863
61382984
61397220
61381453
61383115
61382638
61383096
61397510
61381284
61383104
61381906
61383037
61383483
61397431
61382673
61383726
61397904
61383304
61381482
61381419
61383043
61383470
61383783
61398001
61382224
61383854
61381804
61384483
61383910
61381910
61383872
61383985
61398156
61382378
61384129
61383608
61384173
61398096
61382603
61382605
61384348
61398673
61382900
61382229
61384117
61383146
61384279
61384477
61398757
61384246
61384347
61384660
61382432
61384443
61382419
61383531
61384341
61384750
61382661
61383469
61384952
61382789
61385330
61383832
61383772
61385159
61399508
61383430
61385790
61385370
61383793
61385300
61399355
61383659
61385495
61385479
61399646
61384606
61385647
61399691
61384966
61384011
61385724
61385647
61383518
61385233
61385804
61399743
61384362
61386024
61385476
61386077
61400327
61384188
61386095
61386236
61384032
61385920
61385075
61386330
61386382
61400520
61386243
61384435
61385594
61386583
61386687
61385286
61386496
61386523
61384482
61386653
61386673
61400591
61384738
61386698
61386696
61400956
61386482
61385566
61386845
61386921
61401297
61386683
61387560
61387121
61401373
61385079
61387011
61385633
61384921
61385749
61387167
61401094
61385485
61387246
61384935
61386230
61385042
61386522
61385333
61387080
61387376
61386673
61387234
61401155
61386547
61385331
61387438
61401547
61385704
61387527
61386883
61387272
61386390
61387413
61387529
61401963
61387336
61386512
61387624
61385888
61387536
61387787
61385696
61387584
61385728
61386728
61388108
61387313
61387950
61385950
61386803
61388111
61388202
61402335
61386714
61388365
61387564
61387303
61402253
61387121
61388549
61402833
61388171
61387251
61388510
61386816
61387628
61386835
61388283
61388751
61402987
61387079
61388892
61387267
61388788
61403112
61402942
61388331
61389027
61388835
61387030
61387988
61389164
61387052
61389820
61386899
61387147
61389147
61389332
61403499
61387729
61389514
61403322
61387747
61389559
61388987
61389541
61403444
61388201
61389842
61387648
61388013
61389897
61388700
61389843
61389891
61403898
61388325
61388155
61390180
61404539
61389987
61387888
61390264
61390394
61404382
61388747
61390559
61390636
61404569
61390054
61389898
61388598
61389417
61390732
61390764
61390868
61405315
61389048
61391015
61390384
61390153
61391070
61389968
61390653
61390888
61391297
61405608
61391083
61388984
61391258
61391275
61405266
61389644
61391371
61389242
61391266
61389322
61390322
61389658
61391587
61405489
61389559
61391536
61389472
61392226
61389274
61390779
61391836
61391061
61391595
61405567
61390047
61391743
61391939
61406274
61390106
61392127
61391520
61392057
61406279
61390512
61392143
61390470
61406630
61390435
61392439
61392267
61390487
61392371
61391699
61392387
61392528
61390783
61392508
61392648
61406507
61391052
61392837
61391925
61392743
61406742
61390982
61393048
61392164
61391555
61392798
61393084
61407337
61391049
61391300
61393025
61393080
61391049
61391634
61393347
61393400
61407319
61392794
61391410
61393418
61391354
61393212
61391431
61392530
61393619
61391506
61391399
61393111
61391710
61393653
61392991
61393460
61391879
61393669
61393854
61408014
61392284
61393970
61391692
61391892
61393868
61393841
61391937
61392721
61394122
61394223
61392038
61394185
61394370
61408534
61392510
61394415
61393609
61393495
61392686
61394522
61393887
61393627
61392562
61393442
61392826
61393786
61393660
61394434
61394837
61408641
61393683
61394991
61409203
61394716
61392918
61394939
61395079
61393345
61394939
61395284
61409144
61409552
61393360
61395190
61392965
61394482
61394995
61393187
61395259
61395324
61409253
61393683
61395423
61394659
61395461
61395245
61395595
61394735
61396087
61394458
61395284
61393958
61395701
61409660
61394830
61395842
61393764
61395643
61393707
61393782
61394670
61395962
61409916
61395116
61396181
61410605
61393981
61394421
61396074
61396259
61396216
61410318
61396209
61396274
61394257
61394753
61396606
61395791
61394746
61396740
61410716
61394880
61396699
61395962
61395783
61394891
61396991
61411087
61394919
61396899
61410895
61396170
61395098
61396966
61396328
61396701
61395826
61397013
61397153
61411293
61395539
61397303
61396532
61397104
61395077
61395960
61397433
61396665
61397093
61411264
61395808
61397449
61395320
61397121
61397340
61411515
61395493
61395768
61397640
61397831
61396573
61411749
61396992
61397878
61403280
61405277
61405489
61419632
61403776
61405438
61404704
61404617
61419693
61403861
61405625
61404837
61404876
61419528
61405662
61403888
61405855
61403726
61405800
61405897
61405998
61403937
61405707
61405912
61403963
61405632
61405960
61406273
61405813
61405486
61420341
61405418
61406699
61406687
61420688
61404747
61406659
61406042
61406747
61421058
61406482
61405623
61406780
61406564
61406898
61404785
61406758
61406997
61420852
61404962
61404873
61406186
61407106
Peak: 62182523
Average: 60462516.89805696
