0
150723
150757
150821
150829
151835
151867
151899
151931
152027
152059
152091
152123
152155
152187
152219
152227
152347
152379
152411
152443
152475
152507
152539
152571
152749
152699
152731
152763
152771
152827
152859
152891
152987
153019
153051
153083
153115
153147
153179
153187
153339
153347
153403
153411
153443
153475
153507
153539
153571
153603
153635
153667
153795
153827
153859
153915
153947
153979
154011
154043
154075
154107
154139
154171
154299
154331
154363
154371
154427
154459
154491
154523
154555
154587
154619
154651
154811
154843
154875
154907
154939
154971
155003
155035
155067
155099
155131
155163
155195
154893
116776
Peak: 363619
Average: 151355.13043478262
