0
216899
256457
256489
256521
259135
259191
259199
259231
259327
259359
259391
259423
259455
259487
259519
259784
259647
259711
259743
259775
259831
259944
259871
259903
259999
260031
260063
260202
260127
260159
260191
260223
260319
260351
260383
260522
260471
260585
260511
260567
260777
260727
260735
260791
260823
260831
260863
260919
261160
260959
260991
261131
261175
261183
261239
261271
261386
261311
261367
261375
261515
261545
261471
261611
261631
261663
261719
261834
261992
261897
261823
261855
261911
262026
262058
262089
262143
262283
262207
262239
262377
262303
262335
262391
262399
262538
262487
262495
262633
262666
262615
262647
262891
262815
262871
262879
262911
262943
262975
263115
263039
263179
263103
263135
263167
263199
263231
263287
263479
263487
263543
263575
263583
263615
263647
263679
263711
263743
263775
263807
263839
263895
263927
263935
263967
264023
264031
264063
264255
264311
264343
264375
264407
264415
264680
264479
264511
264543
264575
264840
264639
264671
264936
264735
264874
264799
264831
264863
265087
265119
265151
265183
265215
265247
265279
265311
265343
265608
265407
265439
265471
265503
265559
265591
265599
265631
265663
265803
265833
265759
265791
265931
266187
266111
266143
266175
266207
266239
266377
266303
266441
266473
266399
266431
266463
266495
266527
266559
266591
266623
266655
266687
266719
266751
266783
266815
266847
266879
266911
266943
267231
267263
267295
267327
267359
267391
267423
267455
267487
267519
267551
267583
267615
267647
267679
267711
267743
267775
267807
267839
268104
267903
267935
267967
267999
268031
268063
268095
268127
268159
268191
268223
268776
268575
268607
268639
268671
268703
268735
268767
268799
268831
268863
268895
268927
268959
268991
269023
269055
269087
269119
269151
269416
269215
269247
269279
269311
269343
269375
269407
269439
269471
269503
269535
269567
269599
269631
269663
270015
270047
270079
270111
270143
270175
270207
270239
270271
270303
270335
270367
270399
270431
270463
270495
270527
270792
270591
270623
270655
270920
270719
270751
270783
270815
270847
270879
270911
270943
270975
271007
271039
271071
271103
271135
271167
271199
271231
271263
271647
271679
271711
271743
271775
271807
271839
271871
271903
271935
271967
271999
272031
272063
272095
272127
272392
272191
272223
272255
272287
272319
272351
272383
272415
272447
272479
135409
Peak: 277436
Average: 264462.4658753709
