0
272584
769892
671393
1615361
2161972
2513903
2946793
3389785
3834234
4273221
4692661
5317867
5609005
6012740
6405796
6725012
7184064
7312865
7720715
8252152
8486133
8953409
9287259
9349170
9502346
9862699
10579512
10892756
11561053
12098756
12535023
12776955
13135423
13740276
14306377
14616809
15100797
15598194
15731195
16245266
16440661
16564804
16656396
17011703
17168113
17440579
17811727
17930002
18064866
18227159
19524912
19332112
19531027
19630712
19633276
19780188
19922070
20072945
20207379
20376586
20744032
21075756
21306274
21766711
22253788
22649798
23185234
23401635
23743016
24051035
24357144
24443630
24628878
24730711
24966822
25056534
25366898
25657438
25986428
26401821
26580733
26951070
27492954
28026762
28814979
29510702
29863042
29865946
29870818
29873138
29886570
29888398
29900009
30152512
30546813
31160598
31390730
31536606
31805419
31908707
32206287
32276885
32334083
32406291
32422839
32521598
32569736
32785287
33231674
33745922
33781790
33929345
34292217
34411837
34590705
34630758
34647772
34721660
34887374
34956261
35150654
35708189
35811256
36132273
36699665
36770863
37027253
37356446
37693083
37931059
38326271
38326191
38326340
38326316
38326281
38188923
38602304
38803371
38970495
39016990
39133000
43064769
43081053
43401014
43398559
43981099
44048750
44095984
44153195
44169418
44247615
44283131
44336870
44352589
44415924
44451289
44514305
44542095
44579784
44735325
44813007
45033192
45110865
45481726
45547932
45756932
46014976
46553311
46745039
46797869
46821601
46991782
47090329
47148826
47325557
47399444
47491560
47575686
47893447
48026733
48226869
48407838
48508615
48711882
48987826
49118768
49121015
49123563
49126045
49127755
49130301
49133250
49136192
49169453
49187714
49190312
49296386
49299065
49301304
49303992
49306843
49308126
49311611
49314415
49316320
49303704
49429764
49459135
49530139
49716991
49847325
50082160
50162378
50251328
50271264
50292744
50304328
50334632
50354839
50423110
50448578
50521466
50654176
50691307
50787756
50960843
51096811
51337136
51480117
51758336
52025988
52343814
52421368
52667371
52869510
53034562
53623841
54097874
54437924
54456072
54520671
54560499
54611847
54645134
54788026
54918752
54962809
54978136
55114175
55086100
55482314
55759618
55873317
55961149
56386669
56734314
56894458
56899539
57271607
57343686
57425823
58454608
57805000
57891246
58077013
58119169
58156652
58388069
58495323
58477667
58580071
58498197
58829360
59120071
59699329
59795113
59870425
59933585
59983761
60031953
60213021
60249705
60296270
61301156
60705114
60825679
60858245
60649591
60654524
60657918
60657274
60660923
60663004
60664076
60667744
60669370
60671935
60672418
60676736
60678935
60678492
60681226
60684170
60684951
60687470
60690559
60689897
60693083
60694361
60695584
60696356
60696322
60698309
60699740
60700069
60701318
60702135
60703265
60701898
60702934
60704476
60706211
60706260
60707785
60708458
60712134
60711096
60713594
60713750
60715678
60714253
60716772
60717849
60717440
60718910
60719351
60720575
60721252
60720399
60721168
60722053
60722341
60724392
60722402
60726615
60726586
60728354
60729633
60729890
60730184
60731166
60732143
60730318
60733127
60733716
60732075
60733288
60733771
60734227
60736162
60734899
60737567
60737769
60739894
60741411
60741502
60740130
60740889
60742130
60743469
60741718
60744378
60744688
60744017
60743609
60744674
60744826
60745571
60747001
60747823
60749103
60748164
60751505
60751903
60752335
60752943
60754714
60754122
60752985
60754810
60755114
60753692
60757142
60757982
60755559
60756576
60757629
60758111
60758273
60758595
60757834
60758627
60763137
60763750
60764186
60763142
60764901
60765447
60765760
60765993
60766541
60767175
60767618
60766275
60768439
60770892
60767706
60767829
60768780
60770535
60770862
60769026
60770228
60774319
60774912
60775279
60775527
60775928
60776265
60775590
60777223
60777342
60777965
60776962
60778611
60778136
60779327
60778252
60780495
60779878
60780704
60779484
60781844
60782018
60785026
60785434
60785789
60786051
60784756
60785576
60786944
60787647
60786108
60787324
60788788
60792152
60792982
60793444
60790579
60789815
60793092
60790988
60790150
60795785
60793658
60794633
60796203
60794600
60795605
60795950
60795615
60798103
60798536
60802327
60799216
60797735
60799637
60803824
60800507
60798796
60801494
60800455
60802101
60802543
60804348
60806025
60806429
60805748
60805488
60805911
60806316
60807781
60808186
60806460
60807727
60808266
60809700
60814036
60808719
60809487
60811211
60815646
60811815
60816527
60814992
60814576
60815864
60816487
60816513
60814951
60839326
60831631
60831712
60833024
60832682
60839203
60835333
60835755
60836156
60834939
60837464
60839182
60839157
60839964
60840924
60843927
60843193
60844386
60842833
60845410
60844039
60846555
60844913
60845453
60852993
60847093
60848212
60848920
60849009
60849903
60850114
60850707
60849891
60851513
60851935
60850406
60853804
60855848
60856006
60856632
60857459
60856407
60856284
60857246
60857276
60858084
60858091
60859680
60860026
60860469
60859252
60860277
60861694
60862117
60861383
60862910
60863226
60862347
60866602
60866826
60872914
60866696
60868035
60868559
60867349
60869342
60867653
60870167
60876152
60870020
60871302
60871314
60870081
60872031
60872568
60872758
60873192
60872300
60876260
60877051
60876981
60877627
60876950
60879139
60886211
60886611
60879203
60880466
60879517
60879737
60881557
60881434
60882122
60873490
60874979
60874196
60875695
60874564
60878270
60879540
60886869
60879284
60880807
60888308
60881673
60881745
60882473
60882521
60880995
60883577
60883905
60882716
60882772
60884403
60884388
60885262
60884672
60886299
60896651
60888506
60890180
60898012
60898510
60889944
60891626
60891675
60892056
60892664
60900305
60891125
60893652
60892559
60893197
60895361
60894172
60894500
60897836
60895153
60907324
60899663
60898607
60899353
60899666
60901262
60901687
60910128
60902487
60902541
60911041
60902211
60903665
60912296
60903297
60904834
60906755
60903884
60905808
60914619
60917269
60918033
60909666
60908783
60909907
60920063
60920337
60911079
60912479
60911464
60913256
60912819
60912124
60913012
60914758
60915381
60915374
60924395
60915023
60916625
60914929
60919997
60920109
60920616
60920725
60919701
60919917
60920615
60922375
60920582
60931874
60922276
60923304
60922609
60923367
60924713
60924967
60925263
60924116
60924242
60935586
60929447
60928243
60930012
60929593
60929541
60930776
60931212
60931013
60932044
60941856
60932331
60933025
60943125
60932094
60931989
60944267
60944639
60933380
60933085
60935629
60945986
60948804
60937991
60939877
60939482
60940197
60940020
60940936
60941511
60939804
60939855
60944097
60942904
60941867
60943446
60944352
60944277
60944832
60955558
60945489
60943921
60946146
60949092
60947797
60947413
60949978
60949125
60948393
60949341
60951047
60951482
60950545
60952168
60952029
60951523
60964715
60953567
60954949
60954842
60954329
60954512
60956121
60967486
60967571
60959478
60959920
60971153
60960402
60960722
60960706
60961161
60960306
60962054
60962302
60961545
60963308
60961679
60963460
60963831
60964194
60963031
60963532
60964669
60964620
60964834
60965398
60969055
60968417
60968767
60968887
60969336
60969538
60983260
60971776
60972126
60970332
60971251
60972192
60973877
60972876
60972851
60974313
60973488
60973677
60975566
60975732
60974818
60976440
60979496
60979802
60980016
60979561
60992699
60980082
60993638
60982124
60995061
60981681
60981381
60983831
60997177
60984852
60984223
60986232
60984835
60986727
60987043
60987133
60985901
61003126
60989563
61003862
60989638
60990564
60991463
60991767
60993201
60993701
61006649
60992168
61007759
60994493
60995358
60994717
60994854
60996435
60995474
60997389
60997692
60997958
60999604
61015404
61002477
61002609
61002710
61003453
61002374
61003690
61004855
61005232
61005675
61004604
61004756
61006467
61006053
61007560
61007398
61007769
61006202
61022155
61007599
61013525
61011880
61012379
61012761
61012364
61012561
61012060
61013871
61014515
61013510
61015191
61014413
61013940
61016178
61014717
61014799
61031012
61015854
61016846
61019662
61018464
61018865
61020345
61022206
61022622
61037330
61022257
61023603
61024066
61024115
61024706
61023680
61025122
61024464
61025875
61025115
61026954
61025765
61027421
61026166
61042414
61028361
61028824
61033385
61032060
61046939
61032433
61031769
61032264
61032982
61033017
61034533
61034946
61034987
61035709
61035726
61036025
61036455
61051979
61037507
61036540
61036594
61037191
61038679
61040863
61042001
61042603
61042555
61043282
61041539
61042328
61043538
61044471
61045032
61045195
61045576
61047394
61046145
61048007
61045145
61062611
61047636
61047348
61048119
61049743
61051344
61051712
61067612
61051508
61051037
61053030
61051774
61053173
61054868
61053834
61055706
61054268
61054775
61072762
61055214
61055857
61057645
61056803
61056955
61058628
61057811
61062261
61062424
61062840
61063075
61062383
61061464
61061605
61062414
61060723
61062637
61062241
61063511
61064062
61064111
61064498
61063186
61065414
61081997
61064369
61066382
61066780
61068224
61086696
61067873
61087333
61069501
61070864
61071797
61072232
61070900
61089556
61071739
61089903
61071058
61090605
61090952
61074220
61091452
61092203
61075461
61075608
61076255
61078734
61079299
61079597
61078781
61079337
61079766
61098432
61098474
61099294
61081910
61080664
61081062
61082949
61081559
61081882
61083768
61082512
61084248
61083605
61085039
61084450
61088296
61087480
61087959
61089153
61089668
61089083
61091021
61090857
61091277
61090821
61109642
61090662
61091473
61092449
61092919
61092289
61111675
61093790
61093334
61094755
61094757
61116133
61116778
61099037
61117428
61097323
61118048
61118470
61099020
61100640
61101229
61101474
61100196
61120692
61101743
61101054
61100700
61121759
61122341
61103661
61122765
61123240
61102743
61105876
61106758
61107841
61108932
61108141
61128519
61109825
61110070
61110650
61112167
61112667
61111027
61132145
61113131
61113727
61133404
61112693
61114056
61134055
61115058
61116664
61118744
61139624
61140135
61121107
61120543
61121782
61121356
61121489
61122642
61121615
61142591
61143393
61121871
61124470
61123572
61125345
61125674
61125811
61126460
61146062
61124859
61125585
61128238
61130786
61131068
61131412
61130649
61130540
61132741
61130921
61132516
61153514
61132455
61133016
61133190
61155111
61135453
61134601
61136016
61136441
61135462
61135559
61137257
61138557
61140681
61139593
61141153
61140581
61142114
61142451
61141370
61141083
61163395
61143365
61142523
61144457
61144648
61165370
61143067
61165877
61145581
61144952
61145357
61146910
61149785
61150146
61150051
61150558
61151160
61149509
61151545
61151974
61151943
61149925
61150377
61149441
61151096
61151632
61151822
61151533
61173564
61153008
61153345
61153317
61153715
61153446
61157240
61156416
61157645
61158220
61156360
61157228
61180631
61157759
61159533
61158893
61158185
61160750
61161488
61161044
61160842
61161962
61183811
61161159
61162768
61184959
61162037
61164013
61167059
61165774
61167648
61167992
61166842
61167566
61169139
61168710
61191413
61168105
61170420
61170871
61169645
61170187
61169798
61170758
61172389
61170827
61173059
61173236
61173766
61174113
61175629
61177125
61178790
61179347
61178009
61179780
61179997
61179220
61180757
61203256
61181442
61181905
61182211
61182150
61182906
61182869
61183481
61182441
61183191
61206953
61184563
61184872
61187997
61188416
61187957
61188581
61187251
61212729
61188072
61189423
61190590
61188990
61191135
61191472
61191830
61192068
61191237
61192709
61193136
61191788
61193644
61192809
61193958
61193729
61197400
61198318
61221660
61222278
61222535
61223003
61199545
61198966
61200288
61200173
61200510
61224438
61201489
61200654
61225803
61225855
61226773
61201312
61201384
61201883
61202733
61202432
61208959
61206311
61206788
61208209
61208546
61208875
61209179
61209370
61208465
61208942
61209192
61210823
61211235
61211633
61210391
61212006
61212535
61211207
61211242
61211940
61212287
61216410
61217291
61217178
61216180
61216656
61216980
61217970
61217283
61218701
61218686
61219671
61220100
61219096
61245424
61221008
61245915
61219285
61246700
61223125
61223699
61224330
61249475
61252210
61225926
61253198
61253596
61227442
61229660
61230042
61228437
61255947
61231448
61230432
61230139
61230918
61257571
61258136
61258288
61233241
61258669
61259402
61234550
61234955
61237734
61236765
61263822
61236921
61237327
61239198
61238727
61265313
61236536
61237709
61238372
61237772
61238888
61237902
61239466
61239799
61265577
61242221
61239683
61239617
61239881
61241798
61241984
61242557
61271092
61271575
61244211
61246194
61246707
61272832
61245225
61249083
61249138
61248298
61249964
61248423
61250107
61276511
61248987
61249719
61251625
61251523
61250155
61252434
61252569
61252844
61253200
61282488
61256391
61255647
61256473
61255137
61257885
61256742
61258092
61258378
61257341
61258914
61257223
61258727
61259990
61258278
61260772
61260548
61260901
61261555
61261639
61260498
61261987
61289258
61262201
61265501
61264770
61264610
61266763
61267111
61265852
61266377
61265877
61268302
61268881
61269077
61269418
61269738
61297041
61270150
61270154
61270676
61269784
61271515
61298809
61271923
61272625
61302464
61275533
61274950
61275369
61276485
61276877
61275741
61304675
61305089
61278017
61276971
61277871
61280490
61279185
61277879
61279669
61279274
61280417
61279595
61279062
61281267
61280398
61309934
61280882
61284109
61284130
61285980
61285457
61314090
61286695
61285661
61286104
61286814
61288258
61287139
61288302
61288561
61288607
61289561
61288730
61289749
61288499
61290841
61290786
61319841
61319835
61291764
61293296
61323484
61323579
61293515
61295994
61296338
61325163
61325451
61295741
61297454
61297669
61297419
61298512
61297747
61298999
61299319
61299458
61299812
61300173
61298912
61329564
61299265
61301271
61302909
61304637
61304522
61304866
61305189
61334438
61306042
61306368
61305435
61306968
61307250
61306250
61306714
61306842
61308974
61309202
61338649
61308349
61309785
61310200
61339754
61308880
61313172
61312289
61314068
61314343
61314632
61315058
61315321
61315671
61314488
61314450
61314695
61316695
61317063
61317376
61347222
61316133
61318161
61318081
61318842
61318908
61319260
61349597
61319953
61321669
61321411
61323451
61324666
61324970
61324413
61325985
61324559
61327340
61357336
61327487
61327161
61326745
61328662
61327519
61359569
61327993
61327860
61360588
61328694
61329384
61329937
61331474
61331377
61364931
61334358
61334592
61333767
61334598
61332775
61334546
61334618
61334328
61334476
61365139
61332833
61334416
61334403
61332896
61334696
61333569
61365233
61334823
61334423
61365188
61365206
61332953
61366337
61336384
61366906
61335143
61334821
61335288
61336963
61335842
61335836
61335727
61337155
61337404
61337238
61337256
61367408
61367347
61367469
61337638
61336157
61336030
61337121
61337130
61335493
61336388
61337554
61336003
61338996
61337259
61335800
61336367
61335649
61337108
61337502
61337163
61337142
61337222
61335119
61335154
61367804
61367860
61335690
61336382
61335519
61335890
61337199
61337520
61337432
61337481
61337629
61337585
61367525
61335596
61367859
61335482
61337812
61336089
61336244
61337326
61337472
61337587
61337566
61336936
61367476
61367776
61337501
61336127
61336039
61336462
61337361
61337256
61335918
61335051
61335137
61335916
61335670
61335153
61367542
61336953
61335569
61335577
61367221
61338729
61337229
61336991
61336857
61367329
61337284
61336393
61335219
61339016
61337348
61336139
61368111
61335787
61336857
61337196
61337683
61337865
61336732
61368345
61337028
61337782
61367885
61337650
61337418
61336223
61336466
61336427
61337625
61337588
61336967
61337583
61337912
61336977
61335675
61337025
61337689
61337636
61337014
61368247
61337933
61336727
61368158
61337984
61337911
61337833
61337898
61337957
61337880
61335670
61337017
61335887
61337595
61336590
61368246
61338051
61336809
61337598
61336190
61337861
61337947
61337835
61368369
61367864
61337845
61338041
61337942
61339320
61337803
61336323
61336118
61337871
61338088
61336777
61336208
61338270
61336971
61336958
61338068
61338102
61370359
61338597
61338545
61338116
61340151
61339701
61340238
61339283
61340026
61339209
61337932
61338082
61338520
61338603
61338443
61370378
61339946
61339909
61339913
61339999
61339859
61338566
61370368
61339526
61338257
61338792
61338690
61341804
61338685
61338117
61340215
61339671
61340048
61339334
61340393
61340364
61340838
61340712
61340360
61370558
61340223
61340378
61340230
61340130
61370747
61370679
61370807
61370996
61338631
61338583
61340424
61339824
61370904
61339067
61340496
61340295
61340392
61371267
61338912
61340546
61340363
61341154
61340691
61340630
61340632
61340664
61340784
61339671
61338471
61340560
61340386
61340486
61340515
61340424
61340572
61338937
61340691
61339530
61340913
61340140
61338883
61340705
61339077
61341138
61371328
61339758
61371453
61340540
61341197
61341036
61341063
61339331
61341189
61341155
61371421
61371468
61340421
61339492
61341327
61340077
61371500
61341596
61339376
61341255
61371613
61340275
61371750
61341370
61341379
61372011
61371667
61339392
61371868
61340006
61341487
61341515
61341452
61341323
61371769
61341440
61340330
61339436
61341665
61340647
61340837
61339550
61342161
61341995
61340473
61340198
61341179
61340661
61343592
61341094
61341193
61341980
61342141
61340284
61342229
61342269
61343704
Peak: 62092943
Average: 57541474.31139896
