0
120289
491634
827133
1558902
2140734
2569187
2999374
3503393
3866377
4351145
5233011
5395832
5734660
6187997
6678321
7130332
7368141
7775929
8337498
8755853
9030007
9348001
9576830
9914912
10674145
11012284
11615300
12419902
12730002
13029691
13517628
14068118
14563043
15109705
15642098
15981455
16298520
16517256
16651448
16717752
17061879
17225409
17515475
17900421
18048710
18283720
19578228
19395491
19584871
19685308
19687148
19918748
20108877
20263154
20430869
20831717
21357167
21741625
22151491
22690269
23237112
23502437
23954390
24268740
24429614
24579596
24738521
24937990
25108142
25420147
25826428
26130948
26627819
27005320
27610320
28299091
29160910
29825764
29919398
29924790
29927658
29941914
29951768
29972295
30372075
30913793
31392601
31588871
31886548
32084987
32311566
32391449
32513775
32547738
32609819
32830215
33212056
33762156
33846635
34346013
34464696
34644612
34687388
34658770
34741081
35049871
35204937
35767782
35877603
36276599
36753734
36824894
37080042
37769236
37985189
38379914
38379773
38379857
38379741
38243266
38695683
38894759
39077424
39135977
43132041
43196427
43431596
43574578
44090232
44174293
44219113
44285911
44337030
44402504
44477706
44530036
44592697
44670803
44666073
44902656
45099663
45422337
45668217
45866718
46410655
46811940
46885937
46977259
47129512
47215817
47401964
47489041
47608261
47669357
47982546
48119805
48362308
48570768
48798339
49097099
49457007
49391463
49529744
49633414
49775407
49937212
50189119
50269169
50357246
50384766
50420830
50457459
50532010
50568911
50727751
50801853
50876329
51078070
51418567
51560975
51919350
52228853
52492820
52755459
52950339
53647711
54063526
54428563
54571476
54604277
54690874
54717223
54876264
55014603
55043285
55112014
55553553
55847970
55961662
56120496
56538205
56960584
56993884
56987403
57375664
57479699
57689609
57902898
58015755
58207496
58265495
58483973
58587236
58462141
58564716
58689138
58998234
59765001
59884849
59969177
60035969
60094577
60142556
60302200
60349121
60934913
61851878
60907725
60958179
60751322
60757169
60758455
60762464
60761883
60764227
60764161
60767529
60767156
60767903
60771107
60771399
60775154
60777133
60776324
60777698
60779414
60780120
60781259
60782578
60783256
60784748
60783625
60785631
60787283
60786325
60788161
60789452
60789496
60788913
60791544
60792204
60792199
60793450
60792233
60792451
60797597
60797824
60798662
60798979
60800030
60798775
60800536
60799621
60802100
60801032
60802014
60802162
60803950
60804030
60805705
60804348
60804957
60803530
60805803
60805879
60805123
60807491
60806801
60808567
60811852
60812158
60812544
60812904
60812763
60813828
60813757
60814475
60812909
60814306
60816074
60816496
60817178
60815445
60818047
60817316
60817386
60818790
60820433
60819174
60822025
60822613
60821193
60823842
60826100
60827936
60827957
60827673
60829648
60829807
60829238
60828808
60829129
60831881
60831686
60830395
60832938
60833767
60832496
60835305
60836084
60834275
60836747
60837259
60835526
60838036
60837284
60839666
60839563
60841247
60840733
60842481
60841599
60844062
60843142
60845116
60845203
60845260
60846325
60846477
60846402
60847279
60845903
60850074
60848956
60847615
60849681
60848361
60851762
60850893
60849651
60852993
60851992
60854988
60853206
60854793
60855663
60856598
60856599
60856568
60857611
60859416
60858172
60860379
60858833
60859181
60859548
60859737
60859692
60860778
60859191
60863386
60861960
60864274
60862789
60863152
60861876
60863627
60866273
60867300
60866182
60870403
60868643
60869029
60867284
60868994
60869720
60870743
60869228
60873848
60872029
60872832
60871064
60873406
60873454
60872323
60874457
60873034
60874651
60873714
60875922
60874499
60879617
60878648
60878743
60880545
60878852
60881483
60880152
60884639
60882593
60880957
60883404
60883626
60881989
60882258
60887540
60884994
60885451
60885753
60883909
60886342
60886468
60886267
60887205
60888300
60887059
60889494
60891873
60892135
60892799
60891212
60893638
60892613
60894278
60892924
60897981
60895389
60895345
60896163
60894901
60900064
60897248
60897100
60898105
60897571
60896522
60899461
60897740
60900299
60899387
60898791
60903786
60902208
60904456
60908744
60905740
60905459
60906626
60906093
60905299
60907582
60906142
60908527
60908518
60909245
60907781
60913693
60910144
60910380
60910928
60909522
60909821
60911781
60910344
60912801
60911865
60913947
60916233
60920782
60916999
60921940
60918091
60918395
60918748
60917096
60923505
60919657
60919920
60920468
60919178
60925556
60920479
60919723
60921931
60926888
60922831
60922799
60923975
60923414
60922671
60924084
60926166
60928953
60927132
60929459
60930052
60928555
60929049
60936022
60930655
60931930
60933016
60932118
60931713
60934863
60932382
60935070
60935148
60935573
60935833
60936330
60935041
60936922
60936089
60935617
60936081
60945690
60941312
60941041
60942119
60942205
60942565
60941173
60948725
60943622
60943934
60943722
60944568
60942917
60943662
60943683
60945840
60951760
60946842
60945040
60947476
60947691
60946099
60947955
60948801
60948989
60952214
60951560
60950282
60951085
60953422
60959583
60952210
60954475
60952583
60955091
60955388
60955792
60954404
60954236
60957300
60955072
60957515
60956619
60956414
60956944
60959071
60959064
60959662
60958349
60966098
60960365
60969965
60963964
60970492
60964991
60963632
60966866
60966780
60967657
60966938
60966692
60967101
60975602
60969791
60969779
60970649
60971001
60971316
60970775
60969823
60972322
60972326
60979371
60971913
60971376
60972224
60983867
60977549
60977482
60978578
60985652
60977465
60977488
60979645
60987126
60980572
60980291
60981438
60980146
60982231
60981582
60980737
60982945
60981508
60983993
60990935
60984648
60985001
60983600
60983534
60985795
60996322
60988595
60989426
60988766
60988700
60990427
60989751
60990352
60999750
60992549
60991255
60993906
60993277
60994321
60994724
60993169
60993492
61003318
60996039
60994673
60996930
60997164
60997723
60997066
60997154
60996882
61009157
61001679
61010470
61002598
61010712
61003236
61004173
61004517
61004921
61004402
61004505
61006727
61014998
61007487
61007233
61008552
61006959
61007629
61009663
61010096
61010354
61009442
61008948
61011207
61019724
61013565
61015416
61014181
61013860
61016095
61025116
61015968
61016653
61017755
61018008
61018454
61017711
61017040
61019146
61028577
61019931
61019859
61021084
61021302
61021349
61020594
61019970
61022103
61031669
61023099
61025506
61026551
61025529
61027266
61025809
61036460
61027986
61037553
61028835
61027254
61029544
61029848
61030259
61028986
61029690
61031228
61030087
61030269
61030517
61030447
61032631
61042508
61033474
61033351
61034285
61034320
61037631
61037839
61038256
61037593
61037349
61037259
61048403
61039620
61038011
61040502
61050651
61040789
61040089
61042467
61042413
61043181
61043488
61043862
61043131
61042507
61044715
61056049
61046488
61046197
61047122
61050007
61050351
61048773
61049104
61060812
61051361
61061719
61052288
61050656
61053069
61052842
61053688
61053985
61054440
61054765
61055053
61054052
61053792
61054250
61066308
61057351
61067260
61057111
61055567
61057775
61070940
61061240
61061010
61062075
61062212
61062702
61062141
61061421
61061939
61062011
61064306
61065252
61075655
61065402
61063725
61066247
61064914
61066795
61067180
61067581
61067745
61068074
61067118
61066340
61079692
61069220
61070807
61071709
61073029
61071668
61071521
61074069
61074100
61085388
61074689
61085961
61074613
61073868
61074241
61075028
61075279
61076173
61075829
61075958
61078115
61089726
61079015
61090830
61079655
61077993
61080313
61080122
61083731
61083993
61084374
61083424
61085116
61083272
61085738
61084208
61086525
61084630
61087087
61085819
61087935
61088062
61088487
61088004
61087412
61088692
61089473
61102459
61091269
61103317
61090756
61104256
61092607
61093628
61096034
61095726
61096647
61096489
61097338
61097403
61097948
61098193
61098567
61097630
61099142
61111769
61099833
61098221
61100562
61100319
61101175
61101455
61101938
61102242
61102530
61101166
61101124
61101395
61116073
61105545
61107159
61119459
61105734
61105477
61106551
61120897
61108903
61121873
61109752
61108288
61110539
61110162
61111158
61109397
61109657
61124201
61111851
61125047
61112816
61111296
61113831
61113288
61114372
61114662
61115159
61130939
61116518
61117601
61117431
61132054
61119543
61132995
61120142
61133636
61120844
61134615
61121621
61121367
61122371
61120540
61123069
61122740
61123661
61121884
61122784
61122473
61122907
61123089
61125259
61138998
61128854
61142491
61129439
61127691
61130250
61129948
61130866
61131156
61131506
61131817
61132204
61131131
61132874
61146442
61133192
61147403
61134651
61148213
61134496
61148893
61134420
61133699
61135790
61150286
61136440
61150710
61140038
61138426
61140818
61140550
61142380
61142711
61143143
61157515
61143530
61157987
61144146
61158728
61144721
61143126
61145532
61145361
61146268
61146411
61146170
61161015
61146623
61161224
61147032
61161237
61146966
61147433
61149656
61147983
61148567
61149800
61149601
61149864
61149018
61149928
61149277
61149995
61147860
61150176
61147964
61150024
61147943
61150085
61149364
61150155
61149367
61150182
61149448
61150156
61148123
61150220
61148125
61150212
61148100
61150344
61148307
61150220
61164596
61150054
61164575
61150876
61164642
61150385
61148403
61150596
61149822
61150462
61148490
61150471
61149973
61150487
61148495
61150739
61150176
61150775
61165111
61148898
61164623
61150650
61165106
61149253
61151048
61150978
61151166
61150854
61151138
61151041
61151229
61151087
61151218
61149806
61151244
61149934
61151212
61151303
61151303
61150661
61151172
61150548
61151188
61164777
61150522
61151083
61149254
61151345
61150659
61151460
61165333
61149720
61151679
61150622
61149774
61150135
61151687
61149528
61150870
61165850
61151459
61165608
61151588
61165923
61151491
61165691
61150956
61151982
61150658
61152163
61151071
61152056
61151460
61151881
61165849
61152991
61167500
61153041
61167265
61151464
61167397
61153366
61167773
61153379
61167920
61153419
61167662
61153689
61168103
61153729
61151832
61151944
61167808
61151955
61167738
61153816
61168093
61153918
61168445
61153191
61168338
61152355
61152207
61152405
61153290
61152679
61152438
61152457
61154623
61154533
61154547
61154440
61154761
61154657
61154678
61154509
61154732
61154152
61154676
61152670
61154812
61168928
61153742
61152148
61152879
61152263
61153141
61152784
61152766
61152745
61153100
61152836
61153013
61168827
61154735
61168831
61155080
61155204
61154875
61155200
61155168
61155438
61155167
61155276
61154502
61155440
61154556
61155247
61169242
61153349
61153315
61153820
61153495
61154313
61155553
61154041
61155630
61155130
61155752
61169812
61153725
61153626
61154129
61153852
61154999
61156090
61155343
61155698
61170194
61155803
61169905
61155840
61169988
61155804
61169903
61155858
61170105
61155895
61154882
61156100
61156196
61154122
61156287
61154172
61156279
61170310
61156401
61170277
61156270
61170296
61155147
61156548
61156649
61156663
61155377
61156854
61156743
61157000
61156817
61157005
61156505
61156943
61155064
61156983
61154536
61154873
61170975
61155264
61155375
61155918
61155230
61156152
61157089
61156898
61157238
61156002
61157213
61156778
61157328
61172817
61158337
61172676
61158363
61172958
61158505
61172816
61158583
61172470
61157052
61156868
61157602
61158671
61157152
61156913
61157267
61157134
61157910
61158887
61158848
61157907
61172852
61158912
61173241
61158897
61173342
61158910
61173060
61157396
61159352
61159132
61159231
61158521
61159226
61157169
61159293
61173745
61159231
61173491
61159918
61173585
61159051
61173184
61157381
61173216
61159192
61159481
61158974
61159542
61173979
61158694
61173927
61159536
61157670
61159678
61157557
61159678
61157645
61159745
61157613
61158077
61159913
61173954
61158512
61159988
61174114
61158299
61159366
61173656
61158093
61158892
61158856
61160045
61158879
61158209
61159287
61160275
61159724
61159240
61174551
61160047
61174105
61160087
61174287
61160127
61174140
61160167
61174089
61160149
61174322
61158501
61174322
61158582
61158510
61158896
61158533
61158840
61159581
61159504
61158834
61159589
61160798
61160280
61160025
61174834
61161528
61174810
61159096
61159744
61159472
61160891
61159578
61161225
61160984
61161043
61159067
61161086
61175199
61161610
61175368
61160885
61175009
61159152
61159059
61159315
61159167
61159358
61159043
61160756
61161190
61175242
61159419
61159655
61160673
61161634
61161489
61161664
61175559
61161399
61175661
61159679
61159903
61162204
61162284
61162254
61162415
61176962
61162308
61160150
61160923
61160364
61161473
61162547
61160847
61162515
61160389
61162411
61160378
61162622
61160650
61163982
61161963
61164094
61162218
61164199
61178579
61163215
61178400
61162214
61162115
61162401
61162206
61162462
61162144
61162451
61163308
61162662
61161926
61162726
61164415
61163102
61162147
61164390
61164653
61163838
61164645
61178816
61164363
61178880
61162766
61162493
61162869
61162922
61163454
61162967
61163377
61164853
61164116
61163882
61179150
61165436
61178624
61162857
61162713
61163065
61162801
61163438
61164938
61165029
61165002
61179378
61164713
61178897
61163209
61163076
61164070
61165055
61165030
61165095
61164423
61165268
61163146
61165103
61164139
61164382
61165466
61164654
61165362
61163435
61163353
61163839
61164551
61165512
61165552
61165764
61165089
61165790
61163552
61165557
61180029
61165682
61179863
61165509
61179471
61164026
61165763
61164491
61165827
61165751
61165907
61165766
61165924
61165290
61166063
61180306
61166637
61163594
61164394
61164152
61164757
61166188
61166040
61166266
61165598
61164287
61164276
61164699
61164574
61165202
61166730
61165860
61166490
61164439
61166485
61180617
61166265
61180914
61164918
61166738
61164558
61166610
61180843
61166550
61180803
61166617
61180960
61166603
61181048
61165112
61164913
61165142
61167194
61166974
61167063
61166380
61167130
61165039
61166907
61181450
61166953
61181538
61166966
61181527
61166979
61181187
61165358
61165118
61166302
61167584
61167375
61167608
61181496
61167860
61181148
61165757
61167470
61166949
61167513
61167593
61181997
61167424
61181947
61165899
61165707
61166230
61167919
61165855
61167863
61182387
61168799
61181813
61167342
61166195
61166590
61166955
61168174
61166161
61168216
61168407
61166295
61170021
61168131
61169982
61184417
61169817
61184027
61168275
61168151
61168483
61168539
61168808
61170260
61170163
61170351
61168266
61170346
61184723
61170177
61184443
61170955
61184734
61170216
61168360
61168757
61169246
61169208
61170540
61170515
61170553
61170456
61170665
61168532
61170540
61168443
61168800
61168880
61170483
61170437
61170924
61170215
61170902
61184792
61170535
61184591
61169072
61170926
61184733
61169624
61171049
61170656
61171041
61168998
61171136
61170875
61170948
61171341
61170444
61171293
61169253
61170323
61185692
61171280
61171518
61185788
61169596
61169607
61170604
61171640
61171495
61171734
61185585
61171487
61185640
61170178
61169949
61170784
61172000
61170378
61171995
61186071
61171580
61186229
61170079
61171960
61186408
61171787
61186208
61170218
61170058
61170828
61172037
61172001
61172131
61185908
61170922
61172227
61171761
61172192
61170268
61172235
61172309
61186514
61170551
61170387
61170821
61170136
61171183
61172536
61170523
61172555
61186980
61171298
61172676
61186546
61171130
61171156
61171521
61172979
61172821
61172872
61170784
61172826
61186836
61170890
61170778
61172873
61173010
61170915
61172032
61187169
61172737
61172101
61187334
61171457
61173095
61172878
61170944
61170400
61171553
61173107
61172373
61173153
61187581
61172957
61187063
61172871
61187367
61172914
61187175
61171284
61172187
61173266
61173382
61187399
61171731
61173454
61172944
61173522
61187908
61172500
61187329
61171801
61172458
61172300
61173663
61171602
61173460
61187594
61171484
61173334
61171628
61171950
61171879
61173738
61173891
61171752
61173698
61188071
61173639
61172801
61172711
61173951
61171965
61173761
61171953
61172401
61174063
61172783
61174134
61172052
61174098
61173400
61173234
61173542
61172398
61172924
61174328
61173601
61174333
61188515
61174236
61188182
61172468
61172369
61174614
61176405
61176284
61176421
61174395
61176437
61190964
61176364
61176468
61190398
61174502
61174556
61174833
61174649
61190551
61176142
61190206
61174740
61176696
61175222
61176698
61175913
61175618
61190895
61176429
61174610
61174949
61176795
61174637
61175841
61177017
61176277
61176886
61176163
61176950
61174780
61176061
61191121
61176807
61190852
61175440
61175229
61175933
61177310
61177093
61177452
61176780
61177396
61191374
61177275
61191269
61175813
61175578
61177480
61177569
61175389
61177513
61191461
61177269
61191639
61175797
61177639
61177628
61177631
61192011
61177585
61191558
61175777
61191574
61191737
61176281
61178093
61177828
61177965
61177269
61178035
61192135
61177351
61177031
61192171
61176171
61177953
61176606
61178072
61177974
61176112
61177939
61192195
61176221
61178253
61192358
61178819
61176276
61176673
61178386
61177048
61178358
61176037
61176532
61176169
61176655
61178330
61176770
61178349
61192711
61178405
61192455
61178103
61176298
61176578
61176357
61177307
61178489
61178361
61178618
61192896
61178497
61192586
61178335
61192447
61177026
61176708
61177357
61178720
61177905
61177569
61178334
61192435
61176758
61178642
61178682
61178754
61178031
61178774
61176697
61178626
61178842
61192678
61177338
61178952
61178859
61178904
61176761
61178919
61193281
61178719
61192742
61177332
61179024
61192964
61177146
61177088
61176975
61177394
61177405
61177975
61179283
61179173
61179259
61177245
61179390
61193268
61179999
61193368
61177673
61177972
61179545
61179457
61177406
61179527
61177368
61179577
61193493
61179548
61177549
61177966
61179652
61177611
61178223
61179772
61193913
61179453
61193476
61178045
61177984
61178677
61179555
61177833
61179552
61179232
61193924
61178146
61178057
61178676
61180368
61178784
61180299
61179651
61180387
61178439
61180495
61194586
61180323
61194276
61178953
61180440
61178403
61178894
61180553
61178465
61180613
61180433
61180764
61194784
61180759
61180449
61180660
61194849
61180904
61180597
61180835
61194816
61180844
61180826
61180911
61178960
61180548
61195191
61181156
61180988
61182236
61183127
61183099
61181114
61182191
61197374
61183019
61197152
61181672
61181570
61182403
61183107
61183612
61181465
61183264
61181469
61181784
61183675
61183636
61183769
61183371
61183665
61181697
61183715
61197860
61183519
61197716
61182004
61181460
61183860
61183949
61197999
61183633
61181954
61182204
61184013
61181525
61183175
61182832
61198160
61181917
61182507
61182745
61184122
61182058
61184173
61184208
61198116
61184008
61181984
61182648
61182481
61184315
61184190
61184917
61198338
61182669
61182560
61184357
61184617
61182532
61184612
61198639
61184529
61198749
61182998
61182944
61183792
61185080
61183810
61182908
61184694
61198718
61183169
61185149
61185093
61185158
61183033
61184221
61199041
61184967
61183084
61183436
61183348
61184574
61185501
61185421
61185493
61183378
61185290
61199279
61183744
61183828
61184470
61185717
61185089
61183877
61185673
61185260
61185780
61199941
61184166
61185930
61200043
61185339
61185715
61183870
61185172
61186205
61183984
61185900
61200094
61185905
61186047
61186226
61185435
61185931
61184201
61185350
61186362
61184443
61185871
61186205
61185731
61185296
61200556
61186076
61184244
61184791
61186545
61186007
61186376
61200756
61184447
61184959
61185312
61186611
61184523
61186487
61184654
61185027
61184976
61185262
61185688
61186795
61200960
61184856
61185309
61185670
61186904
61201161
61184807
61185034
61185608
61186920
61186832
61184880
61201237
61186984
61187059
61184971
61186743
61200853
61185362
61187198
61187091
61187187
61185099
61187135
61201241
61185511
61187224
61186720
61187315
61201084
61186999
61201271
61185420
61187400
61185462
61187279
61201305
61185914
61187480
61187404
61187544
61186756
61186261
61201497
61185553
61186621
61186882
61187819
61187127
61187733
61202209
61187361
61187593
61185823
61186535
61188172
61188081
61188215
61187847
61187299
61187924
61201786
61186293
61188153
61185952
61188546
61186121
61186617
61188255
61202136
61186875
61188426
61202764
61188038
61187214
61187209
61188466
61187842
61188434
61202851
61186566
61186715
61188604
61188628
61202720
61186528
61186429
61186976
61188740
61188694
61188804
61202880
61186755
61188520
61188758
61188264
61188708
61186984
61186680
61188835
61202680
61187232
61188921
61188277
61188841
61203104
61188723
61202907
61187336
61191329
61191184
61191444
61205677
61191203
61205373
61189696
61189680
61190462
61191617
61190880
61191609
61189603
61191488
61205957
61189984
61191865
61191792
61191994
61205637
61191217
61191750
61189966
61190456
61192052
61205904
61205909
61205959
61191401
61190384
61192196
61191555
61191188
61192152
61190132
61191147
61206386
61191954
61206151
61190502
61192215
61192159
61192416
61206494
61192996
61206262
61190705
61192418
61191852
61192475
61206452
61190858
61190647
61192247
61192683
61206484
61192416
61190686
61191008
61192769
61192822
61192809
61190847
61191849
61190941
61191211
61192948
61190939
61192955
61192972
61207081
61192752
61191060
61191505
61193266
61193145
61192991
61193352
61207439
61193410
61193194
61191437
61192572
61193506
61192673
61193378
61207740
61193532
61192634
61191487
61192609
61193597
61192911
61193356
61207425
61191996
61193583
61192436
61193749
61207601
61191697
61192585
61192396
61193899
61193261
61193915
61207751
61192196
61193981
61193839
61194027
61208037
61192074
61192941
61192741
61194166
61191692
61192331
61194566
61194175
61208070
61192147
61192662
61194051
61194379
61208319
61193950
61208222
61192563
61194378
61192164
61194223
61208251
61192304
61191979
61193158
61194461
61208505
61194324
61194294
61192331
61193531
61194417
61193622
61193361
61208624
61192699
61194543
61193932
61194538
61208785
61194294
61193507
61193283
61194756
61192596
61194368
61208840
61192699
61194837
61208984
61194848
61194889
61192889
61194242
61195081
61192832
61194062
61208869
61194757
61208938
61193455
61195144
61192940
61194347
61209347
61194981
61194286
61195251
61195412
61193334
61194666
61209694
61193502
61193990
61194603
61225731
61207209
61209221
61209989
61224575
61210339
61208597
61209638
61211426
61211445
61211796
61225726
61211847
61212147
61210911
61212177
61212418
61227059
61212544
61227039
61211231
61211139
61212296
61213233
61212455
61213044
61227615
61213138
61211217
61211590
61211841
61212065
61213442
61212876
61213502
61227576
61213343
61212522
61212490
61213795
61213742
61213903
61211742
61211851
61213865
61227977
61212457
61214293
61214121
61214384
61213685
61214417
61212487
61213591
61228977
61212761
61213204
61214675
61214809
61214339
61213222
61214857
61214267
61214888
61214983
61212915
61213438
61215175
61215072
61215263
61213250
61213910
61215352
61229227
61214962
61229221
61213701
61213442
61215403
61215492
61214796
61215484
61230011
61215390
61229483
61214003
61213843
61214451
61215794
61215071
61215725
61230036
61213758
61213628
61214151
61215912
61215442
61213829
61213784
61215270
61215817
61213985
61217151
61218854
61218363
61217882
61218971
61217008
61217950
61219207
61218527
61219106
61233489
61217372
61217572
61218157
61219392
61218744
61219462
61217483
61217965
61219716
61219544
61219753
61217651
61219684
61233928
61217816
61217792
61218329
61219812
61220005
61219382
61219833
61234016
61219688
61234000
61218102
61218931
61220064
61220078
61219587
61220292
61234627
61220840
61218270
61234597
61219101
61220406
61218495
61220425
61234427
61218818
61220518
61219688
61220601
61234584
61218797
61220537
61220539
61220731
61220206
61220641
61235123
61220765
61218677
61219227
61219267
61220735
61220899
61220450
61221165
61220277
61220928
61218895
61221690
61219002
61219576
61219167
61220392
61221686
61235160
61219610
61221446
61219872
61221394
61235468
61221445
61219823
61221762
61219666
61220471
61221776
61221073
61221719
61235623
61220188
61221924
61235874
61220674
61221866
61221215
61221998
61236035
61221862
61236046
61220427
61222089
61221978
61222101
61220037
61221117
61236084
61220578
61220342
61222070
61222231
61236590
61222167
61236414
61220794
61222456
61220381
61222502
61236808
61220789
61221560
61222771
61222956
61220341
61220914
61221269
61223033
61221037
61222888
61237006
61221155
61222998
61222826
61223014
61236948
61222861
61237095
61221375
61222026
61223135
61223344
61221174
61223308
61223505
61237523
61223161
61221315
61221709
61223620
61223301
61223612
61221476
61223299
61237550
61223401
61221579
61222780
61223789
61221576
61221904
61221857
61223235
61223647
61221819
61222769
61223843
61221754
61223730
61223969
61221840
61223800
61238088
61222392
61224102
61223413
61223947
61238168
61223901
61238011
61222606
61222504
61223063
61224359
61223871
61224453
61238874
61222634
61222517
61222935
61224737
61224008
61224418
61222689
61223716
61225004
61222814
61223805
61239050
61223324
61225074
61224546
61225025
61223021
61224717
61225107
61225136
61223170
61224081
61225314
61223161
61225234
61239300
61223350
61222990
61225318
61225332
61223332
61225118
61239617
61223761
61223622
61224550
61225569
61224883
61224676
61239881
61225422
61239695
61224038
61225809
61225661
61225822
61225114
61225789
61239956
61225682
61240106
61224342
61226220
61226212
61226465
61226406
61224430
61226615
61226731
61241015
61226592
61241037
61225263
61227048
61226964
61226988
61226471
61227576
61224929
61225350
61227159
61226990
61227127
61224974
61227020
61225003
61227150
61227239
61241577
61226984
61241295
61225850
61227413
61226676
61227357
61241474
61227274
61225506
61226335
61227705
61225678
61227724
61241987
61225963
61225851
61226569
61225867
61228053
61241792
61226452
61228053
61227645
61228258
61242284
61228062
61228254
61242503
61228678
61226108
61226556
61228320
61226641
61228336
61242620
61228903
61226089
61226599
61228376
61227732
61228293
61242340
61228271
61227348
61227244
61228576
61227815
61228469
61242784
61226715
61226697
61227104
61228763
61228813
61227605
61231623
61231936
61229804
61230268
61231533
61229725
61230575
61231999
61231977
61232304
61230120
61232874
61246164
61230709
61232398
61232491
61232649
61230585
61232600
61246421
61230949
61232539
61232069
61232534
61246632
61232478
61230520
61231822
61232831
61232707
61231208
61232934
61246816
61231259
61232921
61231419
61232971
61231845
61232307
61231221
61233123
61232968
61233040
61231078
61233202
61247248
61231668
61233477
61233219
61233260
61247582
61233152
61247245
61231522
61231330
61231931
61233467
61232925
61233558
61247755
61233376
61231646
61232523
61233769
61233074
61233717
61231621
61232821
61233782
61232653
61233693
61233905
61231653
61232798
61247971
61231958
61231862
61232382
61234634
61234134
61233424
61234105
61248405
61233895
61232090
61232634
61232375
61248351
61232446
61234389
61248279
61233293
61234413
61233837
61234231
61232279
61233288
61234665
61234373
61234630
61248581
61232731
61232680
61234677
61235437
61233117
61249229
61233731
61234736
61235025
61248853
61234536
61233224
61234882
61235120
61249333
61233167
61235171
61233570
61234238
61233997
61249477
61235285
61235332
61233131
61235252
61249501
61233683
61235447
61235323
61235535
61249884
61235393
61249655
61233955
61235620
61235516
61235735
61233606
61235521
61233611
61234862
61235844
61235182
61234972
61250041
61234185
61235874
61235284
61234937
61235905
61249769
61234078
61233932
61235640
61235986
61250186
61235987
61250029
61235042
61236358
61236162
61236042
61236529
61250629
61234621
61236379
61250489
61235567
61236351
61234174
61236295
61234226
61236162
61236689
61234542
61236667
61234673
61235145
61236807
61236097
61236751
61251038
61235178
61234967
61236921
61237024
61234895
61236933
61235002
61235498
61235440
61237063
61237279
61251716
61235353
61235793
61237339
61237548
61236961
61237523
61251496
61237374
61235491
61237077
61236156
61237917
61235730
61236238
61237039
61235892
61236286
61238119
61237354
61237120
61251970
61236418
61238470
61237805
61238253
61252305
61236441
61236551
61238282
61238389
61252399
61238172
61252353
61237340
61238597
61237809
61238517
61252460
61238413
61238586
61252446
61237041
61238826
61237993
61238773
61252785
61237129
61238941
61238489
61239026
61253481
61238860
61236977
61237613
61239216
61238538
61239127
61253276
61237252
61237571
61252931
61237304
61237825
61239334
61239444
61237195
61239939
61253273
61237708
61237713
61238840
61238487
61240251
61239660
61237294
61237563
61239553
61237718
61238790
61239855
61237692
61239908
61237812
61238185
61240006
61239403
61240107
61254010
61239791
61254026
61238335
61240267
61239671
61240088
61254205
61238258
61240184
61240084
61240200
61254511
61240061
61238127
61238599
61238511
61240146
61240256
61254506
61238426
61238527
61240272
61240518
61254271
61239087
61240306
61240493
61254543
61238684
61239106
61240588
61240677
61255060
61240436
61254860
61239250
61239015
61240863
61241003
61238898
61241019
61254959
61239111
61239578
61238986
61239351
61241304
61239031
61241668
61239162
61239559
61241272
61239361
61241848
61239008
61241323
61241015
61255278
61239678
61241433
61240969
61241359
61255636
61239812
61241576
61240014
61241275
61241684
61239612
61241745
61241773
61239681
61240874
61256001
61241673
61240876
61241961
61242200
61241556
61242168
61256097
61243795
61245577
61243611
61245557
61245595
61259988
61245568
61243811
61245035
61245897
61243819
61245920
61260043
61244299
61244184
61244819
61246169
61260411
61244147
61244230
61245915
61246110
61260289
61245262
61246202
61260152
61244544
61246209
61244976
61245720
61246171
61244339
61245536
61246548
61244422
61246208
61245315
61244446
61244883
61246743
61245464
61244622
61246534
61245635
61246723
61246911
61261048
61246451
61244427
61245846
61246852
61246734
61246940
61260830
61244884
61245772
61246938
61247075
61261485
61246591
61246868
61261131
61245086
61247248
61246706
61247075
61261039
61245434
61247315
61261167
61261637
61245559
61247320
61245044
61247914
61245004
61261396
61247276
61247447
61261379
61245395
61245646
61246055
61245656
61247807
61247183
61247802
61245980
61246626
61247724
61245782
61246659
61248159
61246500
61247908
61261910
61246342
61248079
61248033
61248266
61246942
61247997
61248239
61248322
61262313
61248244
61248347
61262304
61247213
61248518
61248089
61248192
61262758
61246530
61248363
61247821
61248283
61262316
61246375
61248547
61247226
61248488
61246283
61248171
61246469
61247618
61248671
61246477
61248574
61262795
61246878
61247208
61248672
61248635
61262709
61246850
61248755
61248255
61248658
61263215
61246927
61248976
61263404
61248121
61248648
61248889
61246982
61249143
61249140
61247086
61248957
61263302
61247596
61249354
61249233
61249555
61263624
61248201
61249705
61264091
61249464
61263814
61248530
61249848
61247776
61248870
61247703
61248903
61249816
61264157
61249626
61247794
61248967
61250051
61247877
61249762
61247906
61248354
61250221
61249140
61248145
61250033
61264088
61249425
61250359
61248284
61250934
61249225
61250385
61250399
61248311
61250966
61248507
61248852
61250490
61249962
61250472
61264743
61248759
61250814
61265050
61250698
61249944
61264657
61249153
61250935
61250940
61251026
61265011
61248977
61251122
61250679
61251226
61265644
61250969
61248823
61251216
61251339
61265116
61249623
61251349
61249553
61249228
61251113
61265711
61249729
61251610
61250852
61249784
61251371
61249320
61251427
61265311
61250431
61251496
61265410
61249450
61251646
61251426
61251689
61265709
61249784
61251710
61251114
61251627
61265613
61250249
61250199
61252009
61251999
61266266
61250076
61249879
61266451
61250653
61250394
61252389
61252478
61266747
61250552
61252587
61266874
61250905
61252680
61251329
61251873
61253233
61250636
61251669
61252821
61266831
61251039
61253067
61252847
61253148
61266959
61251339
61253158
61252213
61252983
61266831
61251509
61251438
61253200
61253241
61267147
61252179
61253361
61253285
61253531
61251430
61253277
61267698
61253120
61253622
61251426
61253610
61253795
61268008
61252656
61253948
61268181
61252304
61254058
61253294
61253790
61253017
61254105
61254044
61268313
61252358
61254092
61267889
61252928
61254236
61253359
61253954
61268154
61253383
61254395
61254457
61252335
61254432
61268336
61252982
61254620
61252556
61254328
61253483
61254571
61254831
61269166
61254566
61252775
61253734
61254673
61253811
61252949
61254823
61252940
61254740
61255077
61253228
61254962
61253093
61253877
61255138
61254480
61255277
61269298
61253653
61255445
61255191
61255338
61269337
61253817
61255554
61254909
61255594
61253638
61254742
61255498
61269369
61253713
61255437
61254775
61255558
61269386
61254816
61255586
61269610
61253736
61255748
61255079
61255815
61255837
61253847
61255844
61256038
61256088
61255633
61255971
61269997
61256005
61256070
61270381
61254491
61256276
61255803
61256197
61270535
61254720
61256580
61255669
61256346
61270398
61255379
61255892
61256232
61256165
61256350
61270726
61254726
61256569
61255931
61256561
61270639
61254902
61254828
61256522
61255874
61271066
61258952
61260611
61260616
61260667
61274944
61260514
61259426
61260721
61275107
61260685
61259786
61259562
61260939
61274898
61259013
61259079
61260866
61261040
61274844
61259522
61261198
61259185
61261762
61259125
61260373
61261392
61275549
61260541
61261270
61259280
61259999
61261434
61259380
61262057
61260456
61261484
61261686
61275426
61260007
61261672
61260908
61261503
61259695
61260919
61261805
61259638
61260940
61260555
61276006
61260747
61261956
61259854
61261766
61260059
61261459
61262047
61275912
61260262
61262164
61260963
61262231
61276497
61260590
61262378
61259965
61261955
61261210
61262062
61262154
61262327
61260201
61262000
61261204
61262311
61262291
61276639
61260660
61262431
61261684
61262468
61260549
61261529
61262697
61260578
61261090
61262824
61262784
61276985
61261057
61261024
61277370
61262850
61262679
61276880
61263018
61263059
61276853
61261634
61263137
61277215
61261560
61263300
61261021
61262901
61262101
61263066
61263131
61276986
61262042
61263391
61261248
61264016
61261253
61262528
61263465
61277317
61261797
61263486
61261333
61263194
61261389
61263430
61263519
61277309
61261792
61263724
61262909
61262590
61261576
61262062
61263823
61278048
61262330
61261834
61263859
61263125
61263816
61261912
61263112
61263971
61278010
61262042
61264046
61261845
61263736
61263950
61261845
61262035
61264036
61263275
61264048
61277992
61263112
61264216
61261962
61263906
61264022
61277909
61263070
61264204
61278587
61264000
61262491
61263888
61263438
61262216
61263529
61264490
61278255
61263590
61264531
61262357
61264245
61263247
61264458
61263636
61264747
61278404
61263082
61264816
61279175
61262832
61264932
61279168
61264040
61265052
61262995
61264811
61263912
61264989
61265027
61278890
61263434
61265120
61263117
61265005
61263146
61264394
61265433
61279381
61263669
61265403
61264720
61265997
61263244
61279615
61263772
61265512
61279700
61263751
61265533
61280107
61265370
61264549
61265573
61265699
61280010
61265765
61264191
61265979
61263761
61265775
61263865
61264625
61265975
61280316
61264193
61266149
61265262
61266644
61264895
61264906
61266048
61279932
61264506
61266165
61280620
61265972
61264388
61280336
61264402
61266211
61265611
61265380
61280024
61265247
61266576
61265740
61266311
61264285
61265925
61266623
61264616
61266613
61266702
61280836
61264900
61266880
61266465
61266865
61267041
61280970
61265749
61267123
61265160
61267249
61267294
61281174
61266026
61267294
61281393
61265704
61267294
61265247
61267032
61265173
61266987
61267433
61281573
61265641
61267543
61266792
61266341
61267663
61281528
61265693
61267598
61265520
61267408
61266526
61267638
61267754
61281752
61266947
61267929
61282048
61265904
61267929
61267240
61267979
61265856
61266301
61267484
61267941
61266716
61267807
61267923
61265974
61267198
61268159
61266003
61268664
61266238
61268281
61268244
61282122
61267955
61266347
61268492
61282197
61267838
61266454
61268476
61268535
61268038
61282274
61267589
61267475
61267374
61267361
61268186
61268367
61267399
61268032
61268504
61266507
61267642
61268630
61266730
61268565
61282635
61267787
61268859
61266894
61269554
61267061
61267207
61269061
61269034
61283149
61269223
61269288
61283344
61268202
61269459
61267371
61269228
61267661
61269584
61269448
61267509
61268679
61269691
61284098
61269385
61268677
61268476
61270415
61267399
61269720
61269792
61284117
61268199
61269933
61267893
61269689
61268868
61269928
61269038
61268048
61269609
61269860
61268153
61269768
61270069
61284076
61269429
61270315
61270122
61270421
61269582
61270036
61268626
61268148
61270036
61269116
61270207
61270375
61284279
61269589
61270502
61284351
61270217
61269546
61270682
61270439
61270728
61284591
61269836
61270872
61270658
61270037
61270458
61269634
61270865
61270814
61268797
61270968
61271012
61284854
61269776
61271020
61285406
61269139
61271280
61270492
61270048
61270215
61271221
61271310
61285180
61285774
61271384
61271977
61270190
61271206
61271319
61285568
61269962
61271846
61271174
61272279
61270730
61271459
61271893
61269794
61270602
61272204
61286115
61270269
61272078
61286440
61270296
61272345
61270072
61271957
61271061
61271797
61271425
61286240
61272320
61272238
61286600
61270812
61276706
61290769
61274950
61276690
61291046
61274740
61276457
61276671
61276802
61274817
61276893
61290804
61276185
61275992
61276761
61277060
61275195
61274939
61276851
61275363
61276673
61276971
61276051
61276814
61277255
61275242
61276517
61277464
61291193
61276476
61277410
61291546
61275057
61277034
61275501
61276746
61278128
61276226
61277440
61277595
61291978
61277378
61276506
61277194
61277477
61276653
61277618
61277803
61291517
61276794
61277820
61291658
61276958
61276002
61277660
61277925
61275646
61277711
61276836
61277814
61276913
61277754
61275689
61276161
61277850
61291993
61276142
61277855
61275750
61277713
61276841
61277956
61278039
61291798
61276822
61278138
61292359
61276242
61276269
61278389
61278362
61292434
61276741
61278625
61276561
61278405
61277594
61278546
61278635
61292797
61277594
61278854
61292688
61277842
61278902
61293064
61292978
61277260
61278997
61293007
61277161
61279171
61293287
61277404
61279312
61277114
61279002
61276890
61279235
61279393
61293231
61279561
61279510
61293412
61279400
61279454
61279665
61278229
61279371
61279295
61279584
61293904
61278258
61279584
61293826
61277943
61279728
61279090
61279706
61278597
61279723
61278880
61294178
61278937
61279973
61294247
61278092
61280117
61279401
61293905
61280098
61279371
61278170
61279002
61280454
61294306
61280461
61280448
61278389
61280413
61280269
61280558
61278561
61279833
61279481
61279631
61278468
61279303
61280519
61294408
61279856
61280759
61294588
61279870
61280858
61295097
61279646
61280855
61294830
61279118
61280999
61278911
61280809
61279102
61280406
61280878
61279835
61280991
61281155
61281293
61279211
61281194
61280153
61280284
61279256
61280416
61281776
61280180
61281227
61281319
61279227
61280400
61281463
61295395
61279873
61281665
61295935
61279853
61279615
61280860
61282247
61280385
61281637
61281739
61281584
61295919
61279898
61281717
61296066
61279987
61281854
61279875
61280285
61282573
61280106
61281427
61282043
61280992
61281995
61282135
61296221
61280648
61282307
61296669
61280531
61282152
61282636
61282682
61280464
61282390
61296406
61281683
61282620
61297000
61280955
61282692
61280628
61282693
61282901
61280764
61282918
61282730
61280689
61282809
61283045
61296713
61282806
61282970
61296782
61281814
61283028
61297342
61282190
61283192
61297191
61281623
61283432
61282740
61283092
61280956
61282682
61283092
61280980
61282809
61283356
61282436
61283456
61283497
61283526
61283589
61281566
61283368
61282096
61283160
61283697
61281642
61283714
61283710
61297549
61282464
61283844
61297981
61282983
61283995
61297978
61282426
61284040
61298172
61282511
61284272
61284138
61283415
61283924
61281788
61283723
61284133
61283261
61284192
61282819
61284613
61298612
61283742
61284652
61298915
61283150
61284798
61299226
61282989
61285041
61284396
61284902
61283895
61285193
61282851
61285097
61284162
61282953
61285169
61285271
61284238
61285200
61285217
61283135
61285317
61285283
61299734
61284527
61285505
61299769
61283768
61285735
61283462
61285371
61285804
61285239
61285792
61299987
61284624
61285905
61299744
61284716
61286100
61300507
61284288
61286142
61300137
61284438
61286258
61300220
61284531
61286419
61300665
61284815
61286453
61284588
61284321
61286379
61286409
61286648
61284566
61285749
61286686
61300922
61285640
61286744
61300815
61285620
61286867
61300900
61285215
61286936
61286223
61286780
61285097
61286870
61286194
61286910
61301166
61285286
61287047
61284891
61286891
61285321
61286673
61287227
61301449
61286186
61287344
61301545
61285367
61287491
61285437
61287387
61285663
61287114
61287456
61301367
61301542
61287628
61287714
61301596
61287721
61287717
61285673
61287046
61287929
61302024
61286819
61288076
61302609
61287062
61287902
61288304
61286079
61287916
61288226
61302433
61288126
61286462
61288333
61302695
61286411
61288436
61302734
61286737
61288443
61302754
61288301
61286309
61287967
61288387
61287580
61287989
61288529
61288832
61286627
61288474
61286756
61288235
61288672
61288742
61288877
61288164
61288684
61287100
61288343
61288770
61287847
61288599
61289037
61303226
61289116
61289085
61286945
61289044
61289058
61287167
61288360
61289373
61287329
61289190
61288292
61303417
61287716
61289480
61303911
61287746
61289699
61304130
61287811
61289956
61287755
61287832
61289877
61287748
61289711
61289973
61304055
61290055
61290075
61288041
61290240
61290230
61290118
61289146
61289584
61290053
61288383
61288161
61290237
61290424
61288329
61288669
61290667
61288501
61291298
61289007
61290290
61290756
61291099
61288860
61289012
61291154
61288884
61291544
61288787
61290355
61290888
61289345
61289045
61291208
61291252
61290042
61290781
61291054
61291377
61289200
61291058
61291515
61289361
61295805
61296118
61293975
61295863
61295063
61294975
61294535
61296063
61296400
61296091
61296156
61294474
61296298
61296611
61294519
61295999
61296671
61296664
61310615
61296815
61296733
61310687
61296938
61295904
61294849
61296962
61297007
61295847
61310769
61296181
61297244
61311517
61296131
61297364
61311357
61296011
61297361
61311224
61297392
61297406
61311339
61296288
61297601
61295557
61295795
61297772
61312128
61296079
61297885
61311810
61297358
61296208
61297897
61295784
61297829
61297870
61295778
61297890
61297853
61311756
61296719
61298096
61312012
61296740
61298045
61312026
61297064
61298230
61296141
61298216
61298240
61296189
61297024
61298374
61312688
61312261
61297173
61298454
61296306
61298587
61298628
61296611
61297795
61298780
61312619
61297704
61299016
61313064
61313019
61298874
61299062
61296976
61297784
61299070
61299664
61297082
61298686
61298834
61299171
61297123
61299837
61298061
61298848
61299080
61299438
61298735
61300005
61297589
61298883
61299773
61297586
61299157
61299314
61297805
61313361
61299569
61299514
61297470
61299607
61299696
61313568
61298507
61299867
61314058
61298154
61300049
61299288
61300672
61298179
61299552
61299928
61300217
61299596
61300102
61300313
61300447
61300428
61314088
61298976
61300490
61314537
61299257
61300565
61298326
61300428
61300548
61299573
61300086
61300417
61299545
61300752
61299808
61298729
61300702
61300657
61299833
61300815
61300956
61299823
61300774
61300048
61298932
61301082
61301692
61301197
61315559
61300708
61299351
61301424
61299257
61301216
61299680
61301555
61301449
61301735
61299510
61302361
61301810
61301138
61301569
61301783
61301962
61299830
61301871
61300110
61299926
61300105
61302045
61302190
61302215
61300065
61302116
61302167
61302367
61302300
61316665
61302474
61302289
61302540
61300425
61302388
61302773
61316318
61301397
61302804
61316563
61301867
61303016
61316798
61301564
61303040
61316932
61302022
61303034
61317204
61303116
61303109
61301020
61303010
61303098
61301122
61303140
61303109
61301157
61301900
61303211
61301095
61303095
61303082
61301092
61303103
61303291
61317159
61302436
61303322
61317180
61317724
61303375
61303519
61302342
61302804
61303286
61302065
61301473
61303447
61302212
61303263
61303451
61302383
61303286
61303754
61302058
61301922
61303910
61303770
61302199
61303849
61304126
61302184
61304225
61305009
61304415
61302262
61304058
61301922
61303802
61304205
61302546
61303757
61302353
61304549
61303860
61304308
61303532
61304623
61303845
61303577
61304617
61303968
61303823
61304815
61318865
61303065
61304877
61319027
61303763
61304664
61305052
61302151
61304142
61304434
61303027
61304526
61304683
61303153
61304439
61304830
61302972
61305397
61319225
61304481
61305586
61319294
61304553
61305463
61319470
61305422
61304572
61303230
61304390
61305487
61319625
61303574
61304323
61304836
61304568
61304955
61305508
61305654
61303528
61305542
61305869
61303816
61319752
61303661
61304221
61305199
61305993
61304789
61320069
61303993
61305417
61306110
61306100
61304035
61306158
61305247
61305190
61306233
61306933
61304411
61306479
61304623
61304923
61306660
61321046
61304968
61306633
61320638
61305768
61306753
61304667
61306801
61305975
61304798
61306815
61305999
61304825
61307040
61306941
61321013
61307123
61307099
61305082
61307267
61306307
61307119
61307247
61305193
61307105
61307455
61305429
61306737
61305507
61307529
61321448
61305251
61305670
61307551
61321971
61306084
61307798
61321906
61306307
61307945
61307953
61305916
61307621
61306834
61307224
61306103
61307770
61307927
61308216
61306087
61306239
61308363
61322661
61306609
61308448
61322620
61308456
61308524
61306264
61307960
61308476
61308810
61306582
61306840
61308841
61323128
61307128
61308916
61323155
61307272
61309060
61322819
61308944
61308886
61306995
61308968
61309139
61307040
61307560
61308950
61307369
61307008
61308971
61309260
61323374
61308822
61307260
61307683
61309115
61309431
61307357
61307516
61309592
61307535
61307903
61309832
61309799
61323833
61309587
61309683
61308598
61309396
61309673
61308715
61309177
61309638
61310074
61310127
61308131
61308356
61310141
61310170
61308159
61309031
61309763
61309154
61309698
61310149
61308627
61308258
61310292
61310503
61308103
61309727
61310322
61310710
61325045
61308895
61310728
61324868
61308748
61310800
61325172
61309158
61310871
61324640
61309563
61311039
61324910
61308836
61309121
61310886
61325128
61309728
61311057
61325235
61310117
61311204
61325481
61309533
61311294
61309213
61309365
61311462
61311665
61325373
61311098
61310019
61311684
61325518
61311667
61311660
61310678
61311147
61311615
61309990
61311252
61311711
61311949
61309830
61310078
61311997
61326312
61310356
61312034
61309867
61312004
61312028
61310130
61312076
61311298
61311006
61312124
61312865
61310222
61311580
61312121
61310636
61310908
61313076
61311330
61311902
61312343
61312605
61326926
61310772
61312714
61312658
61310637
61312651
61312609
61312898
61327254
61311182
61312919
61314949
61310737
61310961
61312785
61327267
61311177
61312993
61327181
61311253
61313014
61313083
61326965
61311354
61313196
61327274
61312256
61313244
61327432
61312080
61313265
61327072
61313221
61313361
61311111
61313258
61313248
61311258
61313456
61313337
61311371
61313467
61313515
61312352
61327869
61318003
61318950
61317857
61316992
61318566
61318795
61319180
61316979
61317367
61319296
61333199
61319279
61319296
61333190
61318213
61319485
61333489
61318190
61319573
61317518
61319515
61319802
61333483
61319734
61319724
61333600
61318539
61319841
61317851
61318750
61319755
61318123
61318000
61319666
61320130
61320141
61334200
61319409
61318793
61319926
61320202
61334322
61320123
61319236
61319056
61334565
61334608
61320379
61320284
61319254
61318477
61318606
61320487
61334699
61334683
61318881
61320417
61334382
61320550
61320669
61318703
61320574
61319660
61318748
61320374
61319759
61319630
61320191
61320598
61319065
61318874
61318988
61321037
61335225
61319471
61321235
61335300
61320220
61321178
61334923
61321147
61320113
61319371
61321120
61321856
61318943
61320853
61321284
61321679
61321670
61319468
61321506
61321568
61320535
61335524
61321279
61320223
61321905
61322013
61336399
61320897
61322133
61320953
61321226
61320139
61322346
61321511
61321891
61322378
61320283
61320398
61322351
61336629
61320871
61320454
61322524
61322569
61336885
61320967
61322509
61336666
61322471
61321475
61320483
61322527
61322722
61321617
61322092
61320822
61322929
61337154
61321713
61322956
61321787
61320870
61321115
61322968
61320812
61321207
61323064
61337186
61336813
61322043
61323004
61337166
61322118
61323127
61320990
61323110
61323052
61322019
61322483
61322918
61323279
61337201
61337288
61322453
61323342
61322571
61321516
61337662
61321857
61323570
61337433
61323659
61322757
61322407
61322817
61323463
61323827
61337964
61322121
61323759
61337844
61322180
61324026
61338450
61322228
61324037
61338119
61338057
61324145
61324148
61323214
61338721
61322457
61324348
61338570
61324317
61324286
61322293
61324488
61323638
61323400
61323773
61324269
61324459
61322442
61324592
61324610
61322666
61324158
61324541
61324926
61322701
61324688
61325001
61338877
61323965
61324844
61322816
61324888
61324957
61325030
61339136
61325040
61324920
61325311
61323107
61323373
61325288
61339074
61324077
61324311
61323735
61325376
61324349
61324722
61323479
61324998
61325349
61323367
61323461
61325462
61339616
61324614
61325572
61325625
61324523
61325002
61325477
61325920
61323778
61324074
61326129
61340320
61326064
61326112
61326157
61324042
61325978
61324883
61324104
61324502
61326380
61340238
61326387
61326455
61324438
61326312
61327056
61326529
61324403
61324757
61326539
61340485
61325237
61326593
61325509
61325930
61324632
61326828
61340506
61326096
61325157
61326777
61324565
61326309
61326716
61327002
61341268
61325082
61326548
61327085
61327371
61325280
61325586
61327392
61341212
61327214
61327340
61326300
61325408
61325738
61327469
61327651
61341836
61325791
61327627
61341818
61327596
61327555
61341412
61327607
61327661
61325486
61327275
61327531
61327820
61342200
61326601
61327868
61325728
61327827
61327127
61326808
61327259
61327672
61327617
61327978
61342367
61326469
61328128
61325970
61326037
61342629
61327354
61328339
61326277
61328250
61328208
61328470
61342497
61342402
61328324
61328475
61342728
61328609
61328797
61328644
61328724
61343090
61327069
61328929
61343195
61328037
61328998
61327770
61328440
61327200
61329198
61343485
61327519
61329283
61343263
61328439
61329229
61327236
61329188
61329424
61327417
61329465
61329629
61327663
61329527
61329455
61329819
61344113
61328017
61329874
61327802
61329830
61329823
61328766
61327968
61328097
61329941
61343864
61330005
61330023
61328053
61330016
61328136
61330709
61330139
61329112
61328045
61328275
61330144
61344178
61329446
61330578
61330466
61344658
61328379
61328693
61330550
61344445
61329309
61331074
61330582
61344696
61329712
61330606
61344573
61344492
61329306
61330901
61329745
61330265
61330593
61330879
61330067
61330624
61328539
61330255
61329039
61331077
61345163
61329487
61331205
61344950
61331061
61331797
61331332
61329162
61329458
61331118
61331067
61331335
61345550
61329554
61331369
61345515
61330528
61331462
61345595
61330672
61331609
61345701
61331603
61331620
61329435
61331664
61331733
61330686
61331295
61331715
61330200
61331366
61331770
61332110
61332067
61330005
61332029
61331906
61329944
61330110
61330272
61332246
61346472
61330578
61332513
61331174
61346664
61330637
61332425
61346157
61332237
61332141
61330236
61330461
61330282
61330749
61332510
61346429
61331130
61332483
61331450
61332141
61332346
61331597
61331130
61332565
61331604
61332367
61333428
61332888
61347175
61331288
61332899
61347008
61330390
61332023
61332491
61332858
61330739
61331019
61333050
61347091
61332137
61332975
61331867
61332835
61332937
61331455
61331100
61333036
61331514
61332777
61333292
61333212
61333474
61347692
61332837
61331474
61331972
61333610
61347487
61333767
61332818
61332710
61333035
61331969
61333895
61348086
61332539
61333970
61331830
61333502
61333761
61334026
61331870
61332145
61334167
61348257
61333308
61334320
61333065
61334061
61333934
61332439
61332299
61334143
61334552
61332402
61332630
61334538
61348558
61333775
61334487
61333406
61333806
61334442
61332957
61334022
61332881
61335001
61335105
61332736
61333002
61333150
61335145
61349613
61333603
61335190
61333067
61334762
61334994
61335460
61334106
61333111
61333273
61335298
61349251
61335250
61335343
61333772
61334782
61335186
61334047
61333671
61333538
61333711
61335661
61350026
61335746
61335739
61333746
61335346
61335581
61335966
61333744
61335440
61336528
61336135
61333897
61334285
61336043
61350309
61336053
61336098
61336147
61336275
61350154
61336439
61335534
61335269
61335765
61334634
61336598
61350693
61336704
61336622
61335575
61336050
61335249
61336938
61334750
61336478
61337103
61336936
61350975
61335504
61337073
61350847
61336946
61336826
61337037
61351279
61351407
61336959
61336901
61337153
61351453
61335748
61337155
61336047
61335028
61335255
61337400
61351527
61335999
61337448
61335359
61337380
61337140
61335967
61337578
61336452
61336924
61335834
61337757
61351951
61336339
61337709
61336700
61337169
61337620
61337909
61357817
61342140
61343918
61357859
61344079
61343082
61342094
61341893
61343235
61342081
61344150
61358133
61342686
61344297
61358512
61344157
61344301
61344452
61342262
61342571
61344353
61358565
61343979
61344909
61344505
61342318
61342429
61344502
61358596
61343903
61344035
61344542
61343036
61344670
61343490
61344027
61342725
61344822
61358787
61343678
61344795
61342819
61344832
61344778
61342871
61344973
61345743
61345262
61343075
61343196
61345221
61359215
61345293
61345272
61344140
61343367
61343704
61345411
61359429
61345101
61345274
61343813
61344887
61343842
61345795
61359436
61343551
61344337
61344037
61345777
61345875
61343714
61360218
61345746
61343989
61345977
61345093
61344242
61346072
61346104
61359980
61345239
61346077
61346253
61360164
61345170
61346085
61345055
61344084
61346216
61344367
61346269
61360535
61346180
61346135
61346445
61344319
61345539
61344196
61346293
61360108
61346473
61346329
61346633
61360768
61345454
61346615
61345537
61346023
61344924
61346822
61360629
61346668
61346497
61346848
61361309
61346034
61346889
61345808
61363131
61348299
61362259
61348582
61348846
61348685
61346556
61346889
61348890
61363095
61347656
61347895
61349083
61362986
61349063
61349628
61349112
61346932
61348994
61347557
61347154
61347645
61349430
61363356
61347984
61349320
61349660
61363971
61348464
61348901
61349554
61349884
61364097
61348366
61350055
61347850
61349963
61349843
61350132
61348041
61348251
61350330
61364042
61350139
61350231
61348699
61349391
61349235
61348826
61350264
61350595
61364447
61349586
61350475
61349517
61350010
61350437
61350836
61348584
61348880
61350713
61364593
61350624
61350723
61350868
61365121
61349656
61348696
61350918
61364864
61350758
61350921
61349840
61348872
61349079
61351035
61365321
61350038
61351110
61350043
61350806
61351147
61351450
61350761
61349230
61349595
61349315
61351251
61351489
61352219
61351652
61349539
61351652
61352248
61351804
61366244
61350073
61351828
61366040
61350540
61350828
61350747
61351452
61351845
61349936
61351287
61349955
61352100
61365853
61352100
61350374
61352225
61366453
61351107
61352327
61351270
61351636
61350379
61352394
61366324
61352466
61352418
61350428
61352415
61352517
61351375
61350458
61350679
61352673
61366925
61352656
61352676
61350464
61352819
61350706
61352805
61352693
61350587
61350794
61351066
61352995
61367091
61351935
61353925
61353229
61367225
61351687
61353263
61353237
61352108
61352645
61352026
61353266
61351246
61353222
61352277
61353295
61352361
61353151
61353472
61351735
61351616
61353340
61353827
61351602
61351997
61353789
61367604
61353537
61353724
61367627
61353844
61354080
61352211
61352024
61352299
61354160
61353932
61354221
61368652
61352645
61354395
61352156
61354248
61354183
61352661
61352309
61352776
61354537
61368851
61354650
61354581
61353463
61352584
61352753
61354696
61368438
61354528
61354654
61354703
61352615
61352782
61354626
61368465
61354598
61353922
61353582
61352665
61353129
61354575
61352946
61352701
61353171
61354902
61352840
61354717
61354686
61353024
61352808
61353049
61355129
61353987
61355190
61369518
61354232
61355330
61369040
61355241
61354957
61353277
61353230
61355166
61355363
61353244
61353605
61355585
61355638
61369846
61355625
61355607
61354400
61353558
61353631
61355800
61355546
61369647
61355528
61353916
61355396
61355634
61353582
61355038
61355483
61355898
61369766
61354727
61355954
61354645
61355546
61354254
61356174
61370224
61355061
61356232
61354263
61355245
61370737
61356461
61356443
61356640
61370618
61355533
61356715
61354881
61354628
61354876
61356802
61371028
61356802
61356775
61354879
61354773
61354748
61356773
61370964
61355706
61356653
61355034
61354751
61356636
61354757
61356291
61356872
61357059
61355055
61355716
61355329
61357275
61355138
61356024
61357090
61357390
61355213
61355785
61357465
61371470
61357387
61356612
61357552
61357677
61357906
61355756
61357206
61358469
61357969
61371991
61356679
61357912
61355952
61356469
61357856
61356195
61355990
61357973
61358256
61372471
61356964
61358176
61357078
61357478
61358032
61358035
61358159
61372425
61357114
61358419
61356258
61356826
61358189
61358433
61372741
61357296
61358331
61357250
61358036
61358323
61358708
61373002
61357078
61358777
61356548
61358106
61356791
61356779
61358765
61358767
61357590
61372699
61357658
61358827
61357818
61358533
61358789
61357280
61356997
61357293
61359198
61357136
61358582
61358862
61357292
61357033
61357401
61359384
61373237
61358935
61359258
61359400
61373549
61358562
61359502
61357369
61359393
61359354
61357692
61357501
61359399
61357839
61357508
61357999
61359733
61373921
61359802
61359877
61359950
61374045
61359885
61359965
61358860
61359973
61358868
61357938
61358223
61360101
61357974
61360012
61358506
61360174
61359018
61359449
61358524
61360309
61360879
61360531
61360515
61374340
61360313
61360265
61360773
61375060
61374802
61358853
61360587
61374480
61360535
61360415
61360824
61358739
61358850
61360851
61374706
61360964
61361104
61361235
61375237
61360271
61361174
61359679
61359125
61359445
61361299
61375469
61360368
61361244
61359254
61361374
61361292
61360283
61360700
61359587
61361468
61375445
61361468
61362101
61361534
61375621
61375932
61360968
61361433
61359750
61359644
61359937
61361729
61359605
61361763
61360766
61359888
61359683
61359928
61362004
61375979
61361966
61360619
61361947
61375786
61360006
61360365
61362102
61375909
61362133
61362075
61361117
61360176
61360472
61362398
61360189
61362093
61362082
61362385
61360485
61360501
61362526
61376782
61362574
61362526
61360598
61362461
61362426
61360839
61360532
61360748
61362436
61361124
61362954
61377169
61377201
61362945
61363708
61362660
61362914
61377273
61361879
61362938
61361833
61361196
61361236
61363240
61376948
61362700
61362956
61363245
61377676
61362012
61363245
61361359
61361220
61361567
61363445
61377252
61363356
61364087
61361556
61361423
61362247
61362423
61363584
61362551
61361610
61362008
61363832
61377599
61363791
61362805
61361991
61361681
61363300
61363996
61363933
61364171
61378437
61362983
61364147
61363015
61363576
61364113
61364450
61362489
61362484
61364622
61378340
61364629
61364525
61362777
61362658
61362895
61364917
61378836
61364928
61363955
61363799
61362944
61363274
61365094
61363032
61364820
61364826
61365013
61379047
61363684
61365026
61363295
61363155
61363434
61365291
61363103
61365178
61364983
61365347
61378915
61364107
61363156
61363486
61365271
61365348
61379326
61365344
61364617
61365260
61363369
61365352
61366139
61365637
61363430
61363999
61365784
61365867
61379929
61365721
61365847
61363948
61363866
61364063
61366139
61379847
61365706
61365855
61366144
61380452
61364791
61366165
61380335
61371615
61372968
61370978
61371864
61373631
61371271
61387452
61371155
61372519
61371495
61373277
61387594
61373284
61373143
61373381
61372767
61371668
61373474
61371463
61372110
61373405
61373796
61388083
61373578
61372160
61372618
61372987
61371482
61373331
61373881
61374123
61374227
61373056
61372142
61372083
61372512
61374267
61388139
61374151
61374277
61373360
61372293
61372394
61374371
61388739
61374497
61374378
61372626
61372411
61372642
61374598
61388642
61374584
61375151
61374798
61388963
61373936
61374774
61372637
61372800
61373219
61374950
61388829
61374953
61373800
61374668
61372675
61374365
61373143
61375072
61372935
61374946
61375835
61375292
61373136
61374842
61373986
61375999
61375371
61389573
61374093
61375429
61375526
61374329
61373405
61375249
61375688
61389740
61374595
61375718
61375768
61375779
61389511
61374426
61376440
61375846
61389889
61374469
61376041
61373931
61375507
61374000
61376049
61390027
61376014
61376416
61376252
61390144
61375513
61375300
61374408
61374282
61374448
61376377
61390422
61375235
61377059
61376604
61390963
61375947
61375331
61375102
61376641
61375563
61376131
61376276
61375598
61376694
61375083
61374776
61375192
61377004
61390835
61376894
61376774
61375310
61374856
61375251
61377108
61391251
61377118
61377648
61375312
61391571
61375622
61377308
61376107
61376603
61377102
61377466
61377372
61391272
61376558
61375347
61377330
61391297
61377241
61377207
61377628
61391447
61376293
61377577
61376071
61377181
61377515
61377852
61391650
61376613
61377921
61377830
61378006
61375842
61377962
61377821
61378278
61375978
61376394
61378056
61392126
61378148
61378062
61376376
61392604
61378256
61377348
61377219
61377613
61376595
61378548
61392312
61377310
61378504
61376704
61376574
61376884
61378885
61376676
61378401
61378553
61378965
61392654
61378729
61378871
61376953
61393428
61377795
61379055
61377654
61377064
61378403
61377478
61379257
61377051
61377132
61377301
61378425
61378535
61378120
61378760
61377598
61379380
61393160
61378926
61379209
61379471
61393518
61379529
61379553
61377606
61378862
61377752
61379810
61393923
61378440
61379547
61379806
61393963
61378093
61379908
61378854
61377788
61378142
61377857
61379918
61377548
61377848
61378411
61380175
61379070
61379396
61378132
61380181
61393969
61380065
61380006
61380367
61394585
61379416
61378652
61380111
61380643
61394329
61379532
61380574
61378530
61380455
61380308
61380713
61394501
61394659
61380592
61380458
61380812
61394824
61379486
61379839
61378948
61380285
61378979
61380950
61379869
61378952
61379446
61381129
61378941
61381013
61380995
61381131
61395562
61379476
61381414
61395119
61381343
61380633
61381543
61379452
61379827
61381537
61379437
61381485
61381416
61381815
61380450
61395635
61381183
61380026
61381958
61395864
61381821
61381731
61382089
61396091
61380400
61382089
61382237
61396396
61381547
61380811
61380222
61382152
61382300
61380441
61380294
61380361
61382398
61382328
61380817
61382596
61382652
61396510
61382662
61382327
61381739
61382669
61397189
61382676
61382720
61381574
61380756
61381018
61383142
61380906
61382431
61382861
61383195
61397605
61382258
61383115
61383374
61397226
61383258
61383852
61383427
61397295
61383389
61384014
61383538
61397876
61382219
61383626
61381830
61381499
61381774
61383724
61397531
61383755
61383563
61383962
61398039
61383011
61383098
61383929
61381967
61382164
61384049
61397878
61382730
61384113
61382248
61398090
61382525
61384364
61382200
61383701
61382430
61384380
61398622
61383870
61382531
61384631
61398513
61383920
61384557
61384539
61384917
61398838
61384798
61384723
61384745
61398701
61383941
61384881
61383701
61384149
61383083
61385047
61399321
61383715
61385201
61382934
61384486
61383219
61385268
61383206
61384758
61385970
61385451
61399349
61385464
61385365
61385336
61383492
61399884
61384394
61385480
61384249
61383363
61383775
61385581
61383495
61385410
61385413
61385822
61383813
61384051
61385990
61383800
61400088
61384680
61385991
61383688
61383840
61383944
61384168
61383847
61385909
61386198
61400165
61384930
61386037
61386275
61400476
61384719
61386381
61384110
61385902
61386257
61386546
61400694
61385265
61385618
61384774
61384597
61384900
61386832
61400653
61386822
61386521
61386957
61401295
61385278
61385429
61386544
61385199
61385169
61385407
61387339
61384778
61386597
61385494
61387457
61385160
61385456
61385988
61387774
61386669
61385581
61385973
61387840
61385676
61387416
61385885
61388095
61401820
61387609
61386267
61387942
61388156
61402668
61386820
61388108
61388188
61402451
61387388
61388236
61387131
61402178
61387974
61388205
61388204
61388493
61402575
61388462
61388291
61388700
61402627
61387364
61388470
61388705
61402757
61387733
61388731
61387637
61387989
61386791
61388733
61402778
61388750
61388681
61389141
61403131
61387917
61387857
61388913
61403164
61386977
61387417
61389175
61387062
61388758
61387425
61389293
61403156
61389228
61389108
61389421
61403375
61389332
61389263
61389487
61403969
61388048
61389599
61388488
61388939
61389456
61389868
61404104
61388777
61389721
61388654
61387853
61388242
61389922
61388820
61403634
61389878
61389748
61390061
61404197
61390092
61389924
61388340
61388121
61388438
61390411
61404044
61389635
61388474
61390150
61390521
61404322
61390459
61390301
61390512
61404621
61390539
61391160
61390619
61404807
61390431
61390427
61390662
61404650
61390669
61390579
61390940
61390518
61404767
61389064
61390624
61388137
61390634
61390643
61390994
61404894
61389853
61391072
61389800
61390200
61389083
61391111
61404816
61390379
61391000
61389633
61391763
61391518
61390229
61405858
61389807
61391448
61389535
61389539
61391699
61390021
61391694
61389955
61389645
61390265
61391968
61389678
61391244
61389911
61392008
61406002
61392039
61391823
61392139
61406279
61391948
61391842
61392206
61406263
61392117
61391997
61392344
61406140
61390953
61391258
61391218
61390223
61390607
61392526
61406751
61392557
61392656
61392705
61406927
61391778
61392527
61392727
61390591
61390959
61392819
61406657
61392703
61392542
61392896
61390435
61407257
61391485
61392977
61407144
61392888
61391019
61393108
61391009
61392852
61392831
61393243
61407233
61393001
61393035
61390806
61391119
61392192
61391084
61393202
61407345
61392217
61393055
61392097
61392473
61391493
61393398
61407499
61392837
61393613
61392135
61391612
61392052
61393697
61407453
61393683
61393762
61391839
61391556
61391924
61393808
61391719
61393250
61392151
61393693
61393958
61408108
61393965
61394487
61394110
61407882
61393946
61393952
61394340
61408178
61393331
61393407
61392256
61392031
61394218
61393934
61394274
61408548
61393127
61394315
61393132
61392266
61392703
61394467
61392330
61393882
61394296
61394545
61392552
61392841
61394725
61408537
61394609
61395420
61394850
61393766
61392774
61393166
61395023
61392934
61394657
61393078
61395124
61408942
61395154
61395031
61395269
61409150
61395234
61395811
61395554
61409769
61393790
61395410
61409585
61394188
61394619
61394087
61393492
61393962
61393869
61395722
61394668
61395212
61393828
61395952
61409778
61395884
61395778
61396016
61409967
61396074
61395984
61396157
61395052
61394087
61394386
61396309
61394031
61394311
61396447
61396423
61396619
61410677
61396640
61396592
61394813
61411021
61395055
61396621
61395642
61394903
61395141
61396971
61394834
61396807
61396711
61396952
61411050
61396672
61397626
61397056
61411538
61395997
61397254
61396074
61395058
61395231
61397232
61411135
61397122
61397176
61397462
61395524
61395811
61397674
61395561
61397544
61403101
61405362
61403096
61403608
61405219
61405272
61419162
61405135
61405087
61405400
61419343
61405427
61406136
61405668
61420013
61405589
61405469
61403909
61403691
61404045
61405929
61403405
61405792
61405621
61406036
61420195
61406105
61405883
61406298
61404162
61404534
61404440
61406255
61405024
61405595
61406022
61406458
61420257
61405095
61406315
61406388
61404275
61405919
61404542
61406441
61420587
61406305
61406543
61405513
61420581
61406182
61406480
61406967
61421056
61406670
61406512
61406921
61420720
61405547
61406060
61405309
61404735
61405263
61407062
61405762
61406309
61406904
61407115
61421058
61407173
61407077
61405499
61421591
61405653
61407085
61407542
61421548
61407405
61407288
61405721
61405516
61405926
61407666
61405529
61407406
61407334
61407564
61421728
61407520
61407352
61407662
61405604
61406051
61407501
61407763
61422149
61406728
61407934
61406733
61405929
61406389
61408051
61405938
61407938
61407890
61408305
61422183
61407818
61408045
61408256
61406226
61406522
61408598
61422570
61408335
61408314
61408654
61422767
61407711
61407392
61408519
61407534
61406559
61407101
61408757
61422607
61408767
61409530
61409113
61407000
61408901
61408706
61409094
61423010
61409029
61408909
61409171
61407943
61423300
61408056
61409168
61409359
61423509
61408456
61409423
61408165
61407323
61407520
61409470
61423750
61409480
61409360
61409622
61423565
61409581
61408595
61407904
61407648
61408002
61409784
61407695
61409172
61407764
61409888
61423620
61409727
61409628
61410094
61424234
61409954
61409807
61407866
61408182
61408557
61410288
61408231
61408037
61408463
61410262
61408183
61410142
61410145
61410551
61410559
61424381
61409485
61410371
61408026
61408411
61408837
61410622
61408317
61409887
61409010
61410678
61409648
61410021
61410616
61410980
61424781
61410827
61410720
61411003
61425248
61410144
61410958
61409901
61409032
61410300
61409159
61410962
61408951
61410661
61410995
61411182
61425591
61411332
61410397
61409916
61409399
61409764
61411621
61409436
61411200
61411309
61411790
61409403
61409467
61409862
61411665
61425649
61411579
61411524
61411872
61426015
61410145
61411858
61410841
61411290
61410818
61411139
61409583
61426278
61410730
61412117
61412139
61426033
61410707
61412063
61409769
61410079
61410505
61412249
61412271
61410231
61410534
61412340
61411221
61410229
61410843
61412556
61411465
61411968
61410560
61412708
61426752
61412568
61412496
61411173
61410581
61411869
61413525
61411136
61427467
61412117
61412190
61413233
61411070
61411298
61413230
61427061
61413182
61413120
61413454
61427253
61412029
61413460
61411613
61412838
61411605
61413606
61411442
61413114
61413397
61413731
61427925
61427660
61413537
61413533
61412018
61413181
61412280
61414089
61428016
61414072
61414054
61414391
61428373
61413421
61414388
61412434
61428998
61413197
61414413
61414630
61412480
61413912
61412765
61414673
61412485
61414142
61412827
61414831
61412732
61414219
61413051
61414785
61413704
61412886
61413449
61415132
61428843
61413491
61414851
61415338
61429059
61415161
61413185
61415258
61429014
61415142
61415337
61413540
61413380
61413587
61415492
61413444
61414993
61413701
61415651
61413538
61414106
61415442
61415793
61429823
61415626
61415807
61415808
61429984
61415743
61414397
61416076
61414445
61430389
61414893
61416145
61414117
61430469
61415221
61416134
61414255
61430285
61416190
61416032
61416315
61430151
61416202
61416181
61416296
61430421
61415042
61416398
61414578
61414373
61414834
61414360
61416361
61414197
61415865
61416292
61416830
61430663
61416738
61416765
61416845
61430875
61416917
61417239
61416973
61431095
61416183
61416191
61415210
61430999
61417050
61416930
61417253
61431503
61417362
61416434
61417426
61431785
61416369
61417408
61415540
61431820
61416375
61417488
61415794
61431927
61416335
61417541
61415823
61415519
61415884
61417720
61415631
61417159
61415895
61417947
61416770
61432149
61416335
61417952
61416826
61415858
61417984
61417700
61418040
61432204
61416960
61417136
61418168
61432204
61418151
61418127
61416279
61432487
61417756
61416564
61418346
61416212
61418212
61418188
61418573
61432460
61418460
61418477
61416759
61432961
61417781
61417656
61418805
61432903
61417509
61418668
61418717
61432700
61417634
61418741
61416972
61433023
61417700
61418978
61418741
61416785
61418286
61417004
61419026
61416797
61418568
61417310
61419188
61417113
61418497
61417398
61419262
61418184
61418700
61417703
61419102
61419391
61433112
61418737
61417792
61419505
61418400
61417565
61417896
61419609
61418480
61418928
61417811
61419662
61433952
61417763
61418224
61420060
61418808
61419178
61418256
61420038
61417928
61419435
61419972
61420190
61434304
61419301
61418966
61420342
61434485
61419043
61420321
61420398
61434181
61420353
61420994
61420580
61434549
61420509
61421251
61420681
61434755
61419352
61420763
61420713
61434793
61420334
61420692
61421040
61434811
61420154
61420951
61419860
61418967
61419367
61421206
61421306
61421352
61420172
61421290
61435546
61421272
61421022
61421407
61435132
61421239
61421140
61421480
61435685
61421493
61421336
61421649
61421691
61421440
61421697
61435936
61421758
61422416
61421873
61435741
61421880
61421739
61421977
61435970
61422038
61422145
61422208
61436372
61422280
61422269
61420408
61420180
61420794
61422405
61420394
61422415
61436869
61421386
61422455
61422819
61436548
61422586
61422486
61422826
61436678
61422748
61422577
61422939
61437005
61422938
61423651
61423131
61436945
61423001
61423665
61423047
61437132
61422448
61423041
61423852
61421433
61421166
61421486
61423405
61422351
61422738
61437729
61422953
61421716
61423840
61421361
61421633
61421961
61423848
61421684
61423161
61421951
61423946
61437670
61423395
61423692
61423981
61424085
61421876
61423233
61422079
61423947
61422893
61423382
61422050
61424198
61438111
61424171
61424102
61424337
61438483
61424333
61424213
61424488
61438703
61424216
61424392
61423412
61424506
61438669
61423785
61424837
61423808
61424256
61423037
61424979
61422977
61425115
61423986
61424335
61423263
61425281
61425316
61425345
61439420
61425290
61425954
61425374
61423274
61424682
61423685
61425453
61423279
61425402
61425333
61425683
61439713
61425485
61425481
61425780
61423597
61423941
61425798
61423658
61425607
61425586
61425957
61439617
61425820
61425700
61426098
61440260
61425229
61426132
61424373
61424155
61424718
61426294
61424395
61440771
61425958
61425200
61424849
61425637
61426680
61441165
61426561
61426702
61424915
61426932
61425800
61426422
61425245
61427030
61425853
61441253
61427048
61427030
61427292
61441315
61427139
61425910
61427132
61427452
61425219
61426868
61425775
61427518
61425698
61425466
61426032
61427688
61426597
61427010
61425794
61427891
61441831
61441479
61427705
61427660
61427898
61441787
61427863
61427740
61427964
61442110
61426686
61428724
61428280
61442347
61428112
61426603
61428367
61428399
61428671
61442621
61428582
61428616
61428689
61442829
61428648
61429408
61428889
61427712
61442765
61426677
61428843
61427752
61427961
61429055
61442821
61428915
61427158
61429207
61428102
61428619
61427444
61429523
61427294
61428685
61427994
61427765
61429382
61427688
61443790
61428195
61429657
61429666
61443631
61429639
61429671
61428903
61429891
61430053
61444135
61429831
61430567
61430072
61444507
61429262
61430089
61428899
61427965
61428528
61430197
61429006
61427990
61428502
61430215
61429120
61444732
61444785
61429134
61430337
61428592
61444691
61430434
61430999
61430579
61428394
61429936
61428751
61430577
61444495
61430382
61429635
61428966
61429771
61428935
61430654
61429536
61430008
61428901
61431086
61444855
61430898
61430880
61431367
61445168
61431131
61445603
61431237
61431059
61431396
61431537
61431668
61445279
61431418
61431486
61430456
61429434
61429908
61431649
61430523
61429589
61429876
61431760
61429599
61431052
61431810
61430269
61431821
61430052
61446335
61430335
61431973
61430868
61431292
61430268
61432128
61430676
61430058
61430519
61432171
61431066
61431545
61430507
61432425
61431160
61431556
61430610
61432464
61431314
61430322
61430885
61432547
61430222
61430491
61430856
61432603
61432629
61432565
61430480
61431823
61430635
61432841
61446834
61432776
61432892
61432155
61433072
61447506
61432180
61433215
61433364
61447315
61432120
61433042
61433345
61447714
61432490
61433406
61433473
61447415
61432143
61434170
61433560
61430798
61432702
61431787
61433572
61447352
61433518
61433565
61432527
61433503
61433888
61447957
61432609
61433321
61441334
61442420
61441309
61440368
61440880
61442548
61440944
61456840
61441718
61442532
61440211
61440480
61441094
61442630
61441600
61440649
61441024
61442734
61441659
61440794
61441241
61442975
61456867
61441368
61442782
61443191
61443172
61443129
61457371
61443054
61443073
61443237
61457255
61443086
61443065
61443378
61457321
61443354
61443988
61443445
61457457
61442222
61443506
61441984
61441491
61441915
61443703
61457520
61443676
61443607
61443999
61457963
61443766
61443850
61442041
61443871
61441956
61443471
61443791
61442263
61444168
61442629
61458637
61443274
61444241
61442496
61458626
61444157
61442301
61442816
61444590
61442351
61444020
61444327
61444514
61444771
61444875
61442792
61458679
61443499
61444770
61443327
61442742
61444833
61443937
61443143
61445093
61442980
61444532
61445010
61445221
61459086
61445169
61443169
61443783
61445547
61444349
61443378
61443866
61445528
61444423
61443407
61445469
61445731
61445589
61445816
61443662
61445183
61443967
61445947
61443564
61445909
61443916
61445519
61445895
61446106
61460269
61446020
61445178
61446066
61446403
61460292
61446668
61447063
61446493
61460591
61445703
61446732
61445576
61444605
61461275
61446626
61446629
61446942
61460845
61446754
61445099
61447019
61460877
61445488
61444975
61447078
61460960
61447037
61446900
61447216
61461186
61447223
61447134
61447365
61461295
61447365
61447561
61447445
61461356
61446460
61447475
61446343
61446788
61445839
61447717
61461583
61447153
61445820
61447834
61447657
61447916
61447644
61461443
61447633
61445876
61447847
61447005
61447881
61461966
61447040
61448004
61448087
61446270
61462553
61447308
61447958
61448322
61462457
61447542
61447353
61448337
61462576
61447224
61448490
61446619
61446387
61448523
61448382
61448644
61462587
61448657
61448537
61448799
61462908
61448659
61448566
61449026
61462846
61448883
61448715
61449004
61463363
61448163
61449120
61446646
61449127
61447409
61463233
61448342
61449333
61447414
61447552
61448269
61447291
61447662
61449591
61448537
61447672
61447859
61449760
61463999
61449801
61449695
61450004
61463655
61447793
61449027
61447907
61449836
61463745
61464401
61448689
61449919
61449776
61450100
61447921
61448030
61448569
61450210
61449078
61448223
61448721
61450287
61448020
61449014
61464254
61449937
61448553
61450626
61448537
61450140
61450098
61450623
61450936
61464692
61450054
61465571
61450146
61450928
61451618
61451126
61451401
61465530
61449935
61451031
61451371
61465327
61451210
61451189
61451472
61465762
61465620
61450868
61449977
61451666
61450408
61449617
61449955
61451863
61449651
61451377
61451803
61450259
61450219
61451723
61452057
61450011
61451619
61451926
61452212
61452316
61466299
61450812
61452083
61452600
61450259
61451848
61450707
61452438
61466443
61452475
61453187
61452710
61466499
61452638
61453302
61452780
61466669
61452776
61452578
61452924
61450712
61451830
61467125
61451413
61452824
61453116
61467256
61453024
61452907
61453247
61467291
61453080
61453011
61453273
61467432
61453304
61453372
61451443
61451552
61451849
61453583
61451521
61453470
61453347
61453762
61467974
61453663
61453427
61453740
61467982
61467680
61453492
61453399
61453637
61467566
61467953
61451797
61452884
61453731
61453982
61453998
61467992
61454080
61453247
61454297
61468632
61453336
61453262
61454045
61454169
61454461
61452481
61453592
61452547
61453472
61453481
61455082
61454678
61452552
61452821
61454723
61468610
61454354
61452877
61455001
61468928
61455011
61455653
61453136
61453363
61455241
61453523
61453576
61469582
61455316
61469832
61454936
61453942
61455679
61454574
61453432
61453819
61455718
61453707
61455085
61453989
61455870
61454621
61454004
61469952
61455968
61456650
61456179
61470128
61456114
61454107
61454619
61456075
61456289
61453957
61454229
61454525
61456403
61455547
61456662
61470549
61455261
61456621
61456745
61455592
61454971
61454739
61455149
61456892
61455760
61454789
61455328
61455339
61456915
61457177
61455115
61456599
61454860
61455474
61455335
61457137
61457522
61471492
61457401
61455606
61457604
61457526
61457778
61455641
61457593
61457545
61457858
61471723
61457857
61457852
61457667
61457723
61458159
61472105
61456502
61457991
61456524
61458381
61457180
61456325
61456772
61458512
61458520
61458638
61457392
61456421
61456933
61458239
61459162
61459902
61458992
61474472
61459595
61460613
61458844
61475030
61459547
61459148
61459351
61460125
61461162
61461151
61459062
61460395
61459374
61459379
61459615
61461555
61459591
61475610
61460282
61460710
61459609
61461730
61461797
61475767
61461732
61461765
61462061
61475766
61459833
61476265
61461626
61460188
61462229
61459805
61476169
61461202
61476660
61461015
61462098
61462289
61476657
61462247
61476644
61462506
61460884
61462391
61462520
61462771
61462878
61462811
61462901
61461012
61461964
61462768
61462879
61463115
61463082
61463227
61461941
61463070
61463197
61477375
61463221
61463125
61463387
61477064
61463423
61461430
61461371
61461835
61463650
61463689
61477843
61478081
61461625
61461708
61462508
61463865
61462373
61478045
61462656
61463787
61463884
61464043
61464171
61478010
61463531
61462576
61464179
61465016
61464541
61462621
61478683
61464142
61462744
61462964
61462822
61464796
61464879
61478752
61464801
61464732
61465103
61479160
61478843
61464270
61463441
61465109
61465216
61465194
61479409
61465272
61463121
61464525
61464650
61463728
61465294
61465473
61465465
61465534
61464504
61463447
61464674
61465665
61463972
61463990
61463675
61463787
61464391
61466042
61466095
61480221
61464060
61480037
61466053
61464170
61466270
61464188
61464245
61480291
61465688
61464763
61466380
61464710
61480529
61466591
61466319
61466301
61466577
61466571
61466757
61480960
61466346
61465085
61466918
61465077
61481315
61466987
61466744
61466979
61480799
61466472
61466904
61465579
61465416
61467177
61465507
61481229
61467343
61467172
61467485
61481399
61467396
61467449
61466055
61467460
61467821
61467757
61467858
61482059
61467834
61467649
61468034
61482166
61481978
61465909
61465990
61466982
61468242
61466398
61482125
61468172
61468052
61468300
61466214
61466220
61467606
61482392
61467921
61466869
61468633
61466663
61482736
61468659
61469210
61466965
61468843
61467827
61468787
61482741
61468349
61467109
61468856
61469094
61482869
61468901
61468903
61468553
61467319
61469176
61467046
61467076
61467540
61469256
61469449
61483042
61468714
61467453
61469433
61468253
61468704
61483721
61469545
61468313
61469419
61469804
61467619
61467560
61467414
61468241
61468826
61467941
61483787
61469938
61469767
61469964
61484155
61469837
61469915
61470153
61468078
61468275
61468749
61470369
61470117
61470458
61470585
61469354
61468338
61468730
61470491
61468736
61484465
61470490
61470274
61470761
61468627
61470224
61468861
61470790
61470945
61484780
61470856
61469199
61469252
61470346
61469161
61485355
61469664
61470784
61470998
61468899
61470372
61471146
61470573
61470331
61471300
61471410
61485560
61471037
61469681
61471538
61471511
61469265
61469662
61485363
61471076
61470022
61471690
61471845
61485595
61471011
61470765
61471957
61472129
61486156
61469923
61470421
61472191
61470344
61486538
61472073
61472059
61472106
61472214
61486414
61472265
61472076
61472403
61471298
61486896
61472333
61470936
61472563
61472667
61486848
61472328
61471111
61472794
61472765
61472404
61470614
61486742
61472542
61470713
61472738
61471588
61487183
61471898
61472767
61472912
61486743
61470869
61472951
61471941
61471106
61472898
61473002
61473206
61470946
61471208
61473371
61471354
61473502
61472237
61471368
61471917
61473384
61473707
61471608
61473016
61472112
61473572
61473700
61472687
61488262
61473787
61473683
61473996
61471767
61488088
61473501
61472333
61474118
61474120
61488626
61474256
61472785
61475140
61474669
61488290
61474136
61472982
61474455
61474789
61472321
61472716
61473225
61474893
61473747
61489291
61474949
61473350
61473860
61475304
61489165
61475249
61474941
61475281
61473107
61474532
61473601
61475036
61475356
61473515
61489585
61474830
61473662
61475570
61475674
61473599
61473690
61474917
61475546
61475834
61489604
61475215
61474191
61475867
61476043
61474887
61474059
61490523
61475217
61475993
61476224
61489964
61475786
61474375
61476314
61475274
61490832
61475106
61476154
61476456
61490569
61476333
61474450
61476499
61476582
61474281
61474441
61475756
61476676
61476749
61490662
61476054
61475174
61476791
61477125
61475849
61474806
61475369
61477088
61477302
61491240
61477303
61476971
61477198
61477548
61491103
61476826
61475586
61477371
61477489
61491653
61477475
61475479
61477603
61476484
61491783
61477556
61477460
61477749
61477853
61491975
61477124
61476295
61477898
61476153
61492073
61477937
61477841
61478130
61478183
61492059
61477558
61476636
61478335
61476480
61492435
61477854
61477207
61476550
61478442
61476580
61492585
61478519
61478313
61478626
61478781
61492523
61478402
61477460
61478529
61478893
61478949
61493208
61478833
61478631
61479046
61476810
61492752
61478237
61477192
61478806
61478971
61492944
61478974
61478731
61479017
61492869
61476910
61478622
61477454
61479239
61478049
61477204
61478454
61477432
61479579
61477657
61493934
61479561
61479369
61479559
61479858
61493926
61479799
61479577
61479839
61477756
61479205
61478274
61478823
61479975
61493806
61478706
61479673
61480160
61493908
61479924
61477993
61480189
61478916
61494209
61494462
61480199
61480044
61480381
61478193
61478325
61479170
61480345
61480418
61494326
61479727
61478775
61480234
61480643
61478516
61480149
61479146
61480781
61478391
61494740
61480826
61490108
61490520
61489292
61488406
61489236
61488669
61490643
61488503
61488570
61489136
61490658
61490837
61489616
61505249
61490004
61490667
61491052
61489064
61505278
61490697
61489183
61491167
61490041
61505585
61490065
61491017
61489315
61490897
61491210
61490221
61489294
61490098
61491310
61491561
61505462
61491445
61491277
61491638
61505973
61491710
61492384
61491988
61489728
61491201
61491887
61490337
61492015
61492095
61506040
61492030
61491835
61492271
61491094
61506539
61492238
61492046
61492359
61490195
61490235
61492320
61492302
61492564
61491435
61490419
61490982
61491647
61492785
61490595
61506957
61492633
61490876
61492965
61491693
61490725
61491227
61492755
61492996
61491271
61506998
61493065
61492921
61493234
61492027
61491137
61491700
61493191
61493373
61507444
61493110
61491527
61493330
61491705
61507436
61493250
61491544
61493313
61493561
61491373
61492997
61491674
61493514
61491401
61492809
61491929
61493672
61491756
61507657
61491662
61492691
61493760
61493854
61507994
61492237
61492146
61493015
61493969
61496098
61507525
61493129
61492844
61493777
61493994
61492889
61491887
61494037
61493871
61494082
61493004
61491961
61492473
61494165
61494269
61493041
61508212
61492290
61494340
61492601
61494481
61494422
61508266
61492499
61492970
61494624
61494773
61508892
61494639
61492831
61494832
61494813
61492532
61492665
61493218
61493920
61495051
61508837
61492801
61493697
61493978
61495085
61508924
61494394
61493496
61495165
61493324
61509826
61495327
61495159
61495523
61509479
61495010
61493575
61495480
61495629
61493567
61493559
61494058
61495675
61495830
61509596
61495002
61494122
61493986
61495915
61494362
61509930
61495933
61495888
61496187
61494009
61495380
61494602
61496192
61494402
61510250
61495855
61494882
61496475
61496579
61510883
61496538
61494607
61496659
61496712
61494578
61511510
61495682
61496679
61497040
61496898
61494444
61510926
61495587
61496796
61496962
61494975
61496434
61495503
61497069
61497221
61511207
61494856
61511566
61496792
61495819
61497214
61497551
61495195
61497615
61496062
61511614
61496993
61496164
61497658
61497481
61496767
61495899
61512356
61496566
61497839
61497961
61495773
61497232
61497213
61512659
61496776
61497845
61498185
61512016
61497494
61496494
61498094
61496643
61498254
61498364
61498540
61512448
61497958
61496808
61498374
61499057
61498390
61498679
61496617
61496735
61497846
61498512
61497937
61499470
61498906
61497736
61512963
61498760
61496880
61498896
61497355
61498921
61499049
61513363
61498888
61497056
61499105
61498942
61513520
61497812
61499774
61499268
61497155
61513224
61513438
61497208
61498472
61499378
61499537
61513499
61499451
61498915
61499611
61497608
61499681
61498678
61498100
61513978
61497511
61514101
61499741
61499484
61499934
61497763
61499339
61499380
61499984
61499117
61499848
61500140
61500265
61514237
61514491
61514238
61499654
61499203
61500446
61500567
61498678
61499200
61500591
61500839
61498459
61498553
61499817
61499703
61500732
61500555
61500847
61499619
61515163
61500896
61500783
61501015
61501122
61501068
61499220
61515144
61501080
61499227
61501249
61500123
61515828
61501243
61501326
61500558
61501163
61501425
61500371
61499536
61499963
61501403
61501463
61499734
61501583
61501660
61515632
61501165
61515929
61499675
61500809
61502345
61501904
61499740
61516176
61516105
61501346
61500937
61500001
61502026
61500906
61516387
61500694
61501801
61502101
61500076
61501673
61516828
61501785
61500908
61502388
61502574
61516597
61502386
61502507
61500477
61501342
61502533
61502679
61501485
61500395
61516562
61502514
61502482
61502226
61502014
61502795
61502817
61500806
61500723
61501211
61502791
61502956
61516982
61502131
61502379
61502117
61502875
61503188
61517051
61502333
61501620
61503139
61501691
61503294
61503347
61501234
61517200
61502688
61503517
61504589
61504967
61503678
61503006
61504403
61505958
61505475
61505709
61505754
61505854
61505982
61504942
61520489
61505942
61505771
61506108
61503790
61520532
61505903
61504735
61505536
61506630
61506443
61506595
61505432
61520480
61504544
61505781
61506447
61506674
61504403
61506683
61506390
61504988
61505263
61505753
61505313
61505617
61505359
61505956
61505444
61506020
61505484
61505359
61507165
61505130
61521191
61505052
61505978
61507112
61507435
61506207
61505207
61505618
61521294
61506840
61506020
61507516
61507766
61507690
61506793
61507774
61506696
61522274
61507843
61507733
61507264
61506631
61522015
61507526
61505889
61507592
61507794
61508627
61507944
61508027
61505877
61505907
61506717
61507888
61508113
61507901
61508272
61508376
61506167
61522599
61508410
61508195
61508569
61507352
61522802
61508424
61506674
61508558
61507829
61506811
61506840
61508858
61508924
61506841
61506799
61507937
61509379
61508878
61506735
61508843
61508926
61509030
61522775
61507002
61507861
61508998
61509184
61507264
61509210
61509324
61507262
61507330
61508112
61509232
61509524
61509358
61509623
61509692
61523443
61507599
61508921
61508779
61509827
61509729
61508055
61509234
61509759
61507286
61507672
61509887
61508028
61509888
61510002
61524309
61508113
61508876
61508696
61509767
61508543
61509184
61510380
61524384
61509734
61509262
61510163
61510578
61510299
61510728
61508743
61524859
61510623
61508863
61510594
61510773
61509794
61510932
61513024
61524802
61510205
61509599
61508911
61510861
61510941
61524933
61510352
61509815
61510815
61511104
61511296
61511157
61511422
61510208
61525327
61511057
61509393
61511287
61511442
61525409
61525551
61509530
61525809
61509588
61511673
61511546
61511872
61511873
61511840
61512084
61512014
61512200
61512065
61512236
61510471
61510568
61510432
61510855
61510382
61512294
61512399
61511294
61510340
61511641
61512284
61512597
61510721
61526569
61512201
61510998
61512711
61511750
61510752
61512893
61512997
61510819
61510688
61511952
61512785
61513047
61513100
61527507
61512960
61511224
61512658
61511778
61512898
61513211
61513294
61527547
61512792
61511723
61512388
61513468
61513353
61513532
61513776
61512497
61527657
61513449
61512941
61513452
61511602
61512011
61512070
61513540
61513873
61512717
61528183
61513783
61513605
61513993
61512837
61511829
61527857
61513043
61512771
61513604
61513764
61514005
61513886
61513983
61528314
61513501
61512501
61513882
61514222
61513079
61528599
61514250
61514085
61514326
61513047
61528601
61514286
61512629
61514355
61514274
61514481
61514482
61514610
61512425
61512492
61513732
61513157
61513326
61512839
61514861
61514807
61513393
61512839
61529268
61514868
61513125
61513895
61514192
61513191
61515089
61515289
61514061
61513645
61529363
61514645
61513549
61515077
61515468
61513205
61513249
61514083
61515371
61515393
61515336
61515440
61515472
61514408
61513661
61514707
61515387
61513638
61513979
61516341
61515707
61513770
61529930
61513720
61515784
61515786
61514789
61514011
61530248
61530149
61515630
61514984
61516642
61516198
61514973
61530165
61516021
61515598
61514252
61516251
61514395
61516441
61515411
61514555
61516337
61514616
61514828
61514874
61515730
61516413
61516726
61514837
61530853
61516338
61515207
61516804
61517058
61531113
61517283
61517305
61517337
61515284
61515341
61516656
61517438
61517649
61517691
61517635
61517704
61515642
61515607
61516469
61518435
61517957
61516729
61531871
61515816
61515975
61516742
61518060
61518154
61516473
61532312
61517481
61516563
61518151
61518316
61518293
61517137
61532335
61518202
61516648
61518413
61516503
61516844
61519197
61518757
61517567
61532681
61518676
61516988
61518695
61517772
61518799
61519157
61517121
61533161
61516969
61518298
61517911
61517994
61519090
61519331
61519312
61533605
61518607
61517686
61517799
61519921
61519616
61519655
61519506
61519610
61518521
61533630
61519211
61518073
61519403
61517984
61520395
61519801
61517496
61534136
61517903
61519902
61520044
61518462
61518641
61520118
61520356
61522311
61518696
61533936
61519573
61518600
61520241
61520318
61534106
61519934
61518862
61519086
61520278
61520605
61520682
61518528
61518612
61519524
61520620
61520971
61519815
61534759
61518639
61535057
61518930
61520194
61520904
61521166
61519376
61535269
61519063
61520378
61520615
61521114
61519660
61521527
61521440
61521571
61519679
61521656
61521725
61521771
61519644
61519647
61520471
61521591
61520223
61520269
61521728
61521990
61522022
61519626
61519836
61521151
61521981
61522183
61520549
61522232
61520573
61536640
61521641
61520740
61522330
61522509
61520396
61520426
61521977
61536559
61521870
61521793
61522473
61522909
61520687
61536534
61521673
61521729
61537054
61521026
61522081
61522710
61523057
61521534
61523298
61523279
61537043
61522550
61522275
61523029
61523319
61523351
61521276
61521291
61522592
61523235
61523261
61523320
61523015
61523211
61523308
61523436
61522251
61537391
61521408
61523099
61522003
61522736
61522997
61523669
61522077
61521790
61523743
61523922
61522129
61523938
61524114
61524125
61522188
61538117
61522012
61524141
61522264
61538384
61523669
61524392
61522872
61522493
61523804
61522704
61523096
61522768
61524847
61524903
61522888
61538997
61539187
61538950
61538979
61538997
61539146
61523016
61525083
61523563
61524968
61525241
61525094
61525452
61525412
61525516
61524345
61539608
61524678
61523843
61539389
61539589
61523496
61525157
61524365
61525597
61525629
61525360
61525098
61523752
61525371
61525899
61525182
61524232
61525829
61526136
61524941
61525363
61524355
61526859
61525479
61526348
61524720
61526328
61525382
61524288
61525460
61524773
61526730
61524766
61526630
61526805
61525087
61525140
61524833
61526676
61526879
61525268
61526131
61526011
61526171
61525310
61525935
61525420
61526968
61527077
61525919
61541562
61541165
61525299
61525355
61527398
61526237
61526645
61525911
61525994
61527520
61526435
61541872
61525677
61525741
61526029
61525768
61527945
61528073
61526211
61542014
61526116
61526031
61526129
61542465
61526306
61528231
61527197
61542364
61542567
61542809
61527817
61527091
61526718
61529075
61528503
61528618
61528695
61527446
61542935
61528015
61527576
61528682
61528842
61528617
61528835
61529007
61528916
61527051
61526862
61543182
61528466
61526973
61542948
61543436
61528001
61528012
61527431
61529336
61529440
61529400
61529538
61529642
61529579
61529598
61528561
61529596
61529652
61529612
61529737
61529892
61530311
61529894
61529888
61529920
61529901
61529896
61528791
61529813
61543878
61528058
61527775
61529957
61528263
61528649
61528005
61528996
61527903
61530224
61530270
61530353
61530077
61530206
61530032
61528643
61528984
61544647
61528535
61529878
61529276
61530333
61528988
61528657
61528431
61531040
61530365
61528761
61530417
61530609
61529068
61530566
61530786
61529435
61530727
61530882
61529068
61545067
61530366
61529205
61530637
61529221
61529438
61541581
61541830
61541862
61541822
61555712
61556144
61556164
61555940
61556251
61539966
61541678
61540798
61540017
61540372
61542033
61540888
61540646
61540630
61540728
61540262
61556274
61556554
61542331
61542435
61542467
61541338
61540413
61556773
61540437
61556978
61542683
61540426
61540605
61556752
61542361
61541142
61541967
61541071
61542892
61542859
61541165
61542164
61543033
61541982
61541027
61557070
61543199
61557072
61557248
61541133
61543289
61542505
61543572
61542337
61543442
61557883
61543663
61543780
61543713
61542638
61541697
61557838
61557866
61557610
61541671
61557818
61544051
61541859
61558230
61541985
61558270
61542834
61541930
61558174
61543565
61541699
61543555
61543853
61543085
61542344
61544120
61558324
61558386
61558614
61558834
61543626
61544011
61543752
61542392
61542322
61544362
61543218
61542990
61544706
61544773
61543134
61544843
61544971
61543037
61558894
61542680
61544895
61544927
61542927
61545012
61543197
61544286
61545144
61545125
61542940
61545309
61542988
61544236
61559394
61543906
61545466
61543638
61545387
61544337
61545041
61545548
61544882
61545684
61543927
61545289
61543785
61545454
61545337
61545886
61543879
61543911
61545537
61545353
61545392
61546115
61545712
61544911
61560359
61560647
61560457
61560313
61560489
61560871
61546276
61544924
61546545
61546446
61546369
61546706
61546724
61544700
61561139
61546209
61546788
61545748
61545249
61546667
61545587
61546500
61547028
61546345
61546695
61546368
61545093
61545060
61561515
61561540
61561510
61561409
61561399
61561641
61546847
61561859
61561572
61545974
61561543
61547029
61545926
61547180
61547599
61545505
61561702
61545506
61561813
61547062
61546024
61547633
61547871
61547903
61545708
61562277
Peak: 62184704
Average: 60777725.67549852
