0
263504
570642
662986
1607121
2226583
2568570
2935642
3439471
3802780
4402729
5190741
5332036
5683067
6143130
6620012
7065503
7314999
7712507
8272039
8690616
8967707
9296728
9515240
9730190
10398785
10749164
11105877
11771542
12359917
12651557
12949798
13456043
14005122
14500129
15056557
15578077
15920341
16236052
16461608
16596498
16922363
17100480
17404822
17799943
17938777
18173284
18374580
19025411
19350935
19524667
19624479
19627879
19884579
20096945
20278394
20476909
20811601
21294829
21707336
22090439
22571242
23196702
23440925
23892714
24208377
24347324
24370034
24517858
24677736
24876494
25047672
25360162
25766226
26083121
26570670
26944622
27550108
28238699
29084909
29672392
29858520
29863656
29865928
29864103
29881884
29894898
30141115
30728825
31331611
31527854
31811147
31898973
32248097
32295562
32367491
32425837
32526765
32560039
32883708
33142384
33506157
33886903
33918242
34277060
34454968
34574316
34618017
34592488
34674786
34982467
35136759
35710305
35810018
36209717
36686477
36757436
36995897
37620266
37713478
38311714
38311558
38311747
38311876
38173773
38626671
38826135
39032462
39094408
43107144
43105725
43409075
43507337
44049414
44090290
44149644
44223593
44264293
44353277
44397330
44452796
44508703
44560648
44604795
44758990
44835950
45031764
45133266
45576101
45781766
46037495
46620421
46781750
46823265
47014556
47121717
47269181
47422229
47519405
47609454
47925829
48052985
48266415
48497999
48730401
49142257
49187402
49346036
49371728
49374227
49312212
49449862
49553381
49695524
49903996
50129495
50190543
50278688
50303912
50319544
50354008
50431435
50465808
50650718
50687703
50798780
51000781
51340957
51479272
51808932
52108080
52415721
52570609
52879954
53164891
53634773
54197374
54350720
54494571
54527890
54614718
54625264
54798880
54921699
54962711
55138665
55159222
55510235
55839095
55910861
56044160
56461593
56856378
56910295
57279522
57375194
57454385
59226575
57828005
57957530
58085432
58149947
58281485
58614106
58385490
58514380
58814866
59394484
59721726
59821182
59908910
59971542
60027030
60208015
60263937
60312883
61315573
60730947
60866009
60899226
60932259
60968428
61000826
61036939
61079068
61118867
61158393
61199668
61243364
61282202
61326957
61367146
61409257
61451067
60906156
60701358
60704758
60704432
60705690
60706283
60708240
60707746
60708169
60709576
60709730
60708957
60709222
60709305
60709799
60710293
60710239
60711454
60711727
60711761
60717759
60760521
60803732
60844074
60888171
60932717
60973129
61016215
61059691
61101939
61145433
61190380
61231343
61270517
60718362
60717855
60718778
60718779
60718174
60717681
60719057
60718953
60718164
60719079
60719510
60719227
60718716
60719340
60718383
60719295
60718929
60718545
60698892
60734658
60773464
60813937
60848449
60890011
60929313
60965476
61005100
61040097
61076177
61107945
61142164
61182169
61217469
61256436
61291692
60721786
60720470
60722035
60721901
60721043
60721155
60721744
60722006
60721924
60721337
60722099
60721919
60721258
60720924
60722156
60722235
60721687
60722173
60706504
60749961
60788345
60828945
60869801
60908447
60951613
60993285
61030643
61073725
61116128
61154461
61196619
61236160
61280211
60723171
60723345
60724387
60724381
60723745
60724568
60724809
60723902
60724471
60723300
60723679
60723241
60723716
60724831
60723480
60724856
60724804
60723830
60726317
60767959
60810580
60857272
60900170
60942853
60985280
61028403
61071232
61115124
61152561
61191297
61222012
61261236
61303316
60725359
60725997
60726376
60725218
60726076
60725941
60726062
60724482
60725213
60726257
60725067
60725349
60726720
60726862
60725642
60726773
60725677
60726762
60727083
60723676
60764970
60791606
60829879
60864469
60900282
60941036
60974747
61006110
61037897
61069326
61104542
61141983
61173473
61205513
61233646
61273934
61303433
60728247
60728458
60728652
60727909
60727823
60728135
60727710
60727793
60728723
60728937
60727372
60728874
60727723
60728067
60727592
60728832
60727973
60727691
60728928
60727755
60706405
60739188
60772305
60812108
60853331
60893233
60937687
60977403
61015485
61055547
61093912
61133429
61171893
61209733
61249341
61289760
60730505
60729580
60730316
60730603
60730584
60730603
60730656
60730794
60729567
60730707
60729554
60730151
60730636
60730915
60730084
60730907
60731003
60730341
60730871
60711148
60747262
60783621
60816581
60855605
60896755
60936273
60980792
61019451
61058005
61102593
61146121
61189689
61231865
61275625
61314508
60732837
60732009
60733032
60731716
60731907
60733205
60732121
60733087
60733076
60732564
60733081
60732065
60733344
60732438
60733429
60732733
60732702
60713091
60746294
60788542
60831838
60871502
60914913
60957631
61002498
61042002
61085386
61128605
61170781
61214933
61252155
61297286
60734465
60734295
60735076
60735381
60735365
60734754
60735602
60734607
60735332
60735603
60734730
60735412
60734875
60736007
60734900
60735532
60734532
60735816
60714000
60745742
60785841
60825707
60869080
60913112
60952721
60991033
61027177
61064697
61100689
61142889
61177185
61219585
61256993
61296274
60736917
60735812
60735481
60736870
60736806
60735847
60737044
60736787
60736989
60735975
60735594
60737038
60737146
60737030
60736293
60736895
60736037
60735847
60737101
60735653
60776531
60807806
60852083
60894860
60938740
60976063
61018680
61061559
61105735
61148055
61190759
61231935
61275919
61321600
60738620
60738587
60738236
60737825
60738863
60738976
60739012
60737814
60738956
60739082
60738137
60738289
60739033
60739102
60738430
60739315
60739355
60739281
60739355
60721328
60757701
60793837
60833514
60873309
60913894
60953247
60994029
61036144
61071345
61111178
61147570
61187656
61226568
61261692
61303026
60739438
60739312
60740185
60740378
60740342
60740471
60740414
60740531
60739653
60739178
60740223
60740514
60739923
60739703
60740518
60740418
60739736
60740590
60740522
60746464
60779466
60814653
60849997
60888184
60930781
60974941
61014645
61057728
61102072
61141995
61184339
61228096
61269944
61314848
60740143
60741517
60741405
60740437
60740392
60740103
60740706
60742355
60741221
60741205
60742482
60741555
60742669
60741310
60742597
60741542
60742618
60741302
60744796
60783504
60826956
60865843
60910632
60945299
60981723
61019984
61055123
61091547
61133184
61169774
61210859
61250603
61292291
60742557
60742621
60743719
60743416
60742904
60743666
60742200
60742752
60743854
60742389
60742907
60743899
60742501
60743953
60743421
60744140
60743735
60743221
60737665
60770545
60805652
60849682
60881921
60924583
60968705
61010714
61054777
61094716
61141561
61183802
61227318
61269578
61313412
60744493
60744676
60743937
60744933
60744834
60743974
60744966
60744741
60744130
60745109
60744884
60744360
60745162
60745067
60744275
60745242
60745078
60723595
60757317
60794725
60838205
60877994
60920914
60963983
61007975
61051015
61090711
61134567
61174162
61218407
61260863
61305615
60745994
60746316
60745356
60746551
60746381
60746622
60746537
60746085
60746764
60746724
60746050
60746945
60746757
60746023
60746926
60746912
60746242
60746888
60749178
60787650
60831244
60870303
60914237
60958127
61000039
61040855
61083882
61126146
61170914
61214554
61256682
61300514
60747088
60747488
60748295
60748302
60747280
60748087
60747084
60748236
60748191
60747164
60748375
60748279
60747327
60748487
60748273
60747366
60748534
60748438
60748165
60786936
60828904
60870489
60897985
60939845
60966440
61001332
61039761
61076178
61116053
61152646
61189993
61231335
61269820
61310324
60748591
60748682
60749292
60749543
60749124
60749529
60749502
60748626
60748653
60748568
60748895
60749443
60748696
60750030
60749823
60748608
60749727
60748472
60749872
60734070
60772115
60807359
60847170
60885927
60924002
60964737
61004292
61043705
61080033
61115176
61156440
61197786
61235832
61275627
61314975
60750894
60751900
60752270
60751256
60751688
60750773
60752027
60751829
60750861
60750920
60751911
60751045
60752213
60752058
60751098
60752326
60751442
60752441
60753273
60792782
60816214
60847774
60877518
60915110
60953358
60995198
61040753
61087326
61128548
61175310
61218918
61257681
61301374
60751500
60752132
60753075
60752028
60752804
60751745
60752969
60753018
60751998
60751758
60753186
60752238
60753178
60753202
60752140
60752060
60753263
60752008
60753444
60741296
60771052
60807023
60836611
60877054
60917032
60945056
60979765
61014713
61052150
61086062
61111673
61148156
61179796
61210854
61245905
61277193
61312785
60769752
60753218
60754928
60754583
60753718
60753307
60753843
60754775
60753593
60753486
60754842
60754947
60754091
60753865
60754152
60755130
60753926
60755244
60754550
60734856
60773829
60812478
60855902
60895601
60938895
60982694
61024907
61068066
61108863
61153527
61195225
61240020
61279217
61323202
60756505
60757553
60756592
60757770
60758634
60758051
60758941
60758681
60758185
60758861
60758988
60757782
60758855
60757667
60758147
60758316
60757721
60759275
60741021
60774100
60810155
60849088
60887283
60926189
60963084
60993220
61031900
61070388
61107710
61145617
61179487
61220775
61261768
61299791
61339677
60760059
60759281
60759579
60759366
60760290
60759417
60760557
60759539
60759331
60760377
60760452
60760637
60759257
60760570
60760653
60759894
60759550
60759395
60760065
60747067
60770446
60794405
60832527
60870043
60909096
60941419
60977281
61018081
61062289
61101049
61132911
61168969
61204144
61248952
61291040
61333712
60761334
60761589
60760334
60760691
60760528
60760595
60761769
60760996
60761778
60761107
60762081
60760714
60762048
60761074
60760800
60762148
60761170
60761057
60749601
60788610
60830451
60873693
60917370
60961141
61004221
61047309
61089565
61132950
61172932
61215561
61258841
61306009
61348279
60762953
60762830
60762034
60762958
60762845
60762120
60763159
60763051
60762453
60763172
60761829
60763388
60762456
60763460
60763428
60762749
60763527
60744977
60780794
60818399
60853543
60889119
60929053
60967181
61000075
61038458
61073650
61109536
61151066
61193864
61238938
61277637
61322466
60765528
60764159
60763932
60765191
60764265
60764012
60765274
60764515
60765418
60765820
60765533
60764200
60765530
60764670
60765602
60765685
60764817
60765888
60749708
60793471
60835487
60875063
60917735
60960703
61004543
61046743
61089615
61133960
61177656
61219784
61263405
61307336
61349456
60766438
60765334
60766470
60766706
60765934
60765302
60766744
60766711
60766588
60766112
60766737
60765669
60766977
60765656
60767075
60767095
60765578
60766160
60769858
60811708
60853932
60894767
60936874
60976482
61014640
61058968
61098736
61136387
61177672
61217098
61259719
61303519
61345647
60767559
60766382
60766843
60766694
60767689
60767074
60766406
60766894
60767896
60767828
60766961
60767925
60767833
60766998
60767994
60767988
60767145
60768125
60769664
60808814
60851214
60894670
60934791
60978929
61018654
61062872
61101595
61143618
61187154
61230802
61273010
61316929
60768209
60768120
60769095
60769046
60768441
60769139
60768443
60768081
60769184
60769151
60768257
60769186
60769245
60768071
60768092
60769284
60768588
60769566
60758121
60800202
60842754
60885243
60926142
60969814
61012621
61057129
61099174
61142496
61182264
61227235
61269459
61309987
61352063
60770141
60770072
60769480
60770263
60770171
60769587
60770343
60769326
60770478
60771554
60770594
60771856
60771752
60770733
60771944
60771832
60770821
60757995
60801283
60840228
60882781
60923345
60965913
61011143
61052016
61092960
61136080
61180953
61219718
61263089
61306843
61349307
60771367
60771757
60771801
60771812
60772881
60772685
60772602
60771948
60771529
60772727
60772861
60771505
60771441
60772732
60773048
60772869
60772308
60772403
60771916
60777119
60816017
60856924
60895981
60937051
60979110
61018576
61059296
61102672
61143678
61183616
61226984
61268318
61308630
61350664
60772979
60773182
60772565
60772927
60773893
60772759
60773919
60773823
60772906
60772751
60773903
60773053
60773967
60773514
60773972
60773370
60774320
60751480
60788594
60831014
60870905
60915239
60954594
60998671
61038757
61079291
61122266
61165786
61209190
61249435
61292731
61333134
60773867
60774709
60774633
60773784
60774740
60774731
60774088
60774879
60773752
60773656
60774969
60775040
60775170
60774555
60774979
60775211
60775138
60774246
60769731
60806337
60846182
60886955
60928091
60971116
61011571
61053595
61096814
61139931
61183706
61225755
61269419
61313198
61358835
60775182
60774672
60776048
60775821
60774912
60774816
60776070
60776339
60776070
60775205
60776619
60776357
60776311
60775635
60775011
60776548
60776429
60753254
60786161
60823497
60859109
60896706
60938003
60979795
61020643
61060438
61102699
61146891
61190420
61229044
61267899
61312995
61349355
60777223
60777303
60776415
60777245
60778871
60777550
60779015
60777947
60778688
60779157
60777987
60779090
60778983
60778507
60778470
60778033
60779317
60777864
60779126
60782001
60817466
60860792
60896371
60933313
60969278
61007339
61048067
61088804
61125394
61157990
61200396
61239131
61276022
61318321
61352702
60779675
60779025
60779803
60778447
60779913
60779791
60779908
60779928
60779161
60779901
60778929
60780157
60779182
60780237
60780470
60779372
60778846
60780302
60784158
60822690
60862561
60906591
60946535
60990696
61033820
61076950
61120190
61162414
61205846
61249518
61288204
61332017
60796110
60780132
60780224
60780090
60781065
60780359
60781029
60780258
60781305
60780423
60781171
60780082
60781322
60781159
60780308
60781469
60780300
60781489
60767693
60807398
60849402
60893546
60936250
60977020
61020885
61059710
61101565
61142509
61183597
61220088
61261365
61301208
61342835
60780990
60782115
60780821
60780869
60781215
60782104
60781063
60780970
60782103
60781194
60781084
60782126
60781217
60781180
60781174
60782584
60782345
60782593
60775636
60810945
60848492
60886300
60927164
60962896
60999899
61037072
61081534
61122390
61160982
61202369
61243628
61286153
61330828
61418599
60783069
60782104
60783150
60783326
60782296
60781877
60783372
60783304
60782749
60783181
60783595
60783420
60782538
60783250
60782458
60783518
60782941
60762977
60800548
60840005
60883437
60923381
60967407
61006828
61049978
61090848
61133981
61177557
61220989
61261198
61303326
61347405
60784103
60783992
60783314
60784083
60784042
60783402
60784222
60784130
60783282
60784267
60784277
60783650
60784449
60784432
60783682
60783980
60783408
60783196
60795362
60837552
60877890
60918802
60962723
61003242
61042746
61083709
61128154
61166682
61211619
61251594
61294138
61338946
60785564
60786018
60786709
60786711
60785703
60785748
60787031
60787072
60786153
60786949
60787109
60786300
60787240
60787219
60786564
60787269
60787156
60787409
60780469
60819086
60853228
60893855
60935338
60975949
61003496
61047997
61087789
61128468
61171939
61213085
61253470
61296619
61338139
60803222
60787177
60788387
60787001
60786905
60788014
60787003
60787017
60788110
60787099
60788243
60788080
60787230
60787185
60788184
60787216
60787128
60788325
60787501
60823924
60865146
60901871
60942167
60983928
61021608
61062160
61103800
61141483
61183720
61219893
61262622
61298904
61340271
60788152
60788391
60789128
60789475
60787899
60787979
60788057
60789389
60788462
60789364
60789432
60788806
60789359
60788054
60789512
60789315
60789610
60789387
60778933
60817434
60860692
60900346
60943031
60984133
61028757
61068645
61108125
61152613
61193093
61236093
61278662
61319088
61362349
60790069
60789244
60790315
60790337
60789695
60790510
60790244
60789222
60789714
60789172
60789585
60790534
60789358
60790539
60790481
60789513
60790673
60767279
60804935
60846989
60886981
60928153
60972025
61005626
61045315
61089537
61129217
61169235
61212658
61256286
61296342
61339870
60806236
60791065
60791148
60790407
60790195
60791126
60791297
60791133
60791412
60790461
60790260
60791220
60791575
60791535
60791917
60791796
60790448
60790332
60790356
60770523
60809734
60843150
60886844
60923191
60961489
60998614
61034464
61077628
61112939
61151328
61192854
61231392
61274944
61309040
61348112
60791477
60792157
60791716
60791642
60791845
60792687
60790978
60792376
60792569
60792540
60792539
60791775
60792924
60791468
60791431
60792524
60791753
60792834
60791564
60791947
60831135
60872804
60914422
60956956
60999232
61043608
61083191
61126416
61169872
61209799
61253786
61295930
61339810
60794424
60794553
60795459
60795853
60794748
60795482
60795571
60795666
60794704
60795722
60795642
60795059
60795874
60796086
60794830
60795794
60795667
60795155
60789071
60831443
60874916
60911770
60947580
60987943
61031820
61074140
61118356
61158137
61201617
61244033
61288857
61332657
61373655
60795761
60796667
60796546
60795846
60796637
60795663
60795901
60795923
60796700
60796785
60796019
60796882
60796849
60796163
60797072
60796894
60796118
60777036
60813756
60855879
60898319
60941263
60985522
61028289
61071513
61111116
61154484
61197933
61241319
61285073
61327181
61370977
60797391
60797031
60797664
60798001
60797786
60796686
60796548
60797845
60797809
60797126
60796947
60796403
60797976
60798074
60798038
60796782
60798145
60798114
60797210
60800684
60834734
60871112
60911262
60955415
60995409
61039886
61078926
61122854
61164953
61206057
61249471
61289769
61334735
61366174
60797619
60798798
60799061
60798125
60798888
60797661
60798821
60798717
60797757
60797736
60798829
60797869
60797765
60798976
60797906
60799066
60799005
60798045
60804123
60843634
60885824
60924061
60961813
60991028
61031834
61072442
61113258
61156981
61201373
61240015
61283594
61326970
61370778
60799517
60799227
60799845
60798503
60798530
60799322
60799824
60798915
60798878
60798685
60800181
60800362
60799186
60800225
60798939
60800320
60800030
60799113
60806286
60848317
60887221
60927784
60971013
61015286
61057417
61097883
61142469
61181189
61225853
61269604
61308381
61351979
61436365
60799517
60799249
60800994
60800853
60799820
60801019
60800963
60800103
60800992
60800979
60800431
60801241
60801117
60800498
60801131
60801173
60800279
60793909
60837731
60876817
60920519
60961578
61004398
61044156
61087175
61129414
61173617
61213907
61257676
61301003
61343772
61383502
60801678
60801701
60801088
60801935
60800674
60801978
60801866
60801263
60802083
60800855
60800933
60802187
60801268
60802302
60802281
60801583
60802478
60786803
60825521
60868898
60911835
60951157
60997266
61037786
61073874
61112147
61152090
61194554
61233312
61278130
61316781
61360906
60803837
60804076
60804850
60804059
60805126
60803919
60805206
60804946
60804234
60804967
60804093
60804387
60805098
60804031
60804053
60805143
60804282
60804197
60795733
60839155
60878303
60921185
60965590
61005164
61048196
61091588
61134693
61174636
61218295
61262957
61301372
61345332
61388949
60805868
60805027
60806157
60804921
60806221
60806300
60805467
60806129
60806064
60805747
60806069
60805270
60805013
60806326
60805267
60805289
60806379
60788676
60825374
60867539
60907679
60951736
60991148
61032011
61076233
61116856
61156894
61200222
61243607
61284088
61327208
61371112
60806695
60807149
60807072
60806055
60807182
60807193
60806463
60807342
60807047
60806119
60807270
60807202
60806436
60806828
60806036
60807594
60807354
60806445
60812235
60851966
60894618
60938868
60978356
61021060
61065548
61101684
61142596
61179004
61223636
61259780
61299148
61340452
61381316
60807913
60808031
60807442
60808292
60808083
60807197
60808263
60807146
60808465
60807650
60808363
60808285
60807276
60808465
60808263
60807479
60808443
60808418
60813300
60856670
60897888
60938805
60982906
61020317
61063146
61107487
61147309
61189303
61234125
61274287
61317631
61358149
60808341
60808325
60809409
60809366
60808340
60809314
60809376
60808793
60809496
60809416
60808652
60809635
60809504
60808908
60809664
60809651
60808777
60809819
60813142
60842552
60875171
60913662
60946769
60985024
61018432
61052500
61089900
61124884
61162104
61199024
61231537
61274300
61303355
61342472
61379124
60809389
60810410
60810295
60810346
60810343
60810461
60809806
60810817
60810616
60810529
60810629
60809702
60810799
60810891
60810661
60810963
60809921
60810721
60811000
60810575
60843601
60882087
60918055
60951559
60984090
61015080
61053600
61088998
61127145
61166184
61202387
61239994
61282440
61316447
61355474
61390981
60810535
60811435
60810191
60811600
60810569
60810289
60811763
60811489
60810460
60810798
60811803
60812015
60810821
60810988
60810953
60812152
60810590
60812107
60802354
60840378
60878669
60918084
60956480
60995605
61036133
61074702
61112019
61150635
61189294
61223357
61257443
61299821
61337373
61374245
60811596
60811613
60812654
60812614
60812603
60812826
60813168
60812797
60811869
60811906
60812977
60814352
60815297
60815639
60814719
60814087
60815489
60815360
60814754
60807947
60849091
60885309
60926310
60966343
61010547
61051131
61093043
61134030
61177579
61222038
61262991
61304195
61348206
61391541
60814534
60815648
60814774
60815934
60815830
60814827
60816081
60816028
60815060
60814972
60814899
60816301
60815137
60816502
60815210
60815545
60815553
60816281
60812625
60842003
60879726
60912403
60948993
60984916
61020526
61060200
61090785
61125608
61161864
61194747
61233544
61261584
61298611
61337088
61368105
61404464
60816805
60817008
60817151
60816109
60815891
60817172
60816587
60817132
60816080
60817308
60816424
60817407
60817284
60816637
60817476
60817392
60816893
60796266
60831807
60872713
60911196
60948901
60991706
61031360
61074282
61118691
61158650
61200730
61244413
61289053
61331219
61371666
60818216
60817346
60817998
60817971
60817069
60818092
60818067
60817512
60818078
60818214
60817336
60818351
60818385
60817584
60817567
60817387
60818548
60817600
60813962
60853726
60897094
60936516
60980177
61023942
61063588
61106860
61150164
61192521
61236790
61280614
61316947
61360611
61403195
60817814
60819258
60818272
60819322
60819287
60818419
60819351
60819405
60818720
60819367
60819216
60818704
60819323
60818184
60819734
60819459
60818491
60802967
60844055
60882646
60925618
60968542
61012694
61056566
61095347
61138192
61181853
61226374
61264950
61302000
61339381
61380710
60819640
60820086
60819120
60819126
60820154
60819140
60819100
60819302
60820445
60820405
60819593
60820648
60820608
60819783
60820680
60820624
60819814
60820666
60820499
60860314
60902626
60946417
60987777
61028489
61069208
61106336
61148760
61180291
61225025
61266072
61307216
61347249
61390009
60821077
60820485
60820476
60821173
60821169
60820742
60821443
60821273
60820697
60821480
60820471
60821597
60820831
60820736
60820556
60821725
60820849
60821832
60824822
60863708
60906202
60948834
60990197
61034103
61073690
61118047
61159151
61198823
61239210
61283856
61322621
61366386
60837393
60821363
60822178
60822231
60821566
60822244
60821223
60821359
60821271
60822329
60821412
60822636
60822476
60821465
60822617
60822513
60821734
60822824
60808411
60849448
60888040
60932104
60972480
61012011
61056163
61095771
61136621
61177335
61219021
61258578
61303459
61341911
61383538
60822622
60821906
60823392
60823457
60822573
60823438
60822327
60823751
60822370
60823602
60823702
60822695
60823809
60823694
60823074
60823846
60823861
60823098
60819934
60861065
60901050
60944952
60985158
61028144
61072352
61115457
61157731
61197518
61240741
61285739
61324448
61368326
61406104
60822784
60826854
60826997
60826865
60825970
60826821
60826101
60827196
60826512
60827081
60825960
60827324
60826133
60827340
60827155
60826589
60827251
60826467
60832132
60870457
60910629
60947522
60989920
61030480
61067599
61107637
61145994
61187087
61229400
61265642
61307207
61346992
61389720
60827192
60827874
60826622
60828146
60827257
60828240
60828556
60827513
60828291
60827054
60828464
60827294
60828488
60828359
60828540
60827257
60828549
60828463
60815205
60855149
60891623
60932119
60971359
61009623
61046831
61087496
61125831
61167327
61207943
61245594
61287215
61328000
61366162
61407143
60828437
60827717
60829021
60829156
60828315
60828025
60829402
60828368
60828043
60828744
60829372
60828533
60828472
60829562
60828824
60828827
60829548
60829588
60829620
60829623
60818855
60840996
60876272
60907011
60935779
60974813
61002597
61035989
61070181
61098021
61135158
61164653
61200781
61240885
61278541
61319845
61358869
61403621
60830159
60829590
60830223
60830262
60829275
60830273
60830299
60829541
60830522
60829123
60830703
60829851
60831014
60829539
60830716
60829488
60829515
60830876
60837415
60880722
60919795
60964147
61007116
61046501
61089613
61132845
61177453
61217269
61257053
61302181
61343254
61384965
60830125
60831254
60830107
60830623
60830681
60831515
60831522
60830315
60830283
60831647
60831583
60830835
60831235
60830875
60830797
60830942
60831198
60831911
60831808
60832065
60831787
60831827
60813410
60848403
60883390
60919198
60960405
60997062
61036392
61076014
61113526
61151013
61187091
61230675
61266819
61304862
61345843
61382371
61468043
60832511
60832590
60832449
60832428
60832662
60832696
60832773
60832983
60832119
60831961
60832805
60833005
60832948
60831716
60833152
60833120
60832373
60833196
60833343
60821536
60864357
60896535
60936946
60973923
61007410
61046682
61082970
61121338
61158954
61195322
61238706
61273794
61312778
61352994
61387474
60832688
60832788
60832551
60833925
60832422
60833942
60833774
60832963
60832616
60832539
60834000
60834122
60832936
60832886
60834175
60833547
60834226
60832910
60824666
60868176
60907319
60951091
60990191
61031474
61074479
61118844
61157778
61201171
61243319
61281831
61323455
61368504
61407039
60834691
60834127
60834826
60834689
60833727
60835139
60834097
60835080
60835067
60834353
60835155
60834196
60835328
60834193
60835392
60835213
60834534
60835285
60841023
60879647
60923221
60962442
61007235
61047835
61087506
61128259
61169253
61211634
61256163
61297523
61336170
61381147
61421099
60835727
60835764
60836017
60836233
60834817
60835910
60835857
60834959
60834863
60835996
60834988
60836196
60836092
60835364
60836403
60835374
60836488
60825466
60859344
60901542
60942193
60985218
61028967
61068898
61109426
61150109
61193778
61236936
61280256
61320642
61362527
61407743
60836587
60836305
60836589
60835646
60837227
60836005
60836809
60837064
60835763
60837131
60837295
60836326
60836048
60836681
60837203
60836317
60838939
60839328
60839464
60839443
60816708
60849491
60889298
60922193
60960812
60999415
61032167
61072708
61112410
61150807
61188444
61226268
61267201
61307159
61343406
61386111
61422857
60840748
60840981
60841034
60840849
60840873
60841058
60840277
60840232
60840353
60841062
60840029
60841091
60839915
60840117
60841362
60841356
60840035
60841318
60840813
60830799
60860425
60896724
60928103
60966185
61005069
61046157
61086581
61129693
61169640
61210648
61255226
61293858
61336466
61371069
61404869
60841225
60841985
60842182
60842236
60841182
60842355
60842175
60841366
60842252
60841220
60842448
60841465
60842592
60842483
60841633
60841606
60842661
60842468
60818829
60854369
60898001
60936811
60967731
61005305
61032313
61074130
61113809
61156921
61200146
61244817
61283369
61322398
61362179
61396782
61430824
60842070
60842196
60842657
60842987
60842369
60843400
60842379
60843305
60841997
60842198
60842494
60843540
60843428
60842779
60843500
60842192
60842788
60842557
60842557
60881088
60921071
60962722
61002805
61043584
61081602
61108798
61138923
61181179
61205731
61237866
61263434
61289333
61326963
61349370
61384032
61422267
60844197
60844156
60844397
60842924
60843594
60843156
60844727
60843812
60844711
60844092
60844753
60843830
60844529
60843865
60844789
60844617
60844584
60843365
60843611
60844840
60845068
60827031
60858776
60885877
60921334
60948949
60984269
61024931
61069025
61109830
61146958
61191637
61230157
61274957
61316389
61346910
61378925
61404765
60844506
60844789
60845406
60845610
60845542
60845688
60844498
60845586
60844764
60845827
60845855
60845891
60844655
60845756
60845103
60845888
60845891
60844815
60846043
60845965
60845570
60822243
60863698
60892893
60923840
60960512
60998654
61035742
61070475
61110229
61154275
61182365
61222659
61263534
61304755
61348227
61388734
61430643
60847093
60846809
60846156
60847149
60845922
60847073
60846060
60845919
60847257
60846408
60846478
60845758
60847181
60847111
60846446
60847124
60847415
60847341
60837957
60880779
60917256
60961250
61000648
61044134
61085178
61124965
61168051
61204205
61244307
61280555
61321946
61361800
61403218
60846567
60846826
60847825
60847814
60847207
60847920
60847735
60847903
60847807
60848094
60847906
60848083
60847266
60848190
60847443
60847247
60846700
60846959
60836304
60876226
60918433
60962667
61002011
61046675
61086243
61128803
61169419
61210268
61255068
61293854
61337296
61382336
61421030
60848829
60848314
60848880
60848845
60848498
60848938
60848167
60849213
60848230
60848118
60848505
60848052
60849593
60849129
60848908
60849193
60849400
60848185
60848506
60864327
60894812
60924567
60962434
61005339
61047746
61087439
61127290
61167823
61209162
61250322
61293447
61333818
61377066
61417538
60849987
60849790
60848686
60848825
60850125
60850112
60849321
60850023
60848726
60849345
60850180
60849102
60849127
60849153
60849027
60849596
60849726
60849679
60843241
60883341
60923498
60967233
61007601
61047895
61092208
61130642
61171757
61216087
61257007
61295925
61337322
61370216
61411575
60850240
60850897
60849728
60851126
60849843
60851262
60851298
60850312
60851193
60851180
60850614
60851284
60850099
60851403
60849984
60850329
60851465
60850912
60849233
60891216
60931406
60974272
61015320
61059320
61099011
61142243
61185593
61226456
61270904
61307867
61351224
61394760
61437952
60855116
60854177
60855464
60854574
60855696
60855417
60854939
60855622
60854361
60855598
60855510
60854806
60855778
60854945
60855711
60854670
60855928
60832259
60872802
60912446
60955651
60995836
61039521
61078913
61119913
61160658
61201591
61246225
61285017
61329865
61368508
61413561
60856693
60855406
60856431
60856402
60855675
60856474
60855564
60857004
60856789
60857103
60855801
60856644
60855828
60856888
60855969
60856968
60855486
60857155
60857072
60869504
60908112
60951608
60991336
61035560
61074960
61119304
61160096
61200019
61241976
61286669
61326920
61364301
61401237
61442317
60856007
60857296
60856463
60857454
60857584
60856872
60857454
60856141
60857843
60857552
60857748
60857857
60856844
60857950
60857706
60856986
60857821
60841333
60884716
60923264
60967454
61010268
61049845
61094845
61136997
61177854
61221150
61261271
61303624
61347161
61392137
61434457
60858454
60857134
60858414
60858580
60857840
60858652
60858523
60857752
60858697
60858078
60858863
60857995
60858935
60858811
60857768
60857488
60858996
60858875
60865998
60909134
60948080
60992709
61032078
61074996
61119447
61162444
61203476
61245751
61286868
61330620
61369212
61413269
60859764
60858707
60859703
60859774
60858674
60859618
60858855
60859835
60858838
60859944
60859748
60858915
60859836
60858744
60859964
60859277
60859757
60858728
60849277
60880953
60924232
60964927
61004110
61048046
61087729
61130638
61172662
61205494
61233665
61272422
61317278
61355854
61396334
61432617
60860424
60859869
60860523
60859453
60860791
60859754
60860788
60860716
60859931
60859861
60860951
60860061
60860760
60860953
60860856
60860924
60859925
60861022
60845340
60881993
60924465
60968265
61007681
61051799
61092464
61131920
61172707
61217376
61257289
61300449
61338588
61380881
61425689
60861694
60860488
60861814
60861551
60860567
60861996
60861164
60861926
60860642
60861975
60861879
60861181
60862246
60861357
60862310
60861082
60862361
60861204
60863321
60901880
60941865
60982412
61026077
61069121
61111944
61152887
61193637
61236036
61280570
61320804
61362820
61407947
61450220
60862623
60862592
60861710
60862808
60862707
60862110
60862698
60861435
60861534
60861478
60861649
60862882
60862016
60863005
60861747
60863146
60862027
60844239
60880674
60919193
60962575
61002441
61045702
61089590
61129126
61172654
61213457
61254638
61297910
61341590
61380457
61417054
61499087
60863140
60863532
60862580
60862609
60862392
60863819
60864034
60863043
60863990
60864022
60863496
60864096
60863136
60863205
60864241
60863304
60864390
60847413
60887415
60930647
60971351
61010503
61053576
61095386
61136168
61176042
61216586
61261400
61299938
61341461
61384888
61425194
60863931
60864633
60863908
60865008
60864418
60865092
60863830
60864978
60864427
60864894
60865222
60865250
60864694
60865089
60865266
60863974
60864498
60865276
60865393
60853607
60893058
60936580
60976069
61016535
61059837
61103298
61146779
61187603
61227195
61268817
61308546
61353163
61395595
61436170
60865675
60865267
60865663
60864821
60866011
60865127
60866008
60865865
60865145
60865939
60865179
60866215
60865288
60866271
60866040
60866275
60865166
60865091
Peak: 62107449
Average: 59264557.68619828
