0
217051
257461
257412
257444
257712
257825
257776
257890
257880
258019
257944
257976
258008
258040
258178
258104
258200
258232
258264
258296
258328
258468
258392
258532
258627
258552
258692
258616
258754
258680
258712
258977
258840
258872
258928
258936
258992
259024
259139
259064
259216
259332
259256
259288
259320
259352
259617
259440
259448
259480
259512
259544
259672
259704
259736
259768
259800
260089
259864
259896
259928
259960
259992
260024
260152
260184
260216
260248
260280
260312
260344
260376
260408
260440
260472
260504
260688
260696
260752
260784
260792
260848
260856
260888
260920
260952
260984
261040
261048
261080
261136
261144
261328
261360
261368
261400
261432
261464
261520
261528
261793
261592
261624
261656
261712
261744
261776
261808
262000
262114
262040
262096
262104
262136
262168
262224
262232
262288
262320
262352
262384
262416
262424
262456
262512
262544
262576
262584
262800
263041
262864
262896
262904
262936
262992
263024
263032
263088
263096
263152
263268
263216
263224
263280
263312
263320
263352
263384
263632
263664
263696
263728
263760
263768
263824
263856
263888
264002
263952
263984
263992
264024
264056
264112
264144
264152
264208
264216
264272
264280
264312
264344
264600
264738
264664
264696
264834
264760
264792
264824
264964
264888
264920
264952
264984
265016
265154
265080
265218
265250
265200
265232
265240
265272
265304
265336
265368
265400
265432
265464
265776
265808
265816
265848
265904
265936
266050
266082
266008
266040
266305
266128
266136
266168
266224
266232
266288
266296
266328
Peak: 268776
Average: 260584.9818181818
