0
120446
491763
827063
1558996
2140873
2569269
2999640
3503622
3866651
4353878
5254511
5396045
5737289
6187013
6658319
7130096
7366710
7776015
8336222
8751566
9028543
9352155
9573571
9917796
10690201
11125578
11704445
12422723
12732928
13066574
13540169
14079919
14594652
15114037
15645169
15988187
16298744
16523095
16657049
16722086
17067665
17231713
17519117
17905564
18060939
18281774
19579769
19400904
19579654
19689995
19690371
19926225
20114964
20275024
20429701
20809631
21356211
21740730
22151055
22631768
23236370
23501130
23952869
24267580
24430181
24590279
24737044
24935644
25107251
25454646
25826959
26130372
26626094
27003183
27619162
28460225
29158767
29854927
29917712
29922784
29925368
29940126
29951710
30102593
30545598
31213992
31478432
31711994
31900873
32078731
32300563
32371858
32464553
32498250
32586797
32812347
33215169
33764512
33824599
34346159
34466514
34642228
34688010
34659526
34741727
35049339
35203212
35776787
35873307
36276063
36752793
36823936
37081606
37769027
37984786
38379345
38379428
38379507
38379438
38242714
38694466
38893885
39076588
39137573
43132267
43196842
43459243
43488753
44080564
44139470
44205088
44279399
44338406
44362687
44439412
44472038
44535881
44593230
44648494
44666492
44902441
45113786
45200494
45643218
45848693
46104339
46687038
46844875
46884501
47072579
47132878
47216560
47403173
47490135
47586306
47676191
47992561
48119504
48361985
48565816
48649193
48796822
49397662
49400971
49403552
49406084
49408717
49411511
49413858
49416446
49418943
49421042
49423928
49426528
49429112
49431681
49434192
49436734
49439743
49442321
49444563
49448268
49450997
49453732
49456416
49459006
49461816
49463465
49463497
49465176
49467709
49470209
49471705
49474271
49487941
49490653
49493119
49495074
49444600
49518280
49650671
49832096
49941912
50189633
50317108
50355714
50379874
50394706
50428202
50480376
50533431
50610467
50742498
50820260
50876247
51088763
51444399
51553892
51856236
52113352
52491893
52639478
52954072
53246083
53712157
54328720
54513120
54584188
54686502
54711207
54733427
54877141
54982862
55058875
55202606
55206272
55209954
55213504
55217263
55237637
55587925
55942675
56122589
56540097
56962583
56995627
56989505
57397740
57500988
57690664
57901937
58015194
58207271
58248655
58499403
58688279
58461325
58563895
58689220
58997159
59772167
59897439
59992135
60061815
60117249
60300924
60338044
60911219
61843227
60903637
60954270
60751841
60754927
60757149
60760166
60759734
60762722
60763150
60765859
60766884
60766455
60767195
60770118
60771069
60774658
60773356
60774650
60777202
60778199
60779123
60778188
60779620
60781918
60781681
60783177
60784690
60783328
60785043
60784448
60786201
60786654
60788483
60788919
60790153
60791224
60791208
60790229
60791969
60795216
60796698
60798216
60796953
60798662
60799561
60798035
60800186
60801283
60801537
60802110
60800376
60802984
60802358
60803343
60803822
60804268
60805080
60804496
60805820
60804486
60804404
60805228
60805427
60806811
60810878
60810693
60811572
60812697
60812433
60812751
60812868
60814113
60814202
60814790
60813575
60815566
60813948
60814865
60815239
60817417
60818046
60818616
60819107
60818151
60820924
60821458
60821789
60822132
60823081
60826221
60826400
60827716
60827956
60828116
60829132
60829322
60829616
60830704
60831162
60831741
60830470
60833447
60833252
60832032
60834751
60834706
60833813
60834406
60835795
60835915
60836856
60835559
60839189
60840931
60839604
60842578
60842074
60842555
60843179
60841462
60845056
60844113
60843580
60842772
60845124
60845648
60844258
60846253
60844895
60847355
60849100
60848747
60849031
60849702
60849710
60848415
60850755
60849276
60854022
60852517
60854379
60855335
60854073
60857747
60856359
60855341
60856209
60856828
60857907
60857045
60857217
60858903
60857480
60859876
60858325
60860495
60862993
60860922
60863332
60861856
60862102
60862715
60861223
60867930
60864671
60864802
60867753
60870021
60867997
60866462
60867849
60867228
60869679
60868677
60870329
60868953
60873266
60871371
60871035
60872035
60870773
60875065
60873087
60872818
60873834
60872433
60874560
60874641
60878327
60877377
60876593
60877406
60882214
60879937
60883032
60881269
60884188
60881495
60881269
60882204
60881606
60881341
60881358
60886649
60883135
60883630
60884548
60884896
60883678
60885825
60886308
60885407
60884892
60890548
60888243
60890788
60894566
60891368
60895123
60892059
60890830
60893106
60893084
60891822
60892064
60897590
60894687
60894536
60895478
60894705
60896179
60899870
60896642
60895205
60897697
60897892
60898542
60897047
60905044
60901861
60900451
60902959
60903219
60901590
60901985
60908116
60904522
60904450
60905388
60905648
60904402
60904925
60910876
60907359
60907298
60908479
60908636
60908879
60913223
60909632
60908134
60910809
60911052
60914117
60913555
60912933
60915728
60913500
60915957
60920666
60916570
60915081
60915596
60921989
60917918
60923205
60918869
60918674
60919739
60920108
60920423
60919175
60925260
60922060
60926465
60922270
60920903
60922886
60923831
60926512
60925640
60927227
60925821
60932391
60928100
60926792
60929444
60934037
60929777
60935148
60929616
60929011
60931526
60931672
60931947
60937609
60932731
60931061
60933532
60933712
60934209
60932998
60935033
60934530
60938327
60936432
60938700
60939335
60939472
60940194
60938933
60940533
60939271
60940073
60940255
60947981
60942628
60941232
60943747
60943914
60944455
60943026
60943035
60945090
60951477
60946092
60944358
60946958
60946746
60950209
60950513
60950924
60949710
60950132
60950445
60950454
60952560
60958779
60952484
60951637
60954264
60953785
60955096
60954456
60955291
60961650
60956841
60962710
60955967
60955188
60957546
60957313
60958234
60958545
60958898
60960174
60962250
60960657
60962712
60969504
60963571
60961915
60964474
60964244
60965141
60965488
60966057
60972445
60964581
60973291
60967005
60973922
60967837
60974843
60968148
60975512
60968925
60976334
60969664
60976614
60972845
60980294
60973745
60971997
60974505
60974080
60975145
60974765
60975659
60983043
60974494
60983929
60976979
60984947
60978272
60985993
60979079
60986454
60979023
60978220
60980524
60978956
60979633
60979593
60981107
60982229
60984462
60985671
60985465
60986328
60986560
60986992
60987251
60987560
60986727
60988731
60987029
60988466
60989808
60987991
60990332
60998517
60991019
60989244
60991656
60989987
60992371
60990523
60991433
60990961
60992046
60992763
60995326
60995182
60996763
60998192
60998278
60998443
60999252
61007759
60998981
61000248
61008886
61001830
61009767
61001732
61010154
61002564
61002973
61001405
61003659
61012417
61004496
61005313
61004669
61005716
61004094
61006465
61008677
61009691
61009290
61010358
61008661
61010813
61019814
61009819
61010011
61010510
61021149
61012934
61021828
61013775
61022954
61013750
61013029
61015602
61015433
61016459
61014688
61017321
61017092
61018697
61027727
61018099
61022890
61021632
61023578
61022103
61024138
61023782
61023580
61024450
61024312
61024321
61025066
61025950
61025822
61025743
61026420
61027424
61027220
61027127
61027795
61030167
61030484
61030885
61031124
61031630
61031818
61032396
61034075
61035713
61035143
61036395
61035429
61037152
61037374
61037744
61037426
61036395
61036552
61037009
61048852
61039994
61050232
61040853
61050756
61041804
61040632
61042884
61043497
61043257
61044110
61043874
61044992
61044870
61048625
61047044
61049560
61059699
61049298
61051087
61051451
61052239
61052625
61053090
61053429
61054039
61064410
61053925
61065302
61056193
61054285
61055607
61057135
61056180
61058269
61057967
61058803
61069808
61058133
61058396
61061683
61061792
61062465
61062676
61063277
61064217
61064387
61064136
61065378
61065456
61067654
61068730
61068594
61069659
61069322
61070270
61068494
61070817
61069246
61073021
61070859
61071537
61072500
61072578
61072281
61073033
61077578
61077995
61078367
61078634
61078956
61079195
61079685
61079722
61080219
61079016
61081085
61080602
61079255
61079438
61080623
61082353
61082599
61082938
61082875
61083676
61094995
61084145
61096025
61083431
61085551
61085219
61088640
61100550
61089293
61100803
61090563
61101824
61090370
61102565
61091085
61103136
61090363
61092412
61092774
61093079
61093031
61093757
61093536
61094473
61092827
61094955
61107218
61095503
61107688
61094728
61095291
61096084
61098262
61098880
61098724
61099500
61099943
61100892
61102117
61101285
61102878
61102864
61103559
61116050
61104056
61116555
61104635
61117037
61103878
61103355
61105021
61106515
61106795
61107250
61107503
61108030
61107005
61108592
61110970
61112113
61110307
61112644
61125436
61113404
61125988
61113804
61126459
61112786
61127247
61113707
61113679
61116060
61116533
61113898
61114919
61115007
61117447
61118031
61117708
61117915
61132079
61119405
61132556
61118113
61120948
61122585
61122767
61124148
61123479
61125687
61126113
61125736
61126588
61139675
61125400
61126505
61127035
61128236
61127982
61128889
61128413
61129395
61142831
61129908
61143868
61130480
61144105
61129462
61144772
61130242
61133023
61133594
61149274
61134357
61134430
61135915
61137167
61151065
61136150
61138178
61137190
61138720
61152832
61139914
61153348
61139807
61154283
61140573
61154634
61139528
61155303
61140380
61156079
61142639
61142133
61142287
61144551
61145399
61147112
61147398
61147632
61147375
61148379
61148138
61149033
61147332
61149591
61164094
61150097
61164444
61149052
61149218
61149810
61150866
61165613
61151753
61165973
61150491
61152409
61151627
61150510
61150680
61153611
61153838
61154424
61155586
61154990
61155383
61153326
61155375
61153369
61155415
61169757
61155246
61153441
61153632
61154164
61154039
61155528
61154716
61155618
61153567
61155528
61170007
61155599
61169817
61155385
61169908
61155500
61169961
61155506
61169716
61154125
61156009
61155816
61156011
61155295
61155866
61155091
61155809
61169908
61154662
61156207
61154006
61155894
61170513
61156009
61170505
61156124
61170234
61154418
61154280
61156586
61157783
61155558
61157730
61172147
61156178
61157918
61157746
61158030
61157334
61157947
61172258
61157733
61172270
61156000
61156054
61156345
61156081
61156532
61157159
61156630
61158316
61158236
61158332
61155080
61157866
61158302
61157739
61158300
61156192
61157548
61172771
61158195
61156411
61156619
61156427
61156857
61156695
61156921
61156911
61157863
61158838
61158711
61158974
61156688
61158672
61172914
61157346
61157450
61157831
61159045
61158608
61159067
61156915
61159077
61173038
61157528
61159050
61159220
61159309
61158698
61159346
61157196
61158121
61173680
61159190
61173437
61157549
61157509
61159497
61159562
61158678
61159530
61173491
61157718
61157188
61158702
61159677
61159153
61159754
61173980
61157614
61158515
61158933
61159774
61173630
61159592
61173825
61157995
61157951
61158711
61159958
61159860
61160011
61159335
61160064
61174492
61160265
61174206
61158233
61160135
61158216
61158692
61158381
61160291
61160499
61157510
61158268
61158258
61159146
61160079
61159321
61160224
61173996
61158164
61158232
61160157
61160208
61174231
61158279
61158517
61159231
61160477
61159839
61160314
61158313
61160447
61174618
61160377
61174880
61158736
61158683
61159009
61160886
61160541
61160943
61160487
61161058
61175433
61160895
61174974
61159394
61159854
61161028
61161298
61161726
61162482
61176414
61162204
61176581
61160714
61160238
61161593
61162786
61162562
61162853
61161969
61162543
61160794
61161143
61161178
61162215
61162975
61176921
61162648
61176997
61161390
61163175
61162155
61163239
61162498
61163206
61177302
61163017
61177160
61162817
61176802
61161220
61163183
61162608
61161889
61177427
61161195
61161306
61161820
61163188
61162523
61163238
61162461
61162762
61162878
61160916
61163000
61177316
61163128
61177266
61161295
61162282
61161938
61163504
61161234
61163410
61161899
61162847
61163517
61162648
61163699
61163846
61163153
61163749
61178066
61163531
61177728
61162635
61163796
61163589
61164030
61178119
61163622
61161789
61162340
61164060
61163385
61163973
61177862
61163712
61177896
61162239
61161835
61163719
61164229
61178374
61164022
61178105
61162727
61164549
61164398
61164480
61163887
61164502
61178680
61162584
61164419
61163349
61164750
61164085
61164677
61179026
61164501
61162594
61163821
61164768
61164613
61164750
61178746
61164547
61162763
61163064
61164825
61163565
61164902
61164127
61165409
61163887
61163894
61165034
61164393
61165029
61179105
61164713
61166547
61164239
61164779
61179066
61162904
61162907
61163532
61165164
61163010
61165144
61179488
61163179
61163059
61163684
61165322
61164890
61165375
61163236
61165244
61179873
61165115
61179479
61163676
61165560
61164895
61165466
61179642
61163879
61165975
61165234
61165970
61180209
61166446
61163852
61164201
61167426
61166103
61167552
61166901
61167606
61181904
61167249
61165925
61166972
61167386
61166222
61165688
61167748
61181895
61167580
61165761
61167936
61168025
61182295
61168589
61165976
61166325
61168096
61166966
61168109
61166171
61167374
61182167
61166312
61167183
61168199
61168309
61182388
61168164
61166383
61167538
61168349
61167850
61168272
61182651
61166758
61168645
61168535
61168587
61167884
61168678
61166498
61168523
61167687
61167975
61168316
61166214
61168321
61182813
61168200
61166368
61166864
61168622
61168480
61168518
61167806
61168484
61182758
61168342
61182991
61167441
61168767
61183225
61168560
61166755
61167707
61169005
61167002
61168956
61183574
61168079
61169267
61167141
61169211
61183498
61167204
61169430
61167199
61169282
61183362
61167627
61167779
61168468
61169671
61167634
61169653
61183783
61168012
61169824
61169706
61169888
61167752
61169377
61184208
61168013
61169894
61169499
61169916
61183946
61167916
61168386
61169864
61170028
61167790
61169739
61183784
61168283
61170017
61169848
61170081
61167880
61169199
61184356
61168329
61170227
61168766
61170191
61184232
61170120
61170311
61169670
61170276
61184454
61168478
61170451
61170132
61167387
61167215
61169693
61169764
61184195
61169523
61167756
61168163
61169999
61169793
61169831
61167678
61169048
61184026
61168017
61167620
61168711
61170061
61169324
61169913
61184394
61168121
61168519
61170121
61170234
61184356
61168569
61170309
61170038
61170250
61184217
61170030
61184169
61168721
61170383
61170460
61170546
61168372
61168486
61170532
61170391
61170627
61169890
61170468
61184410
61168865
61170694
61170495
61170769
61171664
61171502
61186570
61170447
61170585
61172375
61172539
61170382
61171701
61186607
61170767
61172696
61172058
61173241
61172870
61172746
61172753
61171439
61172911
61172973
61170895
61172807
61186857
61171447
61173085
61172554
61172220
61187117
61171151
61172039
61171915
61173268
61171293
61173287
61172744
61172295
61172869
61187430
61172878
61187126
61171624
61173388
61173240
61173568
61187297
61173115
61171218
61172344
61173553
61172837
61173408
61187606
61171824
61173746
61173622
61173789
61187939
61172095
61174045
61188032
61173667
61187848
61172284
61174010
61173376
61173064
61188063
61173956
61171833
61174216
61174194
61188416
61172704
61174376
61172216
61174258
61188301
61172570
61174320
61174402
61174569
61172351
61174150
61172441
61173482
61174554
61172493
61174525
61188281
61172827
61174472
61174398
61174682
61172458
61174653
61189180
61174584
61172854
61173845
61174705
61174019
61174806
61189099
61173169
61175053
61174294
61174924
61189061
61173259
61175079
61172964
61173153
61174082
61173879
61175133
61173113
61175154
61172860
61174905
61189572
61174859
61173180
61173601
61175351
61175210
61175412
61189713
61173798
61175679
61175363
61175692
61189787
61173825
61175743
61175636
61175958
61190076
61173820
61174800
61175813
61176025
61190275
61175627
61189705
61174260
61176055
61175401
61176051
61190055
61175920
61174153
61174436
61176310
61174024
61175264
61190451
61174448
61176257
61176109
61176382
61190285
61174629
61176615
61175744
61176365
61190272
61174744
61176679
61174475
61176657
61174568
61175040
61176739
61174606
61174844
61176828
61176286
61176861
61191237
61175378
61177066
61176364
61177048
61191139
61175267
61177186
61176542
61176861
61175080
61175994
61177292
61191110
61175576
61177391
61176768
61177284
61191643
61175739
61177500
61175175
61175669
61176767
61176507
61177205
61193367
61177247
61179374
61179237
61179216
61193551
61177434
61177658
61179383
61179448
61177319
61177559
61179684
61178899
61179548
61177689
61178862
61179980
61194178
61179605
61177671
61179109
61179968
61177863
61180021
61194271
61178182
61180227
61179497
61180226
61194132
61178606
61180405
61180113
61180403
61194623
61178468
61180496
61180283
61180495
61194710
61178491
61180642
61179977
61180514
61194801
61179292
61180570
61194953
61180404
61194390
61179017
61180737
61194737
61179150
61180949
61180332
61179920
61194796
61179783
61180965
61178785
61180772
61178892
61180065
61181026
61178921
61181124
61179263
61180180
61181360
61179200
61181047
61180189
61180303
61181400
61179148
61181047
61195194
61179663
61180766
61178787
61179361
61181342
61180547
61181231
61195229
61179621
61181310
61180741
61181309
61179237
61180538
61181442
61180743
61181335
61181777
61181058
61181318
61195617
61179982
61181818
61179569
61181745
61179622
61181684
61181824
61179682
61181834
61195957
61180159
61182008
61181292
61181730
61180272
61181973
61182096
61196496
61181780
61196154
61180420
61182400
61181786
61182265
61196060
61181108
61182331
61181837
61182189
61196387
61180537
61182199
61181510
61182170
61196268
61182086
61179943
61180281
61182969
61180265
61181577
61182412
61180324
61182390
61196214
61180688
61182493
61180279
61182335
61196388
61180601
61180606
61182491
61182570
61196454
61182254
61180538
61180987
61182754
61180509
61182424
61196656
61181013
61182167
61196434
61180751
61182464
61181818
61182649
61196690
61180954
61182752
61180592
61182490
61180862
61181739
61183071
61182136
61183539
61181157
61183032
61183104
61197114
61182812
61181892
61181692
61183144
61181069
61182975
61197396
61181351
61181455
61183234
61183419
61181266
61183106
61197332
61181633
61183349
61182743
61183226
61197543
61181705
61183527
61183358
61183552
61197772
61181730
61181882
61183637
61183702
61197688
61181808
61181929
61183227
61183887
61198274
61183547
61182733
61182605
61183880
61182973
61184062
61184124
61181971
61184249
61182130
61182547
61186284
61185732
61186301
61200711
61184433
61186653
61200542
61184734
61186751
61186464
61186652
61201038
61186425
61184507
61185459
61186750
61185149
61186841
61188361
61184162
61186207
61184562
61185281
61186709
61186023
61186728
61200896
61185275
61186988
61185288
61186902
61201390
61185182
61187066
61186846
61187109
61201132
61185393
61187308
61187088
61187287
61201246
61185737
61187420
61186855
61187433
61201669
61185567
61187530
61186738
61187234
61185722
61187471
61187711
61202151
61186004
61187864
61187025
61186829
61185566
61186363
61187852
61188039
61187805
61188021
61186099
61186760
61188137
61186019
61187921
61186727
61187575
61187241
61201903
61187975
61188074
61188147
61185905
61186033
61188058
61202344
61186953
61188071
61186122
61187931
61188253
61202266
61186591
61188253
61186138
61188003
61186062
61186752
61188324
61202174
61187204
61188499
61186309
61188207
61187369
61188560
61188687
61186690
61185959
61188233
61188274
61202195
61187037
61188492
61202652
61187070
61188657
61192848
61200000
61202361
61216774
61201699
61203514
61203549
61203785
61201539
61203966
61218209
61204199
61204264
61202306
61203488
61218470
61202986
61204948
61204909
61205137
61203472
61203667
61205535
61219736
61204851
61205874
61205295
61205866
61203812
61206012
61220232
61204547
61204647
61205279
61206416
61206123
61206511
61220467
61204848
61204652
61205357
61206881
61204843
61207018
61207317
61206714
61207269
61221569
61205607
61206228
61207463
61207712
61205583
61207393
61221936
61205717
61205822
61206164
61207860
61205812
61207910
61222258
61207686
61221958
61206139
61206414
61208233
61208391
61206344
61209112
61206717
61208397
61208671
61223279
61208631
61208534
61206613
61208863
61223070
61208766
61223215
61207170
61208020
61209265
61209015
61209280
61209179
61209493
61207456
61209628
61223736
61210404
61223928
61208048
61208933
61208620
61210096
61209595
61209989
61224048
61224472
61209528
61209829
61208685
61210045
61210110
61208008
61210156
61224605
61210008
61208203
61208984
61210316
61210270
61210428
61209544
61210249
61224611
61208368
61208592
61210022
61210675
61208495
61210438
61224410
61209596
61210809
61224736
61210578
61209835
61209849
61211047
61225433
61210902
61209005
61209532
61211156
61210545
61211260
61225664
61211078
61225587
61209423
61210119
61213569
61213808
61228221
61214392
61227981
61212203
61214323
61228331
61212674
61212452
61213652
61214691
61213087
61214776
61212498
61212952
61214431
61214389
61214483
61212446
61213751
61228748
61212728
61213362
61213576
61214683
61214018
61213865
61228760
61213174
61214863
61212614
61214553
61213606
61214769
61214903
61228934
61214014
61214978
61212873
61214929
61228819
61213265
61214940
61214278
61213014
61215012
61212841
61213339
61215118
61214566
61215154
61229595
61215201
61229232
61213697
61215393
61213399
61213817
61215568
61215436
61215447
61229713
61213682
61213923
61215675
61215839
61215267
61215999
61213867
61216001
61230432
61215819
61214089
61214483
61216247
61216256
61216345
61215659
61216388
61230589
61216092
61230625
61214508
61215444
61215538
61216645
61216603
61216641
61230528
61216761
61216627
61230640
61215048
61216833
61216896
61216883
61214408
61214954
61214755
61215617
61217069
61217139
61217078
61231142
61215557
61217311
61216823
61217258
61231300
61216987
61215168
61215589
61217438
61215165
61217272
61231173
61215675
61216293
61216096
61217470
61217505
61217387
61215285
61216566
61231223
61216135
61217348
61217469
61231502
61215303
61215719
61217573
61231849
61215630
61216001
61216532
61217842
61217102
61217749
61215684
61217617
61231745
61217633
61231817
61216180
61215916
61216415
61217933
61218007
61218257
61216131
61218040
61232176
61217943
61232154
61216573
61216485
61218390
61218455
61218053
61218618
61232929
61216737
61218509
61218124
61218535
61216457
61218578
61232556
61216718
61216409
61218174
61218556
61232676
61217220
61217156
61217620
61219093
61216175
61217080
61218813
61218880
61219167
61218560
61219121
61233339
61217753
61219328
61233603
61217786
61219670
61219432
61219662
61217577
61219187
61233859
61217889
61217646
61218105
61219842
61219885
61219954
61219579
61219778
61233869
61218050
61217828
61218314
61219976
61220067
61220040
61219344
61220025
61234136
61219798
61233886
61218219
61218140
61218993
61220202
61219547
61219937
61218329
61219028
61220279
61218116
61220223
61234246
61220268
61220364
61218396
61221150
61234835
61218619
61218747
61219283
61220684
61220180
61220628
61218636
61220620
61220892
61220468
61220884
61218844
61220790
61235070
61219163
61219147
61219683
61221111
61220607
61221052
61235540
61219225
61219003
61219451
61221130
61221090
61221084
61220409
61219338
61221215
61235217
61219409
61221304
61220933
61221210
61235695
61221031
61235119
61219551
61220254
61221317
61221406
61235720
61221103
61235301
61219808
61221456
61221386
61221448
61235600
61221405
61219624
61219994
61219858
61222194
61224058
61223165
61223221
61224452
61222401
61224372
61238723
61222559
61222340
61223484
61224594
61224671
61224723
61222673
61224746
61239101
61224750
61224681
61225042
61224932
61225045
61239315
61224739
61223853
61224089
61224948
61224878
61225094
61238909
61224707
61224977
61239002
61224853
61239189
61223608
61225229
61225177
61225338
61224546
61225176
61239231
61223319
61222833
61225239
61225298
61224612
61225341
61239727
61225193
61223337
61223860
61225498
61223359
61224528
61223554
61224013
61224888
61239194
61223346
61224114
61225376
61225462
61224704
61225379
61239346
61225312
61223480
61223877
61225566
61224907
61225421
61224462
61224465
61225743
61223641
61224735
61239598
61224015
61224006
61225932
61225943
61225849
61226082
61240209
61226673
61239904
61224261
61226118
61226090
61226391
61224105
61226017
61240257
61224393
61225260
61226300
61226324
61225611
61226155
61240308
61224692
61226669
61240476
61225524
61226789
61226072
61225835
61241146
61224951
61225028
61226807
61226845
61240640
61224988
61226968
61226775
61226912
61241271
61226695
61240882
61225509
61227216
61226599
61227115
61241103
61225258
61225383
61227135
61227296
61225218
61227240
61241511
61227143
61225335
61225834
61227585
61226875
61227604
61224844
61225882
61225839
61226349
61227546
61226509
61225541
61228261
61242021
61226024
61226005
61227685
61227942
61225792
61227814
61225846
61226895
61241990
61226065
61225699
61227617
61227897
61227073
61227239
61228325
61227849
61228290
61242868
61228247
61226340
61226737
61226577
61228462
61228596
61226395
61228283
61242881
61226731
61227030
61228764
61228700
61226499
61228360
61226531
61227705
61228641
61227139
61228705
61242742
61226772
61227671
61227797
61228996
61228929
61229060
61226872
61228709
61243170
61227303
61229010
61226949
61227252
61229232
61227076
61229162
61243340
61227484
61227564
61229442
61229453
61227351
61229401
61243723
61229304
61243741
61227882
61229694
61228042
61229731
61227656
61229733
61243701
61227900
61229362
61244127
61229425
61243721
61227942
61228049
61228550
61230080
61244388
61229710
61228369
61229988
61230149
61244340
61228284
61228460
61230136
61230181
61244612
61228479
61230226
61244657
61229982
61228265
61228611
61230444
61230514
61230436
61229877
61230551
61244835
61230283
61228403
61228899
61230588
61229299
61230700
61230654
61230863
61244739
61228718
61228619
61229166
61230855
61230283
61230823
61245086
61229041
61228580
61230959
61231168
61228892
61230248
61245111
61230868
61228981
61229593
61231306
61230987
61231244
61245219
61231254
61231391
61245777
61231099
61229318
61229875
61231486
61231115
61231508
61245621
61229813
61231584
61231384
61231510
61245715
61229832
61231665
61231493
61231644
61245955
61231512
61245422
61230552
61231414
61245489
61229802
61231670
61231029
61231638
61245643
61229846
61231833
61231832
61231921
61229812
61231994
61229820
61230970
61232077
61230489
61232069
61249084
61233319
61235275
61234637
61235318
61249773
61235050
61233242
61234293
61235454
61234659
61235415
61249953
61233572
61233511
61234789
61235610
61235093
61235701
61249579
61233874
61235886
61234407
61235714
61233588
61235449
61233640
61235838
61235903
61233946
61235117
61250292
61234131
61234539
61236225
61236322
61234319
61236420
61250428
61234834
61236520
61234480
61234653
61236798
61235965
61236758
61250936
61235076
61236999
61236838
61237101
61251160
61235221
61237057
61237005
61237145
61236422
61236270
61251558
61237056
61235160
61235670
61237308
61237166
61234690
61236765
61236914
61237092
61234916
61237088
61251718
61235413
61237433
61236624
61237278
61251341
61235709
61237443
61237414
61237567
61235545
61238386
61252110
61237386
61236965
61238129
61235898
61237783
61236002
61236549
61238221
61237813
61238230
61252373
61236634
61238347
61237829
61237342
61236202
61237415
61238339
61252519
61236885
61238095
61238378
61237980
61237605
61252487
61237343
61238606
61252698
61237666
61238634
61238055
61238811
61252554
61236982
61238777
61237210
61238817
61253374
61238723
61237779
61239079
61239141
61238288
61239092
61253396
61237318
61237384
61239150
61239239
61237389
61237433
61239482
61238711
61239207
61253367
61237884
61239509
61239484
61239720
61253973
61238856
61239912
61239117
61238870
61241481
61237555
61239727
61254079
61238154
61240011
61239451
61240040
61237944
61238389
61239914
61253927
61238393
61240157
61238134
61238469
61240353
61238254
61240071
61238119
61239005
61240321
61254216
61238782
61240438
61239787
61240471
61254358
61238768
61238783
61240654
61240672
61255064
61238653
61240966
61240728
61240859
61255279
61240673
61239924
61240423
61239252
61241181
61240708
61241200
61255124
61240063
61241279
61239310
61239635
61241372
61255881
61241107
61240163
61240110
61241463
61255750
61241222
61239390
61240408
61241562
61239382
61241660
61255457
61240005
61241722
61241174
61241594
61255967
61239740
61241724
61241644
61241925
61239718
61241807
61239845
61241161
61241951
61256203
61240101
61241934
61241867
61241908
61255845
61239204
61242259
61239875
61241175
61242196
61256100
61240765
61242193
61256182
61240120
61240416
61240955
61242332
61241977
61241569
61256501
61240768
61242505
61241819
61242623
61256733
61241563
61242686
61256938
61241007
61242771
61242007
61241886
61256982
61241094
61242924
61241801
61243234
61240937
61243129
61243197
61257226
61242063
61243413
61242706
61243994
61241258
61241994
61243422
61241290
61243226
61257674
61242370
61243630
61241595
61242013
61243723
61241594
61243458
61241578
61242269
61243787
61257933
61243463
61241730
61242189
61244046
61258213
61243637
61241586
61243925
61244134
61258376
61242054
61241651
61243579
61243945
61258400
61243824
61241824
61242056
61244019
61242102
61242913
61244376
61243690
61244303
61258471
61243501
61242283
61244320
61258859
61244157
61244569
61242454
61244328
61258361
61243049
61244930
61244121
61244911
61258961
61244170
61245042
61258861
61243864
61245193
61259165
61244949
61243267
61243763
61245551
61244931
61245256
61243448
61244235
61245534
61259872
61243728
61243859
61243710
61244047
61245884
61245763
61245958
61260045
61244077
61246030
61243979
61244310
61246287
61245622
61246234
61260504
61244685
61246382
61244327
61246260
61247447
61248671
61249533
61263940
61248076
61249882
61264145
61249017
61249906
61264196
61248289
61250047
61250028
61250018
61264364
61248353
61250384
61250140
61250103
61250341
61250018
61250309
61249357
61249928
61250499
61248503
61249626
61250760
61248535
61250618
61248738
61249887
61250923
61250111
61250655
61252513
61248389
61250473
61248707
61250857
61250944
61264881
61249063
61250957
61265364
61250740
61250059
61251106
61251148
61249417
61251223
61251486
61265309
61251234
61251395
61265678
61249819
61251628
61251065
61251500
61266057
61249712
61251713
61251000
61251448
61266049
61249995
61251804
61249763
61251763
61251873
61250060
61251965
61252054
61266070
61250241
61252167
61251574
61252186
61266158
61250665
61252378
61266716
61252371
61252484
61266347
61251686
61252655
61250499
61252661
61266545
61251760
61252795
61267164
61252704
61266639
61251280
61252928
61250816
61252827
61253024
61267103
61251390
61253158
61250963
61253050
61251962
61252978
61253115
61251597
61252664
61253249
61267663
61253087
61251354
61252527
61253536
61252455
61251490
61253587
61253084
61252802
61253216
61267343
61251698
61253483
61267514
61251941
61253654
61253094
61253619
61253945
61253277
61253876
61268385
61252505
61254290
61252113
61252532
61254290
61253185
61252360
61252722
61254630
61252507
61254341
61252496
61252944
61253684
61252688
61254859
61254846
61268878
61253359
61255099
61252905
61255602
61268887
61254177
61255722
61253152
61254125
61255375
61253324
61255247
61269534
61253510
61255439
61254801
61255219
61255494
61254976
61255421
61253527
61253999
61255739
61253729
61255599
61255736
61269927
61254149
61255901
61253673
61254130
61255981
61255220
61256078
61254010
61255029
61256171
61270138
61254605
61256240
61270500
61254702
61256453
61254320
61256092
61254335
61255620
61256615
61270797
61255043
61255740
61254325
61270505
61254598
61256554
61254656
61256563
61254631
61256669
61255117
61256787
61254729
61256566
61255297
61256774
61256836
61271147
61255267
61256946
61271589
61256774
61254966
61256248
61257233
61255192
61257861
61256256
61256728
61257275
61255405
61256653
61257665
61255526
61257363
61255491
61257555
61257644
61271934
61257795
61257836
61272099
61256294
61258028
61257294
61258748
61258079
61257315
61258520
61257932
61255899
61257838
61256580
61258085
61258294
61272455
61256708
61258445
61272707
61256891
61258645
61273103
61258442
61256940
61258630
61258821
61272845
61257184
61258870
61273064
61257613
61258822
61273136
61258677
61256845
61257704
61259030
61257446
61258414
61258859
61257398
61257622
61259194
61257075
61257882
61259208
61257737
61259365
61257422
61259162
61257023
61258935
61256986
61257446
61259256
61258405
61259407
61259434
61258514
61259543
61259632
61257539
61258659
61259871
61257721
61259558
61259868
61257753
61258223
61260002
61259457
61260076
61273935
61258527
61260219
61274560
61260253
61260471
61258352
61260413
61260981
61274573
61259004
61260604
61258574
61260828
61259614
61260397
61261557
61274719
61260015
61260976
61274967
61259967
61261000
61260050
61261243
61260465
61275242
61260188
61261460
61275771
61261144
61260320
61261240
61259699
61261601
61259448
61261408
61259528
61261627
61261737
61275929
61261713
61261898
61276267
61260137
61261994
61261500
61262061
61260030
61262154
61262096
61262289
61261683
61262230
61276235
61260808
61262442
61260251
61262265
61260495
61261361
61260081
61262106
61261594
61261957
61276151
61261431
61262491
61276784
61260782
61262567
61261881
61261583
61260559
61261756
61262751
61276942
61261209
61263018
61277216
61262664
61261765
61262818
61262866
61260720
61261818
61262826
61263187
61261095
61262959
61261188
61263202
61263349
61277238
61262840
61263298
61262337
61263407
61267140
61281165
61265608
61267280
61265175
61265745
61267516
61281357
61265816
61267505
61282038
61265723
61267676
61267083
61267719
61265753
61266714
61267221
61266292
61267849
61267649
61266136
61266859
61268236
61282697
61268008
61266520
61267653
61268125
61267133
61267677
61268104
61268366
61266381
61268293
61266832
61266621
61268461
61266544
61267365
61268715
61266674
61267898
61268931
61282832
61267080
61269017
61268297
61268198
61268672
61282551
61267766
61268807
61282819
61267059
61268909
61268839
61268106
61283196
61268521
61269887
61268220
61269295
61269408
61283583
61267828
61269542
61268863
61269407
61267369
61268668
61269626
61284042
61269374
61268427
61269491
61269700
61283685
61268021
61269748
61283747
61267747
61269898
61269035
61269555
61267719
61268517
61269942
61284166
61268246
61270336
61269401
61269324
61284318
61269463
61270349
61270317
61284562
61269416
61270598
61284816
61270557
61270587
61284562
61269501
61270841
61284774
61270704
61270659
61268614
61269641
61270874
61268697
61270633
61271018
61285285
61269298
61271234
61270589
61270975
61270124
61270029
61271253
61269239
61271311
61271253
61285663
61269837
61271472
61285546
61269632
61271544
61269534
61270793
61270896
61285320
61270757
61269098
61285439
61269490
61271206
61285466
61269154
61271278
61269254
61271142
61269781
61285952
61269883
61271764
61271194
61272310
61270713
61271397
61270620
61269251
61271821
61271821
61271923
61271376
61271112
61269996
61272194
61272202
61286211
61270380
61272261
61271568
61272215
61272528
61270495
61272417
61270480
61271551
61272607
61286798
61270942
61272727
61270628
61272356
61271498
61272706
61272819
61286677
61272032
61273082
61270977
61273820
61271078
61272367
61273352
61287301
61271612
61273229
61271847
61272842
61273999
61271442
61273325
61273462
61287725
61271941
61273654
61288016
61273416
61273588
61273160
61272085
61273812
61271675
61273801
61273996
61272806
61273681
61272900
61272782
61273761
61273877
61273282
61287616
61271907
61273620
61271477
61273491
61272530
61272223
61273741
61271761
61272804
61273909
61287821
61272076
61274019
61273162
61273730
61271884
61273402
61273986
61273002
61273594
61274021
61273146
61274062
61274295
61288537
61273315
61274411
61272584
61274168
61274394
61288684
61273622
61274617
61289014
61272643
61274816
61274126
61274431
61272919
61274240
61274769
61289228
61274706
61273024
61274940
61274885
61288887
61273882
61275084
61289059
61273254
61275159
61273156
61274979
61273550
61275230
61274356
61273099
61274920
61275434
61273366
61289630
61273915
61275422
61273515
61275635
61275748
61289718
61274097
61275906
61290193
61275720
61273860
61273846
61275465
61275919
61276141
61274001
61276844
61274233
61275735
61274585
61274343
61276440
61276046
61290164
61274586
61276251
61290226
61274613
61276473
61275712
61277101
61276620
61276075
61275588
61290525
61276595
61276615
61291042
61275118
61276831
61276051
61277779
61291699
61276909
61278265
61292216
61276453
61278296
61277781
61278469
61276059
61277942
61278267
61278665
61276610
61278321
61278822
61276580
61278451
61276919
61276927
61292980
61278306
61278679
61276871
61278991
61279009
61276988
61278988
61279128
61277407
61279234
61279272
61277090
61277247
61277495
61279482
61279121
61279344
61278499
61279662
61279700
61278643
61278230
61277803
61279801
61277682
61279645
61278147
61279275
61279782
61278001
61278867
61280084
61294419
61278467
61279173
61278190
61280310
61280019
61280332
61278083
61280129
61278327
61279247
61280276
61294641
61279407
61278014
61280278
61278488
61279696
61279949
61279155
61280195
61278470
61280450
61278674
61280059
61278450
61280501
61279803
61280374
61280983
61278843
61279723
61281004
61295061
61279243
61281138
61280404
61280825
61278716
61280641
61280924
61281309
61279705
61280604
61281384
61281258
61281044
61281052
61281389
61280775
61281175
61279547
61281326
61281340
61295411
61280350
61281535
61295569
61296025
61280855
61281663
61295779
61280070
61281742
61295915
61280488
61282029
61279694
61281694
61279883
61281860
61296204
61280585
61281956
61296342
61280315
61282100
61295893
61280352
61282014
61279912
61280598
61282305
61296158
61281342
61282185
61296209
61280558
61286431
61285374
61286575
61286613
61301133
61284941
61286774
61284859
61286635
61285096
61286379
61287464
61287264
61300682
61285086
61286706
61284692
61286196
61285012
61287118
61300893
61285090
61287070
61284955
61286778
61287112
61284989
61285132
61287232
61301156
61285430
61287215
61301604
61285340
61287327
61286706
61287304
61286402
61287520
61287349
61286101
61285806
61287718
61285672
61285841
61287681
61287970
61302410
61285958
61288017
61285865
61287879
61288141
61302565
61286616
61288219
61288392
61288424
61302511
61287560
61288673
61302789
61287584
61288742
61302402
61287622
61288619
61288678
61286565
61287762
61288723
61286610
61288706
61288791
61286699
61288747
61287788
61288793
61286892
61288758
61288608
61287123
61288235
61288806
61287435
61288650
61289122
61302998
61289190
61289299
61286950
61287285
61288006
61289281
61303276
61288995
61289305
61303100
61289336
61287088
61289033
61303484
61287538
61289254
61289276
61288195
61288920
61290104
61289564
61287309
61289323
61289489
61289631
61288550
61289207
61288825
61289823
61303739
61288419
61289834
61304306
61288036
61289848
61290109
61288929
61289476
61289879
61287743
61288540
61289944
61288405
61288093
61288095
61290192
61288025
61289975
61290152
61290232
61288245
61289842
61290807
61288463
61289647
61290077
61290315
61289773
61290879
61288341
61290317
61288913
61290420
61290470
61289088
61304707
61290099
61288578
61290606
61288690
61304757
61289882
61289032
61290602
61289538
61290592
61290712
61289152
61290920
61305330
61289293
61290979
61288869
61290315
61289246
61291196
61289019
61289089
61291213
61289108
61290870
61291234
61291211
61305614
61290445
61291457
61305179
61291433
61291310
61292887
61289043
61291727
61289393
61291205
61289167
61290016
61291489
61305467
61290422
61291455
61305617
61289786
61291760
61306146
61290037
61291900
61306037
61290016
61291798
61291806
61306257
61290059
61291895
61305894
61290244
61291936
61290735
61291348
61291700
61289868
61290692
61291933
61305860
61291191
61292098
61305918
61291219
61292207
61305926
61290918
61292180
61306059
61306270
61290907
61292308
61306241
61292390
61292370
61290219
61292229
61292369
61291336
61292290
61292349
61290335
61292445
61292369
61290140
61290350
61291967
61292316
61292728
61306871
61292570
61290735
61291322
61290991
61292917
61307156
61291478
61293075
61306974
61292186
61293136
61307364
61291567
61293341
61307693
61291354
61293499
61293507
61307808
61291938
61293699
61307907
61292728
61293665
61293339
61307443
61291950
61291910
61291675
61293652
61307803
61292086
61293724
61308083
61292059
61293820
61307993
61292278
61293796
61294061
61293296
61293945
61294228
61294328
61308260
61292609
61294274
61308558
61292465
61294394
61292289
61294201
61294514
61293681
61295033
61292638
61293786
61295226
61292791
61293941
61293932
61292623
61292871
61294848
61308959
61293231
61295129
61292904
61293374
61295153
61293024
61293230
61294971
61295188
61294056
61294918
61294997
61294248
61294112
61294139
61294234
61295434
61295408
61293469
61295487
61295606
61309488
61294738
61295654
61293469
61310045
61310111
61294893
61295872
61309994
61294519
61295788
61294965
61295861
61309765
61296008
61295837
61293895
61295871
61296001
61293831
61295831
61295022
61296236
61294564
61294157
61294438
61295327
61294102
61296112
61296191
61294211
61295059
61296300
61294335
61295634
61296611
61310358
61295804
61296618
61294484
61310982
61295597
61296695
61294647
61295621
61296862
61310816
61297043
61295154
61297042
61297091
61294965
61296894
61295553
61296740
61297141
61297376
61294798
61296657
61295332
61297439
61296783
61297201
61295521
61296973
61297376
61295960
61295665
61297448
61296029
61297673
61295581
61295699
61296109
61297801
61295586
61297438
61295941
61296245
61298040
61312266
61297042
61298003
61312416
61298061
61298174
61295941
61296782
61298869
61296528
61296780
61297499
61297313
61298502
61297372
61296460
61296598
61298548
61312413
61297435
61298654
61312704
61297734
61298603
61298669
61296669
61298361
61298518
61296965
61298159
61298535
61298691
61298877
61296672
61298860
61298812
61297779
61298340
61298853
61297149
61298436
61298897
61297974
61299065
61299308
61297307
61298604
61299230
61298231
61299240
61313637
61313907
61298429
61299524
61297357
61299504
61299599
61313330
61299552
61298593
61297285
61299450
61298750
61297552
61299600
61298815
61297645
61299669
61299741
61299260
61298220
61314356
61298257
61300144
61314065
61298617
61300093
61313999
61299177
61300186
61314225
61299025
61300213
61298055
61300028
61300138
61313996
61298948
61300144
61314169
61299311
61299462
61300406
61314325
61300293
61300488
61298304
61300512
61300427
61298349
61300311
61300427
61299271
61304682
61305114
61305107
61318984
61305169
61305264
61305313
61305274
61303135
61303301
61305175
61305601
61319645
61304203
61305591
61319429
61304777
61303271
61305597
61303485
61303824
61305825
61303857
61305547
61304110
61305266
61305683
61303598
61305824
61306087
61304955
61306108
61306173
61304245
61306129
61306156
61319996
61305425
61306424
61320536
61305498
61306366
61305130
61304371
61306544
61305432
61305255
61306025
61307153
61305111
61305935
61306390
61306840
61321100
61304668
61304981
61306910
61304743
61304892
61306989
61306204
61306724
61305452
61306612
61306961
61307260
61321341
61306302
61307188
61307254
61306125
61306555
61307038
61307354
61305089
61307114
61307438
61305278
61307173
61307451
61305274
61307247
61307560
61306933
61307418
61305855
61307832
61306607
61307728
61321967
61306070
61307708
61322025
61306663
61307811
61322286
61305951
61307955
61322362
61306286
61308009
61321782
61306837
61305958
61307089
61307717
61306243
61307328
61307854
61306315
61306079
61306447
61308362
61322532
61307375
61308362
61306317
61308392
61308365
61308275
61306463
61308466
61308431
61308508
61306396
61306740
61308433
61307393
61308018
61308552
61307883
61308882
61322862
61308881
61307922
61306970
61308937
61308100
61306623
61307954
61308467
61308891
61309009
61308402
61308997
61309307
61307130
61307347
61309331
61307294
61307282
61309372
61323795
61307381
61307725
61309609
61323404
61308806
61309876
61323605
61309675
61309747
61307736
61309774
61309716
61307733
61309846
61309757
61307792
61307865
61307928
61309902
61307756
61308055
61310011
61324073
61308332
61310141
61307988
61309835
61307976
61310181
61310030
61324304
61310071
61309862
61310363
61310299
61324695
61308287
61308145
61308708
61308087
61310348
61308454
61308566
61310690
61324926
61310543
61324668
61309022
61310710
61324677
61309958
61310779
61308744
61310799
61310880
61309796
61310250
61310695
61308988
61310302
61310658
61311043
61308832
61309001
61309356
61311240
61325170
61310365
61311369
61325527
61310471
61311432
61309329
61311428
61310544
61310460
61311028
61311308
61311580
61326014
61309737
61311864
61309687
61309794
61311837
61326151
61309836
61311837
61309786
61311599
61311885
61325746
61311868
61311868
61326035
61312025
61311994
61326185
61310923
61310190
61312185
61326099
61311006
61312236
61310273
61312209
61311663
61312230
61312643
61312152
61312330
61312684
61310579
61312389
61312688
61312047
61312502
61311000
61312193
61312560
61312873
61310771
61310834
61312609
61312956
61327089
61326852
61311078
61312791
61326858
61312020
61312986
61310927
61312295
61312869
61313230
61312459
61313039
61312236
61313194
61311108
61313251
61313025
61311637
61311017
61313069
61311461
61312720
61313216
61313550
61327504
61313054
61313331
61313596
61312409
61327857
61313604
61314292
61313934
61313888
61311757
61313813
61313720
61312304
61313347
61313805
61314139
61313467
61313901
61312141
61313967
61313908
61312585
61313628
61314028
61312681
61312154
61314104
61312846
61313917
61315003
61314487
61314495
61328668
61313708
61314615
61312406
61313340
61314580
61328734
61313358
61314724
61312384
61314782
61313983
61312539
61314403
61314723
61314958
61312781
61312933
61313328
61315086
61329314
61314182
61315088
61328916
61315085
61315072
61312986
61313309
61329372
61315474
61315440
61315194
61313189
61315240
61314615
61313312
61315390
61314554
61314392
61314950
61315329
61313838
61315770
61329944
61314630
61315928
61329704
61315907
61315984
61315977
61314059
61316083
61315356
61315139
61314740
61314502
61314678
61316295
61315265
61315863
61316116
61316456
61314136
61314329
61316375
61330887
61316522
61316479
61317263
61315121
61316041
61314807
61316819
61331130
61315079
61315668
61316570
61316124
61316850
61314851
61317044
61314987
61331166
61317119
61315693
61315000
61317177
61316440
61315539
61316995
61316461
61317190
61316371
61331265
61317385
61331744
61331896
61317496
61317386
61317654
61331989
61315893
61317846
61331722
61316136
61317761
61332064
61317390
61316757
61318111
61315974
61317875
61317779
61316243
61317396
61316156
61318208
61332588
61317572
61318271
61319055
61318458
61316441
61318512
61316904
61316622
61318458
61332608
61316852
61318698
61332739
61317249
61318642
61316703
61317552
61317632
61318056
61316792
61318892
61332658
61317909
61318833
61316765
61318728
61318734
61317195
61316768
61319006
61318903
61333003
61333435
61318984
61318715
61318920
61317432
61333062
61318811
61317571
61319470
61333685
61319504
61319446
61318413
61318966
61319336
61319499
61319767
61333696
61319900
61319842
61319991
61317879
61318109
61320063
61319996
61318840
61317899
61318318
61320073
61334315
61319187
61320103
61319019
61319560
61320073
61320308
61319584
61319988
61320253
61318240
61318447
61320478
61318253
61320189
61320427
61334602
61318786
61320550
61320483
61319030
61320029
61320737
61319574
61320324
61320736
61318650
61320314
61320594
61320931
61318816
61320752
61321140
61319011
61320070
61319162
61320758
61319123
61320262
61320809
61319840
61321329
61335865
61319595
61321398
61335613
61321347
61321299
61319332
61321435
61320643
61335869
61321586
61321579
61319439
61321559
61321139
61319813
61321760
61335975
61320970
61321862
61319818
61321592
61322677
61322073
61322040
61336429
61320402
61327269
61327092
61327453
61341613
61327633
61327575
61341400
61327531
61327600
61326088
61326912
61327422
61327643
61326586
61327731
61325602
61325850
61327923
61325835
61327747
61326550
61328035
61328497
61328231
61325993
61326094
61328047
61325961
61325990
61342614
61326665
61328354
61328348
61326173
61326192
61328355
61326486
61328323
61326309
61326352
61327698
61327894
61342706
61328370
61328317
61328630
61342824
61327226
61328483
61326463
61328544
61329261
61328632
61328736
61330333
61342454
61326633
61328667
61328732
61327299
61326857
61328694
61328891
61328462
61328787
61329141
61327036
61328995
61329349
61327145
61327403
61329305
61343479
61328080
61329137
61328087
61327902
61328983
61328246
61329317
61328233
61327281
61327451
61329428
61343374
61329291
61327486
61329610
61343774
61328623
61329618
61343788
61328511
61329532
61343342
61329535
61327937
61327835
61329507
61327872
61327775
61327723
61329847
61343873
61328910
61329775
61343900
61328794
61329919
61327905
61329782
61329758
61330033
61329354
61329792
61328304
61328081
61328200
61329824
61329321
61330255
61344522
61328522
61330307
61344699
61329194
61330523
61344282
61330437
61330499
61328437
61329794
61328863
61329541
61330597
61345010
61329028
61330741
61344620
61328719
61329969
61330588
61330818
61328655
61330740
61330817
61344902
61330902
61330881
61328786
61330834
61330816
61331201
61328976
61329128
61331177
61345539
61329536
61331177
61345508
61329703
61331341
61345073
61331177
61331170
61330164
61331194
61331146
61331435
61330798
61331277
61329840
61329440
61329544
61329864
61331868
61345870
61330598
61331735
61345641
61330942
61331831
61329766
61331793
61331934
61329558
61332111
61346137
61345950
61332174
61332362
61330006
61331121
61330783
61332836
61333367
61333411
61331939
61347998
61347862
61334116
61333945
61333049
61348736
61348891
61334314
61334488
61332736
61332384
61332823
61334642
61332411
61332601
61333626
61335372
61334820
61348657
61334683
61334754
61332885
61334546
61348801
61334446
61334382
61334782
61334996
61349121
61333935
61335082
61332969
61334986
61334573
61334319
61334746
61333288
61333083
61335060
61335455
61349930
61333858
61335547
61349449
61334293
61335663
61349552
61335731
61335509
61333671
61333873
61349918
61334566
61335803
61350401
61336035
61336215
61334147
61336321
61336131
61335050
61335536
61336107
61336406
61334379
61334181
61334443
61335871
61334775
61334780
61336138
61336487
61334780
61334722
61336518
61337026
61351319
61335008
61336937
61351077
61336896
61336776
61334923
61336906
61336968
61335246
61337442
61351037
61337213
61336428
61335176
61337200
61337985
61335832
61335586
61335370
61336812
61335586
61337652
61352083
61336076
61337659
61351498
61336356
61337678
61337912
61352325
61336165
61337456
61336294
61338226
61336312
61338081
61338343
61336332
61338230
61338236
61336433
61337686
61336908
61338546
61336409
61351995
61336562
61338359
61338463
61352811
61338398
61338528
61336350
61337881
61338449
61338892
61353268
61337032
61338916
61338897
61336890
61338958
61338907
61339330
61337169
61339223
61338241
61339340
61338256
61338581
61339050
61339339
61353599
61338446
61339329
61337216
61339342
61339147
61339460
61339564
61353779
61338791
61339618
61338213
61338852
61339358
61339459
61339635
61353637
61337994
61339721
61353867
61339779
61338956
61337717
61339868
61339680
61338655
61340482
61340088
61337901
61338176
61340174
61354344
61339400
61339740
61340028
61340286
61340376
61339830
61340156
61338521
61338405
61338495
61340640
61354340
61338376
61354943
61354853
61340463
61340504
61338907
61338790
61339072
61341015
61355152
61340872
61340049
61339048
61340252
61340663
61341031
61340540
61340777
61340161
61339547
61339057
61339350
61341180
61355150
61340417
61341303
61339241
61341324
61341307
61339325
61341350
61341502
61339485
61339720
61341539
61355550
61341499
61341567
61340221
61341646
61342433
61339363
61339887
61341670
61341887
61356166
61340688
61341832
61339808
61341906
61341600
61341730
61341986
61340021
61342008
61356029
61341932
61341256
61340851
61341387
61340021
61342145
61356309
61341253
61342214
61356152
61342299
61342337
61340056
61356495
61341207
61340314
61342253
61342593
61340488
61340826
61342573
61356439
61341908
61341961
61340622
61342791
61340832
61341002
61342880
61356988
61341335
61343051
61341853
61357426
61342321
61341369
61343331
61357303
61343146
61343109
61340726
61357225
61342761
61341511
61342392
61341548
61341473
61343269
61343555
61358054
61340858
61341335
61343393
61341000
61357547
61342649
61343531
61341253
61342386
61357545
61343687
61343686
61342332
61341894
61342132
61344077
61357809
61344098
61343855
61344205
61358554
61343058
61344216
61342052
61342962
61343953
61342115
61343178
61344330
61358171
61342579
61344292
61358647
61343523
61344580
61358360
61343186
61344515
61342053
61342605
61359085
61344798
61344689
61343683
61344281
61342792
61344865
61358918
61344037
61344972
61344848
61345096
61359141
61344255
61345141
61359186
61345093
61344134
61343629
61345445
61343407
61345014
61343414
61345610
61344433
61344939
61345318
61344019
61343424
61343576
61345754
61359843
61344435
61345553
61343835
61345809
61359701
61345645
61345707
61343961
61343852
61343953
61345999
61360212
61344964
61344523
61345839
61344186
61343992
61345463
61346393
61345980
61345964
61359873
61345919
61345919
61344287
61344270
61344436
61346416
61346619
61346606
61360317
61346343
61347069
61346488
61360599
61345049
61346698
61360964
61346909
61346731
61346695
61346909
61345780
61346228
61346751
61345239
61344863
61345036
61347037
61361186
61344960
61345304
61347110
61361332
61346330
61347273
61345055
61345479
61345247
61345621
61347448
61361756
61346263
61347469
61346364
61346908
61345551
61347600
61361866
61347658
61347600
61361572
61347778
61347741
61345771
61347717
61347580
61345873
61347220
61347611
61347962
61362276
61346110
61348042
61347976
61348361
61346112
61346435
61348211
61362473
61348177
61354216
61353105
61353484
61352124
61354269
61368191
61354218
61354296
61353106
61368544
61368363
61354350
61354179
61354444
61352288
61353369
61353796
61354323
61354198
61368365
61352522
61352764
61354672
61368719
61354747
61354723
61354722
61352569
61352648
61353085
61354774
61353624
61352755
61352926
61354191
61354601
61352983
61352916
61353095
61353295
61354407
61353242
61355151
61369080
61353811
61355407
61354265
61354836
61355236
61355471
61369620
61355624
61369893
61355490
61355421
61354177
61370083
61353909
61355844
61353690
61369991
61370407
61355001
61355928
61353986
61355556
61356639
61356074
61353959
61354265
61356218
61370121
61356153
61356954
61354538
61356090
61356393
61354344
61355718
61354636
61356575
61370337
61356304
61356385
61356698
61354593
61354817
61356740
61356467
61356842
61370655
61356681
61356609
61356970
61355853
61371436
61355508
61357299
61356023
61354983
61355228
61357109
61370967
61355018
61370223
61355991
61356343
61356919
61354657
61354945
61357186
61355163
61357061
61355627
61356766
61355308
61357385
61371702
61372046
61357434
61357341
61357777
61355716
61355880
61357751
61371648
61357818
61357009
61357855
61355766
61357783
61357645
61358037
61355973
61356105
61358096
61371826
61372357
61357303
61356409
61356297
61358349
61356260
61357863
61358123
61356446
61356388
61356609
61358559
61372491
61358395
61358047
61357810
61358637
61356748
61356653
61356891
61358963
61358841
61357151
61373331
61357406
61359095
61373012
61359030
61358856
61357522
61359153
61359257
61357254
61357654
61359442
61373122
61359219
61359353
61358337
61359059
61359377
61359690
61359677
61358569
61357625
61357876
61359802
61373769
61359788
61360393
61359831
61373716
61358806
61357817
61358305
61360018
61361683
61373712
61358630
61358948
61359724
61359917
61360147
61357915
61358033
61358214
61360098
61358114
61359727
61360279
61360078
61360463
61374355
61359577
61359612
61359356
61358342
61360508
61360457
61360756
61359483
61360143
61358801
61360829
61374616
61359092
61375139
61360000
61360712
61360994
61359297
61359176
61361165
61359588
61360341
61359391
61359231
61359692
61361405
61359172
61361394
61361631
61375939
61359952
61361614
61375904
61361624
61360404
61361885
61376204
61359289
61376199
61360532
61361628
61361866
61359852
61360139
61360064
61361821
61360172
61360868
61359903
61360268
61362128
61360042
61360058
61376242
61362298
61362912
61360711
61360379
61360750
61362577
61360368
61362572
61360497
61361956
61360809
61362789
61376518
61362673
61362681
61362707
61362576
61362917
61377183
61362777
61361374
61362444
61360761
61362549
61361499
61362583
61363264
61362834
61377025
61362844
61362810
61361777
61362277
61360941
61363078
61363124
61361256
61377128
61361584
61363297
61361040
61362739
61361547
61361816
61361878
61363503
61362388
61361553
61361511
61363680
61377933
61363632
61362840
61362679
61363819
61361713
61363809
61363665
61363940
61364085
61364008
61362978
61363624
61363898
61364187
61378034
61362978
61363323
61364099
61362243
61362611
61364315
61378146
61364421
61365037
61362672
61362341
61362442
61364590
61378802
61362653
61364013
61364482
61364798
61379088
61364829
61363770
61363245
61364886
61362828
61364500
61363106
61365058
61363105
61362811
61362843
61365204
61363397
61379128
61365286
61365117
61363477
61363629
61379456
61365319
61363255
61365533
61365399
61365488
61365239
61363634
61365737
61379694
61365621
61364433
61365721
61363690
61365074
61365250
61365826
61364771
61366554
61364133
61363973
61364341
61366252
61365000
61380232
61364232
61365122
61366259
61364265
61365928
61366187
61365014
61366601
61364848
61364528
61365046
61366756
61364605
61366677
61365837
61365151
61366806
61365701
61366166
61364981
61366969
61380870
61381370
61364842
61365330
61367166
61364957
61366437
61366936
61367249
61367353
61367153
61367404
61381243
61367096
61367119
61367384
61367300
61365582
61365155
61365646
61367506
61365291
61367359
61367239
61366640
61367327
61367661
61381451
61381592
61367604
61366907
61367580
61367860
61382153
61366321
61367891
61367916
61382043
61366860
61365953
61366154
61368086
61381893
61368123
61366426
61367968
61368346
61366484
61382572
61367834
61366690
61368427
61368568
61368727
61382415
61368536
61368033
61368230
61366574
61382621
61367545
61366516
61366842
61368723
61382678
61368806
61368878
61368876
61383142
61367677
61367328
61367309
61369121
61366635
61368241
61367097
61369071
61382840
61368971
61367043
61367606
61369244
61367158
61368737
61369035
61369420
61383267
61383608
61367341
61369419
61369467
61369553
61383901
61368677
61369542
61368393
61368865
61367652
61369616
61383583
61369616
61368445
61369653
61369557
61369883
61383785
61369106
61369931
61368959
61370005
61384490
61368463
61370125
61368948
61369546
61370266
61369481
61368511
61370341
61368036
61368251
61368475
61370565
61368401
61368471
61384895
61370280
61368746
61370795
61385065
61370867
61371654
61371111
61371071
61371142
61384892
61369901
61371116
61369834
61385031
61385389
61371017
61371041
61371285
61385452
61371121
61369436
61370550
61369288
61371357
61385586
61385768
61385605
61371605
61372215
61371699
61386027
61370875
61371903
61371937
61372071
61369883
61371879
61371749
61372079
61386181
61371973
61371928
61370122
61372037
61369941
61371579
61370123
61372247
61370014
61370483
61386558
61371363
61371606
61370557
61370411
61370786
61370759
61371293
61372597
61370580
61370849
61372816
61387106
61371937
61371986
61372954
61386866
61371529
61372885
61370933
61371908
61371104
61371305
61373114
61370929
61373001
61372932
61373204
61387689
61372892
61372804
61371702
61372487
61371715
61373572
61373662
61388089
61372542
61373679
61371672
61373720
61373549
61372013
61371859
61373469
61373829
61373685
61374025
61387840
61373950
61374721
61374143
61388409
61374126
61374119
61372099
61374297
61372219
61388776
61373334
61374294
61374040
61373110
61372275
61372386
61374357
61374228
61374544
61372547
61374178
61374434
61374816
61389318
61373175
61374686
61373638
61372562
61372978
61374777
61372766
61372651
61373832
61372928
61373259
61375017
61373030
61374606
61374883
61375223
61375330
61374474
61373590
61375345
61389542
61375372
61375303
61375616
61373388
61373663
61375664
61389406
61375599
61376386
61375741
61389595
61375762
61376785
61377589
61391476
61376288
61377603
61377703
61391854
61377275
61375873
61376464
61378207
61377180
61376260
61376799
61377956
61378490
61378343
61376807
61376605
61377015
61378498
61378557
61376922
61379396
61378928
61379080
61393189
61379021
61377966
61379011
61379236
61379346
61393458
61378765
61377388
61379375
61377248
61378824
61377296
61393802
61379333
61377437
61379393
61379535
61377203
61384149
61384788
61383862
61384222
61385892
61386024
61399882
61385964
61384109
61386161
61384024
61385525
61385901
61386204
61400385
61386078
61385944
61384672
61386289
61384026
61384475
61384730
61386608
61384481
61386307
61385516
61386639
61384646
61386191
61386475
61386846
61386885
61400911
61385627
61386833
61387208
61401002
61387155
61387896
61387233
61401520
61386084
61387284
61385724
61401245
61385352
61385597
61387670
61386386
61385531
61386043
61387630
61401519
61387602
61386048
61387568
61387793
61386034
61401994
61387711
61386034
61387963
61385904
61387261
61386151
61388070
61401782
61388032
61386492
61388044
61386991
61386313
61386723
61388436
61386934
61402296
61387763
61386616
61388695
61388631
61402744
61388518
61389128
61388671
61402814
61388459
61388387
61388778
61388810
61402947
61387921
61387180
61388478
61386726
61388046
61388526
61388900
61403242
61403245
61389399
61389921
61389329
61403424
61389185
61387723
61389460
61387392
61388837
61387748
61389670
61403576
61389403
61388080
61389770
61387902
61387697
61389063
61389932
61389927
61403856
61389283
61388280
61390113
61387928
61390027
61389907
61390241
61404334
61388979
61390103
61390341
61404488
61388838
61390054
61390322
61404246
61389748
61390148
61390618
61404660
61389360
61390670
61390665
61388611
61390849
61391636
61391066
61404702
61390704
61390964
61391024
61405206
61389134
61405133
61405619
61389979
61391530
61405262
61390898
61391106
61391446
61405188
61391377
61389981
61389746
61391651
61389627
61391336
61391616
61391964
61406275
61390779
61392110
61389567
61389836
61392023
61391962
61391690
61390557
61390452
61392202
61391535
61389716
61391312
61390157
61392079
61405898
61391486
61390290
61392327
61392285
61392520
61390407
61391938
61391642
61392757
61390967
61392875
61390717
61390655
61391143
61393051
61390869
61391132
61407053
61393005
61392963
61393137
61407430
61393147
61393273
61393309
61393475
61392267
61391449
61391678
61393470
61391421
61392915
61391480
61393532
61393310
61393682
61407448
61393209
61393465
61393799
61407758
61393649
61393670
61393770
61408030
61392534
61393893
61392713
61391727
61393204
61391782
61393882
61391755
61393251
61392111
61393192
61393743
61394053
61408244
61394039
61394650
61394225
61408265
61393347
61393355
61392229
61393849
61408621
61394334
61394163
61394541
61408444
61394476
61394419
61394625
61392574
61394623
61408526
61393355
61394685
61394782
61392766
61393141
61393307
61394739
61394464
61395043
61409501
61394028
61393170
61394979
61393546
61393019
61393418
61409464
61395253
61394959
61395324
61409446
61395238
61395094
61395414
61409331
61394850
61393418
61394324
61395691
61395682
61393568
61395055
61393781
61395720
61409489
61394304
61394114
61395731
61394599
61394716
61410087
61395877
61394159
61395896
61394842
61410140
61410394
61395791
61394326
61396290
61394204
61395807
61394355
61396377
61395176
61410456
61394208
61395718
61394694
61396425
61394414
61394931
61394476
61396498
61410398
61396409
61395611
61396587
61396446
61396810
61410813
61396735
61396639
61396500
61396885
61395304
61411231
61396000
61396073
61395261
61394867
61396846
61396533
61395077
61396883
61395554
61396301
61395291
61397169
61395008
61411123
61395243
61411798
61395839
61397501
61395295
61395363
61396763
61395415
61411493
61395565
61396880
61395698
61397566
61397365
61397729
61397902
61411948
61397963
61397669
61398012
61398116
61412172
61397506
61397044
61398041
61396166
61397308
61398134
61398693
61412617
61398289
61398169
61398380
61399054
61398557
61396740
61412941
61398151
61396791
61398688
61397505
61398073
61398156
61398798
61398684
61398973
61412774
61396777
61397329
61398954
61399109
61396705
61399170
61413052
61397025
61399137
61398935
61399087
61399242
61398212
61413540
61399284
61397647
61398984
61399256
61398448
61399491
61397409
61397326
61399089
61397471
61399282
61398600
61397664
61399798
61399667
61397642
61397699
61399742
61397956
61399562
61399783
61398582
61397452
61413990
61397598
61400042
61397973
61413778
61397939
61397971
61398934
61399912
61400273
61398384
61414183
61398181
61400371
61400424
61400253
61400590
61400323
61414493
61400192
61399714
61400403
61400369
61400545
61414624
61414507
61400497
61398656
61399472
61414504
61400496
61400553
61400788
61400850
61398713
61400692
61400892
61400670
61400836
61400659
61401020
61400970
61400978
61399873
61415276
61414900
61400490
61401132
61399420
61401181
61401357
61399396
61400212
61399314
61400959
61401493
61401148
61401485
61399688
61415389
61399461
61401570
61399789
61401571
61401675
61399664
61416165
61400893
61400008
61401955
61402059
61401069
61415781
61399893
61400129
61401999
61401911
61402104
61401827
61401822
61402646
61400212
61401973
61402593
61401214
61400878
61400029
61400753
61401478
61401733
61402168
61400723
61402070
61402506
61400317
61401433
61416734
61402218
61400667
61402617
61416455
61402073
61400720
61402700
61400652
61402598
61402488
61402856
61401703
61400689
61402306
61400855
61401173
61400682
61401119
61402736
61402826
61401810
61417152
61400996
61402571
61402425
61417497
61401290
61401588
61401385
61403292
61401752
61403184
61401616
61401776
61401815
61402650
61403303
61401863
61401874
61403598
61401707
61402618
61402826
61402055
61403275
61403553
61403907
61403795
61403923
61402794
61401842
61418526
61401917
61402078
61403912
61404174
61403283
61403955
61418056
61403029
61404273
61404233
61404282
61404215
61403475
61402556
61404027
61402374
61402653
61402517
61402918
61402435
61405187
61418797
61404481
61402516
61404580
61404035
61404729
61404536
61404618
61404709
61404819
61404650
61404832
61402871
61402754
61403202
61404843
61403748
61402777
61403580
61403447
61405064
61403559
61419492
61405041
61403391
61405131
61404133
61405264
61405149
61405400
61403290
61403285
61419279
61419671
61404763
61403338
61403292
61404167
61404561
61403649
61405177
61403860
61405268
61405249
61404962
61403732
61404097
61403525
61403636
61404175
61403802
61404563
61403999
61404014
61404196
61406339
61405687
61405839
61405943
61405673
61405864
61405875
61405846
61405936
61405049
61406054
61405953
61406122
61404206
61406074
61404356
61405055
61404076
61404037
61420398
61404381
61420553
61406429
61404555
61405520
61406665
61405437
61406574
61406450
61406799
61406804
61420774
61406916
61404955
61404905
61421107
61405035
61407053
61420768
61404819
61406883
61405301
61405066
61406728
61406153
61405224
61406813
61407030
61407134
61405021
61405190
61421267
61406664
61406989
61407093
61407395
61407393
61405331
61406859
61406510
61407267
61405878
61407307
61407713
61407625
61405757
61421630
61407243
61407641
61407023
61407076
61405631
61407226
61407743
61407458
61407468
61408003
61407956
61406340
61408642
61407000
61408131
61405994
61407994
61406369
61407020
61422307
61421991
61422552
61406698
61422254
61407293
61408088
61406191
61407174
61408029
61406424
61408182
61408286
61406335
61422162
61406200
61408117
61406446
61408238
61408485
61407332
61406357
61406491
61408018
61408540
61408423
61408712
61407063
61406823
61408866
61407025
61423212
61406783
61408874
61406937
61408705
61407241
61409770
61409109
61408004
61407005
61407541
61409107
61408122
61423761
61408561
61409262
61409339
61408790
61409434
61407921
61409344
61409677
61409716
61407555
61423453
61424046
61408716
61409560
61409819
61409875
61424000
61408282
61407847
61409896
61409877
61407892
61424360
61408951
61408949
61408359
61407992
61407967
61408530
61409948
61410162
61407871
61409638
61408560
61410304
61407886
61432001
61416870
61416201
61417780
61418066
61415956
61417529
61416046
61418311
61432070
61418102
61418940
61418250
61416113
61417716
61417103
61416360
61417063
61418819
61418380
61432147
61416855
61418164
61418501
61432391
61418436
61418282
61416722
61418726
61432890
61418706
61418778
61418851
61433131
61418852
61417692
61418887
61419077
61419112
61433378
61417895
61418975
61419315
61433083
61433538
61417823
61419135
61419448
61433330
61418029
61419338
61419590
61419718
61433573
61419680
61418037
61419565
61419830
61417413
61434048
61419448
61418195
61420050
61418191
61420051
61420114
61418052
61434169
61419684
61419435
61419013
61434221
61434346
61420421
61420330
61420153
61419076
61419810
61418636
61420619
61420525
61420557
61420623
61418438
61418427
61420446
61420299
61420735
61420743
61418994
61434807
61418674
61420772
61420478
61420842
61420799
61420975
61419747
61435271
61420166
61421205
61421184
61435327
61421037
61419125
61420007
61435074
61421184
61421217
61435436
61420844
61421046
61421132
61419294
61419663
61419620
61419624
61421468
61421500
61419354
61421428
61420834
61419576
61421671
61421349
61421453
61420064
61420117
61420606
61421924
61435841
61421813
61421718
61422212
61435847
61421838
61420167
61422096
61422347
61422074
61421431
61420557
61420610
61420501
61422317
61422208
61423147
61422293
61422376
61422552
61422509
61422688
61422669
61422752
61420836
61422885
61420975
61421524
61422816
61422859
61422873
61423087
61423068
61423042
61423050
61422859
61423154
61423252
61423167
61423244
61423314
61421603
61423282
61424050
61423462
61437314
61423567
61422059
61423037
61423514
61421994
61424268
61423694
61423706
61422652
61421849
61421521
61437732
61423729
61423391
61422204
61423053
61421905
61421985
61424072
61438045
61421994
61421959
61422573
61423292
61423383
61424202
61424197
61424507
61424491
61438250
61438751
61438852
61423860
61424097
61423211
61423178
61438562
61423942
61438923
61424237
61423738
61424410
61424635
61424800
61438586
61422655
61438716
61423964
61422710
61424671
61422705
61424783
61423156
61424972
61424994
61422919
61424912
61424775
61425088
61425216
61425176
61425232
61425301
61439471
61425215
61425041
61425333
61424201
61439772
61424585
61425007
61425556
61425401
61425776
61439940
61425929
61425876
61425914
61439753
61439838
61439833
61424908
61439726
61424390
61423892
61426646
61423987
61426659
61426188
61426124
61424947
61440357
61426070
61426195
61424373
61426137
61426324
61424248
61424240
61440616
61425864
61424693
61426382
61426380
61424390
61424450
61425333
61426576
61426844
61440456
61426101
61424837
61424818
61426767
61425070
61440816
61426809
61426665
61427029
61425781
61441325
61425976
61426174
61425584
61424982
61425395
61427036
61427287
61426780
61440762
61426635
61426844
61427181
61441497
61426607
61425649
61427293
61425785
61441364
61425465
61425908
61427573
61426468
61425527
61425796
61427899
61425789
61427350
61426205
61427915
61425805
61427393
61426216
Peak: 62181562
Average: 60448856.42439024
