0
136876
166781
416678
868779
762969
1594473
1656481
2314282
2604780
3020826
3293414
3807495
3906838
4271314
4784054
5518718
5663795
6001308
6280516
6696389
6906163
7394897
7564180
8122049
8378474
8719305
9041856
9340374
9444585
9598021
9959487
10571367
10739197
11032557
11657155
12110628
12554672
12774263
13054813
13521629
14096235
14411189
14712791
15161253
15601108
15829060
16272349
16489246
16568471
16686725
16760126
17105810
17252645
17512388
17821073
17951887
18069535
18270545
18362043
19621728
19397798
19606137
19697886
19728100
19730652
19940618
20017763
20170459
20349452
20472391
20839734
21060844
21405010
21824031
22194893
22595427
23204328
23365743
23570390
23997928
24273046
24451859
24452647
24575558
24755059
24900408
25061301
25150623
25462452
25670607
25968054
26285257
26665818
26906578
27296646
27793062
28341170
29149817
29697657
29960384
29962496
29967424
29970424
29967352
29984765
29995316
30014754
30299371
30831768
31282618
31484936
31629868
31889822
32014562
32232751
32361885
32394265
32454326
32580391
32589912
32619792
32736721
32986986
32986459
33436822
34364514
33888381
34382305
34502227
34674276
34722423
34739803
34805865
34936501
35050749
35192862
35714520
35888706
36206375
36791024
36862018
37081522
37447011
37807470
37993978
38417597
38418028
38417901
38418066
38418155
38208304
38314575
38733701
38790495
39010246
39170037
39198325
39343544
43179497
43210402
43455786
43565241
43945636
44128871
44151304
44171239
44244758
44276565
44329818
44340870
44401375
44425853
44496203
44539859
44583521
44602276
44643862
44662690
44884670
44995601
45126515
45421486
45642249
45809812
45857093
46410502
46735452
46849749
46895537
46976037
47101458
47131093
47199073
47334470
47466184
47547137
47641909
47796793
48121014
48233351
48351035
48569348
48633649
48894573
49075654
49377299
49483872
49499884
49623992
49760511
49939402
50117365
50179125
50252969
50337648
50359928
50372272
50403640
50416800
50469845
50517548
50501391
50697780
50734896
50805171
50861368
51066760
51171172
51425992
51528756
51841379
52086198
52321007
52463584
52548369
52741985
52941299
53109695
53672104
54173453
54459244
54517972
54557150
54612141
54678231
54731109
54875139
54902543
55000809
55026056
55193280
55194837
55162438
55549599
55836370
55949958
56073614
56525358
56912221
56974529
56975038
57346000
57414787
57495525
58318634
57877864
57956020
58129333
58159223
58256862
58216000
58466063
58448258
58550207
58624139
58905915
59130030
59748072
59853240
59923592
59983816
60033936
60079768
60103690
60272235
60328290
60350200
60907189
61831337
60901062
61091780
62922331
65085846
67081287
69244063
71406159
73568633
75731931
77893494
80055177
82048131
84209289
86372110
88532353
90526715
92686977
94850105
96843059
99003683
101165729
103327423
61132959
60925356
60926820
60928518
60929778
60930004
60929606
60930838
60929782
60930587
60931691
60931688
60931935
60931921
60930958
60931520
60932525
60932411
60932745
60932978
60931747
60931955
60911504
62239964
64068071
66062475
68056501
70051933
72045709
74040700
76034692
78197104
80191384
82185335
84347728
86342183
88336273
90499778
92492884
94655791
96648682
98643260
100806594
102799550
60934997
60935333
60935247
60934601
60935465
60935528
60934546
60935868
60935788
60935439
60934783
60935941
60935052
60936203
60934933
60935463
60936452
60936272
60935294
60936436
60935745
60935670
60935221
62243956
64071815
65734885
67561740
69555996
71718493
73713418
75706394
77701661
79696500
81856669
83852189
85847092
88008701
89836999
91498791
93492589
95488391
97650059
99644600
101638794
103778105
60937285
60937318
60938561
60937720
60938113
60939065
60938876
60939001
60939091
60938175
60938236
60939130
60937873
60939441
60938872
60939666
60939451
60938524
60939050
60938950
60938475
60938906
61417297
63078397
64906076
66900082
68894290
70890261
72883682
74878732
76873716
78868066
81030256
83025301
85018415
87180976
89174288
91169319
93330928
95326747
97319587
99313781
101475843
103781229
60939721
60940962
60940936
60939989
60940202
60941249
60941056
60941356
60940685
60941321
60941186
60940149
60942072
60941325
60940714
60942176
60942136
60942105
60941127
60942178
60942118
60941269
61252500
63081595
64908466
66902480
68896624
70891490
72885946
74880970
77043075
79038531
81032675
82694114
84688493
86683637
88845198
90839582
92833958
94829365
96823429
98985062
100979579
102973797
60943057
60943383
60943323
60943194
60942624
60943450
60943414
60942373
60943558
60942352
60942904
60942432
60943684
60942675
60943844
60943672
60943128
60942675
60943185
60942968
60943964
60943168
60922828
62417880
64247060
65576428
66572847
67569639
69231583
70893535
72555905
74384713
76381380
78208201
80370684
82365788
84358716
86354201
88515500
90510151
92504001
94667060
96660025
98821524
100816159
102810361
60945034
60946437
60946101
60946308
60946413
60946147
60945529
60946691
60945129
60945804
60945332
60945909
60945649
60946752
60945465
60946140
60946848
60945404
60945596
60946224
60946076
60946873
60945638
62254786
64250304
66076960
68071488
70066264
72060719
74222672
76215800
78210719
80373352
82367304
84361447
86524080
88351976
90180456
92174184
94169031
96331528
98324432
100154128
102148200
60948861
60948535
60948872
60947493
60948573
60948452
60948050
60947498
60948059
60947799
60948771
60947943
60948906
60948843
60948752
60949915
60948840
60949791
60950146
60948961
60950473
60950191
60948897
61925493
63588046
65583922
67578543
69573451
71568852
73564270
75559471
77554542
79548613
81543039
83705213
85699672
87693495
89856389
91849280
93843367
95839119
97999432
99995391
102156893
60955934
60955300
60955091
60955256
60955255
60954358
60954588
60955529
60955485
60954664
60955710
60955666
60954597
60955759
60954696
60954918
60955842
60954758
60955884
60954584
60954886
60955980
60954667
61433465
63261665
65088633
67083897
69078041
71071585
73066241
75061081
77056016
79218345
81211545
83206528
85368073
87362265
89356336
91518137
93512145
95507992
97669409
99664041
101825673
103797457
60955657
60955909
60956922
60955809
60956082
60958003
60956428
60957952
60957025
60958173
60957960
60957111
60958115
60957145
60957287
60958246
60957044
60958320
60958135
60957711
60958446
60958172
61434804
63096955
64924935
66753222
68747366
70741838
72904047
74897719
76892508
78887382
81048239
83044692
85037670
87200244
89193623
91188846
93350196
95345071
97339014
99500364
101495420
103800568
60958292
60959762
60959878
60958422
60958766
60959936
60959662
60960012
60959917
60958969
60959149
60960129
60958850
60960214
60960280
60959196
60958981
60960023
60960215
60960219
60959456
60959020
61602871
63430993
65426666
67253180
69247370
71242434
73236810
75231844
77226657
79222029
81216053
83211133
85372707
87367158
89361037
91191387
93018174
95014021
97175451
99168686
101164357
103158357
60961439
60961328
60959945
60960167
60961360
60961287
60961559
60962475
60961124
60962483
60961087
60961588
60962686
60961183
60961319
60962570
60961911
60961477
60962594
60962787
60961941
60963002
60961457
62437406
64265384
66259305
68254321
70248326
72243184
74237952
76400294
78394422
80389598
82383793
84377617
86372792
88534414
90529974
92522865
94518536
96680038
98673001
100669335
102830773
60963675
60964631
60964087
60963453
60963645
60964735
60963622
60964793
60963793
60964739
60964931
60963879
60964936
60963977
60964204
60964385
60965165
60965015
60964181
60964045
60965181
60964211
60965261
60964469
60965639
60964150
62106795
63935051
65930386
67925141
69919751
71914644
73909038
75903232
77898015
79893156
81887308
84049923
86045147
88038123
90033590
91861589
93523758
95186758
96849798
98511582
100007704
102002019
60967034
60967773
60967002
60967816
60967224
60966718
60968441
60966809
60968263
60967545
60966897
60967458
60967185
60969031
60968286
60967888
60969374
60968164
60969165
60968648
60969723
60969541
60969259
61114423
62776693
64604801
66265041
68260980
70255513
72250383
74078130
76240319
78068521
80063772
82224027
84220422
86215790
88209862
90205422
92198598
94192964
96188477
98349821
100345830
102338733
60972174
60972397
60972312
60971194
60972423
60970956
60971550
60971105
60971632
60971524
60972592
60971513
60972427
60972692
60972652
60972815
60972191
60971545
60972673
60972841
60972802
60972022
60971917
61615324
63444608
65271720
67266827
69093658
71088653
73083263
75078242
77073015
79068048
81062327
82891322
84720392
86548250
88709536
90704151
92865640
94860096
96854445
98848370
101011680
103004512
60973804
60972651
60973931
60973751
60973408
60973910
60973797
60974148
60973853
60973481
60972908
60974044
60974153
60974173
60973342
60972966
60973762
60973369
60974231
60973553
60973236
60974372
60973104
62115621
63943736
65937737
67933518
69927902
71755192
73917534
75911678
77906581
79901841
81728555
83723782
85721161
87547899
89543435
91704937
93699153
95694555
97687928
99683613
101843947
103816971
60975106
60976403
60976159
60975559
60975138
60976526
60975188
60975892
60976579
60975612
60976587
60975732
60976663
60976667
60975650
60976819
60975812
60976799
60976280
60977037
60976867
60976146
60955712
62616762
64611784
66438903
68433047
70427365
72422093
74417279
76412144
78407472
80401688
82396325
84390743
86385767
88379959
90542640
92535840
94531421
96525559
98687240
100681872
102676103
60977631
60978077
60976823
60977884
60977840
60976617
60977947
60976660
60976745
60978035
60976740
60978083
60976724
60977457
60978136
60976972
60978251
60976849
60978319
60976833
60978328
60977452
60977318
61620777
63449027
65443437
67437243
69432651
71260064
73254784
75417003
77411915
79407213
81401426
83396602
85389850
87384789
89378948
91374420
93535994
95530789
97524812
99520460
101515786
103176338
60979369
60979429
60979554
60979438
60978642
60979476
60979644
60978690
60979606
60978759
60979738
60979627
60978858
60979750
60978860
60978589
60979765
60978626
60980258
60979143
60980097
60978716
60978592
62121210
63949404
65943341
67937933
69933557
71927037
73923432
75917640
77913512
79908616
81736584
83398285
85392240
87387725
89381717
91544512
93537488
95534499
97527403
99522312
101684835
103822801
60980927
60982139
60981829
60981346
60980816
60982227
60982128
60982175
60981352
60981387
60982367
60981203
60982329
60981152
60981696
60982374
60981560
60982414
60981583
60982455
60982132
60981712
61292729
62954774
64949999
66777121
68771321
70765743
72760527
74755842
76750489
78744689
80739865
82734897
84729113
86724409
88718217
90713969
92708113
94703615
96697759
98692105
100687775
102682121
60983600
60982601
60982512
60983339
60983513
60982701
60982325
60983512
60983793
60982764
60982466
60983818
60983727
60983831
60983191
60983840
60983676
60983984
60983748
60983324
60984075
60983903
60984147
61127885
62956347
64784086
66779734
68606485
70601280
72596000
74590669
76585752
78579975
80575202
82570234
84564378
86559575
88721112
90716541
92709432
94705330
96866790
98860030
100855517
103017054
60983573
60983737
60984865
60983831
60984112
60985065
60983938
60985056
60983807
60984567
60985302
60983921
60985272
60984252
60985137
60985294
60984359
60985156
60985384
60984186
60985499
60984196
60984051
61628077
63623608
65450549
67444757
69440043
71434763
73429483
75424323
77419235
79414643
81407424
83402530
85396746
87559419
89552755
91547970
93543202
95706443
97699232
99695306
101689242
103828563
60986587
60986499
60987633
60986767
60987833
60987722
60986990
60987892
60986986
60987858
60987427
60986884
60987971
60987132
60986917
60987959
60988203
60987188
60986927
60988055
60986983
60988242
61133350
62794499
64789631
66616751
68611205
70606626
72601397
74596381
76591221
78418002
80080634
81908724
83903828
85899148
87893292
89888900
91883188
93876996
95872820
97866916
100030181
102023157
103830005
60988070
60989247
60988994
60988476
60989226
60987701
60989369
60989066
60988629
60989277
60989199
60988237
60989300
60988635
60989458
60988137
60989573
60988155
60988974
60989546
60988505
60989792
61133837
62795826
64623834
66619435
68613796
70608433
72435736
74598065
76592753
78587249
80581113
82576081
84570499
86565584
88727177
90722737
92715577
94711248
96872585
98865721
100861608
103023217
60989621
60991045
60990064
60991267
60991140
60990224
60991314
60990459
60990075
60991219
60990190
60991326
60990902
60991602
60991379
60991666
60991427
60990859
60991703
60990598
60991716
60990510
60990437
61800399
63463381
65291661
67119485
68780197
70608783
72603309
74598141
76593183
78587455
80582359
82577463
84571655
86734317
88728533
90723053
92717047
94712823
96706743
98868253
100864197
102857333
60992566
60992611
60991289
60991994
60992838
60991415
60992859
60992695
60992106
60992971
60991532
60993035
60991888
60992215
60993008
60991975
60992362
60993096
60992010
60993248
60994010
60994854
60993520
61306109
62966770
64961257
66956574
68783447
70778468
72772979
74767821
76762774
78757142
80752231
82747235
84908856
86902848
88897176
91059968
93054128
95048568
97042966
99036958
101199899
103193494
60995960
60995760
60994568
60994728
60995843
60994847
60995247
60996019
60995059
60996185
60994928
60995357
60996326
60995119
60996355
60995111
60995866
60996553
60995440
60996625
60995482
60996714
60995231
62471423
64298177
66293386
68120626
70115544
72110163
74104961
76266455
78261495
80255617
82250140
84244583
86241001
87901738
89564088
91560248
93554466
95548768
97543243
99537720
101533099
103838511
60996539
60996480
60997712
60996833
60996843
60997823
60996523
60997895
60997723
60997235
60997940
60997819
60996790
60997859
60997221
60996827
60998020
60997171
60998135
60997414
60997030
60998158
61475701
63136569
65131362
67126130
68288797
69285241
70948922
72445042
74272537
76267212
78261649
80423002
82585450
84745866
86907266
89067522
91061783
93222250
95385274
97378177
99538447
101701858
103839824
60999072
60997786
60997756
60997907
60999297
60998119
60999194
60998436
60998764
60999472
60999220
60998191
60999384
60998604
60999548
60999531
60998626
60999683
60998482
60999186
60999873
60998754
61311162
62973032
64801111
66628317
68622467
70618371
72613099
74607952
76602915
78597008
80592091
82587291
84581363
86576731
88570875
90566363
92560507
94556139
96550355
98543531
100539008
102534515
61001223
61000707
60999559
60999592
61000771
60999991
60999725
61000629
61000958
61001019
61000131
60999857
61001209
61001233
61001130
61000299
60999923
61001102
61000073
61001243
61000611
61003087
61003098
61147164
62976171
64802981
66798521
68792649
70787206
72782041
74776886
76770630
78764910
80759750
82755078
84749237
86911798
88904774
90900126
92894288
95057513
97051622
99044854
101040520
103034477
61003647
61002456
61002606
61003852
61002768
61002931
61003917
61003105
61004056
61003108
61004203
61004087
61002936
61004282
61002779
61003377
61004319
61004198
61003177
61004313
61003934
61004647
61003213
62477848
64305942
66301062
68128256
70122662
72117777
74112761
76106574
78101470
80096905
82090590
84085696
86081104
87910326
89738336
91899958
93893337
95889041
97882648
100045998
102038974
61004242
61005143
61003891
61005306
61005774
61004709
61005490
61005194
61004208
61005352
61005461
61005349
61004438
61005603
61004848
61005807
61005527
61004694
61006157
61005179
61006045
61004469
61006117
61149761
62978232
64972944
66799976
68795432
70789984
72784704
74779688
76774600
78768792
80763824
82758928
84753144
86747544
88741272
90737058
92898272
94894088
96887071
99048480
101043600
103037255
61006692
61007066
61006776
61006724
61005641
61006329
61005974
61006993
61006176
61006945
61006867
61006919
61006872
61006041
61007109
61006531
61007194
61007228
61006295
61006021
61007063
61006467
61005878
61981727
63810399
65804272
67800040
69626946
71621234
73616090
75610746
77606016
79600751
81594871
83757464
85752784
87745960
89741104
91735327
93729391
95892488
97885464
99881680
101875432
103848593
61007164
61008166
61007935
61007506
61008326
61008519
61008182
61008205
61007687
61007071
61008453
61007237
61008530
61007855
61007290
61008701
61008623
61008716
61007709
61008054
61008822
61008034
60987563
62482311
64310368
66305469
68132604
70127143
72121903
74117002
76111095
78105914
80100935
82262616
84257688
86252989
88245821
90241311
92402992
94397784
96391764
98553146
100549090
102541954
61009459
61008709
61010614
61010336
61011545
61010461
61011842
61010549
61011349
61011553
61011667
61011363
61011634
61012035
61011357
61011897
61012152
61011918
61011098
61010813
61012189
61010971
61012135
61155781
62819228
64647175
66641447
68468198
70462918
72457782
74452350
76447310
78607767
80604079
82597935
84592103
86421567
88250375
90078793
92072721
94066921
96062577
98224250
100220167
102213058
61013400
61013079
61011872
61011856
61013202
61012219
61012325
61013262
61012090
61013275
61011983
61012352
61013440
61012247
61013547
61012247
61012713
61013629
61012444
61013722
61012312
61013045
61013673
61490828
63151671
65146436
66974044
68969521
70630487
72626602
74621510
76616442
78610601
80438276
82433590
84427734
86423113
88417207
90412510
92406945
94402497
96396569
98390785
100386765
102548277
61013909
61013708
61014609
61013273
61014739
61013745
61014605
61014641
61014863
61014164
61013505
61014900
61014809
61015125
61014260
61014930
61014817
61015257
61014940
61014292
61015280
61014044
61015272
61159088
62822028
64650102
66477245
68471524
70466186
72462111
74455826
76450736
78445159
80440329
82435292
84596811
86590856
88586253
90581783
92575925
94571619
96564454
98558562
100554668
102548741
61016098
61015340
61016059
61015082
61016193
61015130
61015669
61016296
61015018
61016419
61016319
61015570
61015143
61016263
61015438
61016429
61015708
61016675
61016388
61016879
61015785
61016776
61016478
61326443
63154593
64982657
66976838
68972258
70799620
72794304
74789318
76784365
78778257
80940878
82935885
84930087
86759252
88587256
90582848
92576951
94572650
96566851
98559879
100556792
102551183
61016207
61016974
61017626
61017494
61016471
61017678
61016458
61017138
61017869
61016531
61018145
61016676
61016961
61017941
61018094
61018056
61017088
61016988
61018387
61018024
61018028
61017452
61017296
61660628
63488444
65484090
67310870
69305246
71300924
73295636
75290372
77284377
79280729
81274825
82938039
84766442
86594377
88588505
90584316
92578661
94574293
96568176
98562656
100558632
102552288
61019222
61019172
61019992
61019740
61019959
61021253
61021266
61020780
61021783
61022119
61021448
61021359
61022368
61022234
61021117
61022448
61021765
61022525
61021140
61022694
61021595
61021821
61022753
61498662
63160969
65156644
66983302
68977598
70972484
72968220
74963132
76958087
78952295
80947431
82942535
84936655
86932098
88926306
90920850
92914786
94910335
96904529
99064946
101060985
103222418
61024065
61023004
61024152
61024379
61023296
61024341
61023288
61023378
61024213
61023415
61024430
61023615
61023333
61024557
61023413
61024714
61023962
61023536
61024542
61024718
61024662
61024263
61023902
61500578
63329235
65157236
67152341
69145343
70974105
72968849
74963844
76959101
78952834
80947940
82943076
84937234
86932684
88926748
91089653
93082629
95078388
97239797
99234013
101229589
103224053
61025747
61025830
61026193
61025967
61025052
61025129
61026066
61024945
61026106
61024988
61025324
61026122
61025265
61026229
61025551
61026423
61025861
61026525
61025577
61026474
61026353
61025324
61025124
62001290
63829572
65824916
67819597
69646532
71641244
73636156
75630300
77625212
79620316
81614460
83609588
85603869
87599157
89593872
91589226
93750504
95744893
97739239
99902376
101895424
103868376
61026568
61026442
61027611
61026524
61027153
61027789
61026625
61027912
61026705
61027946
61026640
61027982
61027850
61027303
61028198
61026847
61028104
61026927
61027733
61028331
61027132
61028360
61172476
63001371
64828337
66823697
68650496
70645719
72640111
74635023
76629935
78457982
80120734
82115143
84109982
86105126
88099345
90262333
92256578
94249410
96245041
98406722
100401698
102395577
61028608
61028762
61028258
61029499
61028468
61029644
61028401
61028622
61029826
61028611
61029962
61028857
61029092
61029843
61028861
61030169
61028776
61029480
61030257
61029107
61030364
61029339
61028988
61672613
63500643
65495308
67488975
69484274
71479309
73474173
75467928
77463304
79458467
81452176
83447455
85441471
87604267
89598424
91593024
93586887
95582423
97743096
99738639
101900248
103872056
61030418
61031579
61031679
61031030
61031733
61031574
61030880
61030598
61031301
61030851
61031759
61030993
61030939
61031882
61031011
61031860
61031182
61032076
61031084
61030885
61031220
61032259
61030854
62340267
64001226
65828984
67823537
69818001
71813153
73807891
75802176
77796930
79792117
81786471
83781439
85776783
87770951
89936224
91930488
93924656
95919144
97913216
99909239
102070424
103876334
61034596
61035773
61035636
61035066
61035929
61035853
61034953
61036021
61035001
61036089
61035389
61036225
61036136
61035297
61036169
61036006
61036054
61035248
61036292
61035238
61036495
61035230
61013228
62676363
64503384
66331517
68325829
70320298
72316338
74143898
76138146
78133282
80128410
82122618
84117674
86112730
88106970
90102650
92264251
94258443
96253251
98247146
100243074
102404507
61036462
61037424
61037772
61036158
61037386
61036665
61036743
61037490
61036641
61037578
61036825
61037740
61037693
61036684
61037933
61036714
61037033
61037914
61036729
61038080
61036705
61037244
61038144
61513456
63342957
65169977
66998086
68992111
70654575
72483276
74478196
76307356
77969020
79797627
81791819
83786803
85782324
87776292
89771923
91766235
93760172
95755723
97750132
99745875
101740163
103879484
61037724
61037663
61038856
61037970
61038463
61039150
61037724
61039104
61037839
61038437
61039251
61037812
61039366
61039556
61038711
61039379
61039266
61039180
61038706
61039630
61038359
61039616
61182870
63012272
64839232
66834416
68827338
70656005
72650639
74645679
76808040
78802296
80796192
82792552
84786800
86781264
88775432
90770695
92764711
94928024
96921200
98915250
100911018
103072616
61039175
61040441
61039777
61040569
61040491
61039411
61040706
61039993
61040870
61040279
61041065
61040925
61039987
61041003
61040471
61040094
61040980
61040241
61041198
61041028
61040267
61041226
61039901
62015298
63676809
65505065
67498841
69493493
71489491
73484083
75479339
77474275
79468003
81462219
83457474
85618955
87613355
89276035
91104034
93265619
95261395
97255587
99248603
101244653
103238669
61041859
61041691
61040701
61041958
61041757
61041109
61042096
61041345
61041149
61042049
61041268
61042065
61041715
61042244
61042235
61040932
61042065
61041095
61042113
61041543
61042338
61042268
61041059
62016823
63844976
65838976
67833822
69829275
70991306
71988914
73650786
75313459
76975946
78637883
80633165
82794339
84956062
86950053
89110878
91106149
93266822
95429622
97422629
99584158
101578765
103884326
61043661
61042826
61043645
61043654
61042516
61043842
61043857
61042560
61043954
61042619
61043123
61043267
61043494
61042755
61044103
61043939
61044099
61044052
61043264
61044259
61043625
61044323
61042745
62018364
63847674
65674113
67668263
69663906
71658626
73653386
75648359
77642114
79638570
81631399
83626551
85621156
87283873
89278346
91273540
93267489
95430650
97424751
99417583
101413732
103242807
61044696
61044472
61044704
61044625
61043880
61044816
61044713
61043896
61044863
61044067
61047646
61047584
61047608
61047540
61046811
61046435
61047672
61047696
61047692
61046912
61047843
61047753
61046385
62355697
64184010
66010575
68005053
70001000
71995600
73990888
75983784
77978720
79974288
81968199
83963231
85958703
88120136
90114632
92108831
94270208
96266000
98258911
100256224
102249247
61048569
61047930
61049088
61048098
61049210
61049140
61049317
61048169
61049464
61048156
61048593
61049450
61048273
61049616
61049436
61048961
61049674
61048209
61049682
61049612
61049108
61049829
61049649
61526129
63186971
65181230
67176577
69003400
70998200
72992976
74988200
76983029
78977515
80972424
82967536
85129153
87124374
89118681
91114289
93108465
95104113
97098318
99092502
101088609
103081441
61050629
61049690
61050853
61050804
61050060
61051186
61051024
61049852
61051021
61050321
61051093
61049777
61051154
61050969
61050473
61051355
61051124
61051419
61051255
61050620
61050220
61051815
61050091
61858878
63521946
65350352
67177199
69171584
71167416
73162168
75157064
77152024
79147168
81141360
83136512
85130704
87126184
89120245
91115853
93109208
95104735
97098775
99260397
101255064
103249864
61051105
61052423
61051027
61051200
61051702
61051648
61052563
61052516
61051789
61052561
61051757
61052760
61052657
61052861
61052764
61051976
61051702
61052145
61051877
61052884
61052112
61051830
61051588
62358946
64187702
66182617
68010011
70004585
72000444
73827939
75822323
77817232
79812521
81806665
83802817
85463440
87292912
89286880
91282416
93276608
95439889
97434081
99427369
101422881
103417320
61053163
61052667
61053978
61052786
61053992
61053828
61053300
61054117
61053945
61052916
61054152
61053257
61053348
61054119
61053129
61054314
61053108
61053457
61054385
61054382
61053734
61054498
61052961
62527788
64188503
66182527
68010981
70006934
72001711
73995401
75989593
77818393
79813905
81807751
83802975
85799559
87793815
89789351
91782303
93776503
95773535
97767727
99762407
101756599
103895943
61054390
61054109
61055310
61054205
61055293
61055486
61055365
61055048
61055456
61055581
61055510
61055136
61055619
61054557
61055673
61054952
61055926
61055785
61054725
61055902
61054861
61056005
61055894
61055155
61364953
63026680
64855906
66682954
68677163
70672024
72668032
74662984
76657888
78652136
80647360
82642512
84636704
86632032
88626240
90621776
92615960
94611752
96606016
98600136
100596128
102589184
61056627
61056046
61055963
61056884
61055592
61056942
61056829
61056245
61057038
61056968
61055872
61056550
61056403
61055960
61057261
61057352
61056812
61056104
61057248
61057398
61057261
61056888
61057486
61698527
63360860
65023861
66851125
68846229
70673596
72668388
74663468
76658428
78652541
80647693
82644093
84638357
86633693
88627885
90623421
92617685
94613477
96607373
98601861
100597709
102592069
61057275
61057833
61057158
61057794
61057598
61058396
61057577
61058541
61057908
61058701
61058622
61057767
61058711
61058011
61058783
61058758
61057970
61058850
61058171
61060845
61061712
61061042
61061004
61703139
63530911
65526482
67353146
69348799
71176145
73171062
75165783
76995919
78656593
80651769
82647098
84641103
86637679
88631871
90627479
92621671
94616223
96610402
98604938
100600527
102594802
61062396
61061750
61062868
61062701
61061601
61062829
61061572
61062145
61062960
61061780
61063008
61061865
61062116
61062946
61063148
61063123
61062241
61061865
61063060
61063193
61062274
61062617
61062334
61871988
63366363
65194814
67189756
69018084
71011590
72840230
74835179
76830492
78825636
80653443
82316150
84311604
86306940
88133766
90129491
92123411
94117662
96113462
98107739
100103747
102097708
103904812
61064322
61064121
61063406
61064249
61064179
61063150
61064648
61063795
61064422
61063245
61064537
61064432
61063805
61064641
61063429
61064705
61063677
61064845
61064662
61063778
61064726
61064048
61042281
62704446
64532366
66359173
68353502
70349510
72176749
74172750
76165926
77994829
79990173
81984293
83979462
85976046
87970166
89965774
91959670
93954150
95948718
97776597
99772661
101766710
103906126
61065630
61065701
61064732
61064710
61065957
61064785
61065911
61064675
61065363
61065975
61064862
61066031
61064990
61066171
61064939
61066159
61065155
61066235
61066326
61066243
61066254
61065750
61043836
62538843
64366355
66361807
68188887
70184756
72012358
74007140
76001324
77996420
79991558
81985846
83980878
85976174
87970166
90132788
92127228
94120132
96117100
97944300
99773596
101767788
103907156
61065382
61066548
61065563
61065755
61066612
61065681
61066807
61065774
61065974
61066911
61065798
61066967
61065689
61066011
61067012
61066875
61067043
61066996
61066428
61065910
61067558
61067195
61211599
63038359
64867440
66694432
68689920
70517271
72345863
74175928
76003032
77997984
79994120
81820882
83815976
85811736
87805576
89801112
91795648
93789568
95785288
97779682
99775458
101769674
103909073
61067645
61068499
61068378
61068013
61067365
61068558
61067730
61068777
61067757
61067885
61068742
61067818
61068929
61067930
61068874
61068986
61068946
61068385
61068429
61069134
61068989
61067901
61379149
63040020
65035352
66862175
68856459
70852611
72847379
74842267
76837299
78831483
80826635
82821859
84816051
86811459
88804763
90799947
92794075
94789882
96784101
98944461
100775403
102436114
61069167
61069147
61070127
61069875
61070035
61069988
61069622
61070127
61069078
61070212
61068899
61069417
61070316
61069182
61070474
61069217
61069875
61070562
61069254
61070639
61070867
61070174
61069634
61711792
63373710
65201864
67195867
69190667
71186361
73181201
75008851
77003808
78997878
80993145
82989478
84982561
86979145
88973041
90968873
92963065
94958798
96952081
98946345
100941862
102936481
61070309
61070250
61071384
61070476
61071004
61071573
61070732
61071631
61070454
61071158
61071676
61070614
61071762
61070499
61071753
61071878
61071788
61071059
61072038
61071927
61070955
61072082
61070660
61713138
63541179
65536612
67363528
69191486
71186487
73182346
75177234
77172194
78999337
80994361
82989810
84983658
86980306
88973113
90968649
92962841
94958633
96954210
98948330
100944250
102938610
61072603
61071381
61071991
61072907
61072922
61073026
61073062
61071965
61072560
61073035
61071981
61073166
61071997
61072693
61073597
61073157
61072306
61073358
61071949
61073465
61073250
61072835
61073518
61551930
63380960
65207995
67036219
68698011
70527643
72355066
74351115
76345379
78172914
80335555
82329611
84157410
86152818
88314363
90309963
92304227
94297243
96292899
98287242
100283162
102277250
61077023
61077786
61077750
61076814
61077912
61076459
61076974
61077839
61076582
61077903
61077758
61077137
61077993
61077997
61077097
61078063
61077137
61078246
61078063
61077353
61078186
61077449
61077301
61886686
63547611
65375675
67369617
69365329
71192688
73187408
75182560
77177520
79172736
81166928
83162080
85156272
87151752
89145728
91308681
93302945
95297745
97126489
98953505
100950593
102944953
61078948
61079053
61078910
61078340
61079217
61079098
61078065
61079352
61079239
61078545
61079373
61079209
61078137
61079273
61078654
61079585
61079436
61078454
61079639
61079526
61079014
61079735
61078198
62385250
64047527
65875248
67703226
69697648
71693640
73521143
75515880
77511256
79506200
81500392
83496784
85490976
87486384
89480576
91476112
93470304
95466096
97460288
99454480
101450400
103443720
61080397
61080280
61079167
61079304
61080462
61079720
61080626
61080676
61079800
61080675
61079893
61080718
61079730
61080850
61080218
61080982
61080789
61081008
61080961
61080122
61080222
61081354
61079638
62220896
64049182
66044431
68037550
69865924
71861996
73857020
75851156
77846108
79841388
81668107
83663326
85657852
87654092
89480899
91476619
93470604
95466812
97460580
99454780
101450900
103445180
61081973
61081985
61081805
61082021
61081883
61080922
61081114
61082086
61081016
61082158
61081032
61081698
61082270
61081106
61082334
61080925
61081346
61082457
61081026
61082593
61081125
61081706
61059894
62555984
64382947
66045782
67873158
69868646
71696048
73690589
75685150
77680253
79510454
81504646
83498558
85492686
87488094
89482501
91477837
93472005
95635286
97629478
99622430
101618286
103923870
61082138
61083307
61083345
61082392
61082482
61083419
61082293
61083585
61083421
61082981
61082258
61083616
61083741
61083614
61082850
61082458
61083645
61083786
61083790
61083061
61083925
61083827
61559955
62556610
63553255
64717738
66213258
67708137
69702210
71697170
73692052
75854114
77847977
80010450
82003457
84164754
86160113
88320554
90316090
92310332
94306044
96466434
98460625
100623962
102618250
61083933
61084800
61083593
61084789
61084050
61084463
61085052
61084956
61084994
61083795
61083838
61084356
61084270
61085123
61085084
61084187
61085346
61084195
61084395
61085303
61084211
61085388
61083918
61892473
63554442
65382733
67376774
69372318
71199901
73194451
75189411
77184379
79179949
81173933
83168931
85163115
87158507
89152731
91148390
93142362
94972059
96800306
98794298
100790194
102950642
61084919
61086291
61084999
61085682
61086381
61086268
61086420
61085536
61086493
61085396
61086616
61085423
61085983
61086669
61085556
61086840
61085375
61085930
61086829
61085644
61086944
61085687
61085404
61727695
63556355
65551611
67378149
69372541
71368621
73363448
75358408
77353309
79348597
81342493
83337941
85332133
87327541
89320493
91316016
93310359
95306007
97467616
99460581
101456488
103450775
61087045
61087776
61087838
61086458
61086621
61087139
61087042
61087927
61087845
61087127
61088051
61087125
61087524
61088152
61086980
61088259
61086879
61087223
61088237
61087183
61088309
61087132
61064463
62894296
64720945
66549112
68543312
70538094
72534110
74529070
76524030
78517046
80512198
82507350
84502838
86498246
88491198
90154264
92148720
94142840
96138512
98300169
100296017
102290222
61088139
61088978
61088158
61089167
61087804
61089253
61089361
61089186
61088543
61089415
61089301
61088481
61089367
61088697
61089526
61089463
61088657
61089500
61088603
61088723
61089652
61088582
61089826
61232752
62894669
64722416
66717948
68544852
70540829
72368072
74363633
76362345
78357305
80185064
82179408
84174382
86169790
88164105
90160881
92155073
94149329
96145057
98138017
100134153
102128080
61093391
61094252
61093091
61093249
61094399
61093619
61094491
61094587
61094006
61094647
61093203
61094930
61094700
61093958
61094858
61093507
61094828
61093494
61094342
61094991
61093819
61095031
61093731
61072467
62567315
64395483
66390476
68217547
70212448
72207057
74203177
76197313
78025232
80020193
82014729
84009681
86006185
88000377
89995985
91990177
93984361
95980089
97974353
99970273
101963321
103936337
61094734
61095954
61096238
61095270
61096039
61095643
61096059
61095924
61095254
61096126
61095388
61096123
61095554
61095566
61096338
61095291
61096204
61095475
61095158
61096433
61096435
61095635
61073903
62734848
64563979
66390674
68384928
70381123
72208418
74203514
76197526
78192971
80188968
82183139
84010853
86006288
88000848
89996168
91990603
93984464
95980200
97974582
99970533
101964578
103937680
61096026
61096032
61097341
61097492
61096402
61097323
61096194
61097553
61096709
61096002
61097598
61096477
61097594
61097467
61096442
61097670
61096469
61096872
61097721
61096770
61097691
61097064
61096688
61097789
61574056
63070052
64897720
66724656
68720209
70547739
72543560
74538569
76533393
78360440
80355384
82017393
84012400
86007808
87837081
88999257
90994648
92988840
94818624
96812600
98807008
100802856
102797016
61098684
61097693
61097880
61098806
61098685
61098921
61098867
61098202
61098974
61097818
61099134
61098165
61099157
61098500
61099248
61098614
61098565
61098083
61099605
61098171
61099205
61098514
61099307
61741601
63236576
65064446
66892571
68888150
70715665
72711671
74539201
76534055
78528583
80523727
82518951
84513071
86508479
88502743
90497991
92492175
94489228
96482180
98476703
100472292
102466959
61099900
61098928
61099269
61100435
61099386
61100373
61100227
61099434
61100401
61099538
61100410
61100451
61100533
61100539
61099861
61100748
61099381
61100841
61099533
61099936
61100718
61099804
61100811
61077395
62905821
64733739
66728115
68723523
70551336
72546059
74540624
76536824
78529811
80525043
82520195
84514731
86509795
88503987
90499523
92494955
94490675
96484939
98479059
100475051
102469331
61101352
61101815
61101604
61100747
61101772
61100725
61101336
61101782
61101032
61101838
61101085
61100701
61101270
61101061
61102006
61101117
61102222
61101019
61102069
61101429
61102409
61101029
61102385
61245153
62907086
64902313
66729355
68724835
70553375
72214463
74043559
76037911
78032519
80027855
82021863
84017015
86012423
88006812
90002326
91996590
93990710
95986310
98146710
100143943
102136839
61102178
61102511
61102153
61103263
61103193
61102649
61103401
61103303
61102558
61103375
61102478
61103593
61103482
61102609
61103495
61102801
61102489
61103510
61103686
61103749
61102918
61102593
61103996
61578518
63074402
65068519
66896927
68892318
70719661
72714379
74709232
76372485
78200107
80195397
82189595
84184579
86181278
88175390
90003573
91998022
93991993
95987806
97981977
99978241
101971984
103945252
61103435
61103325
61104475
61103594
61103708
61104573
61103772
61104790
61103946
61104850
61104795
61103932
61104891
61104095
61105018
61104940
61105095
61104968
61104196
61103839
61105015
61105242
61248015
63076405
65070167
66898700
68893842
70721325
72717346
74712229
76539836
78534092
80529244
82524420
84518588
86514068
88342012
90171362
91999468
93994093
95990658
97984850
99979444
101973732
103946848
61106156
61106195
61105272
61105248
61106118
61105005
61106182
61105280
61106360
61106249
61106504
61106321
61105592
61106470
61106328
61106585
61106392
61105701
61105285
61106901
61106753
61106568
62081496
63908565
66070014
68230622
70390190
72551085
74879758
77039837
79367246
81694958
83855269
86184118
88343421
90671502
92998998
95327038
97486317
99814510
102142318
61106289
61107278
61106296
61107422
61107502
61106845
61106272
61107581
61107664
61107472
61107064
61107697
61107584
61107769
61107640
61107056
61107833
61107869
61107709
61107163
61107977
61106813
61108092
61251659
63078886
64907702
66735104
68729161
70725281
72552568
74547672
76542897
78536758
80533137
82360872
84355160
86350544
88344808
90340344
92334536
94329304
96324369
98318712
100314632
102308920
61113325
61113115
61111736
61113150
61111901
61111965
61113632
61113320
61112692
61112835
61113409
61113288
61112157
61113509
61112869
61113598
61113464
61112376
61113504
61112907
61113654
61112405
61112622
61423587
63085864
64913401
66740945
68736223
70563668
72558386
74553418
76381778
78210258
80040530
81867177
83862329
85857673
87852145
89847458
91842074
93836194
95832058
97825762
99821897
101815897
103955376
61113629
61114584
61114396
61113986
61114669
61114476
61114661
61114650
61114023
61114880
61114644
61113650
61115045
61114244
61114879
61113766
61115037
61113966
61115177
61114986
61114086
61114469
61258882
62920096
64748038
66743435
68737552
70564976
72559696
74554891
76549723
78545088
80540312
82535464
84528416
86523744
88518152
90513544
92675088
94670952
96663904
98657952
100654152
102648296
61115879
61115464
61115918
61114855
61116024
61115897
61115457
61114774
61116236
61116094
61116149
61115436
61116384
61115401
61116177
61115606
61116378
61116265
61115177
61116313
61115876
61116581
61115281
61426529
63087489
65082592
66909673
68905042
70732409
72727031
74722186
76718386
78545177
80540601
82535407
84529722
86526370
88520266
90516026
92510290
94505786
96500274
98494466
100489418
102483513
61116367
61116642
61117334
61117125
61117301
61116790
61116541
61116216
61117517
61117541
61117430
61116685
61117565
61117526
61116736
61116384
61117892
61116707
61117862
61116611
61117328
61117833
61117040
61428138
62922632
64750750
66746309
68573051
70569174
72396456
74391363
76386846
78214518
80209822
82203723
84198998
86194406
88188942
90184134
92178195
94172582
96168310
98162502
100159662
102152710
103959671
61117542
61117553
61118679
61117822
61118851
61118834
61117899
61118956
61117678
61118417
61119074
61117910
61119189
61118054
61118187
61119028
61118339
61119151
61118540
61118022
61118083
61118454
61096859
62758940
64587206
66413793
68409502
70236822
72066798
73561093
75557070
77552326
79547542
81541662
83536814
85531078
87526414
89353189
91348725
93342917
95506126
97500390
99327093
101490502
103484790
61120323
61120701
61120300
61120299
61119554
61120308
61119934
61120524
61120486
61119572
61120624
61119164
61120541
61119207
61119661
61120747
61119775
61120680
61119876
61119500
61121175
61119631
61119418
61928365
63756707
65752009
67578627
69572993
71568857
73396456
75391393
77386425
79382881
81377073
83372153
85366417
87361753
89356017
91350241
93178256
95174000
97168192
98996208
100827289
102654088
61121812
61120706
61120661
61121739
61120605
61121845
61122199
61121207
61122008
61121807
61120668
61121935
61121391
61120732
61121959
61122060
61121659
61121351
61120916
61121536
61122402
61122366
61120807
61930958
63759084
65586060
67581036
69408307
71404444
73065996
75061796
77056756
79050940
81046164
82874028
84868033
86864740
88858636
90686979
92681171
94676963
96671155
98665371
100661291
102655555
61123093
61122329
61122414
61123257
61123085
61123298
61123294
61122471
61123335
61123347
61122570
61123486
61123581
61123434
61123635
61123616
61123002
61123774
61122479
61123787
61123811
61122586
61123895
61122938
61122711
61122485
61932369
62928601
64756582
66584822
68580192
70407627
72402568
74397456
76391832
78386672
80381824
82375873
84371238
86366446
88360710
90356505
92350769
94345862
96341590
98335782
100331702
102325990
61123638
61124670
61123404
61124856
61125156
61124089
61123593
61124764
61124881
61124841
61124396
61124975
61124841
61125009
61124287
61124241
61123814
61125001
61125126
61125232
61124460
61125391
61125242
61601481
63262509
65090018
66918627
68913811
70908651
72735922
74731026
76725792
78720171
80716563
82544643
84373483
86201618
88195592
90192419
92186547
94013370
96009362
98003482
99833114
101828547
103966764
61124846
61124924
61126136
61125575
61126151
61125025
61126333
61126110
61125649
61126362
61126190
61125161
61125738
61125649
61126505
61126407
61125518
61126656
61125780
61126678
61126669
61125841
61435792
63097951
64925703
66921181
68747908
70742951
72738525
74566292
76561202
78555660
80550610
82545762
84541317
86536653
88198469
90026586
92022149
94016405
96012061
98006253
100002245
101996533
103968374
61126483
61127788
61127557
61126915
61127851
61127630
61126832
61127790
61126813
61127901
61127825
61127005
61128052
61126973
61128176
61128095
61127152
61128081
61127301
61128266
61127582
61128330
61438128
63099156
64927265
66922722
68749667
70745559
72573062
74568164
76564033
78558399
80553441
82547391
84375406
86370966
88365158
90360694
92354958
94349726
96344742
98339134
100168734
102163022
61128097
61128966
61127837
61129137
61128957
61128418
61128600
61129191
61129610
61128524
61129245
61127887
61129301
61129188
61128596
61129461
61128284
61129584
61128420
61128604
61129525
61133263
61134320
61276823
62938920
64934249
66761380
68756872
70584504
72579402
74575272
76402794
78396944
80392296
82387307
84215398
86210920
88204757
90200365
92194557
94190176
96185608
98180024
100176016
102170232
103975960
61134172
61135189
61135037
61134156
61134262
61135250
61134235
61135220
61134353
61134438
61135263
61134363
61135343
61134571
61134187
61135374
61134267
61135611
61134907
61135679
61134307
61134435
61278452
62940265
64768274
66763877
68590848
70585424
72414043
74410107
76237286
78232356
80228411
82055211
84050323
86045803
87873763
89703019
91698483
93692675
95687227
97515293
99509485
101505405
103499693
61136529
61136446
61135477
61136718
61136584
61136000
61136073
61136794
61136675
61135989
61136861
61136261
61137025
61136842
61136156
61136969
61136407
61136030
61136975
61136316
61137018
61137041
61135781
62444251
64272491
66099177
68095127
70088439
71917114
73912210
75906151
77901359
79897690
81724450
83719754
85713679
87709079
89704642
91532754
93527170
95523914
97185802
98846279
100509914
102172050
103978778
61136716
61137944
61137772
61137108
61136716
61138004
61137892
61137324
61138219
61136895
61138149
61138028
61137567
61138245
61138132
61137044
61138180
61137684
61137132
61138207
61137196
61137781
61164193
62961208
65122013
67282781
69443502
71771846
73932585
76258934
78420390
80747719
83076391
85235735
87564656
89724135
92051559
94379239
96540111
98867055
101196223
103355623
61157855
61157752
61156825
61158255
61157697
61158560
61158327
61158781
61159199
61158135
61158872
61157551
61159118
61158013
61159283
61159211
61159354
61158478
61159490
61159262
61159586
61159400
61158592
62633002
64625797
66454070
68614816
70776248
72936885
75097810
77426641
79586683
81747240
84075779
86236018
88563934
90724634
92884925
95214171
97373533
99699867
101862008
104001366
61160838
61160709
61160248
61160969
61159466
61160974
61159832
61161120
61161087
61159923
61161256
61160397
61161254
61160104
61161273
61160190
61160475
61161316
61161464
61161539
61160742
61161591
61160090
62468611
64129962
66125132
67952380
69947708
71775103
73770015
75765516
77593623
79589812
81416655
83412135
85407172
87402580
89229399
91226108
93052911
94882535
96877932
98872124
100868044
102862332
61162528
61161805
61162242
61162905
61161750
61163165
61163105
61162529
61163241
61162056
61163276
61162451
61162059
61163596
61162910
61163629
61162476
61163585
61162793
61163794
61162791
61164027
61163151
61140295
62803761
64631731
66458636
68122039
69949313
71945280
73772404
75766986
77763114
79590852
81586418
83414081
85408209
87404994
89399237
91394383
93388871
95384591
97378661
99373149
101368933
103195868
61164763
61164108
61164955
61163698
61165020
61164960
61165161
61164424
61165070
61163882
61165128
61164518
61165341
61164506
61165519
61164879
61165528
61164372
61165469
61164826
61164359
61165602
61165830
61308591
62971496
64799293
66626358
68454408
70450448
72277758
74273022
76267886
78095814
80091110
82085462
84080342
86076990
88071110
90066718
92059590
93887622
95883366
97877750
99873462
101867702
104007135
61165724
61166544
61166423
61165975
61166618
61166532
61165503
61167105
61166035
61166705
61165990
61166812
61166070
61165624
61166827
61165690
61167397
61166165
61167043
61166280
61165987
61167232
61165838
62472934
64301228
66129512
68124733
69952328
71947397
73942005
75769949
77765053
79761077
81421973
83084773
85080165
87074325
88902357
90898037
92892021
94887885
96882077
98876269
100872461
102866477
61168022
61166943
61167386
61168208
61167002
61168272
61167239
61168458
61168525
61168426
61168306
61167732
61168565
61167431
61168659
61167655
61168786
61168928
61167581
61168733
61167988
61168795
61168010
62309526
64304146
66464322
68624935
70785927
72945631
75107167
77267831
79596439
81755791
83917142
86078686
87906862
90068678
92394999
94724383
96883927
99044022
101373391
103532639
61168482
61169461
61168220
61169605
61168370
61169261
61169664
61168914
61169217
61169114
61169899
61168684
61169939
61168668
61169114
61170049
61169098
61170011
61169282
61168847
61169948
61170307
61313745
63141913
65134896
67295185
69623105
71782830
74112057
76271369
78599782
80760068
83088737
85248041
87575534
89737289
92064198
94391476
96552452
98879065
101208382
103367697
61170675
61170703
61170974
61170082
61169678
61170755
61170968
61170920
61170496
61170928
61171113
61171094
61170432
61171158
61170155
61171281
61170507
61170072
61171165
61170152
61171237
61170677
61171572
62644133
64473021
66465952
68793905
70954854
73114959
75443070
77603318
79930606
82090950
84418422
86747387
88906723
91234475
93562283
95723147
98049531
100377851
102705731
61172052
61171286
61170880
61172147
61172441
61172343
61171665
61172474
61172621
61172522
61172520
61171930
61171429
61172565
61171493
61172760
61172141
61172881
61171573
61172851
61171941
61171913
61173478
62312375
64474414
66467620
68296930
70290669
72618763
74778867
77107267
79267363
81595243
83755395
86084315
88243461
90571507
92897843
95227299
97553867
99713779
102041619
61172755
61173928
61173760
61173649
61172861
61172447
61173634
61172572
61173641
61173217
61173909
61172508
61174032
61172601
61173500
61174056
61172852
61173596
61173649
61174239
61174242
61173660
61174352
61483339
63478617
65471857
67631951
69960434
72121514
74281418
76442010
78770426
80935930
83264466
85423826
87752690
89913226
92240946
94400810
96728586
99056082
101217114
103543474
61180327
61180405
61180308
61179514
61179141
61180282
61179288
61180499
61179864
61180767
61179587
61180975
61179701
61180717
61181077
61179578
61180789
61180095
61180888
61179834
61181019
61180092
61180192
61656187
63485362
65313527
67140551
69134485
70962975
72958992
74786743
76781632
78777128
80604791
82600016
84595448
86423367
88417703
90413031
92407431
94402127
96397344
98392480
100221207
102215754
104022367
61180542
61181797
61181609
61181220
61181802
61181724
61180593
61181932
61181249
61182042
61180764
61182026
61180841
61182037
61180935
61182044
61181354
61182414
61181250
61182376
61181386
61182495
61824635
63652846
65646078
67974113
69801766
71795841
73957161
76284988
78444934
80606457
82935116
85094542
87422913
89582481
91910526
94070740
96398990
98726473
100887345
103214270
61182882
61181994
61183097
61181954
61182701
61183214
61182496
61183286
61182485
61182208
61183395
61182221
61183496
61182906
61183699
61183412
61183653
61183511
61182935
61183669
61183977
61182605
61161211
62988225
64817538
66811834
68972120
71132067
73294201
75454465
77450313
79278088
81438575
83767198
85927742
88088166
90417113
92576170
94738351
97065969
99226302
101387377
103713897
61184524
61184325
61184633
61184424
61183773
61184544
61183533
61184726
61183850
61183407
61185125
61183573
61185350
61184208
61185044
61183931
61184985
61184192
61185091
61184890
61185155
61185021
61183704
61993578
63655694
65483793
67310401
69305953
71133763
73129260
75123125
76951945
78946147
80941505
82936513
84931945
86927353
88754121
90750009
92743921
94405689
96235243
98229409
100225401
102220929
104026650
61186026
61185223
61184839
61185867
61184881
61185960
61185419
61186110
61185107
61186145
61185443
61186318
61186146
61186382
61186269
61185426
61186435
61185381
61186545
61185733
61186673
61186544
61185292
62326382
63988826
65817002
67811797
69638802
71634940
73462559
75291030
77119884
78782236
80444570
82272829
84101572
85930748
87758762
89586965
91583634
93410469
95406098
97401626
99228437
101224185
103218545
61186394
61187490
61187506
61187016
61187743
61186435
61187871
61186686
61187853
61187885
61187081
61187835
61187216
61188124
61187846
61186725
61188101
61188033
61188165
61188520
61187362
61188316
61187323
61496918
63160268
64986789
66815106
68809515
70805051
72632801
74627803
76622603
78616923
80445875
82440027
84436347
86264513
88258857
90255355
92249475
94243731
96239459
98233723
100229643
102223931
104029638
61188008
61188950
61188293
61189172
61188877
61187797
61189517
61188418
61189313
61188112
61189361
61188384
61189459
61189288
61188326
61189667
61188939
61189600
61188538
61189672
61188839
61188396
61498218
63493651
65654043
67814045
69975293
71636328
73797209
75958690
78287140
80447610
82608738
84936386
87096658
89424514
91584938
93912722
96073450
98233914
100562458
102890066
61190329
61189374
61189472
61190399
61189400
61190385
61189685
61189293
61190429
61189357
61190493
61190049
61190871
61189903
61190978
61189899
61191110
61190506
61190180
61190891
61190158
61191223
61189987
62331862
64325355
66485467
68646089
70974375
73134471
75295190
77622457
79951251
82110350
84439147
86599419
88927318
91087804
93415555
95743627
97903014
100232339
102391579
61190768
61191245
61191728
61191862
61190885
61191909
61192115
61192016
61192053
61191413
61192249
61191933
61190853
61192099
61191560
61190877
61192270
61191381
61191171
61192248
61191117
61192870
61191541
61667386
63661500
65823298
67983986
70144948
72305866
74466073
76627116
78954756
81114777
83443612
85602545
87764340
90093428
92252457
94581980
96740993
99068876
101229916
103556361
61193201
61193170
61192099
61193311
61191875
61192184
61193307
61192485
61193436
61192784
61193574
61192181
61193740
61192381
61192658
61193499
61193754
61193673
61192893
61192637
61193793
61192946
61192909
62666450
64826345
66988017
69148537
71308112
73636633
75796600
78125129
80285096
82613929
84773273
87101889
89261232
91589448
93916953
96077541
98404269
100732333
103060406
61193332
61194688
61193380
61194207
61194835
61193548
61194920
61194676
61194159
61194901
61193737
61194898
61194065
61193759
61194884
61193812
61194956
61194446
61195210
61194105
61195223
61194406
61194463
61836327
63498430
65326416
67154366
69148636
71144663
72639767
74635944
76463415
78457895
80453103
82448192
84275943
86105383
87767063
89761304
91756840
93752272
95748064
97742184
99736376
101564879
103559167
61195099
61194728
61195937
61195096
61196095
61195315
61195103
61196193
61195113
61196185
61195436
61196560
61195434
61196560
61195663
61195209
61196409
61196696
61196843
61195847
61196653
61195839
61196768
61196804
61505417
63499625
65327965
67489346
69648601
71809997
74137591
76299127
78459017
80620455
82947943
85108469
87436023
89762696
92090532
94250921
96580343
98739725
101069025
103395511
61197492
61196298
61197504
61196370
61196633
61196944
61197644
61197489
61197116
61197714
61196559
61197837
61196609
61197884
61198098
61196869
61197946
61197370
61198257
61197189
61198231
61197476
61198355
61672975
63502422
65329730
67324696
69152188
71147749
73141293
74970042
76965154
78959581
80955541
82949518
84777830
86772813
88768376
90264430
92092168
94086440
95749703
97743971
99739411
101734085
104039676
61198941
61198187
61198141
61198997
61199093
61199053
61199131
61198617
61199276
61199171
61199509
61198128
61198853
61199350
61199642
61198606
61198890
61198325
61199981
61199868
61199581
61199064
61198304
62672187
64500247
66327859
68322648
70151179
72145653
74141853
76134725
77963525
79958957
81952941
83949333
85777253
87771725
89765565
91761309
93756677
95752469
97746661
99740853
101736773
103731021
61199396
61200359
61200281
61199171
61200307
61199717
61200684
61199427
61200507
61200640
61200544
61200801
61200651
61199910
61200911
61199857
61200983
61200065
61200971
61200880
61199752
61200888
61199628
62008358
63671543
65499867
67326419
69320715
71316868
73144526
75145228
77141356
79135612
81129502
82958446
84952571
86948108
88943540
90938969
92933233
94929025
96921977
98917409
100913329
102906377
61208106
61207247
61206749
61208119
61208194
61207405
61207319
61208218
61208068
61208261
61208081
61207499
61208415
61207222
61208450
61207625
61208404
61208283
61207262
61208465
61207854
61208639
61207449
62183035
64177607
66004397
68164871
70325687
72653792
74813855
77142447
79302551
81630424
83790455
86119495
88278807
90607864
92767253
95094975
97422879
99749525
101910487
104049674
61209118
61208975
61208289
61207854
61209041
61208012
61209148
61208508
61209475
61208378
61209490
61208449
61209614
61208783
61209590
61209449
61208918
61209690
61208369
61209936
61208895
61209881
61208472
62515574
64345217
66172111
68166570
70162356
72155847
74150852
75978825
77973937
79968902
81963231
83959623
85954967
87949223
89944687
91772703
93433238
95430407
97424599
99418791
101414711
103408703
61210700
61209405
61210688
61210551
61209954
61210972
61210741
61209771
61211387
61210317
61211073
61211003
61209682
61210530
61211129
61210205
61211228
61210405
61210029
61211733
61211422
61211237
61188932
63015787
64843792
67005132
69164666
71325772
73653698
75813761
78142490
80302465
82631290
84790361
87119495
89278580
91606401
93933167
96261146
98421740
100749753
103077767
61210921
61210905
61212038
61211296
61212151
61212089
61211111
61212727
61211831
61212327
61211505
61211209
61211193
61212382
61212457
61211216
61211586
61212537
61212597
61212760
61211853
61212726
61211664
61355438
63184717
65011694
66839598
68835063
70662601
72657239
74486001
76480231
78308990
80304345
82298534
84294775
86122777
88117158
90112559
92108042
94100972
95930481
97924697
99920753
101914894
104054151
61212501
61213675
61212333
61213168
61213767
61212902
61213807
61213078
61212536
61213728
61213972
61212613
61213174
61214115
61214050
61212771
61213208
61214100
61214173
61214107
61213480
61214702
61212876
62355024
64016082
65511547
67339352
69333761
71162715
73158591
74985856
76982097
78808995
80804097
82800540
84627459
86622702
88450720
90446384
92440497
94435972
96264312
98258494
100255582
102082309
104055577
61215147
61215063
61214166
61215428
61215135
61215478
61215285
61214445
61215374
61214232
61215350
61214440
61215397
61215293
61214213
61215349
61214832
61215633
61214747
61215719
61215109
61215798
61524316
63518581
65680291
67839500
70000589
72161629
74489850
76650004
78977852
81138131
83299219
85625699
87954836
90115227
92441876
94437300
96433100
98593468
100754187
103082188
61215098
61216325
61215508
61216553
61216587
61216791
61216751
61215873
61216776
61215692
61216885
61216017
61215684
61216720
61216897
61215755
61217043
61217288
61215752
61217187
61216168
61217113
61216160
62357758
64352399
66345354
68673220
70832980
72993852
75155028
77483693
79643932
81637908
83799316
85960972
88288684
90449452
92776892
94937620
97265404
99424628
101754140
104058420
61217919
61217862
61217098
61216641
61218297
61218058
61217819
61217280
61218116
61216960
61218137
61217459
61217043
61218233
61217408
61217126
61218270
61217190
61218232
61217499
61218457
61217504
61362166
63022748
65183000
67177501
69337813
71666300
73826276
75987132
78315756
80475724
82804605
84963876
87292668
89452028
91779845
93940164
96268364
98596100
100756972
103083988
61217864
61219352
61219129
61218545
61219322
61217950
61219488
61218086
61218596
61219698
61219556
61219487
61218948
61219792
61218497
61219784
61218873
61219818
61219617
61218537
61219732
61218897
61219839
62692103
64520060
66680418
68840655
71001793
73163903
75157537
77152569
79481359
81640689
83801753
86130871
88290097
90619095
92778425
95107607
97266745
99593279
101922815
104060919
61220541
61220508
61219877
61220711
61219504
61220673
61219848
61220729
61219472
61220852
61219896
61219651
61221264
61219723
61220808
61220109
61221060
61219896
61221145
61220264
61219880
61221032
61219766
62360705
64190444
66016786
68012772
69839573
71835437
73662762
75658165
77653885
79481637
81475869
83472002
85299282
87294530
89122570
91119189
92946040
94941831
96937199
98764004
100927376
102754117
61221069
61221746
61220591
61221874
61221108
61222023
61221924
61222028
61222026
61221348
61222192
61221087
61222176
61221423
61222363
61221080
61222443
61221202
61222599
61222046
61222642
61222415
61221775
62031208
64024552
66185852
68345255
70506146
72834519
74994415
77155594
79316911
81644751
83805034
86133823
88293135
90620879
92948591
95109434
97437199
99596543
101924535
104064008
61222293
61223537
61222859
61223825
61223603
61223755
61224246
61223008
61223785
61222974
61223887
61223040
61224146
61222867
61224052
61223176
61224065
61223179
61223968
61223328
61224308
61223131
61534035
63526913
65688633
67848737
70008729
72169801
74331035
76659457
78818636
81147449
83307635
85634993
87795835
90124817
92284043
94612460
96939841
99098877
101427301
104065102
61224940
61224867
61224004
61223773
61224764
61223676
61224879
61224303
61225024
61225178
61225117
61225327
61225020
61225307
61224164
61225295
61225341
61224154
61225255
61224615
61225464
61224599
61368151
63362493
65522771
67682955
69843563
72005091
74166403
76492988
78654331
80982932
83142931
85304556
87465267
89792780
91953115
94281028
96441651
98769572
100930499
103258308
61226025
61225046
61226398
61225632
61226444
61226205
61226425
61225032
61225435
61226449
61226624
61226462
61225741
61226804
61226560
61225641
61226608
61226083
61226817
61225664
61226801
61226013
61226019
61867897
63530131
65359227
67185827
69013947
70843863
72671260
74667409
76494100
78490311
80318386
82313664
84141539
86136783
88132143
90126453
91954485
93948874
95944514
97939932
99935821
101762929
104068229
61226673
61227813
61226929
61227801
61226577
61226844
61227996
61227288
61227972
61227919
61227351
61228195
61228031
61228318
61226866
61227396
61228385
61227482
61228272
61227748
61227336
61228901
61227010
62367721
63863770
65691637
67519557
69515180
71342639
73338660
75166481
77161089
78989329
80985585
82813313
84807617
86804089
88631073
90627713
92454361
94449161
96445641
98272481
100268313
102263617
104069569
61227805
61229188
61228373
61229339
61229278
61228123
61229696
61228714
61229384
61228148
61229499
61228580
61228247
61229863
61228354
61229463
61228671
61228578
61229708
61228919
61229883
61228816
61228336
62370651
64031618
65693537
67688699
69515587
71511787
73339185
75334067
77162814
79157500
81153483
82649001
84476934
86472294
88467798
90295945
92290310
94284270
96280062
98275494
100271538
102265694
104071372
61229417
61230669
61229865
61230831
61230719
61229749
61230834
61230317
61231051
61230052
61231096
61230662
61231267
61229857
61231331
61230391
61231260
61231738
61231282
61229961
61230449
61231341
61541143
63210083
65370405
67363174
69523605
71684878
73846438
76174249
78334067
79996963
82324651
84485179
86646614
88974137
91134745
93295062
95624473
97783753
100113213
102272325
61239035
61238543
61237569
61238965
61237916
61238865
61238745
61237732
61238876
61238254
61238919
61239041
61238894
61238306
61239154
61238260
61238549
61238649
61239268
61237968
61239348
61238451
61238351
61715386
63542346
65536545
67696793
69857337
72018914
74180165
76507987
78668077
80996685
83156890
85484550
87645270
89972762
92133144
94461008
96621675
98948539
101110497
103436976
61238920
61240120
61240080
61239707
61240450
61240472
61239615
61240363
61240533
61240305
61239615
61240560
61240719
61240535
61240010
61240811
61239820
61240669
61240044
61240829
61239834
61241041
61240178
61881763
63877183
65870430
68032415
70191993
72353049
74680210
76841361
79001788
81330465
83490993
85818433
87978705
90140516
92134857
94129036
96124692
98118881
100114948
102109041
104082137
61241610
61241444
61240846
61241660
61240491
61241740
61240787
61241846
61242001
61240595
61241935
61241214
61241956
61240784
61241969
61241187
61240964
61242470
61240934
61242027
61242187
61241091
61385213
63214464
65207024
67367480
69528088
71856453
74016919
76177563
78505861
80334891
81496938
82827373
84655373
86485832
88478805
90640506
92967005
95296461
97455549
99782069
102111813
104083583
61241779
61242999
61241704
61242494
61242873
61243187
61243011
61242406
61243148
61242086
61243293
61242446
61243480
61242145
61242174
61242177
61243296
61243741
61242203
61242675
61243575
61243817
61242255
62050873
63880063
65708352
67536236
69363524
71191883
73186747
75015373
76844221
78838895
80667563
82662678
84490694
86153782
87981877
89810277
91805294
93633237
95629309
97624534
99451381
101447230
103442686
61243230
61244442
61244254
61243910
61244712
61244481
61244717
61244486
61244020
61244767
61243684
61244636
61243993
61243628
61244820
61243842
61244833
61244300
61245157
61244329
61244975
61244305
61244370
62717176
64877479
67039136
69198863
71359375
73520443
75681350
78010023
80170151
82497847
84658343
86987071
89146183
91475351
93801823
95962694
98290111
100451214
102777998
61245691
61244778
61245389
61246017
61244874
61246059
61245183
61244748
61245868
61246103
61246258
61245495
61246224
61244967
61246272
61245354
61246332
61246358
61245121
61246316
61245836
61246600
61245487
62553506
64380869
66541869
68702525
70862197
73023100
75351773
77511764
79840501
81999700
84328373
86488884
88815629
91144469
93303636
95632053
97959493
99786916
101948781
104087709
61245979
61247207
61246361
61247492
61246771
61247650
61247443
61246612
61246177
61247364
61246394
61247428
61246961
61247712
61246514
61247784
61247671
61246964
61247872
61246636
61247995
61246996
61888647
63882948
66043415
68204445
70532539
72692464
74853323
77181713
79342081
81668671
83829999
86157880
88318175
90646319
92973817
95134727
97462353
99621631
101950993
104089111
61248473
61248622
61247458
61248170
61248675
61248018
61248723
61248002
61248785
61248098
61249044
61248837
61248073
61247842
61248002
61249543
61248521
61249128
61249308
61249168
61248372
61248004
61724385
63719552
65712804
67873155
70033944
72195115
74523598
76684446
78843921
81005443
83166795
85494390
87656025
89815505
91977209
94138521
96133030
98293329
100622908
102782433
61249771
61249081
61249065
61250074
61248788
61250168
61248737
61249569
61250240
61249303
61250216
61249530
61249087
61250231
61249057
61250295
61249401
61250512
61249407
61250643
61249580
61250601
61250482
62556248
64550468
66711037
68871589
71199861
73359599
75521013
77682074
79843680
81838569
84000179
86160744
88487142
90649006
92976587
95137782
97463899
99791436
102120078
61250289
61251122
61251244
61251197
61250621
61250186
61251466
61251506
61251459
61250781
61251639
61251694
61250866
61251723
61250919
61250492
61251652
61250658
61252180
61251196
61252070
61250914
61252040
62225797
64053660
66213959
68374716
70702847
72862508
75191239
77351188
79679860
81839175
84167751
86328159
88654802
90982503
93142826
95470981
97797583
100127066
102286530
61252294
61252692
61251486
61252866
61251588
61252033
61252879
61252919
61251929
61251718
61251647
61253070
61252245
61251912
61252981
61253327
61253045
61252507
61253262
61252013
61253334
61252301
61253448
61561992
63556312
65716771
67710714
70039370
72200534
74360266
76688987
78848307
81177008
83337171
85663520
87992512
90152968
92479552
94808936
97134216
99294768
101623176
104094600
61254128
61253887
61253177
61254287
61253507
61254220
61254231
61253599
61254384
61254140
61253068
61254196
61253719
61253207
61254359
61253279
61254415
61253783
61254632
61253570
61254688
61253828
62063130
63557832
65553064
67546032
69706592
72035456
74195512
76523217
78683364
81011929
83172185
85498865
87827564
89988345
92314953
94644017
96970561
99129857
101457913
104095814
61255290
61254603
61254557
61255544
61255460
61254691
61255497
61254722
61254408
61255600
61254595
61255672
61255170
61255883
61255191
61255800
61255047
61254623
61256389
61254786
61255989
61255154
61898084
63725068
65719589
67713764
70042408
72202353
74363452
76691823
78851274
81179874
83507303
85666604
87995190
90156114
92483709
94644604
96971010
99131348
100962239
103122817
61255619
61255506
61256775
61255946
61255463
61256698
61257006
61257293
61256309
61257073
61255781
61257094
61255866
61256312
61257161
61256384
61257182
61256461
61256069
61257787
61256192
61257352
61234886
62896895
64889947
67050611
69210691
71371822
73700166
75860198
78188734
80348694
82677534
84836798
87165718
89325022
91652630
93979446
96308630
98635198
100796190
103122750
61256888
61258029
61257908
61257637
61258334
61256868
61258320
61256940
61257823
61258430
61257506
61258419
61257655
61257223
61258879
61258639
61258079
61258686
61258807
61258094
61258135
61258891
61257511
62399553
64392911
66553223
68713690
71042037
73201848
75362831
77691453
79851682
82011873
84340666
86500954
88828818
90989218
93150954
94979417
97139625
99466138
101795722
104100002
61259426
61259366
61258389
61258624
61259524
61258683
61258897
61258816
61258333
61259568
61259854
61258749
61259875
61259739
61258726
61260401
61259310
61260095
61259025
61260151
61259291
61260265
61902245
63563202
65723947
67884258
70212547
72372403
74533357
76695731
78854851
81016138
82846395
85005603
87167413
89494987
91656707
93815957
96145267
98304442
100632635
102793106
61260682
61260182
61261056
61260801
61260944
61260865
61260556
61261119
61259854
61261204
61259739
61260371
61261215
61260406
61261255
61260467
61260083
61261774
61260222
61261843
61260731
61261524
61260462
62568688
64395541
66556957
68717301
70878648
73038309
75199607
77528021
79688525
81848519
84176101
86337655
88664477
90825911
93152861
95481789
97641119
99969498
102297013
61261150
61262135
61261126
61262354
61261169
61261633
61262426
61262594
61262105
61262527
61262690
61261353
61262793
61262559
61262844
61262935
61262108
61262863
61261772
61262847
61262073
61261740
61263415
61572796
63566937
65393998
67554267
69882028
72043748
74204940
76364115
78692652
80852740
83014147
85341780
87502156
89830004
91990427
94317084
96646356
98805507
101133884
103461732
61263508
61262646
61263652
61262662
61263785
61263733
61263896
61262951
61263729
61263914
61262881
61262662
61263849
61264034
61262654
61262926
61264050
61263126
61263466
61263438
61262937
61264164
61264400
62071603
63899359
66061063
68221984
70382405
72542500
74703516
77032045
79191365
81352476
83680165
85840868
88168349
90497445
92656652
94984717
97312501
99471724
101800197
104105510
61265128
61272328
61271599
61272423
61272345
61272581
61271039
61272202
61272766
61271965
61272377
61272301
61271634
61273207
61271706
61272791
61272058
61273046
61273074
61272978
61272343
61273259
61582189
63575959
65404189
67565656
69724837
71886189
74215066
76374074
78702786
80862874
83024132
85351986
87512284
89838826
92168010
94327306
96656562
98649858
100646674
102806034
61273496
61272598
61272737
61273586
61272596
61273730
61272524
61272940
61273773
61273892
61274362
61273004
61273992
61273106
61274032
61273354
61272970
61273988
61274376
61274170
61273276
61274358
61274517
62247864
64409612
66569032
68729430
71057635
73217638
75378686
77707102
79867390
82194957
84355294
86682787
88843563
91005025
93331483
95660899
97820307
100148427
102476203
61274501
61273725
61274278
61274171
61275043
61274223
61275210
61274517
61275143
61275111
61274522
61275366
61274304
61275532
61274597
61275478
61274245
61275346
61274533
61274980
61274432
61275525
61274786
61917844
63744933
65905117
68233355
70394187
72554203
74715080
77043480
79203072
81364232
83692840
85851896
88181024
90342680
92335632
94496701
96824197
98984517
101314013
103473397
61276378
61275726
61276600
61276465
61275701
61275427
61276630
61276772
61275499
61276208
61276772
61275827
61276920
61276302
61277117
61276260
61277168
61276572
61277172
61276046
61277274
61276347
61276477
62749546
64743427
66905091
69065507
71226571
73386203
75547715
77708643
79871067
81697835
83859659
86020707
88348611
90509035
92836891
94997891
97158035
99484411
101813995
104118347
61277926
61277893
61277070
61278036
61277983
61278291
61278039
61277398
61278242
61277278
61278242
61277507
61278311
61277075
61278565
61277566
61277190
61278369
61278503
61277246
61278686
61278438
61588517
63415545
65577249
67737484
69898027
72058793
74219491
76547372
78707195
81036076
83196267
85522796
87684316
89845083
92173732
94333004
96494931
98821476
101151044
103310307
61279408
61278348
61279261
61278583
61279472
61278599
61278255
61278311
61278522
61279568
61278823
61279712
61278535
61279776
61279071
61279845
61278580
61279845
61278948
61278797
61279898
61280024
61278738
62087030
63916194
65909362
68071349
70232108
72393098
74553866
76714080
78874612
81035990
83197086
85525120
87685327
90013416
92173639
94501520
96662119
98990040
101151231
103478800
61280437
61279669
61280710
61279885
61279552
61280653
61279573
61280760
61280168
61281012
61280141
61281041
61280204
61279772
61281007
61279943
61281036
61280460
61281304
61280431
61281423
61280719
61280130
62420987
64416482
66409226
68570082
70898371
73059250
75219546
77380514
79709114
81868170
84195931
86357602
88685066
90845538
93173515
95334050
97661858
99821842
102150787
61280883
61281771
61280828
61281980
61281650
61282138
61282001
61281023
61282116
61281628
61282400
61281143
61282464
61281559
61281196
61282804
61282525
61282404
61281671
61282688
61281735
61281858
61282709
61591402
63586925
65580027
67741558
69902115
72062431
74223910
76551369
78711363
80872655
83034084
85361839
87522212
89682532
92011717
94171012
96000532
98160748
100490228
102649540
61283349
61282595
61281982
61283225
61282062
61283249
61282667
61283444
61282282
61283561
61282744
61283756
61282427
61282379
61283713
61282496
61282928
61284179
61283964
61283075
61282677
61283821
61284078
61427654
63088388
65082594
67242851
69403547
71731822
73891461
76052533
78381198
80542557
82702573
84863005
87191997
89351309
91680366
93839445
96168813
98327845
100657462
102816773
61284579
61283864
61283371
61284686
61283716
61285297
61284308
61285085
61283929
61285077
61284465
61283884
61285276
61285108
61284545
61285186
61285428
61285193
61284625
61285469
61284305
61285418
61284767
61926525
63754345
65914950
68075632
70236910
72397586
74558442
76887123
79046227
81207618
83368899
85363091
87524821
89852547
92012955
94173362
96502795
98662075
100991147
103150834
61284891
61286189
61286068
61285687
61286336
61285274
61286486
61285575
61286550
61285319
61286483
61285687
61285362
61286447
61285469
61286503
61285991
61286691
61286901
61286847
61286180
61286850
61286036
61429551
63091367
64920380
66747461
68575397
70404207
72067837
73894842
75723324
77718551
79714748
81708919
83536871
85530919
87526212
89354364
91349812
93344004
95339796
97335228
99329420
101325383
103152217
61286574
61287632
61287656
61287152
61287831
61286734
61287911
61287094
61288002
61286673
61287964
61287067
61286857
61287958
61288194
61286958
61288270
61288043
61288279
61286963
61288318
61288206
61288586
62261543
64257495
66250337
68410910
70739073
72900130
75060164
77388580
79548755
81876656
84036696
86365677
88524973
90853965
93013023
95342463
97501765
99828502
102157721
104129633
61287813
61287727
61288575
61289066
61289174
61289041
61288406
61289250
61288239
61289360
61288599
61288231
61289375
61288295
61289396
61288812
61289670
61289786
61289623
61288999
61289733
61288679
61288360
62263307
63925246
65753254
67748335
69575502
71571498
73398942
75393858
77390050
79217270
81212326
83208396
85201195
87030467
89024779
91020283
92848260
94510027
96339595
98334019
100331044
102325332
104130988
61290593
61290651
61289687
61290847
61290723
61289853
61290830
61290168
61289559
61290751
61290952
61289695
61291229
61291240
61291192
61291627
61290469
61291262
61291349
61290358
61290554
61291457
61600169
63761578
65588710
67748743
69909265
72070814
74232030
76559583
78719902
81048583
83208590
85536407
87696686
90025951
92184990
94512951
96673686
99001399
101162174
103490087
61292051
61290714
61292150
61290880
61291466
61292107
61292397
61292365
61291690
61292374
61291219
61291749
61292381
61291288
61292338
61291784
61292577
61292715
61292973
61291933
61292734
61291672
61292718
62101001
64095643
66255774
68249109
70409950
72570949
74733254
76894462
79053654
81215053
83376221
85704118
87864533
90193518
92352846
94513637
96841254
99001549
101331118
103490402
61293302
61292298
61293356
61292853
61293451
61292130
61293735
61292421
61293869
61293632
61292670
61293747
61292984
61293870
61292946
61293206
61293298
61293992
61293063
61293984
61293239
61292804
61293999
62599704
64429408
66422355
68583030
70411347
72573496
74567518
76895832
79055368
81217649
83378942
85538022
87867094
90027702
92355278
94514494
96843814
99003150
101332526
103491702
61294721
61293434
61294739
61294663
61294071
61294858
61294796
61294924
61293790
61295030
61294742
61293779
61294974
61294355
61295301
61294196
61295250
61294540
61295319
61294041
61295340
61294422
61294478
62767539
64762686
66756058
69083618
71244704
73404389
75732952
77893077
80221669
82380960
84708331
87037102
89196670
91525603
93684899
96012958
98340790
100501699
102828190
61295945
61295349
61296199
61296243
61296441
61295809
61296399
61295128
61296406
61295581
61295307
61296357
61296491
61295205
61295795
61296534
61296776
61296672
61296040
61296782
61295677
61296717
61296007
61938881
63765819
65926355
68087374
70249164
72409995
74569843
76731067
79057536
81220276
83381504
85540656
87702168
89863192
92190523
94352168
96512992
98840640
101001424
103161922
61296368
61297382
61296325
61296560
61297444
61296667
61297540
61296728
61296505
61297555
61297871
61296419
61297187
61297756
61296942
61297942
61296971
61298031
61297996
61297019
61296849
61298041
61298400
62272731
64266203
66426323
68586900
70747601
73075945
75235897
77564417
79724777
82051250
84212561
86540362
88868050
91028497
93356210
95350650
97678458
100006682
102333178
61307555
61298138
61297042
61298480
61297688
61297210
61298440
61297376
61299064
61297877
61298809
61297618
61298681
61298085
61298870
61297864
61298774
61298045
61299014
61298821
61299078
61298834
61298288
61297568
62771804
64600868
66427895
68256113
70251895
72079118
74075295
75902166
77897279
79892111
81886527
83549279
85376926
87372222
89366318
91361782
93356511
95352047
97345919
99340471
101336279
103330222
61299460
61298642
61299565
61298279
61298863
61299624
61298874
61299024
61299386
61299896
61298546
61299837
61298572
61299023
61299966
61300280
61299965
61299410
61299992
61300175
61300436
61299372
61300339
62772927
64766992
66761593
69088817
71248797
73577045
75736765
78064302
80225484
82552441
84880621
87041121
89367847
91695407
94021895
96350951
98677695
100838783
103164999
61299667
61300474
61299267
61299624
61300468
61299633
61299745
61300018
61300827
61300310
61300834
61301025
61300766
61300265
61301058
61300047
61301122
61300313
61299948
61301191
61300264
61301247
61300684
61943627
63937678
66099336
68260057
70419397
72747689
74907813
77235969
79395965
81722525
84059677
86220120
88546357
90874541
93202049
95530081
97856577
100184601
102344085
61309413
61310315
61309304
61310563
61309212
61309980
61310571
61310644
61310778
61310028
61310720
61309361
61310835
61309772
61309532
61310676
61309655
61310842
61310156
61311008
61310100
61311253
61310393
61953380
63947219
65775423
67935900
70264029
72423877
74585244
76746132
79073470
81401164
83561198
85889055
88216717
90377370
92703663
95032959
97191903
99518487
101848176
104152312
61311776
61311185
61311139
61310741
61312400
61310840
61311933
61311141
61312201
61311205
61311646
61311517
61312409
61310957
61312401
61311101
61311560
61311921
61312512
61313033
61312593
61311395
61311228
62288358
63949391
65944652
67771321
69765586
71761474
73755090
75583796
77578720
79573888
81568027
83563613
85558632
87386600
89380733
91377373
93371656
95033736
97028781
99021965
101019117
103012973
61312608
61312373
61312340
61313242
61313481
61312811
61312663
61312389
61313666
61313736
61313675
61313115
61313857
61312693
61313849
61313104
61312763
61313856
61314164
61312728
61314197
61314114
61312949
61457629
63119679
64947499
66943001
68769860
70765761
72593126
74587951
76583409
78578249
80573425
82567497
84395294
86390638
88384924
90380196
92374455
94369905
96364313
98358457
100355609
102349703
104155434
61313574
61314925
61314847
61314424
61315166
61313757
61315230
61314087
61315096
61313959
61315272
61314319
61315422
61314362
61315608
61314714
61315448
61314452
61315375
61314804
61315531
61315642
61314160
62289715
64119461
65946242
67941429
69769533
71598101
73425421
75420448
77416608
79243761
81238472
83234947
85228982
87056982
89051080
91046643
93040648
95037664
96864457
98858712
100854448
102849558
61315092
61315655
61315259
61316704
61316744
61316623
61315869
61316616
61315452
61316629
61315647
61315581
61316733
61315653
61316738
61316047
61317014
61315626
61317070
61316029
61317058
61317026
61317206
62125212
63787088
65947602
68108750
70269060
72597206
74757215
76918305
79246122
81406297
83733766
85894313
88221710
90549487
92877223
95038073
97365703
99692178
101853297
104158455
61317624
61317547
61316936
61316603
61317688
61317908
61316680
61317002
61317945
61318128
61318542
61317189
61318126
61317181
61318196
61317616
61317040
61318184
61318500
61317056
61317736
61318522
61627982
63456126
65617857
67777981
69937593
72098857
74427417
76586953
78913761
81242556
83402580
85728958
88058024
90218420
92544974
94874297
96702166
98696524
100525025
102685481
61318804
61318314
61319244
61318906
61317951
61319130
61318626
61319245
61318167
61319229
61318570
61318103
61319295
61319713
61318455
61319535
61319439
61319849
61319460
61318770
61319852
61318783
61319847
62294039
64123679
66116380
68444521
70605286
72764797
75093438
77253440
79582078
81908684
84068832
86396369
88724046
90884472
93211184
95539405
97865657
100193926
102521518
61319897
61320484
61319406
61320574
61319579
61320659
61320098
61320747
61320686
61320075
61320801
61319536
61320892
61319859
61321015
61319739
61319587
61320435
61321063
61321150
61320952
61320253
61321167
61631869
63459808
65620366
67779572
70107680
72268632
74428622
76756981
78916288
81243894
83572222
85731414
88058958
90388183
92547289
94875253
97203079
99529573
101690609
104162007
61321471
61321559
61320814
61320495
61322060
61320661
61322242
61321127
61321971
61320873
61321375
61321914
61321039
61322008
61321271
61320898
61322007
61322296
61320763
61321371
61322431
61321049
61320864
62130928
63960038
65787150
67614892
69608998
71437711
73433527
75094983
76757458
78585607
80580789
82575215
84571181
86398983
88393114
90388596
92382762
94376950
96372883
98367065
100363059
102356867
103686531
61323088
61322914
61323044
61322084
61323152
61322386
61322053
61323741
61322278
61323261
61322528
61323473
61322629
61322990
61322933
61322416
61324083
61323651
61323530
61322746
61323841
61322896
61323155
61323183
61801098
63793769
65954489
68115153
70442986
72602849
74763633
77090881
79419666
81746234
83906153
86234890
88561682
90722151
93048797
95210684
97537101
99864541
102025620
104164869
61324360
61323586
61323218
61324419
61323578
61324593
61323954
61324635
61323370
61324793
61323955
61324797
61324787
61323613
61324698
61324173
61324827
61325018
61324408
61325184
61325249
61323928
61323855
61802380
63463181
65458854
67285630
69279857
71275521
73102894
75097942
77093150
79086908
81082012
82910950
84905118
86900307
88728382
90724022
92718318
94713783
96709223
98535846
100531718
102693348
61325407
61325848
61324460
61325901
61325898
61325244
61326203
61325250
61326289
61325383
61326382
61326159
61326352
61325146
61326335
61326542
61325717
61325298
61326332
61326648
61325370
61326687
61326719
61637518
63298472
65458945
67620071
69779215
71940434
74269314
76428562
78755747
80917154
83244466
85404765
87733534
89893512
92220733
94548579
96709109
99036021
101365158
103691718
61326022
61327430
61326559
61327577
61326714
61327769
61327541
61327718
61327554
61326783
61327822
61326709
61327937
61327010
61326677
61327770
61328167
61326765
61328082
61328116
61328023
61328544
61306568
62968777
64961461
67122192
69282392
71443240
73770449
75600065
77595225
79424153
81584455
83744862
86072306
88232784
90561741
92720965
95050138
97209413
99536978
101697813
104169425
61327466
61328687
61328068
61327508
61328703
61327711
61328812
61328287
61329198
61328026
61329195
61328319
61327868
61329063
61329320
61327978
61328383
61329366
61329415
61329616
61328674
61329576
61639206
63467255
65628170
67788137
70116406
72276572
74437230
76764799
79091289
81419468
83579750
85906139
88235222
90395822
92723550
95051558
97378078
99704612
102031546
104170769
61328908
61330067
61329004
61329212
61328643
61330167
61329697
61330194
61330404
61330244
61329423
61330483
61330527
61330938
61329834
61330742
61329775
61330869
61329924
61330921
61329655
61331036
61307907
62970299
64963931
67291812
69450892
71611884
73772779
76100948
78261163
80589847
82750163
84910035
87239116
89398083
91727300
93886547
96214299
98542228
100703179
103030868
61331250
61330226
61331319
61330376
61331528
61330685
61331898
61330683
61332021
61331051
61332025
61330624
61331945
61330947
61332027
61331958
61330894
61331987
61331547
61332022
61332355
61332048
61331392
61809247
63637362
65630620
67790508
70117829
72279874
74439924
76768322
78927370
81256221
83416565
85743941
87904728
90066095
92393797
94553591
96882173
98710069
100872189
103031519
61332943
61332903
61332174
61333081
61333338
61332050
61333143
61332233
61333242
61332356
61332864
61332732
61333547
61332116
61333576
61332319
61333020
61333584
61333590
61333767
61332775
61333835
61332620
61072005
Peak: 104181621
Average: 70209597.3189438
