0
147493
151710
151800
151832
152355
152387
152418
152451
152547
152578
152611
152645
152675
152709
152739
152772
152785
152900
152932
152963
152995
153028
153059
153091
153105
153137
153252
153285
153233
153348
153379
153411
153507
153540
154881
153521
153635
153668
153850
153731
153859
153809
153925
153873
153988
154019
153993
154083
154115
154148
154179
154211
154339
154371
154403
154437
154385
154499
154531
154565
154595
154627
154659
154691
154970
154851
154883
154915
154947
154979
155011
155043
155075
155025
154728
115369
Peak: 358058
Average: 151117.63636363635
