0
81815
448929
773797
1505460
2087292
2515793
2946110
3449939
3827167
4459986
5201236
5625667
6105855
6589733
7081179
7326447
7726855
8297703
8813198
9263981
9353394
9506658
9926296
10626190
10959924
11567746
12373302
12666135
12977721
13484210
14025400
14511454
15118207
15601808
15937290
16253325
16480324
16609596
16936207
17113983
17418795
17667157
17895210
18006556
18235241
19534021
19357084
19534084
19640584
19643424
19889291
20082496
20229052
20382746
20764018
21308382
21693091
22104152
22642477
23188449
23452117
23903990
24218645
24357875
24422248
24627254
24846797
25062512
25369064
25775698
26093114
26588399
26971461
27566716
28254961
29116293
29780968
29874826
29879850
29882658
29898005
29908760
30156631
30749226
31346580
31541944
31846664
32024877
32269157
32351906
32450846
32460905
32568467
32699658
33167022
33528798
33908664
33939364
34291979
34505251
34586956
34634706
34604899
34686285
34994475
35154084
35722999
35814574
36222615
36699300
36770238
37022552
37624996
37719514
37930391
38325658
38325577
38325601
38325392
38188126
38640244
38839536
39020260
39102028
43078076
43141697
43439787
43436085
44024461
44110332
44157118
44206473
44243528
44324431
44372667
44433439
44466941
44508851
44583257
44616257
44814215
44944737
45125679
45469734
45586296
45814567
46359637
46758966
46813785
46885860
47111695
47165011
47351593
47438949
47534940
47615132
47936903
48068216
48310950
48515129
48598528
48746662
49156799
49159979
49162136
49190196
49197932
49338413
49361167
49363941
49366990
49376874
49430095
49328736
49465924
49589606
49677180
49863767
50114275
50254062
50293010
50316866
50331298
50364474
50412545
50470604
50539192
50681600
50757076
50814652
51027170
51383040
51494695
51826211
52055216
52433621
52575863
52884356
53064459
53654012
54270442
54457089
54505978
54560908
54626361
54749402
54819183
54923491
54974590
55143627
55145998
55054397
55495849
55789854
56062048
56479582
56877925
56929526
57346485
57448538
59224558
57678908
57953167
58090924
58149930
58187816
58520155
58525077
58398671
58524603
58877908
59612385
59794486
59887198
59962582
60021566
60076725
60239211
60290137
61108290
60731078
60876652
60883193
60889583
60895591
60902608
60910747
60917256
60923547
60928316
60932736
60702012
60710111
60710728
60711232
60713665
60714076
60714976
60704718
60709609
60715260
60719309
60723677
60727481
60730900
60735540
60740069
60719313
60719057
60720244
60718720
60720634
60719211
60719248
60710348
60714227
60716318
60720050
60724069
60729652
60734020
60736388
60740973
60744055
60721673
60721769
60722110
60721986
60722111
60720969
60721235
60713623
60717726
60721728
60725640
60729904
60734088
60738361
60742721
60746237
60723369
60723321
60723330
60722626
60723847
60722399
60724249
60714972
60717506
60720846
60724103
60729196
60733220
60736140
60740351
60746253
60723978
60725419
60723630
60725488
60723594
60724734
60725810
60715827
60719945
60721967
60727038
60729790
60735046
60739230
60743414
60747838
60725837
60726729
60725182
60726875
60725648
60725416
60726173
60715463
60719434
60724127
60726591
60730543
60735815
60740055
60743015
60747736
60727396
60727286
60726033
60726820
60727455
60728345
60726852
60716780
60721729
60724477
60729238
60733000
60735821
60741378
60744298
60748853
60727646
60727648
60729308
60728011
60727963
60728588
60729694
60718382
60723373
60726143
60731090
60733774
60739294
60743454
60746646
60750846
60729628
60729274
60730987
60730139
60730947
60731232
60730533
60731475
60722824
60726677
60730962
60735218
60739138
60743370
60746320
60750792
60754227
60732210
60732345
60731748
60733141
60733018
60731898
60733515
60724934
60727653
60730901
60734605
60739146
60744309
60746461
60750690
60754802
60733784
60733088
60734120
60732383
60734205
60732833
60734296
60725106
60728994
60731371
60736147
60738611
60742515
60746907
60752139
60756491
60735202
60735742
60735174
60735336
60734785
60735610
60735286
60725748
60728904
60732156
60737436
60740184
60745764
60749044
60754756
60758010
60736950
60736298
60737547
60735746
60737565
60737367
60736759
60728318
60731075
60734721
60739422
60742776
60748929
60751425
60755227
60761001
60738336
60738397
60737938
60738587
60738373
60738817
60738587
60729022
60732718
60737509
60740908
60744876
60749677
60753004
60757188
60761558
60739056
60738057
60739277
60739007
60739127
60738481
60739354
60728759
60733793
60735867
60739241
60744897
60747561
60753271
60756127
60761945
60739924
60738324
60739612
60739923
60738911
60739961
60738536
60729607
60733390
60738118
60741714
60745714
60750562
60753978
60758087
60761191
60739393
60740670
60739650
60739902
60739834
60740759
60738894
60730572
60734369
60737546
60741254
60745832
60748507
60752627
60756923
60761528
60746040
60740090
60741833
60740133
60741623
60741880
60740787
60731387
60734988
60738548
60742260
60746292
60749020
60753228
60758380
60762148
60746087
60741387
60742408
60741659
60742607
60740598
60742743
60730630
60733997
60737549
60742443
60746435
60749187
60753531
60759147
60763627
60767155
60743003
60742350
60743273
60741742
60743396
60741531
60730520
60734617
60737873
60741747
60747017
60750936
60755240
60758256
60762776
60767568
60743550
60742408
60743919
60741992
60743828
60743512
60732485
60734693
60738360
60741592
60745811
60749673
60755337
60759649
60764081
60767609
60744524
60744507
60745132
60744442
60745382
60743762
60745488
60735296
60738320
60741760
60745455
60750440
60754287
60758576
60762231
60766575
60744066
60745750
60744170
60745394
60745704
60745668
60745821
60736448
60740108
60742356
60745870
60750262
60756375
60759303
60762614
60767345
60744478
60746095
60744497
60745835
60745840
60746212
60746671
60735475
60739324
60742408
60745912
60750428
60754854
60759586
60763707
60768332
60746243
60746521
60746341
60746851
60745439
60746886
60745156
60736026
60739313
60741741
60745359
60750706
60754674
60758939
60763138
60767632
60771146
60746548
60747517
60746312
60747314
60746644
60747352
60747552
60738814
60742060
60743981
60747932
60751762
60756731
60760168
60765683
60770163
60747902
60747485
60747140
60747628
60748472
60748611
60747378
60737407
60741139
60744995
60748139
60753539
60757547
60761555
60764859
60769219
60747578
60748732
60748753
60747559
60748983
60747731
60747440
60738703
60742627
60744886
60748190
60753839
60757949
60761071
60765487
60769264
60748478
60749375
60749393
60747440
60748395
60749586
60748446
60737499
60742395
60745827
60749611
60753545
60757617
60760615
60765903
60770542
60774022
60749771
60749985
60750683
60750132
60748670
60750180
60748611
60739975
60743174
60748160
60750947
60755253
60759709
60765061
60768334
60772734
60750011
60748725
60749081
60749704
60750437
60750231
60750549
60741409
60745168
60747495
60750775
60755832
60759552
60764144
60768304
60772728
60749759
60751059
60750743
60751018
60750844
60750276
60751159
60740736
60745516
60747307
60751309
60754990
60758877
60764380
60767794
60773124
60756447
60751258
60752225
60751076
60752240
60752159
60752320
60740060
60744999
60748567
60751120
60756256
60760238
60763213
60767472
60773395
60776858
60752846
60751925
60752950
60751475
60753124
60751365
60740715
60745184
60748688
60751824
60756088
60758744
60763240
60768784
60773176
60775664
60752121
60753413
60751777
60752610
60752686
60753511
60753321
60745304
60748620
60750717
60754323
60758909
60764668
60767581
60771997
60776966
60753968
60753660
60752380
60753887
60752731
60754148
60753973
60745645
60748965
60752509
60756082
60760720
60764957
60768001
60773770
60777119
60754342
60752765
60754406
60752757
60754277
60754422
60754368
60744709
60748223
60753047
60755431
60761608
60764576
60768607
60774559
60778015
60755052
60754629
60755030
60755559
60754055
60755066
60753273
60745593
60748673
60752345
60757834
60762705
60765881
60770124
60775697
60779113
60756201
60754659
60756356
60754952
60754680
60756341
60756106
60746880
60749968
60753368
60758512
60763185
60767096
60770432
60774224
60778392
60756969
60756989
60757011
60755781
60755568
60757180
60756053
60747448
60751124
60754134
60758109
60762521
60767929
60772092
60775654
60779959
60757604
60756115
60757912
60755987
60757727
60756683
60756836
60745858
60749188
60752606
60756622
60760454
60765858
60770078
60774270
60778694
60763189
60756795
60758058
60756689
60756448
60757918
60756909
60747538
60749694
60754603
60758283
60762174
60766195
60770516
60774740
60779028
60757129
60757524
60758591
60757779
60758703
60758411
60757123
60748129
60751826
60754237
60758037
60761687
60767473
60771668
60774464
60778496
60782247
60759230
60758236
60759344
60758945
60759824
60759275
60759256
60751298
60754819
60757981
60762245
60766277
60769233
60773377
60778005
60781355
60759660
60759413
60759600
60758466
60760033
60760402
60758274
60751401
60753374
60756923
60762026
60766108
60770362
60774778
60778192
60782578
60760151
60761214
60759924
60761218
60761036
60760988
60761261
60750940
60754725
60759453
60761754
60765682
60770674
60776202
60779731
60782891
60760608
60761785
60760547
60760224
60760921
60761751
60761984
60752661
60756143
60758504
60762024
60766024
60771019
60774531
60778378
60784240
60762160
60761383
60762299
60761977
60760697
60762277
60761095
60752657
60755317
60759243
60762419
60766408
60770774
60776206
60780414
60784822
60762624
60762750
60762865
60762920
60762920
60761690
60761399
60753296
60756904
60760443
60763779
60767821
60771901
60774843
60779347
60784804
60762459
60763146
60763362
60763455
60762619
60763530
60763289
60752968
60756972
60760035
60762627
60766606
60772036
60776332
60780572
60783812
60762956
60763899
60762699
60763986
60762630
60762441
60764056
60752184
60756694
60759532
60763102
60766895
60771108
60775278
60779358
60783950
60762989
60762759
60764333
60762553
60764268
60764443
60763313
60752765
60757554
60761107
60763915
60767595
60772963
60777211
60779875
60784291
60763564
60762900
60764845
60764521
60763897
60764858
60763065
60753333
60756923
60760222
60766503
60770462
60774542
60777486
60781710
60786038
60765103
60764610
60766490
60764438
60765812
60766562
60764993
60754740
60759533
60763143
60765623
60769622
60773870
60777862
60782446
60786309
60772414
60765926
60766947
60766071
60767193
60766794
60766941
60754749
60759353
60762823
60766634
60769207
60774591
60778775
60782951
60786018
60789557
60767875
60766089
60767679
60766883
60766160
60767696
60767461
60758148
60761482
60766295
60769839
60773297
60777442
60781810
60787637
60791149
60768508
60766791
60768483
60766682
60767415
60768573
60766996
60760310
60762305
60765774
60771554
60775580
60779830
60784119
60787212
60790766
60769008
60766992
60768969
60768682
60768007
60769070
60768778
60760769
60764451
60767581
60770565
60774904
60780472
60784672
60787760
60792801
60768398
60769589
60767874
60769601
60767759
60768468
60769632
60760547
60765545
60767442
60771999
60776496
60780696
60784805
60788901
60793629
60770526
60769008
60770751
60769685
60770654
60770405
60769807
60761550
60764842
60767481
60771067
60775309
60781373
60785654
60788375
60792326
60769465
60771044
60769251
60770070
60771301
60769633
60771263
60761552
60766297
60769801
60772575
60776961
60781171
60786852
60789100
60794835
60771916
60770374
60771883
60770213
60771860
60771970
60770849
60763534
60766711
60770233
60774271
60778522
60783065
60788590
60791904
60795703
60773461
60771718
60773495
60773226
60772682
60773635
60773322
60765565
60769166
60771106
60775595
60779682
60783978
60789563
60793946
60796122
60773819
60773950
60772896
60774167
60772824
60772686
60773102
60764409
60769418
60772567
60776863
60781002
60785159
60789391
60793855
60797370
60774584
60773152
60773627
60773960
60774825
60775367
60773188
60764753
60767814
60771685
60776552
60781203
60785475
60789707
60792915
60797306
60775170
60774321
60775362
60774198
60774414
60774232
60775401
60764967
60768883
60771954
60775693
60778821
60782483
60786635
60792492
60796988
60774653
60774163
60775878
60775149
60775912
60775612
60776042
60763763
60768429
60770930
60774321
60778273
60782273
60786657
60790889
60795361
60798865
60774658
60776390
60774581
60776328
60775719
60776419
60776119
60767713
60770929
60773407
60777117
60783161
60787416
60790785
60793720
60798337
60774953
60776853
60775124
60776708
60776896
60775817
60777034
60767546
60771279
60773525
60777184
60782568
60787456
60789662
60793984
60799711
60777120
60777310
60776015
60775831
60777386
60776222
60777479
60767947
60771554
60775002
60778570
60782674
60787450
60790890
60793738
60798333
60776117
60777957
60777572
60776343
60777864
60776655
60778072
60766268
60770538
60773563
60777026
60782595
60785419
60789587
60795243
60798131
60777076
60778109
60778508
60778997
60777501
60778542
60776498
60767894
60771683
60775180
60778497
60782573
60786681
60790885
60794901
60799638
60803070
60780245
60779075
60780353
60780096
60778867
60779365
60768196
60772634
60776131
60779902
60782881
60786673
60792276
60796462
60799642
60803110
60779145
60779803
60780835
60779780
60780957
60779580
60779830
60772876
60776560
60778445
60782797
60786765
60792509
60795501
60800309
60803565
60780036
60779863
60780345
60781186
60781318
60780085
60780349
60771830
60775663
60780029
60784518
60787342
60791822
60795782
60801719
60805231
60780913
60781995
60780206
60781855
60779998
60780948
60781943
60772174
60776727
60778973
60782550
60787398
60791861
60796158
60799421
60804845
60780851
60782294
60781571
60782545
60782218
60783098
60781509
60772366
60774902
60777930
60781964
60785889
60790050
60794257
60799580
60804088
60781784
60782849
60782739
60783003
60783609
60783247
60781107
60770360
60773751
60777561
60780681
60786407
60788843
60793099
60797590
60801875
60805307
60781903
60783219
60783532
60781798
60782574
60783628
60782515
60775126
60778539
60782115
60784411
60789053
60794744
60798968
60801424
60805658
60783775
60784068
60783871
60783059
60784047
60783784
60784139
60774880
60778533
60780601
60785314
60787842
60792336
60796361
60800655
60805127
60782716
60784555
60782834
60784640
60783858
60784683
60782834
60774083
60776018
60780054
60783595
60787844
60791483
60795619
60799899
60804363
60807796
60785096
60784236
60785085
60785387
60785066
60784450
60785354
60776995
60780537
60783655
60786888
60792312
60796520
60799437
60804155
60808920
60784449
60785685
60783929
60785823
60783958
60784675
60785772
60775937
60779041
60784217
60788832
60794057
60797953
60801209
60805673
60809057
60787728
60787379
60786059
60786249
60787814
60787555
60787925
60777082
60780513
60784284
60787759
60793247
60797980
60800220
60804920
60809149
60788200
60786895
60786815
60787050
60788121
60788338
60787140
60778552
60782169
60785608
60788828
60793193
60797185
60800232
60804552
60809344
60787752
60788789
60787507
60788794
60787310
60788521
60788845
60776830
60781565
60783843
60788640
60792609
60796603
60800876
60803625
60809323
60812860
60788438
60789255
60789041
60787820
60789266
60788030
60788165
60779885
60783410
60786461
60790869
60794943
60799066
60803346
60807893
60811429
60789881
60788178
60789848
60788055
60788702
60789879
60788353
60781458
60784529
60787037
60790731
60796616
60801001
60805163
60807912
60811779
60790385
60790405
60790465
60789146
60788785
60789370
60790257
60780267
60783871
60787232
60791045
60794759
60799959
60802985
60807631
60811617
60790960
60789640
60790918
60790664
60790717
60791002
60790861
60778921
60783857
60787403
60789885
60794860
60799211
60803462
60807603
60812049
60790151
60789820
60791483
60790650
60791587
60791316
60791571
60779040
60783667
60787163
60791036
60794892
60798926
60803089
60807329
60811777
60814051
60790591
60791933
60790356
60791924
60790131
60790899
60792079
60782774
60786109
60789489
60793310
60799158
60803358
60807318
60809582
60814054
60792224
60790995
60791607
60791722
60792697
60792354
60791082
60783482
60786792
60789253
60792799
60798951
60803229
60806167
60811256
60814415
60792793
60791475
60792988
60791736
60791192
60791354
60793147
60781350
60785126
60786478
60789337
60793657
60796441
60801732
60805985
60810250
60814746
60792320
60791761
60793695
60793387
60792763
60793855
60791896
60781680
60786217
60789720
60793558
60797476
60801492
60805764
60809996
60814460
60817900
60793784
60795743
60795770
60795909
60795804
60795070
60796090
60787600
60789539
60793003
60796457
60801393
60805403
60809889
60813286
60817422
60795436
60796413
60795482
60796616
60796273
60797070
60795254
60786139
60790009
60791978
60795569
60799841
60805241
60809433
60812513
60816993
60795573
60797005
60797378
60795468
60795970
60796260
60797095
60797010
60786355
60790095
60791374
60795436
60797218
60800205
60804133
60808680
60812520
60816982
60820430
60796517
60797309
60797266
60797604
60797444
60797605
60796001
60787875
60791441
60795029
60797651
60801152
60805257
60811049
60815313
60818473
60796379
60797810
60798010
60796848
60798199
60796859
60796729
60831799
Peak: 62119179
Average: 57617300.795491144
