0
83356
368767
815522
1086198
1610208
2349996
2760046
2989040
3572938
3856820
4341633
5209200
5386095
5728363
6188138
6649389
7121793
7371464
7767962
8336921
8748884
9022059
9331642
9485176
9658758
10032633
10670250
11119552
11697966
12415156
12724655
13063702
13543094
14352618
14747425
15390266
15785561
16297169
16526760
16664440
16986315
17164541
17467953
17858693
17999475
18234929
18956879
19085593
19410187
19610626
19686026
19689658
19970495
20129215
20350116
20722177
21128733
21358866
21955386
22431968
23159775
23400980
23792956
24099638
24404801
24428734
24575433
24735572
24933765
25105226
25415674
25823585
26142798
26635472
27055466
27752156
28585141
29475729
29918655
29921147
29926771
29925206
29943191
29954901
30324183
30909676
31392094
31587565
31886882
32072977
32321181
32385766
32447398
32494240
32594897
32628778
32966019
32951118
33407385
34326794
33850379
34338328
34457912
34634529
34680418
34651680
34733648
35041714
35147118
35767821
35859860
36268030
36744827
36822279
37069978
37759964
38369295
38369461
38369586
38369272
38232233
38682994
38882862
39062626
39122659
43098945
43149381
43433535
43478933
44069134
44085333
44160170
44193405
44270542
44303222
44359724
44439391
44493125
44546369
44602028
44657508
44830743
45076666
45153983
45596822
45802046
46057206
46595655
46779968
46836178
47024886
47084587
47168329
47354589
47442172
47538352
47618443
47936283
48070260
48312977
48516023
48604437
48748675
49159031
49331019
49438959
49591061
49678614
49864140
50115442
50207416
50294086
50317630
50331518
50364406
50403481
50470698
50451665
50670998
50711698
50816470
51028864
51245004
51375231
51511596
51859452
52169093
52433308
52696169
52888654
53327368
53711727
54303552
54462799
54511653
54568701
54652673
54764841
54817038
54955797
54979357
55053400
55519388
55893652
55990098
56399239
56864231
56949269
57196415
57372100
57450841
58297476
57835734
57974339
58084426
58167342
58174596
58419804
58441809
58527148
58917721
59645200
59800916
59887428
59959284
60016428
60057473
60247085
60284376
60854333
61785264
60844975
60886393
60895974
60904533
60912772
60922690
60929979
60937405
60946713
60953447
60960926
60969210
60975682
60983182
60990812
60997318
61003425
61011272
61019006
60922513
60718547
60720381
60720933
60723667
60723053
60723424
60726016
60706915
60714817
60722021
60729863
60736834
60744253
60750520
60757710
60765273
60772609
60778105
60785121
60792655
60798559
60806376
60812522
60822059
60828184
60731414
60730285
60732722
60732145
60732574
60733645
60732715
60734153
60718441
60725687
60731886
60737852
60746065
60751399
60758723
60764958
60771846
60780251
60786243
60792443
60801419
60806531
60813995
60821651
60828219
60834227
60735950
60737745
60736815
60737774
60738055
60736601
60738636
60718437
60724925
60730717
60735520
60742102
60749096
60757781
60764686
60771924
60779085
60784379
60791332
60797735
60806639
60812725
60819417
60825389
60834901
60739183
60739405
60740332
60740487
60740551
60741044
60740330
60741072
60723350
60729615
60735492
60741796
60748678
60755676
60762919
60768604
60776884
60782684
60791180
60797260
60804684
60810764
60818380
60823142
60830950
60837438
60740447
60742383
60742605
60741316
60742929
60742653
60742583
60720167
60727125
60733356
60739427
60746061
60753343
60760500
60768965
60776039
60781262
60788137
60796415
60801377
60808601
60816431
60822606
60828990
60838391
60843153
60745681
60745446
60745364
60745391
60743916
60745827
60744874
60726214
60733409
60738020
60744567
60751379
60759421
60766416
60772325
60779192
60786256
60793837
60801093
60807277
60813264
60823021
60828205
60835613
60843493
60747924
60745871
60747899
60746834
60747770
60746460
60746115
60746898
60730939
60738908
60744927
60751859
60758566
60765510
60772553
60779715
60786113
60793656
60801409
60807683
60815215
60821369
60827463
60833351
60842716
60848872
60749590
60751359
60751417
60750562
60751224
60751605
60751408
60749787
60734322
60738770
60745150
60751459
60757860
60766581
60772596
60779237
60786514
60793649
60799722
60807166
60814582
60819459
60827116
60833218
60839334
60847252
60753215
60751883
60753236
60753482
60753312
60751711
60753648
60752011
60734071
60741441
60746060
60752295
60758964
60765868
60772709
60779632
60786659
60793853
60799840
60808557
60815997
60822152
60828259
60834422
60842043
60849947
60753457
60754958
60754171
60754948
60755040
60754013
60754928
60755260
60735007
60741271
60748687
60753604
60760469
60767584
60774520
60782621
60788693
60795648
60803189
60810509
60817661
60824085
60830501
60836840
60846133
60851325
60754796
60756286
60756006
60754411
60756441
60754907
60756445
60733367
60740140
60745130
60752247
60757983
60766466
60773298
60778978
60786042
60792466
60800426
60807749
60813821
60821245
60827253
60833640
60839413
60848557
60854589
60755938
60757917
60757569
60756603
60758035
60758001
60756684
60758005
60740660
60744967
60752204
60758364
60763871
60772376
60778048
60784032
60789827
60796664
60802755
60809870
60816374
60825139
60830038
60837931
60843905
60853206
60757591
60757778
60758617
60758665
60758681
60759160
60758224
60758985
60741555
60745744
60752150
60759760
60767016
60773888
60780728
60785576
60794336
60800323
60809080
60813971
60821574
60827537
60836862
60843038
60849598
60855814
60759267
60757840
60759820
60758139
60759733
60759685
60760186
60739932
60744454
60750854
60758718
60763942
60770526
60777598
60785990
60793054
60800134
60805014
60812326
60820014
60826198
60833601
60841158
60847289
60854094
60773939
60761080
60761112
60761139
60759557
60761531
60760343
60761514
60745066
60750842
60757090
60761954
60768941
60776058
60784226
60790279
60797303
60803383
60810271
60816431
60825591
60830431
60838455
60844327
60852317
60859887
60762576
60761425
60761591
60762651
60761227
60762572
60762261
60739724
60747405
60753720
60760128
60766194
60773162
60780034
60786914
60794053
60800200
60805939
60814424
60820576
60826760
60832776
60840635
60846739
60854427
60860344
60763137
60763399
60763151
60761868
60761969
60763466
60761905
60740857
60746844
60754719
60759178
60767375
60772863
60779711
60786698
60793570
60799650
60808303
60815781
60820762
60828189
60835762
60843442
60848602
60856253
60863826
60764797
60765153
60764926
60763310
60765073
60764140
60764429
60744726
60751145
60755957
60762349
60768722
60776922
60783794
60790749
60797858
60803938
60810018
60816978
60823261
60830581
60838202
60845914
60850754
60858951
60864807
60765566
60766687
60766459
60765695
60766727
60764928
60764757
60747629
60754051
60760302
60766318
60772470
60779238
60786142
60791726
60798798
60806118
60811865
60820886
60828345
60833358
60840806
60848550
60854726
60861326
60766466
60767392
60765650
60767699
60766048
60766895
60767080
60767563
60749410
60756783
60763023
60769247
60775239
60782119
60789081
60795508
60802081
60810825
60817825
60822985
60831329
60837361
60845025
60851129
60860633
60866489
60769430
60768329
60768773
60769657
60768163
60769530
60769217
60746445
60754026
60759122
60765346
60771834
60778290
60785063
60791962
60799368
60805637
60814093
60821363
60827320
60833897
60840264
60847928
60853737
60861632
60868008
60770727
60768904
60770716
60769471
60770490
60770559
60770416
60748678
60754912
60762407
60768791
60775223
60781839
60788783
60795687
60801124
60808788
60814460
60823012
60829180
60836708
60841468
60849287
60856868
60864815
60870556
60770235
60769930
60771824
60771584
60769909
60771829
60770755
60751936
60756982
60763156
60769532
60775953
60782601
60789473
60796572
60803385
60811788
60817812
60825124
60831204
60838703
60844511
60852447
60858714
60866447
60872575
60772900
60771287
60772680
60772037
60772506
60772998
60771637
60753460
60759946
60766185
60772249
60778881
60784377
60791171
60797861
60805403
60814752
60820560
60827200
60834387
60841976
60849688
60855760
60861944
60869704
60773122
60774365
60772549
60774573
60773237
60774307
60773058
60772854
60757196
60761743
60768042
60774252
60781119
60789891
60796773
60802959
60810016
60817316
60824565
60829807
60837018
60844543
60852232
60858439
60866259
60871447
60775352
60774074
60773838
60775559
60774690
60775438
60775780
60753113
60758484
60765383
60770264
60776858
60783558
60790630
60797588
60804430
60812153
60819268
60826532
60831378
60838819
60844976
60854374
60860527
60867081
60873205
60775457
60776337
60776224
60774668
60775761
60776610
60775475
60753773
60759451
60766648
60771608
60778072
60784088
60790728
60797800
60804443
60810928
60818091
60825406
60832899
60840419
60845683
60852907
60859069
60868483
60874635
60777303
60776080
60777438
60777167
60777185
60777166
60775465
60755102
60762061
60768503
60773906
60781525
60788348
60795190
60800933
60808231
60814107
60822505
60828683
60834625
60842049
60849726
60857439
60863537
60871345
60878179
60779669
60778109
60777801
60779736
60778508
60780296
60779422
60758185
60765749
60771541
60777901
60784397
60789453
60797269
60803394
60810490
60816570
60823392
60830675
60838464
60845955
60851128
60858564
60866276
60874076
60778707
60778950
60779902
60779800
60778164
60780253
60779470
60780294
60763486
60769521
60775889
60782157
60789474
60795102
60803256
60808082
60815119
60822081
60829596
60837054
60844222
60850314
60857946
60862765
60870848
60876701
60781023
60779678
60779331
60781052
60780024
60780855
60781307
60758069
60764042
60768386
60776131
60782259
60788603
60795195
60801965
60808389
60816859
60823955
60829947
60837228
60844392
60850498
60858227
60863197
60870826
60878715
60781515
60781538
60781467
60781787
60780993
60781825
60780368
60758699
60765020
60771494
60777414
60784009
60790401
60797537
60805887
60812999
60817895
60824806
60832062
60838393
60845689
60853471
60861111
60867191
60875087
60879927
60781496
60782506
60781817
60782534
60780953
60780788
60781083
60762361
60767245
60773458
60780599
60787111
60793855
60799463
60806250
60813386
60819978
60826650
60835375
60841623
60849047
60853911
60861514
60867642
60876722
60882946
60783658
60785036
60784541
60783686
60784583
60783110
60782829
60764511
60770762
60777834
60783804
60790436
60797124
60802719
60809687
60817071
60824980
60829807
60837271
60846196
60852364
60859183
60866444
60872620
60879175
60783807
60784285
60785927
60785067
60784277
60785093
60785061
60783375
60768131
60771997
60779426
60785498
60792106
60799602
60805410
60811717
60818447
60825527
60831935
60840103
60846279
60852319
60860223
60867839
60872791
60880847
60786100
60784303
60786174
60785476
60786052
60786349
60785580
60786405
60768469
60774277
60780462
60787741
60793278
60800395
60806757
60813394
60820355
60827516
60834076
60842410
60849957
60854830
60862697
60868607
60876280
60884134
60785719
60787373
60787328
60787164
60787098
60785548
60787486
60765717
60771405
60776480
60782280
60788752
60796664
60803536
60810427
60817467
60821827
60828867
60836347
60842523
60849875
60855979
60863595
60869742
60877579
60883651
60786398
60788283
60786602
60786436
60788365
60787077
60788742
60787114
60771050
60778614
60784148
60791040
60797674
60804560
60810282
60817683
60824662
60831820
60837812
60843852
60851468
60859044
60866756
60872900
60880718
60885782
60787720
60787780
60789488
60788339
60789156
60789219
60787488
60767407
60772959
60780415
60786487
60792351
60798887
60808044
60813708
60821692
60828159
60835191
60842404
60848508
60856039
60862143
60869791
60874924
60882604
60888420
60789809
60791175
60791568
60791356
60789900
60791657
60791244
60768520
60776197
60782550
60789117
60795483
60802206
60807579
60814488
60821328
60829184
60836176
60843496
60849600
60857120
60863224
60870768
60876872
60884344
60890448
60792498
60791181
60792592
60790885
60790742
60792637
60791414
60771169
60777119
60781962
60788015
60796087
60802767
60809647
60815367
60823591
60829711
60836663
60843991
60850095
60857562
60862719
60870007
60876335
60884191
60890023
60792802
60793144
60792348
60793143
60791670
60791456
60793320
60772844
60777751
60785038
60791446
60796654
60803613
60810523
60817307
60824503
60830832
60839048
60846347
60852525
60860025
60864979
60872531
60879038
60886311
60892440
60793406
60794134
60794245
60792884
60794281
60792656
60793574
60773470
60779784
60785864
60791816
60798448
60805216
60812080
60818872
60826128
60833192
60839291
60846352
60855603
60861688
60868360
60874312
60881904
60889808
60793645
60794782
60793224
60795082
60794005
60794809
60794879
60793233
60776834
60782746
60788622
60794876
60802876
60810004
60816948
60821668
60828371
60837244
60844551
60850655
60858103
60864156
60870607
60876715
60886132
60892244
60794175
60795967
60795892
60795726
60795812
60794246
60796023
60774133
60778815
60786280
60792079
60797677
60804336
60810823
60817824
60826128
60831271
60837831
60846685
60852826
60860695
60866403
60874065
60881852
60889756
60895854
60798428
60797510
60798315
60798527
60797656
60798576
60798578
60775182
60781612
60788991
60794237
60800517
60808560
60815301
60820664
60827626
60834975
60841967
60849258
60855375
60862946
60868991
60876631
60881181
60889010
60895178
60799153
60797718
60797698
60799059
60797721
60797728
60799047
60776225
60782841
60787615
60793364
60800191
60808484
60814068
60822257
60829423
60835417
60842481
60849817
60854673
60863049
60869377
60877089
60883252
60891068
60897172
60799781
60799244
60799793
60798443
60798205
60800025
60798925
60777966
60783691
60791515
60796571
60804347
60811024
60817896
60824800
60831792
60837968
60844104
60851344
60857224
60864587
60872384
60880032
60884864
60892696
60898795
60800453
60798906
60800778
60800088
60800554
60800894
60800021
60780878
60787110
60793006
60799302
60804609
60812614
60819222
60826129
60833481
60840545
60846649
60853913
60860089
60866553
60872492
60880204
60887817
60895649
60901753
60800459
60801709
60801809
60800802
60801540
60801868
60801051
60779961
60786595
60790699
60796291
60802992
60810139
60816779
60823753
60830790
60836774
60845494
60852902
60859073
60865230
60871481
60878857
60885342
60893217
60899342
60800775
60801590
60801464
60802290
60802654
60801893
60802689
60780242
60785758
60793307
60798278
60806075
60810982
60818129
60824990
60831986
60838170
60845106
60852818
60858825
60867795
60872731
60880435
60887739
60895571
60901675
60802226
60802196
60803744
60802579
60803492
60803402
60801785
60782285
60787360
60793369
60798395
60803046
60810049
60818603
60825614
60831667
60840355
60847427
60853515
60859526
60867054
60873318
60882459
60887323
60895435
60901310
60804409
60806098
60805917
60805861
60805888
60804295
60806269
60783005
60789049
60793388
60800500
60806996
60814212
60821076
60827988
60834092
60840724
60847804
60853377
60860764
60868212
60873132
60881884
60888060
60894156
60901972
60805421
60805305
60805618
60806674
60806810
60805857
60806689
60807015
60785927
60793410
60797498
60803989
60810677
60817514
60824125
60830997
60837325
60844085
60849554
60856762
60862989
60871325
60877634
60885266
60891378
60897818
60903613
60807730
60806701
60807578
60807912
60806940
60807864
60808000
60784765
60791120
60795617
60802139
60808712
60815512
60822402
60829370
60838018
60844106
60851218
60858187
60864670
60872118
60877294
60884862
60890814
60898446
60906294
60808936
60807994
60808872
60808954
60807490
60808814
60808524
60785724
60792610
60797395
60804546
60811565
60816677
60823277
60830253
60837741
60843533
60851773
60857920
60865197
60872653
60878741
60884346
60891138
60895613
60903285
60822129
60809477
60808644
60809231
60809442
60809360
60807751
60809536
60790187
60795112
60802284
60807465
60813897
60820907
60827445
60834317
60841624
60848637
60856408
60863613
60871037
60876184
60884864
60888901
60894893
60902717
60908821
60809449
60810549
60810580
60809651
60810694
60809090
60808860
60790443
60795441
60801373
60807413
60814230
60820838
60827873
60836238
60843302
60850294
60855294
60862870
60869214
60876430
60885382
60891486
60896422
60904254
60809742
60811161
60811144
60811494
60811418
60811095
60809627
60811427
60790464
60797743
60802258
60808914
60816735
60823415
60830319
60837191
60844306
60851231
60856151
60863538
60870226
60876975
60886335
60891175
60897135
60904967
60810591
60811719
60810251
60812195
60810508
60812145
60812102
60811925
60794566
60798571
60805979
60813950
60820531
60828003
60834123
60839787
60847006
60854062
60861643
60869030
60876435
60882539
60890179
60895043
60901211
60909931
60813179
60813159
60814706
60814665
60813245
60814880
60814882
60814668
60795523
60800889
60807922
60811781
60819354
60826189
60833018
60839890
60845594
60850426
60858850
60866122
60872210
60878490
60885762
60892162
60898386
60906274
60912442
60815478
60815521
60814455
60815535
60815618
60813888
60815651
60793789
60800086
60804710
60811150
60817518
60824190
60830835
60837907
60845059
60851051
60859587
60866923
60871731
60878926
60884902
60892734
60898875
60906467
60912579
60815787
60814899
60816230
60816099
60814419
60816412
60814835
60795141
60799414
60806262
60810438
60817478
60823966
60831001
60839097
60846161
60852193
60859329
60866673
60872844
60878908
60886324
60893969
60900065
60905945
60912052
60815746
60817163
60815589
60815394
60817281
60817205
60817021
60816137
60800668
60805931
60812245
60818563
60825914
60832704
60837311
60843613
60850357
60858726
60864866
60872199
60879620
60885687
60893399
60899503
60904431
60912199
60831389
60818353
60818349
60818269
60816699
60818549
60817678
60818686
60801400
60806727
60810620
60816407
60824295
60830986
60837890
60844685
60851850
60858841
60865010
60872207
60878442
60884442
60890388
60897849
60904180
60911930
60918121
60818345
60817830
60819214
60819491
60819302
60817940
60819574
60798586
60803518
60808297
60814481
60821113
60827601
60834849
60841484
60848548
60856286
60863350
60870662
60876766
60884142
60889022
60895470
60902742
60910502
60916678
60819635
60820933
60820268
60820206
60818780
60820153
60818790
60818688
60800546
60806790
60814035
60820055
60826735
60833447
60840287
60845919
60853335
60860047
60866276
60873335
60880927
60887367
60894671
60900775
60907215
60914711
60819831
60821386
60819938
60821318
60821322
60819820
60821364
60819701
60801957
60808629
60813181
60819397
60826120
60832597
60839704
60846319
60853384
60861373
60867501
60874733
60882197
60888293
60895925
60902053
60906917
60914749
60834367
60821760
60821447
60822284
60822611
60823977
60822432
60822165
60803049
60809351
60814031
60821903
60828361
60835081
60841977
60847609
60854966
60860654
60868033
60875289
60882937
60890385
60895249
60902774
60910550
60918454
60837282
60824538
60822867
60824854
60823292
60824872
60824730
60824867
60825053
60806513
60809278
60815307
60819339
60824961
60830101
60836705
60843698
60851714
60857098
60865349
60871594
60878825
60886231
60892398
60900032
60906187
60912189
60919999
60824494
60824240
60824327
60825925
60825693
60823886
60825871
60824347
60804870
60812662
60817489
60824703
60831263
60836561
60843136
60850071
60857610
60865575
60870404
60878895
60884956
60892398
60898545
60906128
60912309
60920004
60924639
60826778
60826425
60825258
60826707
60826439
60824883
60826796
60804474
60810040
60817551
60823978
60829111
60837145
60844059
60849809
60857030
60863211
60869909
60877483
60883344
60892094
60897334
60903409
60911006
60918910
60925006
60827619
60826873
60827628
60827610
60826134
60827789
60827701
60804520
60810888
60815648
60821386
60828045
60835018
60840490
60846405
60853069
60860229
60867226
60873218
60880618
60887994
60895770
60903482
60909586
60915690
60923522
60827086
60828331
60828304
60828244
60826686
60828594
60827328
60829275
60809852
60816195
60820888
60827037
60833556
60840721
60847396
60854246
60862819
60869832
60876013
60883292
60889435
60896769
60904448
60910587
60915617
60924631
60828197
60829349
60829280
60829191
60827427
60829419
60828485
60829389
60811673
60815921
60823345
60829575
60836383
60843787
60849993
60856851
60863862
60870976
60877139
60884352
60889190
60894926
60902366
60909961
60916008
60923595
60929936
60829452
60828576
60830230
60829500
60830133
60830429
60829459
60810122
60815542
60820129
60828365
60834917
60841485
60848404
60854395
60859803
60865459
60872587
60881107
60885467
60894227
60900331
60906227
60912523
60920579
60927643
60830095
60830976
60831113
60830078
60830829
60831202
60830347
60831179
60811031
60818383
60824839
60830919
60837615
60845023
60850895
60858063
60865127
60872247
60878351
60885607
60893071
60898199
60905503
60911807
60919391
60927335
61016399
60831785
60830331
60831865
60830363
60830133
60831990
60830292
60812030
60818442
60826243
60832108
60839143
60846595
60852773
60859414
60866750
60873878
60878942
60885958
60893641
60903566
60911206
60917361
60922094
60930158
60834793
60834986
60835262
60834430
60835201
60835342
60834002
60835392
60816625
60822189
60829187
60835598
60840986
60849085
60854083
60860855
60869276
60874896
60881261
60888509
60896852
60902925
60908150
60916414
60922478
60929070
60835272
60835937
60834237
60836115
60835068
60835919
60834721
60835184
60818601
60824118
60828803
60835931
60842603
60850091
60856195
60861251
60869699
60876870
60882902
60888571
60895891
60902003
60909750
60915811
60922331
60930979
61021411
60836911
60835614
60836881
60837115
60836154
60837070
60837102
60818512
60822973
60830334
60836294
60842318
60847525
60855766
60860837
60869262
60873774
60880365
60887680
60894982
60902358
60908462
60915742
60921846
60929246
60934982
60837581
60837390
60835984
60837526
60837584
60835832
60837833
60814564
60821821
60828229
60833508
60841112
60847968
60853182
60861314
60868300
60872652
60879997
60888428
60894621
60901980
60908092
60915724
60921836
60929727
60934591
60836869
60838902
60837147
60838748
60838620
60838564
60838985
60816805
60822988
60829184
60835659
60842101
60848836
60853989
60861128
60868878
60873685
60882087
60888174
60894182
60901490
60907853
60915665
60921381
60929479
60935457
60839590
60838416
60837713
60839598
60838586
60839374
60839645
60817370
60821829
60830043
60836539
60843008
60849706
60856501
60863436
60870167
60876654
60883776
60891032
60897195
60902769
60909002
60916650
60922895
60931812
60937980
60840573
60839710
60840506
60840092
60838610
60840572
60838837
60818056
60825190
60829900
60836449
60843124
60849753
60857697
60864647
60870477
60877835
60883573
60890507
60896611
60904000
60910355
60918008
60923869
60931701
60938112
60841311
60841170
60841074
60839431
60841469
60840348
60841261
60820388
60825884
60832224
60838569
60845199
60851843
60858809
60865607
60872747
60878833
60886038
60893221
60899051
60906795
60912883
60919281
60925533
60933474
60939303
60842183
60841288
60842001
60840438
60842317
60841345
60842880
60819673
60826751
60831557
60837951
60844491
60850993
60857863
60864813
60872291
60878117
60885232
60892775
60898491
60906160
60912336
60920506
60924887
60932851
60939172
60843167
60842470
60843688
60843284
60842552
60843318
60843322
60820207
60826497
60831125
60838684
60845540
60852148
60859124
60865996
60871820
60877844
60885223
60892500
60898340
60907460
60913636
60920036
60926311
60933900
60941812
60843856
60842165
60844188
60842525
60844035
60843339
60843862
60821450
60827375
60833802
60841346
60847940
60854564
60861480
60868352
60875416
60881584
60888720
60895976
60902080
60909232
60914392
60924624
60931080
60938904
60945008
60847175
60847494
60846482
60847402
60847521
60845978
60847525
60825447
60833505
60838185
60844503
60851437
60857877
60864754
60871545
60878865
60885929
60891897
60900849
60906990
60914497
60919361
60926924
60933188
60941164
60846956
60848044
60846309
60848348
60846720
60848111
60847954
60846346
60831227
60836870
60842017
60848073
60856390
60863286
60870158
60876182
60881654
60888790
60896134
60903390
60910701
60916805
60923024
60929128
60935040
60943280
61033701
60848917
60847642
60848878
60847369
60847176
60849047
60847824
60831387
60837553
60842544
60848749
60857374
60864195
60871212
60877241
60884341
60891550
60898741
60904867
60912313
60917182
60926077
60930907
60938847
60945281
60849520
60849903
60850124
60848669
60850087
60849819
60848119
60850113
60832482
60838629
60843475
60849769
60856172
60863655
60869840
60876747
60884157
60892226
60897455
60904223
60911730
60917826
60925538
60931951
60938927
60946026
60863794
60849332
60849103
60850954
60849732
60850549
60850495
60848953
60833100
60837798
60844103
60849903
60856767
60864319
60872671
60878791
60885839
60893039
60900311
60905151
60912527
60918847
60926487
60932751
60941959
60946895
60849863
60851603
60850505
60851446
60850087
60850087
60851679
60850460
60834180
60841861
60846101
60854175
60859284
60867327
60872519
60878500
60886927
60892583
60898380
60906919
60914439
60918999
60926876
60933855
60939959
60947783
60867363
60852216
60850696
60852560
60852217
60850733
60852446
60852587
60833794
60837657
60844241
60850198
60854590
60862021
60867080
60874437
60880181
60886813
60893941
60900045
60906061
60914749
60919613
60927240
60933464
60941061
60948957
60851915
60851736
60853282
60852622
60853921
60853320
60852479
60853225
60833537
60839419
60846578
60850576
60856802
60864776
60871058
60877617
60882355
60889490
60896167
60900007
60906965
60913903
60920979
60926638
60932845
60939400
60945556
60951858
60854189
60854241
60852912
60852597
60852298
60854348
60854258
60832308
60837041
60842349
60846128
60851464
60859203
60865952
60871040
60878800
60885568
60891691
60898683
60905912
60912016
60919184
60925568
60933216
60938072
60946328
60952008
60854865
60855071
60854905
60854903
60853114
60855165
60853471
60832430
60839180
60845509
60852117
60857287
60865151
60872047
60876879
60880881
60886649
60892286
60900111
60906975
60912607
60919623
60925295
60931550
60937879
60943847
60951015
60854687
60856068
60855096
60855748
60856041
60855865
60854433
60855268
60890367
Peak: 62123630
Average: 58764844.200140946
