0
77611
77466
77474
77506
77825
77857
77889
77921
78017
78049
78081
78145
78177
78209
78241
78273
78369
78401
78433
78465
78497
78529
78561
78593
78689
78721
78753
78785
78817
78849
78881
78913
79009
79041
79073
79105
79137
79169
79201
79233
79361
79393
79425
79457
79489
79521
79553
79585
79617
79649
79681
79713
79841
79873
79905
79937
79969
80001
80033
80065
80097
80129
80161
80193
80321
80353
80385
80417
80449
80481
80513
80545
80577
80609
80665
80673
80833
80865
80897
80929
80961
80993
81025
81057
81089
81121
81153
81185
81217
81249
81281
81313
81473
81505
81537
81569
81601
81633
81665
81697
81729
81761
81793
81930
81857
81889
81921
81953
82145
82177
82209
82241
82273
82305
82337
82369
82401
82433
82465
82497
82529
82561
82593
82625
82657
82689
82721
82753
82945
82977
83009
83041
83073
83105
83137
83169
83201
83233
83265
83297
83353
83361
83393
83425
83457
83489
83521
83553
83777
83809
83841
83873
83905
83937
84202
84001
84033
84065
84097
84129
84161
84193
84225
84257
84289
84321
84353
84385
84417
84555
84481
84513
84769
84801
84857
84865
84897
84953
84961
84993
85025
85057
85089
85121
85153
85185
85217
85249
85281
85313
85345
85377
85409
85441
85473
85505
85537
85569
85601
85633
85921
85953
85985
86017
86049
86081
86113
86378
86177
86209
86474
86273
86305
86337
86369
86401
86433
86465
86497
86529
86561
86593
86625
86657
86689
86721
86753
86785
86817
86849
86881
86913
87233
87265
87297
87435
87361
87393
87425
87690
67603
Peak: 92465
Average: 82129.22727272728
