0
216603
289201
712158
973615
1682669
2264469
2692880
3123202
3707114
3989527
4590990
5378844
5772554
6167473
6603317
6971784
7491471
7902494
8464686
8884657
9158949
9490186
9685982
10105440
10806001
11256544
11835662
12554088
12878608
13192654
13666032
14368372
14691354
15238150
15769281
16108184
16422431
16645564
16780253
17107024
17285964
17595438
17987643
18125552
18356017
18458154
19213705
19538113
19756154
19812404
19816036
20096518
20253005
20465636
20677256
21052761
21484591
22081819
22558224
23285679
23527208
24079350
24394670
24533558
24555037
24716797
24864255
25063141
25234811
25546559
25953539
26274657
26763366
27167988
27748076
28427805
29289322
29865592
30047350
30052582
30056182
30070377
30078935
30100132
30692390
31342407
31606959
31862134
32031280
32206406
32429590
32520178
32581328
32639509
32709762
32734395
32941595
33448201
34450882
33980866
34467594
34682612
34764122
34806816
34820221
34863948
35172610
35327302
35884571
36292114
36876888
36948096
37203047
37654931
38108650
38503286
38503217
38503274
38503317
38425567
38819013
39017499
39202622
39268917
43297704
43295476
43564650
43624541
44185895
44258650
44306405
44387129
44448847
44512285
44571394
44623273
44672086
44753763
44750138
44986403
45203329
45505855
45725725
45949890
46493895
46915453
46979104
47143808
47229277
47298884
47485394
47572789
47668733
47753482
48066864
48202284
48446307
48669956
48881056
49160201
49337304
49463331
49491604
49461969
49569792
49711961
49844842
50036845
50258596
50338128
50426215
50452351
50478383
50510905
50589676
50582218
50785112
50865002
50946993
51148710
51489448
51627300
51988523
52299459
52563748
52825723
53021001
53456537
53905607
54399601
54603511
54674431
54756981
54782108
54877900
54947802
55086512
55110903
55272347
55288026
55361286
55862446
56033782
56192212
56645995
57018016
57097300
57465545
57545184
59142759
57810965
57923901
58118184
58176490
58305315
58544530
58517078
58576278
58660136
59041588
59787193
59945257
60038729
60112985
60172001
60356971
60413915
60461040
61463851
61026241
61536911
67310083
73608751
79381416
85153232
90925102
96697199
102469651
108241000
114539078
120311527
126082993
131853973
137624156
143396179
149166779
154938211
160708675
166480311
172776721
178547456
184318395
190088958
196399993
61373108
61376481
61376186
61376944
61378545
61379122
61378959
61378886
61380070
61379179
61380451
61380757
61379966
61380425
61381724
61382077
61380510
61382054
61380614
66608130
72378764
78149057
83920740
89692873
95464578
101762187
107533257
113303263
119075230
124845469
130617249
136387713
142159017
148455209
154225681
159996385
165766649
172064089
177834553
183605409
189376193
195146137
61390032
61391438
61390766
61392002
61392359
61391853
61392071
61392632
61392246
61393322
61392328
61392917
61393915
61394040
61393506
61393001
61393490
61394232
62421559
69240842
77111333
84980560
91275317
99145466
107015269
114884685
122754397
130624021
137967229
145313421
153183341
161050837
168922317
176790997
184660253
192528819
61396433
61395362
61395769
61396621
61395831
61396821
61396135
61395884
61396948
61396201
61396957
61397094
61395934
61396997
61395943
61397171
61396212
61397047
62425265
68719716
76589036
84459017
92328948
99671612
107541228
115410668
123280300
131149748
139019702
146889555
154233757
162628267
170497233
178366173
186236315
194105190
61398213
61397800
61399023
61397937
61397834
61399243
61398319
61398452
61399185
61398076
61398712
61399362
61398351
61399475
61398236
61398882
61399514
61398442
61399999
66099027
73968716
81836081
89705447
98100579
105970021
113839574
121707907
129577869
137446341
145841910
153711891
161580549
169450323
177318723
185189254
193057669
61400900
61401164
61400447
61401038
61401207
61399992
61401140
61400632
61399915
61401418
61401246
61400166
61400547
61401415
61400293
61400250
61401556
61401520
61380351
67151216
74494390
82363919
90233347
98102601
105446399
113315845
121185336
129054925
136923733
144793488
152663701
160532397
167353736
175223232
183091904
190962400
61401916
61402776
61402990
61401630
61402895
61401675
61402307
61402859
61403001
61402856
61401768
61402270
61403162
61403200
61402441
61403133
61402912
61403705
61402811
65053309
72397475
80267486
88136182
96004766
103349630
111744942
119613606
127482091
135877382
143747377
151615342
159484800
167880897
175748417
183618996
191487660
61404330
61404679
61403822
61404694
61404806
61404069
61403458
61404795
61403710
61404895
61404161
61404814
61403836
61405385
61405217
61404298
61403717
61405249
61403933
61403799
64530534
69776235
75548113
81318309
87088811
92859773
98630921
104402167
110173338
115944743
121715453
127485930
133257330
139027698
144797978
150568346
156340058
162110570
167883594
173652593
179422905
185195265
190965449
196227408
61407692
61407634
61406478
61407000
61407575
61406465
61407587
61407823
61407051
61406419
61407927
61406632
61407828
61406728
61407229
61406770
61408150
61408047
62434850
69255734
76598830
84467742
92336574
100205969
108075481
115944849
123815745
131685401
139556009
147424009
155293945
163161793
171031558
178900297
186770769
193065598
61408085
61408156
61409135
61409118
61407855
61409186
61408495
61409224
61408044
61408524
61409244
61409413
61408012
61409410
61408473
61408156
61409629
61408396
61409672
61408726
61387200
68207012
75026857
82896932
90765796
98635044
106504556
114373924
122243580
129587653
137456371
145326124
153721958
161589584
169459972
177328712
185199633
193068229
61411383
61410449
61411153
61410100
61411460
61411425
61410641
61411525
61410387
61411730
61410662
61411679
61411906
61411598
61411847
61411110
61412201
61410643
62438505
69783757
76078115
83423273
90766588
98635916
106505185
114375859
121195098
128015124
135884579
143754137
151624076
159494863
167364356
175232073
183101185
190970841
61411395
61412055
61411817
61411377
61412579
61412895
61412788
61412840
61413059
61412168
61412881
61413027
61412168
61413112
61413204
61412290
61413051
61412258
61412194
61413284
61412398
61413303
65587670
73457532
80800502
88670455
96014620
103883999
111753439
119624335
127493007
135362623
143231214
150575350
158445644
166315694
174184500
182053086
190449303
61413022
61413542
61414133
61413800
61413771
61413907
61414043
61415199
61414097
61414683
61414030
61415415
61414184
61414114
61415622
61414613
61415453
61415672
61415457
62967912
69786402
77655407
85524140
93919034
101789087
109657815
117527279
125397072
133266768
141135142
149004064
157399815
165268647
173137894
181006123
188876827
196236869
61416572
61415808
61416430
61416738
61415442
61416523
61416058
61415384
61416734
61415456
61416739
61415810
61415429
61416738
61416859
61415973
61416827
61416058
63492350
70838122
78180651
86049899
93920103
101790099
109658713
117002520
124872289
132741932
140087293
148481672
156351752
164220486
172090674
179958166
187828874
196237834
61417699
61417134
61417575
61417826
61417658
61417772
61417847
61417299
61417056
61417808
61417993
61417941
61417829
61418094
61417416
61417925
61418126
61417013
62445385
69789682
77659451
85527123
93396360
101265643
109136390
117004675
124874214
133269686
141138203
149007155
156877195
164747006
172617214
179960280
187830494
196239876
61419719
61419140
61418731
61419777
61418581
61418597
61419932
61419958
61419072
61419013
61419529
61420188
61419216
61420005
61420227
61420306
61419477
61420219
61922197
68741905
76610530
84480725
92348595
100219083
108087355
115956880
123826472
132221976
140090495
145861085
153731160
161601064
169470424
177338653
185209192
193602325
61419952
61420669
61420051
61421267
61421218
61420149
61421226
61420098
61420572
61421365
61420487
61421531
61421676
61420877
61421568
61421772
61421724
61420487
61399146
67169469
75039496
82382330
90251714
98122257
105465925
113335602
121206363
128549218
136419062
143764414
151633019
159503243
167373310
175241939
183111998
190982150
61422154
61422641
61421568
61422752
61422955
61421893
61423036
61422021
61422979
61423210
61422954
61424035
61423039
61423320
61424055
61423306
61423165
61423167
61424157
64548638
71893409
79763107
87630931
95500443
103371147
111240733
119109195
126979091
134323000
142193000
150061720
157931691
165800339
173670832
181539448
189409968
61424301
61424568
61425375
61425135
61424501
61424262
61424344
61425180
61425275
61425299
61424142
61424464
61425300
61425419
61425392
61424219
61424624
61424777
61425571
65598770
72944437
80287272
88156487
96026993
103371345
111240435
119110100
126978761
134323889
141669195
149014521
156360121
164227529
171573407
179442314
187313730
194656642
61425513
61426217
61425179
61426327
61426333
61425148
61425628
61426413
61425572
61426603
61425724
61425762
61426771
61426828
61426048
61425543
61426239
61426684
61928217
68747925
75042931
82388014
89731754
97602373
104946454
112291077
120160806
128030739
135374703
143244754
151113290
158983678
166854894
174198051
182066419
189937190
61426721
61426981
61427599
61427893
61427684
61426612
61427119
61427863
61428088
61427883
61427165
61427232
61428064
61428084
61429389
61427999
61428682
61429175
61428044
66127563
72422320
79766589
87635285
95506282
102850213
110195060
117014580
123835135
131706012
139575860
146918951
154790892
162132964
170003268
177872284
185742364
193086791
61430196
61429995
61429305
61429847
61428942
61429999
61429545
61428905
61430175
61429019
61430247
61429166
61428979
61430249
61429187
61430313
61429491
61429304
61933060
67702302
75047796
82390345
90260988
97604690
105475526
112819137
120690150
128557670
135902764
143772948
151642636
159512826
167382948
174725975
182594788
190466372
61430191
61430603
61429992
61431354
61430054
61431506
61430769
61431452
61431586
61431516
61431736
61431028
61431215
61430919
61430940
61431733
61431924
61431783
61430660
62982221
70326854
77670726
85540742
93409985
100753537
108098390
115969265
123313294
131184089
138526968
146396902
154266830
162136737
169481368
177350246
185221913
193090657
61431508
61432576
61431748
61431721
61432642
61431497
61432582
61431521
61432001
61432322
61432943
61431958
61433262
61433055
61433041
61432190
61432975
61433129
61433454
66130918
73475324
81344876
88688305
96557926
103903276
111247763
119117564
126986238
134331724
142202196
149545275
157417972
164760771
172631257
179975516
186797900
194142044
61434919
61434068
61434344
61433890
61434967
61435318
61434471
61435047
61434426
61435119
61434055
61435191
61434111
61434610
61435352
61435506
61435394
61434279
61413335
67183855
74002160
81346076
89216868
96560580
104431265
111775087
119644757
126989071
134859853
142729575
150598349
158468293
165811229
173681541
181551573
188896237
196256534
61434960
61435532
61436137
61436247
61435171
61435561
61436387
61435810
61435207
61436456
61435351
61436528
61435706
61435679
61436571
61436834
61436527
61435549
63512686
70331767
76101730
83446537
90790755
98661417
106005075
113874601
121745585
129089668
136958661
144829427
152173901
160042547
167914003
175782795
183653147
191520579
61437175
61437795
61437689
61437280
61436648
61437880
61436767
61437901
61437028
61437108
61437944
61437996
61437876
61438141
61437615
61438023
61438237
61436836
61438419
66662005
74005901
81349226
88693684
96563133
103907924
111777397
119122612
126991776
134862293
142206285
150076397
157420834
165289397
172110650
179979349
187850941
195719621
61438929
61439088
61438872
61437701
61438275
61438960
61438333
61438328
61439121
61439198
61438085
61439301
61439396
61439467
61438653
61438157
61439347
61439450
61439775
65613650
72958961
79776754
87121098
94466906
101285723
108630785
116500361
124371289
131716359
139586333
146930591
154800543
162669629
170540825
177884041
185754668
193624265
61441725
61441047
61441686
61440448
61440479
61441736
61441928
61440939
61440854
61441844
61442075
61442070
61440782
61441179
61441391
61440886
61441973
61442230
61441210
66664896
74008829
81878599
89222470
97092919
104436735
111781585
119652567
126995342
133291478
140636679
147980977
155851118
163719628
171590041
178934511
186805855
194148862
61443074
61441878
61442983
61441907
61443041
61442181
61442109
61442435
61441887
61441874
61443136
61443303
61442490
61443240
61443466
61443762
61443475
61442703
61419871
67715476
75060624
81355424
88699688
96044267
103388808
111258232
118603427
126473456
133817619
141688520
149031475
156902728
164771472
172115947
179985960
187855138
195199568
61444733
61443210
61444391
61444540
61443677
61443822
61444523
61444618
61444442
61444627
61443805
61444082
61443370
61444610
61443362
61445130
61444945
61444850
61443610
65617578
72963232
80306411
88176280
95520557
103389990
111260783
118604892
126473540
134343135
142214335
149557428
157427340
165296087
173166452
181035087
188905559
196265831
61445570
61444630
61444868
61445920
61445648
61445807
61445567
61445685
61445670
61444950
61444569
61445924
61445960
61445931
61444483
61445895
61444667
61445035
61422105
67717324
75062934
82405741
90276357
97619847
105489405
113360166
120704251
128048183
135917962
143789053
151132125
159003269
166347870
174216624
182085320
189956020
196266748
61446656
61446020
61446817
61448158
61448254
61446997
61447437
61448368
61448401
61448492
61447269
61448366
61448496
61447597
61448373
61447360
61447326
61448769
63523527
70343515
77687148
85557469
92901118
100770321
108115225
115984806
123855761
131199537
139068782
146939441
154810337
162152590
170022702
177892785
185237433
193106246
61449274
61449406
61448447
61448564
61449516
61449527
61449380
61448311
61449255
61449698
61449701
61448503
61449024
61449749
61449012
61448452
61449765
61449869
61448999
65098086
72442900
79786733
86606285
93426619
101297142
108641286
115985741
123855766
131200573
139069262
146940446
154285236
162153550
170025070
177367885
185238459
193107654
61450447
61450653
61449822
61449462
61450625
61449824
61450684
61450781
61450098
61449581
61450806
61449669
61449682
61450894
61451026
61450240
61450933
61451169
61449869
65625130
72443925
79787929
87132177
95002577
102346953
109691760
117560545
124905672
132775353
140646657
147989673
155860833
163203913
171074001
178418153
185239769
193108361
61451558
61450426
61450948
61450350
61451773
61450612
61450556
61451070
61450990
61451838
61452015
61450742
61451169
61451270
61452049
61452344
61452190
61450958
61451661
63527940
69821926
77167546
84511874
91855466
99725897
107069985
114414601
122284593
130153912
137498441
145369273
152713729
160582265
167404609
174747593
182616529
190486977
61453301
61452198
61452845
61453067
61451946
61453015
61451856
61452558
61453075
61453252
61452147
61453228
61452091
61452505
61452708
61453779
61453468
61453635
61453379
63003373
69823529
77167366
85037513
92380982
99725856
107596577
114940246
122811185
130155128
137499104
143795483
151665385
159009761
166355459
174224070
182094177
189440379
196276143
61455842
61455329
61454969
61455833
61454748
61455835
61456028
61455320
61455971
61456257
61454901
61456316
61456381
61455429
61456173
61456409
61455117
61455256
63008405
69301506
76646974
82941094
89760995
97105786
104976232
112320610
119665390
127535408
134879250
142749176
150093222
157963408
165307799
173177902
181047616
188392591
196277360
61457055
61456344
61456970
61457078
61455741
61457147
61455914
61456327
61455866
61457155
61456018
61455983
61457251
61457395
61457290
61457320
61456183
61456562
61434197
66679749
74025003
81369243
88712616
96057610
103927211
111272208
119143059
126486120
134356955
141701112
149571115
156915258
164784136
172655635
179998466
187868907
196278449
61456783
61457333
61458018
61458195
61456935
61458184
61457434
61457220
61458312
61457337
61457778
61457113
61457663
61458260
61457260
61458404
61457383
61458020
64582455
70878314
78223087
85566132
92911156
100781599
108125356
115995999
123339804
130685024
138554999
145899052
153770375
161113156
168983623
176327924
184199527
191542399
61458865
61458920
61458815
61459572
61459453
61459383
61458231
61458730
61459558
61459598
61459624
61459818
61459626
61458530
61459250
61459687
61458615
61459767
61460067
63009992
69830835
77173832
85043985
92387521
100258137
107601959
115472594
122816639
130687234
138030559
145900338
153245935
161114914
168460338
176328863
184200802
191543591
61460505
61460669
61460741
61460765
61459471
61460021
61460684
61460962
61460833
61460729
61460965
61460913
61460209
61460239
61460004
61460133
61459817
61460071
61460426
63011147
69306446
76651368
83470405
90291544
97635465
105505849
112849398
120720441
128063342
135934281
143278566
151147193
159017593
166889513
174232001
181575857
189447281
196282002
61461783
61460747
61461559
61461736
61460909
61461655
61461848
61460642
61461186
61460839
61461847
61462019
61461087
61461922
61462056
61462079
61461311
61463042
61440595
68785993
75080161
82424881
89769113
97113489
104984265
112329185
119673100
127543073
134887089
142758121
150101201
157971121
165315289
171611905
178956161
186827705
194170665
61464891
61464153
61464726
61463726
61463670
61464969
61465116
61464184
61464485
61465413
61465104
61465119
61463989
61465155
61465240
61464455
61464764
61464172
61465289
64064972
71410272
78753659
86621874
93966712
101312259
109180928
117051731
124395595
132266587
139610875
147480747
154825099
162693955
170566027
177908299
185779787
193122811
61465857
61466141
61465563
61464988
61465975
61465346
61466076
61466288
61465001
61466242
61465068
61465641
61466185
61466437
61465564
61466348
61466576
61465385
61465372
64590398
71411320
78229751
86098311
93443191
101312558
109181951
116526954
124396648
131741936
139611635
147481527
154825807
162694664
170040325
177909021
185780781
193123778
61466839
61467050
61466069
61466194
61467447
61467211
61466164
61467004
61467307
61466727
61466455
61467169
61467464
61466137
61466297
61467437
61467600
61466977
61466617
64066788
71412329
77707151
85052601
92395360
100264557
108135270
114954366
121776076
128594971
136465412
143809406
151678284
159023843
166895332
174764004
182107155
189977321
61467149
61467620
61467413
61468392
61468377
61467213
61468396
61467178
61467490
61467477
61468384
61468584
61467436
61467920
61467356
61468103
61468540
61468674
61467809
62494492
68790760
76135063
83478206
90822905
98693303
106037103
113382127
121252967
128596359
136465575
143810911
151680031
159549654
166895655
174764511
182108391
189978791
61468647
61469081
61468598
61469631
61468729
61469563
61468587
61469005
61468482
61469859
61468626
61468978
61468602
61469942
61468762
61469450
61469946
61470139
61470154
63020106
70364703
77708535
85578511
92922119
100792695
108136239
116005927
123351007
131221967
139089358
146434759
154306135
161648990
169519591
177388103
185259743
192602967
61470728
61470805
61469470
61470028
61469225
61470882
61470940
61469628
61470874
61471061
61469820
61470105
61470292
61470961
61471138
61469905
61469985
61471138
61471333
61469792
62498087
67744013
73514314
79286937
84531779
90303900
96074893
101319765
107090821
112337309
118108341
123879461
129650493
134896373
140669093
145913893
151685485
157457245
163226308
168473717
174244181
180014669
185788013
191557205
196294611
61474400
61473553
61473104
61474461
61473260
61474386
61473572
61473595
61474409
61474512
61474400
61474703
61473952
61473320
61474697
61473824
61474673
61474899
64599007
71943061
79812909
87155837
94500709
102370781
110241485
117584325
124929477
132799557
140144525
148014549
155358973
163228781
170573157
177917389
185788181
193657629
61475262
61475354
61474692
61475196
61475388
61474464
61475277
61475462
61475477
61474789
61475405
61475641
61475651
61475786
61475530
61474450
61474994
61474917
61475733
65649005
72993157
80337621
88207501
95551549
102896557
110766309
118111541
125455725
133326221
140670285
148014597
155884581
163754605
171624877
178967845
186839565
194707052
61475692
61475253
61476745
61475864
61476664
61476849
61476872
61476096
61475866
61476909
61476987
61477002
61475770
61477003
61477171
61476594
61476322
61477066
61477251
66176213
72994255
80864271
88207287
95552703
103423463
110768263
118111231
125456447
133326239
141197207
148540183
156410375
164280239
171624687
179494727
186839359
194183767
61476952
61476932
61477803
61476607
61476615
61477875
61477944
61477223
61477914
61478209
61476770
61478219
61477282
61477362
61477566
61477069
61478205
61478406
61456643
68275524
75618575
82963076
90307551
98176855
105522023
112866695
120736791
128080636
135950295
143820142
151164276
159035703
166379292
174248951
181593071
189463652
196299263
61479037
61478488
61478160
61478916
61479246
61479295
61479149
61479245
61479247
61478543
61478358
61479761
61479495
61478133
61479536
61478245
61479405
61479569
61478704
67752348
75096539
82439212
89784276
97130375
104474035
112344678
119689839
127032722
134903690
142247721
150117810
157462155
165332023
172676473
180546518
187891142
196300669
61480169
61479331
61479354
61480080
61478986
61479052
61480307
61480427
61479236
61479516
61479744
61480445
61479580
61480423
61480533
61480671
61480287
61480940
61981612
68277751
75621996
82965271
90836330
98179201
106049772
113393460
121264218
128607713
136478300
143822529
151691170
159036676
166906873
174777018
182119828
189990209
61480030
61480434
61481052
61479956
61481137
61481338
61481223
61481474
61481358
61480790
61481337
61480257
61480468
61481522
61483921
61483266
61483892
61484069
61482956
63035385
69854873
77198294
84542431
92411639
99756465
107626232
115495576
123366520
130710546
138579050
146449120
154320314
161663285
169534874
177402288
184748304
192618240
61484792
61483827
61485064
61484820
61483595
61484256
61483725
61484899
61485035
61485042
61483853
61485027
61483882
61484426
61484290
61485090
61485267
61485365
61484172
63036584
68805900
76150222
83494538
91365016
98708640
106053418
113922928
121268264
127564384
134909160
142253506
150122352
157993552
165336728
172682504
180551016
187896850
196306336
61485980
61485264
61485157
61486547
61484879
61484972
61486096
61484900
61485452
61485367
61486124
61486309
61485127
61485092
61485669
61486421
61485599
61485636
61988700
68282561
75102335
82446522
89791387
97661923
105005955
112875018
120220299
128090187
135434051
143305323
150648467
158518659
166388099
173732939
181601867
188947363
196307705
61487397
61487354
61486700
61487228
61487420
61487384
61487280
61487473
61486248
61486942
61486755
61487440
61486400
61487555
61487681
61487772
61486859
61487624
61487809
66711481
74054974
81399514
88743029
96088158
103432965
111302426
118647561
125467195
132812489
140683417
148026313
155371771
163241785
170586427
178456345
185801107
193670865
61488323
61488589
61487559
61487465
61488429
61488603
61488462
61488598
61487943
61488439
61488624
61487399
61487407
61488720
61487898
61487986
61488863
61488832
61487719
66187868
73007244
79825733
87695669
95039255
102909367
110254175
118124413
125468498
133337927
141209939
148551923
156423243
163766403
171637857
178457287
185277773
192621615
61488375
61489587
61488657
61489483
61489662
61488397
61489606
61489760
61488976
61489718
61489880
61489768
61488645
61489419
61489797
61490056
61489055
61489919
61490147
66713812
73531983
80876291
88746044
96091764
103435489
111306132
118649937
125994313
133865148
141210564
148553593
156424740
163767644
171113497
178983356
186328372
193672212
61490784
61490948
61490048
61490786
61489913
61490229
61489732
61490107
61490378
61489865
61489780
61491237
61489902
61490553
61490326
61491420
61490614
61490025
61491322
64615225
70910295
77205152
84025160
91895442
99239400
107109694
114453418
121798520
129669472
137012502
144357819
152229142
159571966
167443681
174786914
182656563
190001115
61490936
61491235
61490658
61492021
61490758
61490798
61491481
61492003
61490915
61492147
61492404
61492355
61492425
61491688
61491152
61491603
61492548
61492627
61491288
61491608
61492523
63043992
69338972
76683194
84026384
91896936
99240576
107111155
114455107
122325907
129669979
137538491
144884011
152755179
160098219
167969595
175312707
183182531
190527323
61492432
61492402
61492396
61495122
61495114
61496016
61496140
61496414
61496186
61495441
61494873
61496258
61496222
61494953
61496274
61496377
61495577
61496302
61496482
62521942
68817300
76161007
83505483
91375948
98719313
106590116
113933945
121804772
129148817
137018748
144362921
152233244
160102812
167447209
175317348
182660203
190531993
196317282
61496958
61496266
61496933
61495861
61497048
61497190
61496365
61495920
61497262
61497357
61497240
61497417
61496861
61496437
61497366
61497453
61497408
61497593
63573354
69342969
76686873
84032608
91376239
99246578
105017760
112362713
119706768
127051229
134921918
142266033
150136083
157480341
165350291
172170120
180040203
187384712
195253626
61497017
61498262
61497168
61498250
61498545
61497616
61498405
61498641
61497638
61498123
61497452
61497945
61497441
61498658
61497572
61497452
61498917
61498345
61475099
68296006
74591222
81935027
89279222
96623747
103968426
111838035
119183443
127053187
134397259
142268251
149611291
157482459
164825571
172696979
180039730
187910227
195780267
61499464
61498313
61498169
61499685
61499635
61498917
61498752
61499797
61499817
61499870
61498845
61499989
61498469
61499854
61499941
61499173
61498805
61500017
61498872
65148401
72492606
80361408
87706977
95050286
101871217
109215473
117085006
124954577
132299766
140170745
147513662
154859297
162728030
170599633
177942518
185812953
193157270
61500328
61500526
61499818
61500348
61499276
61500457
61500658
61500074
61499556
61499815
61499558
61499502
61500823
61499654
61500297
61499606
61500887
61501015
61499910
61499626
63575816
68821714
74592504
80363907
86134339
91905467
97150622
102397283
108168883
113414178
119185891
124957251
130204123
134925315
140171235
145941595
151713179
156959122
162729587
168501514
174273187
179517810
185290406
191061731
196322377
61502180
61502221
61501445
61500941
61502385
61501320
61502211
61501074
61501626
61501562
61502325
61502569
61502664
61502445
61502724
61502840
61501896
61503112
62003917
68299899
75118401
82987654
90331920
98202486
105546309
113416958
120760896
128629686
136500478
143844704
151713542
159584670
166929168
174798262
182667950
190012544
61502299
61502804
61502452
61503664
61503231
61503541
61502295
61502447
61503455
61503634
61503551
61502518
61504132
61503858
61502838
61502926
61503713
61503970
61502879
61503858
66726337
72496630
80365443
87709713
95055059
102925789
110269660
118139577
125483431
133353301
140698501
148567405
155912735
163781236
171653040
178995796
186867678
194210770
61504615
61503773
61504552
61504769
61504482
61503348
61504108
61504617
61504743
61503841
61504697
61504941
61504918
61504305
61504841
61504951
61505017
61503836
61504999
65678253
73022158
80892270
88235403
96106478
103450190
111320846
118665046
126008958
133879918
141224163
149092798
155913669
162733387
170604862
177947749
185818323
193686987
61505620
61504841
61505685
61505991
61505892
61504623
61505220
61505831
61505967
61505369
61505905
61504782
61505318
61505297
61505982
61506063
61506335
61505436
61506158
66204230
72498923
79843302
87716137
95059613
102405358
110274687
118143441
125489767
131784630
139655567
146998663
154869935
162739471
170083060
177952103
185823615
193166505
61510142
61509925
61509355
61508778
61509862
61509898
61509829
61510014
61510037
61509389
61509218
61508666
61508973
61510083
61508965
61509117
61510147
61510334
61509397
63586150
70404741
78274408
85617733
92962400
100831573
108701432
116571864
123915813
131786736
139130784
146999389
154869664
162213832
170084173
177952928
185824584
193691975
61511016
61510414
61509766
61510854
61511068
61510845
61510966
61511117
61510992
61511177
61511293
61510479
61511055
61511240
61511306
61510168
61511291
61510103
61510567
64110740
70406061
77749834
85620098
93489298
100832786
108703602
116047463
123917114
131786756
139131431
147001373
154346402
162215215
170086690
177955434
185299999
193169141
61510910
61512137
61510932
61511524
61512092
61512320
61511746
61512304
61511143
61511759
61512370
61512635
61511370
61511899
61512659
61512767
61511687
61512023
61511375
64113164
70933069
78276629
85620250
92965066
100835141
108179101
115525325
121820373
129166333
136509538
144380437
151723946
159068925
166939165
174810021
182152010
190023749
196333715
61513639
61512630
61513400
61513598
61512677
61513547
61513657
61513680
61512981
61512456
61513630
61512552
61512693
61512469
61513917
61513888
61512599
61513111
61491572
66736291
74080283
81424409
89294279
96638741
104509489
111853141
119724189
127067218
134936741
142282275
150150915
157496450
165364973
173235205
181105374
188449998
196334820
61514557
61513633
61513877
61513183
61514480
61514790
61513503
61514719
61514696
61513471
61513927
61514814
61514800
61514279
61513999
61514890
61514928
61513962
61514839
61513563
64114621
69360287
75132254
80902387
86147199
91918126
97690421
103461635
109232044
115003236
120248845
126019366
131790597
137562060
142808166
148054069
153825797
159596450
164841940
169564771
175336427
181106779
186353149
192123973
61516260
61515235
61515926
61516143
61515879
61516166
61515335
61514753
61516066
61516260
61516076
61516261
61515337
61515601
61515020
61516376
61516627
61515399
61516588
63066587
69362899
76707085
84051479
91395055
99264197
106609099
112905055
120251319
127594199
134940599
142284791
149628879
157499087
165367757
173239053
180582109
188453719
196337325
61517050
61517195
61516365
61515695
61517139
61515898
61516008
61517163
61515994
61516378
61516685
61515930
61517395
61516213
61516314
61517431
61517501
61516687
61495330
67265946
74084368
81428238
89298031
97168194
104511992
112381285
119726467
127596427
134940355
142285685
150155700
157500142
165369846
172714350
180584382
187929174
196338430
61516896
61517413
61518128
61518197
61517031
61517220
61518228
61517061
61517736
61517144
61518592
61517685
61517944
61517517
61518397
61518633
61518732
61517442
61518675
65168600
70938610
78283253
85626500
93497021
101366335
108710005
116580829
124449239
131794388
139665207
147008586
154878674
162747292
170618768
177961752
185832621
193702127
61519676
61519464
61518786
61518239
61519456
61519580
61518386
61519762
61519806
61518431
61518906
61519031
61519002
61518682
61519735
61519912
61520003
61518872
61519154
62546100
68841866
75660601
83004877
90875186
98219130
106088160
113433082
121304004
128647154
136517820
143862173
151732775
158027036
165372488
172718161
180061245
187932967
195275996
61520605
61520699
61519810
61520550
61520664
61520738
61523156
61522921
61524015
61524223
61523142
61524070
61524392
61524377
61523694
61523062
61524397
61524517
61523545
65172920
71992689
79861433
87206841
94551780
101896092
109240332
117110980
124454908
131799924
139669844
147014148
154885308
162228511
170099804
177442788
185314492
192657628
61525327
61525198
61525369
61524451
61524560
61524840
61524888
61524515
61525394
61525571
61525637
61524383
61525659
61525886
61524834
61524994
61525722
61524858
61525271
61502296
67272649
74618218
81961165
89305801
96650746
104521324
111864935
119735938
127078791
134949792
142293904
150163872
157508223
165377208
173248400
181117216
188462037
196346720
61526484
61525727
61525281
61526536
61525359
61525324
61526632
61525471
61526020
61525308
61526671
61526775
61526790
61525921
61525633
61526801
61526882
61527112
61526027
67274178
74094699
81438874
88781919
96127519
103998082
111341703
118686839
126556978
133900959
141772042
149115031
156986202
164329263
172200738
180069434
187940618
195282871
61527398
61527414
61527599
61527708
61527547
61527791
61527787
61527187
61527710
61527852
61527923
61526603
61527881
61528009
61527069
61527165
61527944
61528129
61528093
65176622
72522220
79865126
87209473
95079127
102948885
110820301
118162898
126032162
133903757
140197786
147542125
155412282
163282149
170626770
178495461
186365853
194235829
61527459
61527877
61528014
61527522
61527466
61528781
61527606
61528064
61527565
61528814
61527653
61527677
61529020
61527749
61528285
61528229
61528949
61529126
61529277
66228374
71997799
79343116
86685792
92982924
100327540
107671700
115016449
122885964
130756812
138099873
145970892
153315113
161186012
168529724
176399660
184270012
192138780
61530185
61529904
61530077
61528711
61529987
61530087
61529270
61529227
61528734
61529471
61530231
61529169
61530350
61530276
61529627
61529601
61530235
61530492
61530435
61528956
61508124
66228507
71998844
77769068
83541036
88785876
94557740
100328604
106098571
111871012
117115892
122888260
128658692
134430060
139675811
145971996
151742364
157514076
162758611
169055139
174301212
180071475
185843780
191614060
196351453
61531015
61531090
61531177
61530304
61530021
61531326
61530243
61531459
61530691
61530288
61531304
61531489
61531445
61530688
61530805
61530677
61530336
61530689
61531638
61530158
63607978
68853139
74098752
79869285
85640949
91411945
96657185
102428409
108198830
113969894
119741110
125511625
131284193
137054561
142300393
148070769
153843753
159614185
165384529
171156545
176926985
182696313
188469425
193189606
61531844
61531981
61531829
61532741
61532624
61532613
61532661
61531420
61532824
61531883
61531998
61531462
61533254
61532871
61532983
61532931
61531974
61532934
61532966
61533137
61531606
61510982
66756229
72526149
78296373
84068413
89839141
95610109
101380493
107151701
112922765
118694093
123938668
129710266
135480658
141252213
147022781
152795469
158565901
164336381
170108013
175878605
181648973
187419860
192665716
61532424
61533664
61533666
61532580
61533737
61532645
61533108
61533676
61533853
61534012
61532815
61533980
61534029
61533980
61533471
61532708
61533997
61533149
61533359
62037162
67806569
75151779
82494536
89839578
97184290
105053971
112924418
120268346
128136954
135482242
142828825
148073297
153844946
159615416
166960970
174829882
183223192
191619154
61534888
61534694
61533460
61533932
61534100
61534063
61533724
61535096
61534093
61535104
61535306
61534559
61535162
61535245
61534012
61534172
61535084
61535371
61535405
61514524
67808790
74103616
81447813
88790864
96662024
104531523
111875480
119745118
127614746
135484424
143354240
150697055
158567077
166436381
174306349
182176067
189520871
196356331
61534758
61535235
61536026
61536147
61535093
61536287
61536272
61535396
61535471
61536258
61536429
61536422
61536297
61536305
61536345
61536569
61536503
61536569
61514819
66759539
74103768
81973595
89320829
97190223
104535310
112405750
119749907
127619673
134963528
142833419
150702032
158047667
165916345
173786691
181655356
189525857
196361209
61540863
61540051
61539733
61540192
61540157
61540885
61541086
61541224
61539848
61541110
61540008
61540485
61540488
61541202
61541400
61540197
61540487
61541322
61541507
66765021
73060783
79879241
87748026
95617789
103488469
110832266
118701890
126570869
134440477
142309834
150178530
158048754
165917442
173787581
181656349
189527901
196362374
61541932
61542136
61541383
61540676
61541485
61541865
61541976
61541931
61542022
61541420
61542129
61542212
61541286
61542233
61541743
61542278
61541211
61541437
61541509
64143956
70962425
78832436
86175332
94045684
101389556
109258948
117129308
124473324
132342681
140213805
148082588
155426828
163295628
171165860
179034532
186905012
194773419
61542383
61543319
61543004
61542147
61542863
61543099
61541860
61542671
61542399
61543084
61543392
61543352
61543396
61542279
61543303
61543488
61542231
61543540
61542764
64144019
70964895
77783086
84602800
91947490
99816954
107686322
115555578
123426450
129722378
137065687
144935375
152806471
160149535
168019743
175889596
183759996
191628692
61543491
61544258
61543083
61544221
61544529
61543584
61543715
61544357
61544593
61543648
61544496
61544724
61544696
61543925
61543773
61543317
61544829
61544921
61544830
62572629
68867637
75685931
83030687
90899519
98769050
106639392
113982855
121852608
129723643
137592296
145462120
152806354
160675167
168545670
176414251
184285578
191628607
61545439
61545430
61544549
61544211
61544817
61545628
61545595
61545606
61545702
61544829
61545160
61544402
61545699
61544621
61544789
61545770
61545926
61546022
61545098
61524580
67295267
74639427
81982209
89851756
97722015
105591449
113460945
121330467
129200324
137067665
144937610
152807340
160676252
169072177
176940905
184285810
192154526
61546880
61546893
61546617
61546860
61546798
61545911
61546153
61546308
61546108
61546836
61546976
61547112
61547157
61546156
61547012
61547044
61546084
61547116
61547197
61547325
66245955
73065316
80409814
88279442
95623890
102968485
110838090
118707466
126053792
132348936
139694136
147562808
154907117
162775861
170646352
178515024
186385424
194255080
61546709
61547283
61547103
61547734
61548036
61546851
61547947
61548119
61548075
61547054
61547531
61547310
61548126
61548298
61548402
61547406
61547126
61548345
61548530
63099636
69919125
77264596
84609054
91952321
99821480
107691049
115561818
122905620
130775361
138643969
146514036
154385092
162254548
170123996
177992668
185863020
193731692
61549145
61547858
61548487
61549026
61549187
61548040
61548381
61549216
61549401
61549470
61548778
61548751
61548615
61548612
61548622
61548412
61549508
61549487
61549730
62051794
68346662
75690833
83561138
91429778
98774005
106643242
114513674
122383306
129726953
137595745
145465519
153335799
161204423
169074569
176943399
184813593
192682495
61548930
61550222
61550101
61550147
61550366
61549624
61549544
61550237
61550465
61549173
61549557
61549328
61550424
61550558
61550590
61549768
61550053
61549501
61551053
61564473
64693787
71512415
78857367
86725537
94596109
102466362
110334575
118204367
126074071
133943727
141812655
149681127
157551271
165946303
173815703
181683479
189553975
196389240
61569018
61568395
61569167
61569586
61568639
61569706
61570057
61569989
61569821
61569954
61570071
61569245
61569312
61570235
61570445
61570514
61569348
61569476
61570616
66269569
73614870
80957854
88826550
96697638
104567137
111910725
119780416
127649086
133945030
141816022
149159182
157029068
164899060
172768980
180112246
187982587
196391962
61571722
61570528
61570834
61571080
61571969
61572225
61570922
61572356
61572440
61571538
61571708
61571156
61572469
61572573
61571452
61572660
61572768
61571915
61551373
67320644
74666110
82009950
89353710
97222795
105093475
112437126
119258902
125553787
132897491
140767451
148637443
156507499
164376099
172245491
180113698
188510198
196393676
61572072
61572774
61572558
61573422
61573736
61573904
61572911
61572546
61573628
61573802
61573871
61573854
61573222
61573137
61573822
61573999
61574094
61572718
61574176
66798353
73094220
79912749
87781257
95653236
102996106
110866796
118210545
126079371
133949286
141819953
149688646
157558740
164901895
172771886
180640868
188510919
196395803
61575373
61575417
61574604
61578572
61579523
61579788
61579929
61578556
61578946
61579757
61578833
61579752
61578524
61579276
61579204
61578959
61578703
61579812
61580158
65230915
72049627
79919585
87262440
95132015
103003026
110871226
118215759
126085140
133954751
141824936
149694763
157564892
164907777
172777996
180646625
188517241
196401946
61581515
61580669
61580098
61581446
61580572
61580448
61580953
61581793
61581850
61580612
61581084
61580956
61580455
61581239
61581335
61580754
61582030
61582158
61581151
66282383
72576003
79921411
87264346
95134690
102479068
110349660
117692523
125562303
133433016
141302851
148645892
156515690
164384515
170682249
178025066
185895466
193765330
61582894
61582996
61582056
61582333
61581935
61582727
61583008
61583047
61583074
61583081
61581934
61582893
61583070
61581864
61582224
61582427
61581904
61583181
61583321
62085418
68905489
76250558
83594976
90938105
98807582
106678129
114547547
121891444
129760971
137630151
145500032
153369879
161238973
169110080
176977447
184847928
192716456
61583293
61584249
61584434
61583510
61583538
61584470
61584575
61583398
61584724
61584709
61584868
61584049
61583417
61584749
61583604
61583684
61584845
61584965
61584938
63136150
69956176
77300094
85170270
92513742
100384110
108253550
116123014
123992646
131336502
139206302
147075006
154945230
163338245
171209806
179078462
186948830
194817574
61584873
61584804
61584863
61586037
61585794
61585928
61585886
61585025
61584627
61585795
61586002
61584809
61585291
61585155
61586100
61586285
61586206
61585097
61586745
63137756
69957017
76777164
84122474
91465869
99335949
106679861
114549669
122420205
130289925
138158557
146027052
153898421
161765853
169637253
177505925
185376349
193245093
61586127
61587291
61586990
61585780
61587234
61587152
61587240
61586641
61586369
61587097
61587341
61586171
61587150
61587495
61587381
61586626
61586456
61587349
61587615
62089577
68910113
76254319
83597826
91467730
98811186
106680626
114551258
122420890
130290522
137633466
145503242
153373386
161242330
169113530
176981234
184851386
192720058
61587132
61587970
61588022
61587222
61587958
61588135
61588142
61586886
61588111
61588372
61587477
61587736
61587187
61587847
61588628
61587443
61588646
61588738
61587806
63665478
70484302
78352516
85696909
93567263
100910823
108781399
115077135
121372015
128716463
136585975
144456695
151800079
159669559
167539839
175408511
183278447
191148847
61588625
61588436
61588349
61588202
61588303
61589594
61589608
61589623
61588745
61588393
61589707
61588570
61588596
61589104
61589805
61589964
61589252
61588857
61590303
62092011
67862388
75206645
83075702
90944675
98815022
106158667
114028259
121897677
129768587
137111445
144981674
152852663
160721308
168065731
175934684
183804769
191673578
61589314
61590567
61589607
61590927
61590910
61589914
61590162
61589586
61590870
61591070
61589791
61589874
61590031
61590879
61591024
61589772
61590025
61590292
61591028
62094499
68388211
75208134
82552187
90421179
97765755
105635271
113506004
120850033
128718491
136589497
144459241
151802628
160198068
167542470
175936980
183807406
191676004
61590531
61591696
61591815
61591695
61592017
61592170
61591308
61591962
61592262
61592154
61591015
61592408
61592398
61592421
61592243
61592422
61591629
61591786
61591186
62096728
67340492
74684820
82554234
89897924
97768426
105637790
113506080
120851350
128721334
136065310
143935142
151804990
159675006
167019342
173839214
181184399
188528793
196413727
61593489
61593401
61592616
61592713
61592306
61592178
61593463
61593603
61592525
61592626
61593752
61593921
61593857
61593921
61592532
61592615
61593218
61593815
61593845
61594134
61593384
63670190
70489763
78359468
85702756
93571740
100916580
109311620
116655476
124526212
131870196
139740020
147608892
155478564
163347676
171217460
179086228
186956628
194825324
61594248
61593702
61594768
61593900
61593722
61595043
61595257
61594685
61594354
61595090
61595377
61595370
61595194
61595588
61595335
61594725
61594347
61595474
61594741
64195916
70491286
77310654
85179854
93049822
100393225
108262950
116132126
124002110
131872734
139742486
147085470
154955614
162824310
170694366
178563246
185384278
193254182
61596292
61596070
61596612
61596516
61595697
61595337
61596027
61596568
61595498
61596463
61596656
61596663
61595879
61596092
61595618
61596765
61596948
61596974
61595868
62623784
69443388
75738243
83082601
90426779
98297353
105641107
113510441
121381241
128724121
136593897
144464940
151808131
159677820
166498070
174368876
182237572
190107900
61596433
61597579
61597486
61597708
61597697
61597661
61597224
61596952
61596444
61597123
61598044
61596709
61596861
61597818
61598070
61597996
61597479
61597223
61597380
61597220
63674029
71018200
78362445
86232404
93575751
101445036
108790054
116659351
124530319
131874062
139743780
147612626
155483767
162826750
170697272
178566001
186436472
194305347
61597800
61603036
61602395
61603722
61603922
61602883
61603723
61604146
61603907
61603160
61602923
61604406
61604111
61604024
61603081
61604003
61604290
61604246
61603563
64204922
70500098
77319235
83614586
89909723
97254835
105124275
112993379
120338451
128207491
135552365
143422467
151290795
158636245
166505322
174375667
182245147
189589682
196425364
61604995
61604141
61604199
61603756
61605192
61604033
61603989
61605064
61605159
61604116
61605495
61604905
61604347
61604718
61604437
61604075
61605446
61604905
61605657
64731560
71550293
78895685
86238589
93583039
100929053
108272735
116143375
124013013
131356890
139226714
147095327
154965687
162835285
170705559
178048482
185918834
193787730
61606411
61606511
61605543
61606330
61606601
61605642
61606426
61605356
61605151
61606614
61606835
61606186
61606047
61605911
61605495
61606773
61606339
61607084
61605851
62633664
68928568
76274049
83617160
91487460
98830917
106701590
114045250
121914883
129260021
137128419
144473778
152343997
160212619
168083931
175427093
183295491
191167123
61606924
61606872
61607688
61607793
61607969
61607946
61606698
61607671
61608140
61606843
61606836
61607927
61608257
61606981
61607186
61607351
61608146
61608460
61608265
61607135
66307278
73127785
79946521
87814841
95685977
103555369
110899049
118769040
126637632
132934560
140278504
148147696
156017632
163886288
171757424
179626080
187496448
195365016
61607638
61609000
61609079
61608844
61609111
61609059
61608198
61608729
61607760
61608586
61609440
61608414
61609206
61609375
61609470
61608817
61608606
61608163
61609468
64735650
71554248
79424224
87292776
94636376
102506112
110375624
118244512
126114216
133983992
141854736
149723408
157593488
165460920
173332427
181200067
189070291
196430419
61610032
61609093
61608985
61610196
61610275
61609185
61608769
61610291
61609197
61609415
61609610
61610405
61610496
61609137
61610313
61610588
61610632
61610512
61609756
66310855
72604478
79948875
87817335
95162404
103032333
110902749
118245480
126116416
133460412
141330495
148674273
156544572
163365032
170709890
178579431
186449831
193792847
61611538
61610547
61610662
61611419
61610274
61610389
61611650
61611686
61610351
61610722
61610874
61611559
61611897
61612009
61610730
61612210
61611936
61610800
61611069
63687651
70508064
77851759
85195859
93066204
100409812
108279388
116149748
123493700
131364532
139233132
146578500
153922773
161791454
169662766
177005862
184352710
191172030
61612638
61611637
61611760
61612862
61612780
61612831
61611485
61612833
61612918
61611626
61613152
61611863
61612306
61612456
61612229
61612053
61611797
61613662
61613220
61613305
64738401
71557853
79428831
86770839
94115351
101460375
109329701
117200189
124544055
132413693
140283757
148153469
155497795
163366667
171238019
179106619
186977019
194319915
61613992
61613315
61612874
61613749
61614033
61614059
61612922
61612972
61613988
61614152
61612991
61613268
61613471
61614258
61614427
61614391
61613108
61613803
61614461
63166706
68937323
75755814
82575190
90445734
97789230
105658910
113528142
121398998
129268670
137137270
144481585
152351593
160220081
168090361
175959329
183829729
191698153
61615370
61615284
61614288
61615079
61615242
61615431
61614612
61614281
61615756
61615469
61614346
61614380
61615868
61615640
61614407
61614706
61614887
61615513
61615945
62117735
69461855
76281634
83627285
90970418
98315250
106185794
113529637
121398994
128744081
136612826
144483949
151827386
159696954
167567402
175435658
183305362
191174818
61615642
61615353
61616276
61616432
61616552
61616415
61616555
61616632
61616646
61615270
61616777
61616773
61616767
61615996
61615905
61617172
61616971
61615789
61615957
61617367
66317263
73135396
81005480
88348383
96218256
104088960
111432543
119302376
127171256
134515919
142386024
150256560
157599978
165468891
173339099
181207704
189079240
196438230
61617882
61617051
61617088
61617824
61618205
61617305
61618057
61616922
61617039
61617996
61617439
61618148
61618290
61618386
61618422
61617652
61617462
61616926
61617714
65267780
71563066
78908474
86251234
94121658
101465621
109334658
117205306
125075053
132418705
140813180
148157209
156027549
163895978
171766453
179634882
187505490
195374474
61617823
61618995
61617836
61617793
61617884
61619179
61617851
61618816
61619306
61619393
61618558
61618430
61619340
61619445
61618284
61618606
61619358
61619522
61619685
63695345
71039915
77859225
85204012
92548123
100417520
107762367
115633071
122976938
130846496
138716402
146060670
153930402
161800451
169144918
177013594
184884162
192752626
61620253
61619180
61619685
61620519
61619896
61619624
61620344
61620567
61620620
61619328
61619597
61619445
61619269
61620989
61620710
61619528
61620099
61619984
61620661
62122808
68418048
75764160
83107744
90450967
97795591
105666264
112486555
119307035
126649819
133994970
140815715
148160219
156029891
163899827
171769963
179112842
187509131
194851938
61620263
61621400
61620467
61620623
61620493
61621608
61621758
61620536
61621045
61620989
61622248
61622207
61621925
61620744
61621497
61622081
61620805
61621091
61621453
64223571
70517723
77862844
85206118
93076299
100419766
108289206
116158539
124028587
131899067
139768963
147111797
154981870
162850772
171246595
178589413
186985689
194854315
61621811
61621677
61622498
61621632
61621596
61621998
61622998
61622927
61622207
61621986
61622946
61622218
61622410
61622295
61621700
61623424
61623436
61622254
61622197
63175822
69469443
76814883
84159299
91502563
99372979
106723219
114066973
121936499
129807371
137676027
145545977
152890344
160759016
168629481
176497849
184368585
192236945
61629340
61628343
61629259
61629297
61628675
61628184
61629531
61629508
61629603
61628198
61629567
61628390
61628648
61628910
61629646
61629831
61628641
61628779
61629962
62657586
68952598
76297086
83640268
91510446
98853959
106723695
114594055
122463687
129807615
138202087
146071836
153941852
161810596
168106949
175450086
183318772
191189237
61629815
61630587
61630796
61630870
61629557
61630772
61629839
61629492
61630862
61629784
61630212
61630033
61630849
61631128
61631363
61631153
61629993
61631017
61631240
61631293
66329913
73673940
81018140
88886892
96756627
104102020
111972236
119841940
127184836
135054588
142924676
150793004
158664212
166007132
173877508
181745972
189617708
196452084
61631665
61631791
61631083
61630992
61631736
61632133
61630782
61630824
61632312
61632127
61630835
61632192
61631331
61631571
61631320
61631326
61630990
61631416
61631755
64232504
70527850
77872903
85216119
93086554
100955580
108299214
116169078
124038372
131909198
139777973
147647742
155517893
163386531
171256882
179125431
186995909
194864599
61632256
61633412
61633257
61633340
61633299
61633323
61632149
61632242
61633250
61633561
61633466
61632546
61632631
61632231
61633493
61633563
61633769
61633674
61632519
62660286
68955779
76299551
84169460
91512903
99383212
107252719
114596444
122465948
130336815
137679678
145549762
153420879
161289487
168634183
176502711
184372999
192241671
61634287
61633214
61633248
61634897
61633326
61634902
61634717
61634579
61633859
61633736
61634515
61634946
61633585
61633627
61633710
61634640
61634772
61635023
61634387
61633334
61633366
64760900
70005817
75777525
81547709
87318149
93089165
98860061
104631269
110402429
116172797
121944125
127714517
133485845
139255037
145028541
150798077
156569861
162340173
168110837
173881188
179652837
185425005
191195325
196456045
61635633
61635705
61635000
61634534
61635745
61635815
61634713
61634822
61636369
61636066
61636059
61635355
61635262
61636027
61636314
61636214
61635272
61636240
61636637
65287059
72106713
77875673
85745953
93089313
100959034
108828305
116698681
124568297
132437969
140307881
148176505
156046225
163915217
171785425
179654049
187524521
195393145
61635617
61637117
61637152
61635777
61636995
61637260
61636645
61636408
61637093
61637388
61636198
61636183
61637388
61637429
61636196
61636618
61636617
61637412
61637503
64237852
71058852
77353787
83649149
89418469
95714013
103059157
110928485
118799285
126142373
134011933
141882893
149751626
157095850
164964522
172834882
180703434
188573826
196458683
61638304
61638328
61638323
61638343
61637182
61637437
61637685
61638362
61638496
61638681
61637650
61638423
61638761
61637418
61637890
61637957
61638752
61638900
61638961
65812712
72107964
79452426
87322082
94665623
102536807
109879623
117750295
125094175
132965079
140309138
148177751
156047895
163391903
171262095
179132103
187002431
194345378
61639014
61638841
61639577
61639797
61639726
61638681
61639579
61639821
61639686
61639818
61639946
61639859
61638939
61638992
61638576
61640024
61640154
61638913
61638955
63193103
68961507
76831443
84174691
90994539
97290059
104635099
112505635
119849547
127718147
135063611
142933083
150803078
158147435
166017155
173887350
181230251
189100974
196460859
61640511
61640657
61639937
61639614
61639540
61640757
61640783
61639881
61639580
61640761
61641013
61641248
61641161
61640305
61640292
61639748
61641111
61641251
61641379
64765899
71585656
79455648
86798254
94668873
102013580
109883089
117226584
125097542
132441366
140311716
148181219
155525528
163394383
171264436
179134265
186479164
194347593
61641803
61641005
61640866
61641610
61641774
61641988
61642104
61642123
61642057
61642183
61642160
61640776
61642116
61641057
61641747
61641512
61641491
61641120
61642790
62144573
68439406
75783785
83128009
90997018
98342058
106212381
113555970
121426618
128770244
136639762
143985061
150804372
158149724
166018503
173889013
181757685
189629048
196463389
61642983
61643113
61642352
61642339
61642996
61643211
61643344
61643410
61642196
61643228
61643451
61643488
61643409
61642655
61643004
61642660
61642996
61642737
61642511
64243865
71063873
78407790
86277729
93621505
101491601
109359849
116704969
124574321
131919681
138214361
145560057
152905177
160774801
168120729
175464914
182807649
190678473
61644501
61643704
61643492
61643565
61643082
61644342
61644507
61643392
61644570
61643591
61643396
61643297
61643380
61643268
61644559
61644782
61644800
61643567
61644970
61645023
63721496
70540210
77884162
85228685
93098863
100442663
108312998
115656772
123526452
130871587
138740118
146611251
153955625
161825438
169695704
177038699
184908854
192778913
61645260
61644545
61645388
61645624
61644383
61645068
61644876
61644916
61645079
61644994
61645077
61644690
61645743
61645012
61645503
61645260
61645300
61645159
61645263
61645498
63721854
70541495
78411187
85754344
93099339
100443714
108313024
115657792
123528776
130872544
138742466
146086770
153957819
161300842
169172170
176514957
184385592
192255382
61646028
61645421
61645765
61645517
61646680
61647060
61646116
61646341
61646194
61645949
61646842
61647049
61647096
61647060
61645980
61647263
61647189
61647248
61646015
61626780
66871120
73689954
81034448
88904109
96248213
104118960
110937959
118807733
126676376
134547160
141891173
149760072
157629928
164974031
172319981
179139509
187010845
194353735
61646912
61647283
61646843
61647865
61647439
61648069
61648020
61646846
61646872
61647888
61648111
61648228
61648222
61647446
61647662
61647134
61648332
61648560
61648439
62676181
68971351
76314448
83658786
91528976
98873354
106741786
114086666
121957618
129301522
137170402
144515426
152385600
160254146
168125594
175995115
183864690
191207562
61648223
61647748
61648065
61647831
61649165
61649439
61649306
61648087
61649119
61649385
61649459
61648455
61648610
61648567
61649413
61649531
61649528
61649610
61648612
61649525
65299008
71594377
78939705
86282391
93627148
101497626
108841349
116711139
124581624
132450018
139795277
147665210
155009570
162878242
170748368
178618041
185963061
193831820
61650470
61650552
61650539
61655581
61655648
61656368
61656555
61655416
61655458
61656476
61656144
61656672
61656637
61656727
61656818
61656909
61656898
61655617
61656835
61636299
66880590
74224536
81568462
89438971
96782427
104653179
111996899
119867699
127210715
135081451
142425635
150295478
157639795
165508302
173379531
181249219
188593035
196477835
61657640
61657615
61657715
61657636
61656983
61656796
61657537
61657754
61656593
61657822
61657990
61656926
61656937
61656918
61656948
61657921
61658042
61658320
61656956
64259521
70555658
77372985
85243099
92587574
99932323
106226802
114096248
121441651
129312343
136655431
144526295
151869103
159739191
167084839
174953535
182822527
190692759
61657717
61658039
61658351
61657778
61658965
61657873
61658209
61658990
61659191
61657995
61658536
61658598
61658475
61658067
61659160
61659441
61659452
61658160
61659491
61659603
65833130
72128292
79473701
86816842
93112146
100456949
108327341
115671293
123541210
131411733
138754653
146624418
154495797
162364421
169708877
177052997
184923397
192792186
61660047
61658633
61659902
61660094
61659509
61659229
61658909
61658856
61660080
61660369
61660465
61659413
61658994
61659820
61660478
61659264
61659637
61659640
61659690
61638215
68458854
74752686
82098048
89441693
97312104
104655829
112526448
120396008
127738805
135609832
142954040
150822421
158693685
166036845
173906773
181775605
189647181
196481581
61661223
61660001
61660420
61660615
61661359
61661426
61660228
61661533
61661624
61660281
61660525
61661626
61661883
61660641
61660665
61661638
61661751
61662029
61661819
63737766
70557869
77376928
84722547
92066030
99410446
106755425
114626086
121969966
129840643
137184100
145054659
152399185
160268926
168139121
175482158
183350673
191222342
61662120
61661754
61662440
61662761
61662703
61661557
61662310
61662888
61662780
61662052
61662092
61662052
61662236
61662143
61661908
61662868
61662957
61661930
61662223
61661898
65312490
72657973
80002183
87345383
94690183
102035167
109903775
117774479
125118503
132989191
139282967
146629439
153973714
161842738
169713842
177056930
184927114
192797026
61663585
61662526
61662597
61663715
61663281
61663809
61664074
61664012
61663448
61663315
61663261
61663408
61663461
61663536
61663320
61662979
61664045
61664319
61664481
61663117
65838638
72133495
79477589
86821725
94691997
102036456
109380277
117249901
125120637
132464685
140334301
148204269
155548800
163418405
170239461
177582413
185454053
193322749
61663507
61664811
61663599
61664394
61664295
61664138
61663997
61663719
61665018
61665098
61665115
61665192
61665318
61664042
61664335
61665108
61665323
61665537
61665407
61644827
67939205
74234106
81578338
88921594
96792282
104136114
112006714
119350634
127219514
134564242
142434002
150303962
157648250
165516930
173388306
180731402
188601586
196486450
61665985
61664811
61665488
61665464
61664903
61666263
61666367
61665511
61665396
61664983
61666280
61666451
61665320
61665567
61665135
61666482
61666560
61666723
61666548
63743346
70562198
77907142
85251598
92595158
99939510
107810190
115155150
122499246
130369849
137712870
145583814
152928001
160796606
168668086
176011233
183881302
191751382
61666330
61667148
61667272
61667502
61666371
61666712
61666396
61666292
61666295
61667529
61667604
61667085
61667741
61667920
61667960
61668001
61666993
61667081
61666593
61667900
64268338
71088107
77907043
85252843
92596051
99942043
106762331
113581900
121450963
128795083
136666027
144010286
151879078
159750022
167620238
174963069
182831789
190702158
61667923
61667823
61668472
61667486
61667485
61668536
61668716
61668812
61667931
61668069
61667885
61667664
61668752
61668908
61669036
61667862
61668101
61667640
61669008
61669137
66368292
73713118
80531600
88400184
95745904
103616182
110960014
118830702
126173502
134043286
141914278
149257449
157127593
164997142
172341622
180210230
188080902
195950654
61669696
61669817
61669958
61669871
61668724
61669697
61670014
61669981
61670063
61669956
61669829
61669439
61670220
61668875
61669256
61669173
61669587
61669144
61669472
61648892
66893855
74238292
81582201
88926684
96271612
104141001
111485969
119355521
127225457
134569497
142440401
149783198
157653425
165521918
173393366
180736321
189132462
196491438
61671131
61670393
61670324
61671154
61670990
61671132
61671315
61671472
61671289
61670193
61671268
61670725
61671434
61671517
61671545
61670620
61670913
61670638
61670399
63747430
71092717
77911109
85781202
93124709
100995845
108338845
116209341
123553365
131424053
138767117
146113547
152408611
159752779
167623048
175492808
182835859
190706101
61672294
61671293
61671483
61671483
61671422
61672192
61672450
61672546
61672451
61671598
61671302
61672729
61672778
61671583
61672182
61671803
61671771
61671923
61671464
61672742
64274496
71093390
78436892
85781340
93651636
100995100
108865823
116209356
124080228
131424327
139292812
146638044
154508324
162377228
170248260
177591012
185461676
193330212
61672312
61673328
61673462
61672336
61672746
61672847
61672327
61673399
61673716
61672490
61672644
61673711
61673867
61674016
61673947
61672660
61672612
61674214
61674043
61673164
66897497
74242583
81586850
88929850
96275122
104145802
111489306
118834450
125655242
133000338
140344362
148214349
155558557
163428370
170772778
178641522
186513098
193855986
61674585
61674860
61673931
61674128
61673936
61673562
61673632
61674770
61674898
61674987
61675136
61674132
61673708
61674534
61675235
61675259
61674018
61674617
61674636
61652671
67423116
74242849
82112435
89455987
96800963
103621043
110442627
117262043
124081419
131951003
139820835
147165097
155034974
162905033
170249441
178118193
183890361
191760153
61674998
61674543
61675673
61675952
61676152
61676044
61676132
61675009
61675025
61674956
61676524
61676141
61676218
61676395
61676317
61676289
61675750
61675561
61675569
61675156
64801175
71096517
77916235
85261394
92605898
99424910
106769709
114114790
121985402
129329509
137199147
144543410
152414394
159757274
167628794
174971934
182840541
190710770
61675961
61676281
61676485
61675800
61676707
61677436
61677284
61676078
61677153
61677352
61677488
61676247
61677374
61677699
61676292
61676697
61676948
61676761
61676345
61676838
64279174
70049811
76868515
84212528
91556952
99427448
106771072
114116048
121985664
127231824
131953720
137199792
142971152
150840915
158185296
166053811
173924091
181792787
189664427
196498827
61678273
61678352
61677707
61677651
61678379
61678601
61677309
61677563
61678442
61678533
61678723
61678746
61678250
61678111
61677895
61677567
61678676
61678808
61678928
64803820
72149290
78969068
86312018
93656610
101001063
108871927
116215583
124086370
131430210
139300194
146645498
153989626
161859634
169204111
177073890
184418631
192288482
61679360
61679514
61679022
61679876
61679789
61678554
61679693
61679941
61679838
61679875
61680056
61679157
61679210
61679445
61679354
61679162
61679962
61680185
61680238
61680346
65329841
72675326
80019478
87362358
94713846
102583726
109928046
117797630
125142382
133012134
140883295
148751895
156096335
163965079
170787044
178129988
186001652
193869428
61687739
61686698
61686887
61686550
61688054
61687783
61687807
61686979
61687675
61687852
61686619
61687270
61687083
61686755
61687910
61688042
61688309
61687067
61686902
63240260
69534010
76879514
83698234
89993514
97337994
105207506
112552538
120423218
127766138
135635748
143505644
150849908
158720124
166589644
173934100
181803972
189149796
196508850
61688591
61688560
61688037
61687765
61689119
61688741
61687516
61687719
61689228
61688840
61689067
61687778
61688095
61688359
61688135
61688943
61689107
61689232
61687986
65338674
72684111
80028263
87371463
94715951
102586999
109930271
117800559
125144839
133015343
140359295
148228316
156099431
163968055
171839095
179181372
187051700
194920647
61688892
61688755
61689968
61690073
61688760
61688904
61689877
61690147
61689168
61688939
61690374
61690257
61689075
61689400
61689525
61689512
61690307
61690310
61689184
62718175
67962650
74782625
82126465
89997105
97340633
104685417
112556057
119899958
127769809
135113854
142985577
150328041
158198881
165541761
173413281
180756153
188626718
196511294
61690939
61690918
61690198
61690142
61690862
61690967
61691194
61691205
61689929
61690193
61689969
61689944
61691104
61691236
61691479
61690233
61690854
61690771
61690507
64292096
70587008
77932150
85275581
92619864
100490318
107833965
115704704
123048528
129344600
136688768
144035147
151377995
159247984
167119427
174462595
182331187
190202384
196512521
61692085
61692129
61691311
61691420
61690940
61692390
61692494
61692458
61691311
61692292
61692493
61692597
61692004
61691887
61691823
61691372
61692591
61693154
61692842
64292995
71113103
78458004
85801076
93145940
101016212
108359972
116230468
124100223
131444148
139313028
147183724
154528119
162396620
170266900
178136836
186007164
193350311
61693213
61693559
61693698
61693501
61692768
61693632
61693488
61693611
61693664
61693827
61692463
61692655
61693851
61693671
61693803
61693894
61693920
61693981
61694000
61694095
63245050
70065884
77408814
84753580
92623436
99967908
107837644
115181223
123050852
130921748
138264871
146135796
154005740
161348879
169218756
177088836
184433463
192302311
61694497
61693312
61693421
61694429
61694665
61693432
61693989
61693861
61693902
61693646
61694779
61695029
61695047
61695079
61695111
61695143
61695218
61693985
61695104
61694184
65345866
72164693
79508793
87378432
94723202
102067285
109937280
117280912
125151822
132495773
140366818
147709642
155579663
163449559
169220260
177090240
184434829
192303410
61695687
61695750
61694623
61695698
61695947
61694658
61695943
61695282
61695154
61694652
61696496
61696086
61695019
61695172
61695135
61695098
61695023
61696060
61696200
61696304
66395053
73740353
81084505
88427809
95772946
103643417
110987093
118858061
125677385
133022602
140892359
148235244
156105338
163449545
171319889
179189600
186534186
194402738
61697001
61695849
61696125
61696416
61696280
61696219
61696094
61695974
61697147
61697438
61697296
61696727
61697436
61696211
61696472
61696192
61697309
61696264
61697671
61697593
64822529
71642426
78986579
86856339
94199867
101544814
109413947
116759035
124629643
131973891
139317950
147188619
154532827
162402755
169747435
177617155
185487555
192830451
61698113
61697075
61698134
61698284
61698439
61697053
61697488
61697405
61698030
61697883
61697632
61697285
61698440
61698561
61698606
61697577
61697768
61697616
61697691
61698613
65873218
73218213
80562509
87905269
95250180
103120053
110464892
118333541
126204485
133548501
141418341
149288133
157158149
164501165
172371517
180241141
187585676
195454348
61698475
61698422
61698121
61699315
61699597
61699789
61699762
61699759
61698467
61699899
61698600
61699632
61699402
61698755
61698563
61699736
61699967
61700135
61700214
61698468
61698500
64300470
70072001
75316819
81088281
86858691
92103859
97874920
103646315
109417579
115188739
120960001
126730387
132501721
138272083
143518082
149288351
155060204
160831751
166602047
172373951
178144343
183916439
189686831
195456975
61700363
61700222
61700180
61699649
61700983
61701147
61701200
61699967
61700017
61700990
61701197
61701231
61701544
61701385
61701409
61701611
61701448
61701515
61701485
61701640
66401379
73745521
80564000
88433815
95777913
103122775
110992188
118863125
126206262
134076864
141421028
149289541
157160867
164503729
172373943
180242730
188113130
196522364
61702171
61702270
61701502
61701117
61700781
61702013
61701281
61702260
61702372
61702404
61702303
61701303
61701247
61702279
61702767
61702335
61702546
61702744
61701942
63254955
69548543
76893164
84237378
92107509
99451044
107320626
115189760
122534876
129355765
137225347
144569318
152439446
160308045
168178664
176048328
183392896
190738272
196523488
61703419
61702717
61702508
61703236
61703478
61703416
61703528
61703670
61702343
61703591
61703818
61702877
61702626
61702586
61703690
61703779
61703789
61703974
61704094
63779784
70075786
76894169
84238776
92108792
99453488
106797456
114142216
122011704
129356920
137226696
144570616
152441944
159785168
167656264
174999411
182868240
190738338
61703370
61703757
61703853
61703775
61704519
61704742
61704905
61703987
61703962
61704738
61704894
61704990
61703765
61704393
61704468
61704228
61704271
61704201
61704220
61703913
64829965
71126356
76895200
84241006
91584518
98928726
106799478
114143198
122014070
129358046
137226510
145097628
152441865
160310953
168181025
176050689
183395337
191264177
61705182
61704535
61706012
61706150
61706021
61704855
61706191
61704956
61704895
61704863
61704889
61706078
61706190
61706336
61706364
61705131
61705328
61705272
61706261
61706452
63258544
69553196
76372242
83716619
91585269
98931040
106275223
113619919
121490657
128834058
136703157
144048784
151918450
159262869
167132882
174476994
182345570
190216098
196527178
61707036
61707132
61706561
61707063
61707254
61707269
61707373
61706049
61706774
61706806
61706430
61706699
61706614
61706638
61706246
61707355
61707438
61707521
61707634
62209706
68504759
75849159
83193231
90537679
97882231
105751607
113622087
120966407
128836063
136179895
144051063
151919735
159263887
167134167
175004095
182347146
190218658
196528506
61708341
61707454
61707627
61707414
61708227
61708790
61708407
61708578
61708626
61707393
61707694
61708569
61708640
61708631
61708767
61708871
61708858
61708788
61708004
63784761
70605491
77949555
85293848
92637061
99459175
106277391
113622351
121493223
128836375
136181095
144051029
151920943
159265081
167136602
174479615
182348111
189170627
195464786
61708149
61708101
61708235
61708875
61708243
61708516
61708227
61709612
61709780
61708827
61708880
61708947
61709675
61709721
61709935
61709899
61708995
61708648
61710390
63261093
70606614
76900470
83719982
91588950
98933566
106278494
114149214
121493046
129363854
136707022
144052062
151921934
159266198
167136574
175005038
182875046
190745446
61709285
61710049
61709905
61709510
61710977
61710755
61710832
61710950
61710939
61710049
61709965
61709616
61710827
61710916
61711146
61711088
61709928
61710944
61711025
61711153
63262227
70082069
77425933
84771501
92114997
99984405
107853565
115198405
123068157
130413133
138281949
146152901
153497237
161365837
168711565
176580029
184451693
191794493
61711544
61711671
61711759
61710886
61711678
61712051
61711930
61711116
61711164
61711267
61711270
61710803
61711971
61712052
61712167
61712279
61712244
61712276
61712300
61712340
64837045
71132551
77951847
85821949
93165304
101035767
108379335
116248853
123593992
131463552
138283295
144579446
152449552
160319250
168189349
175533549
182876341
190746885
61713008
61712270
61712126
61712840
61712990
61713115
61713189
61712023
61712996
61713101
61713205
61713317
61713324
61712404
61712479
61712596
61720196
61720300
61720975
61721211
61721099
65371698
70092858
75338961
81109217
87927513
94223281
101568009
109437249
116782057
124653009
131996961
139867841
147210905
155081971
162425051
170295243
177639307
185510811
192853899
61721611
61720818
61720594
61721787
61722019
61722060
61721944
61721224
61721344
61721208
61720773
61721245
61721200
61721512
61721595
61721445
61721424
61720981
61722251
61722399
64847180
72192634
79011132
86879765
94224573
102095389
109438701
117309245
124653045
132523957
139868069
147212275
155083285
162426568
169771920
177640632
185512272
192855469
61722949
61722996
61721812
61722930
61723092
61723221
61721937
61723412
61722391
61722306
61723220
61723456
61723675
61722247
61723671
61723031
61722775
61722679
61722839
61722972
63800524
70619484
77963441
85307513
92652161
99996929
107867321
115211092
122556164
130425732
137771068
145115188
152460730
159281388
166100978
173446559
180789455
188661159
196544762
61723145
61723161
61724236
61724443
61724394
61723521
61723727
61723940
61723500
61723647
61723335
61724516
61724807
61724637
61724634
61724818
61724990
61725022
61725054
62752699
69572173
75866264
83210680
91080600
98425309
105768920
113114016
120984776
128327696
136198523
143542459
151412539
158756667
166626603
173971203
181841003
189185651
196545726
61725671
61724320
61724613
61724847
61724753
61724254
61725682
61725794
61725826
61726019
61725859
61724568
61726230
61725875
61725879
61724760
61725776
61726177
61725980
63802827
70096826
77443216
84261283
92132051
99475987
106294962
113115274
120986219
128330280
135674371
143545179
150888008
158759443
166102448
173972784
181842355
189187155
196547241
61726701
61726899
61725615
61726402
61726559
61726048
61727321
61726954
61727173
61727141
61725951
61727179
61726171
61726345
61726070
61726051
61727126
61727274
61727370
63804056
70097763
76917443
84261869
92131366
99475710
107346267
114690161
122560787
129905883
137249979
144595267
151938454
159283624
167155014
174498222
181842155
188138618
195484030
61727227
61726824
61727872
61728079
61728188
61726891
61726933
61726741
61727938
61728274
61727102
61727701
61727645
61727539
61727520
61727251
61728875
61728444
61728572
62230805
68525692
75345369
83215593
90559921
97903353
105248169
112593073
120464001
127808161
135151897
142497121
150367081
157711497
165581217
172926017
180270081
188140201
195484473
61727970
61729602
61728689
61729360
61729478
61729463
61728150
61729246
61728762
61729666
61729342
61729498
61729639
61728227
61729078
61728966
61728769
61729030
61728865
61706906
67478859
73773683
80592290
88462021
95807404
103151495
110496196
118365916
125710996
133055140
140400028
148269924
155614263
162958519
170829879
178172583
186044335
193387567
61729212
61730188
61730585
61730601
61730666
61729796
61729726
61729334
61730950
61730785
61730623
61730794
61730928
61729601
61730830
61730926
61731073
61730003
61729873
61730897
Peak: 196558967
Average: 92619812.38484302
