0
283110
595592
682207
1627260
2273635
2588756
2955967
3545398
3823276
4423054
5215196
5352208
5694732
6144421
6615827
7086292
7324629
7733578
8293623
8710956
8985672
9316710
9535227
9872241
10616759
10964168
11572286
12377588
12684198
12965228
13461537
14016709
14516041
15063881
15595095
15938111
16254402
16471105
16603749
16677082
17025035
17186535
17474884
17862676
18012638
18241680
19536337
19352390
19543253
19642065
19645641
19891784
20077966
20218219
20386992
20767862
21313280
21698890
22109828
22591882
23195331
23442086
23825319
24171856
24366465
24518506
24695332
24893579
25063090
25374463
25779261
26097534
26580670
26961116
27565900
28254615
29116413
29777508
29874927
29880311
29883319
29898241
29896580
29929029
30503145
31171039
31436057
31755969
31916590
32216915
32294232
32360449
32440016
32530975
32579332
32902750
33241823
34280970
33805440
34301225
34420649
34591493
34642450
34613763
34695881
35004659
35164377
35732227
35829824
36231825
36709155
36780304
37035223
37643524
37736721
38335354
38335473
38335296
38335597
38173570
38585371
38669887
38926357
39049950
39128123
43072494
43108909
43381213
43495208
44004666
44073103
44149927
44206578
44255900
44315039
44375221
44425922
44480923
44521082
44577339
44583052
44819542
45031338
45117961
45560759
45766134
46021391
46604347
46758659
46806609
46999697
47100951
47187490
47393545
47461821
47583674
47909812
48038854
48280672
48484969
48567815
48717615
49127924
49192299
49311539
49409219
49527760
49552202
49822462
49956377
50115325
50256688
50281878
50305694
50338678
50357623
50434581
50429212
50647034
50684272
50795407
51008662
51364164
51473373
51767670
52034162
52412370
52565295
52874099
53162005
53631838
54274547
54452945
54484044
54606493
54631354
54653745
54796590
54924754
54979918
55032036
55497314
55767408
55880384
56038435
56491720
56859836
56911481
56905930
57323057
57414572
57606675
57815011
57951876
58124309
58144059
58166313
58498178
58606988
58485355
58588175
58598899
58914972
59703044
59840532
59941564
60019628
60204609
60262730
60311412
61767252
60830424
60882080
60685413
60694594
60697436
60700700
60701531
60702569
60703951
60704854
60705846
60706796
60707768
60708871
60708794
60708198
60710919
60711705
60712671
60715624
60716860
60717986
60719456
60720009
60720672
60721447
60721626
60722088
60722001
60723356
60724615
60725628
60726304
60726896
60728653
60725522
60728244
60729090
60730232
60730723
60731088
60729229
60729243
60730283
60730278
60735316
60733843
60735654
60734663
60737186
60737177
60738250
60736450
60738567
60737734
60739974
60741320
60740447
60741262
60741837
60740943
60742862
60741243
60743689
60742342
60744444
60745187
60744674
60746381
60746936
60747655
60747946
60749114
60751836
60752363
60752113
60752955
60753985
60755817
60754368
60755475
60755731
60756472
60756375
60756771
60758805
60756752
60757225
60759792
60760264
60761366
60759644
60761556
60761013
60760463
60762721
60761283
60763521
60764215
60764498
60768729
60766203
60768293
60766493
60767259
60767459
60769682
60768383
60769799
60771308
60769121
60771676
60770512
60771414
60773991
60773077
60773580
60774976
60773407
60774694
60772978
60774795
60778466
60776755
60775507
60777672
60775760
60778063
60777619
60780896
60782521
60782370
60784225
60782518
60783374
60781668
60784246
60784175
60784803
60786789
60783817
60784291
60786265
60788232
60789277
60785351
60785764
60788029
60786287
60786618
60789006
60791792
60787982
60789857
60793025
60790255
60790876
60794501
60793884
60792516
60792733
60794755
60793378
60795205
60796732
60796514
60794677
60796900
60795130
60798272
60801519
60798769
60799076
60799121
60797558
60797895
60800084
60800688
60801193
60799320
60804094
60801620
60801189
60802632
60800967
60805485
60806026
60804205
60804877
60805246
60805974
60808016
60808405
60806593
60806951
60807567
60809746
60807518
60813728
60809612
60810951
60811261
60811574
60814436
60815244
60810475
60810823
60813036
60816746
60811698
60812174
60814045
60814607
60813664
60817075
60821764
60818928
60819395
60819429
60818574
60818356
60820406
60821106
60821419
60825689
60826625
60827084
60821396
60821558
60827334
60828329
60823850
60823415
60824630
60825835
60823914
60830594
60829970
60824889
60825596
60827717
60831372
60827221
60828567
60831238
60831815
60830087
60830530
60832867
60836639
60837578
60833910
60834092
60838285
60834285
60833216
60835408
60835656
60840613
60835275
60836670
60841462
60837185
60837494
60838294
60838904
60837396
60837226
60837531
60837930
60839491
60840637
60847334
60843310
60843977
60844677
60844949
60849966
60843953
60845425
60844503
60846654
60850948
60851169
60845387
60845995
60848137
60852653
60848032
60847542
60849849
60849998
60850561
60850737
60855355
60851473
60850863
60849991
60850391
60850731
60852023
60852920
60855077
60856989
60861674
60857089
60856194
60858315
60863906
60856963
60864312
60859523
60859036
60858097
60858401
60859153
60859014
60861378
60859430
60859710
60860246
60862541
60862834
60867945
60861388
60868673
60864036
60862317
60862980
60865008
60866879
60868240
60873543
60868682
60869561
60867308
60875545
60870027
60869932
60870533
60876564
60871077
60871044
60871453
60871941
60870211
60877868
60878241
60879233
60872608
60873693
60874037
60874261
60872538
60872828
60873190
60875527
60875895
60881697
60875916
60877622
60880290
60886558
60880305
60879202
60881474
60881753
60881991
60882482
60882730
60880548
60881303
60881537
60881831
60889712
60890494
60882617
60884942
60884915
60883547
60901357
60899460
60900508
60901482
60903869
60910598
60902929
60903541
60905772
60912739
60908554
60907762
60909879
60910420
60916970
60911212
60912313
60910386
60912346
60912912
60912892
60913201
60913929
60912598
60914284
60914915
60914353
60913613
60922701
60908783
60909108
60909558
60916160
60909564
60908735
60910962
60909025
60909507
60918254
60910183
60913108
60914537
60914891
60916017
60916175
60914464
60923650
60924608
60924206
60924967
60925238
60916236
60917015
60919127
60917376
60926240
60919748
60919888
60927171
60920995
60928152
60921253
60919686
60922123
60920762
60920780
60920867
60922998
60921245
60921635
60923368
60924201
60924706
60927471
60927567
60928287
60936327
60928138
60927073
60929413
60937087
60927933
60929748
60928651
60931099
60931299
60929803
60930315
60932127
60932653
60940468
60932993
60931401
60941439
60932226
60942431
60933981
60933159
60935249
60942971
60933643
60934792
60936254
60937282
60947959
60938519
60938551
60940172
60940739
60942722
60949870
60941258
60940392
60940674
60942815
60941305
60952153
60951962
60952711
60942383
60943186
60943441
60943740
60944747
60944138
60954354
60946117
60945051
60947309
60947677
60947990
60957093
60947796
60949833
60951759
60952127
60950502
60961270
60950918
60951547
60953697
60962464
60953582
60953646
60955449
60955146
60963761
60964825
60965068
60956422
60955721
60957629
60956860
60967495
60957967
60958239
60957833
60958538
60959776
60969220
60959722
60958826
60963638
60961276
60972769
60972870
60962486
60964291
60964395
60963755
60965759
60965846
60966450
60966730
60967064
60967336
60967659
60965786
60977334
60966386
60967077
60968821
60969302
60969697
60968733
60979115
60969819
60970290
60970487
60969586
60971470
60969639
60972607
60975006
60974665
60974877
60975423
60974560
60976526
60976853
60986618
60975295
60975557
60975662
60978092
60978126
60977381
60978731
60979373
60979621
60979876
60989982
60990673
60980775
60980748
60981403
60981774
60982006
60980428
60992011
60992945
60992584
60981335
60986204
60986052
60985556
60986926
60987595
60987888
60985701
60998151
60988008
60987237
60989460
60990213
60989902
60990259
60990470
61000358
61001686
60991181
60989879
60992072
60992078
60992470
60990700
61002960
60992431
60991698
60994646
60993059
61005327
60994933
60996645
60998769
60998976
61009439
61010002
61010259
60998188
60999808
60999933
61000472
60999688
61000596
61001916
61012977
61000388
61001205
61002987
61003382
61014061
61003541
61002582
61004487
61004794
61005264
61005533
61003593
61017278
61017458
61006157
61004972
61007901
61009340
61011127
61010789
61008891
61022843
61011585
61010961
61010460
61012386
61010840
61024262
61024777
61013140
61011580
61012461
61014257
61014796
61015181
61013219
61013878
61026836
61014220
61015377
61016053
61015923
61017248
61017842
61028950
61030089
61020759
61019807
61021759
61020223
61022450
61022526
61023219
61023731
61023811
61021661
61036048
61024056
61023200
61025303
61025596
61037168
61023965
61037976
61038061
61024885
61026261
61027576
61027954
61039788
61026413
61027470
61029021
61027393
61041817
61027759
61031480
61032751
61033454
61032319
61045584
61031983
61032831
61034404
61034789
61046913
61033309
61033608
61048605
61035592
61034585
61036061
61036200
61036462
61038871
61051576
61037195
61039072
61038651
61039744
61040375
61038424
61040865
61039081
61054003
61039445
61042888
61043957
61043374
61045556
61045585
61046213
61044289
61044617
61045753
61047161
61047669
61047992
61046095
61061527
61048122
61046852
61048356
61049300
61050069
61049895
61048036
61063912
61050345
61049261
61051535
61049888
61052211
61050338
61066080
61065677
61053939
61054941
61056274
61056803
61057219
61057347
61055447
61071290
61071384
61056418
61072373
61057075
61057411
61058813
61059760
61058653
61060277
61060857
61061725
61061422
61059587
61075662
61061627
61060819
61062549
61063085
61063490
61061593
61062088
61062937
61066862
61067544
61065531
61082082
61067675
61066750
61068736
61067060
61082847
61083620
61069724
61068495
61068743
61070418
61070992
61084636
61085818
61071655
61086234
61072064
61072223
61071026
61071082
61071576
61071752
61072021
61073795
61074112
61072840
61073133
61073264
61076029
61076502
61076789
61078533
61078973
61079149
61079411
61078656
61078976
61078672
61078968
61081472
61081193
61080331
61095971
61081428
61080528
61082495
61082863
61080894
61081291
61098344
61097060
61081776
61083049
61085642
61086115
61100276
61084474
61101930
61085093
61090085
61090973
61090686
61088813
61105784
61090293
61105853
61106640
61091696
61090939
61092512
61093161
61108603
61092523
61091838
61109030
61109240
61109328
61110315
61093254
61095647
61093908
61096104
61096448
61111524
61094855
61096284
61097221
61097733
61112665
61116297
61099553
61099633
61101640
61100087
61117416
61100477
61102316
61102303
61103116
61101527
61103789
61118847
61119821
61103785
61103121
61105104
61102948
61120679
61103958
61105257
61104900
61105924
61106820
61107424
61107573
61108043
61108240
61106564
61108856
61111669
61127160
61110165
61111580
61112554
61113251
61111173
61129728
61113391
61112531
61113347
61114814
61131134
61113364
61114626
61115471
61116075
61131778
61132456
61116275
61115420
61117366
61117731
61116930
61118275
61117755
61116359
61134218
61118390
61117640
61122188
61120590
61139567
61121065
61122545
61123492
61123901
61124293
61124592
61122671
61141801
61124852
61123657
61125859
61126077
61126274
61143324
61124705
61126794
61126689
61126377
61125964
61128277
61126113
61145599
61127047
61146159
61146225
61127769
61130127
61131103
61133194
61133733
61149889
61151257
61132241
61151249
61132764
61133465
61135188
61135717
61152367
61134251
61135312
61136576
61137115
61136137
61154239
61136951
61138431
61140206
61139962
61156718
61140571
61140832
61139970
61157929
61139361
61140452
61142682
61143876
61145034
61145601
61144647
61163111
61144232
61144391
61146695
61145484
61146389
61147722
61145797
61165536
61147704
61147092
61148953
61149407
61166934
61147752
61148970
61150978
61150691
61149720
61169082
61149270
61149971
61150889
61150317
61150468
61172421
61153127
61154190
61155526
61156192
61154495
61174783
61154877
61156408
61157554
61157915
61156923
61176563
61156515
61157555
61158980
61157595
61159517
61160029
61160308
61178734
61179355
61159004
61161281
61161356
61162053
61160008
61180654
61161952
61162888
61163843
61166272
61165281
61184553
61164821
61166352
61167377
61167809
61166132
61167526
61168905
61166803
61187994
61167354
61188576
61167930
61169041
61171068
61171006
61168621
61171574
61171624
61169999
61190092
61191066
61172234
61172506
61172589
61172240
61172074
61173722
61176905
61175107
61177620
61175933
61177976
61178398
61196714
61197704
61176906
61178386
61179423
61179952
61179014
61198879
61179903
61199514
61179158
61181445
61179774
61181967
61182334
61201037
61180728
61183131
61181392
61183489
61183796
61181977
61203010
61183893
61186547
61187456
61188037
61208858
61208981
61209282
61210296
61189272
61189283
61191369
61191833
61192337
61192592
61211716
61213085
61192631
61192654
61193536
61194103
61194303
61194551
61193046
61214395
61214953
61193526
61194638
61195902
61196469
61196479
61218399
61199279
61201570
61201734
61202287
61200424
61222109
61200901
61203280
61203267
61203857
61202872
61224241
61202399
61203504
61203399
61203407
61205480
61205838
61226019
61204307
61206235
61206937
61207257
61206865
61205625
61207505
61206070
61206420
61206593
61229636
61207089
61210028
61232753
61233020
61210961
61213007
61212712
61213537
61213764
61214012
61213072
61234272
61234648
61212888
61215192
61213593
61214342
61216059
61214553
61216691
61217045
61217434
61217549
61215703
61238308
61238470
61239430
61238950
61239862
61217100
61219397
61218426
61221029
61221082
61223756
61222617
61223623
61223908
61223909
61224133
61224282
61224102
61225003
61224820
61225599
61224007
61226107
61226547
61247751
61248438
61225089
61227468
61225797
61227661
61228206
61228462
61228761
61227173
61250036
61251047
61250570
61251338
61251069
61233315
61233563
61233752
61233017
61232269
61234405
61232871
61233112
61235805
61235539
61235808
61233600
61257197
61258309
61257933
61258013
61258420
61256146
61256295
61257533
61257762
61257877
61234444
61258068
61259091
61258612
61235631
61237357
61237274
61236496
61238653
61238973
61241861
61240475
61242400
61242703
61240982
61265467
61265742
61243090
61242282
61244158
61243728
61244739
61243137
61244960
61245475
61245839
61246012
61246257
61246299
61246662
61245697
61247236
61247560
61246519
61247919
61248239
61248363
61248625
61248849
61249285
61247909
61247962
61250740
61252844
61253249
61253368
61251694
61252726
61276691
61276726
61276745
61277681
61276360
61277284
61255432
61253559
61253896
61278435
61254448
61256184
61256531
61256203
61257347
61259583
61257753
61260087
61260287
61260511
61283070
61283685
61261401
61261428
61261760
61261734
61287083
61263911
61263126
61265292
61263478
61265500
61265469
61288740
61264509
61265287
61267000
61266865
61266529
61290665
61266026
61268096
61268546
61268486
61268789
61268958
61269435
61268375
61293220
61293682
61293068
61268460
61270716
61269374
61271397
61271663
61269855
61272296
61272424
61272795
61273562
61299034
61274090
61299815
61299767
61274711
61276967
61275639
61277263
61277891
61276018
61302290
61278226
61278023
61278895
61279184
61278665
61280057
61278504
61279480
61303976
61304175
61280064
61279679
61304660
61280034
61306007
61280143
61306407
61282231
61306853
61281162
61306530
61283178
61310312
61285048
61310293
61285803
61286933
61287181
61311952
61311029
61311344
61288257
61288526
61288743
61289028
61289239
61289583
61289817
61290044
61287931
61290024
61290145
61290393
61290150
61291208
61291489
61290968
61291680
61315736
61292080
61291656
61291584
61291945
61293200
61318298
61317936
61318344
61292152
61295216
61297409
61297633
61297576
61296009
61298185
61322406
61298671
61323761
61297307
61324134
61298164
61298779
61298007
61324304
61298232
61300400
61325134
61301134
61299670
61301655
61301167
61300078
61327562
61327647
61327735
61301010
61300903
61303672
61301653
61304104
61303829
61302418
61302690
61330005
61332429
61306147
61306550
61308764
61308861
61308866
61309248
61309712
61308730
61335498
61335690
61335504
61335810
61336544
61309564
61311355
61312195
61310432
61313272
61312996
61313220
61311296
61338571
61339385
61313686
61314523
61313075
61314843
61315485
61315805
61315855
61316632
61316942
61344582
61317400
61317709
61318131
61320337
61320810
61320986
61321033
61320307
61319614
61347832
61347243
61322481
61322702
61323419
61322074
61322797
61349568
61321640
61323452
61323741
61325905
61325920
61326144
61324608
61325192
61325752
61327219
61325651
61327171
61328008
61327456
61331016
61331677
61331970
61332266
61332254
61332618
61332959
61333320
61333191
61332354
61333633
61332369
61332375
61332711
61361442
61333299
61334909
61333758
61334047
61335650
61335925
61334709
61336324
61336596
61336895
61337212
61337367
61336162
61338141
61336685
61336909
61339162
61340298
61340477
61342149
61341653
61341287
61343439
61343728
61343997
61344392
61344694
61343592
61370988
61372076
61372508
61343596
61372188
61372372
61373653
61344864
61345037
61373830
61374367
61374806
61345886
61348217
61346862
61346699
61348734
61349269
61349487
61349759
61352719
61350777
61380326
61351203
61353555
61352062
61354253
61352788
61354412
61354200
61355243
61355573
61355677
61355991
61356143
61355230
61384004
61384524
61356599
61355377
61357643
61357091
61355517
61358220
61357344
61357150
61359658
61359307
61359651
61387051
61387600
61361096
61362880
61363672
61362224
61364204
61364400
61364731
61364838
61365059
61365358
61365911
61366183
61366458
61366720
61366995
61367356
61367392
61367948
61368008
61368358
61368541
61368847
61369048
61369320
61369595
61369945
61368021
61368290
61370635
61368738
61398962
61401685
61372181
61374016
61374029
61374349
61373709
61375410
61374469
61374333
61375957
61376181
61376010
61405141
61405591
61405920
61406352
61375902
61406915
61376521
61378716
61377189
61379118
61377963
61379587
61379835
61380305
61380478
61380613
61381165
61381284
61381914
61381632
61382824
61382881
61382989
61383380
61383526
61383737
61385558
61386278
61385675
61384866
61387035
61387348
61387603
61385675
61416938
61417171
61386403
61387585
61387406
61389156
61387875
61388742
61388690
61390082
61389223
61390711
61391096
61388780
61389004
61389381
61389731
61421419
61423280
61395235
61395198
61393536
61424742
61396346
61395206
61394689
61425921
61397161
61397498
61396481
61397852
61427427
61427003
61396392
61398579
61397715
61428814
61397414
61397713
61399956
61399960
61398523
61399692
61401105
61401085
61400733
61432624
61433075
61403204
61402326
61404797
61405114
61405317
61408253
61408576
61406999
61408054
61407032
61408648
61407525
61439869
61408048
61409990
61410525
61410328
61409085
61441285
61409663
61410024
61410207
61411967
61412684
61411432
61413290
61413490
61413605
61444200
61443700
61412401
61414920
61414950
61415223
61415471
61414397
61416008
61414920
61417373
61419055
61418002
61419609
61420042
61420488
61420784
61419210
61421228
61421527
61420536
61451605
61452535
61452933
61420614
61421424
61422005
61421533
61422381
61422293
61423968
61424524
61424670
61423774
61455352
61455696
61423761
61456456
61456624
61456469
61456266
61460087
61459831
61427848
61430032
61461274
61428456
61430807
61430879
61429761
61431409
61431887
61432196
61432588
61462843
61433039
61433212
61463718
61464019
61431840
61434024
61433673
61432795
61434951
61435391
61435710
61436006
61436233
61436304
61436617
61437083
61437232
61440294
61439156
61471030
61472284
61438977
61472817
61473153
61439716
61442074
61442415
61440854
61442639
61441199
61443135
61442464
61444035
61444283
61442218
61475560
61476278
61476992
61443479
61443689
61445551
61444926
61445400
61445006
61447720
61447482
61447864
61448016
61449001
61451162
61451434
61451672
61451971
61450111
61483656
61484645
61485053
61452525
61453491
61453336
61452626
61454280
61452866
61454514
61454984
61455349
61455559
61453635
61488075
61454093
61488579
61488771
61488803
61489462
61455468
61490345
61457897
61456908
61457012
61460175
61459885
61461845
61460130
61461959
61462443
61462787
61463011
61463214
61461498
61463953
61464324
61464524
61463604
61497583
61497482
61463631
61465816
61464245
61466078
61466326
61466786
61467079
61467378
61484204
61469598
61469870
61470121
61470396
61470733
61470936
61471236
61474120
61474518
61474774
61475149
61475414
61475700
61475958
61476045
61476241
61476554
61474763
61475117
61510073
61510777
61510222
61510575
61511676
61510954
61476815
61479191
61479391
61479588
61480004
61480368
61480647
61478937
61478943
61481285
61481495
61481788
61481998
61482222
61483323
61485420
61485822
61484741
61484137
61486546
61485674
61486874
61487296
61487602
61487833
61488276
61488401
61486875
61487705
61489237
61489338
61489733
61490132
61490329
61490536
61490763
61491056
61491321
61491552
61491471
61491695
61491970
61494608
61494805
61495265
61495534
61498374
61498673
61498870
61497669
61497767
61497775
61499676
61499776
61500110
61500375
61499479
61499240
61500970
61501493
61501816
61502112
61502360
61502509
61502733
61503077
61502112
61502518
61502272
61502297
61504249
61504921
61504324
61504620
61504106
61504216
61504434
61506298
61509314
61507506
61507901
61508152
61509652
61510023
61510600
61511125
61511421
61511659
61546635
61546926
61510323
61512627
61512851
61511687
61511565
61512015
61513790
61514206
61513563
61514683
61514059
61513531
61513371
61515285
61516059
61515412
61514805
61515642
61516829
61516731
61519493
61518291
61520037
61520767
61520632
61520979
61520424
61520747
61557427
61557400
61557224
61558032
61558411
61521331
61521689
61523398
61523766
61524342
61560112
61559963
61560547
61560870
61561137
61524166
61524370
61526052
61526745
61526969
61562796
61563132
61563113
61526103
61529193
61530707
61531355
61531515
61532121
61532250
61532522
61532941
61533237
61532634
61532682
61532911
61533864
61534088
61534555
61533982
61533192
61533426
61533593
61535274
61535628
61536127
61535557
61537117
61537352
61536728
61537208
61537621
61538248
61538530
61538850
61537951
61540095
61540661
61540954
61542230
61540997
61541433
61541517
61541806
61542075
61543783
61543075
61544738
61544738
61544837
61545458
61545850
61546194
61545573
61545059
61545314
61545425
61547251
61547499
61546419
61547627
61546387
61544255
61545967
61546783
61546956
61547392
61547255
61550364
61550632
61548876
61549134
61550729
61549681
61550025
61551678
61552436
61552807
61551668
61553166
61551406
61551733
61552567
61554285
61554629
61553708
61554243
61554267
61555649
61555602
61555422
61554326
61555942
61556382
61555980
61557374
61557735
61557918
61556953
61558339
61560833
61560964
61561151
61560093
61561757
61562426
61562842
61563189
61561813
61563647
61562775
61562519
61562740
61562796
61564660
61564760
61563703
61564432
61564428
61565368
61564330
61564561
61566294
61566504
61566814
61567413
61567248
61567421
61567717
61606153
61606436
61609441
61609550
61570177
61571838
61572148
61572567
61571118
61610318
61610750
61610926
61611217
61611393
61611993
61612644
61573171
61574921
61613702
61613898
61613437
61613669
61614325
61614229
61615317
61575550
61577173
61577654
61576328
61576552
61616969
61617274
61577388
61617870
61618067
61620974
61581038
61581372
61581647
61581881
61582054
61582439
61582598
61584149
61584387
61583445
61583590
61624227
61624491
61586344
61586496
61586583
61586845
61587161
61587481
61587869
61588275
61588632
61589031
61588135
61589915
61589347
61589896
61592815
61592988
61593287
61593706
61596468
61596832
61595070
61596790
61597310
61597196
61597752
61597962
Peak: 62105332
Average: 58890520.152739994
