0
164511
494919
815359
1547277
2128534
2557381
2987797
3491816
3854890
4339934
5207628
5384610
5732254
6187201
6676117
7120300
7358164
7764328
8322764
8740157
9014678
9330074
9564875
9902519
10673601
11004973
11603991
12409791
12717765
13017798
13506111
14056499
14551251
15107728
15629148
15976389
16288995
16510657
16641388
16704941
17049466
17218398
17506262
17894526
18045159
18275709
19567213
19387329
19568195
19674836
19677448
19915372
20105384
20250572
20422171
20803484
21348220
21732841
22144088
22626199
23229074
23493847
23966615
24260123
24422774
24583144
24732166
24927781
25138552
25410134
25817089
26120448
26617231
26994167
27598803
28286591
29148148
29808935
29906660
29911916
29915396
29929397
29932485
29959778
30533453
31001151
31411345
31577506
31865028
32054668
32301746
32347219
32446428
32522311
32606559
32845162
33200674
33769610
33844115
34330856
34451162
34622674
34669679
34687829
34726378
35034139
35189134
35762193
35957522
36259496
36738612
36809650
37075081
37755018
37971129
38365845
38365608
38365908
38365853
38228175
38680825
38880786
39087341
39149766
43128899
43160255
43463919
43564427
44104037
44139574
44198816
44270034
44341186
44404010
44462009
44518061
44556133
44636465
44668794
44894703
45102788
45189411
45613298
45810436
46093510
46684450
46817529
46877367
47070518
47171844
47232336
47467666
47537530
47665513
47980754
48108220
48350312
48553115
48681700
48941619
49451036
49456815
49380512
49518118
49599928
49728832
49921720
50186151
50256385
50343430
50369414
50395318
50425386
50505384
50499445
50699368
50761372
50863520
51076431
51404010
51543024
51845346
52102793
52483439
52681205
52937557
53373871
53841589
54377506
54506715
54558090
54609283
54700080
54722727
54865661
55004175
55032485
55101464
55567565
55941392
55951065
56109155
56526775
56948628
56982474
56975908
57383840
57487183
57676974
57884148
57979472
58192352
58249293
58483025
58673647
58446591
58549495
58679065
58982900
59747716
59868716
59953580
60019940
60079460
60134702
60289196
60336849
61159690
60783067
60925516
60724947
60729254
60734059
60737025
60739361
60740864
60743723
60744012
60747220
60747978
60750381
60752068
60753794
60754074
60756518
60756564
60760429
60761461
60762903
60764997
60765884
60766247
60766508
60768798
60767938
60770871
60771122
60771759
60772519
60772555
60773887
60775283
60778063
60778379
60777352
60777940
60778665
60780180
60780920
60783059
60783434
60783698
60784607
60783263
60785708
60786448
60789735
60788891
60791563
60791482
60791108
60791554
60793555
60795662
60796129
60796854
60798237
60799085
60798441
60800368
60800944
60804407
60805924
60804764
60805300
60807243
60806533
60806734
60809522
60808246
60810742
60809943
60812607
60813398
60812929
60813652
60815376
60818775
60817486
60821532
60820568
60819575
60821257
60820716
60820524
60821791
60822972
60822876
60825805
60824547
60824970
60825379
60825629
60828476
60828799
60829122
60830425
60831045
60831396
60829830
60830722
60831714
60832071
60833933
60834249
60833163
60833142
60834042
60836531
60841307
60839262
60839281
60839255
60840922
60840059
60841045
60840990
60842477
60843117
60843694
60844075
60842959
60847919
60848696
60848582
60848673
60848488
60850571
60850588
60851155
60849487
60855291
60852287
60852385
60851474
60856982
60852991
60855374
60854546
60854834
60859111
60859797
60860487
60858740
60864770
60861628
60861594
60861481
60863296
60862461
60863878
60862747
60863003
60865619
60866276
60866838
60873746
60874264
60870679
60871225
60871836
60872312
60870774
60877338
60872061
60874200
60873676
60873514
60879453
60880262
60874874
60879797
60879211
60879199
60879433
60885475
60886172
60886757
60887212
60887539
60881678
60883874
60882767
60882615
60889859
60883884
60885938
60888240
60888273
60889735
60890505
60890993
60891395
60890614
60892322
60892254
60892792
60892161
60892747
60893049
60895268
60895283
60895846
60898953
60899434
60897722
60905754
60899037
60906578
60899753
60900708
60901338
60901543
60903083
60903593
60902759
60910090
60903539
60903173
60914062
60914781
60907356
60909489
60910007
60910618
60908843
60917739
60918547
60910902
60911787
60913577
60912599
60920602
60912642
60921274
60924723
60916904
60917371
60926061
60918152
60920220
60920892
60920443
60920852
60920797
60921008
60922299
60929922
60923984
60923221
60924171
60927399
60927972
60926987
60927379
60927678
60928073
60937010
60928332
60937705
60938297
60939187
60939468
60930823
60932666
60932245
60933147
60935758
60936030
60935906
60945599
60936877
60938518
60937087
60939580
60940040
60940435
60940958
60939347
60940422
60940210
60940469
60950790
60953875
60954526
60946706
60947156
60947873
60947489
60947325
60948224
60949913
60950270
60950833
60951420
60950181
60951877
60960981
60961112
60952575
60955198
60954774
60965646
60966246
60966788
60956819
60958794
60958250
60959199
60959035
60959358
60960931
60961353
60960458
60960714
60965162
60965954
60966507
60966776
60967196
60966662
60966833
60967263
60968823
60968020
60968783
60968888
60969044
60969388
60969605
60981192
60981705
60973665
60975473
60975998
60976288
60977107
60976311
60978015
60977232
60988183
60976839
60977893
60978692
60978302
60980629
60981203
60979880
60994503
60983421
60984227
60985361
60985165
60985579
60985809
60997745
60998124
60986399
60986880
60999524
61000124
61000702
60989330
60991508
60994540
60994980
60995591
60995935
60996479
60996795
60997201
60997729
60996372
60996730
60997218
60998933
60999483
60999752
61000307
61000812
61000370
61002538
61003010
61003333
61003879
61003654
61006333
61006804
61007309
61007711
61008099
61008587
61009017
61009491
61009972
61009482
61010315
61012048
61013870
61014439
61014804
61015322
61015673
61016082
61016533
61017243
61029545
61016380
61018123
61018525
61019122
61019421
61020107
61022045
61021779
61022232
61036302
61036672
61037004
61037566
61024755
61026003
61026446
61027348
61027786
61027838
61028254
61028605
61029513
61032535
61032559
61032408
61033507
61033831
61034190
61032861
61033147
61033628
61034146
61034576
61034862
61035292
61037841
61037280
61038910
61041870
61055426
61041638
61042170
61043908
61042846
61042466
61044228
61045300
61045757
61046173
61046473
61047005
61047547
61048056
61047135
61050380
61051716
61052526
61052436
61052814
61051570
61067311
61067837
61068270
61068603
61069230
61069691
61070118
61070705
61054957
61056117
61055741
61059660
61060255
61060606
61061022
61061929
61063237
61063195
61063467
61061855
61062628
61064929
61063627
61064475
61066163
61065341
61067227
61069931
61070224
61070595
61070997
61086493
61070529
61071061
61071310
61073118
61073585
61074029
61074438
61074803
61075219
61075590
61074449
61076383
61078326
61095189
61080543
61081010
61079787
61079720
61080201
61082623
61083090
61083588
61083696
61082785
61083215
61100892
61101426
61085823
61088907
61089425
61089831
61090982
61090145
61090698
61091135
61091651
61092193
61093261
61093779
61110447
61110603
61111291
61111573
61093958
61097726
61098348
61098389
61116584
61116981
61117520
61100312
61101711
61100628
61119344
61119985
61120018
61103838
61103747
61104545
61103678
61122344
61125229
61125800
61126075
61107954
61108275
61108691
61111297
61111585
61110190
61112502
61111098
61111860
61113839
61113311
61114629
61114728
61117756
61116663
61118497
61119429
61117967
61118610
61119074
61119981
61121327
61121340
61121707
61122323
61122743
61123071
61123621
61123972
61123159
61126322
61127821
61126443
61128375
61127697
61128378
61128845
61129739
61129678
61130210
61131952
61150360
61150688
61150867
61151125
61131584
61134552
61135054
61137356
61137938
61137909
61137035
61157407
61158020
61158173
61158510
61138453
61138943
61140213
61141901
61142170
61141070
61144414
61144384
61145255
61146875
61147441
61148630
61147446
61148948
61148241
61148476
61169421
61149134
61151503
61151555
61152138
61171707
61151001
61154695
61155371
61156871
61156610
61158087
61158147
61158484
61178053
61159255
61159677
61160208
61158336
61160973
61161273
61161333
61160975
61162749
61165695
61165862
61186029
61164688
61165628
61167507
61168297
61168268
61188944
61189363
61168355
61169471
61170267
61170878
61171086
61171626
61173248
61195360
61175632
61176025
61176490
61175898
61177165
61177399
61177993
61176530
61178817
61179367
61179392
61200744
61180427
61179821
61180695
61184579
61184715
61183776
61183935
61186050
61185142
61185743
61186344
61187552
61186795
61209482
61209915
61187170
61188426
61190148
61190513
61190887
61193280
61194184
61194570
61193825
61217028
61217106
61194272
61194725
61195876
61195841
61197968
61198380
61198089
61199705
61198359
61198789
61201880
61225102
61203703
61204208
61204471
61203621
61203173
61205657
61204918
61204912
61228904
61205398
61206647
61208421
61208967
61209239
61208903
61211884
61236161
61213248
61214606
61237839
61215864
61215273
61216236
61215143
61215316
61218061
61216823
61217376
61217764
61219000
61242520
61242617
61221026
61221899
61222731
61224435
61222968
61223869
61223835
61248896
61224136
61226680
61227182
61227491
61227376
61227214
61228173
61228862
61255504
61230420
61231792
61233408
61233652
61234246
61246851
61250088
61249880
61251087
61250599
61251195
61253512
61253972
61254788
61253504
61254217
61257970
61258890
61259199
61259472
61258659
61284444
61260871
61261729
61260420
61262247
61286777
61287215
61261661
61262262
61263107
61264534
61289467
61267110
61268914
61268571
61294057
61270312
61270742
61271178
61271745
61270612
61271346
61273037
61271527
61298350
61298740
61272346
61273504
61275351
61276757
61303607
61277052
61279501
61279989
61280364
61279188
61280026
61280596
61282000
61282393
61281703
61282652
61283457
61309609
61309638
61285000
61288011
61286185
61286961
61289139
61289547
61289765
61289213
61290792
61291112
61291471
61290727
61292412
61291273
61319112
61291758
61292697
61296867
61297704
61297902
61297230
61298744
61299057
61299888
61298723
61299689
61300655
61327323
61300743
61301804
61303785
61330252
61302699
61304847
61306931
61308285
61307174
61307682
61308578
61310043
61337379
61337599
61309499
61310471
61338904
61310741
61311616
61312185
61313549
61313510
61313933
61316495
61345605
61318017
61317519
61346673
61318154
61319083
61348281
61319376
61321869
61322254
61322513
61321784
61321186
61323658
61324151
61323535
61325929
61328192
61328462
61327897
61328538
61329912
61328812
61329393
61331209
61329802
61359474
61330061
61331297
61360590
61331230
61333730
61334074
61336525
61335410
61338005
61338223
61338664
61337400
61338220
61339894
61338694
61368807
61338296
61337308
61367479
61337336
61339884
61340314
61339341
61343932
61342474
61372828
61343300
61345441
61345737
61374671
61346401
61345844
61347521
61346963
61346605
61346432
61348874
61349690
61378270
61350188
61353262
61352302
61353326
61352767
61383944
61384037
61355585
61355994
61356218
61385863
61355322
61357356
61357378
61356246
61356940
61359162
61358921
61361205
61362987
61361689
61393189
61363989
61364034
61394079
61364977
61365204
61363628
61366251
61365028
61366773
61396980
61366036
61366113
61368470
61371601
61401818
61372317
61372616
61372303
61371635
61373819
61404358
61372900
61375122
61405699
61373764
61376162
61376485
61375872
61407529
61377853
61380806
61379449
61380861
61381630
61412369
61380256
61382096
61382039
61412603
61380900
61382569
61412630
61380364
61380760
61382438
61382288
61382865
61381145
61381379
61381449
61382218
61413206
61412863
61380593
61382788
61382799
61382670
61382783
61381460
61382753
61413228
61382866
61381293
61413118
61382917
61382960
61413268
61383235
61383120
61381818
61381315
61383391
61382178
61382299
61381623
61383233
61382382
61381722
61383920
61382467
61383811
61414098
61381675
61383761
61383625
61383654
61382818
61383395
61383603
61383029
61382594
61384414
61382838
61382863
61414490
61414205
61384009
61384041
61384007
61383996
61382936
61383322
61384018
61384058
61382989
61384032
61414859
61383044
61384392
61383832
61384218
61383227
61414711
61382880
61384280
61382780
61384660
61384548
61384431
61383364
61384630
61382787
61414856
61383043
61384515
61414656
61384669
61384548
61383433
61383609
61384265
61415067
61414956
61383565
61384913
61384886
61384737
61383644
61384637
61384422
61383565
61384905
61383179
61414976
61384978
61384873
61383143
61384052
61384928
61415553
61385101
61385115
61385090
61383956
61385440
61415599
61384544
61385225
61383971
61415430
61385291
61385132
61415550
61385363
61385191
61384138
61383423
61385584
61385523
61385576
61384499
61385888
61385373
61416239
61383784
61385993
61385837
61385776
61416092
61385875
61385995
61385813
61384565
61384813
61386070
61385740
61416348
61386120
61386056
61385972
61416302
61386157
61387612
61387539
61386544
61387907
61387163
61387732
61418250
61387901
61387746
61386697
61387651
61387845
61387813
61386739
61387088
61418514
61387028
61386631
61388231
61388036
61418447
61386557
61388330
61387042
61387494
61386725
61418881
61386293
61388386
61388476
61388425
61388298
61387293
61387775
61388427
61389000
61387277
61386398
61387988
61387328
61387931
61418702
61388033
61387559
61388778
61388714
61388689
61387698
61388994
61387159
61419392
61387709
61389208
61389107
61389568
61387828
61388420
61387447
61389183
61389184
61388049
61388962
61419583
61388252
61388775
61387252
61389403
61389186
61388300
61387206
61389233
61388000
61388691
61387673
61389414
61388273
61389310
61387590
61388044
61387867
61389636
61419832
61387448
61389773
61389633
61390018
61388277
61388886
61388454
61390149
61388505
61389777
61389871
61388466
61388752
61388334
61420447
61388378
61388828
61420334
61388720
61388619
61388403
61420496
61389440
61390193
61390143
61390702
61388277
61390342
61390356
61390980
61420979
61390497
61390412
61388792
61420607
61389258
61390657
61390542
61390558
61390157
61390433
61421054
61389800
61388568
61390639
61390761
61389318
61389552
61389571
61389191
61421211
61388752
61390940
61390804
61390697
61389846
61390907
61390881
61390838
61389676
61389947
61390738
61421312
61389070
61391231
61390466
61391063
61389198
61391284
61391148
61391174
61390118
61391007
61421624
61391693
61390318
61389613
61421784
61391473
61391556
61391384
61390520
61391169
61391559
61390308
61391587
61422056
61391631
61390975
61422043
61389697
61390272
61390046
61422142
61389747
61391863
61391724
61391702
61392107
61392581
61393508
61393363
61392307
61392226
61391876
61423709
61392328
61393645
61424093
61391649
61393732
61392448
61424056
61393694
61393695
61392126
61423877
61393788
61393765
61393791
61424238
61393810
61393863
61392804
61392470
61394034
61393961
61424663
61394352
61394189
61394299
61392906
61392352
61394495
61394197
61393192
61393529
61394364
61394308
61392728
61424734
61392370
61394510
61394381
61394756
61394641
61395797
61426528
61394289
61396340
61396392
61396498
61395368
61395663
61394814
61396872
61395409
61396703
61396882
61396908
61395793
61397121
61397132
61397121
61396130
61395258
61397340
61397318
61396237
61396509
61395696
61397394
61396464
61395906
61427858
61397478
61397379
61427936
61396900
61396367
61427925
61397779
61397804
61396635
61396915
61428361
61395747
61397835
61396927
61428190
61397887
61397977
61397868
61397856
61396103
61395952
61398001
61398370
61396917
61428338
61398181
61397987
61397588
61398157
61428953
61397594
61397980
61396996
61428927
61398804
61397707
61429220
61397894
61397399
61398367
61396989
61429132
61396724
61398891
61398950
61398665
61397622
61397627
61397161
61398881
61398787
61429254
61397430
61399060
61398924
61397964
61399179
61397374
61429363
61399237
61399218
61399095
61429667
61397080
61399049
61399060
61399062
61397883
61396973
61399017
61399032
61397792
61397968
61397400
61429467
61397451
61399169
61399195
61429661
61399484
61399560
61399473
61399523
61398368
61399714
61397944
61429878
61398200
61398493
61399602
61429915
61399825
61399737
61399828
61398782
61398913
61398569
61399935
61399998
61398905
61398070
61398678
61398696
61400260
61399167
61399660
61398703
61430699
61430587
61400479
61399816
61430679
61400434
61398657
61430690
61400613
61400943
61430801
61398940
61400597
61400785
61431151
61398820
61400936
61400917
61401346
61399832
61402851
61401883
61401390
61402081
61401595
61402816
61402842
61433278
61403083
61403146
61401403
61401712
61403030
61401372
61402223
61403201
61403291
61433824
61401148
61403288
61403103
61402851
61433448
61401976
61403372
61402730
61401931
61403443
61401628
61403265
61402049
61402683
61401750
61433972
61402068
61403776
61403701
61403604
61402507
61402993
61403813
61403379
61403645
61402517
61403649
61434196
61401909
61404115
61403767
61402609
61401747
61404109
61404468
61402932
61403797
61434655
61434297
61404068
61403205
61434511
61434475
61402815
61404342
61404292
61404281
61434809
61404441
61403235
61404121
61434748
61403338
61403902
61404269
61434976
61402588
61404708
61404696
61403853
61403192
61435188
61403359
61403508
61435221
61404101
61403819
61402802
61403668
61403113
61435335
61403821
61405261
61403330
61435538
61405017
61404374
61403417
61406939
61405071
61404127
61405156
61435510
61404375
61404166
61405332
61435958
61403360
61404185
61405549
61405637
61404636
61405885
61404049
61436003
61405909
61405934
61405858
61404254
61404576
61406157
61405958
61404868
61404180
61406317
61406110
61404533
61405045
61406181
61406145
61405014
61405110
61436467
61436597
61406068
61404271
61406285
61436430
61406247
61406124
61406269
61405060
61406004
61404572
61436601
61405041
61404617
61406394
61404420
61406716
61405228
61406449
61405156
61404804
61404819
61405492
61404585
61406629
61406524
61405993
61406774
61406401
61436937
61406638
61404919
61406861
61406735
61437440
61405689
61404833
61406757
61406820
61405713
61406898
61406737
61407105
61405755
61406809
61437384
61437428
61407118
61407075
61405965
61406975
61437572
61407080
61407289
61407144
61406112
61405952
61437835
61405152
61437716
61407291
61407302
61407229
61406446
61405345
61406087
61405704
61405635
61407666
61407524
61407570
61406425
61407585
61406605
61438082
61406610
61407713
61406972
61407482
61407371
61437978
61406636
61407903
61407883
61406558
61406820
61406289
61438283
61406788
61407979
61438491
61407821
61407912
61438118
61406906
61408144
61408026
61408919
61410522
61410419
61440897
61410415
61410289
61409083
61410154
61440686
61408325
61408833
61410405
61410364
61409165
61440279
61409104
61408595
61440426
61410243
61410244
61408847
61440528
61410218
61410062
61408547
61410675
61410501
61440782
61410637
61409472
61409596
61409099
61441149
61409658
61410978
61410773
61410748
61410033
61409001
61441209
61409310
61440989
61410966
61411006
61441523
61411199
61410955
61409937
61411121
61409493
61411223
61411299
61411185
61410507
61409533
61412949
61409049
61411128
61409877
61409055
61411185
61409877
61411186
61409998
61411155
61410458
61441444
61411240
61411186
61411226
61410460
61441711
61441620
61411108
61441479
61411328
61411781
61410161
61411135
61441745
61410667
61441619
61411337
61411211
61410265
61411236
61441855
61441748
61411640
61409713
61411637
61410089
61410388
61409916
61441737
61411653
61411514
61411765
61410712
61411605
61442288
61410229
61411982
61411817
61410576
61410451
61442147
61409860
61411932
61411997
61411986
61411950
61412080
61442361
61410865
61442224
61411987
61442534
61411041
61410668
61412271
61412156
61412182
61411099
61410630
61411491
61442592
61412215
61411054
61412524
61411162
61442841
61412634
61412546
61411327
61412890
61442924
61411898
61412624
61410565
61412586
61412780
61442854
61412921
61411543
61413030
61442792
61412727
61412783
61411601
61412425
61442987
61412917
61412757
61411713
61412588
61411092
61412974
61412791
61412622
61411464
61412811
61443203
61411659
61411292
61412949
61412924
61411919
61412764
61413064
61443596
61412037
61413293
61413186
61412007
61443849
61413285
61412065
61413474
61413374
61411264
61413418
61412999
61413534
61412642
61411672
61443724
61413529
61443798
61413521
61412483
61411730
61443850
61412312
61413530
61413289
61412377
61412121
61444045
61443788
61412371
61413603
61422074
61414040
61413283
61414651
61415431
61415739
61445682
61415551
61415485
61414439
61445879
61413842
61415725
61414524
61416368
61446399
61416038
61415850
61416183
61446452
61414836
61416123
61414814
61415983
61446493
61414859
61416211
61414957
61414475
61414137
61414094
61416142
61415960
61416393
61414848
61416449
61414525
61446702
61416300
61416407
61416218
61414397
61415155
61415703
61416437
61415412
61415561
61415048
61447344
61416990
61416813
61416194
61447260
61416864
61419156
61419072
61418200
61417480
61449772
61419421
61419343
61418346
61419320
61421381
61417615
61419745
61418632
61418067
61417862
61420044
61419835
61418623
61417474
61418194
61419947
61420058
61418787
61418409
61418102
61420092
61420022
61418826
61418687
61450519
61420115
61420208
61450378
61419298
61418216
61419998
61418843
61418539
61420268
61419059
61420435
61420486
61420522
61420425
61419884
61451108
61420629
61418623
61419018
61418744
61418467
61420508
61420438
61419445
61450824
61420318
61420422
61420373
61419494
61418270
61450996
61420541
61420706
61419493
61419014
61451018
61419394
61420667
61420822
61419589
61420722
61450836
61420824
61420730
61420066
61419109
61418853
61420846
61420758
61419552
61418804
61451111
61420955
61421123
61420795
61421057
61451274
61421341
61421051
61420840
61420944
61419424
61421174
61421134
61421133
61420150
61451619
61420211
61421422
61451964
61421571
61451991
61421362
61419754
61420053
61452071
61421544
61419725
61421515
61419894
61422103
61422409
61422033
61421774
61420228
61422050
61421974
61422281
61420854
61452392
61422378
61422489
61421587
61420630
61420432
61422528
61422311
61421709
61421055
61452851
61422545
61422475
61422820
61424323
61420599
61422551
61421304
61453153
61422787
61421448
61421415
61422595
61453193
61422938
61421684
61422753
61453577
61423115
61421786
61421722
61422738
61453313
61423165
61423522
61423304
61421512
61421180
61422137
61453383
61421533
61422742
61422479
61453535
61453828
61423188
61421992
61422864
61453472
61423291
61422646
61421922
61422405
61453826
61423543
61423390
61422157
61423183
61453540
61422202
61423403
61422221
61422967
61453677
61423240
61421260
61423194
61421378
61423483
61422093
61423301
61421757
61423245
61423510
61423656
61422354
61454045
61423759
61423654
61422987
61423632
61454083
61422589
61423882
61422786
61422207
61423239
61421981
61423865
61422645
61423763
61423277
61423979
61422546
61423737
61422679
61454256
61424001
61454624
61424233
61423707
61423179
61454677
61422849
61454680
61424340
61423203
61422658
61422504
61424634
61422370
61424373
61424518
61424296
61422875
61455149
61424790
61424610
61423667
61424539
61454989
61423811
61425111
61423656
61424696
61422976
61425061
61424124
61424752
61455459
61425049
61424937
61425131
61424830
61455548
61425226
61424985
61424369
61423385
61423115
61425156
61425011
61425067
61455654
61424009
61425247
61425294
61425550
61455664
61423771
61425263
61423958
61425491
61424536
61424801
61425417
61424205
61455806
61425374
61425682
61455756
61425617
61424878
61424441
61423893
61425918
61425377
61424500
61425548
61428185
61458694
61428187
61428414
61427722
61428305
61426899
61428234
61428496
61459128
61428721
61427244
61427313
61427589
61427100
61428562
61428611
61427888
61458941
61427123
61428701
61427447
61428313
61459110
61458993
61428922
61427979
61427105
61427102
61428069
61428763
61427585
61459054
61428244
61426955
61427611
61459114
61427685
61426788
61427591
61459487
61426774
61428708
61427424
61428453
61429059
61427080
61428803
61427144
61427296
61428867
61427945
61429011
61427567
61428089
61429212
61428057
61429586
61429507
61459803
61429516
61429446
61429722
61459608
61429473
61428875
61429612
61459912
61429597
61459994
61429747
61429450
61428313
61460268
61430134
61429066
61428609
61429621
61427884
61430095
61429885
61428867
61429112
61429843
61430136
61430155
61429961
61428514
61428615
61429731
61428593
61430190
61460798
61430281
61430391
61429678
61429056
61428874
61430478
61460911
61429323
61460727
61430635
61430592
61430810
61460796
61430680
61429354
61428690
61430707
61429495
61429023
61429945
61430781
61429668
61429130
61428796
61429266
61430995
61461345
61429770
61429919
61430056
61429917
61461635
61429710
61430148
61431273
61431192
61430168
61430617
61430142
61431620
61461873
61430372
61431573
61431602
61431431
61430948
61431608
61429797
61430189
61461824
61429584
61431529
61430251
61431363
61461883
61431722
61431586
61430216
61431545
61461891
61431834
61431609
61430500
61429569
61462188
61431802
61430610
61431524
61462123
61431890
61431877
61430599
61431684
61430386
61431069
61462341
61432072
61431896
61430663
61462079
61430607
61431832
61430866
61430052
61429877
61431990
61431835
61431067
61431857
61431281
61432398
61431998
61431693
61432151
61432029
61431001
61462679
61432039
61431129
61431915
61430560
61430867
61462460
61430961
61432134
61431930
61430873
61430712
61430745
61432045
61462559
61432246
61431817
61430774
61430637
61462839
61432536
61431901
61463194
61430850
61432497
61432536
61431423
61462809
61432501
61432362
61432412
61432668
61432444
61430607
61432467
61462874
61431476
61430898
61430820
61431075
61432575
61432631
61431896
61431103
61430673
61432841
61432672
61432950
61433015
61430846
61432822
61431489
61433240
61463353
61432874
61432711
61433101
61432726
61432943
61431583
61431804
61432799
61433256
61433130
61432175
61463674
61433285
61433617
61434889
61434924
61434042
61465684
61435282
61435232
61435291
61435476
61433461
61435550
61434077
61435560
61434739
61466214
61434454
61466142
61435536
61434772
61434105
61466369
61435244
61436042
61435984
61435292
61434879
61434482
61434355
61436399
61435822
61435203
61436530
61435270
61434637
61434950
61436372
61436656
61466782
61436556
61436438
61436165
61434455
61436673
61436456
61435075
61436601
61436355
61434992
61436649
61436753
61435856
61467059
61436821
61436843
61436769
61435656
61435173
61435120
61436999
61435670
61436315
61436954
61435348
61437200
61437452
61436367
61436724
61467372
61438479
61438274
61439316
61440128
61439684
61440021
61439895
61438871
61438378
61439824
61438035
61440076
61438771
61440289
61470566
61438006
61440280
61440041
61438846
61438782
61438231
61439078
61438593
61438374
61439052
61470431
61440143
61440238
61470787
61440747
61440813
61440647
61439588
61471375
61439335
61471043
61440579
61440435
61439705
61438798
61440897
61439712
61440992
61440814
61439108
61471438
61441081
61440961
61439629
61440974
61441499
61441491
61440298
61441588
61439882
61441636
61441599
61440458
61441981
61472449
61440042
61441853
61440342
61471964
61441021
61441782
61441775
61471910
61440544
61441988
61441730
61441200
61472276
61441838
61439842
61441809
61442104
61440254
61440351
61441970
61472339
61441935
61442039
61441800
61472431
61442364
61472912
61442772
61442012
61472693
61442535
61442262
61441285
61441255
61472572
61442471
61442335
61442365
61441274
61442122
61472962
61442587
61472705
61442484
61442183
61441369
61440622
61442570
61441283
61440817
61472691
61442526
61440982
61442465
61441399
61440438
61442183
61442582
61442588
61441608
61442830
61442561
61441029
61442775
61442723
61443224
61473362
61441405
61442787
61441082
61441590
61473288
61442953
61442937
61442949
61473457
61441891
61473312
61443381
61443248
61442029
61443285
61473468
61442064
61442743
61473717
61443441
61442136
61443173
61442190
61473690
61443457
61443816
61443360
61443685
61473741
61443633
61443569
61443448
61442539
61442106
61442517
61473893
61442088
61442288
61442164
61443662
61442504
61442011
61473832
61442327
61443699
61442538
61441751
61443764
61442586
61443787
61443786
61443048
61442285
61474173
61442421
61444054
61443957
61443194
61442834
61474231
61474543
61444075
61442890
61443933
61444244
61474759
61444355
61443047
61443130
61475080
61444678
61443325
61442603
61444661
61443424
61474915
61444756
61444341
61444248
61474677
61442845
61475035
61444609
61443936
61443020
61442856
61444908
61444742
61443758
61444078
61475424
61443451
61445097
61443995
61444914
61475322
61445142
61445049
61444188
61443455
61475691
61443609
61445324
61445190
61444622
61445081
61475674
61443426
61445458
61445247
61444192
61445444
61476094
61444006
61445523
61445737
61445382
61445791
61444253
61444493
61445995
61446320
61444282
61445949
61445351
61444384
61445762
61476423
61446046
61444974
61444310
61446127
61444969
61444356
61476396
61444554
61444073
61444894
61444572
61445439
61445061
61447979
61444200
61446249
61446341
61476630
61446560
61445198
61446403
61445705
61477058
61445000
61446771
61446605
61445634
61445761
61445081
61477235
61447119
61446764
61445537
61446157
61477319
61446149
61447022
61446840
61445934
61446878
61445357
61477336
61447235
61446033
61445535
61477736
61447138
61446964
61477701
61447336
61447244
61446298
61447041
61477833
61445812
61447383
61447535
61446363
61445394
61447606
61447413
61447191
61447603
61447778
61477764
61447723
61447583
61446508
61478215
61447023
61447824
61448277
61447789
61447581
61447091
61446319
61447768
61448099
61478432
61445939
61446427
61447988
61448188
61446853
61478218
61448161
61478495
61448091
61446738
61447085
61447220
61448224
61446739
61448189
61447699
61478651
61447412
61448626
61446695
61447154
61446706
61446501
61448542
61448359
61447437
61448213
61478978
61447221
61478981
61451870
61451905
61451781
61450701
61451522
61482050
61450173
61451929
61452235
61451963
61450079
61451907
61451511
61452066
61450567
61452131
61452203
61450413
61450434
61452082
61451842
61451034
61450223
61452363
61450962
61452163
61452351
61482891
61452465
61451355
61450907
61450794
61482991
61452927
61451663
61483210
61451936
61452165
61451434
61451061
61452752
61452918
61451784
61452755
61483341
61453025
61452937
61452888
61451538
61452107
61483386
61453190
61452941
61451917
61451931
61483362
61453644
61453387
61483593
61451711
61452625
61453270
61452966
61452046
61453329
61452169
61451761
61455364
61451607
61453417
61453238
61454081
61453844
61453909
61453990
61453892
61452798
61452316
61452242
61453937
61452717
61452258
61484383
61452432
61454031
61452668
61454252
61484596
61452197
61454300
61454056
61454128
61453869
61453351
61454329
61452436
61454084
61484598
61453542
61453665
61453660
61453968
61454385
61452904
61453323
61454072
61453435
61453080
61454532
61453916
61454321
61485020
61453982
61454845
61453582
61452678
61453139
61455005
61454846
61454407
61453286
61453804
61455059
61453576
61455112
61485272
61454999
61454870
61453799
61453306
61453775
61453813
61453854
61456669
61457003
61456885
61456027
61487497
61456292
61455102
61457096
61456527
61455508
61487503
61457456
61457365
61456097
61456833
61457302
61456268
61457736
61457508
61456503
61488143
61455641
61457768
61457618
61456983
61457676
61488081
61457767
61456489
61457577
61488292
61457898
61457813
61456618
61457268
61457816
61488544
61458318
61488376
61457840
61488320
61458074
61457938
61457913
61457001
61457852
61488380
61458071
61458223
61457027
61457998
61488595
61456889
61458276
61458425
61457550
61456961
61457935
61457577
61489022
61457155
61457813
61458547
61458469
61458836
61457627
61456984
61489054
61458796
61458606
61457864
61457044
61458065
61459068
61458748
61458764
61458590
61458131
61457529
61459069
61458924
61457916
61459233
61457554
61458535
61489574
61459375
61458081
61459144
61489508
61459298
61459258
61458025
61458138
61489735
61459464
61458883
61458167
61459063
61489850
61457802
61489675
61459125
61457397
61460942
61489499
61459169
61458032
61457566
61459648
61457403
61459195
61458294
61459172
61457992
61458657
61459206
61458590
61457786
61457332
61459517
61458748
61457466
61459531
61458356
61459280
61459916
61489864
61459622
61458444
61459576
61490178
61459699
61459435
61459781
61458644
61490033
61458378
61459901
61459933
61458826
61459637
61458649
61457659
61459657
61459041
61458327
61458329
61459931
61460381
61460269
61459046
61458601
61459022
61458721
61460251
61459522
61490903
61458345
61460458
61460228
61458685
61460606
61458883
61459487
61460483
61458856
61459275
61458755
61458488
61460559
61459221
61460189
61491077
61459431
61460842
61460707
61459573
61460445
61490980
61460875
61459094
61459153
61460748
61491211
61460827
61460683
61491286
61461014
61461043
61459803
61460811
61459347
61459995
61461271
61459840
61461380
61460891
61461286
61459837
61461322
61491549
61459632
61461097
61459792
61461353
61461504
61459486
61461695
61461526
61491713
61460311
61492079
61461739
61461504
61491767
61460369
61459612
61461530
61460345
61459804
61459637
61491890
61461669
61460738
61460077
61492090
61460642
61462038
61461859
61460755
61462083
61492318
61462122
61460019
61460699
61492372
61460918
61462266
61462107
61460139
61460792
61461639
61462048
61461014
61462465
61462604
61460600
61462801
61462748
61461997
61461588
61461315
61462703
61463032
61462587
61463009
61463151
61462481
61462962
61461101
61463089
61493637
61463206
61463061
61463185
61463059
61462641
61463363
61462069
61463023
61461254
61463432
61463236
61462363
61463458
61462628
61463525
61462792
61497439
61466105
61497846
61467451
61467323
61466208
61465648
61466298
61467431
61467323
61466670
61497817
61466184
61497631
61467145
61466058
61466100
61465474
61467396
61466877
61466327
61466610
61497989
61465903
61467659
61467010
61498192
61466328
61497850
61467632
61467591
61467066
61467853
61466693
61467743
61466084
61467909
61467856
61467668
61466356
61498499
61466894
61467976
61498262
61466916
61467796
61498296
61468231
61468006
61466931
61466083
61467156
61466667
61468051
61498584
61467417
61466467
61468262
61467125
61466479
61468092
61468463
61467841
61467316
61466259
61467350
61467302
61468503
61468557
61467313
61466742
61467887
61468640
61468423
61467882
61466802
61498839
61467167
61468707
61467884
61468765
61467532
61468986
61468622
61499156
61468877
61468780
61469084
61499289
61467781
61468097
61467647
61499393
61467577
61468931
61467408
61467779
61499372
61467425
61467090
61467695
61467199
61467021
61468990
61467538
61467831
61467338
61468207
61499586
61469104
61467781
61468323
61499941
61468210
61468718
61468089
61469102
61469446
61499926
61469680
61468519
61469313
61499889
61469706
61469481
61468409
61469542
61469310
61469800
61469661
61469941
61500039
61470050
61470024
61468709
61468213
61468764
61468388
61468588
61469885
61468871
61469836
61500156
61470367
61469040
61468772
61467926
61470052
61468840
61469257
61500612
61470375
61470206
61469345
61470315
61470171
61500849
61469161
61469427
61470775
61469754
61469354
61470143
61470925
61470928
61471088
61501629
61469680
61471262
61470097
61469411
61469957
61471158
61469796
61470104
61469769
61470784
61470686
61471727
61471341
61471565
61470104
61470446
61471924
61471096
61470083
61471815
61470839
61472016
61472052
61471722
61471826
61502250
61502680
61472030
61471507
61502712
61470857
61471092
61471131
61472530
61471703
61502915
61472636
61472825
61471414
61471145
61502948
61472792
61473004
61472607
61472484
61470740
61471944
61472650
61502870
61471473
61471330
61472918
61503261
61472974
61472975
61503400
61471672
61472948
61472785
61472936
61503432
61471761
61503548
61473415
61473392
61472176
61473045
61472207
61472143
61471945
61473293
61472846
61473621
61471586
61472431
61504097
61473894
61472462
61472771
61504312
61472667
61472219
61473972
61474264
61472219
61474359
61474166
61473131
61474118
61504408
61474171
61504372
61474192
61473079
61472487
61472261
61474285
61472833
61473153
61472646
61472277
61474270
61474248
61473680
61504827
61472995
61474553
61474435
61473523
61474272
61504859
61472794
61474517
61474421
61474602
61474742
61483508
61506898
61476762
61475802
61476800
61477363
61477429
61477308
61476904
61508155
61476435
61477704
61476478
61477653
61507962
61477654
61477186
61508150
61476508
61477840
61476546
61477123
61508514
61478079
61477933
61477389
61478164
61475944
61478060
61478239
61476842
61508275
61476902
61477355
61477382
61477032
61478316
61478177
61476634
61477054
61476825
61476823
61477956
61478317
61478442
61478115
61477544
61508860
61476424
61478321
61477711
61477247
61476394
61478405
61478538
61476476
61478575
61477380
61476972
61508859
61478775
61478630
61477232
61477565
61478684
61478877
61477688
61509321
61478812
61479108
61478904
61478095
61479138
61477182
61479391
61479099
61478582
61478057
61477192
61479486
61478273
61477312
61478171
61479536
61478118
61479250
61478141
61479448
61477968
61478247
61510074
61479740
61479619
61509882
61478362
61479715
61479851
61479606
61478921
61479664
61478486
61479932
61479689
61477831
61479749
61479816
61510189
61479872
61479124
61510288
61480087
61479894
61478777
61478093
61480106
61480248
61478415
61478908
61480163
61480420
61510614
61480406
61480192
61480513
61510502
61479907
61479618
61479605
61479334
61480518
61479394
61482315
61480611
61480741
61479472
61480706
61479695
61510942
61480834
61480702
61480031
61479422
61510893
61480874
61480198
61479813
61511370
61481111
61480006
61511617
61511533
61480987
61511577
61480987
61480269
61511656
61479831
61481221
61481413
61511522
61481355
61481080
61481459
61481618
61481562
61480178
61479733
61479738
61481682
61480336
61479939
61480057
61512168
61481716
61480493
61480034
61479733
61481832
61481848
61480553
61480183
61486236
61486170
61485579
61485977
61484295
61485853
61485233
61484750
61484446
61486491
61486370
61485307
61485352
61486674
61486702
61485335
61517160
61485571
61486724
61485539
61517551
61485729
61486841
61486184
61485184
61488705
61486678
61487021
61485864
61517411
61485376
61487517
61485525
61487302
61486656
61517445
61487302
61487196
61486073
61485508
61489036
61486992
61486785
61487579
61517797
61487318
61517706
61486117
61487164
61486564
61487636
61517622
61486444
61487485
61487419
61487541
61518027
61485464
61485942
61487722
61486999
61486150
61487786
61486547
61518102
61486370
61487759
61487608
61487081
61486076
61485697
61517984
61486584
61518171
61487817
61487763
61486736
61487697
61486045
61486088
61486741
61518477
61488193
61488232
61487432
61518678
61488080
61518712
61486963
61518746
61488522
61518787
61488370
61487130
61488002
61487061
61487486
61486991
61518775
61488392
61487665
61487245
61488141
61487685
61488441
61486684
61487374
61486906
61488350
61488321
61518681
61518506
61518552
61487349
61518920
61488759
61488063
61487473
61486864
61486615
61488361
61487498
61519121
61488974
61488658
61488022
61519205
61486987
61488942
61488893
61487211
61487559
61488797
61488121
61519203
61489163
61488176
61488912
61487264
61487533
61488950
61487690
61487753
61519378
61488986
61487640
61488639
61487104
61489193
61487239
61489009
61487425
61489075
61487090
61519481
61489060
61488172
61519618
61489259
61489189
61488283
61520006
61489367
61489382
61489618
61488831
61488584
61488474
61489549
61488045
61489948
61489680
61489040
61489685
61520196
61489861
61488529
61488064
61487681
61489897
61489796
61489612
61489351
61489414
61488882
61520553
61488887
61489212
61490103
61520646
61490229
61490002
61488966
61489043
61490258
61490019
61489005
61520607
61490299
61488644
61490330
61520941
61489296
61490496
61489625
61520622
61489924
61490493
61489161
61490335
61520686
61490282
61490410
61488646
61490276
61489053
61489253
61489021
61490885
61490879
61488496
61520968
61490454
61490734
61520776
61490850
61489271
61490760
61488806
61490424
61520907
61490357
61490721
61488843
61489654
61488941
61490862
61489757
61489336
61490053
61491169
61489966
61491150
61521611
61491420
61491323
61490400
61521883
61491589
61491670
61491701
61489611
61490531
61491670
61491616
61489848
61489832
61491856
61491051
61490144
61491750
61490839
61522150
61490598
61491810
61491499
61489752
61492012
61491783
61491856
61490276
61491760
61490636
61489804
61491800
61490269
61490894
61492054
61490423
61491975
61491984
61490951
61492104
61491468
61490307
61491318
61490371
61492097
61490588
61492311
61492596
61491454
61522670
61490955
61491575
61491548
61492486
61490369
61492404
61491273
61490811
61491433
61492700
61492465
61491289
61523014
61491035
61492743
61490897
61492664
61491458
61491000
61523088
61492637
61492939
61523101
61492870
61492728
61491809
61492686
61490849
61491108
61491685
61491136
61492942
61491623
61491946
61491892
61491996
61493242
61491988
61491992
61491298
61493421
61492317
61523917
61492707
61493549
61493551
61493415
61491671
61493503
61493744
61493884
61493869
61492389
61493848
61524365
61493905
61492726
61493694
61524363
61493789
61494003
61492417
61493793
61494223
61493066
61492624
61492886
61494159
61493121
61492489
61493486
61494219
61524542
61494234
61494332
61493054
61494142
61492347
61493429
61493299
61494725
61493339
61524937
61494546
61525020
61494766
61493386
61492972
61524919
61494566
61493497
61494478
61524857
61493052
61494836
61492814
61525281
61493486
61525482
61493714
61494895
61494290
61525394
61493719
61495194
61493947
61525745
61494055
61493991
61493934
61525619
61493705
61494537
61495420
61497109
61527533
61497302
61497395
61527626
61497366
61496481
61495620
61497388
61497453
61496142
61527857
61496321
61496185
61496454
61497635
61496020
61498033
61497985
61528094
61528432
61497959
61497702
61497857
61498502
61496968
61528456
61498092
61498001
61498148
61496585
61498332
61498392
61497323
61528600
61498391
61498144
61528619
61497237
61498414
61497136
61496859
61498582
61496947
61497934
61496997
61497320
61497592
61529173
61498822
61498747
61497859
61497187
61529437
61498862
61497779
61497315
61497912
61499178
61497894
61497021
61498310
61529653
61499375
61499223
61499143
61499023
61529759
61499392
61499353
61498680
61529867
61497995
61499481
61498268
61497865
61497824
61498216
61530292
61499765
61498192
61499853
61499622
61498296
61500063
61499868
61499702
61498667
61530445
61499996
61499816
61499734
61500142
61500106
61498798
61530355
61499846
61498579
61499441
61500168
61499034
61500235
61500362
61499455
61500205
61530596
61499677
61500387
61499040
61498712
61498456
61500353
61500382
61535587
61505364
61503833
61504485
61503545
61505219
61504168
61535592
61503680
61505268
61504613
61504574
61505471
61505863
61505572
61536019
61505722
61505587
61505272
61503603
61504558
61505889
61505643
61504722
61504120
61505323
61536365
61505975
61505970
61504079
61504933
61506542
61506342
61536645
61504986
61536671
61505218
61506553
61504884
61505766
61506683
61505415
61506556
61537098
61505200
61537299
61505665
61505269
61505784
61537177
61506842
61506142
61506289
61506254
61506935
61505894
61505487
61506299
61506985
61506992
61537181
61506968
61507186
61537295
61507128
61505802
61505399
61506571
61507126
61505460
61506137
61505311
61505809
61507305
61506499
61537550
61506102
61506620
61505536
61505256
61507225
61506235
61537923
61538114
61506393
61507501
61505785
61505454
61507473
61507283
61509316
61505517
61506176
61538186
61507755
61507517
61506304
61506640
61507673
61538248
61506181
61507065
61507024
61506576
61505696
61507901
61507529
61507751
61507572
61505787
61507756
61506544
61507868
61538139
61508256
61507913
61538329
61507865
61507611
61505792
61538588
61507921
61538305
61508052
61506806
61508161
61508288
61507403
61538315
61508285
61508054
61508430
61538798
61508385
61508302
61508633
61506547
61508518
61507391
61506452
61508432
61507295
61506771
61506995
61508638
61508276
61508610
61508540
61508818
61539328
61508287
61507814
61539163
61508924
61508803
61509180
61539201
61509172
61508359
61539565
61509062
61508014
61507542
61508460
61509347
61508121
61509325
61509276
61507529
61509713
61509543
61507309
61508170
61539603
61508045
61509925
61508161
61540023
61509730
61508908
61508029
61509207
61509736
61508320
61509118
61507819
61510110
61509817
61540289
61509734
61540218
61508807
61508821
61508435
61510044
61508592
61510321
61508844
61508743
61540564
61510068
61510230
61510005
61510335
61540738
61510006
61510319
61509171
61508675
61508827
61509636
61509165
61510437
61510418
61508993
61508891
61508433
61510463
61510660
61510481
61508934
61510708
61508974
61508688
61510003
61509112
61510504
61510586
61509248
61509637
61541109
61508854
61509658
61541106
61511324
61509698
61509095
61511229
61509972
61509222
61509447
61510948
61541538
61511216
61509949
61511503
61509135
61509959
61511379
61509930
61510247
61509418
61510399
61510175
61513339
61509732
61511455
61541847
61511641
61510172
61509792
61510109
61511536
61509964
61511171
61511385
61510327
61510308
61510740
61511436
61511364
61509548
61511712
61510335
61511423
61510420
61510335
61510631
61542271
61511957
61511677
61510855
61512156
61511384
61511960
61512128
61510024
61542311
61510884
61542399
61510629
61512152
61511828
61512363
61510993
61510878
61512196
61542595
61512153
61512243
61510222
61512116
61510725
61510997
61542757
61512284
61510778
61511800
61511293
61542675
61512058
61510417
61510977
61512079
61510839
61511210
61511711
61511195
61542648
61512377
61510951
61511657
61542681
61512296
61511285
61542817
61511151
61512469
61512319
61542814
61512386
61511727
61542910
61512462
61511144
61511258
61511806
61512378
61510640
61512412
61512648
61511223
61512446
61512659
61512256
61511438
61512676
61512544
61512421
61511036
61543109
61512962
61512962
61543431
61543386
61511695
61543489
61513113
61511777
61511377
61543497
61512944
61513156
61511084
61512916
61511793
61513192
61543376
61512716
61513038
61513513
61513482
61513442
61512397
61513068
61512078
61511633
61511323
61513367
61512165
61543848
61512147
61513226
61513602
61512917
61512418
61513381
61543586
61513516
61512280
61511811
61512699
61512735
61511534
61513366
61513606
61513685
61512730
61513486
61512432
61511949
61512933
61512972
61513863
61543962
61513578
61513777
61512609
61513777
61513289
61512750
61513999
61544564
61514006
61513838
61513546
61514553
61512333
61514558
61512963
61512926
61513109
61544706
61514317
61514411
61514011
61514430
61514457
61512286
61514337
61514572
61544719
61514173
61513077
61512180
61514128
61513378
61513212
61514245
61512988
61512934
61512249
61514324
61514284
61544641
61514383
61513222
61544849
61546104
61516632
61516583
61515302
61546982
61516607
61515374
61547212
61516792
61515261
61514943
61516734
61516872
61515176
61515352
61516975
61547418
61515537
61547097
61516890
61516227
61515428
61547587
61517089
61516956
61516022
61517566
61515591
61516062
61516594
61516137
61547633
61516015
61517295
61517495
61517585
61517863
61516763
61516672
61517551
61516862
61518108
61516800
61548214
61518002
61518164
61517334
61518013
61517382
61548539
61518057
61516642
61516750
61518191
61548452
61517172
61518373
61518368
61548876
61516905
61548866
61517336
61516579
61518563
61516842
61517877
61518528
61517759
61549112
61518665
61517443
61517984
61518994
61518078
61519054
61517054
61517168
61518830
61517338
61517497
61518803
61517208
61517707
61549253
61518917
61549269
61518933
61519070
61517120
61519083
61518789
61517373
61517786
61517431
61517247
61519583
61517170
61518352
61519415
61519235
61517572
61519539
61518392
61517844
61550256
61518333
61550333
61519875
61519866
61519759
61519978
61519962
61519716
61518713
61519847
61520116
61550399
61519986
61520189
61518380
61519438
61520604
61550395
61520472
61519262
61518318
61520225
61519214
61551009
61518812
61520473
61518694
61519360
61519307
61520484
61550787
61525137
61524249
61525934
61526092
61556515
61526037
61556582
61525294
61526136
61556400
61525280
61525509
61526376
61526578
61524848
61525168
61526542
61526491
61525207
61526620
61526467
61526537
61526898
61526183
61557081
61526853
61526902
61527109
61527025
61526681
61525704
61527042
61526499
61525536
61525448
61526208
61526265
61527073
61525959
61526299
61526816
61527057
61557587
61527025
61526704
61527162
61525692
61557507
61527090
61525657
61526980
61527093
61557569
61526404
61557495
61527687
61525634
61525612
61526213
61527301
61527158
61526011
61526043
61557878
61527573
61557918
61526233
61526197
61527613
61525475
61526185
61527491
61525629
61526480
61558098
61557942
61526572
61557982
61527730
61526809
61525860
61527764
61528299
61558210
61527966
61526469
61558396
61528065
61526352
61527206
61528161
61558186
61527677
61526893
61528046
61526899
61530069
61558491
61528227
61526670
61558862
61528422
61528179
61528564
61559115
61527649
61528612
61527478
61528070
61528879
61527697
61559038
61528903
61527903
61528828
61529122
61528385
61559425
61529030
61527433
61527942
61529314
61529318
61527726
61529086
61528897
61527678
61529209
61529089
61527553
61528726
61529593
61559937
61529479
61528953
61559878
61529599
61528510
61560186
61560166
61529766
61559923
61529880
61530004
61528055
61529877
61530004
61528936
61530233
61529075
61560507
61530151
61530275
61528875
61530254
61528643
61560757
61529143
61560871
61530503
61529397
61560663
61530729
61529370
61560871
61529417
61531088
61561168
61530880
61530923
61561561
61531195
61529938
61530162
61530824
61530958
61529574
61530061
61531139
61530367
61561368
61531095
61531196
61561722
61531291
61530048
61561335
61531236
61530591
61561811
61531486
61531341
61530716
61530303
61561690
61531584
61530105
61531562
61531608
61531705
61562095
61531838
61531952
61530863
61531866
61532080
61530038
61531977
61530431
61532471
61530868
61532045
61530030
61530831
61532262
61562547
61531146
61562943
61530757
61532430
61562882
61532605
61563220
61531473
61532889
61531584
61534437
61530621
61531599
61563293
61532794
61531993
61563080
61532941
61532121
61533227
61532965
61563182
61532777
61531220
61532946
61531689
61531305
61563305
61531665
61531432
61531612
61533458
61533271
61531386
61533385
61533120
61533194
61531867
61563993
61532192
61533564
61532672
61532640
61533643
61533520
61531821
61533249
61533576
61532098
61532172
61532331
61564117
61533992
61533908
61532160
61533718
61532963
61533608
61532384
61532950
61533769
61564138
61532693
61533238
61533755
61532583
61532461
61534001
61532635
61532721
61533938
61532429
61532944
61533202
61532782
61532664
61532400
61533241
61533231
61534016
61532018
61534090
61532434
61534208
61533476
61532153
61534498
61534348
61532997
61534318
61533152
61532255
61534324
61534394
61534503
61534317
61534198
61534409
61533113
61533364
61564716
61534279
61534517
61532420
61533175
61564809
61533596
61534560
61564831
61534662
61533094
61534916
61533155
61533702
61533299
61534779
61534920
61533007
61535010
61535033
61534030
61535348
61534422
61533481
61535474
61535703
61534417
61535663
61534508
61535754
61534383
61535516
61535805
61535561
61534980
61566116
61535033
61536020
61534423
61536046
61536115
61534811
61536005
61533983
61566650
61536122
61534698
61534686
61534839
61534623
61536363
61566446
61535313
61535640
61536961
61534718
61535107
61536530
61566841
61536567
61535873
61534512
61535394
61536496
61566710
61536683
61536349
61534605
61536629
61536697
61535881
61536960
61536649
61534878
61536577
61566915
61535543
61536728
61567002
61536675
61536787
61536203
61537106
61545437
61538527
61539031
61569239
61539082
61538460
61538295
61539389
61538296
61569781
61537846
61539585
61570019
61539994
61539671
61537680
61538715
61539753
61537687
61539915
61539763
61570180
61539951
61539820
61538397
61539749
61540145
61538524
61540157
61540111
61538558
61540349
61538362
61539204
61540480
61540362
61540266
61538879
61540410
61540465
61570782
61540673
61540634
61539091
61540821
61539578
61571057
61540705
61540997
61540639
61540927
61539753
61538805
61571141
61539555
61539230
61540861
61539328
61539706
61541136
61541159
61571229
61541049
61571403
61540985
61541175
61539904
61540937
61541472
61540604
61539335
61541418
61541416
61539349
61540335
61541402
61541372
61571833
61540818
61541483
61540505
61541584
61541697
61540946
61541659
61572040
61541684
61541652
61572177
61541124
61541936
61541724
61540838
61542015
61572486
61541801
61541916
61540275
61542089
61541886
61541999
61541225
61540850
61572480
61541898
61542207
61572719
61542306
61541025
61572620
61540324
61541158
61540705
61572445
61540990
61572838
61542353
61541786
61542215
61542552
61542405
61542913
61542505
61542792
61541932
61541294
61572958
61542602
61542716
61573242
61542855
61542990
61573392
61541669
61541707
61541489
61573449
61541677
61541954
61573589
61543157
61541547
61541785
61543142
61543049
61542097
61541632
61543375
61543686
61543518
61542185
61543575
61543807
61541609
61542773
61543356
61543690
61542460
61542049
61574375
61543924
61542057
61542737
61542655
61541865
61543787
61542333
61542729
61543941
61542473
61542136
61542993
61542480
61544312
61544366
61574642
61544440
61544390
61542540
61543209
61574918
61574872
61543422
61574925
61574781
61543971
61542723
61544707
61542723
61544772
61575394
61544082
61544822
61575141
61544666
61543953
61544381
61545139
61544002
61545087
61575358
61543862
61543078
61545330
61543525
61543752
61545348
61543631
61545555
61544106
61575555
61545463
61545451
61575701
61545267
61545377
61543334
61545364
61545465
61545623
61544507
61576065
61544977
61545735
61544790
61544993
61545650
61545111
61544521
61576057
61545815
61575946
61544155
61545836
61545310
61543976
61545980
61546020
61576403
61546250
61546375
61576588
61546527
61546831
61544449
61546375
61544890
61576793
61545225
61577073
61546653
61545249
61577142
61546188
61546950
61577330
61546955
61545842
61545085
61577716
61546259
61553176
61553187
61583369
61552103
61552066
61553281
61552075
61583640
61552181
61553328
61583709
61553470
61552634
61552710
61553396
61551802
61552297
61553526
61551487
61553477
61583956
61552055
61553637
61551992
61553728
61553624
61552216
61584019
61552574
61583922
61553879
61552790
61552204
61553767
61553730
61554005
61554012
61554120
61554111
61553718
61554250
61553066
61552152
61553471
61554372
61552740
61553335
61553130
61554681
61553807
61584744
61553378
61554734
61553687
61554788
61553674
61553721
61555356
61554981
61552939
61555072
61555108
61553800
61554991
61555088
61554135
61553924
61553062
61554087
61555152
61554080
61553282
61555162
61555288
61554526
61553928
61585796
61555418
61554751
61553425
61554796
61555452
61553405
61555320
61555173
61555609
61554181
61585977
61555430
61555716
61586130
61555648
61555356
61555929
61554361
61555401
61555861
61554440
61585894
61555913
61554824
61553872
61555317
61555751
61586210
61555896
61556232
61555303
61556067
61586625
61556463
61556397
61554376
61556159
61554368
61554996
61586548
61556173
61554650
61556362
61586675
61556201
61586839
61556370
61586573
61555217
61556500
61555305
61586717
61556445
61555189
61554956
61556470
61555223
61556551
61556613
61555780
61556890
61556483
61555246
61556651
61555142
61557235
61587177
61556293
61554999
61555557
61587378
61557077
61554891
61557005
61587217
61555957
61555625
61556137
61556446
61557148
61555574
61556094
61555385
61557174
61555590
61557339
61557128
61557465
61557364
61555928
61556022
61557494
61557350
61557390
61556146
61557431
61555610
61558112
61556239
61557913
61588257
61556506
61588161
61557843
61558086
61557821
61557739
61558045
61558223
61558096
61556492
61558143
61557449
61588245
61558132
61557155
61556546
61557056
61556155
61557975
61556418
61556741
61558045
61558369
61558175
61557155
61558225
61558514
61558624
61590472
61559064
61590977
61560901
61560946
61561103
61560921
61591382
61561159
61559805
61561717
61560188
61561308
61561565
61560817
61592028
61561650
61561428
61561642
61561498
61561673
61560966
61560433
61561775
61591939
61560361
61559841
61561832
61561739
61562124
61560624
61560331
61560826
61560069
61562075
61562252
61562444
61561476
61593067
61562448
61562380
61562486
61592939
61562573
61562635
61561283
61562391
61562673
61561093
61561150
61561287
61592959
61562531
61562696
61560757
61562989
61561477
61562130
61560724
61561497
61561181
61561848
61562896
61561591
61592990
61561754
61562914
61562343
61561051
61563133
61561454
61563341
61563196
61563635
61563407
61561401
61563228
61593972
61563801
61563374
61561808
61563698
61562978
61561600
61563466
61562686
61562293
61563983
61563968
61562660
61563054
61563814
61564043
61563762
61562120
61562810
61563194
61562939
61594390
61563260
61564135
61563582
61563632
61594642
61563647
61564426
61564677
61565066
61562585
61563406
61595042
61563334
61563903
61563445
61594986
61563516
61564837
61564775
61564784
61563493
61564270
61563155
61563562
61564961
61564175
61564166
61564750
61565061
61565168
61562990
61595644
61563856
61565389
61595755
61565481
61565287
61565565
61563585
61565535
61563753
61565674
61595980
61565595
61595906
61564111
61565885
61565888
61565952
61596103
61565822
61596254
61565875
61566053
61565245
61565869
61566204
61565424
61564493
61564655
61596362
61566025
61564041
61564961
61566288
61596726
61566332
61565062
61564605
61565184
61564493
61566213
61566566
61565828
61565450
61565376
61596983
61566534
61566842
61565637
61566660
61564937
61566656
61566479
61566819
61566630
61597213
61565290
61566749
61566995
61565848
61565558
61565387
61566853
61565065
61566969
61597475
61566925
61597535
61567025
61597301
61567107
61567405
61597591
61566170
61566044
61566260
61565724
61567001
61566788
61567195
61567362
61565466
61567753
61567580
61567618
61566830
61566469
61567567
61565967
61566271
61567602
61598346
61567652
61568009
61567148
61567998
61566792
61598201
61568032
61567770
61598313
61567906
61567282
61567333
61567089
61567901
61566269
61567934
61598409
61568249
61567895
61568184
61598502
61568167
61567437
61567150
61568505
61567320
61598674
61568381
61568761
61568409
61598800
61568442
61567047
61567456
61568729
61567622
61568659
61598793
61568570
61566674
61568465
61568723
61568351
61568808
61598931
61568653
61599103
61568607
61566764
61567523
61598939
61569178
61567005
61568319
61568783
61568288
61568734
61599328
61568549
61598871
61567858
61566957
61568925
61599032
61568720
61567368
61568757
61599231
61569156
61567258
61567743
61599494
61569053
61567722
61569336
61569088
61599479
61569104
61569243
61567544
61568200
61569674
61568192
61599867
61569380
61568801
61600035
61569590
61600082
61569719
61568088
61569592
61568275
61568541
61569711
61600134
61569926
61568682
61568810
61568223
61569707
61570076
61600282
61569934
61568670
61569310
61570115
61568742
61600433
61569193
61568827
61569013
61600661
61570292
61569000
61570251
61568378
61570345
61568730
61570606
61568540
61569466
61600891
61570563
61570430
61570778
61569418
61570664
61568879
61570762
61569430
61570761
61568671
61569241
61600961
61570758
61600855
61569475
61570833
61569028
61570244
61569365
61571191
61570063
61570324
61571234
61571130
61571264
61570980
61601386
61571073
61601623
61571199
61601285
61570052
61569228
61571167
61569223
61571289
61601805
61570070
61571227
61570104
61601520
61570612
61570613
61570053
61570134
61570028
61569711
61571457
61570316
61601496
61571395
61601687
61571541
61569756
61571608
61570396
61571768
61569962
61571732
61571934
61570595
61570429
61571945
61570167
61571920
61571203
61602085
61571792
61571853
61570201
61571797
61570444
61571334
61570678
61572097
61602847
61572416
61571138
61602479
61571346
61570850
61571392
61570448
61572802
61602989
61571319
61570991
61571437
61570506
61571820
61574397
61574781
61605477
61574978
61575214
61605650
61575228
61575467
61575248
61575615
61574001
61575684
61605886
61574310
61574048
61575010
61575870
61606469
61575812
61576021
61574342
61575985
61606382
61576107
61576401
61576725
61576598
61575127
61576601
61606910
61576804
61575019
61575447
61575506
61577234
61575695
61577441
61576163
61577470
61607885
61578214
61575898
61577396
61576883
61576296
61607853
61577711
61577462
61577840
61576059
61577740
61608334
61577940
61608122
61576758
61608522
61578156
61578294
61578265
61608462
61578237
61576661
61578301
61577884
61576775
61608488
61576875
61608854
61578335
61608703
61577192
61576582
61578565
61576829
61577784
61577677
61577305
61577328
61576802
61578685
61608747
61578372
61578297
61578529
61576633
61577296
61608891
61578647
61577571
61577240
61577073
61579000
61579074
61578895
61577648
61609333
61577874
61578876
61577338
61584444
61584305
61584605
61583756
61585229
61586079
61586182
61585914
61584485
61584846
61616405
61586260
61616262
61585952
61616620
61586172
61586074
61586373
61616578
61586267
61616832
61586224
61584384
61585356
61585038
61585286
61584416
61586771
61586523
61584730
61585442
61586752
61584748
61585613
61584805
61586741
61586796
61585673
61585321
61585637
61617137
61586361
61587134
61587255
61617329
61587219
61617661
61587329
61585205
61586206
61587486
61617765
61587230
61617818
61587259
61587160
61586266
61587577
61617948
61587770
61618388
61587990
61588087
61587084
61586249
61587852
61586368
61588053
61586861
61588174
61618379
61588294
61586318
61588146
61618656
61588429
61618565
61586862
61590129
61588666
61588551
61618947
61588336
61618915
61588652
61587970
61587530
61586650
61588201
61588489
61587239
61586828
61587498
61586857
61589117
61588687
61588680
61588072
61588723
61588864
61588635
61589057
61588005
61588328
61587337
61589315
61619731
61589450
61619700
61589173
61589374
61588906
61588798
61587560
61589334
61588050
61588956
61619848
61589342
61588797
61589712
61589667
61588437
61619999
61589150
61589013
61588569
61588197
61589710
61589930
61589773
61589912
61589331
61589200
61588375
61590131
61588518
61588986
61590208
61590260
61590227
61588943
61590291
61588551
61589610
61620616
61590330
61588991
61589372
61588997
61590353
61589801
61621061
61590592
61589799
61588503
61588908
61590695
61590754
61589338
61589178
61621106
61589646
61590710
61589573
61590689
61588800
61590654
61589121
61589801
61590144
61589755
61621039
61590916
61589090
61590949
61591149
61590447
61591384
61591159
61591506
61589707
61591361
61621526
61590068
61589267
61591196
61589779
61589823
61621729
61591487
61621853
61591487
61590810
61591366
61589820
61591549
61590584
61591447
61589567
61591428
61621835
61591289
61590426
61591860
61590592
61591794
61590793
61591939
61622107
61591101
61590054
61591848
61589888
61590825
61592146
61591063
61591943
61590384
61592137
61590435
61592137
61592199
61591184
61590684
61622410
61592194
61592066
61591025
61591439
61592144
61590812
61591156
61622618
61591504
61591959
61592200
61590946
61622701
61592299
61591138
61623022
61592724
61591207
61622850
61592526
61591351
61622872
61592440
61591430
61591704
61592368
61592294
61591054
61592448
61590816
61592617
61592501
61592535
61622818
61591480
61591179
61591499
61622906
61593104
61592867
61591768
61592165
61592952
61591325
61591052
61592699
61592971
61592739
61593007
61623449
61592424
61593260
61591417
61593249
61592405
61591320
61593204
61593401
61592981
61593423
61592184
61592547
61593141
61591775
61593484
61623695
61593207
61623755
61593383
61593660
61593797
61623829
61593327
61593265
61593510
61623976
61593461
61624141
61593713
61591626
61593552
61624072
61593649
61594046
61593870
61592944
61593949
61594079
61592360
61594164
61592808
61624296
61593644
61593949
61594385
61624654
61593158
61594342
61624528
61594393
61624747
61594439
61593699
61593764
61592700
61594522
61594729
61594548
61594775
61624855
61594618
61625079
61595117
61625133
61593487
61592757
61593551
61592794
61594685
61594768
61593584
61594785
61594019
61593926
61594662
61594956
61594365
61594798
61625164
61593504
61625285
61595131
61594322
61593783
61593815
61593764
61595058
61625847
61595375
61593477
61593873
61593065
61595124
61625823
61595337
61595297
61593509
61594090
61595309
61593280
61594131
61625465
61595412
61595013
61595387
61596406
61597515
61595514
61596176
61595635
61596146
61598392
61628453
61597771
61598134
61597816
61628068
61597916
61596237
61597969
61628307
61598264
61628155
61597728
61597547
61597926
61628192
61598099
61596238
61597913
61628136
61596841
61596003
61596827
61596701
61628366
61596947
61598196
61597933
61598160
61598288
61598279
61628369
61598163
61628463
61598140
61598424
61596589
61596699
61598422
61596713
61598603
61597209
61628785
61598520
61598336
61598534
61628754
61599030
61596850
61598692
61628956
61598926
61629136
61599399
61598759
61629285
61599027
61597560
61599163
61629420
61597850
61597319
61598977
61599180
61598859
61599165
61599418
61597994
61597620
61598784
61599236
61598478
61600021
61630369
61599911
61630235
61600128
61598490
61600219
61598955
61600172
61600241
61600253
61599184
61598253
61599176
61599615
61630769
61599210
61600445
61598283
61600407
61631018
61599294
61598548
61599935
61599409
61600780
61599322
61601085
61631147
61600956
61631313
61601351
61598828
61600104
61601137
61600008
61631270
61601056
61599257
61599899
61600499
61600110
61601203
61599290
61601253
61599635
61601589
61631825
61600419
61599958
61599530
61600874
61601723
61600940
61601797
61601696
61601594
61601842
61601908
61600089
61601869
61601603
61600414
61600454
61602110
61602047
61600892
61632236
61632458
61600680
61600986
61602415
61602487
61602496
61601649
61601125
61602514
61601227
61632860
61602402
61602380
61601122
61601870
61601570
61600502
61602556
61600823
61601533
61602666
61633000
61602641
61601862
61601409
61602843
61602313
61602841
61601639
61601373
61601912
61602028
61602847
61632869
61602605
61603050
61603123
61633535
61603122
61633502
61603363
61603355
61633626
61603500
61633728
61603498
61601399
61602763
61602545
61602022
61602312
61603789
61603501
61633949
61603943
61603435
61603710
61603705
61601995
61603245
61602212
61603995
61603719
61634272
61603694
61602413
61604071
61634357
61602366
61604650
61634518
61603991
61604158
61602839
61604162
61602503
61603446
61604207
61634652
61604267
61604171
61603638
61603098
61604264
61603721
61604439
61604645
61603463
61602470
61602825
61603238
61604440
61603787
61603405
61606722
61602718
61603817
61604820
61603350
61603557
61604834
61635072
61604032
61604721
61635247
61604771
61604865
61604995
61604826
61603086
61604894
61603726
61605282
61605055
61605048
61604073
61604983
61635643
61605153
61604459
61635347
61605054
61605209
61635592
61605098
61603611
61605337
61603233
61604348
61605405
61635876
61604340
61604263
61606000
61635877
61604597
61605204
61605674
61635819
61605891
61605873
61605552
61605950
61636212
61605895
61604893
61606138
61604340
61605399
61604640
61606085
61604142
61604863
61636616
61606229
61606306
61636884
61606360
61606097
61606386
61605044
61636914
61606339
61606144
61605773
61606448
61605725
61605093
61636777
61606452
61606355
61605594
61606747
61604588
61605460
61606119
61606925
61605709
61637103
61604920
61637256
61605892
61605742
61605648
61605663
61608899
61606490
61606934
61607179
61606560
61606345
61607364
61605606
61607310
61607357
61607497
61607139
61607144
61607314
61605424
61607412
61637942
61607527
61606102
61607615
61606420
61605710
61606795
61638023
61606304
61607773
61606961
61638162
61608121
61607905
61606576
61608183
61608093
61606877
61607410
61608096
61638652
61608184
61607391
61606540
61608191
61638424
61608226
61606541
61608328
61607106
61638968
61608312
61608277
61606909
61607095
61638632
61606388
61608104
61608417
61606728
61608441
61606967
61606573
61607555
61608653
61607386
61638874
61606990
61608090
61608803
61608210
61606899
61608124
61608385
61609081
61608937
61609319
61608102
61607579
61639911
61608164
61609290
61608105
61608167
61609485
61607805
61608079
61609499
61609265
61609365
61608255
61609501
61639896
61639859
61608345
61607465
61609455
61609382
61609577
61639899
61609446
61609245
61609480
61609692
61607931
61609746
61608943
61608887
61607734
61608476
61609749
61610016
61608260
61609657
61608234
61640420
61608833
61610061
61608742
61607821
61610153
61608860
61610033
61610208
61615747
61616290
61647882
61647896
61616406
61616390
61617489
61615905
61617631
61648249
61615939
61617540
61648188
61617661
61616637
61617916
61617699
61616010
61617821
61617999
61616764
61618013
61648302
61616815
61618198
61617179
61617934
61618119
61616368
61618094
61648519
61617866
61618158
61648753
61617658
61617137
61618201
61616248
61617198
61616243
61648816
61617222
61618642
61617400
61616390
61618308
61650283
61619168
61619086
61619145
61650919
61620611
61618805
61619182
61621487
61651334
61620937
61621061
61619873
61620383
61620324
61651500
61619988
61619204
61621287
61619631
61652083
61620103
61651911
61621579
61621854
61621743
61621646
61621591
61652318
61620675
61621206
61621905
61620444
61652496
61620704
61620616
61620222
61652483
61621944
61622149
61622017
61622333
61620857
61620992
61622337
61621561
61620769
61621902
61621598
61622338
61620510
61622215
61620913
61652676
61621001
61652633
61622457
61620665
61622466
61621606
61622170
61622531
61620818
61622445
61622446
61652828
61622357
61620732
61622724
61622498
61621815
61621196
61653053
61622034
61622899
61622150
61621484
61623021
61621788
61621030
61621608
61653557
61623073
61653589
61623292
61622540
61623417
61623268
61622572
61622047
61621332
61623311
61622711
61621726
61622429
61623586
61622886
61622433
61623374
61622233
61622264
61622362
61653906
61624123
61623097
61623690
61624002
61654323
61622979
61621918
61623858
61654380
61622484
61622231
61623981
61624152
61622756
61622760
61654440
61654669
61622792
61624736
61624237
61622253
61623115
61622797
61622850
61622683
61624307
61654578
61623752
61622876
61624540
61623564
61622619
61624620
61623145
61624827
61624787
61655138
61624732
61623237
61625021
61625071
61622932
61624964
61655598
61624352
61624875
61623068
61623837
61624308
61655371
61623776
61624858
61625081
61655563
61655312
61624045
61625276
61625020
61625252
61655720
61625008
61625352
61655867
61625481
61625115
61625613
61625385
61624121
61625761
61623623
61624348
61623516
61625516
61625873
61625812
61656065
61625647
61623673
61625793
61656315
61625142
61625600
61626020
61626077
61623983
61625767
61625927
61626617
61626199
61656465
61626104
61656420
61656412
61624864
61626054
61624873
61627968
61625521
61624382
61626155
61656440
61626068
61626121
61623986
61624899
61625417
61624651
61624457
61624224
61625499
61626841
61656568
61625633
61626088
61626486
61626296
61625180
61626645
61625535
61624652
61626516
61624993
61626787
61626720
61657116
61625677
61625924
61626671
61625953
61627099
61625931
61627184
61625971
61657513
61625189
61626170
61627408
61627255
61657755
61627479
61625842
61627459
61626250
61625816
61626310
61657998
61627639
61627717
61626071
61626134
61657726
61627692
61657979
61627527
61627767
61625613
61626135
61658087
61657904
61626400
61627601
61626416
61625669
61627571
61626158
61626304
61658280
61627614
61627914
61627902
61627718
61628239
61627269
61626466
61628186
61626127
61628284
61628173
61628263
61658486
61628143
61658345
61627171
61628369
61628377
61626157
61626909
61658782
61628389
61628884
61627173
61627865
61626953
61628842
61626880
61628527
61628418
61628807
61627121
61628092
61629135
61627779
61627134
61628910
61629006
61629086
61659636
61627875
61629151
61659395
61629770
61659756
61629015
61629277
61659640
61629635
61659793
61628338
61627479
61629198
61628349
61629666
61659743
61660115
61629541
61660085
61629641
61629317
61628884
61629648
61627746
61628238
61660199
61629824
61628036
61628575
61629103
61629823
61628369
61660134
61660696
61628952
61630716
61660370
61630261
61630012
61629910
61630285
61660877
61630216
61628307
61660438
61629142
61660747
61630500
61630700
61660835
61630480
61630235
61630804
61630705
61631216
61661641
61630750
61631226
61629431
61631147
61631200
61661618
61631088
61629386
61631235
61661650
61631021
61630651
61629536
61631409
61629984
61631402
61630148
61631219
61630013
61630785
61629855
61631874
61631195
61630616
61631962
61630691
61631940
61630584
61662213
61662251
61631135
61631867
61662251
61631988
61630306
61632141
61630771
61632034
61630746
61631055
61630383
61632051
61631257
61632554
61632698
61632631
61662914
61632360
61632515
61663243
61632689
61630694
61630730
61632038
61633075
61631809
61630860
61630752
61632488
61632927
61631208
61631309
61632831
61631408
61631824
61631723
61633140
61631399
61633156
61632389
61631512
61631245
61632086
61632756
61631934
61663587
61663619
61633675
61633554
61633225
61632264
61633449
61663859
61631935
61632516
61633728
61632396
61633588
61632391
61633534
61633673
61631736
61632446
61633956
61633988
61633285
61664457
61633031
61634133
61634126
61632801
61634269
61664513
61634254
61634386
61632957
61633469
61634423
61634192
61664511
61632445
61633294
61634530
61633711
61633849
61634401
61633782
61634662
61633891
61634507
61632701
61634930
61634887
61633678
61634592
61634820
61665144
61634869
61633845
61632859
61634889
61665439
61634400
61643582
61636926
61637191
61636026
61667418
61637136
61636238
61637570
61636415
61637838
61637897
61668461
61638017
61637834
61636415
61668368
61636626
61668248
61668385
61637128
61638032
61636093
61668697
61668735
61637241
61637541
61638344
61636357
61638282
61668869
61638761
61637266
61638512
61637186
61640237
61636784
61638238
61638524
61638419
61636987
61638686
61669136
61638657
61638784
61637404
61637453
61637115
61638847
61638530
61637708
61638841
61636912
61638950
61639121
61639195
61639304
61639259
61638002
61669538
61638562
61638245
61639337
61638339
61638774
61639443
61639595
61639579
61638280
61639499
61637767
61669811
61638356
61637599
61639508
61639669
61639273
61639845
61638281
61639811
61638677
61640227
61639796
61638346
61640075
61638146
61638384
61638810
61640413
61671161
61639404
61640490
61640582
61639536
61670941
61639668
61639689
61640866
61640278
61639495
61639628
61639338
61640049
61641121
61639109
61640038
61671627
61641178
61641762
61639281
61641518
61640033
61641738
61640793
61641706
61641824
61672063
61641550
61640365
61641186
61641370
61671941
61640910
61639850
61641603
61640749
61672057
61641489
61641200
61640996
61641112
61641005
61641790
61641900
61642202
61641795
61640174
61672839
61641002
61640221
61642725
61642013
61641079
61642582
61672757
61640397
61642283
61642677
61642393
61642550
61642161
61640680
61642691
61673342
61641013
61642701
61640891
61642974
61673641
61643088
61673218
61641398
61642943
61642912
61643348
61642053
61673354
61673794
61643187
61642678
61642091
61643171
61643182
61673613
61643174
61643516
61643375
61642197
61645183
61641987
61642457
61643645
61673939
61643606
61673912
61643499
61674016
61642863
61642518
61643558
61643408
61643717
61642552
61643090
61643728
61643036
61643945
61643893
61643997
61674442
61644050
61642265
61644117
61644098
61674620
61644114
61644135
61644414
61644491
61674844
61644424
61643215
61644584
61644517
61674796
61644501
61642922
61644611
61644708
61643155
61644615
61674914
61644750
61643163
61675188
61643554
61644890
61644969
61642992
61644398
61645342
61645351
61644575
61644540
61645323
61644115
61644533
61644182
61675688
61675768
61644092
61644262
61644184
61675797
61644996
61644239
61644805
61644197
61675771
61643627
61645593
61645714
61644381
61645794
61643478
61643585
61676033
61644548
61644415
61646027
61644757
61645880
61644395
61645949
61646289
61676466
61644476
61646688
61676696
61646393
61646365
61646131
61646303
61676661
61646165
61646065
61646262
61676749
61645000
61646030
61676287
61645013
61646110
61646199
61676771
61646543
61646326
61644304
61645657
61646325
61646504
61676997
61646459
61646642
61644600
61645523
61644503
61646462
61646649
61646724
61646851
61645235
61646844
61645080
61646809
61646614
61647026
61647336
61644903
61647101
61646677
61647137
61647016
61677212
61645359
61647205
61677710
61645294
61646297
61646000
61646472
61645756
61647207
61677657
61647517
61677826
61646698
61646181
61647492
61647582
61645379
61646812
61645604
61647516
61648191
61647795
61647802
61647773
61646643
61646798
61647849
61647987
61646531
61648152
61648162
61646956
61678345
61647461
61648026
61647443
61646907
61678656
61648161
61648286
61646582
61647070
61678806
61648643
61647181
61648574
61648500
61646955
61648514
61646910
61678809
61647580
61648613
61648674
61679154
61648953
61646619
61646778
61647952
61648899
61647034
61648953
61647894
61648944
61647228
61649002
61647535
61647105
61649429
61647761
61648382
61647523
61649261
61649158
61679534
61649091
61648986
61649299
61656466
61655626
61657648
61657782
61657958
61657633
61658049
61688012
61657709
61657749
61655952
61657990
61658100
61688389
61657051
61658207
61658311
61688499
61656887
61688444
61658288
61658249
61656608
61657230
61658482
61658623
61688803
61658406
61656891
61657291
61658370
61658654
61657373
61657870
61657200
61657825
61658790
61689073
61658819
61658684
61658737
61689331
61657768
61658788
61659039
61689270
61657635
61689265
61658923
61658870
61659046
61657302
61658966
61659072
61658094
61659042
61657129
61659327
61658801
61659258
61659105
61689489
61659432
61657787
61659448
61689691
61659333
61659525
61689909
61659574
61659304
61689799
61658869
61691546
61660242
61661772
61660049
61660180
61660725
61661301
61661997
61692439
61692691
61661527
61662278
61661278
61662239
61660262
61662287
61661297
61662207
61692801
61662250
61660478
61692989
61661355
61662621
61661265
61662433
61662536
61660497
61662165
61662334
61661484
61662843
61661746
61661186
61661465
61664601
61662743
61693367
61661487
61660765
61660985
61663111
61663246
61661372
61662998
61663053
61661061
61693723
61661625
61663399
61661573
61662273
61663331
61693740
61661942
61693784
61663500
61663457
61662059
61662474
61662194
61662178
61693705
61693997
61662395
61663825
61663904
61663755
61662976
61693956
61662713
61662289
61662503
61663071
61663733
61661711
61663746
61694319
61663055
61662610
61664000
61663210
61663202
61663925
61662362
61662206
61662834
61664107
61661980
61663957
61664459
61664064
61694682
61664200
61664481
61694877
61664272
61663903
61663392
61663083
61664599
61664628
61694790
61663433
61662659
61664486
61663454
61664744
61695068
61664595
61664271
61694796
61663276
61664594
61694978
61664090
61695172
61665094
61663183
61665045
61665055
61664893
61665332
61665043
61663797
61663520
61663843
61667037
61665137
61664947
61665188
61665363
61695635
61663848
61695566
61665120
61663587
61665460
61665347
61664587
61664144
61664128
61664067
61665665
61665475
61665428
61664975
61665705
61665569
61665748
61664976
61665761
61665940
61696112
61664856
61663948
61665891
61664746
61666184
61665914
61666425
61665265
61664428
61666245
61664668
61664364
61666623
61666506
61665665
61665659
61665196
61665081
61665401
61664575
61665865
61666354
61666629
61666477
61666892
61666753
61696946
61667144
61697109
61666881
61666861
61665912
61667107
61664791
61667281
61666048
61666996
61665160
61666961
61667225
61697135
61697419
61665796
61667140
61697702
61667259
61667261
61665260
61666057
61665139
61667485
61665220
61667021
61667512
61665666
61667477
61666886
61667424
61666661
61667533
61665658
61698249
61666477
61666417
61667840
61698469
61668021
61668204
61698373
61667253
61668149
61667135
61666063
61668023
61698540
61668045
61667991
61667948
61667509
61666202
61668165
61668161
61668355
61668387
61698687
61668410
61699038
61668703
61698649
61667345
61668637
61698958
61698825
61667851
61668807
61668729
61666875
61667408
61667974
61667531
61668914
61667457
61668758
61669112
61667852
61666787
61667082
61667855
61669323
61699551
61667941
61668978
61669182
61699885
61669313
61667401
61699770
61668282
61667429
61668325
61667373
61699681
61668020
61669676
61699956
61668469
61669623
61667836
61669585
61668991
61669829
61668682
61669063
61700145
61668901
61670044
61669105
61668156
61668226
61668542
61670244
61668590
61670391
61700684
61668631
61670357
61700827
61670396
61670295
61669582
61669289
61668337
61670434
61668928
61668358
61670207
61669614
61670302
61669340
61669841
61669284
61669008
61669482
61670463
61701102
61669561
61668718
61669361
61670060
61671091
61668870
61670958
61671145
61670325
61670002
61671299
61701614
61671270
61669554
61670073
61671737
61671587
61670060
61701655
61670356
61670461
61671309
61671570
61702003
61671564
61669609
61670001
61669873
61701979
61670403
61671724
61702037
61701992
61670544
61671960
61671808
61671054
61671736
61670893
61672128
61671260
61670074
61670799
61671601
61672050
61672154
61671546
61671283
61672304
61672472
61670688
61672811
61702585
61671453
61702830
61671702
61672461
61672475
61671417
61671198
61672455
61671372
61672744
61672303
61672521
61673113
61672809
61703178
61672102
61672556
61671718
61672807
61672210
61672899
61672389
61673099
61672410
61671431
61671649
61671084
61672907
61671487
61671237
61672127
61673198
61672408
61672366
61703643
61673380
61673279
61703669
61671855
61672280
61673223
61671354
61672243
61671480
61673912
61673488
61673688
61704050
61673491
61671500
61703996
61672332
61673629
61672506
61672089
61672471
61672954
61672343
61703961
61673990
61704399
61673203
61672143
61704376
61672876
61674111
61672902
61673383
61674043
61672000
61673084
61674054
61672925
61672316
61674151
61673607
61672509
61674498
61674567
61673122
61673215
61674416
61674441
61704559
61674218
61704773
61674299
61674357
61674542
61673525
61673717
61674539
61674553
61704983
61673667
61674673
61683193
61676001
61675050
61676861
61707226
61676996
61675899
61677172
61675496
61677255
61676136
61677337
61677263
61677654
61677404
61676111
61676215
61678012
61677685
61677087
61676779
61677875
61677250
61677962
61676889
61678125
61677899
61678247
61677278
61676281
61678265
61678215
61676432
61676358
61708886
61677279
61677603
61676599
61678393
61678576
61676575
61677509
61678669
61678803
61676504
61677424
61678169
61678742
61677195
61676932
61678205
61677675
61678032
61677267
61709805
61678315
61679676
61679734
61679695
61709863
61710030
61678461
61710292
61679858
61679650
61678726
61680248
61681962
61678318
61678580
61680148
61680232
61679192
61679419
61680787
61711059
61680693
61679718
61680844
61711329
61711137
61679720
61681180
61681027
61681016
61681089
61711379
61679726
61681412
61680417
61679510
61680209
61682985
61681300
61679515
61680061
61681374
61680537
61680211
61681394
61679855
61681074
61681572
61680461
61680841
61680288
61680317
61681568
61681730
61682028
61680628
61681965
61681365
61680861
61681307
61680061
61681997
61682048
61712839
61682377
61682526
61680254
61712816
61680883
61682558
61712864
61682546
61680942
61682216
61682280
61681672
61681184
61684385
61681244
61682633
61682686
61681521
61681417
61681311
61681460
61681444
61683183
61681217
61681996
61681093
61681560
61681644
61683136
61713437
61682929
61682900
61682351
61681468
61683102
61713397
61683049
61683044
61682395
61681832
61683283
61681217
61713844
61681981
61681402
61683266
61683335
61683419
61681620
61683544
61682401
61681884
61683432
61681862
61683523
61682488
61682346
61683445
61682290
61683724
61682062
61683761
61683892
61681597
61682517
61681726
61683699
61683817
61683962
61714233
61714377
61682909
61683386
61684231
61683961
61684386
61683054
61684252
61684493
61714835
61682743
61684366
61715086
61682733
61684400
61682911
61682712
61683410
61682900
61685122
61684794
61684936
61715248
61685167
61684868
61684869
61683708
61683863
61685142
61685182
61683027
61684015
61684040
61683805
61685010
61685321
61685431
61685337
61684373
61685517
61685108
61715751
61685176
61715738
61685334
61716116
61715759
61684380
61683515
61685775
61685568
61685472
61716284
61684952
61685772
61684546
61683638
61686185
61716300
61683876
61684956
61686161
61684373
61684685
61684812
61684574
61684907
61684632
61716865
61685205
61686410
61685425
61686714
61686899
61685094
61686888
61686650
61717010
61685598
61686084
61685411
61685481
61686952
61684858
61686632
61685249
61685884
61685600
61685759
61717105
61687415
61686793
61687017
61685873
61687170
61686056
61686409
61687354
61687026
61687435
61687210
61687499
61686749
61685807
61687935
61717715
61687761
61687541
61685549
61686414
61686706
61685602
61685935
61687787
61686166
61688039
61687999
61687262
61686724
61685868
61688122
61687893
61688093
61688023
61687382
61686832
61718470
61688115
61686890
61688348
61688459
61718656
61687296
61688514
61718888
61718999
61687152
61718761
61688532
61688530
61688744
61718921
61687911
61686967
61687284
61718948
61687977
61689008
61687334
61689052
61688608
61688849
61686862
61686987
61688733
61688988
61687850
61689213
61687785
61687426
61689255
61719310
61689134
61689125
61688378
61688641
61689255
61688008
61687206
61689275
61687705
61689502
61687851
61689580
61688767
61688762
61689612
61688385
61689693
61689390
61687641
61689669
61720239
61720259
61688510
61689902
61689137
61688352
61689021
61688101
61689814
61720115
61689866
61689990
61688112
61690173
61690110
61689045
61689483
61690349
61720712
61688740
61690472
61690491
61688882
61689256
61690461
61689170
61690338
61690553
61720898
61690327
61721061
61688861
61690634
61690592
61690421
61690833
61689611
61720963
61720868
61689959
61689605
61691025
61721517
61691483
61721383
61691108
61690913
61691367
61691070
61691369
61690534
61721505
61691672
61689229
61690723
61721805
61691116
61689686
61691466
61691928
61691384
61691528
61691540
61691405
61691334
61691735
61690875
61689859
61691633
61691377
61691939
61690542
61690780
61690617
61691931
61691891
61691291
61691883
61691009
61692374
61691039
61692339
61691096
61692611
61691019
61722974
61692543
61692065
61693013
61694457
61693569
61693535
61694931
61725194
61693821
61692897
61694320
61693968
61694471
61695348
61695233
61725585
61693942
61694317
61695525
61695622
61694740
61694757
61694282
61694296
61694598
61697540
61695777
61693940
61694764
61694143
61695251
61726628
61696095
61694035
61695958
61696026
61696295
61726539
61694133
61694984
61696394
61726953
61696088
61695815
61696624
61695436
61696630
61695523
61695197
61696634
61727097
61696820
61696494
61696663
61696927
61727357
61697455
61727115
61706469
61705483
61706349
61736900
61706542
61706338
61706702
61705940
61737363
61705537
61704627
61705413
61705313
61707015
61705299
61706002
61705699
61707151
61707248
61705329
61706245
61707378
61706644
61707664
61737894
61706381
61707816
61706651
61706735
61707822
61738163
61707662
61706336
61707715
61738500
61707959
61707934
61738438
61706747
61708020
61707315
61707012
61708082
61738498
61707893
61738417
61708047
61706702
61708181
61707880
61708210
61708386
61738593
61706932
61708289
61738835
61708449
61708741
61708571
61739038
61708817
61708798
61709286
61709305
61707286
61709555
61709602
61709660
61709054
61709371
61708746
61709527
61740147
61709097
61709817
61708852
61709883
61710086
61710356
61740414
61708753
61709421
61710355
61710273
61709095
61709692
61710412
61709718
61710537
61710619
61710587
61710341
61740921
61709730
61709922
61710751
61709068
61710955
61710582
61710946
61710322
61709113
61709926
61741419
61711026
61709808
61711231
61711057
61711237
61711362
61709319
61710744
61711505
61710223
61711524
61709492
61710577
61709916
61710408
61710881
61711445
61711915
61710644
61711917
61742263
61711861
61710796
61712086
61742398
61711982
61711805
61742313
61710994
61712270
61711164
61714096
61712405
61742712
61711529
61712169
61712739
61711496
61711322
61712650
61711950
61712574
61743088
61742891
61712409
61712828
61712809
61712847
61712625
61712955
61711605
61713056
61713275
61713144
61713401
61711304
61711555
61713315
61711644
61711854
61713418
61713475
61743898
61713248
61713568
61743768
61713709
61713749
61712345
61713676
61712624
61712470
61713967
61711867
61712835
61714059
61712946
61744636
61712815
61712000
61712868
61744568
61712338
61712586
61714380
61712795
61714630
61713461
61714731
61713986
61713605
61713736
61716678
61714819
61745416
61715071
61713470
61715438
61714135
61715333
61715600
61714156
61714212
61713421
61715619
61713544
61714545
61715032
61714403
61746009
61714971
61714027
61714689
61715880
61714873
61716080
61746460
61716069
61715700
61716069
61746468
61715972
61746436
61716018
61714988
61716117
61746335
61714901
61716366
61716075
61716338
61746854
61715725
61715985
61716431
61716453
61715175
61716561
61716610
61715658
61715560
61715534
61717074
61717337
61716194
61715789
61716235
61717309
61747509
61717086
61747474
61716889
61715998
61717438
61716577
61717528
61716497
61716205
61717577
61748130
61717576
61717119
61748085
61716516
61715915
61716680
61716633
61717981
61717716
61718125
61718271
61718205
61718616
61718351
61718437
61718436
61717566
61717680
61718579
61718598
61717074
61748562
61717422
61718404
61718063
61748844
61717709
61718637
61717821
61718696
61718710
61718786
61718959
61718967
61717494
61719167
61719080
61718301
61749368
61719174
61749330
61719214
61717557
61749337
61718718
61719383
61718706
61718548
61719432
61749733
61719377
61719463
61719358
61718627
61719160
61718868
61719694
61719626
61749862
61719713
61717952
61719791
61749983
61750141
61718656
61718438
61718614
61720069
61719212
61718847
61720079
61718982
61718960
61720317
61718241
61720088
61750606
61750783
61719021
61720660
61719681
61750959
61719256
61719109
61751135
61718949
61720713
61720388
61720731
61751002
61719125
61721137
61751153
61719847
61720844
61720964
61721280
61751309
61721184
61719219
61721216
61719803
61721720
61720128
61721869
61720785
61722010
61721961
61719846
61720725
61719931
61720490
61720851
61721925
61720003
61722065
61752617
61752833
61722613
61722563
61722591
61722831
61722847
61753036
61721393
61752980
61720528
61722965
61723052
61723188
61723218
61721534
61722909
61723042
61721114
61722862
61721457
61723669
61753677
61723222
61723572
61724107
61725766
61724778
61727945
61724111
61756696
61726806
61726419
61724466
61756621
61756739
61725383
61724782
61726738
61726855
61726910
61757050
61727239
61757560
61757099
61726842
61726614
61726950
61727376
61726651
61725314
61727502
61725877
61726044
61725293
61727176
61726117
61727498
61727420
61727538
61727554
61726922
61757880
61757667
61726393
61726787
61726479
61726409
61726353
61727864
61726277
61727822
61727190
61727968
61758444
61726301
61758392
61726786
61758513
61728535
61727954
61728316
61727315
61728301
61728330
61758574
61728486
61758878
61726630
61728622
61728538
61726763
61728185
61728501
61728345
61758569
61728179
61758937
61727604
61728851
61727430
61728755
61758919
61727607
61727354
61727476
61727770
61728498
61728723
61727122
61727219
61728701
61729075
61728816
61759231
61727951
61759525
61729335
61727619
61729355
61727608
61729367
61727521
61760092
61728405
61729565
61728650
61729868
61729485
61760037
61729040
61729580
61729926
61729066
61729736
61729858
61729775
61729944
61760302
61729904
61727723
61760538
61729296
61730116
61728807
61760581
61730161
61760726
61729719
61730471
61760907
61729412
61728683
61761358
61728775
61730199
61730721
61730441
61730785
61730078
61729584
61730877
61761143
61730905
61761196
61730929
61729501
61730798
61729558
61730975
61729176
61730953
61761198
61730827
61729884
61730882
61761230
61730949
61729329
61761229
61731155
61731389
61731093
61761621
61731278
61729579
61729067
61731412
61731253
61730017
61729840
61731352
61729559
61730079
61729520
61731761
61762248
61731555
61761907
61730885
61731179
61731684
61731477
61730164
61761851
61730326
61731790
61762237
61730883
61730568
61731239
61730104
61729755
61732144
61731876
61731317
61762328
61731718
61732635
61762265
61732099
61731210
61732116
61731867
61732282
61732165
61732326
61732042
61732431
61732484
61762865
61732236
61732369
61731021
61732445
61731797
61731268
61732537
61732716
61731041
61730861
61732487
61731765
61732508
61732717
61731086
61732771
61731578
61732773
61732829
61731325
61732131
61732863
61733136
61763626
61733620
61731575
61732668
61733506
61731956
61733343
61731396
61732220
61731340
61731529
61733757
61733472
61733312
61733742
61733689
61732106
61733675
61733785
61764283
61764452
61732773
61733977
61732404
61734167
61734311
61734197
61734196
61732181
61732498
61733147
61734314
61732553
61734516
61734725
61734552
61765372
61734646
61732519
61732691
61734797
61734806
61734126
61734846
61734764
61733040
61733812
61765176
61735051
61734722
61734826
61765447
61735051
61733338
61734923
61733889
61765442
61735191
61765786
61735316
61765640
61735308
61733595
61735259
61735329
61733560
61734769
61735700
61734320
61733984
61735493
61765948
61735565
61735551
61735715
61734029
61735785
61734522
61735894
61733713
61734139
61735520
61766012
61735647
61735745
61735783
61734138
61736070
61734374
61766157
61734791
61736029
61735721
61766486
61735405
61736254
61734100
61766792
61735072
61734365
61734330
61735407
61736375
61766860
61735541
61736742
61736661
61734982
61736797
61735171
61736724
61735120
61736897
61734660
61767078
61735116
61736943
61735278
61736946
61735713
61736749
61767648
61737274
61735698
61767583
61735480
61737338
61767568
61737269
61736099
61737187
61735617
61737391
61767413
61735563
61737156
61737383
61735337
61737598
61735844
61737682
61737382
61737609
61737237
61737639
61737647
61736971
61767926
61768106
61736516
61767990
61737634
61768159
61736024
61736611
61737929
61737786
61768148
61737031
61738190
61736934
61736252
61738363
61736656
61738187
61736429
61738206
61736980
61738328
61737788
61738296
61737862
61738298
61738367
61738321
61738168
61738491
61768688
61737084
61737780
61737302
61737864
61737250
61737829
61737170
61737746
61737090
61740364
61738727
61737926
61737496
61737877
61738720
61738013
61737658
61738018
61738843
61739057
61738760
61738960
61739090
61737933
61739011
61769653
61739174
61738949
61739310
61738074
61739366
61739191
61769625
61739751
61737644
61769605
61738184
61739352
61739516
61737785
61739643
61737505
61738094
61738451
61738985
61738224
61739461
61739583
61770002
61739675
61738075
61741288
61739468
61740557
61739854
61741991
61742109
61742426
61772918
61742354
61741405
61742786
61741676
61742616
61742838
61742656
61743095
61742702
61743153
61742037
61743148
61741745
61741249
61741833
61741256
61743277
61773689
61742176
61743814
61742024
61742844
61742463
61743814
61743791
61743950
61744090
61774416
61743932
61743738
61744078
61743333
61774343
61743851
61741780
61743692
61743708
61743869
61745846
61744328
61774289
61743064
61743953
61744068
61742481
61744259
61744305
61744292
61744220
61744182
61774697
61774631
61744242
61774681
61744424
61744555
61744685
61744293
61743035
61743632
61744751
61743803
61744614
61744737
61742972
61743578
61744124
61744682
61745069
61745073
61744156
61744878
61744939
61745308
61745296
61744528
61743660
61744342
61745557
61745414
61745253
61744060
61745505
61775631
61743767
61744908
61745683
61775853
61743628
61744641
61744639
61744691
61744208
61745787
61744262
61746002
61745765
61744009
61744983
61746364
61745908
61744146
61746004
61776413
61746036
61776610
61745204
61745058
61745011
61745277
61746593
61746502
61776740
61746345
61776891
61745660
61745197
61745937
61745336
61776869
61776843
61745398
61746695
61746450
61776925
61746734
61776941
61746881
61777539
61747134
61747092
61745245
61745890
61746387
61745073
61746819
61745888
61747314
61747124
61747303
61747326
61747470
61747458
61777322
61777540
61747234
61777679
61747711
61746443
61747688
61747699
61747561
61747901
61777827
61747494
61745945
61746208
61747019
61747755
61746492
61747581
61747653
61778096
61747792
61778403
61745836
61747771
61746947
61746924
61746054
61746847
61748244
61748449
61778874
61747874
61746719
61748504
61748460
61748575
61748670
61778699
61748424
61746651
61747360
61747218
61748951
61778697
61748576
61779108
61748008
61778980
61747453
61746799
61748932
61748145
61747641
61749106
61779159
61779290
61746850
61747715
61748205
61747776
61747764
61748887
61779260
61749069
61779534
61749600
61749075
61749263
61748644
61747486
61779880
61749139
61748240
61749322
61749722
61749750
61749765
61748081
61748804
61748412
61748501
61749803
61748850
61748567
61748925
61749858
61780068
61749865
61780310
61749133
61748240
61750006
61750154
61750068
61750062
61750271
61750071
61780154
61749335
61749673
61748067
61749526
61748707
61749068
61750597
61749235
61750467
61749665
61780726
61750485
61781085
61750582
61781053
61749296
61749094
61749456
61750770
61750819
61750130
61750133
61750874
61750025
61749144
61749533
61749403
61749703
61750136
61751052
61749085
61749909
61750392
61750213
61781606
61751304
61749612
61751410
61750006
61751528
61781696
61750683
61751478
61781998
61751588
61749940
61750727
61750837
61751788
61751976
61749865
61750630
61752155
61751012
61751849
61752132
61749918
61750626
61751280
61750840
61750622
61752426
61749980
61750636
61753957
61752266
61782621
61782816
61752050
61752471
61752168
61751210
61751413
61752757
61783080
61752742
61793519
61762251
61762648
61762139
61761526
61763725
61794254
61763390
61762636
61763885
61763868
61761792
61763976
61763779
61763098
61764247
61762366
61794364
61761975
61763189
61764522
61763166
61764167
61764498
61794897
61765045
61762949
61763949
61763418
61763901
61763488
61764576
61765087
61764951
61765021
61794870
61762875
61763607
61764199
61763527
61764659
61763684
61764997
61764663
61764907
61763740
61765022
61763234
61765174
61764761
61763299
61763910
61765411
61764581
61763540
61765152
61795802
61764552
61765138
61763570
61765312
61795778
61765336
61795664
61765295
61763375
61764066
61763466
61765361
61763632
61764579
61766102
61764756
61764591
61764719
61764650
61764956
61764891
61764837
61764680
61766191
61765544
61765050
61764388
61764468
61765549
61766565
61765148
61766485
61766240
61796697
61766965
61797087
61766601
61766555
61797063
61765364
61765514
61765393
61765433
61766579
61796885
61765474
61766122
61765282
61797176
61766982
61797337
61766772
Peak: 62171113
Average: 60966713.95413954
