0
83244
362390
815628
1084962
1611025
2349900
2759950
2989034
3572785
3856667
4341745
5209330
5386196
5724124
6177600
6650016
7122257
7371861
7765624
8316538
8744207
9019172
9333743
9569148
9726291
10453532
10779027
11154885
11774876
12411939
12688208
12998478
13505101
14059145
14549269
15105610
15628125
15975630
16295343
16520506
16653828
16723769
17068568
17233366
17526040
17909983
18063143
18292781
19585261
19399119
19584607
19692582
19695750
19941846
20136597
20269415
20435617
20816705
21361456
21745978
22156342
22584419
23240821
23524107
23978736
24270968
24410442
24476744
24679528
24859797
25077773
25249950
25543473
25912844
26455886
26813260
27257020
27794931
28586063
29476584
29919260
29922052
29927692
29925939
29944208
29955645
30259802
30910850
31394877
31590552
31888254
32069615
32321403
32363354
32492501
32502888
32610191
32741957
32950434
33406133
34324514
33848205
34335531
34456349
34632560
34680885
34649744
34731480
35037516
35146159
35767552
35858785
36267508
36743805
36814956
37066079
37758153
37973025
38368312
38368071
38368299
38368152
38264302
38683232
38882613
39062795
39133359
43108743
43192570
43403956
43478369
44066733
44102668
44138982
44219988
44286265
44298135
44369797
44443729
44482603
44536083
44590425
44643103
44834747
44947958
45101631
45473265
45589823
45819257
46363278
46756092
46820539
46923942
47103853
47168836
47349625
47442817
47562071
47618762
47936691
48071901
48314161
48518044
48601921
48750723
49030396
49161520
49163385
49165394
49167639
49169745
49171935
49174215
49176547
49178659
49180930
49182317
49185521
49187845
49193413
49195596
49197794
49199991
49202100
49204637
49206835
49209078
49210338
49213484
49215661
49217887
49220090
49325930
49328102
49329275
49332358
49334499
49335710
49338773
49340904
49342392
49345501
49347720
49348815
49351774
49353903
49355876
49358070
49360169
49362248
49364368
49371074
49386831
49396614
49404745
49409670
49413706
49419071
49423499
49429335
49333367
49442177
49584280
49690414
49879201
50131121
50210813
50299747
50327099
50363179
50394985
50473419
50511519
50670493
50743703
50820266
51022506
51343683
51380207
51516154
51864095
52173663
52435992
52694356
52877871
53331326
53657640
54132384
54373782
54511495
54524376
54612359
54657587
54753213
54823163
54928422
54996129
55147335
55151482
55154892
55162710
55182741
55533647
56040353
56483972
56879627
56940848
56934299
57311911
57447982
58933361
57685133
57903759
57939671
58121823
58208148
58174327
58525242
58407116
58530720
58865111
59606680
59788920
59911440
60002048
60062271
60250038
60292028
60858596
61902300
60852949
60892676
60900861
60910402
60919506
60929194
60935431
60941955
60948493
60955812
60963283
60970472
60977835
60982418
60990079
60997731
61004494
61012017
61020105
61026257
60717724
60724812
60726668
60725904
60727285
60727843
60728836
60729774
60709200
60716364
60723435
60729819
60736232
60744601
60751649
60758742
60764831
60771483
60778610
60786493
60792730
60799869
60806366
60814014
60819891
60827824
60833640
60737450
60737381
60737971
60738085
60736753
60737620
60738619
60737962
60718081
60726365
60731010
60737300
60745171
60750280
60757064
60764192
60771256
60776840
60783718
60791992
60797632
60805056
60809830
60817096
60824929
60832710
60838916
60741451
60740656
60741873
60741383
60742073
60742393
60742700
60742948
60726548
60730779
60738644
60743348
60748661
60754405
60762053
60768557
60773862
60778294
60782517
60787373
60793038
60796614
60801817
60808881
60814529
60820532
60827742
60833947
60841198
60744844
60744157
60742732
60744466
60744684
60744906
60745306
60722787
60730242
60736469
60741647
60748162
60754928
60761662
60770075
60777195
60782371
60789027
60796558
60804118
60811579
60817646
60824867
60829670
60837014
60841739
60931283
60746743
60746408
60746737
60745794
60745524
60747944
60747475
60726061
60732689
60736083
60740916
60746345
60750086
60756460
60763433
60768609
60775049
60779636
60786676
60791401
60798446
60805185
60810246
60817393
60822833
60829385
60835177
60842370
60848386
60747572
60748560
60747737
60748717
60747861
60747393
60747690
60749935
60728446
60733969
60739268
60744859
60750646
60754945
60762603
60768068
60775854
60781246
60789598
60794342
60802419
60806742
60813881
60820212
60829235
60835315
60840574
60847582
60749233
60749814
60750360
60751148
60751199
60750985
60751291
60749726
60749496
60734373
60740044
60746525
60751147
60757803
60766470
60771120
60778920
60784339
60791016
60798216
60803683
60810664
60817707
60822085
60828939
60836262
60842729
60848137
60751028
60752395
60752351
60752625
60752472
60752718
60752542
60750814
60732630
60740634
60746895
60751655
60758367
60765365
60773474
60780962
60787171
60793795
60799950
60808816
60815000
60821888
60829614
60834408
60840590
60848566
60753305
60754563
60754405
60754475
60754480
60755001
60754172
60755139
60737103
60744186
60750348
60755269
60764173
60771093
60777997
60783805
60789805
60798157
60804493
60810429
60818006
60825502
60833110
60837929
60847293
60853445
60754645
60756314
60755624
60755777
60756184
60754895
60756248
60734908
60743104
60748896
60753936
60760544
60767127
60775736
60782608
60789720
60795920
60800632
60807504
60813512
60821080
60827152
60831840
60836975
60843464
60851288
60755488
60756676
60755186
60755594
60755314
60756133
60757037
60755856
60755425
60737632
60741598
60745158
60750169
60756264
60759911
60766458
60770320
60777240
60784088
60789888
60798176
60804280
60810192
60816379
60823867
60830459
60839184
60844048
60853163
60773617
60759136
60759291
60759395
60757655
60759404
60759135
60759394
60736248
60743784
60748785
60755281
60763121
60768449
60776681
60783545
60790585
60795153
60802897
60808745
60816137
60823337
60828473
60836145
60842457
60851721
60856417
60759838
60759747
60758379
60758898
60758875
60759223
60759818
60760377
60740504
60748161
60752649
60758697
60766980
60771985
60779697
60785684
60790641
60797257
60804097
60809489
60816617
60823740
60829388
60836596
60842268
60847916
60855292
60775644
60760899
60759424
60761150
60761284
60759792
60762180
60762019
60745008
60750817
60756985
60762757
60766888
60774352
60779140
60784761
60790962
60796411
60803456
60810806
60816993
60824657
60832001
60837729
60843619
60853174
60858758
60762982
60761572
60763304
60762445
60763148
60763445
60762187
60763696
60746832
60753082
60757429
60764690
60771925
60778805
60785653
60791804
60798497
60805521
60812850
60817474
60824663
60827362
60832786
60840983
60845075
60851679
60859446
60778902
60762528
60763482
60763103
60763424
60762725
60763046
60764332
60743649
60748041
60753916
60760535
60766708
60775108
60781004
60787252
60796007
60800412
60807548
60814663
60821012
60828380
60836100
60843740
60848444
60857244
60863332
60764732
60765064
60764037
60764984
60765326
60764413
60765409
60744550
60749067
60755265
60762939
60769339
60774696
60783424
60790296
60795616
60801720
60809032
60817408
60821939
60829288
60837000
60844200
60848680
60856024
60861592
60767032
60765296
60767680
60765731
60765556
60767807
60766905
60765694
60747540
60755094
60759639
60767055
60772199
60780063
60786911
60793780
60800852
60807954
60814048
60821208
60828632
60834784
60841248
60847529
60855169
60861567
60766339
60767649
60766004
60767964
60766875
60767864
60767830
60766171
60749466
60755328
60762881
60768934
60774308
60781641
60788063
60794561
60801542
60809742
60815977
60823142
60830574
60834740
60843231
60849239
60855415
60863263
60767610
60768686
60768606
60768733
60768677
60769017
60767663
60769112
60752572
60758851
60763461
60770200
60777048
60785472
60791137
60799441
60805529
60812593
60818577
60824692
60832468
60838324
60847484
60853577
60860145
60866257
60769319
60768013
60769950
60768343
60769876
60769182
60769082
60749407
60755675
60762836
60769175
60774496
60781200
60789688
60796557
60803541
60810581
60815269
60822653
60829632
60835381
60841493
60849232
60855707
60864384
60870464
60771733
60771807
60770380
60771884
60771871
60771716
60771667
60751897
60756983
60762641
60769191
60775759
60781994
60788642
60795631
60802610
60809186
60815906
60822994
60830469
60836581
60842613
60849900
60857645
60865453
60870360
60772519
60772308
60770844
60772875
60771754
60772566
60771293
60751197
60758822
60763548
60770024
60776482
60783146
60790095
60797028
60804020
60812308
60816652
60823906
60830082
60837370
60843252
60850373
60854737
60863505
60868257
60771999
60772433
60772263
60773602
60773778
60773609
60772176
60772984
60753751
60759982
60765468
60771162
60776145
60783097
60789378
60796367
60804009
60810001
60818580
60825836
60830652
60839820
60845924
60852369
60860068
60866585
60872617
60773554
60774427
60773263
60772761
60774502
60772868
60774472
60754861
60760733
60767312
60772823
60779832
60786744
60794744
60801621
60808704
60815119
60821277
60828514
60837603
60843720
60850432
60856328
60864040
60871848
60774677
60775142
60774587
60776270
60775186
60776034
60775336
60776965
60757891
60763901
60770077
60777832
60783557
60790127
60798808
60803648
60811099
60817877
60826712
60832816
60839365
60845032
60852789
60860453
60867395
60873256
60775456
60775389
60777370
60775824
60777319
60776538
60777429
60755297
60762005
60767465
60773322
60778560
60785522
60792082
60798834
60805904
60812061
60819232
60828072
60834213
60840792
60846624
60855813
60861965
60868544
60874573
60776220
60777963
60776907
60778082
60778100
60776429
60778351
60756623
60762392
60769971
60774792
60781096
60789016
60794624
60801424
60808814
60816358
60823414
60829406
60837110
60844636
60849828
60857324
60864868
60872772
60777380
60777333
60778040
60778276
60778772
60779016
60778519
60779058
60760860
60766549
60772694
60778792
60786105
60793112
60801553
60807780
60814812
60820593
60827939
60835521
60842772
60848044
60857167
60862548
60869882
60875969
60779532
60777966
60780061
60778961
60779857
60780036
60779929
60757784
60763405
60769581
60776173
60782589
60789060
60795925
60804445
60810741
60818877
60824701
60833629
60838749
60847653
60852373
60860349
60867909
60875445
60881821
60780252
60782043
60781040
60781861
60781002
60781834
60782139
60763486
60769777
60775953
60781041
60787348
60794898
60800996
60807714
60814973
60823674
60828543
60836143
60843292
60849319
60858607
60864724
60872295
60877791
60781340
60782733
60782563
60782601
60782766
60782769
60783031
60760293
60767139
60773331
60779699
60784827
60791627
60799955
60807040
60812874
60818873
60826105
60834969
60839723
60847363
60853619
60862659
60867515
60875385
60882659
60783756
60782042
60784284
60782198
60781852
60783868
60783099
60764312
60770638
60776922
60782936
60788597
60795336
60801741
60810333
60817459
60823451
60829483
60838297
60845766
60850599
60858189
60865998
60870966
60878581
60783310
60784249
60784547
60783221
60784550
60784461
60784333
60761618
60768362
60774257
60778867
60785817
60792327
60799428
60807781
60814911
60820999
60827213
60835315
60841610
60847898
60855533
60863244
60868322
60876062
60882173
60784316
60785219
60785362
60785282
60785552
60784271
60785733
60763158
60770621
60774762
60782410
60787402
60794325
60800909
60809466
60815338
60821565
60830194
60837450
60842469
60851090
60856581
60864459
60871658
60879554
60884426
60785396
60786346
60786212
60786105
60786209
60786204
60787789
60769214
60775530
60781752
60786544
60794464
60801888
60807941
60814920
60821888
60829048
60835080
60842384
60849920
60856048
60863664
60869768
60874963
60882512
60787016
60788203
60787107
60788593
60787560
60788848
60788496
60788448
60770252
60775917
60783393
60788690
60795656
60802599
60809389
60815359
60823559
60830685
60837949
60842711
60851439
60857581
60864189
60870200
60878035
60884053
60788463
60789327
60789433
60787695
60789431
60787775
60789465
60766565
60772888
60776802
60784219
60789191
60796727
60803420
60810273
60817964
60825013
60831771
60837993
60845755
60853293
60858547
60865844
60873668
60880267
60886511
60788571
60788421
60788690
60788443
60790323
60789426
60790335
60769566
60774023
60781055
60785853
60793845
60800560
60806496
60813083
60820248
60826392
60834896
60842228
60847164
60854811
60862422
60869184
60875349
60883231
60888286
60790845
60791139
60789952
60791202
60790081
60791827
60791199
60770029
60776208
60780987
60788776
60795152
60801904
60807784
60814504
60821327
60829240
60836371
60842427
60848811
60854566
60860795
60868550
60874338
60882411
60888638
60791495
60790111
60791955
60790437
60792009
60791153
60792126
60771282
60776290
60780926
60788922
60795345
60800806
60807681
60814650
60821584
60827829
60836433
60842534
60848578
60856025
60863782
60871422
60876286
60884214
60890183
60792910
60791680
60792612
60792880
60792940
60792014
60791956
60770515
60775988
60782010
60789619
60797431
60803901
60811134
60816884
60824017
60831643
60838673
60845023
60850975
60859960
60865838
60872604
60880218
60888110
60892960
60794781
60793187
60795391
60794391
60795282
60794977
60795073
60775835
60780606
60787142
60793438
60800070
60805473
60812500
60820940
60828143
60835183
60840383
60847276
60853766
60861183
60870132
60874996
60881260
60890508
60794354
60794702
60795743
60795791
60795815
60796227
60794807
60796211
60777557
60784212
60789573
60796469
60802693
60808128
60814573
60822157
60829360
60836440
60841270
60848520
60856012
60862193
60871489
60877585
60882793
60890436
60795372
60795168
60795806
60796062
60796819
60797030
60795453
60797022
60780304
60784904
60791096
60798224
60805480
60812427
60818067
60824112
60831208
60838344
60847144
60853320
60859432
60865680
60873200
60881072
60888832
60895072
60797653
60796427
60797801
60796726
60797753
60797691
60797742
60775290
60781530
60787760
60794106
60802219
60808899
60815771
60822696
60829091
60834642
60841971
60848911
60855630
60863078
60868735
60876310
60884100
60891915
60897959
60797365
60797412
60798456
60797149
60798876
60797653
60798509
60779554
60785806
60792097
60797089
60803929
60810218
60818955
60825875
60832939
60838763
60844936
60852211
60861269
60866133
60873770
60881477
60889314
60894194
60798672
60799311
60799598
60797812
60799670
60798578
60799405
60776346
60783655
60789450
60793976
60800700
60807307
60814030
60820955
60829310
60835322
60840728
60848062
60854459
60862078
60868038
60876650
60882813
60890580
60896612
60798873
60800030
60800213
60799376
60800354
60800368
60799197
60799265
60782692
60789352
60794779
60803435
60809984
60817053
60825368
60832490
60838498
60844400
60851909
60857960
60866880
60873115
60880763
60885904
60893456
60901170
60802793
60801224
60800872
60802873
60801072
60802974
60802077
60783321
60789603
60795876
60801798
60807281
60814356
60820913
60827593
60836452
60843508
60849662
60855662
60863257
60870840
60878626
60883339
60891089
60899009
60803172
60801726
60803585
60802685
60803566
60802103
60801751
60802561
60786612
60792115
60797855
60805061
60811827
60818353
60825432
60832195
60838507
60845812
60854510
60860620
60867094
60873051
60882091
60888312
60895269
60900927
60802931
60803472
60803541
60804333
60804550
60803277
60804585
60782706
60788805
60794897
60801158
60809357
60816069
60823023
60829901
60836947
60844005
60850122
60857378
60863547
60870950
60877054
60884694
60890798
60898646
60904718
60805034
60803696
60805127
60805333
60805220
60805525
60804244
60785849
60790204
60797215
60802415
60809047
60816895
60822786
60829471
60837751
60841391
60849621
60855174
60861463
60868895
60876162
60883730
60889823
60897738
60903842
60804382
60804238
60806175
60804539
60806237
60805180
60806261
60785466
60790685
60795217
60801665
60809705
60816385
60823297
60828929
60836265
60842001
60849337
60858114
60863050
60870842
60876530
60884362
60891946
60899850
60905930
60807043
60805825
60806722
60806914
60806844
60807209
60805834
60785695
60793104
60797576
60803576
60810075
60816826
60825336
60832280
60838080
60845123
60851435
60858827
60866344
60873784
60878864
60886459
60891432
60900592
60905520
60807704
60807637
60806268
60807918
60806730
60808426
60807725
60787394
60791588
60797734
60804102
60812382
60819062
60824654
60833246
60840302
60847366
60852166
60859737
60867334
60874758
60879622
60887182
60893366
60902870
60807060
60806998
60808535
60807646
60808650
60808791
60807259
60808900
60791278
60797400
60803772
60809913
60818699
60825614
60831203
60837422
60844424
60851357
60860480
60866517
60872719
60878965
60888206
60893151
60901188
60907140
60811402
60810597
60811487
60811146
60811349
60811646
60811613
60788378
60795032
60801176
60805572
60812436
60819114
60826018
60834568
60841632
60847736
60853560
60861069
60867045
60876032
60880944
60888805
60894765
60902573
60910208
60811911
60812266
60811321
60812405
60812259
60812123
60812243
60791754
60798243
60803601
60808588
60815025
60821660
60828532
60837039
60844116
60850148
60855633
60863081
60869303
60876561
60884145
60890097
60897073
60904905
60909625
60811856
60810962
60813051
60812754
60811311
60813159
60811545
60791782
60795540
60801756
60807819
60816075
60821997
60828431
60835263
60841439
60848503
60855524
60862372
60867156
60874812
60882380
60890159
60896263
60903127
60909084
60814223
60813486
60813496
60813801
60812557
60813845
60812762
60791262
60796545
60801976
60808033
60815081
60822673
60829620
60836468
60843532
60849636
60856641
60863905
60870001
60877529
60883692
60891265
60897428
60904905
60911348
60814211
60814294
60814358
60814751
60813420
60814762
60814550
60791718
60798272
60802843
60808759
60816513
60823532
60830436
60837295
60844359
60848806
60855895
60863172
60869247
60877100
60881818
60889175
60895623
60901759
60909188
60813907
60815309
60813760
60815689
60814108
60815661
60814859
60814767
60798040
60802478
60808521
60814656
60821453
60828562
60837243
60843398
60848486
60855406
60861507
60868739
60876331
60883643
60891334
60897411
60903507
60911299
60814758
60816293
60816305
60816307
60816259
60816805
60815422
60816700
60798976
60804763
60810867
60817231
60824487
60831332
60837367
60843196
60850060
60857588
60866156
60870948
60878388
60884692
60892183
60900031
60906687
60912663
60817211
60817330
60817104
60817048
60817254
60817155
60817607
60794135
60800105
60805785
60811874
60818261
60825043
60833491
60840430
60847612
60853722
60859818
60866916
60874618
60882055
60886919
60894492
60900532
60910106
60916282
60817737
60818079
60816768
60820247
60820064
60819994
60820114
60799446
60805340
60811588
60817884
60823166
60829876
60837093
60845409
60852542
60859687
60864615
60872092
60878082
60885471
60893213
60900794
60906004
60913471
60819615
60820950
60820822
60820912
60820834
60821133
60820308
60821189
60803756
60808025
60814345
60820198
60826953
60833614
60840569
60846201
60852374
60858366
60865177
60872367
60878598
60886113
60893753
60901329
60906206
60914492
60920334
60820935
60821756
60821876
60820219
60822026
60820950
60822051
60801109
60806694
60812514
60818882
60825591
60832193
60839034
60847674
60854703
60860538
60867044
60873933
60880698
60886637
60889016
60896829
60902135
60908677
60915456
60837381
60822459
60820973
60822816
60821167
60822747
60821879
60822738
60803330
60809131
60815325
60821421
60829360
60836907
60842946
60849818
60856888
60864061
60870120
60877312
60884895
60891009
60894674
60902514
60909651
60917412
60822114
60823503
60823334
60823361
60823342
60823698
60822454
60823965
60804964
60812134
60818310
60823252
60831754
60838380
60844510
60850302
60857478
60864558
60872110
60879606
60887054
60893158
60899486
60905662
60915166
60921262
60824141
60823029
60823329
60824446
60822970
60824230
60824695
60802554
60806222
60813158
60819333
60825615
60831186
60838090
60845255
60852327
60858207
60865207
60873711
60879807
60887343
60893439
60900999
60907182
60915086
60921254
60825071
60823663
60825207
60825312
60825467
60824186
60825445
60825284
60806493
60812338
60818514
60823637
60830186
60837138
60843594
60852095
60858106
60865106
60872895
60880151
60887598
60893703
60901357
60907389
60913565
60920157
60824455
60824917
60825843
60825920
60825861
60826232
60824933
60826383
60808493
60812767
60819352
60825072
60832088
60839237
60845792
60852202
60859382
60866680
60875344
60881453
60888909
60893773
60901736
60907696
60916941
60923181
60824724
60825279
60825138
60826936
60825959
60827006
60825616
60804278
60810051
60817015
60822372
60827831
60832716
60840461
60848861
60855032
60862104
60867933
60875197
60881229
60888647
60894943
60902479
60910213
60918117
60922125
60827723
60827462
60827818
60827314
60827846
60826352
60826080
60828030
60809568
60816207
60820622
60826892
60833542
60842588
60849476
60855564
60862732
60868492
60875815
60881991
60889781
60895612
60902572
60910527
60918359
60926714
60829443
60830767
60830491
60829023
60829453
60829130
60831118
60809097
60812612
60818342
60824841
60831244
60838236
60845204
60853641
60860713
60866825
60873067
60877936
60885035
60892196
60898411
60906126
60913710
60921555
60927723
60831034
60831633
60830064
60829886
60831794
60830180
60831821
60808523
60814987
60819522
60825707
60833928
60839369
60847474
60854362
60861434
60867617
60874731
60881922
60886714
60894499
60902024
60909664
60915750
60923582
60928622
60832443
60830964
60832509
60831110
60832599
60832636
60832487
60810019
60816594
60821275
60828363
60835310
60841918
60847340
60854155
60861145
60867547
60874387
60882951
60888990
60895574
60900062
60907766
60913803
60919385
60926307
60831868
60833164
60833233
60833253
60833306
60833627
60832330
60833755
60814219
60820122
60827595
60832819
60839091
60846565
60852736
60859808
60866872
60873749
60882669
60888869
60895077
60901189
60908832
60916525
60924429
60929304
60833794
60833842
60833870
60834253
60833023
60834368
60833175
60812971
60816962
60824069
60828431
60835138
60843574
60850547
60857358
60864431
60870607
60877656
60884955
60891081
60898529
60903455
60912214
60918071
60926209
60932310
60834803
60834671
60833402
60835070
60834312
60834941
60835166
60811843
60818775
60822578
60830015
60835058
60842671
60849626
60856002
60862567
60869442
60876190
60885242
60891418
60898807
60903943
60911298
60917335
60925169
60933066
60835790
60834645
60835966
60835748
60835751
60835828
60835780
60813420
60820380
60825100
60831399
60839367
60846047
60853023
60857932
60865004
60870900
60879260
60886492
60892596
60900044
60904844
60912615
60920383
60928183
60933079
60836527
60836500
60836598
60836542
60836957
60835670
60837117
60815013
60821352
60825992
60833843
60839603
60844907
60852187
60857422
60864731
60871723
60877171
60883355
60891779
60897870
60903643
60911339
60918683
60924787
60930874
60836047
60835995
60836243
60837758
60837509
60837453
60837573
60837495
60817525
60825036
60831220
60837544
60844269
60851749
60856971
60863592
60872200
60879392
60885453
60891475
60898989
60905069
60912781
60920437
60928255
60933176
60837116
60838457
60838203
60836653
60838626
60837028
60838559
60815212
60820217
60826001
60831969
60838649
60845857
60852689
60861105
60868127
60874268
60881329
60887353
60893729
60901271
60907375
60915071
60921175
60927727
60933903
60838030
60839102
60838942
60837373
60837738
60837514
60839379
60817372
60822581
60826797
60832368
60838245
60844925
60852597
60861005
60867117
60874197
60881345
60888299
60893435
60901061
60906965
60915859
60921949
60929789
60935611
60839179
60842328
60842736
60841477
60842763
60842762
60842575
60819465
60825325
60830437
60837679
60842626
60849810
60856883
60863632
60872444
60878555
60885683
60892867
60899043
60906491
60911655
60919047
60925305
60933065
60939223
60843598
60842020
60842523
60844336
60843597
60843447
60843947
60820613
60826881
60833103
60838895
60845800
60852480
60859312
60865016
60872280
60878587
60885766
60892656
60898887
60906135
60913911
60921572
60926522
60934388
60940487
60843912
60842459
60842784
60842682
60844590
60843626
60844501
60823432
60827611
60835086
60840286
60846782
60853462
60860152
60868788
60875838
60882001
60889092
60896290
60902466
60908739
60915115
60922483
60928587
60937659
60943827
60844867
60845283
60844213
60843746
60843664
60845395
60843826
60824033
60827791
60835170
60838570
60846058
60853242
60860218
60867090
60873194
60880258
60886138
60893746
60899575
60907023
60914658
60922370
60928474
60936306
60942423
60844153
60846160
60844575
60845254
60845556
60846247
60846413
60823008
60828127
60834343
60841403
60848308
60853756
60860990
60867630
60874574
60882291
60889427
60896684
60902860
60910012
60916412
60923012
60928844
60936868
60944516
60846855
60846667
60846830
60846771
60847172
60845818
60847214
60825316
60832193
60838054
60842817
60849222
60855988
60864118
60870918
60875986
60882568
60890004
60897260
60903364
60909428
60915532
60922932
60929167
60937012
60943167
60845864
60846132
60845901
60847831
60846961
60847858
60847962
60824614
60831838
60835988
60843106
60850047
60856662
60863566
60870438
60877597
60883657
60890850
60898106
60904138
60911658
60916794
60924362
60930194
60938906
60943330
60847802
60848334
60848673
60847525
60847945
60847258
60846994
60848885
60831108
60837127
60843266
60848209
60855465
60862326
60870934
60877097
60882985
60890049
60897254
60903409
60912097
60918142
60924232
60930701
60936753
60944642
60848050
60847889
60847905
60848070
60847767
60849608
60848639
60849600
60830272
60837251
60843499
60849700
60856349
60863880
60869984
60876771
60883796
60890978
60897060
60904402
60911546
60917948
60925593
60931734
60937542
60945630
60848623
60849803
60848483
60850285
60848610
60848440
60848728
60848611
60830347
60837763
60843945
60848849
60856705
60864099
60870276
60877147
60884139
60889740
60897385
60904721
60912169
60918265
60925891
60932003
60936881
60945041
60863471
60849519
60849267
60851201
60849584
60850507
60850920
60851356
60830471
60836537
60842328
60850103
60856789
60863473
60869178
60876164
60883300
60890156
60896212
60903986
60910082
60916154
60923642
60931162
60937274
60945106
60951266
60851660
60851582
60851946
60851125
60851976
60851702
60851841
60831024
60838386
60844178
60850546
60857154
60863845
60870783
60877655
60884647
60890025
60896433
60903481
60909855
60917111
60923335
60931047
60937151
60944983
60951151
60851819
60851001
60852873
60851810
60851868
60851363
60851019
60833444
60838895
60843313
60849225
60854890
60865537
60872455
60879341
60886405
60892445
60899565
60906893
60912997
60919205
60925237
60932997
60939053
60947077
60953245
60856521
60854785
60856590
60856279
60856331
60856525
60856477
60889558
Peak: 62128003
Average: 58566082.68317854
