0
207179
292419
569456
991630
1253405
1764893
2490339
2776243
3143334
3646749
4011064
4537218
5361894
5533608
5828470
6310077
6787537
7273161
7508884
7920953
8464834
8831002
9117699
9498771
9732086
9946331
10615748
10941069
11304768
11857341
12575684
12848437
13161223
13657956
14217262
14711926
15258177
15790515
16128601
16442741
16662195
16786355
16858397
17203960
17370286
17661167
18045182
18185743
18412874
18465055
19234699
19559365
19732811
19833058
19835322
20065887
20247677
20362502
20490671
20867591
21164743
21504926
21965078
22452633
22848598
23383510
23630952
24013964
24336793
24554505
24681057
24823590
25004117
25173229
25315013
25564884
25855508
26184292
26756736
27009047
27494725
28143008
28775762
29620095
30063122
30065230
30071014
30072646
30087370
30094297
30118262
30518400
31055284
31538478
31735285
32016338
32108258
32405944
32503204
32542482
32599587
32669841
32747564
32940017
33090535
33540766
34469122
33992488
34490396
34610145
34786678
34832600
34849770
34886585
35192121
35298632
35882860
36011508
36335694
36899174
36970211
37203145
37676979
38021184
38525106
38525355
38525274
38525325
38525422
38425287
38839655
39038303
39214474
39277654
39355228
43303673
43315689
43602132
43631651
44245136
44256663
44278351
44328481
44384547
44442693
44489650
44549618
44607163
44633381
44689433
44741847
44769574
44769828
45006174
45226793
45304275
45779015
45938888
46039030
46557510
46916474
46990696
47075829
47239186
47299366
47441317
47618774
47673108
47772310
48089803
48249820
48467870
48670290
48757340
48904161
49183279
49314744
49514041
49528410
49554201
49557780
49499302
49636583
49759896
49817520
50032921
50277709
50379485
50460830
50485198
50500126
50533774
50588452
50639488
50716707
50838713
50925981
50983076
51195594
51550888
51667290
51963809
52221607
52599861
52743560
53050196
53230076
53819631
54436387
54650238
54731104
54735839
54810676
54840286
54984210
55092248
55165648
55308827
55220175
55654946
55956157
56070269
56158032
56563341
57027987
57095556
57500400
57559968
58093135
57863512
58079002
58100305
58255159
58332653
58249066
58528462
58585367
58608031
58690162
58997195
59316351
59900297
59996377
60072153
60133313
60184001
60222908
60406723
60443539
60494320
61496557
61058003
61048993
61066201
60857462
60863270
60866075
60866447
60866929
60867672
60869101
60871976
60871599
60873785
60872621
60874561
60875882
60877567
60879137
60882006
60883083
60883942
60883761
60884952
60883787
60885570
60888411
60887528
60889980
60889720
60889830
60892477
60893029
60893515
60894144
60894247
60894778
60897053
60897103
60898046
60896846
60898026
60900048
60898976
60903811
60904197
60904337
60904985
60905899
60905828
60906468
60904951
60905657
60907648
60907684
60908583
60906976
60907854
60910183
60910068
60910041
60910917
60911527
60911383
60913210
60910969
60912244
60913741
60911999
60914230
60912788
60916366
60918343
60918058
60919672
60917977
60920019
60920464
60920603
60919317
60921503
60921320
60921913
60920668
60922802
60923162
60923618
60922909
60924933
60925230
60923781
60925960
60927246
60925156
60927370
60927166
60928230
60927029
60931854
60932830
60931111
60933255
60934517
60932751
60932663
60935110
60933475
60935743
60935992
60936620
60935026
60937961
60936427
60938757
60940132
60937797
60939809
60941065
60938819
60940810
60942193
60940492
60941966
60943029
60940990
60943083
60947322
60944733
60946668
60948258
60946018
60946788
60945755
60948142
60948621
60949263
60948927
60949429
60948521
60950670
60951898
60951269
60951369
60950193
60951651
60952151
60952963
60953553
60951846
60952556
60955197
60956809
60954273
60955920
60956828
60959304
60960280
60959926
60961802
60958936
60960838
60959180
60961540
60961534
60962234
60964166
60962002
60963209
60963499
60965861
60962560
60964602
60962804
60965113
60966089
60965759
60964031
60964667
60966695
60964846
60967206
60967326
60970543
60972984
60970003
60971448
60969862
60972048
60972289
60970942
60972544
60971746
60973918
60976226
60974398
60974423
60975051
60977703
60973959
60975840
60974189
60976211
60974912
60977327
60977459
60977892
60980845
60978864
60978179
60979328
60980072
60985109
60982760
60983441
60982212
60983263
60982383
60983876
60983178
60985175
60983415
60985474
60984051
60986569
60989102
60986827
60987135
60987698
60988035
60991013
60988581
60988731
60989308
60992613
60989884
60989106
60988772
60991160
60994422
60994170
60993177
60995530
60993634
60995352
60994415
60996440
60996910
61000774
60996382
60998432
60998196
61001357
60998584
60998790
60999469
61002758
60999621
60998607
61000653
60998828
61000836
61001359
61001885
61005478
61002101
61000834
61003106
61001358
61004201
61005732
61007366
61007754
61011742
61008351
61008630
61007213
61009125
61009513
61013317
61010024
61008384
61010721
61010969
61011583
61015440
61011827
61010670
61012425
61012817
61017248
61013465
61013578
61014182
61012333
61014039
61013389
61015219
61018227
61022541
61018679
61018885
61019462
61017429
61017890
61019524
61020338
61020891
61025522
61021453
61019762
61022010
61020556
61026794
61027519
61023226
61023346
61023974
61022101
61023842
61023058
61024222
61025355
61030250
61025815
61024295
61025092
61029886
61030278
61035342
61030501
61029638
61031649
61032533
61032396
61030577
61030789
61031976
61033264
61033892
61034106
61034392
61039252
61035002
61034095
61036147
61036581
61034690
61034967
61036264
61037466
61037910
61036102
61037938
61037010
61039086
61039475
61047247
61040576
61040866
61041944
61043365
61043912
61042063
61043783
61043194
61043800
61045515
61043533
61045448
61051600
61044453
61045957
61047768
61047505
61045693
61045960
61047141
61048309
61046975
61049202
61049539
61047704
61047967
61050394
61050493
61053731
61051875
61052189
61054442
61052867
61055129
61055446
61061577
61054240
61061845
61055888
61056000
61056920
61057497
61055750
61064197
61057742
61057582
61058891
61059235
61059585
61059648
61058840
61060525
61058583
61058860
61059975
61061284
61061861
61062068
61070915
61065477
61065575
61066075
61064305
61064751
61066204
61067879
61068419
61067094
61067519
61069336
61069861
61067875
61068254
61069809
61070816
61070006
61071422
61070608
61071843
61072300
61072695
61070795
61071123
61072641
61073714
61074165
61074461
61072561
61084473
61077884
61077564
61084921
61078033
61077705
61079065
61079666
61080085
61078113
61087499
61078697
61079047
61081351
61081208
61081450
61081887
61081762
61082617
61082814
61083418
61083663
61081841
61091422
61084070
61083244
61084889
61085493
61083638
61086007
61084260
61087242
61089546
61088201
61089822
61090426
61090647
61090922
61091386
61091586
61098755
61099411
61090262
61092593
61091118
61092494
61093511
61091790
61093894
61094423
61092822
61102383
61093743
61093905
61094098
61096735
61096440
61094591
61094970
61097250
61095877
61100471
61100757
61098631
61109236
61102391
61101354
61102706
61111716
61104002
61102701
61104681
61105166
61103377
61103603
61105976
61104510
61106481
61106873
61105126
61105454
61107830
61106067
61108308
61108652
61106919
61107247
61109551
61109255
61110065
61108476
61113261
61113653
61111753
61112108
61113308
61114481
61115304
61115381
61123756
61113860
61116236
61114524
61116867
61117256
61125650
61115714
61118039
61116615
61118359
61118775
61119317
61119589
61127910
61118037
61120239
61118764
61121415
61121235
61121651
61130127
61122677
61125002
61123485
61125507
61125950
61124101
61135605
61126309
61126154
61125578
61127295
61127899
61128308
61136999
61126599
61128909
61127701
61129322
61129889
61130171
61129285
61130824
61131042
61131293
61140580
61131164
61132192
61132420
61131068
61132980
61136008
61134356
61134380
61145945
61136585
61135708
61137404
61138029
61136335
61147956
61136496
61148779
61138980
61138897
61139106
61140517
61141799
61142050
61140216
61152397
61142317
61152916
61153247
61141639
61144147
61142816
61145293
61144897
61145334
61145722
61146015
61146771
61159137
61148870
61149659
61148249
61149952
61150481
61150828
61149081
61161746
61151641
61152009
61150622
61152417
61152898
61153287
61151563
61163638
61153358
61154332
61152884
61154652
61155256
61155579
61165521
61166295
61154214
61156590
61155073
61157160
61160264
61158445
61171349
61160711
61160549
61159836
61162554
61162307
61162501
61160768
61173931
61162685
61163822
61162238
61164078
61164559
61163081
61175777
61163412
61165679
61164364
61166081
61166757
61166906
61165057
61178292
61167170
61168047
61166725
61168445
61171464
61171883
61170034
61183326
61172084
61171039
61172748
61173516
61172222
61173908
61174324
61174692
61174964
61173217
61175232
61173403
61186766
61174017
61176386
61175092
61177688
61177382
61177729
61175982
61189438
61176531
61178937
61177687
61179316
61179927
61182804
61180918
61194865
61183105
61182633
61183299
61185478
61185917
61184214
61197578
61197896
61198496
61199065
61187020
61187934
61187334
61186717
61188811
61188631
61188055
61187538
61188912
61190147
61188567
61202322
61188949
61191253
61190267
61189971
61192051
61192566
61195304
61207092
61207880
61194198
61196488
61196025
61195206
61195578
61195873
61197666
61198198
61198580
61198736
61210738
61211629
61199125
61199669
61198643
61200210
61200667
61201107
61201307
61199574
61214133
61200058
61202529
61201664
61201161
61203296
61203558
61206638
61206787
61204975
61219751
61207069
61208052
61206751
61208427
61208826
61209047
61209322
61209666
61207745
61222726
61208372
61210278
61209294
61210915
61210423
61211530
61211032
61210387
61212275
61211027
61212840
61212556
61213842
61214264
61214413
61212863
61214957
61217890
61218213
61230977
61231644
61216937
61217311
61232594
61217896
61220098
61218804
61220476
61220906
61221397
61221669
61234677
61235186
61220413
61222221
61223163
61221826
61221597
61222164
61224056
61223354
61224408
61222546
61224578
61225158
61238490
61223682
61225669
61225445
61225935
61226060
61226397
61229244
61227746
61229650
61230355
61230627
61228778
61245543
61230530
61232834
61232085
61232909
61233160
61233381
61234191
61232911
61234583
61235166
61233541
61233834
61235743
61235234
61236721
61237017
61237187
61235412
61251319
61235924
61238207
61237714
61237018
61238943
61242091
61242483
61242704
61240855
61257049
61241403
61257916
61242106
61258199
61242655
61244973
61244108
61243591
61245863
61245816
61246971
61246596
61246913
61247287
61246299
61246120
61245528
61248017
61248521
61246977
61246453
61262891
61246528
61248592
61247573
61246783
61250948
61250424
61251395
61251352
61251435
61249397
61265476
61251668
61251649
61251831
61265464
61266150
61251099
61251820
61250333
61249979
61252412
61251145
61252137
61252097
61252201
61252198
61252265
61252297
61252459
61250226
61266566
61250305
61252369
61251652
61250788
61252415
61252581
61252658
61252762
61250601
61266696
61250501
61252227
61251637
61251352
61251137
61250932
61250803
61252660
61252850
61252889
61253116
61250883
61267051
61250921
61251478
61253205
61251650
61253306
61251780
61253391
61251748
61251496
61251441
61253864
61253252
61251562
61253138
61253406
61253432
61253624
61251783
61251399
61267618
61251372
61251431
61268047
61251567
61253726
61252437
61252133
61251805
61253597
61253815
61253943
61254026
61254034
61251945
61254057
61254134
61254172
61251929
61255175
61255453
61253561
61269111
61269460
61253341
61255282
61254637
61254205
61254333
61254104
61255485
61255702
61256076
61255964
61255972
61256004
61255985
61253998
61269883
61269952
61253955
61255625
61255012
61255798
61254502
61255999
61254439
61254344
61255214
61270299
61256604
61256441
61254600
61254435
61270811
61254761
61254731
61271115
61254830
61256165
61256830
61257057
61255757
61255398
61255121
61256927
61257232
61257249
61257359
61257368
61257497
61255343
61255462
61256363
61271267
61271489
61255539
61256947
61257526
61257644
61256590
61256223
61255909
61257558
61257710
61257927
61257733
61257158
61258057
61258147
61258128
61256076
61256200
61256259
61272500
61272535
61272602
61256156
61257898
61258191
61256443
61257909
61258365
61258459
61257316
61257073
61256961
61258377
61258669
61258876
61258843
61257176
61256823
61273149
61272820
61273097
61256863
61272613
61257032
61272801
61273230
61272995
61257031
61273206
61257183
61273342
61273395
61257304
61258944
61257869
61259337
61258139
61257612
61259287
61259140
61259611
61259664
61259460
61259519
61258944
61259762
61259842
61259955
61260131
61260077
61260007
61260111
61260071
61260079
61260162
61258558
61258054
61258188
61273981
61274440
61274732
61259617
61259595
61260225
61260452
61259561
61259246
61258763
61260230
61258478
61258708
61260374
61259864
61260712
61260960
61260769
61260973
61260936
61261040
61258879
61274829
61258754
61261120
61259378
61260349
61276764
61276610
61276590
61260471
61261871
61262047
61262482
61262723
61262615
61261724
61261106
61260850
61262420
61262692
61262707
61262883
61262945
61261131
61260975
61261178
61262761
61263047
61263061
61263114
61263132
61263164
61263210
61261685
61261181
61277103
61263266
61263394
61263491
61263242
61263476
61263351
61262332
61263307
61263404
61262196
61262180
61261999
61261764
61263412
61263708
61262971
61263458
61263404
61263874
61264029
61263877
61263160
61262389
61262451
61263502
61278381
61278528
61262243
61263592
61263768
61262816
61264355
61263147
61263449
61262878
61264280
61263705
61264539
61263513
61263555
61264003
61263320
61263222
61264771
61264779
61265024
61265038
61265180
61265137
61265305
61265207
61265311
61265220
61265252
61265311
61265313
61262896
61264489
61264398
61265324
61265254
61265350
61265526
61265336
61265580
61265598
61265665
61265601
61265684
61265737
61265830
61263863
61263626
61279503
61280015
61280037
61280109
61263695
61265263
61264311
61265901
61265909
61265866
61265956
61264676
61264890
61264595
61264330
61264266
61265965
61266596
61266180
61266109
61266162
61266194
61266226
61266402
61266341
61266541
61266477
61266437
61266469
61266747
61264783
61264495
61266266
61266465
61266446
61266556
61266666
61266641
61266898
61266960
61266818
61266799
61266882
61266935
61266895
61265003
61266833
61266865
61266927
61281259
61281363
61281521
61265146
61265025
61266500
61266508
61266582
61266713
61267132
61267266
61281267
61265219
61281395
61281662
61281526
61281767
61281695
61281808
61281870
61265465
61266940
61267239
61267166
61267095
61265553
61265894
61267558
61267458
61283562
61267375
61269792
61269680
61269784
61269693
61269725
61269733
61269662
61269708
61269764
61269888
61269598
61269606
61269716
61270502
61269795
61269531
61269876
61270034
61270036
61268393
61269612
61269486
61269671
61268185
61268193
61268164
61284302
61268028
61270394
61270535
61270495
61270599
61270559
61270642
61270572
61270553
61270677
61270709
61270717
61269037
61269450
61269742
61269164
61269219
61268984
61270688
61270645
61270639
61271428
61270781
61270711
61270967
61271036
61284676
61285043
61285281
61285436
61285322
61285588
61271214
61270656
61271350
61271355
61271424
61271514
61271481
61271666
61271689
61270872
61269475
61269544
61269488
61269547
61271046
61271174
61285741
61272058
61272039
61272020
61272052
61269584
61270075
61270003
61270086
61285963
61272241
61272153
61272236
61272244
61272276
61272308
61270536
61271789
61270291
61270347
61286587
61286544
61270323
61270197
61272497
61272649
61272486
61272596
61272526
61272705
61272716
61272799
61272855
61272980
61272844
61271075
61272884
61272495
61272763
61273464
61272680
61272715
61272672
61272728
61272787
61272667
61272220
61272252
61272188
61273063
61273242
61273130
61273111
61273092
61273223
61273156
61273164
61273220
61273324
61273308
61273381
61273358
61273404
61273463
61273509
61273383
61273568
61274172
61273414
61271947
61273582
61273587
61273598
61273549
61272456
61273177
61273230
61273334
61273820
61273822
61287434
61287840
61288276
61288318
61271913
61273235
61273390
61273350
61273454
61273486
61273641
61273571
61273849
61274338
61274493
61274576
61274578
61274538
61274492
61274524
61274583
61274666
61274800
61274706
61273084
61273668
61274074
61273980
61273740
61273553
61274076
61273938
61273676
61275010
61288990
61289060
61288996
61289188
61289348
61289119
61289273
61289279
61289572
61289447
61289180
61291095
61275226
61291154
61291166
61277515
61277520
61277480
61277563
61277595
61277627
61277635
61277565
61277685
61277666
61277458
61276090
61276259
61276733
61276928
61277842
61277837
61277855
61277880
61278021
61278067
61277932
61276717
61276917
61276455
61276459
61276413
61276345
61276405
61276611
61276708
61292489
61292352
61276429
61277394
61276752
61276784
61278477
61278560
61278619
61278627
61278635
61278541
61278594
61278677
61277589
61276607
61276639
61276671
61276601
61276609
61278033
61276467
61276629
61277645
61276893
61276952
61279494
61277828
61278908
61279066
61278671
61278698
61278460
61278650
61278754
61279117
61278845
61279004
61278762
61293275
61293066
61277248
61293214
61293470
61277139
61279419
61279325
61279274
61279255
61279308
61279340
61279474
61280293
61279340
61279423
61279407
61279439
61279611
61277880
61278000
61278245
61279302
61294180
61293767
61277879
61293780
61277741
61278026
61293903
61293916
61278047
61293956
61294052
61294066
61294417
61294228
61294087
61294100
61294349
61278365
61294293
61280424
61280487
61281213
61280578
61279552
61279744
61280568
61280600
61280632
61279797
61280682
61280786
61279603
61280269
61278878
61280200
61280334
61278960
61294809
61294847
61294828
61295006
61294937
61278953
61279087
61279017
61279049
61279132
61295349
61295178
61278975
61281255
61281078
61281065
61281124
61279372
61279524
61279741
61279601
61279712
61279641
61279724
61280993
61279277
61295574
61295633
61281348
61281243
61281326
61281256
61281315
61281449
61281328
61281387
61282326
61281526
61281768
61281379
61295993
61296142
61296150
61279929
61279934
61279867
61295744
61296025
61280014
61279995
61280054
61280127
61280237
61280044
61280178
61280108
61280191
61296151
61280255
61282435
61282183
61280647
61280874
61280855
61280785
61281596
61282592
61282361
61281989
61280372
61280506
61280538
61280621
61282096
61282084
61282079
61282220
61280706
61280789
61297141
61296879
61297090
61283057
61282099
61282813
61283527
61282802
61282810
61282818
61280977
61281146
61281007
61281130
61281482
61285312
61285344
61285400
61283634
61283666
61285547
61285630
61285611
61285568
61285744
61285731
61284834
61285591
61285271
61285210
61285293
61285100
61283733
61284493
61283989
61318621
61300916
61301574
61302283
61302796
61302759
61302989
61303670
61302598
61304018
61303471
61317910
61318493
61306361
61304555
61304761
61304837
61304794
61303164
61302827
61319003
61319143
61319059
61319497
61319289
61319755
61319437
61305532
61305746
61305757
61305687
61303894
61303643
61305796
61305903
61305844
61305616
61305848
61320195
61319735
61306076
61305930
61304302
61305752
61320099
61306239
61306148
61304166
61306249
61304626
61305266
61306645
61306725
61306784
61306693
61306806
61306814
61306816
61306876
61305374
61305280
61304943
61321093
61307203
61307337
61307294
61307391
61307399
61307329
61307586
61305910
61305385
61305417
61321670
61321780
61321444
61321951
61305603
61306983
61307186
61307672
61307653
61306496
61306318
61306275
61305989
61307739
61307974
61307982
61307935
61308063
61308197
61306319
61305987
61322024
61322091
61308276
61308311
61308346
61308429
61308434
61308445
61308455
61308498
61305972
61306576
61306543
61308424
61308391
61308468
61308640
61308615
61308725
61308859
61306560
61306811
61306927
61306907
61306939
61307023
61308815
61308950
61308907
61307655
61307660
61307589
61307596
61309249
61310172
61309502
61309355
61308538
61309600
61309626
61309688
61309383
61309677
61309829
61309810
61309914
61309877
61310025
61309982
61308480
61308170
61310003
61309907
61309993
61310025
61309982
61310814
61310337
61309481
61310227
61310358
61310181
61308789
61308797
61308664
61308669
61308587
61310253
61310360
61310581
61310691
61310617
61310523
61310643
61310678
61310728
61310750
61310693
61310725
61310757
61308827
61308889
61308911
61310754
61310711
61310897
61310015
61310961
61310907
61309305
61310835
61311185
61311855
61310996
61311168
61311347
61311304
61311336
61311368
61311472
61311606
61311553
61311585
61311689
61309892
61311770
61309734
61310539
61309628
61325777
61309654
61325640
61325845
61325847
61309640
61309621
61310949
61311134
61311040
61311291
61325694
61325565
61325757
61325733
61326232
61326131
61309998
61311406
61311449
61311993
61311987
61311233
61311041
61310398
61310232
61310099
61312017
61312025
61312246
61312254
61312244
61312491
61314800
61314808
61314861
61314879
61314874
61314772
61314794
61314802
61314912
61314883
61314990
61315029
61315163
61315107
61315139
61313575
61313190
61329252
61329274
61329642
61329443
61329451
61329589
61329643
61330008
61329678
61330099
61313643
61315163
61315784
61315912
61315985
61316068
61314777
61316081
61316017
61316025
61316077
61315081
61314341
61330215
61330150
61330662
61330455
61330399
61331076
61314470
61315945
61316107
61316283
61316219
61316118
61316711
61316825
61316867
61316875
61316086
61316118
61316505
61316420
61316445
61316629
61316688
61316768
61331519
61331324
61331497
61331406
61331385
61331371
61315278
61316832
61316840
61317496
61317471
61317530
61317576
61317776
61317411
61317484
61317530
61317630
61317764
61317598
61317681
61317802
61315889
61317833
61317494
61316987
61316397
61316288
61316125
61316143
61316216
61318083
61317989
61318048
61318086
61318754
61318048
61318005
61318184
61318278
61318334
61318438
61318347
61318416
61318438
61318470
61318598
61318534
61316765
61317389
61316485
61316493
61332658
61332551
61333058
61316735
61318210
61318133
61317277
61318344
61333205
61332967
61316708
61316753
61316761
61332676
61333188
61333031
61332967
61333223
61333415
61333471
61317117
61318439
61317082
61317039
61317122
61317154
61317162
61318508
61333207
61319399
61319458
61317829
61319659
61319595
61317754
61319782
61318106
61318565
61317675
61317669
61317458
61319926
61318079
61318788
61318871
61318504
61318495
61319815
61319847
61319855
61319615
61319963
61318690
61318726
61319184
61318464
61318496
61318473
61318454
61318523
61318356
61318457
61320018
61320275
61320256
61320064
61320296
61319347
61318609
61320332
61320364
61320406
61320390
61320350
61320331
61318442
61318683
61318762
61318794
61318686
61318718
61320080
61318798
61320323
61318786
61335354
61335410
61318906
61319016
61320375
61319135
61320487
61320663
61320746
61320799
61319808
61321173
61319709
61321149
61321202
61321285
61321389
61321298
61335227
61335342
61335431
61319492
61319548
61335425
61335617
61335924
61335772
61335580
61335812
61335908
61335532
61319695
61335604
61335662
61335931
61335587
61319718
61319791
61319748
61319756
61335753
61322043
61321949
61321906
61322013
61320724
61321938
61321696
61322080
61322208
61321696
61321560
61320252
61322472
61322459
61322362
61322373
61321456
61320859
61322511
61322116
61321836
61320604
61322816
61322770
61322931
61322960
61322934
61322904
61322987
61323070
61322907
61321224
61321198
61322666
61322704
61337491
61337406
61337339
61322966
61323128
61321502
61321627
61321683
61321718
61321849
61323430
61324285
61324252
61324223
61325647
61325751
61325666
61325923
61326556
61326698
61326832
61326714
61326824
61326679
61326734
61326295
61341006
61340990
61340614
61324828
61340838
61340934
61341054
61341059
61341163
61340838
61326906
61326983
61327127
61327071
61327127
61325382
61325603
61327279
61326791
61326782
61325264
61325432
61341292
61327613
61327663
61327602
61327599
61327543
61327647
61327556
61327612
61327695
61327676
61326003
61327683
61327838
61327753
61327785
61327667
61327897
61327878
61327297
61326022
61341903
61342064
61342429
61341981
61341893
61341919
61342029
61342397
61326397
61326504
61326536
61326695
61326205
61326339
61326361
61328565
61328618
61328629
61328637
61328618
61328725
61328706
61328813
61328722
61328754
61327541
61327562
61328865
61327574
61327743
61328930
61327810
61328953
61328582
61328716
61328436
61326652
61327032
61343056
61343051
61343147
61343243
61343254
61343507
61343155
61343219
61343335
61343431
61343720
61343467
61343446
61343617
61343843
61327547
61343480
61343552
61343672
61327624
61327567
61343372
61343578
61343637
61343987
61343726
61343717
61327720
61327701
61328768
61327557
61328120
61328080
61328211
61328243
61329891
61329861
61328007
61328837
61330034
61330117
61330071
61330250
61330063
61330095
61330079
61330111
61330153
61330185
61329134
61330570
61330557
61330538
61330570
61330639
61330634
61330696
61330776
61330781
61330792
61330818
61330829
61330834
61330842
61330874
61330882
61330914
61330946
61330978
61330879
61330812
61330919
61330951
61331713
61331895
61331809
61331151
61331159
61331419
61329368
61329540
61329534
61329505
61346059
61331531
61331608
61331565
61331613
61330476
61331661
61331525
61331560
61331643
61331624
61331680
61331688
61330848
61331210
61332011
61331941
61345956
61345962
61346058
61330035
61330016
61330034
61330066
61329631
61332280
61332298
61331552
61332362
61331316
61332433
61332236
61332418
61332351
61332332
61332466
61332447
61331605
61331644
61332519
61332575
61332508
61331666
61331807
61332631
61332711
61332743
61332748
61332732
61332791
61332922
61330937
61330798
61332991
61332742
61346995
61333012
61332091
61332164
61333108
61330691
61333155
61331206
61347438
61332571
61332166
61331414
61333281
61333372
61333596
61333628
61331958
61347947
61332955
61348011
61347782
61347531
61331635
61331667
61332587
61332078
61332062
61332094
61331982
61334007
61333943
61334101
61334058
61333991
61333999
61334079
61334162
61334218
61334017
61333303
61333641
61332383
61332415
61332321
61332353
61348526
61348430
61348513
61348633
61348537
61332462
61332524
61332177
61334744
61334725
61333010
61334768
61334824
61334832
61334775
61334882
61334979
61335042
61335002
61333662
61334906
61334784
61334663
61334581
61333074
61349478
61332635
61333037
61334274
61333334
61334383
61333734
61333214
61333423
61349841
61349873
61349529
61349510
61349566
61349878
61349438
61349699
61334595
61333619
61333702
61337555
61338844
61338777
61338905
61338796
61338718
61337008
61337399
61337918
61339077
61338762
61339025
61339043
61339068
61337620
61338756
61337084
61337116
61337124
61353320
61353160
61353216
61337032
61337166
61338131
61336878
61337387
61337515
61337670
61337681
61339511
61339492
61339599
61339703
61339663
61339689
61339649
61339681
61339764
61339775
61339807
61339870
61339814
61354254
61338918
61338262
61338099
61340025
61340084
61340116
61340292
61340378
61340356
61340439
61340300
61340257
61340364
61340396
61340328
61340438
61338879
61339772
61354852
61354740
61338842
61340795
61340677
61340760
61340717
61340776
61340709
61340054
61340059
61340653
61340658
61338855
61338962
61339213
61339242
61339534
61339512
61339808
61341176
61341208
61340832
61341038
61340956
61340934
61341099
61339590
61339739
61340499
61341229
61341179
61340742
61340586
61339328
61355824
61355358
61355362
61355272
61340266
61341591
61341641
61341478
61341599
61341586
61341618
61341551
61340811
61341409
61341492
61341524
61341529
61341510
61341542
61341625
61341708
61341638
61341574
61339873
61340046
61341846
61355611
61340220
61342002
61341010
61341884
61340894
61340154
61356095
61340551
61342493
61342388
61340678
61342334
61340361
61356390
61341377
61342720
61342420
61340974
61340625
61342866
61342730
61342532
61340996
61341726
61342855
61342286
61342075
61340718
61340678
61357174
61356755
61356679
61342840
61342711
61340959
61341170
61341976
61342978
61342938
61342725
61343128
61342517
61341101
61341031
61341189
61341221
61341151
61341183
61357078
61343408
61343360
61341691
61342447
61342245
61343367
61342872
61341604
61341520
61342562
61343707
61343651
61343785
61343700
61343705
61342589
61343736
61343669
61343666
61341412
61343911
61344008
61343965
61344171
61344131
61344167
61344148
61344162
61343177
61343420
61344868
61343958
61342257
61343780
61358283
61358740
61358229
61342255
61342250
61342327
61342866
61342837
61344330
61343007
61343399
61344674
61344655
61344615
61344127
61342671
61342700
61359196
61359405
61359203
61358931
61359038
61343174
61344151
61345332
61345316
61345348
61345455
61345173
61344922
61359186
61343322
61343354
61343488
61345590
61343890
61345272
61345040
61343605
61343688
61343669
61360237
61359999
61359863
61344848
61346092
61345920
61345904
61345922
61346070
61346037
61345946
61345016
61346642
61344216
61344406
61344322
61345139
61345178
61360553
61360208
61344343
61343964
61346423
61346413
61346236
61345373
61346029
61344531
61360506
61346643
61346708
61346429
61344986
61346635
61360618
61344409
61346849
61346830
61346913
61346996
61346932
61347469
61346712
61346833
61345176
61346300
61361356
61361378
61361458
61361317
61361181
61361530
61361070
61347438
61347449
61347436
61347181
61347213
61345485
61347480
61362013
61361966
61345605
61346005
61347742
61347815
61347884
61347889
61347835
61347051
61347760
61347702
61345845
61346301
61347136
61347893
61347870
61347347
61362643
61346016
61362519
61362485
61362068
61346224
61346205
61345936
61348326
61348252
61348263
61348059
61346307
61346713
61347507
61348366
61347017
61346398
61346440
61362899
61362862
61362622
61362913
61362693
61347755
61347093
61349130
61348937
61349122
61348827
61348937
61347979
61348909
61348830
61348837
61346789
61346835
61346918
61350498
61350275
61366808
61366590
61366804
61366753
61366657
61366386
61350672
61351568
61352785
61352919
61352723
61352635
61352721
61351942
61350843
61366821
61350711
61353070
61353030
61353117
61352919
61353077
61351462
61351564
61351545
61351768
61353414
61353435
61353484
61366892
61351228
61351325
61351436
61351468
61351892
61353704
61353811
61353782
61353814
61353948
61353624
61353581
61351880
61352149
61368395
61352915
61354159
61354242
61354298
61354258
61354263
61354346
61354228
61352627
61354283
61353918
61352246
61352251
61368665
61368584
61352390
61352814
61354455
61352734
61353000
61353787
61353979
61369056
61368891
61368859
61368736
61353788
61354933
61354910
61353565
61355081
61354566
61352953
61369749
61369269
61369046
61353377
61353368
61353710
61355605
61355769
61355941
61355810
61355872
61354928
61355601
61353945
61354265
61354534
61355899
61355859
61355419
61355307
61353937
61370080
61370187
61354048
61354292
61356121
61356129
61356236
61356035
61354547
61355427
61370640
61370077
61354194
61356443
61356409
61356492
61356501
61357093
61356349
61356534
61354704
61371136
61371222
61354472
61355422
61357001
61356931
61357014
61356899
61356787
61357036
61355022
61371535
61371117
61355914
61356969
61357070
61356913
61357047
61357042
61356958
61357116
61355364
61355656
61355689
61355694
61356645
61357381
61357026
61355294
61355479
61355358
61355567
61355446
61371585
61371590
61371678
61355446
61357941
61357719
61356156
61356485
61356925
61356531
61357895
61357174
61372107
61371758
61355945
61358176
61356377
61357332
61372596
61372161
61372300
61372101
61356327
61356308
61356745
61358437
61356464
61357665
61358487
61358396
61358040
61373028
61372736
61357475
61358781
61358789
61358870
61358276
61356676
61373172
61373255
61373065
61372763
61356865
61357758
61359200
61359154
61359151
61359189
61358712
61359067
61373528
61373232
61357195
61359468
61359329
61359463
61359492
61359425
61358596
61359313
61359267
61359323
61357571
61357849
61357998
61358708
61358347
61358088
61359161
61357753
61374072
61373827
61373897
61357860
61360115
61360110
61360736
61358544
61358021
61358124
61358404
61360322
61360395
61360331
61374370
61373946
61357935
61358172
61358241
61360316
61360279
61358593
61358874
61358978
61359024
61359734
61359332
61360658
61360803
61360359
61375016
61374814
61374934
61359648
61359288
61359293
61361212
61361250
61361228
61360235
61361112
61375750
61375160
61359264
61359526
61361524
61361604
61359451
61375787
61375523
61360496
61361713
61361622
61361769
61361843
61361905
61361763
61360835
61361123
61376053
61359746
61360200
61361856
61361915
61362070
61361985
61360381
61360725
61362048
61361542
61360053
61376522
61376090
61376010
61360146
61361192
61362379
61362438
61362507
61362427
61361708
61362371
61362403
61362561
61360642
61360914
61361770
61362674
61362685
61362710
61362366
61362155
61377406
61377111
61360680
61362287
61363001
61363006
61362915
61362998
61363003
61361227
61361595
61362355
61363232
61363318
61361270
61361377
61361447
61363571
61363343
61361708
61362004
61363289
61363554
61362804
61361597
61378025
61363699
61363673
61363698
61363730
61363732
61378166
61378186
61361788
61363842
61363976
61363912
61363999
61362028
61363287
61361735
61364216
61364152
61364187
61363294
61364189
61363925
61362189
61378668
61378302
61378203
61361960
61362630
61363118
61364465
61364476
61363982
61363819
61362486
61379006
61378924
61362550
61362929
61364681
61364815
61364802
61364813
61364794
61364754
61365326
61364177
61379136
61364989
61364853
61364171
61364879
61362997
61379359
61363383
61365339
61365296
61365430
61365192
61365200
61364443
61365028
61363265
61364713
61363119
61365587
61365517
61365621
61365638
61363975
61369306
61369266
61368676
61367162
61367269
61383810
61383380
61383301
61367471
61367631
61367681
61369529
61369441
61369100
61367572
61368409
61369489
61367977
61368881
61369791
61369402
61369253
61384190
61383961
61383780
61367841
61369904
61368873
61369970
61369865
61369394
61368034
61368155
61384617
61384188
61367857
61367865
61370462
61368187
61369388
61368484
61370317
61370400
61370483
61370378
61370293
61370223
61370255
61370236
61368799
61368286
61370760
61371196
61368916
61369055
61369591
61370852
61370115
61370888
61370920
61370955
61370113
61370925
61369091
61371244
61371345
61371059
61371118
61370890
61369199
61369567
61370719
61369277
61371601
61371411
61371368
61371574
61371468
61371463
61370727
61371441
61369755
61370288
61370275
61371670
61369641
61371863
61371895
61371769
61369921
61370289
61370729
61370515
61371913
61371873
61369766
61372243
61371913
61370134
61370553
61370897
61372169
61372180
61371839
61371523
61370238
61386523
61386187
61372324
61371409
61372564
61372028
61370653
61370607
61370639
61370606
61386568
61372742
61372890
61371874
61372751
61370903
61387009
61387209
61386942
61370969
61371636
61373274
61373162
61373122
61372303
61371094
61387521
61371276
61371748
61373410
61373367
61373528
61373515
61373421
61374161
61373286
61371579
61371971
61373646
61373657
61373696
61373485
61373592
61373503
61371769
61371750
61371659
61388090
61387930
61373860
61373728
61372024
61372430
61374062
61373478
61372039
61374170
61373918
61372304
61373208
61374019
61372063
61388583
61388212
61372202
61374355
61374414
61374395
61374352
61374911
61373026
61373709
61388373
61388647
61373263
61374459
61374569
61374448
61374534
61374566
61374602
61372607
61374431
61373841
61372442
61389040
61389066
61388855
61372559
61372263
61374792
61374800
61374613
61374700
61374468
61372938
61373063
61374968
61374450
61374092
61372780
61372863
61389212
61388919
61373442
61375326
61375235
61375339
61375248
61375358
61375373
61375039
61373359
61373709
61374415
61375391
61373435
61389938
61389420
61373407
61373780
61375592
61375624
61375656
61375592
61375466
61373821
61375669
61375116
61373583
61375849
61375926
61375998
61375955
61375918
61375642
61373928
61374422
61375071
61374696
61376019
61374541
61373921
61376125
61376160
61376072
61374853
61376796
61376031
61376063
61374455
61374727
61375525
61376402
61376464
61375958
61374622
61390690
61390419
61374591
61375117
61376701
61376856
61376873
61376594
61376557
61374829
61375221
61376744
61374915
61374776
61391087
61391044
61390784
61375253
61377062
61377067
61376979
61377690
61376906
61375463
61376397
61377154
61376543
61375272
61391584
61391707
61375343
61377598
61377694
61377370
61377402
61377458
61375901
61376626
61377730
61377669
61375666
61392135
61391970
61392055
61375861
61376189
61378022
61378084
61377918
61377930
61377695
61376138
61376335
61377170
61377804
61377319
61392125
61391855
61377026
61378171
61378254
61378409
61378267
61377360
61378906
61376511
61376920
61377040
61377686
61376173
61376331
61392783
61392677
61376330
61376778
61378515
61378619
61378456
61378333
61376647
61376970
61377002
61378675
61378115
61393109
61392855
61393128
61376856
61376899
61378720
61378929
61378698
61377155
61378080
61378963
61377070
61393630
61393211
61378056
61379369
61379335
61379145
61379848
61379099
61377566
61378185
61378056
61379331
61378795
61377561
61393667
61393518
61377184
61379769
61379825
61379833
61379769
61379718
61377990
61379931
61379388
61394430
61378004
61380215
61380124
61380111
61380691
61378299
61379728
61378153
61394556
61378107
61378726
61380319
61380423
61380140
61380056
61378304
61378624
61380184
61380270
61379755
61378340
61394523
61394632
61379371
61380663
61380500
61380436
61378472
61378771
61379046
61379803
61380611
61380595
61378694
61378750
61395171
61378478
61379257
61381042
61380975
61380935
61380940
61380811
61380894
61380950
61380982
61379374
61379520
61380227
61380032
61380723
61380676
61379292
61395347
61395611
61395272
61379350
61379363
61381535
61381588
61381699
61379707
61380171
61381457
61380849
61379554
61379559
61379860
61379674
61396177
61383811
61381672
61381683
61381695
61381514
61381460
61379917
61380600
61381776
61385397
61383944
61383949
61400445
61400199
61400008
61384093
61385118
61386350
61386286
61384898
61400370
61386321
61386353
61386457
61386236
61384758
61386345
61400632
61385288
61386550
61386417
61384624
61386394
61385772
61400516
61384927
61386571
61384967
61385667
61385617
61386305
61384619
61400840
61400640
61385817
61386833
61387015
61386873
61387017
61386645
61384992
61385875
61387023
61386463
61401457
61400963
61385294
61387260
61387111
61387050
61386844
61386851
61385387
61386229
61386661
61385102
61385182
61401651
61401318
61387493
61387532
61387482
61387422
61387163
61387246
61385491
61385907
61387443
61401771
61387879
61385627
61386747
61386187
61387110
61385727
61385732
61402317
61401921
61386266
61388144
61387970
61387845
61389556
61388583
61389541
61390383
61389686
61388401
61388433
61388530
61404521
61404456
61388730
61389099
61390912
61389095
61388464
61404953
61404726
61388764
61388824
61391137
61391097
61391129
61391000
61391631
61389170
61389541
61390049
61391198
61389287
61389421
61389346
61391544
61391573
61391437
61391497
61391463
61391495
61391578
61390039
61391743
61391703
61406205
61405909
61389872
61390320
61392150
61391805
61390293
61389986
61406178
61390141
61390565
61392449
61392457
61392346
61392302
61390454
61390857
61406750
61391489
61392781
61392738
61392599
61392585
61392440
61390872
61391741
61392854
61392069
61390733
61407331
61406973
61390923
61392950
61392982
61392761
61392217
61393035
61393067
61392603
61391123
61407408
61407347
61392369
61393556
61393492
61393524
61393446
61391475
61391846
61392716
61391301
61393566
61393724
61393729
61393609
61392152
61392646
61391777
61407749
61407706
61392883
61394076
61394057
61393843
61392104
61393101
61391853
61394142
61394174
61394278
61393244
61393968
61392162
61392533
61392925
61393602
61391810
61394414
61393534
61394128
61393643
61392180
61408508
61408434
61392309
61392634
61394590
61394601
61394633
61394689
61394673
61394595
61394630
61392851
61393195
61393604
61394873
61393551
61394371
61409336
61409043
61392890
61392885
61393390
61395022
61395105
61394426
61395843
61395121
61393408
61394073
61395285
61394509
61409558
61393251
61393695
61395453
61395482
61395514
61395378
61395540
61395305
61393550
61395401
61393449
61410044
61409440
61394348
61395902
61396033
61395993
61395035
61395585
61394001
61394950
61395774
61393836
61410033
61393892
61394354
61396241
61396239
61396179
61396678
61394497
61394148
61410473
61394177
61396408
61396135
61395543
61395979
61410833
61394505
61396717
61396677
61396688
61394978
61396066
61411074
61394730
61395352
61397062
61397022
61397020
61396744
61395242
61396871
61410951
61397187
61397147
61397062
61397060
61395119
61396012
61397044
61396484
61411540
61397433
61397366
61397093
61395626
61396570
61411540
61397324
61397394
61397145
61397140
61395514
61395804
61396676
61397406
61397161
61395475
61411979
61411883
61395611
61397788
61397916
61395952
61397765
61411869
61395749
61396347
61397948
61398154
61397967
61397766
61396233
61396980
61397641
61395993
61396090
61412335
61396067
61395758
61398386
61398346
61398330
61398204
61398089
61396697
61398302
61398367
61397729
61396318
61412646
61396408
61398500
61398634
61398645
61398506
61397018
61398623
61398063
61396457
61396564
61412951
61412772
61397102
61398887
61398806
61397150
61398850
61398242
61413230
61412956
61412903
61399125
61399112
61399069
61397410
61398746
61398578
61397293
61413094
61413032
61396782
61399362
61399418
61399319
61399016
61397312
61397680
61399264
61397213
61399478
61399496
61398545
61399269
61397613
61398137
61399681
61399313
61397638
61413997
61397629
61397408
61399838
61399942
61399884
61399731
61398267
61414284
61398188
61399997
61399912
61399898
61398048
61397837
61400072
61400080
61399923
61398555
61400262
61398162
61400445
61400507
61400413
61399745
61399498
61400010
61398455
61415040
61414613
61414610
61399600
61400923
61400538
61399344
61401000
61400530
61415476
61401198
61401230
61401053
61400917
61399450
61401010
61400423
61399080
61415637
61415093
61399318
61399557
61401301
61399799
61401455
61401039
61399463
61415492
61399594
61399909
61401755
61401705
61400739
61399659
61416035
61399688
61399714
61401945
61401953
61401865
61401760
61401768
61400160
61400829
61401989
61401357
61416365
61401101
61401409
61400645
61402301
61400229
61416725
61416445
61416288
61400741
61402443
61400469
61401261
61400432
61402753
61402801
61402745
61402705
61402648
61400807
61401192
61402701
61402333
61400712
61416824
61400792
61402921
61401245
61402938
61402789
61400888
61416976
61417200
61401416
61403078
61403233
61402960
61401448
61402232
61403163
61401037
61417125
61401093
61401541
61403326
61403484
61403345
61407870
61407358
61405881
61422251
61421824
61408069
61408142
61406274
61408060
61407401
61422491
61422133
61406059
61406531
61408319
61408279
61408260
61408035
61406502
61407230
61408130
61407184
61408500
61408374
61408377
61406312
61407203
61407547
61406669
61407133
61408456
61407773
61422629
61406512
61406936
61408775
61408903
61408731
61423117
61406752
61408956
61407307
61408224
61422965
61422738
61406917
61407590
61409132
61409314
61408864
61406947
61423299
61409370
61409204
61409099
61407497
61407688
61409024
61408958
61423897
61423387
61407312
61407712
61409575
61409532
61409615
61409315
61407734
61408528
61409464
61407389
61423909
61423434
61407248
61409930
61409662
61409731
61409598
61408080
61408488
61409104
61423853
61409844
61409791
61409826
61409550
61407795
61408187
61409829
61408333
61409181
61423853
61423938
61408341
61410006
61410062
61409991
61409814
61408137
61409206
61410065
61407990
61424561
61424449
61408153
61408622
61410160
61409970
61408440
61409416
61410101
61408149
61424256
61408331
61408336
61410486
61410518
61410454
61410414
61410555
61410272
61408805
61408469
61410817
61410777
61410710
61410557
61408904
61409976
61410832
61425104
61411039
61410728
61409363
61410917
61408821
61425338
61425178
61409400
61411367
61411145
61410971
61409411
61410060
61409990
61411313
61409224
61409321
61425746
61425162
61411564
61411569
61411529
61412133
61409614
61409971
61411456
61409572
61425754
61409152
61409960
61411769
61411794
61411724
61410762
61411558
61411590
61410174
61411881
61411120
61409790
61426331
61409795
61411975
61412034
61411977
61411937
61411685
61410272
61411104
61411813
61409885
61426005
61425882
61410494
61412102
61412274
61412327
61411426
61411966
61410577
61411471
61410758
61410255
61426542
61411158
61412399
61412284
61412096
61410512
61412213
61426533
61410824
61412510
61412422
61412358
61412307
61410617
61410971
61411355
61411005
61411102
61412609
61412662
61412649
61410928
61412235
61427069
61426699
61410672
61412988
61413119
61412747
61412857
61411020
61411490
61413085
61412521
61411134
61427572
61427388
61411164
61411666
61413421
61411680
61412163
61412731
61427808
61427847
61411564
61412063
61413831
61413805
61413933
61413424
61414505
61412220
61413182
61414022
61428171
61412043
61414415
61412427
61414275
61413715
61428403
61428563
61413227
61414187
61413619
61412419
61428419
61412993
61414703
61414759
61413821
61414593
61413099
61414731
61412611
61414753
61413887
61415491
61414819
61429160
61413331
61415119
61414998
61415063
61415699
61415115
61413166
61414198
61415319
61414381
61415180
61413614
61414726
61429296
61413494
61415615
61415740
61415676
61415513
61416385
61413758
61414201
61414443
61415222
61430062
61416058
61416066
61415790
61414113
61414478
61430377
61413921
61416388
61416410
61416234
61416961
61414503
61414817
61416398
61416368
61415873
61430822
61414310
61414674
61416394
61430926
61414780
61415009
61416938
61417039
61416855
61416756
61415052
61415444
61417025
61416465
61414910
61431246
61431294
61415199
61417373
61417306
61417314
61417233
61417097
61415393
61416238
61417414
61415420
61431793
61415206
61417623
61417637
61415700
61416721
61417225
61416969
61431953
61431646
61417906
61417890
61418024
61417954
61417197
61417836
61416345
61418063
61417503
61416009
61432519
61416089
61416172
61416596
61418453
61418434
61418274
61418334
61416417
61416788
61418345
61417761
61432913
61432569
61416876
61418706
61418567
61418390
61416785
61417441
61418097
61433078
61416931
61418908
61418031
61418796
61417131
61419009
61418641
61433412
61433145
61417196
61417737
61419330
61419338
61419325
61419145
61417513
61419457
61419017
61417506
61433777
61417446
61419674
61418148
61419630
61417797
61434174
61433686
61417892
61419967
61419889
61418887
61419595
61418238
61434587
61434174
61434158
61418249
61418718
61419986
61418450
61434242
61418419
61420518
61420622
61420670
61421226
61418975
61434412
61418991
61420752
61420712
61418847
61420788
61420296
61435287
61421094
61421106
61420898
61419259
61419610
61420544
61435736
61435156
61419543
61421376
61420547
61419611
61419880
61421536
61421120
61435894
61420008
61421745
61421630
61421741
61420016
61420603
61421424
61421192
61436080
61422247
61421153
61420168
61421235
61422144
61436132
61422409
61422345
61422216
61420512
61421192
61422416
61420457
61436816
61420280
61422727
61422684
61422743
61422467
61422237
61436632
61423033
61423020
61422935
61421692
61421171
61421649
61422500
61420996
61436941
61421376
61423161
61421104
61422299
61423029
61422609
61421163
61437334
61437339
61421227
61423428
61423484
61423375
61423212
61421454
61422577
61423358
61422873
61421516
61437947
61437835
61421512
61423815
61423679
61423735
61421864
61422088
61423764
61421689
61437925
61421731
61422675
61423892
61423897
61422649
61423384
61421852
61438348
61437948
61422886
61424103
61424084
61423204
61424771
61422265
61422684
61424081
61423576
61422606
61424394
61422331
61423451
61424372
61422235
61438779
61422690
61424660
61424540
61422995
61424689
61438515
61424762
61424845
61424901
61424861
61424722
61423261
61425139
61425064
61425179
61424858
61423178
61424301
61425133
61422983
61423025
61439324
61439396
61424111
61425560
61425397
61424592
61425105
61423740
61424657
61439590
61423812
61425594
61430919
61429194
61428892
61444961
61431390
61431269
61430993
61430401
61445692
61445305
61431453
61431338
61431260
61429820
61445449
61431610
61431594
61431465
61429884
61430833
61429444
61431925
61432066
61432435
61431627
61430286
61431870
61431115
61446318
61445985
61445744
61429912
61432269
61432250
61432231
61432236
61432182
61431995
61430606
61432091
61446392
61446088
61432463
61432539
61432571
61432552
61432488
61432452
61430748
61431428
61432183
61431804
61430519
61432487
61432598
61432534
61431559
61432320
61430757
61431080
61430652
61447301
61446679
61430923
61432944
61432887
61432847
61433510
61431161
61431977
61432713
61432949
61433029
61432852
61431073
61431543
61431911
61433047
61432610
61431178
61430976
61432562
61433225
61431731
61433267
61431168
61433436
61433554
61433209
61431454
61431774
61433631
61433411
61433124
61431494
61447753
61431625
61431926
61433687
61433342
61432043
61433866
61431834
61448102
61447665
61431793
61433850
61433148
61433666
61448455
61448028
61433004
61434412
61434273
61434233
61433909
61432390
61432611
61434294
61433662
61432281
61448726
61448683
61431979
61434639
61434899
61434712
61433772
61449193
61432651
61434954
61434941
61434805
61434601
61433065
61433238
61433622
61434180
61449023
61432943
61433400
61435090
61435115
61434900
61433423
61434002
61435087
61433015
61449343
61448916
61433420
61435232
61435192
61434916
61434460
61433303
61435378
61435335
61436006
61434604
61449285
61433546
61435588
61435521
61435481
61433643
61434351
61435380
61434997
61450067
61449836
61433543
61435795
61435704
61435801
61434193
61450315
61449701
61433555
61435985
61435993
61436004
61435776
61434438
61435169
61436137
61435721
61434329
61450576
61435192
61436439
61436318
61434627
61436400
61450915
61450344
61434125
61436858
61436812
61436622
61436619
61434933
61435888
61436747
61451225
61451126
61434881
61436891
61435193
61436888
61435004
61451174
61435084
61435481
61437242
61437250
61437223
61437052
61435389
61437464
61437512
61437257
61435981
61437415
61435391
61435474
61452114
61435616
61437895
61437804
61437952
61438287
61435787
61436291
61451922
61438071
61438038
61437978
61436075
61436845
61437853
61435815
61451970
61451839
61435684
61438141
61438197
61438301
61452701
61452284
61436668
61438467
61438465
61439136
61436645
61437293
61452392
61438700
61436931
61437429
61438629
61436755
61453146
61436650
61438022
61438020
61437407
61438873
61438885
61438660
61438668
61437183
61437719
61438919
61436871
61453183
61453173
61439200
61438989
61439150
61439658
61453138
61438114
61439283
61439246
61439231
61453407
61438338
61439432
61439460
61439397
61439327
61453660
61437884
61439778
61439762
61439800
61439572
61437985
61438985
61454028
61439988
61440472
61438165
61440129
61439775
61438151
61454449
61440188
61439984
61438400
61439299
61440293
61438293
61454762
61438448
61438722
61440579
61440737
61440650
61440503
61438868
61439154
61440591
61455082
61440993
61440160
61440810
61439178
61439882
61441157
61439031
61455263
61441430
61441943
61439687
61441274
61455844
61455732
61439511
61441750
61441548
61441476
61456238
61455854
61440171
61442079
61440756
61441583
61440004
61456489
61455964
61440980
61442224
61442259
61440347
61440851
61456542
61442343
61442286
61442129
61440689
61441702
61442626
61442607
61442420
61442345
61440713
61442510
61456670
61442703
61442687
61442465
61440830
61440315
61440410
61442775
61442523
61441683
61442862
61442209
61456816
61440582
61442777
61442651
61440944
61441240
61441392
61440940
61457395
61456851
61441355
61443143
61443073
61442507
61457515
61443196
61443108
61443027
61442891
61441499
61443158
61442643
61457627
61457227
61441635
61443423
61443329
61443316
61441484
61457697
61441374
61443622
61443624
61443560
61443506
61443319
61441738
61442708
61443687
61457703
61443818
61443823
61443601
61442158
61443814
61443137
61444037
61443970
61444668
61442209
61442406
61444062
61443484
61442124
61458305
61443188
61444183
61444030
61443465
61442364
61458288
61442409
61444508
61444495
61444377
61444952
61442907
61458635
61443551
61444708
61444767
61444652
61443099
61442702
61444919
61444972
61444576
61459155
61443760
61445073
61445108
61445006
61445754
61443314
61459307
61443717
61445409
61445513
61444064
61459801
61443723
61445703
61445537
61444834
61445473
61443910
61445635
61445318
61443697
61460118
61459707
61445456
61446397
61444077
61445060
61444617
61460096
61443980
61444921
61446141
61446050
61446603
61444108
61444860
61445513
61460500
61443892
61446295
61444375
61445226
61444319
61460404
61444327
61444772
61446464
61446483
61446498
61446516
61444733
61445156
61446208
61444555
61445518
61446831
61445128
61446168
61461344
61460752
61447138
61446969
61447164
61447183
61447129
61445476
61447030
61444914
61461002
61445021
61445067
61447418
61445399
61445843
61447208
61446678
61461755
61461499
61445374
61447578
61447522
61449187
61449231
61449126
61449233
61447721
61448222
61449494
61447545
61464072
61463912
61448777
61449841
61449616
61449803
61463818
61463802
61448206
61450156
61450212
61450073
61449998
61448435
61448872
61449624
61448219
61464709
61449899
61449633
61448437
61449390
61450028
61448425
61450855
61449999
61448878
61450046
61450878
61450441
61464833
61451288
61451090
61449305
61451201
61449129
61465649
61465636
61450477
61451469
61451552
61449657
61465704
61449974
61451642
61451390
61450025
61451883
61451224
61466232
61449750
61452095
61450419
61452030
61450102
61466571
61466429
61451225
61452364
61452402
61451519
61450350
61451161
61452340
61451732
61466449
61450153
61452378
61452520
61452534
61452405
61451013
61451354
61452626
61452042
61466898
61466631
61451157
61453011
61453056
61452142
61452706
61451365
61451917
61453155
61452810
61451442
61452978
61452466
61451074
61453374
61453361
61453109
61451690
61453448
61452957
61467391
61451378
61453531
61453788
61452550
61453274
61451738
61452925
61467591
61451538
61451893
61453798
61453755
61453742
61453562
61452701
61459851
61459101
61474259
61457768
61459972
61460121
61458913
61459344
61474284
61459142
61460260
61460190
61459265
61459938
61458519
61460175
61459687
61458213
61458165
61458394
61459047
61460367
61458394
61459375
61461306
61459066
61460548
61460060
61458846
61474887
61458834
61461083
61459338
61460426
61475389
61458975
61461195
61459930
61460986
61459037
61475410
61461354
61459226
61461235
61460881
61459209
61475504
61475275
61459801
61461658
61461639
61461653
61461411
61460001
61460827
61460497
61461223
61459770
61476020
61459758
61461928
61461885
61461947
61461872
61460220
61461826
61461180
61476550
61462064
61461246
61461919
61460263
61461362
61462122
61461586
61476364
61459980
61462397
61461264
61460612
61460215
61462531
61461303
61461805
61460396
61462638
61460749
61462423
61476471
61462517
61462555
61460927
61476631
61461592
61462642
61461143
61462129
61460405
61462849
61461313
61463020
61477286
61461905
61463074
61463157
61462141
61461282
61461521
61461793
61463191
61462478
61477732
61477110
61462209
61463501
61463362
61462482
61463046
61462583
61463521
61463488
61462540
61461525
61462597
61463429
61477951
61477815
61461935
61463747
61463564
61461956
61462046
61477870
61463931
61463634
61462272
61463820
61463554
61461855
61478207
61461935
61464115
61464171
61464131
61463941
61463332
61478076
61463020
61463809
61464188
61462143
61462113
61464314
61464289
61462319
61478410
61462386
61464515
61464547
61464558
61464231
61462629
61463626
61464758
61464797
61464490
61462933
61478984
61464953
61464669
61463027
61463584
61464264
61462931
61479496
61462984
61463166
61465193
61465201
61465230
61465241
61465187
61463669
61479667
61465462
61464657
61463605
61464264
61465627
61465608
61463719
61465509
61463610
61465781
61465422
61463995
61464398
61465670
61463670
61479763
61463801
61465903
61466092
61466108
61465377
61480529
61464116
61466098
61465447
61465729
61465249
61466415
61466501
61466869
61464558
61464827
61465144
61465896
61480579
61466663
61464702
61466398
61481059
61466836
61465524
61464760
61465907
61465611
61466849
61466860
61464923
61465243
61466099
61481483
61467188
61467145
61467187
61466979
61465371
61465688
61467176
61481589
61467414
61467479
61467326
61465424
61467350
61466491
61467684
61467596
61467416
61467220
61465756
61467909
61468115
61467840
61482074
61468283
61468075
61467847
61466746
61466863
61466015
61482364
61466200
61468302
61468310
61468223
61467770
61482423
61466167
61468317
61468424
61468339
61468200
61468271
61467714
61482767
61482631
61467442
61468710
61468793
61467790
61466687
61467765
61468515
61466563
61468763
61468562
61466909
61467858
61468898
61466785
61483042
61466749
61467666
61468907
61468942
61468827
61468752
61467144
61467488
61468647
61469008
61467029
61483498
61483098
61466861
61469393
61469329
61469855
61467397
61468026
61469322
61468714
61483773
61467432
61468349
61469737
61469724
61468919
61469405
61469589
61467613
61467685
61469985
61469822
61468245
61467773
61483714
61470043
61469958
61468261
61468533
61468989
61470110
61468461
61469869
61470128
61468650
61470387
61470476
61470272
61468829
61468424
61470694
61470705
61469632
61468608
61484664
61468445
61470964
61471517
61469179
61470125
61470320
61485109
61469106
61471226
61469738
61471332
61470636
61471409
61470055
61469180
61485652
61469410
61469888
61471646
61469960
61469621
61485744
61469773
61470125
61471602
61471317
61486304
61470277
61472014
61471974
61471719
61470293
61472086
61471594
61486211
61472046
61470345
61471995
61486490
61485991
61470453
61472337
61470678
61471667
61486495
61470200
61472467
61472622
61472387
61473173
61470928
61472447
61472072
61470554
61487005
61470658
61470746
61472687
61472052
61487237
61471850
61472989
61473075
61472802
61472141
61473045
61471021
61487050
61487429
61471157
61471358
61473332
61473298
61473121
61471363
61471734
61472075
61472899
61471374
61473417
61473339
61471848
61473617
61472889
61471464
61487814
61471673
61473754
61473861
61488128
61471445
61473937
61471939
61472379
61471859
61488052
61472926
61474140
61472779
61488376
61472496
61474056
61472434
61472589
61488503
61488466
61472122
61474275
61474355
61473070
61472384
61473430
61473342
61474508
61474434
61474345
61472841
61488761
61472969
61474765
61475348
61472401
61488517
61488732
61472688
61473231
61474388
61472887
61489554
61472967
61475192
61475152
61473476
61473243
61489137
61475325
61475357
61475153
61473661
61475461
61473561
61475592
61475624
61475615
61473716
61474279
61474963
61473654
61489893
61474680
61474814
61474437
61475240
61490152
61473846
61474348
61476147
61476152
61476098
61475870
61474516
61475542
61490496
61474148
61476287
61476212
61475241
61475635
61490838
61490440
61474529
61476703
61476567
61476441
61474899
61476684
61474435
61490732
61474720
61476815
61476826
61476745
61476531
61475136
61476890
61476300
61474945
61477129
61477041
61476936
61475544
61477118
61476537
61491357
61475163
61477364
61477351
61477192
61475317
61476317
61475202
61475653
61477435
61477587
61477533
61475602
61477645
61477000
61491916
61491363
61476454
61477746
61477733
61477553
61475996
61477783
61492175
61478010
61478042
61478002
61476791
61476117
61492142
61476569
61478097
61476705
61478265
61476204
61492826
61477752
61478230
61477520
61477190
61478503
61478412
61478447
61478243
61477096
61478725
61478063
61493017
61476196
61478832
61478843
61478762
61479479
61477141
61477311
61476981
61479005
61479115
61479024
61479628
61477239
61478063
61479218
61478631
61477245
61479507
61479180
61477647
61478156
61479350
61493754
61479672
61480199
61477986
61478914
61479154
61477644
61493774
61477697
61479925
61479978
61479944
61479791
61478372
61480052
61478061
61480197
61480322
61479953
61478660
61494196
61480528
61480276
61478562
61478865
61480507
61478381
61494485
61478536
61480675
61480748
61481298
61479012
61479482
61480132
61478689
61494798
61478817
61481048
61481077
61481010
61481700
61479156
61480929
61478929
61481074
61479353
61481156
61479156
61495364
61495180
61479732
61481493
61481498
61481225
61479812
61480439
61481605
61481643
61481415
61480452
61481610
61479706
61495764
61479705
61481888
61481845
61481689
61480932
61481778
61481221
61479878
61496276
61483862
61481849
61480207
61481377
61496004
61480905
61482173
61482280
61481154
61480104
61480609
61482169
61480065
61482574
61480223
61481119
61482056
61496783
61481361
61482557
61482358
61496870
61480495
61482816
61482830
61481827
61482469
61480831
61482672
61482157
61496612
61481647
61482915
61482882
61481968
61482494
61496998
61482938
61482970
61482787
61480990
61482041
61482692
61481047
61497117
61496952
61483263
61483148
61483064
61482931
61481398
61482438
61497451
61483426
61489923
61488369
61489974
61489459
61488036
61504340
61487798
61490252
61490193
61504222
61489153
61490247
61490299
61490071
61488116
61490341
61490373
61491050
61488820
61490316
61488436
61504500
61488372
61490477
61490560
61490560
61490254
61488814
61489752
61489972
61504932
61488618
61488943
61490776
61490736
61490508
61490028
61488882
61491073
61490728
61489183
61489660
61488999
61491134
61489050
61490306
61490458
61505425
61505279
61489450
61491286
61491147
61491045
61489626
61491114
61489055
61491081
61489806
61490740
61505724
61505463
61491581
61491592
61491525
61492156
61489935
61490996
61489521
61491701
61491720
61491433
61490460
61491578
61491069
61505807
61489671
61491920
61491856
61490891
61490159
61506179
61489832
61492111
61492041
61491314
61491834
61490394
61492217
61506034
61492420
61492085
61491143
61491792
61490267
61506301
61490036
61492306
61492536
61492215
61490700
61491218
61492316
61490217
61506577
61491111
61492600
61492742
61492610
61506561
61492913
61492781
61491413
61507162
61491117
61492875
61492937
61491027
61492004
61492829
61507293
61490829
61491205
61493089
61492957
61493023
61491186
61492469
61507453
61490829
61493313
61493270
61493333
61507201
61491453
61493378
61493416
61493252
61492337
61491343
61493541
61493558
61507442
61491826
61493686
61493622
61494154
61491786
61493616
61491547
61507600
61491433
61492048
61493533
61508168
61507873
61492843
61494009
61493945
61493771
61492736
61507855
61492357
61494190
61494000
61494109
61493340
61508492
61508482
61492695
61494363
61494440
61494332
61494148
61493677
61494429
61492511
61508543
61492594
61495023
61494830
61493715
61492778
61494003
61494610
61492706
61494977
61494859
61494634
61493235
61494091
61493822
61494459
61509501
61492968
61495331
61495201
61493710
61495417
61493219
61509458
61495474
61495321
61494531
61494915
61509926
61493462
61494054
61495746
61495730
61495451
61493870
61493764
61494273
61495962
61495823
61493862
61494278
61495958
61494537
61510532
61510175
61495060
61496076
61496114
61495886
61494494
61495856
61493976
61510107
61494134
61496311
61496442
61496231
61496129
61494587
61496294
61494209
61494219
61496444
61496677
61496460
61496406
61494822
61496259
61494118
61496575
61496631
61496618
61496390
61494635
61495734
61494432
61496748
61496735
61496537
61494980
61496681
61495947
61511051
61510939
61494793
61496898
61496930
61495839
61496662
61495294
61495500
61494803
61511179
61495891
61497009
61495162
61495495
61494749
61511293
61494600
61495403
61497089
61496308
61496974
61495243
61496342
61497072
61495188
61511138
61497270
61497257
61497220
61497043
61495675
61495917
61497165
61495237
61511616
61496454
61497607
61497663
61496089
61495617
61512020
61496167
61496169
61498064
61495919
61498171
61496561
61511980
61496289
61498053
61497953
61512084
61496270
61498205
61498210
61497889
61496545
61498078
61497521
61512246
61496386
61498392
61498421
61498929
61496656
61497244
61498297
61496396
61512462
61512502
61497116
61498500
61498729
61496657
61513201
61512777
61497260
61498898
61496988
61497959
61498868
61513233
61499136
61498956
61499188
61498532
61513297
61497220
61499397
61499501
61497825
61499164
61497748
61498137
61498937
61513516
61498441
61499760
61499662
61499407
61498063
61499674
61499114
61514010
61499950
61498835
61498015
61499896
61497671
61513732
61499923
61498301
61499287
61513772
61500150
61500155
61499810
61499218
61499800
61514548
61500133
61500288
61499930
61498403
61500580
61500837
61501249
61498851
61500507
61498507
61514859
61498689
61500788
61500799
61501380
61499035
61500824
61500251
61515064
61498921
61501129
61502661
61502659
61500944
61502125
61501361
61503268
61503293
61503167
61501683
61502273
61502704
61501347
61517562
61501355
61503570
61503506
61501425
61517732
61503749
61503610
61501659
61517567
61503942
61503546
61503176
61501832
61504057
61503931
61503802
61502245
61502965
61517916
61504334
61504294
61503402
61503661
61518741
61518469
61503266
61504579
61504521
61505058
61502877
61518576
61504721
61504606
61502864
61504613
61502661
61518847
61503639
61504506
61503849
61519042
61503647
61504987
61503047
61504826
61519283
61503947
61505311
61505217
61505048
61519522
61504131
61505276
61505267
61505170
61519655
61519380
61505467
61505475
61505493
61503597
61519426
61505723
61505761
61505389
61504823
61503650
61505725
61504437
61504237
61505572
61520057
61519732
61503775
61505853
61503991
61519354
61505768
61505677
61505962
61504135
61505746
61503671
61520191
61519708
61503893
61504279
61505562
61503965
61520199
61504069
61504633
61506456
61506464
61506221
61504751
61506359
61520626
61506651
61506279
61505711
61505930
61504511
61506383
61505114
61506695
61506231
61504840
61521271
61504882
61507131
61507112
61507126
61506970
61505242
61505748
61506924
61506364
61521396
61505106
61507208
61506959
61505231
61505204
61507606
61507470
61507218
61506514
61521565
61507510
61507614
61507632
61505661
61506211
61506730
61507507
61507566
61505701
61507662
61521845
61507763
61508373
61506176
61506591
61507300
61521788
61521754
61507877
61507885
61507872
61507596
61506831
61506780
61508072
61506300
61506002
61508216
61507336
61506386
61508138
61506103
61508499
61508319
61507634
61507754
61506461
61508341
61507540
61522543
61508632
61508574
61508295
61507005
61508364
61506418
61522887
61522367
61508672
61508659
61508260
61506796
61506331
61507527
61508744
61508632
61509284
61506491
61508752
61508715
61508065
61508359
61507835
61508881
61507975
61509138
61507097
61522990
61509100
61507334
61509278
61523378
61523205
61507685
61509333
61508040
61509498
61507522
61509643
61509702
61509525
61508157
61508565
61509068
61507848
61524084
61508789
61510054
61510041
61508488
61509952
61507932
61524452
61507960
61510383
61510262
61510301
61509059
61524277
61510598
61510573
61510546
61508893
61510737
61509815
61524676
61508581
61510857
61510793
61510685
61508789
61509835
61510723
61508795
61524805
61508824
61509980
61510227
61510293
61525226
61511177
61511305
61509848
61510837
61509205
61511358
61511205
61511293
61525805
61509389
61511515
61511595
61511612
61512181
61510016
61510445
61509621
61525843
61525858
61510693
61511985
61511894
61511795
61510229
61511744
61509813
61526165
61509893
61512094
61512129
61512038
61512602
61510400
61511853
61509981
61526426
61510112
61512190
61512150
61511997
61510386
61512114
61510138
61525975
61510296
61511970
61512063
61510617
61512338
61511847
61526786
61510370
61512400
61512599
61512251
61511560
61526622
61512532
61512561
61512674
61512470
61511051
61512731
61512312
61526982
61511723
61513066
61512718
61512540
61510886
61513068
61511734
61510988
61510888
61511275
61513051
61527365
61512093
61511649
61513032
61512673
61527381
61512270
61513463
61513382
61513072
61511629
61513240
61511291
61527643
61527323
61513562
61513693
61512922
61527978
61511709
61513746
61513694
61528239
61511789
61513987
61514067
61513944
61512240
61513828
61511866
61528149
61512440
61514249
61514116
61512074
61513192
61513563
61514118
61513815
61512522
61514235
61528597
61528325
61513149
61514417
61513636
61512605
61514357
61513650
61528595
61512355
61514580
61514492
61514267
61514451
61512505
61528335
61514727
61514708
61514620
61514569
61514681
61512790
61514991
61514804
61514675
61512947
61514091
61514947
61514240
61529416
61528947
61513478
61515332
61514094
61514678
61529305
61513380
61515219
61513519
61515274
61514717
61529663
61513227
61515366
61514011
61515475
61513520
61529872
61515772
61515687
61513696
61515739
61515035
61537699
61521115
61523495
61522502
61521254
61523423
61521729
61523074
61537702
61521051
61523658
61523660
61522807
61521857
61522582
61523402
61538112
61521798
61523849
61524408
61523665
61521763
61538037
61522205
61522387
61523544
61538309
61521947
61524145
61524057
61524109
61523980
61522489
61523960
61538496
61538109
61522696
61524323
61524385
61524130
61522813
61524370
61522331
61524536
61522650
61524498
61524058
61538871
61522602
61524902
61524715
61524706
61522813
61523391
61524194
61539018
61522762
61525113
61525121
61525066
61539119
61524101
61524890
61525269
61539223
61523466
61525203
61525190
61525013
61523597
61525223
61524771
61539848
61523124
61525459
61523831
61524939
61539797
61525673
61525448
61524525
61525479
61523519
61525765
61525529
61524038
61525708
61525100
61540190
61539907
61523910
61525973
61525909
61525850
61525303
61523827
61526085
61525229
61524159
61540092
61526278
61526005
61524479
61526221
61524299
61540405
61524799
61526542
61526349
61524483
61524415
61526667
61526531
61526207
61524647
61525650
61526333
61525943
61540631
61524730
61527054
61526792
61526447
61524914
61525487
61526216
61541053
61525918
61526961
61525624
61524915
61541216
61527116
61527097
61527009
61525069
61526472
61525424
61527278
61525447
61527198
61541512
61525069
61527414
61526183
61525237
61525138
61528034
61526565
61527264
61527459
61527566
61527362
61526498
61525813
61527712
61526798
61525888
61527431
61525682
61542246
61525861
61528021
61526413
61526020
61525951
61528176
61526541
61527937
61542087
61526074
61528203
61528286
61527948
61527084
61527620
61526164
61542220
61526076
61528250
61527299
61526481
61542701
61526722
61528650
61528631
61527419
61543032
61542747
61528841
61528873
61528665
61527912
61542955
61528860
61528110
61526961
61529175
61529207
61529113
61543424
61528118
61529284
61529322
61529270
61528641
61543520
61543203
61527455
61529621
61527921
61528889
61543877
61528007
61529768
61529851
61529578
61528387
61529538
61527746
61544111
61530033
61529889
61528772
61529442
61544316
61528147
61530225
61530153
61530389
61529733
61544394
61528762
61530523
61530524
61530446
61529041
61530676
61544976
61528659
61530665
61530430
61530053
61544701
61528768
61530897
61530795
61531409
61530986
61529870
61531005
61530064
61530887
61529152
61530020
61531285
61529801
61530532
61529090
61545073
61531445
61531172
61530332
61531292
61545838
61530953
61531482
61531577
61530819
61546022
61545910
61529713
61531890
61531617
61530579
61529873
61546195
61546067
61532127
61532194
61532208
61531980
61530471
61532370
61530322
61546596
61530887
61532501
61531549
61530404
61546660
61532605
61532496
61531791
61546538
61532790
61530885
61531967
61532823
61530775
61547076
61530476
61533035
61532729
61532557
61533056
61533088
61533001
61531471
61533151
61532495
61533317
61533434
61530937
61533334
61533150
61531309
61531914
61531398
61533596
61533522
61533297
61531833
61533462
61533623
61533778
61533478
61532185
61533742
61531742
61547819
61533662
61532414
61534076
61548459
61547899
61532308
61534234
61533958
61532634
61548500
61534444
61534288
61533985
61533247
61533663
61548417
61532303
61534518
61534478
61533506
61532453
61548530
61534726
61534693
61534581
61534479
61533036
61534569
61534063
61549020
61532751
61535037
61534960
61534711
61533292
61549428
61535205
61535165
61535203
61535748
61533481
61533101
61534157
61535302
61534232
61549330
61535542
61535478
61533640
61535629
61535117
61549941
61549605
61535889
61535887
61535710
61534444
61534710
61550414
61536164
61535819
61534464
61535987
61550400
61533973
61534465
61536418
61536177
61534425
61536249
61534232
61536465
61536244
61534787
61535144
61534371
61550667
61535497
61536673
61536728
61536455
61535087
61536569
61551036
61536738
61534897
61536776
61536147
61551134
61534712
61537050
61537010
61536848
61535899
61537089
61537744
61536078
61537038
61535022
61537201
61537264
61535560
61535338
61551516
61535073
61537530
61537610
61537334
61535942
61537519
61552062
61536558
61537727
61537759
61537558
61535888
61537781
61537224
61552304
61535789
61537969
61538063
61538499
61537963
61537427
61552074
61535855
61538059
61538136
61538051
61537823
61552610
61537191
61538299
61538235
61538157
61536687
61538322
61536373
61552674
61536453
61538528
61538344
61536605
61537725
61538010
61552503
61536922
61538635
61538410
61536796
61538661
61538210
61553242
61536795
61538811
61537978
61536793
61537777
61539206
61538783
61538994
61537059
61553176
61539308
61539316
61538792
61537624
61539106
61537184
61553485
61537680
61537832
61539088
61554003
61537488
61539716
61538088
61539135
61537699
61553580
61538106
61539822
61540405
61538205
61539714
61537802
61540016
61539767
61538372
61538554
61554372
61554113
61540082
61540117
61538492
61539772
61554441
61540341
61540547
61540490
61539822
61554844
61538260
61540578
61539674
61538601
61540545
61540036
61555034
61538700
61540853
61539711
61538869
61555320
61539273
61541297
61541230
61540347
61539315
61555937
61555421
61541417
61541497
61541385
61541372
61539956
61541674
61540960
61541689
61542320
61541465
61539552
61555877
61541750
61540053
61541798
61541289
61556129
61540821
61542086
61541950
61541899
61540558
61556397
61542321
61542206
61542053
61540685
61542371
61540269
61556717
61542398
61541659
61541851
61559361
61543031
61558793
61543397
61544740
61543139
61542643
61558592
61544916
61544855
61544627
61544147
61543919
61545168
61544970
61543626
61545234
61559423
61543821
61545082
61545338
61559301
61545660
61545692
61543965
61543517
61559674
61544085
61545774
61545666
61544085
61543637
61545926
61545752
61544333
61544664
61546126
61545829
61544485
61545946
61560018
61544512
61546270
61546230
61546227
61544994
61560339
61546567
61546702
61544899
61545382
61544609
61544438
61546841
61545209
61546694
61548805
61545864
61546349
61561063
61545730
61546971
61546684
61545241
61546540
61561106
61545115
61547262
61547204
61546925
61545683
61547158
61561162
61547265
61545801
61547266
61561730
61546325
61547545
61545739
61545476
61561749
61547810
61545942
61545508
61545566
61547743
61547470
61547616
61562182
61545715
61547889
61547702
61545714
61547702
61562101
61546744
61547889
61547930
61547848
61545674
61545773
61548052
61546142
61545894
61562211
61548225
61548233
61547936
61546598
61548131
61546045
61548345
61548096
61546878
61548360
61562902
61548556
61548496
61547916
61546485
61562621
61547001
61548789
61548513
61547550
61548702
61546753
61562843
61549125
61548644
61548825
61546873
61546972
61549149
61548814
61548902
61563369
61549290
61548842
61563064
61549209
61549038
61547721
61547273
61548239
61549408
61548505
61563694
61549324
61548424
61547377
61548310
61549390
61549027
61563528
61548483
61549789
61549632
61547839
61549763
61547653
61547533
61550603
61549952
61564232
61547945
61550041
61549501
61548924
61549272
61564325
61548035
61550250
61550299
61550299
61549408
61549872
61564805
61549301
61550491
61550430
61548723
61550502
61564877
61548485
61550662
61550625
61548801
61550700
61548577
61564861
61548780
61550967
61550756
61548786
61550753
61565050
61551004
61550769
61548781
61565157
61549851
61550945
61550810
61548962
61550634
61550346
61565141
61549312
61551193
61550525
61565458
61550077
61551390
61551107
61551005
61549688
61551269
61565706
61549074
61551443
61551520
61565892
61565756
61551629
61551777
61551792
61550115
61550356
61566184
61550752
61551900
61550996
61550126
61551741
61565805
61550749
61551908
61551868
61549976
61566217
61552258
61552239
61550374
61550885
61566624
61550157
61552340
61552297
61551707
61550288
61552468
61552281
61552431
61566172
61552617
61552577
61550469
61552431
61566778
61552702
61552638
61552389
61550603
61551053
61552739
61552490
61551874
61552117
61567159
61550955
61552955
61551261
61550807
61567049
61553192
61553203
61550641
61551888
61552886
61551069
61552893
61567480
61567075
61553172
61553228
61552249
61551278
61551224
61553513
61553385
61553112
61551792
61552928
61567432
61553637
61553217
61552356
61553409
61567927
61551385
61553562
61553645
61552929
61567481
61553864
61553995
61553740
61552293
61553350
61568145
61552070
61553975
61553911
61552187
61568234
61554086
61554169
61552394
61551976
61567914
61554228
61553987
61553899
61552654
61554016
61568576
61554377
61552511
61553306
61569015
61568401
61554851
61554958
61555319
61553054
61552541
61552736
61554766
61552784
61554674
61552848
61568724
61554864
61554779
61552989
61553543
61552687
61568919
61563575
61563409
61561544
61563392
61561269
61577296
61563620
61563587
61564187
61561912
61563571
61577960
61577472
61563721
61563855
61563723
61562235
61563648
61561846
61578339
61577749
61564148
61564009
61563811
61563096
61563381
61578416
61562102
61564201
61564164
61562584
61562787
61578317
61564388
61564505
61564486
61578805
61563389
61564233
61564493
61562537
61564737
61564549
61563133
61564163
61578878
61565050
61565007
61564833
61564335
61564417
61579032
61565092
61565100
61565812
61563626
61564759
61579091
61563729
61565241
61563715
61563253
61579365
61565721
61565441
61565363
61563968
61565181
61579839
61564461
61565726
61566205
61564789
61565242
61563594
61579586
61565843
61565950
61565677
61565008
61580199
61566171
61566090
61564485
61565498
61580389
61566361
61566362
61564735
61580418
61566441
61566227
61566019
61565403
61565766
61564280
61566455
61566340
61566235
61566272
61580496
61566852
61566719
61564806
61566795
61566241
61581174
61566858
61567010
61566923
61565027
61566848
61581387
61564857
61567086
61567000
61581056
61565225
61567327
61567308
61567059
61566514
61565091
61567569
61568131
61565928
61567160
61582010
61565197
61567635
61567595
61567432
61566693
61565544
61565629
61567662
61566181
61567180
61581969
61566092
61567952
61567700
61566815
61566743
61568083
61567018
61567207
61582266
61570017
61567837
61567742
61565768
61568207
61567180
61567968
61582414
61566961
61567908
61568260
61566249
61566287
61568515
61568454
61566388
61568404
61567943
61582660
61568560
61568541
61567790
61566855
61568507
61582975
61566573
61568353
61567444
61566804
61582892
61568909
61568893
61568647
61567993
61568220
61582835
61567122
61569132
61568829
61567413
61583282
61569185
61568810
61568027
61568502
61569238
61569010
61567703
61569205
61567352
61567246
61569437
61567770
61569539
61567560
61583355
61569645
61569629
61569545
61567633
61569882
61568722
61569569
61568801
61567784
61583634
61570029
61569681
61568429
61568759
61567911
61584003
61570146
61570127
61569830
61569484
61568535
61570186
61569975
61569042
61569623
61584535
61568607
61570341
61569560
61568649
61568012
61570493
61570295
61569428
61568404
61569042
61570635
61569660
61568532
61584459
61570808
61570813
61570540
61569999
61568751
61584745
61570955
61570912
61570636
61569960
61570421
61585009
61568804
61570984
61570869
61570088
61585471
61584931
61569366
61571247
61570851
61569411
61585472
61571252
61569315
61571289
61585326
61569190
61571463
61569753
61570827
61585592
61569585
61571616
61571658
61569846
61569492
61571703
61569814
61571508
61585993
61570588
61571757
61571802
61571526
61570257
61571404
61585766
61569462
61571943
61570345
61586043
61570184
61571969
61570371
61570097
61586160
61572271
61572276
61572915
61570662
61572195
61586347
61571302
61572379
61571643
61571814
61586731
61570574
61572775
61572653
61570860
61572585
61586526
61570442
61571084
61572049
61586590
61572765
61572465
61572714
61586883
61571793
61573007
61573018
61572892
61571466
61587455
61573365
61573017
61573181
61587481
61572151
61573341
61573181
61571439
61571194
61573421
61573322
61572757
61573364
61587588
61571535
61573640
61573549
61573626
61571663
61573891
61572260
61573430
61572598
61573743
61573754
61571868
61573857
61573252
61588267
61574095
61572494
61572108
61587974
61572727
61574389
61574242
61572449
61588771
61574482
61572420
61574240
61588653
61571960
61574390
61574428
61572649
61574326
61572275
61588339
61574653
61574524
61574296
61573670
61572620
61574865
61574876
61574794
61573711
61572780
61573872
61575053
61575704
61574106
61574610
61589186
61572965
61575016
61575089
61573080
61574197
61589344
61575316
61574951
61573559
61574743
61589655
61573228
61575429
61574033
61575087
61589794
61573767
61575726
61575635
61573742
61574659
61575117
61589917
61574661
61575871
61575862
61574018
61575821
61590159
61573961
61576025
61573941
61575272
61589791
61576102
61575942
61574224
61576072
61590133
61576129
61574174
61576019
61589931
61576246
61576049
61575672
61590101
61575056
61576447
61575949
61574608
61576120
61576292
61576190
61576408
61574416
61576556
61575649
61574693
61576523
61574397
61590410
61574906
61576691
61576709
61574951
61576610
61576846
61574903
61576117
61591002
61574501
61577081
61576993
61575002
61577021
61575000
61577091
61575565
61576485
61591258
61577390
61577224
61577056
61579220
61577214
61575918
61575260
61591606
61575287
61577473
61577379
61575440
61577692
61577618
61576126
61576923
61591763
61577960
61577737
61592123
61576273
61578106
61577961
61575950
61578253
61577902
61576615
61578090
61592650
61576220
61578346
61578483
61578257
61592693
61576196
61578632
61576942
61578385
61578561
61578210
61578520
61576370
61576397
61578615
61577414
61592659
61578769
61578657
61592819
61578841
61578736
61577201
61578237
61578729
61579138
61576761
61578991
61578782
61577369
61577004
61577478
61579269
61577990
61578875
61578388
61577126
61578180
61577548
61579235
61578660
61593083
61577542
61579474
61579551
61579383
61578590
61577431
61577465
61579639
61579548
61580233
61577931
61579508
61593883
61578027
61579788
61578628
61577832
61579584
61577584
61593584
61579962
61578412
61579422
61594113
61578076
61579936
61580124
61580012
61579238
61594254
61578646
61580263
61579990
61579290
61579943
61594334
61580423
61580493
61580193
61580090
61578258
61580594
61578636
61580601
61578515
61594553
61580829
61580765
61580429
61594775
61578535
61580606
61579915
61595179
61578814
61580916
61580855
61578936
61579560
61578632
61579657
61579368
61580381
61595272
61579053
61581054
61580904
61579512
61579664
61595485
61581364
61581321
61579336
61581211
61579365
61595377
61581399
61581455
61580183
61595685
61581681
61579590
61581620
61579473
61595652
61579965
61581966
61579926
61581630
61596108
61595612
61580003
61581911
61581973
61581415
61579681
61582084
61582019
61581004
61580100
61596177
61581209
61582351
61581573
61582395
61580319
61582742
61581531
61580765
61582565
61580589
61596482
61582739
61581048
61580669
61580666
61582894
61582971
61582650
61582048
61580759
61596951
61583131
61583115
61582931
61582248
61581197
61597303
61581504
61583388
61583821
61582485
61583481
61583219
61581549
61581978
61597346
61583299
61583248
61582213
61597479
61581695
61583630
61581648
61583466
61581490
61597495
61582608
61583699
61582874
61583935
61597851
61584039
61584084
61582251
61583829
61581935
61581955
61584108
61581751
61583760
61581890
61598204
61584179
61584115
61582250
61582080
61584331
61584390
61584039
61582824
61583693
61598290
61582197
61584414
61584141
61582239
61582559
61584488
61584143
61582802
61584393
61598929
61583425
61584597
61583714
61583672
61584065
61598494
61583449
61584741
61584677
61584548
61583588
61584079
61598964
61583162
61584920
61584671
61584975
61582876
61599303
61585125
61599295
61585537
61584999
61582996
61583020
61584892
61585121
61599260
61583519
61585499
61585151
61583660
61584850
61599804
61584402
61585507
61585607
61585433
61585046
61584477
61585858
61583996
61583716
61583460
61585875
61584670
61583786
61584089
61585871
61584266
61600358
61585970
61585951
61583969
61584041
61586239
61586130
61584361
61584681
61600211
61584556
61586440
61586356
61584487
61586086
61584155
61584179
61586054
61586214
61600654
61586503
61586613
61586388
61585044
61585862
61585054
61586722
61586398
61586633
61601052
61586682
61586529
61586710
61601102
61585772
61586767
61586778
61586574
61600907
61586779
61586428
61585591
61584639
61584711
61586966
61584855
61586885
61584850
61601127
61585226
61587059
61586860
61600972
61585946
61587112
61586815
61587071
61584975
61604337
Peak: 62288412
Average: 60698148.26131197
