0
287107
418218
418459
418363
418354
418386
418418
418450
418570
418602
418634
418666
418674
418730
418762
418770
418972
419155
418930
418962
419100
419131
419082
419195
419419
419218
419274
419306
419338
419370
419378
419434
419739
419562
419570
419602
419740
419690
419722
419754
419882
419914
419946
419954
419986
420124
420283
420106
420221
420170
420202
420234
420362
420394
420508
420434
420490
420498
420554
420668
420594
420733
420658
420798
421051
420956
420882
421147
421053
421002
421010
421149
421074
421213
421244
421277
421437
421362
421500
421450
421564
421598
421629
421554
421692
421618
421650
421682
421714
421746
421778
421918
422077
422109
422034
422066
422331
422130
422269
422301
422333
422258
422397
422428
422461
422386
422524
422557
422642
422781
422814
422762
422877
422910
422941
422973
422898
422930
423069
423102
423026
423166
423197
423146
423154
423293
423325
423250
423442
423474
423506
423538
423570
423626
423742
423666
423698
423730
423786
423794
423933
423858
423890
424028
423978
423986
424126
424156
424382
424306
424571
424478
424509
424434
424573
424755
424530
424562
424594
424626
424658
424798
424722
424860
424786
424818
424957
424882
424914
424970
424978
425118
425266
425404
425436
425386
425418
425426
425482
425490
425546
425554
425610
425618
425757
425790
425714
425979
425778
425916
425842
426107
426139
425962
425994
426026
426267
426066
426098
426130
426418
426474
426506
426514
426546
426578
426610
426642
426674
426706
426738
426794
426802
426834
426866
426898
426930
426962
426994
427026
427058
427090
427122
427154
427186
427218
427250
427282
427314
427346
427378
427410
427730
427869
427794
427826
427966
427890
427922
427954
427986
428018
428050
428082
428114
428146
428178
428210
428242
428507
428413
428446
428477
428508
428434
428466
428498
428530
428562
428594
428626
428658
428690
428722
428754
428786
428818
428850
429202
429234
429266
429298
429330
429362
429394
429426
429458
429490
429522
429554
429586
429618
429650
429682
429714
429746
429778
429810
429842
429874
429906
429938
429970
430002
430034
430066
430098
430130
430162
430194
430226
430258
430397
430429
430460
430493
430525
430558
430941
430972
431004
431038
431070
431100
431133
431164
431198
431230
431262
431292
431218
431358
431388
431422
431452
431484
431516
431550
431580
431612
431646
431676
431710
431742
431773
431806
431836
431868
431902
431933
431965
431998
432028
432062
432093
432125
432050
432188
432220
432252
432285
432318
432733
432765
432690
432722
432754
432786
432818
432850
433115
432914
432946
432978
433010
433042
433074
433106
433138
433276
433310
433341
433372
433405
433436
433469
433501
433533
433564
433597
433630
433660
433694
433725
433757
433788
433822
433852
433885
433917
433949
433981
434013
434044
434076
434109
434142
434172
434204
434237
434716
434748
434780
434812
434846
434878
434908
434940
434974
435005
435037
435068
435101
435133
435166
435196
435228
435262
435294
435325
435358
435389
435420
435452
435485
435516
435675
435580
435612
435645
435676
435708
435740
435772
435806
435836
435869
435901
435933
435965
435998
436030
436061
436092
436126
436158
436188
436222
436254
436284
436316
436350
436507
436412
436446
436478
437020
437052
437086
437116
437149
437307
437212
437244
437278
437308
437342
437372
437406
437436
437468
437394
437533
437566
437596
437630
437661
437693
437618
437650
437682
437714
437746
437778
437810
437842
437874
437906
437938
438203
438108
438142
438172
438206
438236
438268
438300
438332
438364
438396
438428
438460
438492
438524
438558
438590
438620
438654
438686
438717
438749
438782
438812
438844
438877
438908
438940
438974
439004
439036
439645
439678
439710
439742
439772
439805
439838
439868
439900
439932
439966
439996
440028
440061
440092
440124
440156
440188
440222
440252
440285
440318
440348
440380
440413
440444
440477
440508
440540
440572
440606
440637
440669
440702
440733
440766
440797
440828
440860
440892
440926
440956
440988
441022
441052
441084
441116
441148
441180
441213
441245
441170
441310
441340
441372
441406
441438
441468
441500
441532
441564
441596
441628
441660
441692
441725
441757
441788
441820
441852
441886
441918
442588
442621
442654
442686
442716
442748
442782
442812
442844
442876
442908
442940
442972
443004
443036
443068
443102
443132
443164
443196
443228
443260
443292
443324
443356
443388
443420
443452
443484
443516
443550
443580
443612
443646
443676
443708
443740
443772
443804
443836
443868
444027
443932
443964
443996
443922
443954
444219
444126
444156
444188
444222
444254
444284
444316
444348
444380
444306
444338
444370
444402
444434
444466
444498
444530
444562
444594
444626
444658
444690
444722
444754
444786
444818
444850
444882
444914
444946
444978
445010
445746
445778
445810
445842
445874
445906
445938
445970
446002
446034
446066
446098
446130
446162
446194
446226
446491
446290
446322
446354
446386
446418
446450
446482
446514
446546
446578
446610
446642
446674
446706
446738
446770
446802
446834
446866
446898
446930
446962
446994
447026
447058
447090
447122
447154
447186
447218
447356
447282
447314
447346
447378
447410
447675
447474
447506
447538
447570
447602
447634
447666
447698
447836
447868
447900
447932
447964
447996
448028
448060
448092
448124
448156
448188
448220
448252
448284
448316
448348
448380
448412
448444
448476
448508
448540
448572
448604
448636
449468
449500
449532
449564
449596
449628
449660
449819
449724
449756
449788
449820
449852
449884
449916
449948
449980
450012
450044
450076
450108
450140
450172
450204
450236
450268
450300
450332
450364
450396
450428
450460
450492
450524
198924
Peak: 455375
Average: 433308.20728643215
