0
150822
151220
151125
151188
152803
152835
152843
152981
152995
153027
153059
153067
153123
153131
153163
153219
153315
153347
153379
153411
153443
153475
153483
153515
153611
153643
153675
153813
153739
153877
153909
153859
154037
153987
154101
154027
154165
154197
154147
154155
154307
154339
154347
154379
154411
154443
154475
154531
154645
154677
154603
154635
154763
154901
154827
154883
154891
154947
155061
154987
155043
155157
155083
155221
155349
154965
80677
Peak: 259288
Average: 150521.4411764706
