0
149960
149971
150003
150035
151763
151795
151827
151859
151955
151987
152019
152051
152083
152115
152147
152179
152275
152307
152339
152371
152403
152435
152467
152499
152595
152627
152659
152691
152723
152755
152787
152819
152915
153180
152979
153011
153043
153075
153107
153139
153267
153299
153331
153363
153395
153427
153459
153515
153523
153555
153587
153619
153747
153779
153811
153843
153875
153907
153939
153971
154003
154268
154067
154099
154227
154259
154291
154323
154355
154387
154419
154451
154483
154515
154547
154579
154739
154771
154803
154835
154867
154899
154931
154963
154995
155027
155083
155091
155123
155155
155187
155219
155379
155411
155443
155475
155507
155539
155571
155836
155635
155667
155699
155731
155763
155795
155827
155859
156051
156083
156115
156147
156179
156211
156243
156275
156307
156339
156371
156403
156435
156467
156499
156531
156563
156595
156860
156659
156851
157116
156915
156947
157212
157011
157043
157075
157107
157139
157171
157203
157235
157267
157299
157331
157363
157395
157427
157459
157683
157715
157747
157779
157811
157843
157875
157907
157939
158204
158003
158035
158067
158332
158131
158163
158195
158227
158259
158291
158323
158355
158387
158419
158908
158707
158739
158771
158803
158835
158867
158899
158931
158963
158995
159133
159165
159091
159123
159155
159187
159219
159251
159283
159315
159347
159379
159411
159443
159475
159507
159539
159827
159859
159891
159923
159955
159987
160019
160284
160083
160115
160147
160179
160211
160243
160275
160307
160572
160371
160403
160435
160467
160499
160531
160563
160595
160627
160659
160691
160723
160755
160787
160819
161139
161171
161203
161235
161267
161299
161331
161363
161419
161427
161459
161491
161629
161579
161693
161643
161757
161683
161821
161747
161779
161811
161843
161899
161907
161939
161971
162003
162141
162067
162123
162131
162163
162219
162333
162259
162717
162667
162675
162707
162739
162461
124074
Peak: 371099
Average: 156424.1884057971
