0
216683
256817
256977
257033
257841
257897
257929
257937
258057
258089
258097
258362
258161
258300
258225
258363
258377
258492
258417
258449
258505
258513
258650
258682
258779
258810
258843
258769
258801
258833
258972
259004
259226
259049
259057
259196
259121
259153
259292
259217
259345
259377
259409
259674
259497
259505
259644
259676
259625
259633
259772
259697
259931
259857
259889
260029
259953
259985
260124
260157
260189
260113
260169
260285
260305
260361
260369
260401
260457
260572
260497
260553
260561
260617
260625
260657
261050
260849
260881
260937
260969
260977
261009
261041
261073
261105
261137
261277
261201
261233
261265
261297
261457
261489
261521
261577
261818
261617
261649
261681
261737
261745
261883
261809
261841
261873
261905
261937
262237
262267
262300
262332
262365
262289
262321
262460
262385
262417
262449
262481
262537
262652
262577
262633
262641
262697
262705
262737
262929
262961
262993
263132
263165
263195
263227
263260
263185
263217
263249
263281
263313
263453
263377
263409
263548
263581
263613
263644
263761
263900
263825
263965
263996
263921
263953
263985
264017
264049
264081
264221
264145
264177
264209
264265
264381
264412
264337
264369
264507
264541
264573
264497
264753
264785
264817
264849
264881
264913
264945
264977
265009
265041
265073
265105
265137
265169
265201
265233
265498
265297
265329
265361
265393
265425
265457
265489
265521
265553
265585
265617
265905
265937
265969
266001
266266
266065
266097
266129
266161
266193
266225
266257
266289
266321
266353
266385
266417
266449
266481
266513
266545
266577
266609
266641
266673
266705
266737
266769
266801
266833
266865
266897
267217
267249
267514
267313
267345
267377
267409
267441
267473
267505
267537
267569
267601
267633
267665
267697
267729
267761
267793
267825
267857
267889
267921
267953
267985
268017
268049
268081
268113
268145
268177
268209
268241
268273
268305
268337
268689
268721
268986
268785
268817
268849
268881
268913
268945
268977
269009
269041
269073
269105
269137
269169
269225
269233
269265
269297
269329
269361
269393
269425
269457
269489
269521
269553
269585
269617
269649
269914
269713
269745
269777
269809
269841
269873
269905
270170
270321
270353
270385
270441
270449
270481
270513
270545
270577
270609
270641
270673
270705
270761
270769
270801
270833
270865
270897
270929
270961
270993
271258
271057
271089
271121
271153
271185
271217
271249
271281
271313
271345
271377
271409
271441
271473
271505
271537
271569
271601
271633
271665
271697
272113
272145
272177
272209
272241
272273
272305
272337
272369
272401
272433
272465
272497
272529
272561
272593
272625
272657
272689
272721
272753
272785
272817
272849
272881
272913
272945
272977
273009
273147
273073
273338
273137
273169
273201
273339
273265
273297
273329
273361
273393
273425
273481
273489
273521
273553
273585
273617
274097
274129
274161
274193
274225
274257
274289
274321
274353
274385
274417
274682
274481
274513
274545
274577
274609
274641
274673
274705
274737
274769
274801
274833
274865
274897
274929
274961
274993
275025
275057
275089
275121
275153
275185
275217
275249
275281
275313
275345
275377
275409
275441
275473
275529
275537
275569
275601
275633
275665
275697
275729
275761
275793
275825
275857
276401
276433
276465
276497
276529
276561
139296
Peak: 281518
Average: 266082.6918103448
