0
263453
570457
662855
1548530
2270674
2706095
2996508
3524851
3802746
4402889
5190993
5332469
5881671
6344636
6691227
7263083
7352514
8022458
8333113
8903068
9306602
9515875
9731725
10467788
10730682
11126421
11773237
12361485
12639434
12950330
13455520
14014370
14500570
15104446
15590612
15920310
16235436
16460432
16593212
16919721
17099863
17408699
17799199
17939378
18172603
18306216
19014266
19363404
19519613
19631128
19632760
19880323
20072603
20205702
20373977
20774969
21299609
21713078
22095752
22645672
23180635
23445930
23897635
24212237
24351637
24374566
24537882
24708862
24926805
25053755
25364795
25770020
26092451
26576643
26998456
27692323
28525625
29416526
29859816
29865944
29868216
29883380
29886812
29913709
30421030
30906124
31335640
31531492
31825012
32011637
32230649
32331449
32430352
32431099
32548614
32731929
33147466
33511169
33892066
33923866
34285821
34501371
34583371
34623181
34646307
34682914
34991165
35150207
35718856
35819912
36217689
36695184
36766074
37024902
37620864
37720830
38320759
38320857
38321086
38320836
38208832
38635513
38834199
39040652
39091708
43114672
43112827
43415951
43519974
44038112
44090010
44148379
44230181
44270946
44360189
44404040
44459624
44515828
44556923
44622335
44766208
44843857
45055408
45141855
45585008
45764871
46046678
46629417
46791525
46829248
47024430
47125882
47278750
47455394
47551616
47608731
47926406
48062132
48304703
48511976
48635394
48894336
49149047
49320144
49457683
49580625
49668170
49855860
50104841
50197256
50284314
50308626
50324026
50357826
50413633
50463633
50583746
50682461
50750069
50864276
51011069
51348330
51484946
51848938
52160087
52422970
52685898
52878869
53351982
53785468
54293921
54453715
54503255
54586140
54632777
54795843
54847030
54937656
54999089
55146678
55109175
55519763
55847887
55920874
56047707
56472137
56895150
56943240
57160737
57365919
57447146
58481623
57828531
57958761
58088252
58203472
58461769
58518995
58394084
58496535
58626080
58929026
59704882
59827826
59920234
59988170
60033282
60235065
60271780
60844969
61776927
60839294
60896892
60944010
60990804
61035713
61080405
61124580
61169209
61212562
61256154
61299684
61343138
61386914
61428045
61469596
60917828
60711133
60715210
60715095
60716587
60716882
60716340
60716728
60717765
60716938
60718133
60718381
60717383
60718307
60717382
60718754
60717187
60717761
60705224
60740871
60785013
60824674
60867757
60908024
60951990
60991958
61034898
61078252
61119292
61162746
61202964
61246202
61286687
60721451
60721552
60720897
60721755
60721710
60721177
60721897
60721893
60720993
60722151
60722085
60722061
60721179
60722175
60721944
60721427
60722314
60722385
60731267
60768666
60807154
60851146
60894875
60937691
60977141
61020325
61063402
61105514
61149050
61194395
61233029
61276933
60723432
60722034
60723439
60723478
60722610
60722407
60723702
60722703
60723490
60723790
60723844
60722994
60723865
60723801
60723167
60723974
60724261
60722967
60718848
60755513
60799336
60838322
60882147
60922139
60966491
61005410
61047979
61092587
61132650
61175990
61215882
61259787
61301867
60724218
60724015
60723749
60725145
60724021
60723816
60725147
60724169
60725600
60725611
60724684
60724418
60725693
60724843
60724496
60725871
60724888
60705498
60743504
60781115
60824317
60864158
60908455
60947870
60991980
61031388
61075975
61115939
61157948
61202732
61241379
61285388
60727347
60726171
60727364
60727253
60727367
60726762
60727490
60727584
60726618
60727513
60727882
60726693
60726922
60727654
60727466
60726741
60727737
60727688
60718207
60755747
60795443
60834546
60877595
60920622
60961616
61004262
61048614
61091846
61131830
61175150
61218694
61258006
61301030
60729126
60728321
60729208
60728969
60728238
60729107
60729156
60728426
60729348
60729272
60728645
60729495
60729301
60728442
60729481
60729367
60728891
60709539
60747042
60784639
60824429
60867595
60908005
60952214
60991904
61035993
61075713
61119476
61162398
61200298
61238870
61280370
60729500
60729837
60730472
60729614
60729545
60730581
60729680
60730816
60730747
60729830
60730947
60730784
60730252
60731028
60730160
60731722
60731754
60730835
60725964
60765718
60809235
60851652
60891678
60934406
60977476
61020587
61064181
61106253
61149765
61193851
61236051
61279949
60732749
60732777
60733664
60733703
60733044
60733728
60733687
60732961
60733744
60732599
60734031
60733724
60733138
60733920
60733981
60733172
60734155
60734237
60720587
60758544
60801851
60844911
60887913
60927406
60966025
61002401
61042955
61084081
61128984
61167987
61209291
61252840
61296898
60737895
60736299
60737730
60737894
60736725
60736560
60737841
60736871
60737913
60737865
60736975
60738060
60737902
60737047
60738665
60737800
60738737
60737797
60732163
60772109
60812101
60855731
60894819
60939747
60979347
61023722
61062100
61105423
61150087
61188745
61232225
61277225
61316203
60738447
60739099
60737974
60739192
60738972
60738066
60738061
60738348
60739390
60739465
60738623
60738162
60739475
60738564
60738325
60739673
60738638
60721371
60757923
60791690
60826666
60871275
60910714
60953466
60997923
61037490
61080530
61122874
61167394
61211123
61253251
61293498
60740178
60739303
60740377
60740291
60739807
60740494
60740227
60739761
60740417
60740376
60739541
60740387
60740405
60740645
60739509
60740509
60739840
60740718
60732001
60768329
60806729
60848294
60888478
60932542
60972198
61014913
61055582
61100150
61143574
61181974
61226006
61269126
61309601
60741920
60742165
60741371
60742221
60742106
60741558
60742483
60742380
60741561
60742301
60742233
60741585
60741078
60742340
60741556
60742616
60741340
60742599
60743343
60780852
60821052
60865251
60903176
60947288
60987093
61031686
61071478
61111086
61155982
61194366
61239390
61279717
61321726
60744250
60744911
60743853
60744805
60744752
60743829
60744989
60744844
60743884
60743774
60744867
60743966
60743905
60744947
60744140
60744044
60745051
60727248
60762538
60803439
60841958
60886382
60926918
60967578
61007156
61047812
61092386
61131067
61172697
61217042
61255516
61300664
60745054
60745040
60745940
60746536
60745909
60746670
60745872
60746830
60747150
60746800
60745848
60745803
60746845
60745878
60747200
60746534
60746974
60746059
60731365
60768938
60812252
60851599
60891993
60936176
60975483
61019824
61059480
61100522
61145104
61183786
61228624
61267330
61312352
60747644
60748207
60747982
60747577
60748486
60747123
60748420
60748303
60747284
60747357
60748348
60747584
60747539
60748465
60747556
60747409
60748561
60747754
60750465
60790338
60828988
60872925
60913017
60953468
60997673
61037404
61081882
61120273
61165194
61205476
61248649
61288884
61330050
60748642
60750018
60748682
60748583
60749651
60748704
60749841
60749745
60750210
60750034
60749188
60748906
60750124
60749197
60750247
60750215
60749565
60729537
60764679
60804874
60844335
60888852
60929476
60968772
61009807
61051312
61095613
61134164
61175594
61220317
61258892
61300644
60750707
60750726
60751714
60751634
60751027
60751874
60752211
60750837
60751817
60751752
60750853
60751999
60751813
60751245
60751993
60752240
60751984
60751437
60747655
60782655
60822906
60866760
60905999
60950751
60990704
61033735
61073455
61116503
61157727
61199928
61244735
61288632
61327311
60752750
60752660
60751756
60751714
60751332
60753122
60753230
60752044
60751906
60753211
60752276
60753267
60753262
60752092
60752090
60753110
60752158
60753292
60753994
60790245
60821731
60855403
60891062
60930075
60969465
61013769
61054569
61095465
61135363
61176621
61216995
61256371
61301676
60752830
60753253
60754130
60754185
60753163
60754004
60754030
60753272
60754170
60754132
60753577
60754245
60754110
60753419
60754298
60754230
60753870
60754394
60749733
60789941
60833389
60872765
60917165
60956773
60997520
61041509
61080309
61125517
61165667
61207480
61252373
61292824
61335069
60754997
60755804
60755812
60755344
60755884
60755996
60755824
60755405
60755321
60754749
60756050
60755925
60755024
60756184
60755274
60755757
60756217
60754880
60757434
60797989
60836760
60880389
60920651
60961267
61005320
61046120
61085251
61129256
61169251
61209587
61253824
61294475
61334155
60756173
60757064
60756104
60755895
60757063
60756162
60757241
60757153
60756237
60756251
60757234
60756317
60756280
60757373
60756354
60756309
60756210
60739240
60773087
60813167
60851631
60892482
60933445
60977263
61016847
61057729
61102095
61140722
61185399
61225890
61265282
61303343
61339821
60758251
60757249
60758482
60757182
60758494
60758419
60757545
60758544
60758356
60757801
60758638
60758519
60758151
60758667
60758658
60758031
60758155
60740332
60779189
60818885
60857541
60898608
60942669
60981861
61026237
61065677
61110389
61150157
61193501
61233928
61277093
61317616
60758328
60759311
60758233
60758290
60759324
60758482
60758362
60758225
60760770
60760696
60759822
60760754
60760792
60759891
60760770
60759977
60760869
60760121
60756193
60794883
60831502
60875275
60914684
60959298
60999055
61035169
61074579
61115707
61160347
61199179
61243857
61282467
61326377
60761149
60759969
60761548
60761305
60760396
60760362
60760297
60761694
60761663
60760852
60760460
60761808
60760889
60761872
60761808
60761292
60761976
60761947
60767098
60804677
60844311
60884863
60929272
60966538
61010594
61050343
61090506
61134388
61174271
61219253
61257727
61302764
61341487
60761860
60762415
60762409
60761766
60762502
60762595
60762024
60762641
60762624
60761917
60762737
60762720
60762034
60762884
60762824
60762066
60762921
60744393
60782339
60819501
60854982
60895637
60936323
60979069
61020008
61060736
61105213
61143733
61185328
61226515
61269629
61309909
60762339
60762804
60763769
60762732
60763018
60763686
60762885
60763983
60762514
60763904
60764009
60763056
60762744
60763990
60763173
60764113
60763160
60764287
60756190
60790106
60830224
60871066
60910940
60955241
60995877
61035257
61076218
61120504
61160624
61204180
61244679
61287644
61328198
60763817
60765191
60765071
60764473
60765237
60766298
60765758
60766375
60766370
60765723
60766463
60766660
60765613
60766682
60765271
60766784
60766702
60765639
60762289
60797087
60838309
60875585
60919578
60959153
60999914
61044045
61083865
61124377
61168103
61208016
61252623
61291124
61336383
60767612
60767333
60766380
60767354
60767468
60766892
60767632
60767556
60766670
60767701
60766908
60767939
60766478
60768095
60768043
60766790
60766834
60768182
60772910
60813773
60853717
60892843
60934569
60974573
61015501
61059813
61100814
61139449
61180485
61220968
61264985
61305928
61345660
60767724
60768551
60767290
60768425
60768372
60767549
60768565
60767727
60768556
60767647
60767451
60768603
60767745
60768744
60768707
60767923
60768704
60745742
60777182
60816910
60855830
60896081
60940598
60979958
61024358
61065110
61104742
61147169
61189334
61229977
61269329
61314198
61353265
60769252
60769282
60768662
60769461
60769375
60768720
60769543
60769545
60768672
60769575
60769593
60768603
60769109
60768393
60768835
60769729
60768675
60753375
60791063
60830778
60873799
60917415
60956967
60999719
61044136
61083711
61126855
61171639
61213839
61254175
61296023
61340431
60770420
60770470
60769830
60770631
60770612
60769616
60770682
60770574
60769939
60770274
60769104
60769864
60770699
60769790
60769796
60770838
60769878
60770903
60777373
60814519
60858007
60897191
60941871
60981263
61022239
61066431
61106135
61149610
61189551
61234391
61272881
61316887
61360239
60771722
60773164
60772164
60773198
60773059
60772412
60773286
60773629
60772484
60773278
60773210
60772647
60772750
60772090
60772570
60773732
60773582
60758091
60793362
60833222
60871682
60912645
60956850
60996498
61036882
61080162
61122282
61154021
61195242
61239906
61278800
61323643
60788743
60773195
60774095
60772833
60774049
60773961
60773011
60772900
60772718
60774217
60774317
60773174
60773049
60774448
60773427
60774512
60774389
60773806
60770139
60805138
60845685
60888645
60931413
60972067
61012722
61056242
61095980
61140377
61180367
61220262
61265071
61303919
61345256
60773996
60774019
60773704
60775301
60775144
60774176
60775159
60774993
60774459
60775407
60775242
60774664
60775254
60774281
60775492
60775235
60774326
60774691
60784724
60822712
60863606
60895710
60940546
60979828
61020820
61065089
61103555
61144684
61188276
61233141
61271836
61316796
61356732
60775319
60776182
60776101
60775430
60776317
60776094
60775318
60776215
60776249
60775686
60776303
60776211
60775945
60776577
60775222
60776751
60776481
60756019
60788396
60829252
60869260
60909231
60951852
60996060
61035887
61078772
61123316
61166812
61209004
61249126
61291463
61335591
60776288
60775841
60777165
60776283
60777266
60777186
60776734
60777456
60777441
60776630
60777458
60777406
60776523
60777482
60777433
60779058
60778435
60777587
60771989
60812960
60853394
60893535
60934007
60973721
61015258
61054898
61095726
61136598
61178236
61221349
61261276
61304686
61345074
60779536
60778283
60779670
60779522
60778676
60779782
60778706
60779795
60779857
60778938
60779972
60779771
60779253
60780081
60780131
60779253
60780089
60780019
60783831
60820079
60863463
60903831
60944015
60984463
61027399
61069495
61108047
61152567
61192551
61233087
61277271
61317430
61359767
60779721
60780629
60780564
60780056
60780804
60780777
60779950
60780906
60780086
60780811
60780494
60780891
60779966
60781126
60780979
60780073
60779982
60757777
60793330
60829420
60869462
60908647
60949793
60990433
61031167
61075609
61115377
61155453
61196407
61241263
61280087
61321471
61364377
60780656
60780513
60781574
60780894
60781898
60781689
60781085
60781959
60781671
60781018
60781953
60780699
60781157
60781898
60781130
60780912
60781994
60763708
60798934
60836466
60877298
60916865
60957721
61001649
61041428
61085577
61125474
61165244
61209969
61250001
61293353
61334124
60797766
60782089
60782823
60781603
60782920
60782373
60782206
60781722
60783098
60782871
60781860
60781874
60782932
60783049
60783109
60782084
60781991
60783229
60769201
60809260
60852325
60891906
60934509
60975186
61020223
61058930
61103170
61144088
61183906
61223994
61265202
61307344
61349010
60783672
60782806
60782711
60783766
60783190
60782662
60782565
60784064
60784236
60783181
60782899
60784086
60783312
60784311
60784306
60783568
60784332
60784419
60782251
60822159
60861687
60905651
60945957
60986069
61030613
61070333
61113588
61153557
61198014
61235558
61272325
61312889
61357781
60787066
60786077
60786605
60786548
60786152
60785624
60785557
60786906
60786679
60785821
60785631
60786767
60785917
60785880
60786887
60786064
60785968
60767254
60796179
60837265
60877248
60917072
60957736
60998392
61041440
61083352
61123080
61163147
61207600
61247984
61287851
61332825
61371336
60787575
60787585
60786862
60787674
60786334
60787881
60787656
60786723
60786788
60787736
60786760
60787920
60787832
60786880
60786827
60787944
60787027
60773747
60812746
60849162
60891881
60933603
60968257
61005095
61042571
61083359
61124316
61164468
61205409
61246681
61290193
61330491
61370494
60788648
60787627
60787648
60788733
60787792
60787704
60788791
60787831
60787829
60788863
60787997
60789200
60788943
60787975
60787989
60789039
60788087
60774982
60810667
60851458
60890890
60932558
60971904
61016097
61055601
61100083
61139937
61184607
61223276
61268133
61306912
61350599
60789410
60789857
60790104
60789060
60788871
60788697
60789885
60789663
60788783
60788695
60789898
60788946
60788866
60789951
60789477
60790254
60789215
60789543
60783073
60818476
60858145
60899129
60943042
60983564
61022856
61063800
61108064
61148784
61189251
61232456
61272819
61314787
61359808
60789769
60790974
60790280
60791058
60790942
60790520
60791197
60791017
60790198
60790733
60789905
60790342
60791708
60791345
60791386
60790395
60790142
60791506
60798709
60833501
60873333
60914008
60958542
60999174
61038845
61082965
61122693
61166286
61206069
61251045
61289734
61334870
61373285
60792289
60790811
60790699
60791768
60790859
60790865
60791966
60790998
60790961
60792113
60792151
60790918
60791062
60792257
60791281
60791212
60792353
60773485
60812379
60846355
60886333
60930949
60970383
61011104
61054416
61094997
61136192
61179421
61219464
61264245
61303008
61346829
60792277
60792178
60793261
60792983
60792336
60793201
60795376
60794269
60795041
60794906
60794338
60794483
60793831
60795359
60795111
60794202
60794049
60795260
60790521
60830788
60870575
60912100
60944492
60980164
61019596
61056972
61099804
61143588
61184356
61226812
61270580
61312724
61357604
60795187
60795947
60795830
60795233
60795105
60795185
60796176
60795894
60795289
60796050
60796103
60795420
60796307
60796231
60795604
60795872
60794996
60795849
60789153
60824734
60864480
60908453
60947958
60990721
61035937
61074574
61117563
61158533
61202156
61245252
61285991
61329604
61372996
60797173
60796358
60797229
60797078
60796616
60797302
60797623
60796596
60797323
60797239
60796318
60797440
60797364
60796422
60797450
60797417
60796731
60776245
60808832
60843989
60885205
60925661
60965485
61009477
61049637
61090566
61131037
61173229
61214533
61259349
61297997
61343118
61381557
60797779
60797811
60797267
60797216
60796905
60798180
60797974
60797124
60797138
60798137
60797161
60798389
60797723
60797430
60798552
60797840
60797541
60777233
60813332
60849604
60893229
60933293
60973741
61017765
61057637
61098205
61142661
61181229
61222525
61267453
61306141
61351125
60797810
60798275
60799226
60799348
60798470
60799352
60798041
60799337
60799198
60798238
60798244
60798065
60799722
60799656
60798934
60799554
60799556
60799065
60787574
60828797
60867509
60907845
60948374
60989028
61033186
61074034
61113814
61158177
61199413
61238211
61281806
61322852
61363098
60799113
60800039
60799989
60799384
60800242
60800526
60800296
60799409
60800217
60799214
60799204
60798995
60800521
60800498
60799502
60799415
60800594
60799667
60791218
60832145
60866401
60907100
60947115
60987808
61032074
61071616
61112596
61156976
61196922
61236698
61278247
61321538
61362060
60800653
60801305
60801296
60800643
60801305
60801205
60800616
60801428
60801395
60800645
60801457
60801483
60800784
60801663
60801732
60800931
60801851
60800531
60803090
60839490
60879369
60923372
60963310
61004018
61048316
61089085
61127638
61168654
61209840
61253216
61293670
61335006
61372528
60802350
60802362
60802335
60801274
60803226
60804587
60803603
60804653
60804626
60803912
60804743
60804932
60803995
60804818
60804753
60804126
60804882
60804763
60807423
60847334
60886975
60927414
60968574
61012502
61052294
61092871
61133166
61177302
61217359
61257953
61302102
61342431
61385926
60804787
60805522
60805444
60804686
60805498
60805559
60804830
60805696
60805663
60804961
60805876
60804607
60805873
60805699
60804849
60804718
60805827
60787040
60822438
60857157
60897318
60938334
60982286
61022046
61062619
61100862
61140830
61180651
61220555
61265678
61304334
61349318
61388126
60806373
60806361
60805740
60805957
60805377
60806847
60806628
60805668
60805639
60806630
60805799
60806849
60806812
60805734
60805697
60806865
60805830
60795030
60830472
60870005
60914082
60953129
60997338
61037026
61079906
61124258
61167626
61207509
61249682
61293378
61336898
61379714
60807371
60806928
60807635
60808053
60806831
60807702
60807712
60807242
60807841
60806485
60806935
60808301
60806826
60806891
60807831
60806818
60808158
60784168
60819354
60856996
60892161
60930353
60971825
61015641
61055321
61096097
61140505
61179417
61223881
61263961
61307425
61347865
61390049
60808348
60807434
60807343
60808489
60807529
60807484
60808593
60807684
60807599
60808740
60807737
60808940
60808793
60807935
60807831
60808991
60808090
60794715
60830199
60869951
60908321
60949700
60989180
61029785
61074025
61113569
61158113
61201609
61240372
61283937
61327329
61367721
60808720
60809108
60808729
60809577
60808524
60809829
60809217
60809781
60809973
60809033
60809796
60809997
60809113
60808793
60808918
60810168
60809929
60809289
60810311
60809122
60810252
60790208
60824952
60858872
60899024
60943632
60983115
61027080
61066611
61111032
61150720
61194192
61234187
61278123
61317947
61362800
60809581
60810048
60810796
60811300
60810177
60810976
60810841
60810142
60810935
60810894
60810382
60811211
60811033
60810558
60811372
60810052
60811369
60811158
60806201
60847607
60886482
60930127
60970047
61010510
61055079
61094695
61137951
61177951
61221239
61264631
61304943
61348663
61390895
60811089
60811861
60811782
60811206
60811121
60812002
60811873
60811107
60811927
60810737
60812265
60812009
60810947
60812217
60812086
60811177
60811049
60792162
60821226
60862250
60901165
60945578
60986090
61025506
61066664
61110698
61150738
61190450
61236146
61277765
61320890
61361330
60813856
60814283
60815119
60815078
60814651
60814762
60813958
60815537
60815305
60814569
60815533
60814262
60815502
60815653
60814742
60814452
60815741
60814787
60806233
60845737
60885841
60927430
60970158
61010742
61051014
61094478
61134401
61175241
61216257
61259598
61299969
61335100
61376769
60815574
60814845
60816297
60816536
60815419
60816461
60816405
60815734
60816565
60816857
60815758
60816034
60815209
60815358
60815310
60816793
60816805
60815707
60809315
60850382
60890702
60930918
60970342
61010998
61052398
61095558
61136390
61176126
61220934
61259438
61300870
61344246
61384622
60817183
60816817
60816633
60817440
60817442
60816705
60816872
60816292
60817783
60817484
60816417
60816487
60817588
60816577
60816540
60817692
60816822
60816987
60822755
60863595
60895588
60936005
60977390
61021348
61056414
61091526
61133412
61173174
61214502
61256687
61297908
61337854
61382838
60817761
60818549
60818633
60817937
60818707
60818634
60817834
60818568
60818562
60817782
60818080
60817543
60818876
60818708
60817748
60817770
60817663
60819138
60820104
60856208
60899672
60940104
60980352
61020667
61065024
61105504
61144304
61188984
61229152
61268730
61313744
61354128
61397480
60819442
60819352
60818598
60818422
60819433
60819788
60819714
60818793
60818468
60819816
60818908
60819976
60819832
60819182
60819866
60820303
60819089
60798880
60832538
60866464
60906643
60947091
60988289
61032319
61072264
61116350
61156054
61199518
61239554
61283288
61326790
61367174
60819647
60819802
60820568
60820572
60819931
60820633
60820651
60820010
60820817
60820682
60820229
60820230
60819549
60820219
60820925
60819949
60819896
60821013
60819758
60853641
60890983
60929457
60973245
61013103
61054041
61097760
61137705
61178673
61223195
61261958
61306739
61345307
61389195
60820361
60821612
60821008
60821610
60821706
60820756
60821661
60821622
60820795
60821743
60821718
60821163
60821513
60820571
60821931
60822090
60821171
60820822
60819911
60861911
60899332
60937689
60978211
61022886
61062390
61106814
61145662
61186617
61231158
61269993
61314430
61354968
61397473
60821453
60821504
60822979
60823023
60822146
60823163
60822931
60822276
60823107
60822978
60822106
60823112
60823073
60822489
60822142
60822033
60823389
60799405
60832157
60872352
60913270
60954293
60993509
61034352
61078581
61118189
61159344
61202592
61242853
61283816
61327301
61367744
61409886
60822465
60823832
60823036
60824048
60824029
60823942
60822891
60822817
60824063
60823305
60824178
60824124
60823448
60824399
60824182
60823296
60824201
60808762
60840696
60881672
60915528
60960376
60999736
61040664
61081360
61121864
61162984
61206387
61246240
61289984
61331064
61371296
61411296
60827379
60827425
60826963
60827596
60826900
60826915
60827700
60827687
60827075
60827694
60827859
60827024
60827809
60828211
60827155
60827236
60826635
60815972
60852294
60892045
60931718
60972049
61016014
61056366
61096198
61137377
61178201
61219369
61261337
61303878
61342454
61381665
60843520
60827776
60828575
60828519
60827864
60828596
60827980
60827949
60828721
60828715
60828032
60828927
60828696
60828184
60828228
60827555
60828064
60828899
60826653
60864370
60905512
60945877
60985373
61026569
61070879
61109767
61150506
61194799
61235975
61275797
61315895
61359359
61399687
60828665
60828496
60829448
60828451
60828669
60829617
60828700
60828561
60829713
60828804
60829897
60829809
60828892
60828753
60828668
60829156
60830216
60806205
60845067
60876853
60914755
60955011
60996110
61040348
61080072
61120856
61157072
61194729
61239424
61278022
61319582
61359832
61404264
60830633
60829867
60830040
60829286
60829897
60830681
60829641
60831004
60830769
60829809
60829772
60830908
60829913
60829825
60829697
60831316
60831408
60807296
60846035
60881243
60917558
60958427
60999342
61043510
61082995
61123830
61165214
61204814
61245723
61290806
61329710
61371062
61414355
60830885
60831859
60831665
60831204
60831880
60831863
60830996
60831933
60831962
60831297
60832040
60832031
60831490
60831293
60832399
60830889
60830860
60813542
60851292
60889652
60927036
60959692
61000468
61044605
61085452
61124964
61166156
61209477
61249260
61294324
61332940
61374588
61417932
60832674
60832748
60832143
60832229
60832879
60832316
60833008
60833077
60832396
60833080
60831834
60832636
60833176
60833100
60832524
60832980
60832103
60822557
60854173
60893949
60932765
60973797
61013315
61056125
61096839
61141285
61181103
61224445
61267837
61308501
61351405
61392125
60832929
60832655
60834075
60834188
60833122
60834148
60834186
60833528
60834142
60834013
60833445
60834209
60834203
60834286
60833523
60833509
60834390
60834835
60822550
60855764
60895507
60936161
60972151
61011493
61043851
61080109
61123085
61167694
61206405
61250037
61294758
61333349
61377277
61420766
60834422
60833761
60835128
60834965
60834063
60834049
60835048
60834141
60834029
60835122
60834221
60834176
60833895
60835493
60835470
60834602
60834210
60822293
60855537
60892018
60932003
60973114
61016776
61057779
61097384
61138019
61179331
61222515
61262707
61303915
61347243
61387939
60835556
60835314
60835471
60834855
60835289
60836558
60834984
60835063
60836393
60835279
60835141
60836596
60835455
60836668
60836620
60835599
60836633
60836089
60828141
60860067
60898421
60938963
60979440
61019200
61059359
61103776
61143165
61187608
61227808
61271213
61311336
61354808
61395231
60836264
60836973
60836975
60836498
60837131
60837149
60836450
60837337
60837159
60836707
60837280
60836082
60837661
60837429
60836359
60836432
60836186
60840669
60846423
60878179
60919199
60959528
61000699
61041218
61080890
61120627
61161552
61202322
61243570
61286970
61328465
61366918
61406503
60840964
60839779
60841181
60840697
60841217
60841029
60840426
60840622
60839941
60840552
60841485
60840181
60841477
60841381
60840266
60841643
60840665
60841648
60842899
60880379
60917006
60957179
61001720
61042363
61082907
61121792
61162400
61203731
61248355
61286816
61328152
61368315
61413251
60842192
60842112
60841265
60840865
60842197
60841329
60842277
60842280
60841433
60842526
60842376
60841791
60842643
60842310
60841593
60842463
60841126
60819100
60849375
60889270
60924781
60964625
61009399
61048553
61091911
61132637
61173621
61217145
61257120
61302133
61340587
61385511
61424442
60842743
60841714
60841727
60842717
60841813
60841776
60842759
60841938
60843055
60842951
60841873
60843160
60843192
60842367
60843299
60842654
60842559
60822518
60855237
60895344
60935978
60977421
61016629
61057162
61098269
61138853
61182274
61223309
61264469
61304658
61344610
61389581
61428629
60843705
60843074
60844672
60844308
60843391
60843338
60844321
60843412
60843324
60844476
60843559
60843463
60844564
60843663
60843575
60843329
60843911
60830433
60865689
60908857
60949677
60989897
61029241
61069865
61110969
61151604
61192497
61236954
61275761
61317105
61360273
61400843
60844116
60844666
60845480
60845359
60844804
60845488
60845675
60845487
60844772
60845643
60844308
60845858
60845647
60845117
60845891
60844620
60844596
60845952
60836276
60871912
60908660
60948220
60988692
61027908
61072188
61112100
61155331
61195916
61237004
61277100
61321884
61360532
61402068
60845191
60845674
60846519
60846506
60845894
60846540
60847001
60845627
60846677
60846558
60845825
60846832
60846595
60846345
60847044
60845689
60846969
60846822
60844547
60879761
60920662
60959934
61000526
61040838
61082726
61125886
61166718
61206654
61247801
61287638
61328790
61372238
61406750
60847513
60846249
60847615
60847605
60846548
60846490
60847728
60846817
60847706
60847725
60847140
60847837
60847983
60847191
60847904
60847047
60848213
60846875
60843260
60881665
60918204
60958550
61002529
61043089
61084753
61123273
61164380
61205068
61246230
61289633
61331025
61369929
61411412
60847108
60848546
60848452
60847950
60848749
60848712
60848065
60848668
60848649
60847814
60848786
60848761
60847987
60848191
60847729
60849177
60848870
60847894
60854814
60886409
60924521
60961977
61002369
61043369
61084769
61123198
61160463
61199433
61243878
61286095
61326433
61368401
61413630
60849378
60849435
60848907
60849575
60849542
60849030
60849706
60849724
60848817
60849861
60849844
60849086
60849863
60849822
60849174
60849311
60848790
60849224
60859417
60898104
60938016
60977501
61020728
61061263
61104760
61148544
61188696
61231176
61275365
61319189
61361365
61401733
60849775
60849849
60849489
60850850
60849894
60850826
60850813
60850222
60850871
60850852
60850115
60850871
60850905
60850182
60851069
60849756
60851332
60850931
60846124
60887503
60925087
60959602
61001135
61041591
61082362
61123015
61163863
61203689
61246015
61285010
61326218
61369394
61409719
60851710
60850259
60851683
60851912
60850934
60850593
60851933
60850971
60851911
60851965
60851243
60851991
60851972
60851137
60851999
60852025
60851054
60852305
60847190
60884777
60928468
60966374
61007734
61048294
61088998
61128478
61170494
61210286
61251446
61291470
61336230
61374862
61416486
60855557
60855965
60856056
60855033
60855480
60854822
60856310
60856121
60855220
60855081
60856217
60855316
60855129
60856537
60855449
60856538
60856525
60855942
60848142
60884149
60927526
60968270
61008662
61045557
61088686
61129275
61173752
61213966
61255950
61294526
61336131
61379238
61420038
60855742
60857039
60857196
60856382
60857205
60857148
60856462
60857269
60857185
60856689
60856682
60856110
60857465
60857310
60856641
60857535
60856776
60857548
60852569
60894052
60932967
60976636
61016836
61060660
61100591
61141231
61184428
61224383
61268932
61307740
61352260
61392790
61434972
60857299
60858129
60858056
60857384
60857783
60857102
60858209
60857283
60858440
60857125
60858467
60858371
60857352
60857315
60857151
60858760
60858771
60834999
60868969
60908763
60945398
60983331
61025659
61065238
61109395
61149094
61193371
61232115
61276923
61317294
61360491
61401062
61444283
60859047
60857785
60858350
60859637
60858189
60858152
60859202
60858245
60858285
60859319
60858351
60858373
60858049
60858639
60859691
60858780
60859696
60844160
60881897
60921681
60963292
61003569
61044228
61088377
61127913
61172337
61212460
61253484
61293260
61338194
61377052
61418203
60859434
60860050
60859404
60860334
60860660
60859185
60860374
60860222
60859502
60860439
60859190
60860625
60860637
60859336
60860627
60860660
60859792
60859483
60844194
60882789
60920288
60956968
60995528
61035864
61074128
61113129
61154624
61191944
61233136
61270992
61308144
61350832
61387208
61429952
60861255
60859966
60861398
60861194
60860255
60860269
60861303
60860437
60861554
60861407
60860509
60860439
60860281
60861780
60861778
60860940
60861762
60861767
60869927
60903807
60939431
60975007
61012887
61051095
61093104
61131455
61165223
61206255
61245151
61285991
61331015
61369743
61413415
60861368
60861556
60862507
60862411
60861973
60862619
60862536
60861953
60862776
60861898
60862036
60862749
60862687
60862204
60862823
60861775
60861620
60862772
60860776
60899288
60935693
60979547
61017603
61058187
61098459
61141923
61181787
61226051
61266123
61309379
61349619
61392947
61433483
60862118
60862677
60863860
60862465
60863625
60863513
60862553
60862481
60863617
60862708
60862612
60863705
60862737
60862657
60862521
60862823
60864010
60869201
Peak: 62115400
Average: 59260774.923668474
