0
215963
257705
257769
257777
258018
258050
258058
258090
258186
258324
258250
258282
258420
258452
258378
258410
258506
258538
258570
258602
258634
258666
258698
258754
258932
258882
258890
258922
258954
258986
259042
259050
259146
259178
259210
259475
259274
259306
259338
259370
259498
259530
259562
259594
259626
259658
259690
259722
259754
259810
259818
259874
260002
260010
260066
260098
260130
260138
260170
260202
260234
260266
260298
260330
260458
260490
260522
260554
260586
260618
260650
260682
260714
260854
260778
260834
261076
261002
261034
261066
261098
261130
261162
261194
261226
261258
261290
261322
261354
261386
261418
261450
261610
261875
261674
261706
261762
261770
261826
261834
261866
261922
261930
261986
261994
262026
262082
262090
262282
262314
262346
262378
262410
262548
262474
262506
262538
262570
262602
262634
262666
262698
262730
262762
262794
262826
262858
263123
263315
263114
263146
263178
263210
263242
263274
263306
263338
263370
263402
263434
263466
263498
263530
263562
263594
263626
263658
263690
263914
263946
263978
264010
264042
264074
264106
264138
264170
264202
264234
264266
264298
264330
264469
264502
264534
264566
264597
264629
264660
264692
264726
264756
265012
265044
265076
265002
265034
265066
265098
265130
265162
265194
265226
265258
265290
265322
265354
265386
265418
265474
265715
265514
265570
265602
265634
265642
265907
265706
265762
265794
266058
266114
266122
266154
266186
266218
266274
266282
266420
266346
266485
266434
266442
266474
266506
266538
266594
266626
266740
266690
266722
266754
266786
266794
266826
266858
266890
266946
266954
267010
267042
267074
267394
267402
267434
267490
267188
Peak: 269946
Average: 261343.7142857143
