0
78461
351094
804901
706615
1538807
2121558
2548824
2978643
3482998
3846288
4308322
5097843
5356135
5644197
6047942
6459453
6760403
7237908
7384172
7755688
8269815
8484979
8944893
9296906
9386977
9540429
9900601
10516137
10693700
11107204
11598960
12135367
12573638
12817271
13172939
13777203
14342838
14654413
15136670
15624595
15961266
16277094
16476596
16615472
16696621
17040797
17205467
17504081
17864865
17990972
18208269
18296570
19556293
19350513
19555654
19663590
19667046
19877913
19952048
20105227
20240290
20407529
20775865
21105885
21336350
21797152
22288779
22612894
23216282
23442501
23826284
24171451
24388041
24399363
24537443
24676835
24838820
25000058
25089450
25400909
25695184
26020625
26515977
26615447
26985570
27503275
27978628
28606332
29279429
29854410
29900894
29904206
29906910
29905205
29923258
29935187
30085944
30531133
31120007
31403759
31575073
31850314
31945058
32233764
32327786
32392135
32498569
32505260
32571732
32667038
32930823
32930296
33362755
34308380
33832324
34324887
34444169
34616156
34663051
34681099
34755474
34884544
34989828
35183589
35756205
35845471
36167882
36720067
36804461
37034581
37414848
37750203
37965882
38360605
38360764
38360643
38360938
38255575
38675074
38873046
39057911
39123388
39192566
43136772
43153349
43439878
43468982
44083145
44077152
44121751
44174492
44243669
44275889
44356683
44405923
44434261
44505659
44546041
44599534
44655611
44827695
44951778
45107732
45393197
45599371
45768800
46047306
46585673
46784871
46838989
47008731
47074835
47158882
47344877
47431138
47505226
47608738
47936867
48059062
48257568
48438793
48539446
48628642
48893464
49147578
49149613
49152870
49155920
49157258
49161476
49164683
49166961
49169328
49170784
49174059
49175493
49182308
49196657
49199115
49201479
49206683
49260488
49319789
49321928
49326168
49328748
49331577
49335051
49339239
49342032
49343890
49348199
49352551
49355139
49357938
49361501
49366072
49368688
49371270
49373280
49379148
49381761
49390569
49393014
49396049
49401626
49406438
49410773
49419411
49320272
49458427
49581889
49639979
49883576
50127619
50180190
50274207
50304807
50320799
50354959
50397709
50461839
50520416
50666778
50730120
50806156
50987969
51329297
51364813
51502028
51847681
52044065
52362253
52445795
52684670
52861558
53350778
53642409
54258818
54472718
54553949
54537980
54643695
54632286
54853173
54918206
54981502
54997177
55133988
55136923
55140080
55143163
55147717
55221014
55518530
55894110
56015295
56469828
56863296
56925016
56919359
57323404
57381995
57485220
58689408
57823779
57918196
58086900
58126721
58071070
58324967
58510495
58390530
58518968
58820614
59140138
59725007
59822231
59896919
59957967
60008711
60046681
60230193
60266997
60314828
61316168
60726352
60900384
61267157
61832388
62297437
62796612
63295118
63725363
64223208
64654157
65116772
65613604
66079159
66540879
67005483
67501435
68032872
68463013
68961821
60939064
60734480
60737752
60737663
60738588
60739091
60739111
60739531
60740303
60740490
60741334
60741449
60741845
60741507
60741050
60741849
60741744
60741936
60740825
60741860
60742118
60919252
61415899
61945217
62475005
63004701
63400853
63932189
64461088
64857875
65389143
65918143
66382087
66911097
67441513
68003727
68534399
69030244
60745442
60744299
60744584
60744773
60745702
60745857
60745683
60745889
60745753
60746092
60745768
60744468
60744919
60744409
60745076
60745298
60744684
60745800
60744825
60746162
60745119
61087970
61550949
61981693
62410170
62841797
63339101
63835773
64364632
64795341
65290916
65789392
66217920
66715301
67078984
67543093
68039432
68570288
69066240
60747882
60748015
60748288
60747141
60747183
60748520
60748515
60747183
60747739
60748491
60748455
60747810
60747776
60747546
60747778
60748769
60748848
60748817
60748755
60748893
60924930
61454874
61919407
62414720
62979293
63409006
63938756
64468560
64965095
65494733
66058880
66589305
67019057
67548138
68111554
68475802
68939744
60752284
60752462
60752401
60752438
60752465
60752327
60751100
60751824
60751679
60751660
60752026
60752576
60752543
60752624
60752913
60753315
60752362
60754010
60754075
60754267
60754477
60996348
61526014
61988533
62418197
62915406
63445102
63909738
64372421
64901493
65431117
65895158
66391446
66955865
67385974
67916243
68378004
68876874
69353808
60755908
60756021
60754698
60756019
60756173
60755027
60755152
60755696
60755888
60756868
60756274
60756253
60757298
60757369
60756722
60756560
60756818
60757903
60758045
60757180
61001299
61430482
61661818
62125280
62654569
63018472
63515992
64011792
64508703
64938463
65469515
65866267
66329155
66860459
67389811
67754627
68249388
68780143
60758213
60759201
60759550
60759366
60760202
60758991
60760151
60760551
60760794
60760796
60760746
60759850
60761499
60761051
60761216
60761319
60760158
60761641
60760688
60761691
60761766
61003768
61499464
61897541
62393496
62923576
63385907
63882646
64446848
64975977
65306573
65836961
66299919
66664847
67029847
67559143
68089239
68519695
69049958
60763015
60763011
60763218
60763386
60762325
60761893
60763190
60762117
60763401
60763458
60762264
60763360
60763467
60763546
60763713
60762934
60762785
60764340
60764240
60764289
60774688
61172747
61635662
62097571
62495811
62926115
63356654
63785285
64316426
64747086
65242879
65772900
66236946
66700109
67162754
67627143
68156034
68622434
69150255
60765329
60765024
60764677
60765945
60766013
60765033
60766142
60766276
60766060
60766437
60766598
60766494
60766833
60766626
60766745
60765504
60767097
60766054
60767280
60767880
60767539
60943940
61439354
61870288
62364989
62896407
63360097
63856815
64286620
64750519
65213260
65643280
66108189
66605429
67066943
67597364
68093764
68658488
69153119
60767710
60767957
60767301
60768213
60768363
60767725
60767994
60769406
60768470
60768477
60768784
60768584
60769633
60769577
60768518
60768501
60768549
60769867
60770248
60769735
60769172
60912101
61375545
61838305
62368495
62798792
63329249
63791157
64255702
64785641
65282693
65745303
66207998
66705492
67268772
67731849
68262054
68791446
69368783
60770451
60770771
60770600
60771704
60771192
60771115
60771085
60772001
60772105
60772094
60770888
60772085
60772380
60772279
60772537
60772454
60772449
60772322
60772446
60771682
60749113
61147351
61643559
62007128
62436893
62899623
63263541
63462904
63926056
64358241
64687544
65151406
65648585
65979432
66342766
66775112
67137768
67570024
67998710
68463520
68992182
60771773
60773011
60771723
60772360
60772696
60773112
60772040
60773265
60773492
60773364
60773471
60773384
60773821
60773508
60773497
60773551
60772370
60772317
60773791
60773668
60773804
60750731
61115207
61611812
62140932
62469915
63001412
63430635
63695313
64125804
64622923
65021827
65451546
65947419
66443800
66874525
67405072
67933757
68363541
68829397
60787369
60773317
60773609
60773641
60774814
60774935
60774810
60774271
60775702
60775748
60775707
60775849
60775903
60776066
60776196
60775969
60776098
60776092
60776138
60776266
60776167
60752995
61150387
61646384
62076938
62572410
63068840
63565689
64029504
64526040
65056329
65486236
66050415
66546556
66943303
67475176
68003239
68467434
68898432
60776824
60776347
60775964
60776496
60776554
60776979
60776284
60777407
60777186
60777074
60777272
60776845
60776904
60777079
60776952
60777237
60777008
60777701
60776837
60776629
60755352
61153240
61516644
61978528
62508192
62939556
63468157
63965026
64496098
65026010
65553636
66051987
66516154
67044040
67575728
68004302
68536003
69063951
60778661
60778598
60778783
60778799
60778814
60778340
60777769
60778982
60778343
60778089
60779106
60779232
60778089
60779082
60779320
60778548
60778476
60779206
60778622
60779432
60757919
61186507
61650765
62147063
62675179
63106598
63635150
64133030
64496385
65026564
65556489
65987140
66252089
66749148
67312244
67743636
68239564
68769065
69379242
60781177
60779947
60781296
60781141
60781290
60781481
60781542
60780101
60781414
60781659
60780237
60780729
60780301
60780384
60781617
60780870
60780806
60780541
60781824
60782227
61056991
61586194
61982914
62546352
63041594
63539464
64036165
64566047
64961589
65491826
65988637
66520107
66915759
67480335
68008603
68473759
69001511
60782568
60781815
60781842
60783288
60781779
60782808
60782924
60783111
60783142
60781737
60783108
60782140
60783388
60783290
60782188
60782385
60783300
60783469
60783509
60783498
60782457
60993130
61488125
61951362
62380805
62878445
63374513
63872397
64234802
64766037
65328930
65626525
66122250
66652584
67049340
67513852
68077005
68507645
68970247
60782795
60783968
60783822
60784124
60784088
60783979
60784113
60783221
60784185
60784321
60783160
60784353
60784326
60784513
60783221
60784416
60784389
60784478
60784488
60784732
60783633
61092856
61622928
62084534
62646912
63110328
63641336
64205099
64668888
65197907
65694578
66157651
66755118
67249726
67681091
68243147
68808174
69384175
60784991
60785135
60786143
60785332
60785211
60786284
60786446
60785358
60786315
60785278
60786451
60786738
60786567
60785318
60786703
60786663
60786826
60786883
60787174
60787147
61094985
61590943
62020450
62551231
63080535
63510445
64074258
64604122
65133106
65629984
66126090
66656101
67120162
67649645
68145509
68576818
69105733
60787601
60787766
60787729
60786949
60786424
60787264
60786941
60787809
60787790
60788004
60787976
60786829
60787853
60788046
60788070
60787486
60788083
60788204
60787032
60786928
60932118
61426966
61922836
62452303
62948940
63445540
63942247
64473407
64835753
65234671
65663263
66128423
66657551
67186583
67718287
68115015
68611511
69140302
60789049
60788991
60787873
60789090
60789282
60789239
60789199
60789231
60789386
60789383
60788198
60788750
60789514
60789538
60789511
60789590
60789554
60789519
60789647
60789607
60789647
60965901
61395201
61858510
62387353
62918281
63248814
63777173
64341505
64770893
65267734
65797853
66293741
66825329
67320377
67850462
68280389
68810936
60789051
60789179
60790651
60790398
60791400
60790283
60791529
60791585
60791611
60791659
60790493
60791734
60791921
60791961
60790965
60790717
60790864
60791149
60792100
60792241
60792101
61067253
61596345
62092072
62621553
63151033
63682065
64177694
64708657
65237724
65734292
66231585
66760720
67322561
67753880
68315961
68846913
60791785
60792146
60792285
60792157
60792979
60792980
60791892
60793080
60793247
60792463
60793235
60793267
60793338
60792418
60793355
60793514
60792519
60792186
60793491
60793490
60793471
60968853
61498329
61961228
62458020
62988049
63516855
63981481
64510425
65040052
65502951
66000212
66564596
67059660
67590980
68086924
68617308
69113500
60793967
60793996
60794015
60794145
60793425
60794214
60792985
60793537
60793510
60793689
60793649
60794214
60793545
60793337
60793361
60794538
60793622
60794422
60794670
60794551
60937055
61466331
61929156
62457939
63022379
63418979
63949555
64446484
64908411
65338827
65870259
66331787
66696803
67227132
67790611
68153084
68717923
69245683
60795401
60795486
60794781
60794621
60794829
60794592
60795885
60794280
60795502
60795689
60794589
60795568
60795622
60795785
60795713
60794584
60794847
60794818
60795255
60795055
60872197
61336594
61765277
62130253
62393180
62889505
63321036
63685585
64149250
64644930
64975417
65439257
65937626
66367410
66798473
67262593
67693906
68155465
68653169
69150314
60796887
60797852
60796620
60797807
60796716
60797159
60798040
60797183
60796898
60796957
60796962
60798339
60798181
60798227
60798202
60797429
60798403
60797825
60798338
60798642
60797888
60798613
60875052
61206982
61635702
62098296
62463318
62927366
63389808
63753504
64216856
64680920
65144651
65476416
65972286
66469365
66933477
67329160
67761617
68223248
68720797
69150976
60799265
60798122
60799350
60799331
60798602
60799454
60799592
60799453
60799442
60799627
60799455
60798250
60799149
60799053
60799204
60799853
60799908
60799120
60798923
60800004
60799545
60800220
60798915
60810526
61241565
61605413
62067941
62430599
62893933
63325138
63755226
64252757
64650466
65114325
65509871
65907672
66403805
66801917
67231688
67730165
68093765
68525349
68920949
60799832
60801021
60800192
60801044
60800253
60799893
60801061
60800420
60801205
60800119
60801428
60801309
60801421
60800287
60800332
60800591
60801447
60801471
60801584
60801680
60801615
60944300
61507386
61969127
62499309
62995253
63524823
64021600
64486656
65014883
65511277
66041787
66539872
67001407
67566248
67996091
68493643
68955235
60801408
60802235
60801606
60802001
60801673
60801921
60801329
60801694
60801774
60802705
60802834
60802777
60802826
60801734
60802041
60803006
60802970
60802838
60803141
60802956
60802225
60780020
61045661
61441492
61937248
62335133
62764116
63261981
63724524
64255101
64718237
65183061
65580301
66044036
66542493
66937932
67400965
67898549
68295004
68792901
60803812
60805189
60805176
60805386
60805328
60805299
60804197
60804567
60804287
60805472
60805424
60804559
60805683
60805496
60804400
60804503
60804517
60805659
60804911
60805743
60805851
60805738
60783047
61213934
61609853
62007462
62469181
62966229
63364851
63793584
64290189
64720790
64919171
65350232
65848267
66210686
66708069
67204171
67669451
68165390
68662971
69058902
60806343
60806391
60805267
60806567
60806489
60805428
60805679
60805465
60806046
60806759
60805694
60806913
60805892
60806276
60807132
60806213
60805745
60807042
60806986
60806316
60806436
60807118
60884533
61280031
61777299
62173141
62571344
63033591
63564654
63894654
64391926
64887614
65285243
65681971
66180318
66610277
66940773
67439435
67935390
68297960
68829486
60822839
60807864
60807944
60806619
60806894
60806616
60807980
60807851
60807991
60806694
60806897
60808277
60808218
60808097
60808129
60807508
60807585
60807174
60808737
60807268
60807537
60807542
60808538
61149431
61546391
62043148
62506084
62935759
63432447
63930300
64358844
64822716
65319652
65816758
66180228
66677550
67207804
67571771
67836251
68232931
68664550
69127668
60809031
60807999
60809231
60809271
60809215
60808086
60809308
60809311
60808166
60809518
60809342
60808377
60809563
60809599
60809631
60808526
60808953
60808411
60808942
60809767
60809660
60808763
61019482
61448188
61944250
62241788
62638900
63136045
63534199
63963855
64427321
64923569
65255822
65719273
66181768
66513670
67010793
67506998
67903784
68366638
68865481
69408471
60809213
60809509
60809717
60809712
60810733
60812465
60811541
60811272
60812473
60812405
60811216
60811784
60812569
60811536
60812836
60812932
60812739
60812024
60812131
60813017
60812873
60856209
61287123
61715784
62178816
62675606
63073678
63536264
64032667
64496513
64860470
65324157
65821123
66251315
66683211
67144634
67643483
68105019
68635699
69032621
60813533
60813417
60812263
60812759
60812962
60813639
60813018
60813856
60813960
60813824
60813807
60813992
60813251
60814136
60814051
60814171
60812922
60814163
60813231
60813015
60812874
60814288
60814226
60814423
60814384
60813423
60890968
61222827
61552208
61849824
62180697
62577952
62941965
63306088
63703366
64067950
64433478
64763093
65227910
65491173
65955285
66418054
66816542
67313262
67810694
68272214
68736733
69267006
60814108
60815319
60815279
60815279
60814236
60815461
60815477
60814164
60814713
60814988
60814865
60815497
60814537
60814825
60814857
60815743
60814444
60815837
60815012
60815415
60815252
60816080
61191054
61652795
62083601
62546273
63043633
63441161
63937817
64434660
64896403
65295265
65792241
66288209
66752321
67180888
67711353
68141673
68572648
69069849
60816291
60816540
60816590
60815580
60815919
60815977
60816260
60815529
60815740
60816223
60816912
60816132
60817077
60817029
60816156
60816996
60815959
60815884
60817044
60815940
60816247
60816172
60816252
61192356
61455636
61885683
62315660
62811652
63275012
63672564
64169131
64700468
65096820
65559763
66091172
66522196
66983948
67482532
67977476
68340804
68838500
60832861
60817980
60818055
60818031
60816839
60818101
60818008
60818077
60817356
60817380
60817343
60818293
60818317
60818285
60818188
60818319
60817084
60818477
60818415
60818439
60818620
60818783
60862960
61291472
61754357
62251798
62747182
63177126
63674337
64170542
64667729
65164488
65660384
66157646
66556590
67051408
67548784
67847478
68277262
68773646
60819840
60820981
60821150
60819927
60820199
60821250
60821438
60821326
60821438
60821733
60821286
60821478
60820942
60820109
60820885
60820816
60820835
60821721
60821769
60821726
60821801
60821774
61097735
61460105
61923124
62418914
62817386
63246581
63744498
64241162
64472351
64936373
65432602
65896050
66391898
66890474
67253018
67717268
68247450
68644538
69108810
60822264
60822241
60821721
60822522
60822474
60822557
60822436
60821713
60822441
60822685
60822650
60822647
60821817
60822860
60822777
60822928
60822864
60822772
60823045
60823111
60823067
60822236
60821956
61131022
61593873
61826167
62223327
62686562
63082498
63480223
63976671
64408655
64771434
65269255
65766303
66161801
66660343
67155415
67554503
68017343
68514895
68877335
60822587
60823634
60822601
60823829
60823840
60822900
60823228
60822684
60822844
60823996
60824037
60823004
60824109
60824136
60824093
60824052
60823391
60823292
60824199
60823447
60823748
60824389
60900474
61398063
61860663
62223574
62686582
63183398
63580558
64078511
64575367
64971015
65335526
65832838
66329831
66726734
67157687
67588111
68017479
68516407
69012303
60823896
60825114
60825248
60824295
60825237
60824284
60824428
60825212
60825453
60825311
60825437
60825367
60824340
60825551
60825541
60824495
60824383
60824796
60825132
60825692
60825637
60824860
60824583
61034370
61465426
61860698
62290858
62787210
63250904
63714263
64145240
64575463
65073800
65403040
65867441
66364329
66828513
67290444
67754619
68217208
68683201
69144801
60825364
60826597
60826676
60826537
60826134
60826719
60826759
60826825
60825977
60826970
60826879
60825550
60826951
60826930
60826382
60825817
60825857
60827430
60826001
60825902
60827255
60826281
60969515
61433821
61796047
62227421
62689344
63152887
63649493
64113088
64610392
65039704
65503576
65967770
66397495
66894605
67390629
67856045
68285829
68782272
69245376
60827824
60827976
60827856
60828049
60827928
60827507
60827600
60828148
60828113
60828169
60827051
60827456
60827491
60827759
60828456
60828417
60827240
60827995
60827240
60828392
60828560
60830649
61006132
61469020
61931874
62394748
62758996
63222226
63720218
64083615
64514175
64977351
65408962
65805666
66302877
66766994
67162348
67626988
68157050
68555426
68885148
60846181
60830348
60831269
60830028
60830178
60831220
60830167
60831523
60831598
60831367
60830402
60831643
60831687
60831570
60831776
60831715
60831680
60831704
60831202
60831967
60830607
60830775
60876259
61305939
61669827
62065086
62562907
63025083
63521900
64019041
64516729
64879033
65342827
65840137
66203609
66667806
67164942
67596321
68024864
68487633
68952336
69218100
60832426
60832447
60831423
60831783
60832810
60831498
60832810
60832867
60832899
60831714
60831863
60833059
60833134
60832898
60831861
60833047
60833104
60833099
60833186
60833120
60832547
60833154
60811576
61173942
61637080
62033716
62430281
62894937
63258115
63622627
64119102
64584070
65046982
65476675
65973513
66370392
66801396
67264123
67696686
67993147
68455934
68888678
69219334
60833857
60833816
60832728
60833162
60834166
60833269
60834145
60833000
60834305
60833040
60833136
60833781
60834417
60834304
60833272
60833616
60834561
60834424
60834613
60834488
60833368
60834748
60811445
61241517
61704389
62168101
62598842
63095242
63525064
63922375
64386317
64815821
65213644
65710629
66207757
66571671
67034784
67532216
67961584
68326509
68824189
69252751
60835316
60835351
60834238
60835356
60834292
60835017
60835582
60835535
60835510
60834486
60834921
60835193
60835161
60834929
60834700
60835930
60835196
60836061
60836048
60836049
60834852
60835316
61011478
61375520
61705824
62135728
62433489
62930929
63362199
63823750
64255532
64752447
65215415
65645132
66141844
66606099
67003996
67467334
67963158
68394052
68857788
60835819
60836652
60835932
60835999
60837000
60836850
60835927
60836285
60837110
60837002
60835877
60836306
60837282
60836053
60836027
60836570
60836458
60836122
60837410
60837306
60836549
60836162
60836610
61113477
61508922
61971906
62467624
62932267
63295178
63792027
64288619
64587483
65084622
65580043
66077422
66574331
67037301
67468621
67898213
68394301
68891989
69255862
60837262
60837505
60838166
60837062
60838222
60838625
60838364
60838303
60838225
60838477
60838429
60838417
60838525
60838466
60838921
60838613
60837356
60837673
60837516
60838617
60838684
60838673
60947874
61412333
61873815
62238048
62704544
63167032
63597235
63995941
64458493
64954728
65287320
65750008
66245904
66612152
67074205
67571592
67968448
68397717
68896624
69439590
60841673
60841689
60840526
60841898
60841726
60842407
60840678
60842149
60842109
60841258
60841023
60842145
60842588
60842226
60842309
60842333
60841401
60842389
60842476
60841132
60842410
60842552
61150321
61614070
62075670
62572510
62869857
63333916
63796878
64195654
64592173
65022152
65520118
65883677
66248518
66711544
67175614
67605824
68069702
68534342
68963894
60841903
60843200
60841943
60842239
60842509
60843251
60842106
60843526
60843406
60842200
60842728
60842777
60843582
60842461
60842450
60843606
60842949
60842794
60843659
60843856
60843642
60843044
60843773
61085607
61449773
61781045
62242850
62740274
63136826
63633245
64163365
64593586
65056874
65554578
66017512
66513578
67010746
67474781
67938922
68433794
68931201
69442338
60844274
60844431
60844355
60843608
60844691
60844592
60843712
60844568
60843344
60844700
60844579
60843539
60844852
60844951
60844073
60844737
60845035
60844785
60844832
60844035
60845036
60955316
61351151
61815229
62244007
62674439
63137631
63601391
64064869
64463862
64926638
65423617
65821503
66183993
66681316
67111162
67608794
68072602
68535858
68998964
60844812
60845584
60845574
60844333
60845573
60845868
60845845
60844613
60845109
60846009
60846114
60846154
60845219
60846048
60844832
60845976
60846195
60844928
60845312
60845552
60845728
60846499
60890709
61320515
61782187
62212283
62609590
63106291
63404123
63702163
63900923
64363907
64861787
65325659
65788547
66251582
66715445
67211598
67643891
68006422
68502243
68968123
60846166
60847014
60847022
60846944
60845976
60845947
60847232
60846267
60846142
60847340
60847227
60847200
60846291
60846160
60846248
60846683
60846672
60847392
60846424
60846448
60846960
60846888
61022898
61454006
61882846
62346940
62777172
63173244
63637255
64133612
64465308
64927932
65425119
65790015
66187716
66551746
67014455
67444823
67875695
68338530
68770796
69199890
60847116
60848536
60848474
60848493
60847820
60848498
60847925
60847201
60848578
60848521
60848561
60848797
60848725
60848865
60847828
60848829
60847740
60848261
60848970
60847793
60847745
60849002
60860386
61355600
61686333
62148517
62580344
62976557
63408181
63836991
64334753
64699385
65128910
65591760
65989830
66419537
66883584
67280491
67778734
68241156
68672193
69068985
60849723
60849647
60848527
60849987
60849888
60849933
60849928
60849968
60848940
60849258
60850031
60848823
60850192
60850174
60848861
60850267
60850154
60849050
60849146
60849570
60850419
60850451
60827459
61228230
61690082
62087759
62517639
62980645
63377935
63908968
64370555
64834503
65233223
65695096
66192001
66557040
67019880
67551533
67947417
68411029
68908789
69451728
60853547
60853731
60852574
60852908
60853185
60854156
60853866
60854099
60854029
60853303
60854152
60854095
60854228
60854320
60853300
60853468
60854247
60853295
60853207
60853887
60853724
60832029
61162675
61624939
62054843
62552134
62882353
63346789
63843520
64206877
64637579
65101261
65466157
65928974
66391949
66789758
67253966
67650918
68180078
68545262
69042483
60854285
60854516
60854303
60855232
60855235
60855237
60854177
60854260
60854156
60855440
60854204
60854641
60855561
60854281
60855688
60855632
60855012
60855074
60854919
60855899
60855872
60855735
61131779
61494037
61958251
62419621
62851342
63314841
63777334
64208008
64738937
65202534
65631294
66029325
66526390
67023630
67319853
67751317
68281198
68678998
69141437
60856302
60855145
60855385
60856613
60856621
60855745
60855852
60855753
60856588
60855844
60856903
60856168
60856834
60856378
60855695
60857000
60855815
60855799
60856951
60855972
60857189
60855943
61131895
61595791
62025695
62421062
62884663
63349287
63812839
64243463
64706022
65136818
65600911
66063935
66460470
66957510
67420434
67851798
68314994
68780535
69242135
60857806
60856549
60856725
60856896
60857115
60858007
60857307
60857203
60857564
60858003
60858078
60856941
60858238
60857509
60858198
60857045
60858221
60857448
60857165
60858365
60857272
60858416
60835394
61265311
61728268
62224423
62621275
63117855
63614667
64112396
64510156
65006172
65502079
65966980
66462900
66993196
67489459
68018340
68514883
68978855
60858215
60858338
60858599
60859131
60859147
60859230
60859146
60857986
60859234
60859542
60859457
60859648
60858752
60858293
60858760
60859718
60859552
60859056
60859232
60858453
60859849
60859798
61201986
61630636
62060161
62425170
62888586
63385842
63814250
64245017
64743034
65239962
65668506
66132569
66664034
67026538
67492082
67987141
68383453
68816282
69277869
60859738
60859247
60859271
60860560
60860651
60860640
60860605
60860604
60860645
60860816
60859453
60859975
60860861
60860872
60860904
60860899
60860772
60860949
60860885
60860096
60861007
60859871
61103571
61532456
61895953
62392065
62888865
63353209
63848649
64345443
64744241
65239929
65670716
66034809
66530948
67028913
67525025
67888899
68418969
68915547
60860468
60861765
60861853
60861940
60861820
60862005
60861783
60861076
60861052
60862053
60862132
60862071
60862175
60862152
60861405
60862045
60861420
60861727
60860988
60862293
60861399
60862375
61137104
61599867
62095859
62592355
62989529
63486313
64017252
64479812
64778524
65275452
65771188
66168131
66699524
67161137
67659092
68154627
68685243
69083220
60862843
60863078
60862938
60862284
60861788
60861777
60861919
60862656
60863209
60862311
60863396
60863352
60863377
60863392
60863335
60862548
60863292
60862281
60862492
60862692
60862697
60865628
60976794
61406011
61835531
62299737
62695728
63159121
63622921
63987092
64451308
64948100
65278420
65741284
66238416
66669457
67099179
67563704
68092577
68390216
68756860
69218571
60866100
60867201
60867293
60866599
60867172
60866305
60866156
60866951
60866231
60867595
60867648
60867404
60866511
60867794
60866812
60866946
60867725
60867604
60866695
60866676
60867004
60867868
60867981
61076423
61506439
62002339
62432419
62863552
63327131
63822568
64220181
64684053
65180712
65511219
65975211
66471082
66903603
67333403
67830832
68292525
68757229
69219891
60867303
60867498
60868833
60868691
60867968
60867533
60867517
60868842
60868942
60869017
60868993
60869088
60869341
60868995
60869070
60869014
60869089
60869086
60869177
60869158
60868413
60868256
61210269
61707417
62104009
62565848
63097049
63460804
63925116
64421084
64817452
65249513
65711102
66208086
66606350
67102137
67599598
68030513
68492393
69024097
60869138
60869921
60870170
60869910
60869177
60870258
60870277
60869799
60869569
60869385
60869348
60869132
60869172
60869366
60870501
60870511
60870514
60869814
60870645
60869634
60871009
60870132
60869030
61145866
61608496
62039640
62469411
62899118
63363227
63825520
64156922
64621936
65117642
65514311
66012699
66475560
66939731
67368395
67866960
68329779
68728352
69190296
60871250
60870022
60870601
60870574
60870083
60871283
60870281
60870785
60870617
60870817
60870476
60871510
60870486
60870641
60870846
60871766
60870550
60872021
60871986
60871850
60871898
60871121
60981111
61445652
61807916
62305268
62768588
63231199
63628430
64159311
64655271
65051598
65383139
65913387
66409315
66874620
67336564
67833750
68264748
68729308
69225220
60872465
60872457
60872440
60872611
60872702
60871990
60872605
60872178
60872789
60871573
60871624
60873068
60872961
60871597
60872280
60873081
60873097
60871891
60873208
60873193
60872997
60872525
61015674
61379259
61842289
62305132
62768303
63266117
63695429
64226469
64590063
65085762
65550794
65947394
66443709
66941802
67304140
67801732
68297751
68829613
69258565
60872883
60872950
60873806
60874097
60874074
60873137
60874095
60874039
60874265
60874242
60874237
60873730
60873532
60873465
60874402
60873238
60874359
60873132
60873849
60874474
60873337
60874741
61115835
61580211
61975866
62372843
62802930
63266488
63663874
64062566
64558753
65022251
65451758
65882781
66378549
66843126
67338742
67804417
68200731
68664352
69194611
60875154
60875138
60873969
60874442
60875526
60875472
60874402
60875749
60875568
60875455
60875023
60875723
60875691
60874666
60874885
60874997
60875850
60874695
60875856
60875800
60876357
60875445
61018346
61449572
61879044
62274943
62771276
63168555
63632167
64128775
64526476
64989316
65486687
65917172
66315068
66744894
67240862
67541247
67936770
68399574
68897263
60875397
60875979
60876663
60876771
60876650
60876255
60876875
60876874
60875570
60876926
60875706
60876149
60877203
60876887
60877135
60877146
60876271
60876306
60875986
60875858
60877395
60877422
60854595
61218172
61681204
62177018
62408145
62805684
63302461
63700866
64130509
64628080
65057269
65487783
65984658
66448789
66845893
67242295
67640551
67971720
68335098
68800741
69163332
60876543
60877399
60878100
60878490
60876956
60877031
60877402
60877509
60877109
60878302
60878234
60877050
60880415
60881624
60881059
60881615
60880941
60881950
60881800
60881058
60880789
60882035
60926258
61322110
61819218
62281546
62711199
63174919
63671409
64036098
64500498
64962465
65361247
65724023
66220799
66652271
67082951
67579143
68076279
68505991
68970623
60881529
60882777
60882868
60882825
60882248
60882897
60882980
60881816
60881675
60882254
60882424
60883129
60883467
60883078
60883161
60882014
60882478
60883257
60883348
60883372
60883340
60882891
60883476
61191137
61587965
62084922
62513522
62912053
63374589
63904981
64367573
64666159
65129970
65626053
66025029
66487941
66983882
67381781
67846170
68307749
68739268
69036916
60884169
60883984
60884037
60883983
60884034
60883436
60883329
60883476
60883114
60884339
60884312
60884320
60884458
60884418
60884475
60884651
60883071
60883746
60883170
60884648
60884571
60884133
60884651
61192360
61655146
61987080
62449824
62946296
63309387
63772990
64269856
64700469
65165459
65661427
66158403
66489051
66951994
67482131
67913579
68276026
68773530
69303891
60884366
60885274
60885237
60885328
60885368
60885276
60884743
60885527
60885590
60885447
60884951
60885631
60885714
60885771
60884618
60885631
60885799
60885878
60884578
60884855
60884746
60885971
61227960
61623571
62086496
62583588
63014532
63443779
63974756
64437660
64834179
65298814
65796209
66125929
66589736
67020793
67417497
67880664
68376624
68809214
69270873
60885896
60885790
60886583
60886658
60886623
60886722
60886124
60886913
60886678
60885726
60885673
60886809
60885737
60886991
60887015
60886910
60887138
60887127
60885886
60887089
60885985
60886305
60996849
61393311
61856174
62253282
62716398
63212994
63610490
64075266
64504829
64934743
65366602
65796356
66292453
66724562
67187402
67650548
68081634
68579258
69008081
60905140
60886775
60888042
60888011
60887210
60888059
60888128
60887242
60887996
60886930
60887359
60888275
60887175
60888315
60887586
60887786
60888520
60887229
60887263
60888619
60887802
60887343
60888712
61163451
61494101
61991046
62486897
62849925
63346425
63811286
64274169
64737841
65235649
65598037
66062137
66558445
67089441
67453161
67949313
68445222
68843741
69306581
60887833
60888281
60889353
60889330
60888196
60889432
60888213
60888690
60889651
60889603
60889539
60888986
60889991
60888327
60889792
60888751
60888887
60889799
60889979
60889314
60889818
60888919
60934293
61230859
61660635
62123812
62454019
62884348
63381249
63778483
64011729
64308569
64771923
65103011
65566419
66097708
66527492
66991676
67486332
67918964
68347435
68845148
69488449
60889368
60889558
60891011
60890712
60890787
60890768
60890299
60890144
60889888
60889875
60891246
60891287
60891070
60891204
60891236
60891056
60891206
60890051
60890291
60890440
60891428
61001621
61364172
61794181
62291549
62787805
63150860
63647711
64145368
64576181
65070948
65602021
65966805
66428477
66925589
67388604
67688837
68150388
68648012
69046021
60891294
60891388
60892021
60890877
60890885
60892002
60890962
60891074
60891106
60890906
60891120
60891050
60891055
60892256
60892279
60891298
60891399
60891191
60892539
60891706
60891703
60869972
61134043
61629916
62126324
62489617
62953020
63451481
63914444
64378044
64841801
65338641
65702393
66166377
66630569
67060431
67557572
68020700
68450372
68913692
60908031
60893152
60893117
60893215
60893202
60893166
60893415
60893247
60892151
60892522
60892279
60893587
60893496
60893504
60893471
60893728
60893739
60893699
60893650
60892503
60892591
60893887
61004122
61467466
61896994
62193242
62657044
63154613
63552146
64014501
64478137
64875063
65307098
65702657
66166527
66564527
67028655
67526130
67888511
68351682
68850223
69245775
60894324
60894887
60894485
60893660
60893807
60893823
60893879
60894752
60893791
60894859
60898691
60897493
60897858
60897895
60897914
60898575
60897649
60898782
60898757
60898014
60898270
60898941
61041252
61471104
61968277
62462776
62893069
63391003
63820331
64318235
64813981
65277853
65740501
66271966
66768051
67265043
67761758
68258430
68655597
69185902
60899328
60898512
60898544
60898200
60899532
60899417
60899384
60898152
60899667
60898584
60898608
60898888
60898848
60899785
60899664
60898896
60899920
60899830
60900048
60898841
60900151
60898945
61043738
61506742
61969726
62432366
62894659
63392345
63821924
64352740
64849596
65279113
65776177
66272057
66769484
67266433
67762625
68226633
68691265
69186129
60899751
60899642
60899858
60899818
60899968
60899920
60900925
60899533
60899610
60899701
60900896
60900328
60901184
60900299
60901032
60901174
60901177
60900424
60901182
60901117
60900061
60901341
61011641
61440526
61937423
62432282
62929687
63327311
63789831
64320655
64751268
65214159
65710055
66207464
66704407
67234327
67731831
68128500
68625079
69120764
60901015
60900708
60900684
60900748
60902053
60902085
60901956
60900884
60902253
60902256
60901380
60901487
60901626
60901800
60900975
60901050
60902515
60901527
60901716
60901964
60901740
60901719
60945852
61343998
61772475
62236942
62665901
63163379
63659075
64156779
64553214
65016318
65446946
65878155
66275779
66773019
67201491
67599957
68062715
68559010
68991283
60918365
60903303
60903609
60902494
60903574
60902745
60902878
60903030
60902834
60903588
60902526
60902958
60903698
60903673
60902742
60902585
60903977
60903750
60903998
60903118
60903444
60903270
61013196
61510611
61973523
62369058
62833523
63330043
63825395
64158051
64653658
65117755
65547731
66044582
66540250
66971403
67467846
67965699
68395779
68793066
69323251
60904784
60905135
60903511
60903535
60904962
60904786
60904818
60904263
60905047
60904999
60904944
60905131
60905099
60905117
60905192
60905104
60905128
60905315
60905359
60904119
60904543
60904327
61312043
61776232
62204520
62702496
63198968
63596424
64060112
64555992
65018568
65482495
65913562
66376128
66807792
67304392
67734543
68098154
68597080
69091738
60905099
60905846
60904870
60906039
60905353
60905198
60906266
60904857
60906250
60906062
60906390
60906199
60904953
60904990
60906434
60906394
60905409
60906602
60906439
60906530
60905302
60906658
60906622
61181416
61644206
62106896
62536870
62934692
63432609
63927211
64192995
64656988
65120609
65583291
66015201
66476680
66909241
67304779
67836385
68331451
68729704
69258643
60906823
60906444
60907373
60907469
60906212
60907308
60907397
60906583
60907584
60907731
60906308
60906911
60906676
60906780
60907708
60907837
60907709
60907727
60907767
60907850
60906631
60907928
61215714
61711960
62141152
62604544
63101472
63597984
63996597
64492437
64955256
65354070
65849885
66346048
66711064
67239742
67737512
68200280
68664872
69194934
60908409
60907238
60907817
60907574
60908526
60908081
60907478
60908834
60908201
60908150
60907974
60908345
60908994
60908895
60908201
60908878
60909093
60907721
60909062
60908638
60909249
60908673
60909167
60909201
60909326
61084731
61448721
61646825
62010775
62342013
62639537
63004319
63467564
63930124
64393794
64890711
65421890
65818393
66314305
66845882
67208652
67740122
68234900
68666569
69130426
60910051
60909969
60909521
60910188
60910263
60910176
60910200
60910116
60908991
60910376
60910384
60910735
60910388
60909140
60910672
60909244
60910672
60910640
60909983
60910058
60910175
60910709
60953957
61416991
61912588
62277026
62807231
63302444
63766298
64130906
64627722
65058474
65355730
65752402
66249714
66681042
67210898
67674306
68136753
68668794
69163842
60911134
60910243
60910094
60910451
60911439
60911514
60911511
60910233
60911406
60911489
60912001
60911612
60911518
60911762
60912070
60911606
60910497
60911911
60911914
60912005
60911382
60910878
61286207
61649617
62145679
62641916
63072263
63569410
64098714
64596938
64926394
65423121
65920313
66318079
66617055
67111906
67610383
68007111
68468782
69000695
60911529
60912624
60912583
60912497
60912732
60912789
60912923
60912042
60912912
60912944
60912939
60912130
60911954
60913051
60911930
60912461
60912226
60912266
60913283
60913583
60912831
60912639
61055675
61453183
61886361
62416628
62878814
63243099
63673835
64171599
64567787
65030854
65528991
65958700
66389711
66886215
67316807
67549732
67912663
68409391
68774380
69236350
60918189
60918210
60918106
60918202
60917097
60918419
60918325
60918408
60917583
60917834
60917844
60918523
60917279
60917268
60917532
60918570
60917776
60917715
60918752
60918690
60918714
60896050
61360071
61821865
62218215
62683063
63179535
63642196
64072668
64569241
65065228
65463121
65928282
66423217
66821140
67316898
67782514
68244252
68676874
69172826
60918483
60918684
60918857
60918932
60919423
60918999
60919023
60919742
60919578
60918858
60919824
60919733
60918853
60919218
60919931
60919775
60919799
60919984
60919927
60919930
60919911
60920138
61063723
61526837
61922252
62418364
62881716
63311833
63808884
64339637
64737266
65199874
65695791
66193424
66590781
67086807
67584287
68047351
68509855
69041914
60919678
60920669
60920612
60920805
60920884
60920751
60921058
60921095
60921102
60921083
60921234
60921155
60921195
60920258
60919943
60921232
60921315
60921322
60920063
60921462
60920898
60920143
60965660
61394515
61857515
62255449
62651171
63147643
63545603
63875803
64372616
64902921
65201048
65565985
66061640
66525680
66955761
67451536
67917152
68378920
68877697
69339865
60921945
60920696
60920763
60922132
60920811
60920894
60920835
60921459
60921185
60922445
60921567
60921241
60921217
60922230
60922742
60921577
60922391
60922358
60922606
60922583
60922462
60934045
61362998
61826747
62255515
62751654
63150227
63612638
64110324
64506990
65004067
65466870
65897819
66393630
66925115
67421132
67720107
68215996
68712582
69044235
60922085
60923311
60923348
60923619
60922043
60922715
60922155
60923495
60923476
60922353
60922420
60923599
60922785
60922366
60923711
60923006
60923047
60922484
60922681
60923913
60923183
60923863
60923025
60900801
61363899
61695643
62124302
62621195
63051259
63514884
64011470
64542635
65004230
65535515
66031332
66429300
66925091
67421307
67852451
68315235
68847275
69342091
60924553
60924646
60924150
60924749
60924673
60923358
60924662
60924196
60924870
60923478
60924994
60924954
60924911
60924222
60924420
60924388
60924415
60923937
60924070
60924553
60925255
60925342
60942534
61284490
61782044
62244180
62641205
63137933
63669288
64032555
64462341
64993419
65389925
65787906
66217856
66749131
67046763
67542659
68007035
68370081
68835371
69331139
60944076
60945369
60945385
60945615
60945642
60944610
60945817
60945713
60945847
60944943
60945917
60944884
60946044
60945344
60945210
60944890
60946093
60946227
60946179
60946181
60945544
60945405
61121798
61519042
61915727
62379106
62809357
63206370
63704469
64200182
64532718
65028593
65459489
65857297
66219739
66718281
67180455
67543897
68007987
68470707
68836387
69365516
60946842
60947547
60947577
60947662
60946649
60946720
60947345
60947994
60948132
60948219
60947996
60946833
60948189
60948429
60948311
60948300
60948369
60948544
60948571
60948321
60948034
60948929
60991912
61388606
61785398
62249359
62678742
63109495
63473751
63970816
64366927
64731519
65228632
65658559
66056400
66553408
67049360
67479192
67878696
68373872
68772010
69202896
60949419
60948781
60948459
60948208
60948739
60949899
60949967
60949372
60949151
60948935
60949037
60949658
60950219
60950302
60950320
60949413
60950984
60951043
60949382
60949710
60951169
60950071
61193691
61688391
62218567
62615511
63112559
63609247
64071682
64535546
65031722
65561410
65992634
66522482
66985426
67415266
67945601
68474674
68939642
69549597
60951481
60950304
60950325
60950227
60951532
60950328
60951545
60951528
60951832
60950600
60952159
60951857
60952057
60950940
60951419
60952006
60950904
60950895
60952225
60952188
61160533
61590557
62120653
62549533
62979687
63443343
63972965
64502720
64868643
65364552
65861184
66193104
66689112
67218272
67450849
67814904
68378072
68808232
69337570
60952956
60953066
60953090
60953253
60952498
60953233
60953290
60952116
60952001
60953241
60952757
60952126
60952686
60952563
60952494
60952318
60953937
60953642
60952766
60952430
61195099
61559064
62054847
62583703
63048135
63511408
64008325
64538437
64967829
65497938
66027941
66424634
66923179
67384642
67815962
68247123
68776426
69339810
60954185
60952893
60953314
60952826
60954771
60954372
60953651
60953755
60953854
60954149
60954616
60953485
60953826
60954755
60954770
60953871
60954704
60954963
60954872
60954902
60955349
61296175
61793104
62189688
62686184
63214544
63679475
64176067
64638770
65068298
65532298
66062714
66526587
66891547
67386082
67917211
68347419
68844122
60954481
60955735
60954591
60955167
60955952
60955888
60956083
60955895
60956114
60955127
60956195
60955001
60956047
60955504
60956323
60956288
60955114
60961256
60960188
60960402
60960244
60938831
61335148
61831438
62328567
62823550
63320003
63816782
64313174
64843222
65274182
65804231
66334335
66830606
67293246
67824844
68352612
68851471
69379220
60961774
60960827
60960585
60961826
60961756
60961100
60960823
60962018
60961284
60961271
60960743
60962108
60961002
60961585
60962272
60962682
60962140
60962478
60961645
60961071
60973017
61369423
61700084
62162860
62658869
63023052
63554599
64084340
64480159
64976951
65539644
65937596
66467077
66963988
67493973
67924116
68453036
68983975
69347516
60962372
60962106
60963203
60963299
60961978
60963389
60963290
60963322
60963383
60962683
60963502
60963526
60963625
60962435
60962418
60963705
60963809
60963655
60963632
60962375
60962314
61172063
61503268
61998524
62494837
62958164
63522840
64051327
64482395
64944955
65475069
66038278
66434749
66965093
67528374
67892454
68389526
68920222
69562342
60964616
60964471
60963643
60963334
60964553
60964701
60963504
60964643
60964922
60963963
60964101
60964237
60964808
60964281
60964953
60963910
60965041
60965145
60965326
60964419
60942604
61405648
61736003
62231664
62761408
63224736
63755889
64252507
64748123
65145174
65674956
66172075
66601990
67132214
67662702
68126652
68656092
69186348
60964993
60965969
60964723
60965342
60965939
60966289
60966330
60966396
60965126
60966158
60966326
60965390
60966501
60966541
60965745
60965993
60965694
60966665
60965894
60965849
60966685
61076246
61539474
62035335
62464917
62896432
63391709
63823501
64319869
64749748
65280821
65643396
66074237
66537100
67068637
67498349
68028909
68457381
68922072
60982437
60967295
60966362
60967429
60966416
60967701
60967788
60967724
60967069
60966568
60967928
60967742
60968027
60967893
60967336
60967193
60967853
60967885
60966992
60966957
60967965
60967115
61277465
61805545
62335617
62732577
63227880
63757553
64222511
64685174
65216362
65644985
66175148
66705385
67168570
67699882
68227665
68758546
69188122
60969150
60967934
60969187
60969043
60969235
60968100
60968351
60968447
60968455
60968426
60968759
60969327
60969331
60969314
60969389
60969658
60969604
60968481
60969879
60969671
60969651
61245930
61674460
62104149
62567095
63064738
63462066
63957354
64422338
64919202
65414932
65945013
66407818
66872405
67401084
67898442
68394482
68893234
69355023
60969462
60969100
60969652
60969593
60969841
60969705
60969681
60970601
60969630
60970754
60970559
60970759
60971054
60969913
60969815
60969921
60970957
60970930
60971072
60970965
60981639
61444173
61908266
62338490
62867626
63397250
63793513
64257257
64788266
65217921
65713745
66245018
66640964
67139058
67669546
68198426
68461962
68926380
69569696
60971800
60971926
60970589
60971810
60971953
60971976
60971980
60972376
60972068
60972084
60971282
60971509
60971301
60972089
60972120
60972174
60972198
60971106
60971149
60971173
60982723
61478260
61974588
62305395
62802625
63298008
63728406
64160142
64655950
65185385
65583822
66079656
66608529
66973585
67436603
67967297
68429923
68861512
69358150
60972134
60972844
60971662
60972457
60973026
60973109
60971852
60972319
60972401
60973351
60972724
60973365
60973384
60973336
60973392
60973445
60972239
60973441
60973474
60972089
60973733
61183343
61612704
62107964
62505007
63002377
63431953
63929498
64459161
64855602
65352639
65816674
66147271
66610500
66943218
67371892
67837313
68265922
68764786
69160348
60973250
60973198
60974249
60973487
60973447
60974228
60973271
60974598
60974638
60973308
60974092
60973756
60974584
60974814
60973738
60974580
60974714
60974118
60974827
60974039
60973908
60974156
61085353
61548621
62043554
62474181
62969413
63399805
63863287
64327216
64824072
65322053
65718781
66214992
66679019
67075703
67572039
68103125
68564842
69063653
60974371
60975780
60974630
60974584
60975895
60975285
60976112
60976029
60975389
60976141
60976304
60976366
60976398
60976655
60975478
60976239
60976344
60975650
60975493
60975698
60975997
61085804
61582051
62011496
62541814
62972174
63467481
63767046
64163705
64627152
65057209
65520673
66019046
66514870
66978016
67473854
67972382
68401043
68898686
69394683
60976397
60976371
60976382
60977364
60977147
60977436
60977372
60977505
60977481
60977462
60976268
60977750
60977782
60976561
60977693
60977589
60976650
60977639
60976551
60977950
60977851
61219633
61715540
62145314
62608092
63138258
63568698
64066690
64528753
65059514
65523378
65986130
66481946
66913140
67408988
67775426
68139170
68669778
69098588
60977504
60978321
60978332
60977264
60977225
60977299
60978666
60977240
60978561
60977832
60978756
60977445
60978057
60978872
60978198
60977744
60978003
60977798
60978976
60979076
60977696
60989387
61353172
61784431
62278591
62775722
63140042
63603503
64134271
64630231
65026665
65557831
65988767
66384313
66915719
67278353
67709511
68238380
68737388
69200228
60979727
60979797
60979052
60978829
60979407
60979903
60980202
60979162
60978893
60980313
60980265
60980259
60980393
60980214
60980297
60978919
60979618
60979581
60980584
60980400
60980532
61090148
61486780
61949434
62412417
62908893
63306257
63835978
64233378
64665490
65160165
65658274
65955897
66418500
66948845
67379162
67776834
68307082
68803474
69234626
60981166
60981289
60980146
60980322
60979986
60980461
60981623
60980345
60981481
60980411
60981333
60981751
60985557
60986725
60987067
60985907
60987029
60985912
60987140
60985781
60987043
60997733
61395095
61856892
62354279
62750057
63213545
63743329
64173908
64604593
65100404
65565463
65996399
66491116
66989519
67386263
67916735
68445655
68877207
69305985
60986915
60987693
60987658
60987712
60986468
60987861
60987914
60988001
60987044
60986911
60987922
60987895
60988029
60988214
60988254
60988133
60988061
60987383
60988196
60988427
60988430
61064593
61560591
61990258
62420223
62884083
63380359
63744431
64175314
64706192
65200919
65665968
66128743
66592800
67123048
67552800
68049375
68577911
69009695
60987694
60987516
60989008
60987775
60989004
60989458
60988948
60989554
60989155
60989375
60988244
60989367
60987953
60989113
60989255
60988793
60988572
60988140
60989528
60989348
60988450
60988663
61265722
61727474
62158282
62554722
63084605
63514517
63977285
64441103
64905933
65335460
65732851
66229487
66527293
66891901
67387784
67885424
68315023
68846861
69276781
60990299
60989332
60990972
60990685
60991017
60990688
60990714
60989913
60990236
60989564
60989944
60989887
60989821
60991118
60989797
60991037
60989738
60989943
60990031
60991230
60990623
60969523
61332138
61828186
62224698
62722434
63185922
63582130
64080106
64509890
64906466
65437562
65800938
66265154
66695116
67159194
67655409
68119394
68648418
69079698
60990769
60991980
60992017
60992112
60990800
60992127
60992277
60992250
60992378
60991502
60991579
60991499
60991200
60991308
60991350
60991123
60991320
60991275
60992529
60992735
60992636
61002879
61432445
61796501
62192733
62556541
62854725
63384747
63815027
64311907
64710516
65139197
65571124
65967835
66496678
66862934
67258611
67755843
68153932
68583716
69015292
69591183
60991863
60993209
60992668
60993491
60993315
60993945
60993438
60992465
60993569
60993483
60993719
60993743
60993898
60992433
60992910
60992566
60993161
60993315
60993182
60993243
60972366
61402072
61898116
62326902
62823180
63352979
63684270
64181907
64677822
65108539
65538323
66036107
66531043
66995470
67458403
67988923
68452668
68917372
69378894
60994601
60994742
60994752
60994827
60994690
60994779
60993634
60994007
60994979
60995040
60994260
60993823
60995120
60994927
60995242
60994263
60995323
60995304
60995270
60995334
60994095
61203711
61733495
62163688
62625226
63122746
63553106
64049647
64580735
65042679
65572455
66069394
66565330
66996976
67459207
67989943
68353335
68817887
69346975
60995702
60995686
60995790
60995975
60996079
60996213
60996118
60996152
60995958
60996055
60995097
60996151
60996255
60994875
60995454
60995323
60995694
60996370
60996294
60996428
60995107
61105712
61602019
62031715
62494835
62991163
63522630
64018468
64447931
64944579
65375595
65871420
66368331
66799403
67295491
67827155
68255683
68786532
69283603
60996979
60995897
60996206
60996046
60997373
60997375
60997509
60996209
60996550
60996489
60996622
60996809
60996774
60996929
60996686
60997678
60997004
60997877
60997735
60997861
60997893
61305914
61768392
62297899
62795229
63257659
63788389
64184907
64681595
65178760
65641320
65941272
66437168
66933291
67362880
67861624
68356611
68888024
69382920
60997523
60997670
60997887
60998436
60997283
60997801
60998467
60998556
60997592
60998673
60998689
60997940
60998753
60998793
60998876
60997984
60998024
60998166
60999004
60997776
60997843
61339867
61703283
62166459
62662225
63092507
63591090
64087522
64516705
64947354
65445390
65941464
66305000
66803350
67331062
67696339
68192296
68689957
69086749
60999720
60998422
60999715
60998820
60998932
60999239
60999859
60999926
60999275
60998711
60998751
60998842
61000086
60998887
60999279
61000295
61000316
61000189
61000341
61000398
61000218
61000352
61143055
61673104
62102943
62532720
62961751
63425329
63956145
64286289
64750441
65280401
65643649
66107985
66603769
67102178
67530529
67996273
68490801
68889697
69352193
60999977
61001043
61001088
61001193
61000226
61000293
61000096
61000098
61000279
61000522
61000165
61001738
61000642
61000733
61001673
61001654
61001737
61001654
61000498
61001731
61001683
60978894
61409931
61905947
62301227
62764842
63261386
63691885
64155506
64652283
65115258
65545938
66011171
66540179
66905139
67366725
67897227
68360139
68759763
69221426
61002109
61001690
61001762
61001626
61001754
61001850
61001714
61002828
61002745
61002820
61001648
61002846
61002746
61002956
61003041
61003294
61002911
61002126
61002366
61002075
61002331
60980463
61443013
61839946
62337003
62866419
63395995
63858578
64389395
64851826
65383171
65812067
66276883
66739827
67169659
67634058
68096898
68526682
69057426
61002441
61003634
61003788
61002751
61002652
61004011
61003947
61004070
61003143
61003458
61003330
61004318
61004227
61004193
61004136
61003040
61003312
61004575
61003093
61003608
61003699
60982243
61378496
61841519
62337632
62834168
63297242
63760786
64224394
64688691
65185491
65550051
65979698
66508699
66973299
67402659
67901411
68396467
68860683
69323931
61005267
61005160
61005204
61005335
61005143
61005278
61005304
61005507
61004757
61005699
61004640
61005746
61005588
61005759
61004451
61004635
61005867
61005840
61005699
61004531
61004944
61149491
61612550
62108470
62536952
63034558
63530784
64061542
64491398
64953958
65452134
65881918
66377784
66876206
67304737
67803422
68332374
68763814
69259846
61006516
61006660
61005597
61006679
61006655
61005542
61006118
61006217
61006351
61005714
61005754
61007094
61007240
61007055
61007075
61007034
61007072
61007251
61005967
61007264
61007500
61116438
61612782
62076812
62539532
62935772
63365953
63863868
64259990
64723841
65221073
65683456
66147699
66643524
67107851
67604857
68036177
68497979
68962409
69425140
61007025
61006550
61007049
61006823
61007543
61007183
61007245
61007324
61008227
61007930
61008136
61007517
61007471
61008442
61007586
61008514
61007226
61008574
61008627
61007383
61008517
61316493
61747298
62242355
62772051
63235243
63698883
64228750
64659195
65123224
65586315
66083032
66413830
66912056
67407952
67838227
68341088
68871696
69267307
61015064
61015101
61015131
61014138
61015365
61014530
61015170
61015202
61015242
61015711
61014343
61014210
61015574
61014853
61014677
61014794
61015642
61014504
61015782
61015718
61015149
61016240
61026129
61424032
61852665
62249369
62547050
62977308
63442082
63639857
64036841
64334913
64566849
64931161
65328829
65726786
66124666
66453970
66885300
67249114
67647034
68011157
68408722
68905437
69400945
61015597
61016823
61016571
61016050
61015523
61016749
61015808
61016744
61015970
61016901
61017408
61017117
61017095
61016061
61017126
61016984
61016317
61016954
61016333
61016453
61017259
61017333
61061678
61490488
61987424
62482447
62979123
63409250
63907016
64436728
64833194
65331352
65859264
66290272
66788400
67316256
67780447
68276463
68773965
69269925
61017615
61016932
61017231
61017843
61017992
61016848
61017135
61017429
61018213
61018292
61017106
61017051
61018163
61017104
61018334
61017445
61018827
61017544
61017221
61017386
61018432
61017792
61018657
61161221
61590939
62054779
62351582
62615771
63013419
63510731
63840962
64338851
64768413
65199419
65661907
66159358
66489773
66987085
67449853
67848390
68312067
68808379
69271293
61018427
61019265
61019426
61019441
61019269
61018648
61018514
61019459
61019550
61019413
61018930
61019804
61019552
61019677
61019573
61018901
61019884
61019779
61019699
61019232
61019894
61020036
61018741
61129261
61459892
61890012
62386474
62849543
63180391
63611021
64008237
64372165
64704026
65232706
65630530
66095690
66590333
67087575
67616466
68147156
68677146
69074471
69618618
61020694
61020070
61020834
61019700
61020796
61020241
61020937
61020994
61020873
61019954
61021200
61020441
61019881
61021076
61021165
61020657
61020119
61020329
61021352
61020462
61020137
61021289
61064773
61528275
61957622
62453485
62983110
63446558
63977174
64472528
65002438
65466358
65997689
66526713
66990180
67485617
68015982
68478822
68812393
69275369
61020605
61021949
61022041
61022095
61020707
61022222
61022271
61020827
61022263
61022512
61022331
61021142
61022480
61021473
61022383
61022487
61022881
61021723
61021310
61021449
61021366
61021918
61022733
61021561
61165481
61529065
61991692
62390030
62752883
63216038
63646608
64143758
64540200
64970744
65401822
65831344
66296566
66659344
67124494
67586022
68050361
68513809
68944904
69374646
61023368
61023431
61023790
61022286
61023527
61022718
61023658
61022633
61022561
61023542
61023749
61023655
61022985
61023662
61023635
61023905
61023911
61023876
61023967
61024063
61024137
61022689
61023993
61024118
61023692
61024440
61001898
61333382
61663110
62026198
62357221
62787214
63218894
63648293
64078832
64508486
64972285
65436368
65799981
66132950
66429224
66794358
67192126
67488493
67853702
68284726
68680142
69012752
69343285
61024988
61024867
61024281
61025090
61025221
61024509
61025014
61025542
61025282
61024025
61025317
61024110
61024441
61024575
61024260
61024284
61025619
61025757
61024329
61025668
61025768
61024596
61024508
61024532
61025808
61025920
61026079
61025273
61024937
61201523
61631457
62062092
62491007
62954425
63384628
63782156
64280047
64743919
65106271
65571383
66034286
66430863
66895078
67392255
67855463
68318361
68815711
69312218
61025975
61026890
61026736
61026666
61025849
61025833
61026609
61025919
61027030
61026864
61026193
61027067
61025716
61026297
61027024
61025892
61025922
61027132
61027211
61026132
61027169
61027350
61027307
61071832
61500363
61963347
62227684
62658828
63121004
63486436
63884004
64379356
64844468
65240427
65705076
66202052
66531547
66996828
67458772
67823910
68253443
68751318
69147894
61026745
61027970
61027972
61026825
61028274
61028213
61028321
61028357
61028336
61027505
61028398
61028354
61028581
61027196
61027849
61027281
61028015
61028602
61028465
61027505
61028013
61027484
61027532
61072000
61501906
61899325
62229161
62659130
62990660
63255378
63487306
63818444
64149652
64314898
64647418
65010433
65342970
65739026
66103558
66367790
66767031
67163791
67461367
67825601
68222198
68553879
68884927
69283031
61029258
61029635
61028860
61028511
61029165
61029585
61029768
61028946
61029900
61028866
61028739
61030090
61030015
61029141
61029824
61030107
61029988
61030008
61029424
61028923
61029006
61030158
61028915
61029408
61029083
61030304
61030408
61040546
61471713
61900356
62329842
62727165
63225122
63687509
64085213
64548794
65045946
65476690
65939709
66402269
66833482
67330322
67628106
67959710
68257794
68620285
69052462
69317522
61030558
61031260
61029767
61030066
61030343
61031631
61031436
61030189
61031515
61031606
61031566
61030890
61030408
61031602
61030437
61031599
61030544
61031304
61031610
61032047
61031501
61031906
61030830
61030765
61030978
61032122
61274512
61704392
62067192
62397915
62860911
63357696
63721848
64153640
64617456
64946928
65378872
65808584
66205426
66636024
67066087
67529187
67895400
68358312
68821627
69218504
61031779
61031364
61032784
61032561
61031795
61032995
61031598
61031561
61032764
61032882
61031748
61033009
61032001
61033120
61032956
61033137
61032353
61033189
61033009
61032753
61033217
61033146
61033384
61044067
61441414
61738209
62134576
62597689
62994720
63358977
63756331
64153953
64518801
64784337
65047830
65346156
65577996
65908732
66274201
66537428
66869411
67266188
67563806
67962452
68326841
68689748
69021740
69319275
61034441
61034147
61033912
61033467
61034354
61033307
61033094
61032937
61034198
61034214
61034437
61034817
61034579
61034584
61034535
61034591
61034605
61034623
61034706
61034542
61034888
61034941
61034884
61033625
61034897
61033740
61035062
61035026
61033836
61035145
61034967
61035222
61034193
61034297
61034415
61343039
61740064
61971171
62402584
62831464
63162552
63593330
64055896
64453482
64917318
65381203
65811032
66208939
66671694
67103037
67499841
67963886
68459798
68825198
69321694
61035894
61036074
61034999
61035330
61035151
61034943
61036324
61035518
61036372
61035072
61035553
61036154
61035490
61036325
61035165
61036523
61035402
61035695
61036655
61036724
61036590
61036600
61035799
61378729
61841681
62238258
62635034
63031093
63395418
63826106
64289709
64654413
65052187
65481963
65912118
66309422
66673358
67170454
67601331
68031532
68461329
68927003
69355675
61037213
61035809
61036708
61037223
61036348
61036759
61037370
61037428
61037541
61036748
61036405
61037487
61037127
61037659
61036594
61036605
61036986
61037114
61037034
61037735
61037015
61038016
61037079
61036896
61015734
61378929
61775374
62238353
62636382
63065430
63495953
63827515
64258019
64689892
65052252
65352148
65682796
66046310
66376867
66808068
67237852
67703468
68133252
68563036
68960267
69291180
61038499
61037979
61037577
61038802
61037942
61037590
61038107
61037689
61045073
61045728
61044774
61045829
61045853
61045225
61045815
61046029
61044902
61046018
61045217
61045124
61045846
61046231
61045230
61044916
61046060
61046300
61045071
61046382
61188636
61619927
62048337
62511498
62974607
63438126
63935879
64299217
64764103
65225831
65623457
66021386
66518535
67015703
67412503
67875626
68371581
68836292
69332121
61046107
61046794
61046122
61046496
61047121
61046184
61047193
61047284
61046086
61047144
61046235
61046456
61047383
61046381
61046512
61046894
61047468
61046749
61047657
61046725
61047104
61047804
61046301
61091267
61488004
61950759
62415069
62876879
63274132
63771167
64234479
64666595
65162491
65659347
66089606
66551906
67049266
67545234
67910178
68406533
68903746
69234499
61047439
61047807
61047290
61047394
61048633
61048446
61047031
61047698
61047911
61047466
61048698
61048790
61047991
61048743
61048822
61048765
61047706
61047661
61049009
61047717
61048963
61049068
61048151
61390127
61852829
62249557
62746611
63243659
63706221
64204054
64666816
65162584
65560200
66057499
66554446
66918491
67414248
67911619
68407576
68807182
69336158
61048583
61048727
61048722
61048586
61049674
61049599
61048618
61049063
61049155
61048778
61049946
61049893
61048759
61049143
61049306
61050039
61050131
61050171
61050202
61050257
61050106
61028609
61491605
61920130
62349706
62846650
63342871
63806690
64172208
64668992
65163720
65561826
65826402
66323170
66820279
67316514
67813743
68310672
68774130
69302951
61049638
61050944
61051052
61051127
61050347
61051136
61050028
61049902
61051244
61051164
61051298
61051367
61050142
61051302
61051324
61051562
61050635
61051571
61050587
61050435
61050822
61050744
61050470
61050448
61160841
61558923
61987866
62418979
62848029
63278258
63741752
64172373
64602744
65100238
65496752
65893488
66357616
66688488
67120574
67582174
68046464
68543630
68940784
69436744
61052408
61052256
61052172
61052247
61051684
61051492
61051111
61052487
61052638
61052523
61051231
61052040
61051874
61052845
61052830
61053240
61053097
61052838
61052848
61051784
61052985
61052330
61195415
61558930
62023154
62485234
62915354
63280682
63776122
64206818
64671714
65166370
65630169
66128514
66590298
67121394
67518450
67981770
68511746
68941986
69372026
61053608
61053857
61052554
61053790
61053857
61053944
61052797
61053309
61054095
61053821
61052789
61053053
61053264
61053370
61053106
61054178
61053272
61052965
61054254
61054443
61052957
61053466
61395001
61892337
62320692
62751004
63214529
63711369
64108633
64605116
65135769
65566346
65895892
66228954
66493506
66956588
67353196
67817564
68346377
68878354
69340589
61054726
61054775
61054924
61055152
61054989
61054326
61054233
61054193
61055138
61054127
61054429
61055260
61055215
61054327
61054634
61054234
61055590
61055621
61054354
61054628
61054775
61054729
61396470
61892518
62388630
62819751
63315047
63811764
64209276
64673060
65202205
65699116
66096972
66625917
67090132
67552708
68083460
68612204
68979045
69473772
61056425
61055695
61056180
61056279
61056430
61055381
61055722
61055644
61055175
61056563
61056448
61056635
61056579
61056611
61055767
61056687
61056846
61056835
61056671
61056260
61057091
61056970
61365724
61795572
62191108
62554945
63051468
63514780
63813311
64309750
64840844
65203299
65634019
66131284
66627004
67025351
67521207
68052732
68382220
68881020
69342871
61057313
61056943
61056879
61057643
61057806
61057726
61056852
61057868
61057875
61057725
61057990
61056986
61056679
61057823
61058067
61058138
61057244
61057876
61056767
61057188
61057268
61057244
61057061
61135641
61498073
61961105
62425409
62822369
63284545
63748401
64179913
64643020
65139609
65503332
65967193
66463220
66928449
67290819
67788500
68252393
68649121
69112441
61073768
61058902
61058935
61059027
61058119
61058410
61058535
61059116
61058167
61058072
61059433
61058247
61058468
61058751
61058052
61058324
61059384
61058447
61059464
61059357
61058556
61059421
61059372
61335562
61731267
62227497
62689849
63153541
63684782
64148462
64577006
65075102
65570912
66001705
66464832
66994854
67457824
67956366
68451209
68948953
69445846
61060149
61059688
61060163
61058842
61059435
61060522
61060422
61060403
61059760
61060688
61060601
61060647
61059459
61060544
61060686
61059987
61060844
61060833
61060895
61060846
61059648
61039284
61401842
61831250
62328482
62626323
62989389
63485906
63916517
64346866
64777621
65240418
65704701
66102250
66566259
66963358
67360086
67857446
68321331
68784939
69314915
61060433
61061663
61060710
61061819
61060789
61061756
61061112
61060790
61061769
61060632
61061865
61062020
61062124
61062162
61062047
61060872
61062003
61061211
61062065
61062193
61062192
61060976
61072547
61469097
61865970
62295692
62792273
63288732
63687370
64183130
64612849
65043373
65573349
66004356
66533760
67031717
67593725
67957751
68454757
68952573
69282023
61062656
61063062
61062308
61062732
61063033
61063343
61061759
61063029
61063329
61061863
61063015
61062632
61062738
61063256
61062391
61062103
61062266
61063223
61062314
61062269
61063422
61107883
61569542
62032575
62528689
62991590
63423386
63918889
64349442
64747090
65243482
65773346
66170953
66633649
67163945
67660233
68125458
68653313
69185226
61062882
61064128
61064436
61064132
61064259
61064385
61064272
61063197
61064175
61063463
61064565
61064438
61063290
61063639
61063653
61063727
61064699
61064731
61064712
61064795
61064763
61064875
61373152
61803665
62298273
62794840
63158656
63622667
64153753
64583537
64981284
65478140
65974078
66403876
66934028
67396868
67828260
68291038
68856196
69185703
61064418
61064092
61064887
61064298
61065343
61065550
61065474
61064167
61064647
61065813
61065586
61065669
61064946
61064871
61065034
61064575
61065719
61065851
61066008
61066040
61066014
61077539
61307756
61738605
62200346
62729370
63159600
63691224
64121784
64517208
65014114
65545280
65940840
66406000
66936253
67465277
67896597
68358176
68757176
69187669
61065397
61066648
61066021
61066712
61066808
61065792
61065671
61065935
61065439
61065991
61066928
61066106
61066847
61066183
61066194
61067096
61065898
61067232
61066287
61065943
61066474
61067288
61066071
61077750
61475455
61838354
62269026
62730553
63161234
63626482
64089338
64519810
64916330
65414202
65811178
66209010
66704978
67134857
67531594
67997138
68493098
68890250
69320090
61067874
61067366
61067790
61066967
61067287
61067362
61067236
61068208
61067026
61068264
61068200
61068167
61067783
61067682
61068407
61067362
61067386
61068359
61067711
61067674
61068079
61068503
61067727
61310567
61806135
62237328
62699135
63230264
63593512
64090728
64586151
65084176
65415888
65878656
66308554
66738128
67235363
67766880
68230008
68725311
69255479
61068692
61068557
61068589
61068689
61069424
61069567
61069444
61068904
61068720
61068371
61069564
61069533
61068928
61069605
61068509
61069307
61070224
61069097
61069916
61068763
61069184
61070032
61069936
61245386
61708500
62171259
62536292
62965292
63462956
63926620
64256718
64754943
65249564
65614132
66078155
66608452
67005179
67436252
67932444
68396524
68659924
69157404
61070649
61069640
61069822
61069787
61070810
61070689
61069615
61070948
61071018
61070855
61070871
61070897
61069670
61070300
61069777
61070033
61070057
61070377
61071198
61071247
61069974
61071460
61070190
61347570
61777146
62239264
62701647
63100181
63562860
64093349
64557008
65019660
65516655
66047203
66378189
66875725
67370856
67735517
68232725
68727381
69126103
61087085
61072147
61072179
61072195
61072270
61072286
61072731
61071205
61072560
61071590
61071562
61071898
61079810
61078816
61080076
61079173
61080022
61080005
61080088
61079565
61079357
61080290
61080237
61124600
61587606
62083462
62413710
62877694
63339797
63638130
64136096
64597624
65028296
65525707
66023664
66419144
66884504
67379355
67876543
68306571
68805232
69300096
61079889
61080017
61080341
61079516
61080901
61080968
61079743
61081132
61081203
61081256
61080239
61081262
61080079
61080412
61081191
61081325
61081467
61081716
61080580
61080831
61080372
61080431
61126049
61555759
61919016
62381479
62878860
63342204
63805777
64302601
64699031
65161879
65658868
66123956
66619980
67083095
67611796
67977359
68472852
69004964
69368508
61081496
61082269
61081105
61082172
61082306
61081490
61082460
61082459
61082324
61082687
61082538
61081398
61082778
61082738
61083054
61081988
61082563
61081475
61082772
61082014
61082683
61082105
61082296
61325636
61788658
62184385
62548954
63011300
63475908
63773490
64203693
64700474
65197779
65627410
66125555
66521123
66952250
67448277
67945714
68442707
68906114
69403227
61083582
61082713
61082889
61083166
61082636
61082671
61082526
61083396
61082649
61083954
61084028
61083863
61083838
61084066
61082745
61084218
61082956
61084384
61084073
61083409
61084319
61084110
61083209
61325884
61790040
62251906
62648850
63113096
63576718
63972786
64436674
64933309
65430323
65727733
66193115
66654594
66953482
67186211
67581709
68013614
68409741
68875619
69238122
61083880
61083756
61084365
61084940
61085082
61085155
61084426
61085087
61085390
61085159
61084714
61085470
61085514
61084957
61085507
61084250
61085418
61084719
61085576
61085608
61084487
61084552
61084538
61085685
61085980
61062884
61328288
61691260
62120652
62551821
62882132
63212980
63576684
63875100
64306973
64670588
65067037
65498090
65962035
66391730
66789867
67220755
67683667
67981778
68345093
68842795
69206517
61085833
61086690
61086418
61086507
61085461
61085905
61085504
61086705
61085760
61085720
61086897
61086733
61086961
61086985
61086160
61086904
61087156
61087151
61086211
61087244
61087195
61085939
61086483
61064375
61494133
61858077
62254845
62717555
63148048
63546607
63975805
64439598
64805543
65234223
65699199
65996521
66426585
66890697
67320369
67684713
68148385
68644681
69011047
69439780
61087215
61086782
61088130
61087993
61088264
61088100
61087442
61088359
61086953
61088177
61087145
61087479
61088651
61088356
61087188
61088704
61088609
61087673
61087185
61087546
61088674
61088765
61088746
61131860
61462616
61925646
62322158
62685877
63116344
63514884
63978449
64275571
64739256
65235289
65567051
65998203
66493819
66926057
67355841
67787233
68248661
68547502
68846086
69209429
69541102
61089580
61088387
61088656
61089652
61089400
61088771
61089754
61089786
61089099
61088830
61088974
61089131
61089975
61089035
61090077
61089884
61088699
61090135
61088843
61090387
61089411
61090132
61089179
61089546
61090254
61090107
61265974
61662998
62093479
62555938
62986575
63449079
63813633
64177873
64508538
64840111
65303409
65767975
66032527
66396135
66760193
67225231
67554713
67952713
68250465
68646998
69112935
69509711
61090918
61090942
61090864
61091079
61089886
61091140
61090976
61091314
61090779
61091378
61089883
61090134
61090126
61090555
61091403
61091583
61091616
61091379
61091615
61090235
61090833
61091715
61134867
61564412
61994543
62293044
62623732
63052828
63484591
63914234
64344581
64808210
65205213
65602906
66067943
66463834
66862671
67325583
67755650
68185450
68649527
69145962
69443730
61092686
61091086
61091415
61092469
61092412
61092635
61092641
61092771
61093071
61092835
61092781
61092815
61092944
61091970
61093097
61092466
61091914
61092964
61092223
61093249
61093026
61093143
61093286
61302742
61731413
62162482
62492018
62955106
63253186
63652139
64114995
64478074
64943162
65373971
65835563
66299834
66697523
67160394
67557405
67956747
68452506
68849930
69313866
61093395
61093111
61093887
61093805
61093339
61092648
61094156
61094243
61093320
61094195
61093198
61094069
61093637
61094439
61094318
61094248
61094412
61094355
61094472
61094576
61093398
61094448
61094786
61203798
61600867
62096523
62494785
62924961
63388409
63817787
64281128
64711872
65176089
65673017
66036456
66467625
66930641
67393272
67858953
68288809
68786433
69115873
69480785
61093950
61094086
61095370
61095491
61094868
61095437
61095281
61094343
61095927
61094502
61095630
61095629
61094804
61094470
61094502
61095046
61095670
61094814
61095590
61095622
61095654
61095737
61095710
61096022
61095022
61073514
61272450
61437305
61635417
61932954
62131364
62429049
62693409
62959279
63256468
63654129
63984673
64316911
64646870
65111551
65375911
65805705
66270959
66634575
67097780
67560476
67959791
68355540
68686297
69018209
69349305
61095804
61095547
61096742
61096979
61095595
61095534
61096542
61096019
61096310
61095742
61096354
61095996
61097263
61097266
61096458
61097394
61097217
61097357
61097831
61097297
61096721
61097442
61097436
61097519
61096241
61096607
61096452
61097102
61097028
61097217
61097015
61307446
61671302
61901485
62298118
62529854
62860710
63192638
63390285
63754808
64118588
64384189
64716221
65079085
65378773
65641941
66008005
66305637
66536285
66767792
67033021
67231685
67496093
67796229
68092549
68457509
68821607
69152221
69449860
61097358
61097662
61098610
61097865
61098693
61098657
61097417
61097572
61098770
61097604
61097857
61098314
61097794
61098946
61099028
61098556
61097676
61098996
61099149
61099299
61098273
61097943
61099561
61097993
61098196
61110879
61540014
61903486
62234987
62598814
62961701
63359094
63591699
63822645
64253339
64485115
64683901
64916710
65115006
65346267
65610685
65909547
66207459
66537947
66968667
67233171
67531115
67829803
68227771
68524083
68923923
69155347
69385750
61099632
61100295
61100442
61099463
61100427
61100429
61100601
61100625
61099968
61100597
61100637
61099453
61099972
61100823
61100157
61100857
61100911
61100013
61100966
61100432
61099576
61100221
61099915
61100424
61101069
61101032
61100997
61101169
61443388
61838956
62367762
62831385
63295833
63692145
64057100
64552674
64917423
65382338
65745275
66241954
66806338
67069701
67467618
67996866
68360661
68858429
69354586
61100641
61102084
61102071
61101913
61101886
61101861
61102195
61101114
61102081
61102126
61102571
61102662
61102320
61102144
61102125
61102496
61102554
61101208
61101789
61101683
61101824
61101725
61278934
61676326
62137700
62534832
62932571
63395493
63726922
64224645
64587341
65052189
65547856
65977640
66508997
67037968
67467824
67932616
68363237
68758712
69191469
61102259
61103243
61103151
61102376
61103778
61102253
61102677
61102437
61102689
61102986
61103635
61102410
61103503
61103730
61103954
61103794
61104017
61102983
61103870
61103982
61103064
61103357
61102882
61445950
61940662
62370281
62866999
63397791
63828287
64323822
64787582
65284695
65648169
66113343
66609239
66873847
67138369
67668543
68066767
68562607
68961135
69389742
61103363
61103358
61104918
61104579
61103750
61103550
61104710
61103657
61104579
61103711
61104651
61104925
61103753
61103974
61103609
61104921
61105030
61104369
61105196
61104990
61104393
61105309
61105392
61479061
61976358
62471141
62836358
63265621
63796609
64226192
64490496
65021577
65517272
65980448
66444104
66908152
67338352
67769393
68265560
68695309
69093693
61104603
61105890
61105663
61105063
61105752
61105167
61105191
61106089
61105917
61104805
61106175
61105296
61106327
61105357
61106297
61106125
61105477
61105349
61106205
61105254
61105667
61106488
61105680
61106561
61106652
61106016
61106759
61106552
61381461
61810949
62240997
62703917
63268166
63730645
64194254
64690989
65153797
65519902
65949614
66412488
66909600
67405768
67936062
68400142
68831582
69326352
61107231
61106646
61107576
61106116
61107544
61106916
61106630
61106265
61107688
61106782
61107663
61107907
61107157
61106496
61106722
61106682
61107757
61107917
61107357
61106645
61108132
61108168
61107882
61108161
61106861
61106936
61283519
61614287
61911959
62210749
62441368
62739637
63070757
63368645
63667245
63997976
64296312
64526923
64858344
65156800
65455376
65718603
66050651
66414128
66812723
67242328
67605602
67872912
68301456
68600256
68799235
68997514
69427528
61108893
61109061
61108160
61108163
61107925
61107996
61109182
61108972
61109322
61109138
61108219
61109338
61108173
61109500
61109553
61109491
61108378
61109010
61108373
61109746
61109786
61108778
61108730
61109194
61108914
61109021
61110205
61110041
61087658
61319510
61582929
61914905
62244636
62475881
62814660
63145851
63444481
63676032
63940656
64306385
64569720
64902441
65299169
65629964
66028681
66391043
66755705
67053795
67384804
67714897
67947844
68278544
68676441
68974737
69305083
61119078
61119232
61118548
61118343
61118516
61119384
61119225
61118559
61118292
61119516
61118172
61119548
61119001
61118495
61118873
61119768
61118676
61119875
61118626
61118732
61119396
61119797
61118657
61119745
61119777
61119096
61119153
61163211
61526983
61858700
62122215
62552511
62916151
63214312
63445743
63777143
64141191
64407448
64671007
65101383
65434116
65664495
65862823
66062231
66294183
66492311
66724773
66857095
67055519
67420444
67683879
68048957
68513037
68811143
69108951
69506581
61121006
61119972
61121183
61120079
61121363
61120479
61121174
61120894
61121348
61120721
61121469
61120228
61120828
61121465
61121054
61120588
61121510
61121840
61120430
61121794
61121137
61121901
61121729
61122028
61120990
61231431
61661285
62123891
62588235
63117643
63579851
64076595
64574427
64904929
65401921
65865734
66263614
66626069
67124598
67620494
67984526
68348064
68746006
69144598
69574342
61121466
61122649
61122601
61121738
61122899
61122657
61121712
61121528
61122096
61123047
61122833
61122877
61121941
61122107
61121864
61121859
61123440
61122296
61121971
61123544
61123045
61123256
61123356
61122619
61123369
61134012
61398076
61729947
61993114
62356690
62688650
62986819
63216898
63549426
63913827
64212162
64675002
65005287
65370024
65768000
66197583
66594295
66926519
67322970
67755600
68151651
68549104
68880288
69212128
69575688
61124004
61124131
61123021
61124146
61124136
61124329
61124098
61124189
61123482
61124682
61124564
61123941
61124489
61124513
61123754
61124598
61123933
61123850
61123789
61124726
61124928
61124578
61124184
61124905
61124966
61102088
61498792
61929964
62358179
62821644
63219659
63582743
63980523
64344531
64742435
65040203
65271337
65536782
65834559
66233567
66663230
66861862
67192358
67622295
67988622
68384182
68747839
69114494
69510118
61125639
61124799
61125578
61124788
61124562
61125689
61125819
61124679
61124953
61125965
61124721
61124676
61125017
61124753
61124692
61126034
61125052
61125002
61126240
61126125
61126100
61125409
61126223
61125380
61126338
61126489
61126815
61125513
61126493
61126378
61138325
Peak: 69731794
Average: 61980869.20961961
