0
66366
438234
774043
1505574
2087392
2515713
2945940
3449769
3813123
4459816
5205394
5342498
5689052
6153394
6635090
7077113
7326897
7721082
8290783
8757849
8979265
9309399
9439019
9613838
9989224
10626607
11076252
11655238
12406691
12647600
12959686
13465172
14024180
14510501
15114508
15600712
15935136
16254375
16483188
16614557
16940420
17120407
17422995
17737129
17900685
18011903
18239898
19537700
19357267
19535198
19641231
19645503
19894143
20081631
20303353
20573589
20915772
21314307
21910487
22386549
23115087
23355705
23747926
24055490
24361064
24384142
24544489
24689913
24888487
25058821
25369835
25778981
26096419
26589169
26970591
27567146
28255143
29116692
29776752
29874831
29880471
29883279
29897504
29909488
30155696
30745068
31348032
31543178
31837436
31928406
32276234
32332249
32393447
32449282
32571502
32587796
32910128
33168631
33531518
33753173
33809939
34291277
34468530
34582216
34629181
34648567
34686902
34995383
35151069
35695976
35821773
36223628
36700170
36771419
37027960
37634370
37726013
37931653
38326143
38326294
38326337
38326401
38187246
38639716
38840121
39023292
39091418
43066976
43151115
43362544
43436289
44034153
44110593
44157357
44206760
44264177
44295948
44382074
44433919
44475856
44506423
44563202
44623281
44812972
44944542
45125358
45469312
45585960
45814698
46263161
46645077
46778783
46833451
47028690
47118207
47191508
47414863
47495119
47612455
47934357
48065565
48307822
48511914
48590035
48742220
49380519
49386947
49390043
49324319
49460484
49551980
49557390
49840240
49969373
50128511
50270254
50294299
50317395
50330955
50363387
50419887
50466248
50543524
50675339
50752543
50867703
51014376
51351244
51487982
51819435
52048103
52426308
52569016
52888407
53175821
53646207
54262462
54450743
54537445
54619606
54645275
54791350
54849214
54941476
55001230
55047346
55489393
55783780
55897904
56056254
56473729
56871670
56924016
57341149
57443084
59246479
57734714
57917860
58049007
58145540
58183721
58506242
58520582
58396200
58498430
58623001
58932978
59700686
59819342
59903974
59971198
60030414
60073689
60236443
60284798
61106374
60727478
60875043
60880161
60887636
60892686
60898432
60904251
60907688
60912354
60918203
60920540
60689965
60697275
60698688
60699566
60701375
60701091
60702869
60690688
60696993
60702251
60707232
60710541
60714931
60720924
60725488
60728900
60732639
60710336
60709108
60708965
60710692
60711223
60711439
60699165
60703427
60707931
60712276
60717953
60720766
60726179
60730435
60734835
60737494
60714693
60713420
60713158
60714823
60714798
60715129
60702723
60706754
60709952
60713697
60717622
60723328
60727603
60730512
60734816
60738248
60716172
60714730
60714538
60716149
60716244
60716384
60704289
60708981
60711149
60716269
60720093
60723165
60728741
60732997
60736205
60715644
60715324
60717277
60715435
60717243
60717447
60716283
60705812
60709734
60712985
60717950
60720806
60724430
60728902
60734430
60738854
60717698
60717914
60717642
60717958
60716977
60718343
60718908
60707198
60710516
60713716
60718828
60721580
60725815
60731183
60734290
60738866
60717385
60718811
60718637
60717296
60718787
60717755
60717558
60709650
60713273
60715721
60720513
60723321
60728690
60731487
60737199
60740714
60719915
60719507
60720619
60719097
60720882
60719169
60719886
60710406
60714377
60717520
60721172
60725151
60730369
60734609
60738769
60742825
60720930
60721837
60720064
60721784
60720013
60720955
60722047
60710314
60713484
60718394
60722066
60724823
60728634
60732735
60736914
60741279
60746194
60720607
60721630
60722759
60721616
60722826
60721422
60721623
60713792
60717083
60720784
60724469
60730622
60734861
60737850
60743572
60747107
60724114
60722681
60724465
60722734
60723974
60724329
60724116
60714688
60718931
60722379
60724459
60728362
60734795
60738163
60742419
60746851
60724756
60724059
60724977
60722895
60725126
60723002
60724028
60714004
60718986
60721898
60725245
60727375
60731425
60735614
60739798
60744670
60748169
60724382
60724745
60725812
60723748
60724074
60725576
60724551
60715538
60718638
60722236
60725524
60729516
60733404
60737679
60742052
60746799
60726106
60726354
60727285
60726806
60725335
60726666
60725124
60715054
60719616
60721680
60725784
60728973
60734005
60738165
60742029
60745437
60750093
60727202
60726203
60727177
60725984
60727423
60727168
60727102
60717879
60722301
60725709
60729109
60731829
60737837
60741285
60745496
60748733
60727829
60726642
60728433
60726530
60728275
60728530
60728499
60716839
60720071
60724059
60727445
60732605
60735560
60739649
60745147
60749528
60751669
60727506
60728920
60727878
60728267
60729180
60728807
60727578
60719529
60722660
60726164
60730969
60734865
60738649
60742419
60748057
60751401
60728675
60730331
60729552
60730680
60730410
60730708
60730390
60720024
60723569
60727908
60731590
60735518
60739319
60743479
60746689
60752254
60730052
60729638
60731038
60730018
60731086
60730925
60730944
60718965
60723529
60725161
60728513
60732073
60735977
60740356
60745041
60749225
60752465
60731522
60731299
60730381
60731681
60730024
60731788
60730134
60721052
60725750
60727499
60731280
60735323
60740478
60744444
60747200
60753041
60756462
60732767
60730952
60732795
60732825
60731698
60732859
60720430
60723959
60727327
60730582
60734785
60739694
60744161
60748281
60752737
60754889
60733104
60731531
60732969
60733699
60733731
60733956
60732286
60722982
60726415
60730556
60734388
60738444
60741172
60745844
60749431
60754423
60757268
60734341
60733343
60734735
60734704
60734875
60734915
60734023
60735006
60725264
60729316
60731363
60734779
60740027
60744774
60746774
60751227
60756563
60734303
60735285
60734193
60735284
60733620
60735183
60735390
60723359
60726843
60730418
60734366
60737971
60742068
60747526
60751820
60756313
60759664
60734277
60735983
60736037
60736175
60736350
60735010
60735232
60726850
60729991
60733234
60737184
60742151
60745982
60749934
60755695
60758263
60736592
60735044
60736704
60734880
60736603
60736901
60735608
60726014
60730763
60734284
60736511
60740439
60744631
60748316
60753156
60757516
60742068
60736293
60737918
60736256
60737826
60738022
60736850
60725774
60730190
60732544
60737521
60741297
60744073
60748281
60752624
60758540
60760632
60736753
60738367
60738503
60738392
60738598
60737346
60738755
60730266
60733381
60736949
60739379
60745365
60748789
60753843
60756451
60760676
60738945
60738917
60738938
60738340
60739197
60737281
60739295
60729643
60733226
60736709
60739994
60742541
60746821
60750620
60756503
60760944
60738039
60737760
60739149
60739346
60739148
60738426
60739558
60727870
60731261
60734635
60738309
60741789
60747085
60750373
60754331
60758686
60763626
60738239
60739614
60739871
60739915
60740055
60738838
60738943
60730886
60733998
60737846
60741115
60745453
60751335
60754420
60758871
60762415
60738983
60740464
60739018
60740437
60739326
60738898
60741408
60731530
60735994
60738335
60741842
60745819
60751683
60755029
60759272
60762467
60741683
60741028
60741936
60741796
60740532
60742167
60741198
60731862
60733743
60737308
60740747
60746367
60750300
60753236
60758972
60763300
60742148
60742205
60742048
60742437
60741287
60741208
60742647
60730885
60734081
60738807
60741226
60745125
60749285
60753435
60757743
60763522
60766982
60743033
60743234
60741456
60743313
60741579
60743264
60743439
60734813
60736735
60741484
60743780
60748004
60753884
60756156
60760255
60764556
60743781
60743566
60742769
60743953
60742139
60743988
60743731
60733595
60736486
60740702
60743249
60747281
60751305
60755694
60761110
60765510
60743460
60744739
60743010
60744659
60742793
60744593
60744733
60732803
60737220
60740420
60744439
60748319
60751058
60755293
60761034
60765391
60743593
60742816
60745020
60744567
60743778
60745057
60743344
60734354
60737782
60742065
60744217
60749638
60751782
60755614
60759774
60763006
60767713
60746148
60746163
60746426
60745142
60744862
60746533
60746522
60736034
60739257
60744030
60747505
60751521
60754222
60758513
60764153
60768566
60746739
60745639
60745418
60747144
60746901
60747145
60745952
60737029
60740752
60743856
60746384
60750763
60754547
60759976
60764264
60768664
60747412
60747412
60747842
60748019
60746926
60747945
60746165
60735559
60738997
60742558
60746094
60751286
60755374
60758521
60762606
60767169
60771926
60748034
60747107
60748343
60746621
60748370
60747400
60748471
60739654
60742662
60746190
60749646
60753670
60758497
60761929
60766233
60770470
60748749
60747356
60747360
60747875
60748705
60748879
60747560
60738674
60741021
60745549
60749269
60753344
60757373
60760309
60764504
60770333
60748111
60749256
60747628
60749415
60747795
60749078
60749437
60737683
60742149
60744390
60749356
60753292
60757336
60760249
60764029
60768452
60771749
60749021
60748405
60749957
60749685
60748935
60749139
60751173
60742549
60744441
60747938
60752900
60757628
60761837
60764793
60768332
60772690
60749874
60751136
60750653
60751430
60751618
60750460
60751797
60741263
60744639
60748177
60751945
60755873
60759961
60763881
60767145
60772761
60774721
60752234
60750558
60752007
60752200
60752163
60752266
60739632
60742931
60747950
60750244
60753972
60757971
60762259
60766563
60770851
60774387
60752599
60750632
60752670
60752311
60751789
60752699
60750957
60742271
60745820
60749270
60752729
60756911
60761630
60765151
60770382
60775022
60752929
60751523
60752792
60752990
60752083
60753180
60751995
60742304
60745445
60750178
60752497
60756580
60760355
60765835
60770091
60773361
60752563
60752524
60753699
60752980
60753976
60753582
60753997
60742885
60744608
60748261
60751446
60755833
60761173
60765486
60769857
60773926
60776068
60754211
60752510
60754253
60752634
60754290
60754427
60753247
60744219
60747140
60751890
60755364
60759394
60763437
60767685
60770882
60774938
60752991
60754594
60754902
60754689
60754873
60753581
60753282
60743257
60746766
60751342
60755046
60758862
60762990
60767222
60771438
60775806
60779038
60755242
60754284
60755512
60755111
60755249
60755266
60756548
60748208
60749908
60754689
60756975
60761077
60765893
60769679
60773671
60778127
60755724
60757142
60756422
60757480
60755341
60757697
60757151
60747664
60749971
60753286
60756831
60760735
60764817
60769168
60774639
60779174
60756927
60757734
60756771
60757870
60756530
60756239
60757964
60746235
60749519
60754053
60757765
60761621
60764461
60769589
60772716
60777239
60782197
60758288
60756498
60757233
60758485
60757321
60758686
60745979
60749408
60753095
60757256
60760352
60764776
60768912
60772640
60776936
60780208
60758967
60757474
60757480
60759009
60758906
60758957
60757783
60749035
60751091
60754067
60758051
60761587
60765899
60770094
60774350
60780011
60758918
60759087
60757697
60759269
60758135
60757895
60759561
60747907
60750572
60754066
60758029
60763154
60767169
60771114
60775666
60779058
60782146
60760073
60758789
60758506
60760129
60758865
60760261
60747662
60752087
60755559
60758715
60761879
60767122
60770098
60774483
60778915
60782094
60760422
60760431
60759368
60760612
60759307
60759169
60760690
60751965
60753645
60756818
60761237
60764301
60768266
60772669
60776698
60781202
60759308
60761168
60761202
60761283
60761232
60760109
60759920
60750852
60752980
60757516
60761319
60763919
60767844
60771884
60776172
60780876
60784076
60762899
60762212
60763152
60761209
60763218
60762843
60751851
60754766
60758407
60761619
60764745
60768891
60773387
60777258
60781618
60786065
60761463
60763458
60761584
60763319
60763496
60762498
60763552
60752606
60757388
60760942
60764341
60768566
60772576
60776834
60781063
60785545
60762596
60762413
60762213
60763789
60762901
60764214
60762586
60752079
60756204
60758683
60763700
60767588
60771660
60775860
60780167
60784532
60788004
60763232
60764667
60764287
60764838
60764410
60763703
60764758
60754880
60757956
60762638
60765304
60770162
60774106
60778825
60781733
60786139
60763409
60765138
60763633
60764980
60765328
60765256
60765380
60755643
60757523
60761140
60764857
60768793
60772953
60776913
60781209
60786882
60763943
60763896
60765393
60765306
60765580
60764680
60765812
60753885
60756917
60761681
60764121
60768219
60771809
60775574
60781049
60783899
60787403
60766343
60764540
60766312
60764612
60766028
60766363
60765212
60755825
60759423
60763812
60767169
60771281
60775348
60778740
60782652
60787217
60765895
60766734
60766700
60766607
60765390
60765181
60765553
60754805
60759329
60761599
60766533
60770429
60774429
60778817
60781869
60786414
60789737
60766795
60766092
60767261
60765647
60767411
60765393
60754750
60759105
60762161
60764198
60767744
60772351
60776563
60780900
60784237
60788722
60765880
60767559
60766854
60767866
60766102
60768026
60767069
60757676
60759485
60764277
60767184
60770672
60774758
60781773
60786029
60790429
60773924
60768070
60769856
60768207
60769539
60769826
60768801
60757907
60762312
60765857
60767600
60773273
60777412
60781838
60785922
60789410
60792490
60769411
60770487
60768478
60770406
60770149
60769509
60770639
60760985
60765081
60768601
60772185
60776892
60781049
60784076
60787585
60791993
60769238
60770965
60769172
60771002
60771083
60770101
60771219
60761552
60763547
60767550
60771766
60775715
60778595
60782779
60787107
60791507
60771317
60771427
60770786
60770819
60771797
60771491
60771919
60760761
60764063
60765931
60769352
60773320
60777568
60781709
60786039
60790503
60795325
60771355
60772252
60770701
60772323
60770695
60771903
60772203
60761879
60765207
60769979
60772398
60776419
60781634
60784854
60788971
60793419
60772478
60772192
60771632
60772652
60770896
60772651
60770695
60762622
60766267
60769361
60771849
60776029
60779953
60784229
60789922
60794354
60773161
60772920
60771887
60773145
60771790
60773296
60773836
60761232
60764393
60767820
60771180
60776041
60778577
60782780
60787193
60791652
60794987
60773516
60773361
60773861
60773452
60772863
60773730
60771937
60764392
60767055
60770516
60773971
60778056
60782676
60785999
60791824
60796216
60774222
60772828
60774283
60773975
60772746
60774239
60773513
60763737
60766402
60770698
60773421
60777290
60781277
60786866
60791082
60795586
60774371
60772956
60774696
60774220
60774746
60774585
60773313
60762811
60767005
60768958
60772522
60778015
60782167
60786391
60790664
60794999
60798608
60774050
60775462
60773741
60775353
60775580
60773579
60775529
60764840
60768099
60771274
60776144
60780304
60784320
60790168
60793136
60797520
60775609
60777112
60776609
60777513
60776536
60775641
60777385
60776449
60767655
60771715
60774243
60777509
60779948
60785388
60789655
60793863
60798231
60800551
60777845
60777255
60778243
60777937
60777965
60776780
60777009
60768984
60771237
60776162
60779638
60784297
60788548
60792842
60796260
60800667
60778398
60776432
60776714
60778170
60778670
60776522
60777514
60768182
60770083
60774840
60778588
60782435
60786532
60789031
60793339
60797447
60801078
60777888
60778943
60778643
60778985
60778846
60778112
60779124
60769267
60773427
60775699
60779244
60783548
60788204
60793878
60797499
60800742
60779130
60778521
60779621
60778580
60779677
60778396
60779920
60768158
60770977
60775758
60778182
60782422
60786206
60790678
60794667
60798927
60803872
60780036
60778371
60779856
60780033
60780120
60780180
60767303
60772022
60775307
60778339
60782691
60786747
60790987
60795195
60798443
60801942
60780519
60778875
60780655
60779099
60780366
60780682
60780861
60770041
60774440
60776167
60779754
60784042
60787767
60792179
60796453
60800773
60787470
60779529
60781357
60779361
60780692
60781364
60779686
60770410
60772437
60777304
60779677
60783263
60787615
60791758
60795825
60800527
60803766
60780307
60780287
60781845
60780252
60781601
60780590
60781890
60769664
60773865
60774963
60777960
60781995
60784264
60788255
60792279
60797847
60801160
60804527
60780414
60782071
60782323
60782040
60782355
60781044
60781243
60774352
60777872
60781034
60785446
60789489
60792307
60796671
60801324
60804288
60782795
60782899
60782593
60781854
60783069
60781225
60783078
60772809
60776118
60779705
60784540
60788042
60793378
60797652
60801090
60805656
60783078
60783080
60782359
60781797
60783387
60782316
60783523
60773903
60776134
60781191
60784668
60788748
60793607
60795964
60800060
60804356
60783585
60781951
60785308
60785472
60785436
60785635
60784308
60775196
60777860
60782213
60785926
60788839
60792855
60797135
60801223
60805879
60784709
60784039
60786180
60784090
60785047
60786364
60784583
60773919
60778363
60781674
60783245
60787869
60790685
60795486
60798742
60802949
60807518
60786389
60785226
60785048
60786426
60786314
60785560
60785917
60776337
60779021
60782034
60786620
60791069
60793532
60797788
60802147
60806907
60791468
60786007
60787168
60786243
60787284
60786034
60787183
60775938
60779203
60781259
60784336
60788435
60792968
60797291
60801155
60806003
60808579
60787647
60786371
60786142
60787750
60786246
60787104
60787167
60777569
60779774
60783078
60786582
60790670
60795014
60798998
60803494
60807982
60792432
60787225
60788443
60786993
60786863
60787491
60788166
60822534
Peak: 62116222
Average: 57606617.01172083
