0
210411
292478
636928
993205
1540084
1764692
2503227
2913563
3143218
3651982
4011038
4611077
5399059
5540593
5878600
6332176
6788174
7272506
7508950
7919577
8468514
8900720
9176725
9509976
9707263
10125839
10840101
11244490
11768126
12573596
12852002
13162899
13659590
14219550
14714150
15270344
15792749
16131410
16446379
16667033
16796992
16868134
17212135
17375354
17663344
18051233
18202599
18431850
18506660
19233882
19558551
19757272
19832284
19835832
20102686
20274275
20494123
20910873
21276769
21507224
22109340
22581716
23310023
23564820
23943846
24251295
24556888
24679928
24826047
25044223
25261055
25567871
25937143
26277426
26774505
27152123
27757905
28446708
29293237
29879654
30067102
30072238
30074270
30072805
30090586
30103688
30350811
30941622
31446846
31684813
31970621
32111369
32459999
32518515
32591012
32640419
32740644
32807093
33109864
33094899
33549261
34472306
33996927
34486330
34606420
34782162
34827974
34799521
34882127
35187080
35298549
35903206
36006380
36334113
36894870
36965911
37211271
37673687
38017839
38521928
38521785
38521976
38521975
38522019
38418185
38836861
39036619
39215343
39295212
43260329
43317912
43587751
43634535
44247003
44245534
44315168
44342217
44418637
44443109
44496590
44567276
44624290
44666995
44730194
44764934
44770596
45007125
45228285
45305893
45780150
45952336
46209441
46747732
46932100
46988023
47177563
47241790
47305720
47507976
47595570
47714478
47771629
48089215
48226848
48469383
48677927
48905274
49493642
49500175
49597842
49760616
49818105
50035531
50279288
50376570
50463142
50486982
50501662
50535254
50585351
50640432
50718198
50849989
50927372
51024472
51195975
51522550
51662498
51963144
52220825
52598516
52745912
53048568
53228840
53818194
54434669
54639168
54690255
54721062
54809571
54840754
54983266
55088811
55141996
55219020
55656756
55954779
56067918
56155532
56558787
57026560
57113191
57094043
57498959
57617932
58420318
57845700
58064947
58099938
58281900
58368686
58334613
58686139
58584846
58607743
58696423
58997194
59316250
59902649
60000465
60076841
60139305
60189777
60223481
60413907
60451376
60499728
61502022
61063848
61055889
61070923
60863523
60867219
60867635
60869180
60872052
60871877
60874035
60874749
60876515
60877097
60878792
60879237
60880628
60883395
60885498
60883437
60886324
60886221
60888081
60887931
60889420
60889584
60890968
60891144
60892622
60893389
60894730
60895386
60896920
60897173
60897199
60899970
60900535
60901068
60901191
60902095
60901940
60902798
60905586
60906789
60907113
60907930
60907868
60908890
60908792
60908017
60908491
60909167
60911616
60912109
60912225
60910797
60911317
60911191
60910982
60913557
60913859
60912516
60912867
60913677
60915914
60916379
60916804
60916496
60917496
60920633
60920049
60920983
60921913
60920432
60922625
60921624
60923433
60923696
60924548
60925300
60925298
60923981
60924926
60927164
60927837
60928348
60928758
60928721
60929591
60928146
60928901
60931083
60930955
60931139
60932740
60936171
60934434
60936685
60937119
60937676
60936053
60936497
60938627
60939357
60939267
60940235
60938574
60939424
60941552
60941362
60943173
60941019
60942473
60944165
60942372
60944959
60943401
60944859
60946135
60945799
60946583
60945168
60948922
60950556
60949027
60951139
60951708
60949894
60952229
60950781
60952902
60952719
60953517
60952116
60953338
60954757
60956252
60953626
60955768
60955956
60956401
60958257
60955216
60957314
60956306
60959790
60958105
60957163
60959421
60959002
60962484
60961158
60963117
60962822
60962096
60963656
60964997
60966846
60963729
60965987
60968226
60965930
60966690
60965647
60967903
60968429
60970364
60968298
60969458
60971813
60968426
60970598
60968856
60970957
60969733
60971701
60972249
60973105
60975515
60975034
60973906
60976338
60976748
60977130
60976692
60975634
60977920
60977570
60976648
60978985
60977155
60977547
60980028
60979353
60980127
60980755
60980447
60981954
60981691
60979527
60981685
60981045
60982851
60981122
60983503
60987098
60986870
60986585
60987164
60987755
60988085
60990818
60988230
60988846
60989372
60989296
60989847
60988500
60990130
60991193
60991872
60991427
60991337
60990699
60993036
60996027
60992526
60993876
60996225
60993064
60993621
60995742
60999330
60997434
60997685
60999905
61000064
60998271
60998927
61000976
61004481
61000049
61002098
61000346
61001938
61002698
61003347
61002915
61002227
61004204
61008019
61004852
61005136
61004301
61005261
61005761
61006389
61005988
61004988
61007325
61011447
61008975
61010901
61014884
61010391
61011768
61010090
61012252
61012393
61013144
61017276
61012096
61014008
61014469
61012568
61014877
61014881
61015509
61013716
61014252
61016445
61020756
61016732
61017902
61016709
61018102
61018667
61019347
61017554
61020679
61022872
61027391
61022406
61022538
61022423
61024304
61022551
61024586
61025109
61025686
61025776
61026353
61026625
61026969
61025034
61026867
61025744
61028204
61032659
61028664
61027996
61029433
61028939
61028032
61030225
61034736
61035395
61030291
61033861
61033084
61035109
61033311
61035657
61035777
61036354
61041644
61035895
61037197
61035140
61037188
61036527
61038429
61038845
61039141
61043956
61039580
61039772
61040345
61045750
61040856
61040976
61041580
61046928
61042040
61042187
61042761
61050696
61045816
61045936
61046585
61051888
61045784
61046180
61047844
61047473
61047468
61049349
61047545
61049553
61050076
61050602
61048753
61056788
61056745
61051274
61050260
61052474
61050683
61052482
61051331
61053548
61051774
61053689
61052494
61054780
61063099
61057931
61058091
61058668
61064563
61058328
61059521
61058089
61059489
61058777
61060904
61059065
61061036
61059794
61062131
61060207
61060460
61061263
61063165
61061391
61062309
61063871
61064499
61064939
61065115
61063150
61065172
61064076
61066269
61067039
61069061
61070066
61070350
61070876
61077211
61070819
61078318
61078166
61072039
61070830
61072954
61071301
61071669
61073857
61074324
61074539
61074760
61075337
61081980
61075841
61074414
61076511
61074737
61076745
61075529
61077794
61075945
61077953
61079305
61081714
61080497
61089694
61089812
61082902
61082169
61083961
61084490
61091566
61084950
61085889
61085602
61083678
61085374
61084710
61086604
61087098
61094475
61086707
61087810
61088304
61095920
61088080
61088328
61088484
61089476
61089748
61090325
61100282
61093007
61092055
61094254
61092101
61092604
61093356
61095237
61093741
61093928
61095211
61096639
61097052
61104766
61097590
61098443
61098215
61096240
61097960
61098800
61097427
61099545
61099841
61107869
61099061
61100472
61101223
61108939
61100449
61104371
61103093
61104820
61105520
61103701
61105442
61105942
61107086
61107230
61107909
61108055
61108423
61107486
61107045
61107918
61109278
61109906
61117870
61109972
61109116
61111069
61109636
61109644
61111076
61112304
61112696
61121074
61113207
61113378
61116616
61114671
61116391
61116551
61118384
61118848
61127677
61119277
61119383
61120011
61128375
61120040
61119040
61121188
61121505
61130536
61122030
61122136
61122785
61131352
61122793
61121872
61123927
61124316
61122683
61123904
61125324
61125452
61134290
61128114
61127337
61129084
61129760
61128094
61128130
61129297
61129525
61131195
61140241
61130913
61130612
61132111
61132672
61130586
61142322
61133434
61133482
61134110
61132186
61133882
61133933
61134839
61135416
61133618
61135301
61134698
61136443
61136835
61149245
61140109
61140245
61140734
61139052
61140670
61140016
61141873
61142316
61152078
61152116
61142750
61142017
61143949
61144266
61154105
61144476
61143404
61145220
61145848
61143991
61145757
61156432
61156530
61146700
61146798
61148560
61148332
61158467
61150936
61150632
61151992
61152503
61152724
61153047
61151123
61151553
61153803
61153902
61154530
61152681
61165391
61155252
61153547
61155908
61157151
61167486
61157560
61156358
61158164
61158628
61169067
61158971
61159387
61158817
61158019
61160835
61158656
61160544
61163641
61164005
61164291
61164781
61165060
61163153
61175606
61165448
61163784
61164172
61177174
61166701
61165154
61167458
61167850
61178262
61166343
61167884
61169609
61169279
61167406
61167785
61170188
61170185
61170915
61168899
61169306
61171682
61171665
61172084
61173188
61175536
61175910
61176080
61186921
61175965
61175311
61177100
61177662
61175864
61176243
61177645
61178565
61179145
61177640
61179471
61190885
61179613
61180104
61180434
61181076
61179315
61193049
61182039
61180564
61182009
61182322
61183220
61181439
61183572
61182220
61186912
61187253
61187525
61199207
61187372
61187484
61188380
61189029
61187160
61187488
61188552
61189908
61190461
61189007
61202391
61191244
61189676
61191845
61192438
61204295
61192279
61191393
61193897
61193696
61193995
61205671
61192420
61193773
61194874
61198142
61198408
61198683
61198945
61199254
61197263
61211877
61199863
61199556
61199972
61201644
61202197
61202544
61200644
61200972
61203348
61201636
61203877
61204296
61216820
61204807
61203332
61205388
61205725
61203978
61204255
61205759
61207538
61207358
61205778
61222634
61210182
61209324
61211287
61211675
61209877
61224818
61211425
61211154
61212826
61213481
61213726
61226173
61212154
61213232
61214527
61214946
61215403
61215462
61216015
61214268
61214545
61216921
61216858
61216507
61218356
61218234
61216749
61231719
61217479
61220775
61220204
61223006
61222843
61221386
61221092
61221522
61223121
61224211
61224231
61224808
61225080
61238135
61223559
61224612
61225588
61226527
61225801
61226772
61227349
61227546
61241065
61227561
61227297
61226716
61228909
61229452
61229690
61242936
61228145
61233175
61231535
61232830
61234123
61232325
61232820
61233738
61233191
61235599
61235851
61234128
61249833
61235944
61237023
61236713
61251508
61251366
61252009
61237894
61237422
61238782
61239431
61239631
61237782
61254075
61240011
61239835
61240741
61241396
61241641
61242395
61244860
61259003
61243395
61259453
61243896
61246323
61246320
61246897
61247271
61261214
61245699
61248075
61246428
61248580
61249044
61248428
61248719
61251030
61251078
61251778
61250177
61251611
61252115
61252219
61250450
61266342
61251450
61251322
61252002
61255027
61254963
61268943
61252801
61254879
61253410
61254842
61255169
61255249
61252760
61269088
61269552
61253952
61253392
61254249
61254417
61255313
61253312
61253318
61255454
61253625
61254279
61255685
61255615
61254561
61269574
61255127
61255754
61253716
61255529
61256358
61255836
61253995
61269987
61255139
61255041
61255837
61255965
61256148
61256220
61269924
61255238
61256046
61255891
61256269
61256352
61254263
61270713
61255748
61255578
61256207
61256571
61256705
61270890
61255898
61256618
61254615
61256643
61256720
61254556
61254629
61255087
61255074
61257282
61256921
61256800
61254813
61271242
61256517
61255627
61256679
61256992
61257062
61254952
61257102
61254948
61271085
61255013
61257077
61255512
61257720
61257315
61257391
61254872
61271419
61254749
61271094
61256438
61257131
61257112
61257158
61257104
61257899
61255968
61257853
61257953
61258122
61271821
61272369
61257859
61256455
61257962
61258200
61258283
61256068
61272548
61258168
61257590
61257985
61258298
61258481
61256308
61256495
61258480
61258693
61257173
61258554
61258816
61258905
61256559
61259123
61259306
61273333
61258427
61259301
61257607
61259056
61259403
61259456
61259516
61260831
61260922
61261005
61258892
61275372
61260445
61260173
61261057
61261319
61261474
61259558
61275390
61259443
61261507
61259973
61261432
61261745
61261879
61260787
61259761
61276121
61259775
61260663
61260305
61261750
61261940
61261886
61262178
61262187
61260077
61276298
61261524
61262188
61260431
61262038
61262276
61262129
61262354
61262386
61262466
61276514
61260515
61262528
61260967
61262385
61262698
61262655
61260617
61277148
61262249
61276918
61260555
61262660
61261842
61262646
61262767
61262967
61262961
61276635
61277274
61262330
61262841
61261129
61263510
61262898
61263063
61263058
61260828
61277036
61262375
61263105
61261239
61263058
61263200
61261143
61277183
61262585
61263161
61263279
61261543
61263245
61263483
61263515
61263533
61262428
61277807
61261444
61263508
61261988
61263420
61263637
61263714
61261686
61278231
61263161
61263884
61262025
61264020
61262377
61262395
61263841
61264256
61264223
61262172
61278220
61262278
61264212
61262590
61264087
61264304
61264497
61264645
61262491
61278685
61263856
61264477
61262669
61264557
61264732
61264764
61278487
61279152
61264211
61264811
61263270
61264579
61264841
61264972
61262811
61278799
61278754
61279389
61264367
61264967
61263491
61264885
61265075
61265045
61265286
61265225
61263249
61279681
61263671
61264338
61265076
61263202
61264782
61264112
61265315
61265347
61279133
61279707
61264718
61265492
61263835
61263558
61266150
61265615
61265719
61265751
61264976
61281558
61265702
61266241
61267056
61267267
61267299
61265317
61281251
61281616
61265471
61266936
61267338
61266607
61265736
61267387
61267581
61267660
61267764
61267745
61266554
61267833
61265583
61281930
61265570
61267562
61266789
61267546
61267934
61268065
61268076
61266848
61281936
61265936
61267877
61266436
61267868
61267900
61268130
61268258
61268239
61268322
61266196
61282171
61266308
61282863
61283018
61266415
61268332
61267364
61268316
61268724
61268900
61268836
61282675
61283176
61266624
61268640
61267541
61267224
61268656
61268999
61269076
61269108
61282894
61267092
61269033
61269107
61267552
61269008
61267726
61267758
61267697
61269222
61269439
61269690
61269701
61269570
61267481
61283777
61268869
61283419
61267367
61269445
61267925
61269357
61269694
61269726
61269734
61267909
61283693
61284245
61267854
61268373
61269075
61268139
61269722
61269914
61270158
61270145
61270126
61267986
61284109
61268051
61270115
61269270
61268630
61268981
61269249
61268520
61271093
61270481
61270537
61270590
61270724
61268949
61268500
61284935
61285053
61270010
61270072
61270642
61269952
61268842
61270802
61270947
61270955
61271017
61268853
61285384
61268781
61270896
61270114
61269343
61270775
61271016
61271120
61271101
61269063
61285444
61285575
61270484
61271156
61271236
61270300
61269580
61271084
61271366
61271566
61271598
61269590
61285546
61269512
61271108
61271564
61271524
61270916
61271508
61285930
61269826
61286213
61286314
61269971
61269979
61271670
61271890
61272066
61271202
61270368
61271920
61272110
61272262
61272096
61272176
61272160
61271040
61286031
61273991
61272118
61270348
61288000
61288381
61273310
61273910
61273193
61272408
61273891
61274088
61274065
61274220
61274324
61274212
61274254
61272042
61288573
61273458
61274130
61272871
61272591
61274074
61274342
61274591
61274623
61274532
61288563
61288974
61272494
61274113
61274097
61274499
61273632
61272888
61272611
61274379
61275216
61274443
61273970
61274860
61274779
61274882
61274857
61275036
61275068
61272907
61289414
61273074
61274670
61275177
61273771
61273542
61274974
61274239
61275223
61275255
61275287
61275388
61275225
61273187
61289534
61273286
61274971
61275484
61275339
61274422
61273827
61275259
61274786
61275604
61275687
61275719
61273528
61289683
61273729
61275027
61275347
61275752
61274912
61274120
61274104
61275761
61275718
61275939
61275991
61276122
61276079
61276183
61276194
61276100
61274011
61290275
61273963
61275435
61274859
61275843
61290149
61273737
61275435
61275401
61290618
61275127
61274274
61290442
61290735
61274330
61275970
61276563
61274855
61274476
61276193
61276410
61276661
61276621
61276725
61274615
61290834
61291103
61275988
61276280
61276389
61275381
61274981
61276533
61276825
61276956
61276961
61275093
61275173
61276749
61276038
61275293
61277117
61277053
61276013
61275421
61276997
61277877
61277324
61277120
61277337
61277574
61277510
61277542
61277646
61276397
61275469
61291823
61275391
61276791
61276943
61277471
61276605
61275890
61275871
61277736
61277750
61276968
61276115
61277554
61277944
61278007
61278063
61278071
61278052
61276038
61292059
61276062
61278027
61277369
61276457
61278142
61276425
61277153
61277185
61276980
61276676
61279128
61278675
61278727
61278780
61278839
61278820
61276928
61276688
61292803
61293081
61293337
61276987
61278357
61278957
61279047
61278058
61277292
61278645
61277960
61277197
61277112
61278955
61279038
61279180
61279359
61279404
61279334
61279468
61279572
61281281
61281385
61281417
61281404
61281487
61279814
61279454
61295739
61281513
61281620
61281592
61279496
61295779
61279995
61281756
61281839
61281560
61279859
61280907
61281514
61279735
61296255
61296215
61279922
61282174
61282107
61282019
61281740
61280012
61280404
61280799
61280731
61280187
61296683
61296219
61282495
61282281
61282317
61282211
61280555
61281478
61282387
61281779
61280470
61296873
61280550
61281630
61282865
61282846
61282806
61282605
61280898
61281944
61282918
61282649
61280937
61297090
61281092
61281516
61283212
61283244
61283276
61283003
61282184
61283332
61283244
61281460
61297690
61281495
61283720
61283694
61283541
61283439
61282020
61283508
61282900
61281385
61283781
61283885
61283845
61283706
61283577
61281825
61282169
61283828
61281753
61298089
61297804
61282260
61284267
61283964
61283886
61281641
61282109
61283966
61284025
61284006
61284185
61284145
61284051
61284148
61282409
61282163
61298574
61298657
61282048
61283544
61283747
61284278
61283963
61284465
61283574
61283245
61282773
61282781
61282597
61284296
61285184
61284518
61284598
61284612
61284692
61284673
61284756
61284713
61284742
61284849
61284683
61284745
61284849
61284549
61284557
61284541
61284758
61284790
61284798
61284899
61283250
61284930
61284938
61283853
61284280
61283458
61283160
61284976
61285170
61285249
61285377
61285334
61285342
61285395
61285385
61285342
61285452
61285433
61285465
61283645
61283869
61283416
61299352
61299829
61299448
61283432
61284877
61285008
61285566
61285472
61284400
61285700
61284543
61284889
61285050
61284756
61284236
61284100
61284018
61284002
61284010
61285700
61285118
61286096
61286173
61286160
61286141
61286245
61283993
61286283
61286192
61286305
61286286
61286492
61286377
61285961
61286112
61286138
61286365
61286438
61287140
61285637
61286485
61286565
61286645
61286605
61286760
61286720
61284962
61286484
61286618
61287332
61286583
61286959
61286933
61286941
61286967
61287167
61287178
61287189
61287221
61287373
61287282
61286033
61285132
61301342
61301397
61301802
61285397
61286965
61287012
61287404
61289704
61289589
61289594
61289797
61289799
61289807
61289719
61289805
61289762
61289968
61289925
61289831
61289914
61289881
61289913
61290098
61290103
61290207
61290167
61290250
61290156
61290164
61290312
61290228
61289208
61288987
61290144
61290227
61290294
61304518
61288393
61304481
61304761
61304702
61288467
61288424
61289848
61290003
61289990
61289971
61288764
61288643
61290067
61289952
61290374
61290656
61290712
61290867
61290603
61290212
61289339
61289500
61289091
61289102
61289059
61290878
61291150
61291127
61291159
61291143
61291199
61291324
61291284
61291522
61290719
61291538
61290514
61289680
61290011
61291070
61291162
61291078
61291239
61291322
61290069
61289789
61289770
61290981
61290992
61291469
61291226
61291431
61290714
61290018
61289690
61291455
61290771
61291908
61292129
61292113
61290416
61290547
61290312
61291909
61291334
61292428
61292412
61292495
61292401
61290841
61290780
61292189
61291689
61292510
61292686
61292547
61292579
61292740
61292745
61292849
61292809
61290618
61306883
61306872
61307261
61307293
61291096
61292511
61292663
61293002
61293055
61293138
61293197
61293028
61293156
61292167
61291623
61291487
61293063
61293071
61293278
61293357
61293338
61293514
61293220
61291777
61292721
61291385
61292905
61293382
61293486
61293545
61292777
61292734
61292167
61292124
61291817
61291876
61293545
61293045
61293920
61293850
61293882
61294010
61294117
61294002
61292206
61307846
61307873
61307966
61292015
61293415
61291890
61307989
61308384
61308056
61308283
61308504
61292161
61293585
61293817
61294201
61294380
61293564
61292919
61292807
61294445
61294399
61294629
61294562
61294741
61294728
61294658
61294717
61294677
61294709
61294864
61294896
61294942
61295032
61294941
61295038
61295128
61295013
61294970
61294721
61293627
61294840
61294800
61294931
61294953
61295146
61295127
61295354
61295389
61295336
61295364
61295417
61295390
61295422
61295427
61295459
61293747
61309440
61309784
61309755
61310008
61309937
61309935
61309953
61310106
61309914
61293835
61295222
61295896
61295936
61295995
61294866
61294823
61295398
61294678
61294552
61294550
61296198
61296240
61296535
61296481
61294470
61295195
61296539
61295699
61295003
61295061
61296607
61295407
61296873
61296758
61296837
61295079
61295172
61297023
61295907
61296910
61295702
61296929
61297356
61298729
61299045
61298930
61299010
61299487
61313256
61313928
61297701
61297770
61299376
61298499
61299736
61300040
61298856
61300090
61298732
61299183
61298610
61298269
61298379
61298237
61298293
61299840
61300037
61300561
61300453
61300536
61300595
61299438
61299910
61299640
61299216
61299851
61299942
61299797
61299101
61298773
61300565
61300693
61300814
61300637
61300706
61300924
61300956
61301015
61301095
61301199
61301282
61301215
61301298
61301330
61301383
61299208
61298949
61315411
61315354
61315242
61299135
61301353
61299629
61301189
61299888
61301325
61301418
61301495
61301503
61301439
61300282
61300689
61300646
61300454
61299862
61299921
61299874
61301471
61301671
61302367
61301783
61301876
61301908
61302084
61302140
61302035
61302145
61302000
61302104
61302136
61302096
61300495
61300530
61300520
61300456
61302053
61302869
61302925
61302077
61302160
61301534
61302379
61302465
61302422
61302478
61302531
61302467
61302571
61300355
61300236
61300377
61300399
61300479
61300559
61300354
61302023
61303040
61302216
61302224
61301523
61300690
61300794
61300610
61301170
61302490
61301234
61301724
61301088
61301096
61301049
61300886
61302579
61302902
61302646
61302918
61302844
61303023
61303124
61303111
61303116
61303073
61303156
61302907
61303041
61303262
61303188
61303254
61303484
61303510
61303521
61303502
61303531
61303542
61303601
61303582
61303686
61301954
61301482
61302512
61301176
61317611
61317838
61317859
61318139
61317912
61301742
61318317
61301707
61301808
61303283
61303387
61303771
61302771
61303079
61302404
61302093
61303864
61303869
61304021
61303909
61303890
61303898
61304005
61304171
61304203
61304379
61304401
61304382
61304435
61303131
61303579
61303590
61302942
61302593
61318870
61318654
61318753
61319089
61318646
61318539
61318918
61318926
61302631
61304199
61304778
61304759
61304767
61304659
61319082
61302626
61304122
61304715
61304788
61304841
61303633
61303641
61303385
61303201
61303137
61304857
61304985
61305130
61305264
61305341
61305424
61305418
61305399
61305442
61305426
61305530
61305490
61305594
61303457
61319820
61320095
61303693
61304985
61305051
61319659
61305932
61306395
61305595
61304995
61304361
61304195
61304062
61304087
61320265
61320471
61320177
61320470
61320262
61320692
61320367
61320909
61320893
61320847
61304364
61304474
61305991
61306420
61305980
61306487
61306564
61305434
61306758
61306797
61306754
61305460
61305946
61305906
61305374
61305317
61305219
61305192
61305149
61305208
61305168
61305125
61306917
61307117
61307197
61306382
61306997
61305773
61307202
61307230
61307218
61306368
61307267
61309843
61309899
61309976
61310080
61309920
61309136
61310008
61310013
61309140
61309462
61309378
61309335
61308924
61308695
61308676
61308735
61309511
61309503
61308289
61309928
61308503
61309839
61309898
61308463
61309887
61310063
61310290
61310725
61309967
61310146
61308765
61310189
61311089
61311121
61311171
61311107
61311204
61311236
61311340
61311276
61311329
61311422
61309616
61309205
61325280
61325573
61325397
61310125
61311561
61311470
61310232
61311110
61310206
61311123
61311272
61311115
61311075
61311374
61311310
61311664
61311744
61310665
61311945
61311105
61311164
61311145
61310476
61309953
61326398
61310068
61311441
61311655
61311577
61311578
61311637
61311693
61310346
61311764
61311024
61312058
61312442
61312446
61312478
61312459
61311387
61311696
61311051
61311817
61311040
61310928
61310888
61310971
61312619
61312678
61313550
61312766
61311708
61313015
61313023
61313028
61313135
61313034
61312294
61313067
61313075
61313107
61313265
61313369
61313425
61313262
61313318
61313446
61313580
61313612
61313593
61313601
61313729
61313689
61313160
61313401
61313727
61313225
61313185
61313145
61313201
61313450
61313328
61313435
61311944
61312569
61312784
61313678
61313549
61313560
61312976
61311592
61313067
61313192
61313238
61313629
61313733
61313765
61313862
61313805
61313974
61314108
61314082
61314121
61314218
61312170
61328655
61312199
61312204
61312236
61312223
61313620
61313820
61313708
61314308
61314310
61314540
61314401
61314337
61314441
61314545
61314601
61314639
61314487
61314468
61314712
61313237
61314776
61314747
61314956
61314893
61315003
61315126
61315056
61314216
61313547
61313552
61313245
61313421
61313726
61313581
61313742
61314377
61315035
61314932
61314704
61314801
61313482
61314827
61314794
61313475
61314899
61313494
61314867
61314971
61313488
61314963
61313528
61313638
61315032
61314917
61313635
61315032
61313699
61313680
61315206
61315160
61315294
61315443
61315923
61314622
61315987
61315715
61315384
61329745
61314030
61329916
61330116
61330428
61330103
61314105
61313921
61315130
61314525
61316283
61316369
61316278
61316361
61316407
61316490
61316519
61316479
61314317
61316306
61316180
61315829
61314547
61314667
61314495
61315919
61315883
61314499
61330926
61316782
61316697
61316613
61316624
61316656
61317528
61317525
61317659
61317715
61317589
61317650
61316826
61316858
61316890
61316898
61317837
61317115
61317198
61317104
61317109
61317141
61317949
61317181
61317251
61317499
61317633
61317326
61318187
61317993
61317368
61317502
61317510
61317368
61317437
61317520
61332195
61317496
61315701
61316934
61318002
61332051
61316232
61318119
61316034
61318605
61316342
61318039
61317947
61316304
61318145
61318162
61318222
61318213
61318224
61318112
61318096
61318091
61318201
61318406
61318270
61317956
61316455
61317801
61317710
61316326
61316436
61332830
61316449
61316355
61318025
61317889
61316478
61316510
61316569
61316679
61317885
61317931
61320998
61319465
61335592
61319584
61335538
61335665
61336004
61335948
61319860
61320831
61320356
61319959
61336162
61335991
61336127
61320093
61320050
61320092
61320036
61319900
61320100
61320234
61320290
61320103
61320631
61322368
61322451
61322432
61322587
61322520
61322699
61322683
61322691
61322846
61322878
61322862
61322883
61322957
61322800
61322784
61322765
61322828
61322908
61322936
61322992
61323045
61323077
61323240
61323122
61323154
61323162
61323739
61322915
61322923
61323030
61323134
61323070
61323204
61323161
61323244
61323201
61323182
61323289
61323345
61323377
61323334
61323342
61323476
61323406
61323489
61323534
61337984
61322686
61323879
61323890
61323997
61323954
61323959
61324018
61324146
61324178
61323281
61322961
61324193
61324195
61324308
61322782
61323726
61323710
61323793
61322382
61322390
61322422
61322529
61322663
61322695
61322625
61338694
61324799
61322934
61323158
61323478
61338817
61339197
61338719
61338845
61339211
61338941
61338951
61338893
61322898
61322981
61323874
61325163
61325246
61325206
61325252
61325137
61325223
61325129
61324928
61325225
61325287
61324748
61324711
61339726
61339632
61323292
61323351
61324724
61323363
61325639
61325620
61325377
61325082
61323671
61323703
61339720
61339944
61339900
61339905
61339920
61340177
61340011
61323739
61339834
61339832
61323886
61339792
61323923
61340303
61323987
61324019
61324126
61340489
61324115
61324761
61326429
61326458
61325581
61326270
61326380
61326131
61325259
61340827
61326532
61326211
61340710
61326583
61326411
61340926
61340601
61340591
61340649
61325610
61324933
61326763
61326843
61326803
61326886
61326741
61326663
61326644
61326707
61326790
61326507
61326539
61326646
61326678
61326876
61326346
61324819
61324902
61324999
61325017
61325049
61325170
61341601
61325169
61325239
61341670
61327471
61327452
61327460
61327546
61327554
61327515
61327040
61327457
61327438
61327473
61327505
61327602
61327124
61327063
61341969
61342024
61341800
61342106
61325816
61325872
61325904
61325885
61326019
61325949
61325981
61325989
61326978
61326445
61326240
61326533
61328237
61328269
61328325
61328234
61327018
61328328
61327936
61327845
61327877
61327690
61342770
61342952
61342728
61342453
61342611
61342306
61342389
61328643
61328565
61329259
61329194
61328469
61326779
61327123
61327799
61327931
61327947
61327802
61328736
61328299
61328289
61326800
61326883
61327017
61343363
61343443
61343533
61343555
61343406
61343187
61343481
61343398
61343676
61343273
61327436
61327339
61327371
61328366
61327755
61327787
61327843
61329751
61329882
61329818
61329799
61329780
61329935
61329919
61329900
61330007
61329868
61329924
61329956
61328890
61330122
61330103
61330183
61330167
61330199
61330231
61330099
61330086
61330118
61330126
61330158
61330241
61330473
61328031
61329180
61330564
61330443
61330475
61330552
61330625
61330612
61330593
61330395
61330403
61330435
61328683
61328859
61328963
61329118
61329147
61329128
61330069
61330084
61330130
61330237
61330100
61329718
61331116
61331097
61329261
61329030
61345382
61345350
61345559
61345118
61345105
61345226
61329311
61329343
61329413
61329421
61329542
61329546
61329527
61329545
61329629
61329661
61330677
61330637
61330224
61330338
61332092
61332186
61332108
61332178
61332130
61331322
61332146
61332202
61335675
61336439
61334998
61335810
61335534
61335508
61335369
61333978
61334061
61334144
61350500
61350556
61350714
61350255
61350287
61350323
61350282
61350237
61334267
61334387
61336168
61335689
61336264
61336385
61336366
61336398
61336393
61336425
61336009
61334534
61336732
61336897
61336710
61336742
61337325
61336477
61336533
61334781
61334837
61334869
61335120
61335189
61335191
61335432
61335423
61335845
61351211
61351050
61351299
61351258
61350967
61335066
61337174
61337165
61337960
61337061
61337066
61335338
61335370
61335587
61335742
61337549
61351769
61335623
61335870
61337583
61337663
61337623
61337586
61336666
61336722
61337761
61337505
61335822
61336022
61336854
61337782
61337670
61337161
61337244
61337174
61335790
61335873
61352342
61352126
61351792
61352046
61352051
61336091
61337158
61338351
61338311
61338343
61338519
61338479
61338559
61338321
61338500
61338378
61338461
61338422
61338488
61338235
61338356
61336604
61336729
61337055
61337036
61337527
61337412
61338780
61338716
61338792
61338490
61338210
61336850
61336933
61353245
61353533
61353469
61337080
61339233
61339265
61339372
61339315
61338275
61339840
61339171
61339227
61339208
61339305
61337440
61337883
61338275
61339424
61339429
61339013
61338778
61337442
61337693
61354018
61353933
61354016
61337720
61337827
61338645
61340001
61340095
61340004
61337736
61338464
61339866
61339333
61354338
61354418
61354290
61354338
61353911
61353967
61354287
61354407
61354234
61338440
61337945
61340557
61340616
61340498
61340659
61340517
61340600
61340085
61340455
61340439
61340522
61340503
61340508
61338828
61339100
61339486
61340066
61338662
61355284
61355121
61354745
61339790
61340959
61340967
61340999
61341109
61341045
61341080
61341116
61340860
61340994
61339113
61339340
61339417
61339593
61340279
61341281
61341217
61340945
61340884
61339356
61355921
61355500
61355460
61355420
61355535
61339639
61339773
61339727
61339783
61339791
61339677
61341837
61340284
61341838
61341849
61341925
61339973
61356394
61356357
61356300
61340028
61341068
61342401
61342382
61342366
61342374
61342358
61342390
61342251
61341355
61342418
61342172
61342057
61340408
61340598
61340287
61356558
61356859
61356699
61356731
61340435
61340838
61340918
61342799
61342735
61342513
61340847
61340270
61356635
61356770
61356768
61340561
61340896
61342657
61342788
61342697
61342664
61342381
61340752
61341675
61342704
61342780
61340630
61340788
61340820
61357289
61356905
61357236
61340937
61340969
61341420
61343178
61343237
61343296
61343010
61343093
61341874
61342945
61343177
61357476
61341713
61343330
61343389
61343418
61343258
61343273
61343161
61343121
61343129
61343137
61343118
61343276
61343257
61343340
61342956
61357817
61357569
61357713
61357807
61341313
61343797
61343778
61343861
61343944
61344021
61343861
61343708
61343692
61343724
61343729
61343761
61343793
61342387
61343328
61344270
61344179
61343547
61358692
61358659
61358736
61358280
61358176
61358304
61342363
61342870
61344556
61344636
61344668
61344823
61344663
61344558
61344580
61342849
61343193
61343578
61344850
61344369
61344158
61342849
61342881
61359377
61358809
61343313
61345200
61345071
61345028
61344268
61344907
61344939
61343406
61344177
61359690
61359285
61343284
61345357
61345440
61345496
61345573
61345461
61345469
61345292
61345324
61343620
61344039
61344383
61345559
61345146
61360079
61359863
61359759
61360055
61360036
61359723
61344783
61345976
61345984
61346043
61345955
61345991
61346588
61343980
61344330
61344884
61344676
61344516
61344119
61344130
61344135
61360703
61360519
61344247
61344698
61346408
61346512
61346472
61346600
61346440
61346506
61346295
61344783
61345660
61346543
61346247
61344599
61361095
61360711
61344714
61345733
61350707
61350705
61350852
61350857
61350704
61349031
61350810
61350322
61350138
61348894
61365315
61365136
61364815
61349352
61351174
61351199
61351252
61351140
61351077
61351677
61350952
61351059
61349465
61350457
61350033
61350854
61350752
61349275
61349280
61349336
61349382
61349411
61349467
61365686
61349533
61349827
61351807
61351938
61351305
61349801
61366297
61366233
61349916
61352155
61352115
61352123
61350010
61350274
61350754
61351815
61351351
61349922
61366466
61366312
61350109
61352310
61352195
61352302
61352163
61352034
61352042
61352149
61352205
61350806
61351918
61366981
61366917
61350447
61351493
61352734
61352766
61352785
61352697
61352544
61350768
61351208
61351992
61352800
61352284
61350924
61350980
61351063
61351044
61367315
61367387
61351077
61353308
61353310
61353369
61353233
61353214
61353325
61353168
61353149
61351397
61351765
61352496
61353507
61352110
61351542
61351547
61351528
61351584
61368152
61367779
61351771
61352715
61353977
61353964
61354068
61353980
61353928
61368032
61352000
61352982
61354274
61354279
61354335
61354161
61354036
61354016
61354113
61353225
61368782
61368454
61368606
61352348
61354552
61354468
61354452
61354514
61352793
61354405
61352446
61352632
61368902
61368922
61368833
61352475
61354843
61353897
61354864
61352956
61369267
61368875
61352627
61355081
61355113
61355025
61354824
61354475
61352752
61369347
61368940
61353004
61355205
61355186
61355197
61354341
61354929
61353276
61353757
61354036
61355212
61354772
61353340
61353388
61355541
61355552
61353657
61355289
61369473
61355626
61355490
61353988
61355271
61369943
61355786
61355650
61354914
61370113
61355965
61355620
61354997
61355887
61353969
61370451
61370064
61354959
61356176
61356208
61356189
61355844
61355876
61354333
61354780
61356117
61355704
61355602
61354280
61370756
61370325
61354314
61355301
61356536
61356595
61356483
61356426
61356284
61356265
61354849
61356481
61356065
61354492
61371060
61370897
61370860
61355743
61356837
61356869
61357075
61356939
61356924
61354959
61355402
61356983
61355511
61356383
61371125
61370930
61357259
61357307
61357141
61356913
61355452
61356435
61357373
61356957
61356937
61355464
61371751
61357764
61357721
61357654
61356829
61357444
61355791
61356711
61357839
61357303
61355823
61372031
61371874
61356010
61356506
61357716
61355957
61356366
61356779
61358072
61357563
61355984
61372334
61372440
61356147
61357190
61358383
61358538
61358402
61358393
61356590
61357614
61358542
61358145
61357961
61356574
61356657
61373228
61372921
61372900
61356825
61357844
61359058
61359069
61359122
61359013
61359716
61357300
61359076
61358940
61356961
61373406
61373441
61357046
61357556
61359320
61359400
61359261
61359108
61357428
61358924
61373556
61373247
61357332
61359533
61359691
61359600
61359765
61359736
61359672
61359621
61357828
61358183
61358694
61359915
61359334
61357947
61357938
61374328
61374058
61357900
61357997
61360212
61360254
61360324
61360332
61359380
61360803
61360254
61359691
61374852
61374397
61374279
61358357
61358832
61360617
61360649
61360753
61360689
61360553
61360352
61358744
61359280
61360538
61360157
61360168
61374893
61374861
61374672
61358813
61358531
61361012
61360993
61361025
61361129
61360945
61360994
61360861
61360815
61375014
61359319
61360984
61361016
61360880
61360823
61359071
61359703
61360335
61375370
61359487
61361248
61361283
61360403
61361015
61361023
61359432
61359728
61360480
61375859
61361636
61361713
61361625
61361684
61361555
61360016
61360920
61361752
61361243
61359787
61375768
61376198
61359905
61359886
61359918
61359950
61359931
61359987
61360504
61362145
61362153
61362335
61362295
61362276
61362338
61362915
61362091
61362096
61360392
61360640
61361560
61362530
61362483
61362018
61360481
61360663
61360722
61377007
61377014
61376747
61360723
61361739
61363007
61363042
61363122
61363178
61363138
61362862
61362774
61362575
61361197
61377711
61377549
61377658
61377262
61362313
61363407
61363576
61363471
61361863
61362293
61363524
61362308
61362955
61362843
61361524
61377491
61378038
61377902
61377713
61362673
61362017
61361935
61363960
61363941
61363997
61364050
61363935
61363895
61363787
61363627
61363659
61362369
61377597
61377544
61365932
61366978
61368093
61368176
61368256
61367260
61367984
61368067
61368096
61366389
61366733
61367050
61367109
61367930
61366309
61366406
61382947
61383009
61382678
61382953
61366684
61367833
61367875
61368584
61368195
61366879
61383204
61382761
61382812
61366948
61366929
61369113
61369073
61368653
61367312
61367800
61369021
61368653
61367118
61383414
61366838
61369415
61369444
61369425
61369487
61369526
61369192
61369350
61369304
61367768
61368737
61369576
61367544
61369766
61369975
61369806
61369632
61368215
61368848
61383960
61370086
61369813
61368229
61368754
61370280
61369778
61368441
61384362
61384794
61384303
61368374
61368468
61370610
61370636
61370596
61370508
61369799
61370438
61370610
61369293
61370077
61370595
61370151
61385241
61385228
61384734
61368918
61371045
61371074
61370965
61368827
61369811
61370956
61369307
61371035
61371060
61370654
61369143
61385350
61385462
61369303
61369270
61369574
61371175
61371268
61370713
61371640
61371546
61371554
61372137
61371286
61369876
61369950
61369632
61372071
61372082
61372015
61371231
61372017
61371827
61370192
61370644
61371275
61372032
61370888
61372147
61371827
61371544
61370208
61386662
61386286
61370094
61372473
61372529
61372537
61372548
61372422
61372352
61370614
61370958
61371113
61371196
61371540
61373000
61372909
61372469
61372524
61387396
61387181
61370964
61370905
61372971
61371411
61372312
61373305
61372820
61371313
61387840
61387344
61373597
61373249
61371603
61371950
61373531
61373515
61403411
61389747
61389734
61389752
61389784
61388265
61388656
61388739
61389421
61390280
61389960
61389666
61388422
61404427
61404508
61404508
61389177
61390716
61390751
61390793
61390928
61389144
61405520
61405310
61405611
61405219
61405291
61389331
61388920
61389790
61391566
61391519
61389567
61389674
61389604
61406106
61405631
61390604
61391807
61391962
61391888
61391950
61392616
61391629
61391273
61389980
61390087
61392161
61392204
61392177
61392151
61392076
61392162
61390527
61390932
61390886
61390983
61392319
61392640
61392284
61406789
61391044
61392091
61392727
61391122
61391442
61392928
61407620
61393254
61393351
61393287
61393459
61393275
61391738
61392079
61392307
61393644
61393135
61391703
61391759
61407847
61407857
61391769
61392836
61394056
61394034
61394117
61394040
61392980
61393925
61408390
61392634
61394254
61392721
61394438
61393670
61392453
61392342
61408793
61408336
61392440
61392117
61394643
61394589
61394607
61394551
61394661
61394846
61394567
61392877
61393296
61394853
61394762
61392837
61392930
61409152
61409041
61393989
61395158
61395214
61395195
61395326
61395166
61395037
61395069
61393485
61393757
61394290
61394133
61395513
61394845
61394829
61393520
61410030
61409875
61409477
61393455
61394841
61395565
61393786
61394160
61394237
61395965
61395507
61410392
61410288
61410333
61394088
61395982
61396112
61396195
61396227
61396050
61394360
61394803
61395174
61396395
61395814
61410942
61410355
61394459
61395454
61396743
61396703
61397364
61395113
61395672
61395277
61394886
61394883
61397204
61397137
61397230
61396995
61395165
61396301
61397213
61396851
61396667
61411795
61411553
61411440
61396451
61397521
61397679
61397705
61397761
61397652
61397424
61395822
61396241
61397148
61412286
61411664
61395851
61395832
61396851
61398095
61398124
61398063
61397303
61397942
61398076
61398057
61396665
61398362
61397812
61396298
61412651
61412433
61396192
61396503
61398581
61398508
61398505
61398401
61398206
61398187
61396561
61396878
61397339
61398542
61398540
61396345
61398856
61398765
61398719
61398808
61398707
61396903
61398731
61396932
61399014
61398960
61399153
61399092
61399104
61398971
61397593
61399249
61399239
61398959
61397316
61397464
61413749
61413375
61397382
61397905
61399840
61399896
61399703
61399721
61399497
61399125
61397666
61397814
61414256
61414243
61414211
61414147
61398883
61400223
61400234
61400392
61400277
61400124
61398522
61398737
61400342
61400288
61400019
61398347
61414894
61414459
61398459
61398760
61400668
61400700
61400807
61400812
61400929
61400772
61401079
61398785
61398868
61415116
61415249
61398953
61399329
61401135
61401153
61400870
61401004
61399396
61399665
61401246
61401271
61399223
61415222
61415233
61400206
61401300
61401380
61401436
61401519
61401551
61401404
61401385
61399993
61400375
61401653
61401117
61416129
61416017
61415622
61399702
61399425
61401935
61401895
61401924
61401914
61402052
61401834
61400452
61400858
61401990
61401648
61416489
61416041
61401041
61402084
61402365
61402247
61402306
61402293
61402929
61400310
61400770
61401165
61402450
61401716
61400321
61400826
61402659
61402565
61402630
61403258
61400763
61401267
61401407
61402433
61400710
61400844
61400774
61417098
61421638
61407310
61407382
61407444
61405754
61406081
61406793
61407577
61405740
61421828
61406167
61406205
61408148
61408279
61408188
61408244
61408153
61408195
61406490
61407323
61408480
61408228
61407780
61406434
61422502
61422243
61406379
61406588
61406163
61408695
61408724
61408741
61408684
61406983
61408702
61408289
61423324
61422889
61422836
61422849
61406827
61406934
61407953
61409170
61409178
61409031
61408115
61409019
61408708
61407231
61407236
61407241
61423655
61409375
61410207
61407446
61407910
61409518
61409526
61408843
61424145
61423793
61407566
61407867
61409823
61409930
61409794
61409614
61409762
61408082
61408601
61409968
61409357
61423943
61424233
61408009
61408433
61410235
61410325
61410156
61410260
61410226
61410070
61410129
61408490
61409174
61410446
61410379
61408512
61408581
61408562
61424758
61424779
61408534
61410687
61410719
61410727
61410075
61410489
61408771
61410376
61408762
61410888
61410968
61410698
61410023
61424968
61424723
61411093
61411170
61411058
61411090
61411104
61410900
61409041
61411245
61409298
61410659
61425082
61411339
61411374
61409560
61411579
61409446
61409083
61411668
61411559
61409769
61411702
61426190
61409723
61411876
61411867
61410208
61411371
61425848
61409893
61412014
61411792
61410865
61410003
61409973
61412228
61411239
61411061
61411699
61409962
61412190
61412318
61410381
61411880
61426932
61411380
61412546
61412297
61411684
61427115
61410822
61412658
61412642
61410705
61412745
61427161
61410441
61412922
61412751
61411448
61412287
61427052
61413007
61413001
61413202
61411093
61411223
61413277
61413007
61411612
61412669
61411215
61413341
61413242
61411713
61428061
61413605
61413305
61412765
61413220
61427798
61412427
61413719
61414270
61413828
61411777
61427865
61414170
61414037
61413135
61411961
61428004
61414138
61412825
61412207
61414231
61414252
61414137
61414725
61412520
61414121
61413625
61428723
61412136
61414289
61414420
61414500
61414514
61414396
61412489
61429142
61428632
61413520
61414836
61414769
61414568
61413217
61412742
61429102
61429078
61412926
61415175
61415159
61415164
61415169
61429558
61429249
61415244
61415279
61415266
61415926
61413643
61414134
61415211
61413361
61429881
61429318
61413790
61415527
61415583
61415519
61415414
61415497
61413838
61415710
61415294
61413724
61429683
61413702
61415831
61415914
61415994
61415910
61413942
61414409
61416065
61415607
61414066
61430057
61430163
61414011
61414462
61416220
61416303
61416078
61414374
61415359
61416401
61415927
61414549
61430857
61414483
61414787
61416743
61416676
61416639
61414627
61415822
61416756
61416087
61430686
61414686
61416911
61416967
61416876
61416071
61416710
61415126
61416075
61416948
61416528
61415083
61431287
61431001
61417367
61417266
61417458
61417349
61417118
61415438
61415683
61416296
61416943
61431694
61431849
61416407
61417600
61417498
61417423
61415881
61416863
61417196
61415596
61419640
61417634
61417809
61417796
61417910
61417576
61415811
61416291
61416731
61417315
61432719
61431923
61416032
61418359
61418319
61418231
61418027
61416542
61416797
61418428
61417858
61432493
61418503
61418484
61418396
61418243
61416700
61417714
61418146
61433283
61432684
61416636
61418861
61418821
61418850
61418936
61418882
61417130
61417773
61418795
61417147
61433073
61433177
61417545
61419282
61419338
61419352
61419121
61418071
61418643
61418385
61419479
61419254
61419337
61417870
61418292
61419489
61417438
61434081
61433547
61417891
61419727
61420008
61419770
61420425
61417961
61418233
61418601
61419376
61417887
61434584
61433982
61418257
61420288
61420413
61420397
61420210
61419979
61418436
61419300
61420322
61434714
61418217
61420421
61420531
61420545
61420314
61418593
61420602
61419874
61434943
61434539
61419339
61420655
61420588
61420653
61421332
61418697
61419140
61419505
61420609
61418657
61435201
61434790
61418790
61419265
61420571
61420582
61420742
61418916
61435334
61435171
61418547
61421103
61421108
61421191
61420172
61419187
61419668
61421324
61419204
61435840
61435480
61419824
61421657
61421719
61421449
61419787
61420664
61421075
61419448
61436040
61435805
61419557
61421884
61421844
61421777
61422475
61421656
61420051
61421878
61419824
61435981
61422121
61422108
61422126
61420104
61421153
61422083
61420059
61436555
61436043
61419846
61422276
61422182
61422169
61421327
61423006
61420478
61420712
61421547
61422403
61436535
61421257
61420805
61422590
61420515
61436686
61420673
61420929
61422756
61422737
61422700
61422783
61422654
61420865
61422765
61422324
61437356
61437204
61420757
61420891
61421886
61422998
61423180
61423116
61423867
61422968
61421418
61422428
61423250
61421301
61437834
61437556
61422182
61423450
61423530
61423316
61423139
61421627
61422633
61423363
61423043
61423121
61421594
61437686
61423805
61423481
61422044
61423718
61423312
61422370
61423676
61423759
61423791
61423700
61422940
61423606
61422163
61423774
61423289
61421755
61421827
61424004
61423940
61422219
61422734
61423627
61422030
61438334
61422076
61422407
61424237
61424368
61424205
61424004
61422474
61423202
61424266
61423883
61438939
61438389
61422674
61424534
61424617
61424553
61424301
61422546
61422941
61423872
61424406
61422632
61438929
61422736
61423286
61424867
61424851
61425437
61422949
61423605
61424904
61424915
61422810
61439603
61428320
61428669
61430259
61430291
61430254
61430125
61430181
61428477
61428842
61429256
61429889
61444952
61444447
61430641
61430622
61430627
61430649
61428937
61430193
61445129
61444603
61429011
61430745
61430807
61431390
61428932
61429639
61429520
61428901
61445264
61445149
61428805
61431105
61431153
61431230
61430118
61430866
61429405
61430282
61430662
61429131
61445448
61430259
61431449
61431553
61430390
61429627
61431346
61430789
61445739
61445309
61430397
61431367
61431368
61431403
61431360
61431391
61431594
61431728
61431569
61429700
61430095
61431802
61431119
61446028
61446063
61429617
61429996
61431832
61431813
61431882
61431572
61430234
61431880
61431248
61429721
61446088
61432024
61430984
61431807
61430052
61432058
61432109
61432237
61432200
61430161
61430577
61432212
61430137
61446810
61430292
61432301
61432620
61432658
61432328
61430816
61432310
61431851
61446768
61430641
61432702
61432809
61432694
61430952
61431868
61432152
61430648
61447000
61431797
61432949
61432954
61432807
61431100
61432390
61431715
61430959
61446903
61431626
61433264
61433251
61433067
61431264
61432435
61432672
61447707
61447643
61431269
61433634
61433519
61433469
61433353
61432382
61433011
61431610
61447931
61447531
61433655
61433499
61431627
61432070
61433065
61447702
61432724
61433896
61433792
61433706
61432047
61433895
61433527
61448292
61448166
61432902
61434136
61434243
61434197
61434006
61432449
61434174
61447936
61432368
61434245
61434390
61434371
61434200
61432825
61433259
61434647
61434039
61432631
61448915
61448665
61433611
61434879
61434986
61434895
61434844
61433113
61434961
61434323
61449166
61432894
61433342
61435103
61434988
61434183
61432934
61435255
61435146
61434969
61433553
61435212
61434529
61433295
61449500
61433297
61435145
61434576
61433621
61435475
61435181
61433741
61434133
61435011
61449597
61449381
61433709
61435587
61435673
61436239
61433981
61435685
61435242
61433696
61449973
61433776
61433864
61436057
61436092
61436031
61435752
61434435
61435782
61435446
61434057
61450043
61434968
61436038
61436217
61436228
61435246
61434299
61435296
61435943
61434244
61450453
61435206
61436402
61436434
61436421
61434508
61434972
61450868
61450612
61434382
61436532
61436594
61436686
61436380
61434817
61435820
61436204
61451239
61436818
61434857
61436862
61450988
61434849
61437125
61437058
61437034
61436694
61435278
61435895
61437014
61436559
61435351
61437287
61437295
61437980
61435544
61437286
61436897
61435321
61451529
61451346
61435078
61437655
61437687
61437626
61437449
61436030
61437692
61436958
61451977
61451889
61435726
61436225
61437914
61437922
61437796
61437705
61436306
61437945
61437409
61452249
61451900
61438154
61438162
61437985
61437963
61452400
61438252
61438308
61438244
61438166
61436675
61437606
61437672
61452515
61437371
61438537
61438569
61438628
61438620
61452790
61436423
61437017
61436808
61452756
61438887
61438874
61438837
61438735
61437193
61439037
61438214
61453468
61453404
61437006
61439285
61439167
61437202
61437209
61439386
61439418
61439471
61440159
61437809
61453446
61439653
61439664
61439529
61439489
61439479
61437597
61439791
61439727
61439820
61438041
61439697
61453538
61439831
61438011
61439691
61437565
61453813
61437344
61439890
61440021
61439847
61438301
61439913
61439903
61437924
61437715
61439036
61438795
61439992
61439542
61438014
61454253
61439068
61440384
61438650
61439426
61454255
61438100
61438452
61440261
61440358
61440267
61440381
61438773
61440415
61440378
61438399
61454724
61454389
61439016
61440681
61440665
61438694
61439425
61440721
61440188
61454950
61438798
61439366
61440980
61440991
61440954
61440923
61455435
61438971
61439395
61441258
61441188
61440721
61455262
61440147
61441364
61441447
61440499
61440838
61439275
61441572
61441634
61442227
61439819
61441595
61441216
61456046
61439736
61440304
61441945
61442055
61441680
61440045
61440409
61440827
61456515
61456397
61442078
61441904
61440169
61442246
61442393
61441095
61441785
61456916
61456302
61440924
61442733
61442672
61442393
61440950
61442561
61440664
61456780
61441628
61442767
61441773
61457000
61441141
61443049
61442937
61442709
61441368
61443177
61441886
61441317
61443240
61442721
61457502
61441272
61441477
61443478
61443534
61443521
61443392
61442095
61443033
61443691
61441814
61458481
61458321
61444092
61443998
61443528
61458293
61446314
61444270
61443444
61444110
61442718
61444094
61444375
61444478
61442463
61443672
61444616
61442656
61444680
61444814
61443039
61444445
61442783
61445011
61444992
61444989
61444785
61443417
61443089
61445258
61445156
61443401
61445201
61444599
61459351
61459188
61443582
61445343
61445471
61445536
61445260
61443892
61445637
61444919
61445669
61443773
61445700
61445136
61445804
61446384
61444327
61445764
61443884
61460000
61443923
61446049
61446135
61444531
61444032
61460264
61446284
61444374
61446123
61445761
61460270
61444193
61446346
61446426
61446341
61447009
61444649
61445574
61445213
61446512
61444913
61445841
61460883
61446753
61446581
61460859
61444806
61446926
61447077
61445068
61446588
61461356
61445281
61447234
61447283
61446427
61445495
61447076
61461516
61444819
61446982
61445665
61447424
61446823
61461342
61445353
61447581
61447583
61447522
61447396
61445977
61447722
61462028
61447775
61447550
61446158
61447838
61447215
61462265
61461786
61445567
61448120
61447821
61446161
61448134
61448217
61447276
61446384
61446144
61448369
61448356
61448128
61447404
61448242
61447900
61462625
61446673
61448783
61448716
61448730
61448526
61447473
61446802
61447078
61448860
61448892
61448697
61448929
61446782
61463069
61446875
61447149
61449033
61449137
61448765
61447424
61449206
61448547
61463525
61447163
61449337
61449342
61449233
61449155
61447763
61463932
61447632
61449170
61449450
61447450
61463618
61448562
61449752
61449757
61449774
61449519
61447914
61448420
61449247
61447770
61464092
61449920
61449170
61447895
61464245
61447951
61450080
61450157
61448075
61464410
61447807
61450013
61455639
61470165
61456225
61454960
61455787
61470384
61454358
61456481
61455635
61457011
61456468
61454444
61456240
61456564
61454516
61456350
61456639
61471094
61455019
61456834
61471142
61455241
61456900
61470806
61456225
61456951
61456905
61471208
61456958
61456013
61456526
61471125
61455238
61455563
61457321
61457257
61457101
61457011
61457620
61457550
61455541
61456936
61457752
61456827
61457109
61455615
61457829
61457631
61456767
61457423
61472212
61455847
61458065
61458135
61457913
61456353
61457982
61455995
61472166
61456062
61458215
61458172
61458210
61458132
61456716
61458543
61456512
61472457
61456895
61458660
61456950
61456567
61458767
61458638
61456841
61458662
61458129
61472689
61458839
61458925
61457994
61458708
61457262
61458897
61456924
61473300
61457154
61459554
61458762
61458033
61459175
61457584
61457445
61459227
61459053
61458768
61458288
61459552
61457732
61459406
61457382
61473446
61457741
61459601
61459663
61459566
61473742
61459801
61459945
61457920
61459765
61474280
61457789
61459969
61459939
61458328
61459861
61457739
61459821
61458579
61460163
61458136
61474163
61458515
61459675
61474737
61458008
61460591
61458911
61460604
61458604
61474947
61458429
61460705
61460566
61460604
61460451
61459641
61460520
61460151
61474769
61474702
61458990
61460895
61460927
61460965
61460812
61459519
61461192
61461278
61460674
61459233
61460377
61460815
61459224
61461375
61461383
61461319
61461142
61459839
61459292
61461543
61461524
61461398
61459547
61460783
61461523
61459550
61461767
61461590
61461978
61459865
61461943
61462047
61462230
61460238
61476548
61462100
61462111
61460075
61460929
61461747
61476572
61476094
61460364
61462308
61462278
61462267
61476598
61476337
61460670
61462500
61462682
61462621
61462390
61460881
61462620
61460531
61476713
61461694
61462839
61462061
61460787
61461958
61462495
61477254
61460889
61463087
61463023
61462935
61462830
61461513
61462899
61477459
61477012
61460737
61463269
61463253
61462929
61461585
61462146
61461169
61477428
61461426
61463549
61463509
61463260
61461751
61462778
61463508
61461484
61477353
61462503
61463744
61463851
61463644
61462135
61463778
61463197
61477969
61462684
61463925
61464053
61462376
61462583
61478661
61462159
61464357
61464242
61464017
61463452
61463880
61478476
61462602
61464746
61464682
61464573
61464393
61464604
61462816
61478828
61464874
61464597
61463273
61464803
61462881
61479329
61462708
61465200
61465037
61463151
61464721
61464388
61479204
61463178
61465202
61465234
61465276
61464786
61463319
61479530
61463369
61465573
61463780
61464777
61465140
61480004
61464641
61465864
61465564
61464073
61464980
61465535
61463836
61480137
61463865
61466031
61466128
61466082
61465833
61464492
61464946
61466033
61464180
61480132
61465148
61466361
61464723
61466331
61464498
61480804
61465473
61466639
61466599
61467249
61464979
61466563
61464641
61481092
61464457
61466569
61465438
61466295
61480910
61464857
61466959
61466857
61466867
61480939
61464990
61467143
61465251
61466620
61481443
61465006
61467145
61467268
61465326
61481729
61466318
61467586
61465934
61465657
61481554
61465988
61467695
61467631
61467427
61466587
61467667
61466028
61482094
61465644
61467756
61466528
61468020
61467675
61482423
61466175
61468328
61468360
61467504
61482717
61466383
61468533
61468544
61466679
61468503
61482573
61468819
61468317
61467017
61466508
61468732
61468863
61469497
61467263
61468898
61466986
61483089
61467087
61469162
61469119
61469157
61468881
61467564
61469028
61483639
61467237
61469360
61469320
61469108
61467777
61469406
61468782
61467417
61483523
61467344
61469671
61469631
61469591
61469363
61468046
61469182
61483926
61468536
61470291
61469815
61483795
61467616
61469911
61468922
61468053
61468087
61470009
61470017
61470028
61469875
61468339
61468792
61470133
61484734
61468369
61470492
61468489
61470033
61485239
61470668
61470748
61471401
61469233
61470889
61468763
61485211
61468770
61470817
61469511
61470797
61468996
61485382
61469232
61471164
61471196
61470971
61469654
61471289
61470579
61471380
61471514
61469615
61471508
61471002
61485547
61471665
61471802
61471660
61469726
61469604
61471951
61471874
61471892
61470236
61472038
61469820
61486029
61485838
61472146
61472136
61471932
61470526
61472206
61471619
61486588
61470136
61472391
61472447
61472198
61470611
61474616
61472199
61470756
61472340
61470367
61470196
61472517
61471180
61487007
61470567
61472720
61472926
61472814
61472685
61471170
61472796
61472296
61486938
61472880
61471399
61473109
61471136
61487191
61472020
61473189
61473296
61472172
61487276
61471370
61473646
61473456
61473285
61471770
61473498
61472767
61487503
61471223
61473584
61473525
61487762
61471634
61473781
61474103
61473886
61473766
61472245
61474003
61472757
61474151
61473896
61472528
61474361
61473719
61488206
61474005
61473123
61473923
61488952
61472454
61472840
61474944
61474672
61488963
61488640
61473126
61474943
61473304
61473757
61475289
61475779
61473384
61475235
61473255
61489491
61474128
61475495
61475245
61489649
61473443
61475521
61475577
61475690
61475384
61473941
61475672
61475085
61490008
61475938
61474289
61490308
61476082
61476141
61475223
61474009
61476323
61476293
61476226
61474535
61476209
61490745
61490286
61476506
61476415
61476142
61474774
61476334
61474310
61490761
61474953
61476570
61475455
61476116
61490685
61475503
61476675
61476648
61476778
61490669
61476821
61476808
61476795
61476543
61491163
61474805
61477057
61476726
61475337
61475688
61476515
61491111
61475850
61492806
61476599
61478827
61478931
61479483
61477155
61477801
61478484
61493417
61493315
61478245
61479414
61479470
61479231
61477880
61479512
61478856
61493885
61479630
61477937
61479651
61479207
61494308
61478951
61480021
61480026
61478762
61478097
61479220
61479980
61478130
61494099
61480239
61478323
61480216
61478144
61494708
61494321
61480650
61480535
61479655
61478609
61479593
61480243
61478544
61494776
61478621
61480935
61480844
61479160
61479088
61495297
61479076
61481124
61481062
61480623
61495270
61478905
61481458
61481421
61479385
61495540
61481682
61481666
61481612
61481526
61480622
61481716
61481713
61482350
61480216
61481704
61479854
61496104
61481935
61481417
61479998
61482025
61482012
61480027
61481338
61481483
61496467
61496304
61480182
61480435
61482265
61482375
61481988
61481451
61496192
61479917
61482354
61481607
61481850
61496679
61482461
61480764
61481941
61482421
61497207
61496647
61482821
61482575
61483080
61480906
61497165
61480884
61483112
61483144
61483104
61482927
61483141
61497336
61483393
61483192
61481796
61483510
61481497
61497784
61481638
61483689
61483796
61482855
61483987
61498186
61483962
61483994
61483985
61482239
61484060
61490108
61504894
61489636
61490823
61490919
61490595
61489179
61505277
61491051
61491206
61491693
61489438
61491029
61489882
61491126
61489237
61490433
61490957
61489316
61505612
61489471
61491594
61491530
61489620
61491615
61491031
61505564
61489575
61491728
61491757
61491820
61505590
61491836
61491796
61491783
61491579
61490643
61491975
61491874
61491700
61491237
61491273
61506205
61490050
61492275
61490221
61492264
61490261
61506353
61490613
61492617
61492347
61506751
61490714
61492643
61492705
61492627
61491184
61492341
61490785
61507054
61490770
61492693
61492997
61492317
61506810
61491349
61492641
61491338
61492648
61507560
61491981
61493201
61493298
61493025
61492463
61492826
61491421
61507372
61491219
61493482
61491743
61491439
61507426
61493729
61493696
61493447
61492947
61493779
61493106
61491590
61493914
61493179
61493405
61508150
61491905
61494058
61493943
61493847
61492122
61492289
61494098
61492353
61494050
61492101
61507878
61491724
61494232
61494184
61493881
61492588
61494237
61492264
61491861
61494089
61493473
61493655
61508574
61494437
61492650
61493306
61509109
61492468
61494693
61494752
61493834
61508623
61494848
61494880
61494888
61494615
61494077
61494902
61493025
61509180
61493149
61495030
61495048
61493224
61493314
61495103
61494854
61493551
61495306
61493387
61509402
61493362
61495392
61495325
61495395
61493687
61509901
61495665
61495536
61495362
61493970
61495431
61495599
61495723
61495226
61509974
61494614
61495903
61495979
61495868
61494132
61496083
61493885
61510168
61494161
61496152
61496061
61496858
61494505
61496017
61495409
61495923
61496160
61495311
61494508
61495078
61494307
61496457
61496484
61494942
61496499
61494424
61494512
61496656
61495616
61496050
61511034
61494621
61496795
61496755
61497389
61494498
61496865
61496753
61496600
61495061
61495637
61496157
61511131
61495870
61497176
61495452
61495202
61495226
61497355
61497373
61498122
61496301
61497080
61511430
61497488
61495911
61497444
61511404
61497565
61497316
61495921
61497039
61497481
61496006
61497105
61512212
61495622
61495515
61496077
61495780
61512150
61496126
61497935
61497109
61496067
61496763
61495888
61512213
61496928
61498145
61497340
61496339
61498265
61497596
61512316
61495949
61498475
61496850
61498082
61512802
61512324
61496708
61498688
61498319
61498448
61512501
61498737
61497125
61498114
61512690
61499145
61498773
61497813
61512970
61497274
61499032
61497338
61513013
61499148
61499186
61498062
61498793
61513202
61498082
61499401
61498575
61497514
61513108
61499266
61499900
61497727
61498884
61513476
61497206
61499506
61499493
61499215
61513723
61497181
61497533
61499455
61499391
61499190
61498826
61497713
61499710
61498085
61499632
61497160
61499692
61497967
61499767
61497617
61497432
61499595
61498278
61500040
61498077
61514259
61500207
61500256
61499986
61514511
61500349
61500384
61500207
61498853
61499709
61498477
61500579
61500734
61500372
61498503
61500690
61500769
61500589
61499827
61500333
61514909
61499885
61501105
61500191
61499566
61501054
61515416
61499000
61500872
61498935
61501224
61501222
61501045
61500384
61501267
61501350
61499437
61501408
61500220
61502096
61501467
61499500
61501536
61501407
61501666
61499495
61515830
61501693
61501742
61500327
61515625
61501770
61501856
61501607
61499775
61501898
61501981
61502071
61500258
61502102
61516330
61502397
61500610
61501676
61501697
61516934
61500371
61502398
61502433
61502034
61500535
61501210
61500321
61516265
61502522
61502431
61502209
61500214
61502465
61502527
61500625
61516860
61502795
61502495
61501126
61502833
61500755
61501565
61502806
61502538
61516806
61501590
61502670
61502579
61502453
61500758
61500851
61503008
61503023
61501480
61502038
61503280
61503274
61501711
61503346
61501284
61517492
61502345
61503520
61503394
61501924
61503382
61501675
61503680
61502927
61503386
61517962
61501831
61503882
61503869
61503720
61502287
61503844
61501881
61518257
61502945
61504282
61504146
61503969
61502625
61504209
61502233
61518543
61502606
61504565
61504501
61518499
61503011
61504550
61504561
61504384
61502995
61504227
61518845
61502934
61504794
61504559
61503720
61502971
61502866
61504628
61504508
61518857
61502895
61505021
61505056
61504906
61504498
61503420
61505304
61505106
61503775
61505206
61519310
61505193
61503712
61503291
61519259
61505486
61505398
61505377
61503832
61519835
61505671
61503850
61505838
61519680
61503756
61505909
61505863
61505184
61505745
61504428
61506074
61520333
61504135
61504474
61506349
61520180
61504468
61504626
61520810
61505354
61506523
61506439
61506169
61505421
61505841
61520993
61508849
61506483
61506320
61504539
61506662
61506676
61505054
61506704
61504490
61506527
61506759
61504687
61521060
61505042
61506995
61506765
61504805
61507111
61507065
61505032
61507239
61505157
61505102
61507351
61505702
61506753
61521256
61507479
61507460
61508132
61506711
61505436
61521489
61507586
61507662
61507148
61505652
61507882
61507773
61505857
61506929
61507295
61522052
61506345
61507938
61507369
61521942
61508130
61508185
61506386
61506965
61508296
61508146
61506730
61508236
61506338
61522625
61506457
61506825
61508234
61522641
61506989
61508551
61507489
61523047
61507826
61509097
61507325
61509083
61507172
61506885
61508240
61509086
61508457
61523441
61509290
61509271
61509127
61507657
61509327
61507231
61523497
61507754
61509638
61509574
61507781
61509677
61509267
61523786
61507685
61509910
61509843
61509674
61523494
61509939
61510001
61509779
61508546
61507828
61509904
61508378
61509477
61524146
61507863
61510013
61509098
61524260
61508951
61510144
61509171
61508108
61509266
61507747
61510067
61510099
61509891
61508550
61510178
61510193
61510136
61509373
61508227
61524603
61510476
61510508
61508715
61524824
61508291
61510478
61509761
61510120
61525029
61509621
61510895
61510657
61510630
61509400
61510368
61524989
61509725
61510894
61511007
61508995
61525200
61511244
61511276
61511105
61509635
61510685
61525464
61508888
61511420
61509438
61510371
61511588
61510905
61509779
61511510
61509379
61511371
61510653
61510937
61525585
61511671
61511741
61511743
61509694
61511919
61511978
61511708
61510993
61511675
61526166
61509783
61511844
61511075
61511489
61526275
61510939
61512063
61512085
61512063
61526218
61512311
61512227
61512080
61511284
61526492
61510389
61512366
61511516
61510391
61511250
61511684
61526551
61512434
61512396
61510440
61526758
61512607
61512516
61512554
61510641
61511246
61512163
61526485
61510848
61512753
61512716
61512628
61511988
61526876
61513009
61512688
61511347
61511543
61527334
61512929
61511829
61510976
61511051
61513153
61513212
61512965
61510968
61526957
61513269
61513232
61513226
61511426
61513319
61511223
61527548
61511479
61513494
61513457
61513318
61512066
61512221
61527929
61513727
61511934
61513881
61513444
61528001
61512873
61514202
61512153
61513963
61511912
61528222
61512132
61514231
61514167
61514017
61512598
61528566
61514541
61512379
61514227
61528518
61512350
61514476
61514490
61514095
61512550
61514580
61512700
61514614
61514084
61528680
61512952
61514809
61514803
61513048
61513224
61529219
61528883
61513121
61514906
61513866
61513049
61512677
61515044
61514933
61513181
61515032
61529445
61513005
61515154
61515186
61515036
61513014
61513325
61515376
61515100
61514290
61514867
61529501
61514019
61513807
61513609
61513439
61515664
61515394
61515660
61513553
61515655
61515744
61514085
61515714
61530137
61515845
61514892
61515236
61529686
61515994
61515999
61516684
61513970
61516194
61516232
61514220
61516226
61538208
61521625
61523754
61523888
61523694
61522299
61523985
61538405
61521931
61523620
61521738
61523854
61523865
61523688
61523099
61523240
61538149
61537749
61524003
61523963
61523837
61522157
61522819
61523927
61538477
61537933
61524211
61524099
61524212
61522588
61538159
61524463
61524549
61524331
61522870
61524370
61522274
61538773
61524649
61524558
61524624
61523229
61539070
61522681
61524725
61524811
61524603
61523112
61524655
61539167
61522727
61524805
61524840
61524618
61523754
61524858
61522759
61539183
61523874
61525067
61525034
61523309
61525000
61522966
61522874
61524756
61523925
61523138
61539167
61523130
61525197
61525307
61525154
61523711
61525380
61539632
61524245
61525363
61525104
61524542
61524827
61539587
61524307
61525497
61525498
61525402
61523983
61523513
61525612
61523774
61539689
61525796
61524075
61524617
61525199
61539914
61523938
61525965
61526072
61526107
61524554
61524021
61540171
61523969
61526138
61526101
61526097
61540276
61526410
61526287
61525653
61525740
61524454
61526378
61525434
61524640
61540893
61525074
61526880
61525337
61524848
61524683
61526809
61525540
61526423
61541488
61527283
61527288
61527042
61528439
61527372
61529208
61527265
61543371
61543192
61527814
61529527
61529541
61527669
61529787
61529070
61543633
61527870
61528168
61530011
61529087
61528122
61544341
61528134
61530375
61530281
61530083
61528766
61530350
61529756
61544765
61528417
61530645
61530530
61530620
61529752
61530024
61544831
61528474
61530540
61529409
61530134
61545357
61544936
61529707
61530873
61531031
61530946
61528982
61530167
61530846
61528962
61531120
61529318
61529133
61544961
61529318
61531199
61531193
61531009
61530001
61529124
61531491
61531472
61531199
61529300
61545295
61531651
61531485
61531568
61531169
61529927
61531382
61545828
61529508
61531610
61531693
61531591
61529833
61530764
61530833
61545892
61529596
61531923
61531763
61529635
61530660
61531687
61531906
61531914
61531668
61530660
61531381
61545844
61531996
61531838
61531595
61546046
61531027
61532046
61532084
61531883
61530607
61546039
61530026
61531963
61532225
61546662
61530249
61530112
61532377
61532244
61530181
61531065
61531469
61532461
61532185
61530817
61532404
61531964
61546652
61530484
61530737
61532771
61532656
61532455
61530988
61532719
61532186
61547071
61530385
61532446
61531806
61532381
61547068
61532933
61530893
61530873
61533002
61532777
61532916
61547404
61531158
61532178
61533088
61547309
61533261
61533242
61531565
61532684
61531100
61533568
61533145
61533165
61547229
61533648
61533201
61532271
61547386
61533736
61533463
61532724
61531701
61531988
61533776
61531767
61533684
61547810
61533928
61533888
61532539
61531914
61532904
61534019
61533588
61531956
61534256
61532223
61534149
61548146
61534356
61533940
61534319
61548319
61534536
61534191
61532796
61534106
61548551
61534624
61535333
61534719
61549012
61534909
61534705
61534718
61548636
61534938
61534591
61533297
61534426
61548742
61534975
61534879
61534981
61535149
61535109
61533130
61535344
61535400
61533693
61535116
61533130
61534472
61533461
61548971
61535487
61535321
61536024
61533776
61549813
61535904
61535816
61535588
61534841
61535182
61549919
61534839
61535960
61535941
61535811
61534320
61535922
61535249
61534069
61533967
61536138
61534273
61535124
61535684
61550545
61550196
61534172
61536290
61536116
61534580
61536329
61535751
61550474
61536533
61535636
61551023
61535540
61536685
61536750
61534828
61535583
61534730
61550584
61536829
61536963
61537495
61535397
61536793
61536158
61550822
61534705
61537101
61537157
61536175
61536494
61535210
61537261
61537841
61535470
61537009
61535054
61550923
61535457
61537191
61536250
61537124
61535606
61537286
61536983
61537407
61535419
61537612
61551670
61535513
61537690
61537390
61536682
61535502
61536609
61537751
61537430
61537139
61535777
61537930
61536903
61551999
61537978
61537966
61537724
61536266
61537232
61536570
61536064
61535961
61538169
61536558
61538169
61552435
61538403
61536593
61537624
61538241
61552630
61537471
61538667
61537735
61536529
61552827
61536630
61536999
61536678
61537465
61538930
61538911
61539518
61538750
61552837
61536981
61538872
61538956
61539498
61537205
61538720
61536728
61553066
61537120
61539019
61538952
61538994
61537098
61537805
61537011
61539460
61539828
61539138
61539422
61539167
61537901
61539332
61537536
61553714
61537063
61539544
61538739
61537441
61538247
61539495
61554058
61537426
61537676
61539818
61554225
61553761
61537823
61539874
61540059
61538991
61554212
61537628
61540235
61540096
61539916
61538401
61540111
61554124
61540256
61538511
61538996
61538287
61554153
61540365
61539735
61554897
61539068
61540616
61539036
61540298
61554722
61540562
61539242
61540778
61538768
61554924
61538404
61538991
61540675
61555177
61539248
61541051
61541189
61539135
61539183
61541189
61541221
61541184
61541007
61539765
61541268
61539373
61555848
61540236
61541600
61541614
61539647
61541522
61540863
61555577
61540412
61541629
61541647
61539823
61541647
61540943
61540535
61541567
61540613
61541537
61556298
61556135
61541779
61541778
61555786
61541947
61542003
61540563
61556315
61539790
61542247
61542073
61540551
61541066
61556753
61556180
61542395
61542221
61541435
61542085
61556863
61556292
61542590
61542547
61541919
61556537
61541564
61542784
61542696
61542420
61541559
61542352
61542800
61541710
61542679
61541950
61542416
61540936
61557160
61541053
61543128
61543160
61542985
61557431
61541479
61543261
61543228
61541500
61543371
61557263
61543451
61541460
61543554
61543562
61543501
61543351
61541959
61543468
61543608
61543709
61543385
61542796
61543604
61541628
61558130
61542048
61543923
61543104
61558016
61542338
61544099
61543963
61543837
61542418
61543934
61542179
61544246
61544233
61542299
61542976
61542157
61544454
61545040
61542714
61543952
61558741
61558306
61544430
61544462
61544518
61545227
61542757
61543798
61544278
61542528
61559030
61542768
61545119
61545138
61544077
61543052
61543657
61543017
61558953
61543926
61543243
61545162
61545015
61543195
61543782
61544914
61547307
61545166
61543496
61544584
61559434
61543840
61545383
61545223
61545094
61543777
61543176
61545567
61545404
61545104
61543712
61544192
61545354
61545445
61545469
61543735
61545439
61543388
61543394
61545506
61544087
61543622
61543860
61545771
61545683
61560291
61543671
61545872
61545877
61545840
61544221
61545234
61546121
61545872
61544558
61546040
61543885
61545379
61544276
61545013
61545543
61560588
61544642
61544713
61545681
61560281
61544300
61546429
61546461
61545680
61544727
61544321
61546777
61546591
61545783
61546446
61545636
61546689
61544692
61561017
61546890
61545292
61546325
61561367
61545047
61547176
61547034
61547668
61545294
61545798
61545103
61561452
61545769
61547210
61547221
61547873
61545649
61545201
61547568
61547477
61546276
61546919
61545484
61561473
61547685
61547714
61547294
61546171
61547749
61546980
61546476
61545817
61547665
61545958
61561826
61545591
61547791
61546369
61562166
61546929
61548146
61548079
61548031
61546564
61548199
61546097
61550646
61546538
61546367
61562137
61546695
61548624
61548410
61548257
61546865
61548415
61562705
61548525
61547044
61548505
61546550
61562862
61562673
61547033
61548893
61548877
61548724
61563144
61547044
61549197
61549055
61549039
61548964
61547569
61549198
61548662
61547257
61563513
61547409
61549610
61549439
61547996
61549194
61563989
61548530
61549795
61549803
61549527
61548042
61549746
61549760
61549775
61548290
61549573
61563973
61550108
61548222
61550067
61548094
61550171
61550021
61549432
61550186
61548189
61564361
61550390
61549542
61550404
61564824
61564328
61550438
61550521
61550221
61548856
61550485
61549709
61550513
61550671
61550389
61549558
61548390
61550916
61550712
61549179
61551109
61565203
61551183
61550988
61549620
61551006
61549211
61565224
61549267
61551468
61551428
61549854
61551064
61549390
61551532
61550618
61549771
61551649
61551110
61566025
61565774
61549955
61551962
61551895
61551230
61549959
61552036
61551945
61551750
61552002
61566075
61552186
61550369
61551447
61550042
61566421
61550586
61552277
61552387
61551737
61566508
61550323
61552437
61550881
61550874
61567008
61552816
61552896
61552767
61550940
61552082
61550756
61552885
61551023
61551631
61552341
61567220
61551340
61552175
61551026
61551023
61553021
61553093
61567028
61550989
61552897
61551610
61553293
61553274
61553384
61551546
61551911
61553348
61567668
61553637
61553449
61552197
61553856
61551754
61576308
61560174
61560956
61561938
61576679
61562477
61562402
61560815
61576879
61562694
61562743
61562651
61561273
61562717
61561031
61577291
61560630
61561440
61562473
61577110
61563217
61561262
61561222
61577366
61562190
61563380
61562351
61577874
61561489
61563666
61563671
61562978
61563331
61578079
61562325
61563984
61563920
61563668
61562300
61563610
61578423
61561908
61564085
61563335
61578276
61562993
61564333
61563272
61562308
61564385
61562314
61578248
61564443
61564442
61563830
61578500
61562412
61564490
61564450
61564572
61578785
61562769
61564752
61564746
61562306
61564663
61562988
61564192
61562608
61565001
61562917
61564806
61579486
61564002
61565096
61563634
61565137
61564478
61579273
61563456
61565514
61563559
61564761
61579745
61563238
61565626
61565586
61565409
61564041
61579710
61565885
61565832
61563868
61565039
61563791
61563935
61566190
61566195
61566072
61564287
61566197
61564111
61580679
61564314
61566464
61566469
61565597
61566082
61580967
61565535
61566776
61566671
61564703
61565458
61564653
61566878
61566889
61566647
61566133
61566332
61581053
61567114
61567286
61566986
61566421
61565623
61581186
61565164
61567293
61567346
61566282
61565609
61567140
61566828
61581524
61565590
61567423
61565996
61567505
61565529
61581929
61565356
61567690
61566647
61567494
61566585
61567241
61582210
61568438
61583502
61569715
61569689
61568190
61569476
61583981
61569008
61570242
61570345
61570179
61569474
61584741
61568093
61570598
61570714
61568912
61570192
61585053
61584799
61570844
61570782
61569329
61570999
61585528
61568838
61570666
61569253
61570940
61585377
61585038
61569566
61571310
61571372
61569435
61571355
61569471
61585337
61569868
61571752
61571586
61571385
61570017
61585895
61569907
61571879
61572037
61571794
61570351
61571935
61569935
61570735
61572157
61571932
61570489
61572073
61586364
61571159
61572298
61572207
61572081
61572514
61586436
61570396
61572675
61572611
61571037
61572119
61586848
61571746
61572987
61571314
61572847
61587359
61570898
61573099
61572888
61573661
61571304
61573095
61571058
61571034
61573358
61573246
61573000
61571584
61572911
61587772
61571305
61573379
61573432
61572344
61571773
61573392
61587784
61571770
61573641
61572285
61573083
61587900
61572085
61573894
61573624
61572731
61573309
61588494
61572807
61574105
61572488
61587952
61574113
61574166
61573951
61572634
61573869
61588637
61573066
61574211
61572787
61572339
61588154
61574520
61574501
61575068
61572313
61574402
61574437
61574311
61573549
61574201
61572568
61588685
61572570
61574792
61574875
61573726
61574789
61589400
61572831
61575086
61575009
61573815
61589029
61575163
61575267
61575774
61573564
61573548
61575248
61575310
61575079
61573813
61575424
61575534
61575474
61575391
61589834
61575642
61575821
61576370
61589650
61576030
61575853
61575604
61574260
61575830
61590284
61575924
61574422
61574574
61590415
61574020
61574564
61575882
61590400
61575252
61576346
61576347
61575191
61590530
61576693
61576622
61576370
61575077
61575195
61576781
61575111
61574841
61574578
61576615
61576802
61574942
61591069
61575897
61577080
61577142
61576869
61574932
61577146
61577181
61577069
61575776
61576957
61577395
61577321
61576471
61576914
61591583
61575534
61577676
61577804
61575685
61591698
61577835
61576090
61577366
61578002
61577753
61576460
61576537
61592475
61576089
61578177
61578233
61577909
61576763
61576624
61578631
61578157
61577592
61577901
61578585
61578408
61577368
61577933
61592944
61576621
61578849
61578737
61576800
61578645
61576669
61593059
61576889
61579015
61579004
61593502
61578910
61579656
61577282
61578935
61579147
61579312
61577691
61578829
61593514
61579392
61577863
61578996
61594034
61577495
61579672
61578599
61577548
61593591
61579896
61579925
61579631
61578674
61579105
61594293
61579962
61578970
61594476
61578162
61580224
61580337
61580037
61580197
61594589
61578344
61580593
61580409
61580208
61578840
61580397
61578421
61580590
61578776
61580402
61578528
61578549
61580815
61580796
61580601
61579086
61580646
61578799
61595022
61579750
61580848
61580928
61580757
61579239
61581021
61578925
61578842
61580272
61581101
61595082
61579251
61581278
61580449
61595498
61581344
61581098
61581252
61579432
61579432
61581507
61579903
61579584
61579605
61581683
61579848
61581621
61595832
61581814
61581666
61579835
61581961
61579970
61581268
61595967
61581891
61580231
61581135
61579818
61582043
61582041
61581714
61580445
61581954
61596387
61579847
61581332
61580653
61581669
61596776
61580561
61582612
61580963
61580515
61596459
61582761
61582649
61580757
61582587
61580109
61582685
61581733
61580585
61582577
61581347
61582677
61581127
61582636
61580905
61581572
61582717
61582227
61581600
61597626
61581152
61583237
61583419
61581257
61597681
61581262
61583450
61597909
61582337
61583551
61583391
61581694
61583371
61597450
61583498
61582957
61583208
61584036
61583771
61583706
61583015
61583186
61598184
61583944
61583881
61598267
61581899
61584199
61584002
61582986
61582164
61584341
61584226
61584325
61582930
61584415
61598882
61584622
61583429
61582672
61598736
61584867
61584659
61583106
61584334
61598886
61584945
61584942
61582927
61585161
61599410
61582802
61585222
61585073
61583496
61585053
61599089
61583988
61585235
61585162
61599586
61584181
61585545
61585331
61585304
61584437
61584778
61585702
61583851
61585630
61583603
61599501
61585828
61585139
61583794
61585958
61583973
61600087
61586075
61585778
61584440
61585952
61600467
61583703
61584312
61586043
61600630
61584121
61584638
61585672
61600422
61585206
61586410
61584468
61600369
61586543
61586506
61584563
61600616
61585247
61586560
61586490
61600375
61586731
61586715
61586466
61585149
61586631
61601135
61584794
61586818
61586939
61586781
61587123
61587137
61586984
61586269
61586584
61601736
61586259
61587377
61585728
61601560
61585648
61587655
61587294
61585806
61587325
61585390
61587494
61587443
61586600
61585641
61601589
61585575
61587843
61586146
61587152
61602150
61587876
61588085
61587895
61587884
61602091
61588084
61587204
61586086
61586027
61588276
61588260
61586341
61588302
61586257
61602640
61588366
61588299
61588146
61586640
61588293
61602794
61602555
61588178
61586920
61588087
61602690
61586353
61588527
61587261
61588124
61603108
61602821
61588971
61587034
61603311
61586669
61589177
61589141
61587383
61586975
61589149
61589238
61587274
61589263
61589406
61589103
61587786
61589268
61603458
61587343
61589547
61588616
61587810
61589415
61603855
61587565
61589554
61587778
61589746
61589039
61604191
61587498
61589647
61589236
61590115
61590150
61589850
61588506
61590015
61588298
61589924
61589977
61589881
61588435
61590186
61604527
61588111
61590360
61590248
61588287
61590231
61604620
61588166
61590384
61590231
61588503
61590252
61588354
61604330
61588508
61590587
61590469
61590230
61588954
61590367
61604533
61588861
61590580
61588757
61604719
61588748
61591134
61590821
61589632
61589118
61590890
61590938
61591628
61589383
61590943
61588960
61605222
61590024
61591217
61590992
61590352
61591248
61590121
61590227
61590691
61605301
61589675
61591433
61591318
61589651
61591458
61589266
61605391
61591461
61589928
61591006
61605822
61589652
61591518
61591694
61591370
61589984
61591640
61589640
61591621
61589872
61590912
61591195
61605945
61590240
61592022
61592064
61590357
61591920
61606483
61605917
61592118
61592174
61591976
61590557
61592141
61590192
61606442
61592130
61590607
61592239
61606308
61590628
61592539
61592377
61590721
61606587
61592528
61592659
61592701
61591069
61592640
61590691
61606786
61591125
61591798
61590912
61607291
61591315
61593196
61592897
61590921
61607222
61591332
61593210
61592964
61591647
61592842
61607616
61593376
61593312
61593090
61591644
61593381
61607685
61591443
61593545
61591872
61591376
61607830
61591875
61593855
61593671
61592001
61593086
61592086
61593940
61593616
61593779
61591878
61592709
61594079
61593755
61591979
61592027
61594091
61593883
61593694
61594372
61594332
61593363
61593101
61594383
61593128
61592119
61594288
61592477
61593123
61608317
61592344
61594352
61594539
61609054
61593544
61594644
61594664
61592608
61594884
61594748
61594400
61609235
61592819
61594993
61594908
61594629
61594802
61609393
61592902
61595178
61594878
61593411
61595067
61594534
61609104
61595428
61595142
61594590
61609309
61594481
61594151
61593622
61594474
61595667
61595322
61595506
61594987
61593554
61595734
61594037
61593699
61593668
61595985
61595634
61594794
61595343
61610242
61594005
61596099
61595928
61595339
61594139
61610464
61596268
61596106
61596412
61610661
61594245
61596296
61596355
61594266
61595203
61594316
61595261
61610690
61596409
61596511
61594640
61596629
61597263
61596618
61594559
61596808
61596559
61596223
61610967
61596789
61595113
61596180
61595946
61597061
61595668
61611506
61595479
61597261
61597015
61596207
61611660
61596425
61597329
61597292
61595499
61596624
61595366
61597618
61597305
61597369
61595503
61595471
61597471
61597509
61595983
61595696
61611863
61597779
61597779
61596682
61595809
61612349
61595744
61598086
61597786
61597170
61597565
61596021
61598315
61598080
61598189
61597577
61597053
61598267
61597994
61598253
61612655
61596269
61598470
61596386
61597711
61612509
61598520
61597793
61596807
61597855
61599719
61614503
61600449
61599554
61599307
61598350
61600674
61600613
61598948
61600131
61598548
61600749
61600380
61599141
61598798
61614773
61600982
61600969
61599242
61600928
61615232
61601105
61601092
61599464
61601228
61615710
61601091
61599931
61599582
61615544
61600509
61601664
61601297
61601659
61609796
61611056
61611280
61611339
61609687
61609135
61610087
61625471
61610290
61625550
61611594
61611398
61609342
61609591
61625928
61611619
61611603
61610856
61611268
61626087
61611817
61611930
61611809
61626182
61610790
61612130
61612662
61612065
61610476
61612285
61610468
61612292
61626417
61612362
61610566
61611531
61610121
61612388
61613143
61611295
61612015
61626510
61612674
61610974
61611918
61626667
61611563
61612759
61611209
61612180
61626627
61612866
61612566
61611345
61612577
61627199
61611930
61613195
61612991
61611404
61627447
61611668
61613037
61612976
61612262
61627815
61612326
61613546
61613386
61613546
61627516
61613640
61613525
61611981
61613457
61627999
61612540
61613634
61612156
61611930
61613063
61612727
61613947
61613708
61612313
61613428
61627737
61614021
61613961
61613051
61611878
61627891
61614130
61614004
61613286
61613721
61628537
61614335
61614514
61614244
61613526
61628899
61612323
61614749
61614559
61614310
61613281
61612586
61612634
61614818
61614607
61613105
61614593
61629023
61614711
61614839
61614443
61613140
61612743
61628845
61615040
61614949
61615532
61613918
61612712
61614885
61614817
61613347
61629558
61613947
61615151
61613292
61615223
61629577
61615488
61615386
61615076
61614548
61629665
61615514
61615402
61615275
61629670
61615570
61614694
61614430
61629585
61615722
61615201
61615813
61614014
61613353
61616385
61614010
61615805
61615277
61614257
61615874
61614667
61629995
61615940
61614843
61629977
61614217
61615401
61613979
61616159
61615038
61615430
61614167
61616314
61615918
61615129
61630271
61616367
61616453
61614404
61616252
61615177
61616469
61614865
61615887
61630868
61616891
61616444
61614553
61616751
61614664
61616211
61614716
61616882
61616606
61614922
61616972
61616723
61631065
61616972
61616974
61616985
61616883
61616841
61631677
61617287
61617014
61617294
61615287
61631350
61617470
61617170
61615898
61617136
61632080
61616490
61617731
61616710
61632225
61617763
61618496
61617276
61616824
61617897
61616347
61631947
61618062
61616053
61617949
61632358
61618258
61616270
61617779
61632204
61618492
61618333
61617325
61632758
61618323
61617505
61616565
61618529
61617392
61618376
61617117
61618565
61616765
61618840
61618875
61618802
61616843
61616293
61619616
61618274
61618439
61633193
61619378
61617345
61619014
61633606
61619554
61619458
61618478
61617448
61616856
61619347
61618417
61617507
61633737
61619657
61618001
61634119
61619814
61618240
61619322
61617759
61619909
61620022
61618172
61619927
61633954
61620099
61619957
61618996
61634409
61620210
61620173
61618182
61620177
61634265
61620362
61619435
61618208
61618600
61620478
61618757
61619893
61634472
61620537
61619272
61620721
61620814
61620683
61634609
61620948
61620836
61619430
61634991
61621073
61621105
61619417
61620920
61635592
61620184
61621227
61619167
61619986
61635106
61621376
61621144
61620808
61635464
61621593
61619485
61621651
61635896
61621824
61620583
61635822
61621770
61621757
61620255
61619858
61619804
61621981
61620116
61620137
61636301
61622243
61622083
61620632
61621669
61636420
61622440
61622044
61620261
61620370
61622445
61622196
61621208
61620438
61636858
61622608
61622640
61623196
61621816
61620023
61620519
61621775
61621221
61622748
61621123
61622823
61620850
61620745
61623018
61623053
61621212
61623093
61637023
61621140
61622965
61623126
61621188
61623267
61621933
61621452
61623472
61621799
61622830
61637574
61623498
61623533
61623383
61622222
61622830
61637742
61623789
61623725
61623693
61637983
61621983
61623990
61622755
61638165
61623936
61622389
61638251
61624203
61622404
61638447
61624080
61622057
61621996
61624138
61623916
61638607
61624429
61622612
61638268
61624207
61638564
61624394
61622511
61623843
61622442
61624673
61624640
61622981
61622621
61624777
61624638
61623201
61624197
61623659
61624897
61622942
61622786
61625024
61624877
61625013
61639122
61625128
61624306
61623133
61639061
61625372
61625338
61623608
61639685
61625298
61623693
61624733
61623754
61625460
61623955
61623851
61625748
61625596
61623633
61625605
61625247
61625823
61623896
61640296
61626076
61624059
61640540
61623809
61625775
61625979
61623773
61624590
61640470
61626243
61625990
61624207
61626421
61624874
61626516
61624873
61624417
61626214
61623941
61626234
61624660
61625873
61626426
61625415
61624207
61626525
61626459
61626641
61625372
61626722
61625011
61640784
61626599
61625676
61626041
61625678
61625938
61624769
61625311
61626925
61625747
61641490
61627015
61626350
61627229
61625532
61625145
61627113
61625512
61626473
61624896
61627238
61626979
61626990
61641411
61627366
61626510
61626828
61625474
61627161
61625608
61625548
61627641
61627775
61627644
61627812
61626766
61626000
61626251
61642048
61627742
61625717
61627958
61627227
61627926
61627056
61626295
61627891
61626159
61628314
61626313
61642271
61628288
61627863
61628424
61628339
61626295
61628595
61628510
61626735
61627922
61626414
61628570
61627260
61628685
61628436
61628031
61628425
61628848
61642818
61628853
61628503
61627233
61628844
61643530
61627012
61629198
61627444
61628768
61643009
61629365
61627614
61628842
61643548
61629517
61629405
61629279
61627806
61643628
61629616
61629579
61627927
61629254
61627434
61629632
61628058
61644122
61629789
61628020
61627767
61628012
61629920
61629644
61629702
61643929
61630018
61629882
61628281
61629830
61629595
61628770
61644410
61630139
61629859
61630049
61628215
61630311
61629337
61628272
61644042
61630364
61630064
61628672
61629805
61644702
61630360
61630162
61628389
61628437
61630590
61631125
61629882
61628432
61630687
61631216
61629820
61628643
61629372
61630796
61630520
61630806
61644589
61630750
61629817
61628950
61645023
61631056
61630888
61630998
61645016
61631365
61630942
61631150
61645398
61631343
61629382
61630932
61645238
61631115
61631467
61645929
61631553
61631615
61629987
61631649
61631834
61629768
61631736
61646080
61631977
61631895
61630075
61646032
61631704
61631993
61630056
61646237
61632161
61632088
61632300
61632340
61632573
61630805
61646552
61632577
61631096
61632590
61631706
61646967
61632795
61630996
61646751
61632819
61632594
61632778
61632918
61631205
61632248
61630671
61632911
61646860
61631316
61633098
61631068
61633165
61633660
61632341
61631155
61647100
61633325
61633261
61631612
61632607
61633435
61631573
61632772
61647612
61633512
61631770
61648128
61633803
61633664
61633415
61631532
61633883
61633202
61647963
61633860
61633793
61633598
61633047
61648078
61633718
61632460
61648288
61634181
61634172
61632091
61632800
Peak: 62294014
Average: 60810893.06005504
