0
83298
361469
815430
1086282
1611143
2350188
2622761
2989330
3573187
3857028
4341851
5209748
5631920
6058312
6451441
6836824
7356198
7767844
8327443
8749158
9021288
9333326
9487202
9661607
10035703
10694446
11123022
11702245
12420186
12693562
13003978
13500561
14060317
14554830
15159051
15644425
15982323
16300867
16525887
16660569
16900970
17069296
17234856
17523005
17914892
18065620
18285546
19582675
19398045
19582544
19688717
19693649
19942984
20129238
20350154
20621774
20963354
21363736
21960636
22437156
23164242
23404823
23723740
24108483
24410514
24433977
24581844
24754040
24940263
25111360
25422191
25790787
26130613
26630649
27012819
27617664
28305214
29113361
29738961
29924887
29930343
29932615
29929971
29948481
29960449
30206891
30795747
31323322
31558779
31822665
31985388
32281942
32354222
32421761
32501362
32615056
32631416
32958521
32953796
33403475
34330315
33860330
34341012
34460804
34637106
34682970
34654276
34736879
35042173
35151423
35772583
35864481
36273158
36750590
36821627
37073186
37765206
37951560
38375251
38375120
38375257
38375478
38238220
38689819
38890160
39073229
39133279
43128988
43193973
43456231
43486268
44076268
44121196
44168588
44224415
44289067
44344876
44373784
44426446
44489038
44552582
44618054
44664536
44861524
45073975
45160527
45603606
45809474
46065193
46607654
46787199
46845169
47026050
47093270
47177144
47358872
47450891
47570355
47638055
47944798
48081036
48323448
48526326
48651004
48915892
49169427
49197588
49206369
49390931
49341779
49440141
49603017
49690709
49879619
50127589
50219604
50306962
50331426
50345138
50378786
50430450
50483915
50537702
50672654
50735956
50828018
51040967
51371237
51507848
51869649
52180165
52444717
52706806
52896231
53337647
53723180
54281022
54486075
54517155
54639140
54630179
54760363
54830270
54935196
54984754
55161507
55165349
55065644
55506419
55801337
55914610
56046377
56489901
56885542
56940462
57324598
57453903
58806304
57690622
57964795
58093696
58135669
58093101
58417379
58532580
58412218
58514695
58637327
58948242
59710251
59831395
59916675
59982899
60042571
60072678
60250843
60288049
60339840
61342218
60865775
60891887
60902998
60911097
60919988
60928368
60937978
60946295
60952727
60961169
60971134
60976680
60985526
60994821
60999942
61007570
61013653
61021405
61028515
60933738
60729631
60733061
60735127
60734716
60736613
60737410
60736685
60717538
60726113
60730634
60737090
60743114
60750034
60756642
60763754
60770746
60777189
60786267
60793885
60799063
60806079
60812474
60821512
60827664
60835472
60841517
60742387
60741150
60742823
60743782
60743802
60742545
60744717
60722821
60728627
60734155
60739924
60746827
60753483
60760163
60767275
60775788
60781940
60788908
60796212
60800915
60808555
60816252
60823868
60829331
60836892
60842835
60744430
60746269
60745098
60746852
60745810
60746318
60747273
60724214
60732255
60738418
60744941
60751261
60757845
60764875
60771156
60778545
60786049
60791537
60798577
60804664
60813753
60819905
60827473
60833625
60840193
60846545
60747678
60750119
60749664
60748685
60748041
60750084
60748562
60727419
60733992
60740053
60746623
60752847
60760983
60767903
60774813
60782231
60788311
60795351
60802293
60807767
60814834
60821199
60828495
60834767
60842575
60848535
60750362
60751140
60751268
60751184
60751581
60750144
60751523
60729901
60736307
60744254
60750622
60757134
60763718
60768966
60775862
60782860
60790204
60795860
60802918
60808998
60816222
60822726
60831238
60837342
60845078
60849702
60751064
60752799
60751996
60753071
60753192
60751701
60753250
60733332
60739061
60746243
60752539
60758750
60765492
60771870
60778742
60785782
60793086
60798966
60807438
60813518
60820870
60827220
60834973
60840981
60847376
60854304
60755544
60755650
60754274
60755648
60755474
60755506
60755407
60734610
60741570
60748799
60755167
60760815
60768359
60773903
60781050
60789524
60796564
60802668
60809900
60817292
60821804
60828647
60835636
60841788
60849396
60755382
60755424
60755674
60757163
60756870
60756857
60756932
60756959
60738845
60746171
60751107
60757283
60765755
60772603
60779502
60785662
60793334
60800302
60807606
60813686
60821110
60827190
60834830
60840910
60848742
60853582
60758576
60757266
60757524
60757755
60758640
60759114
60757713
60759058
60742788
60747732
60753511
60760698
60768684
60775532
60781618
60788245
60794503
60803087
60810343
60815421
60822645
60830415
60837029
60843267
60852437
60857155
60758422
60759846
60759849
60758241
60760292
60759323
60760319
60739854
60746100
60752223
60758620
60763868
60770628
60777284
60784508
60791212
60797855
60804516
60813228
60819404
60826820
60831596
60839463
60847015
60853287
60860954
60760302
60760869
60761792
60760444
60761740
60761617
60761502
60743107
60748059
60754427
60761859
60768587
60776118
60781238
60788006
60796446
60803510
60809662
60816006
60822942
60830758
60838446
60843222
60850982
60858798
60761122
60762439
60762707
60761209
60762859
60761727
60762571
60740056
60745837
60753345
60757713
60765961
60772617
60779465
60785073
60793409
60799513
60805665
60812825
60818785
60827673
60833833
60841441
60846217
60854089
60860457
60762153
60763735
60762787
60763710
60763891
60762523
60763982
60742431
60748341
60754770
60762570
60769194
60775874
60781834
60788378
60795442
60803762
60808586
60816221
60821858
60829584
60835824
60844802
60851522
60858090
60780142
60765744
60764824
60764745
60765825
60764567
60765962
60765731
60746866
60752984
60759203
60765435
60774067
60780856
60786523
60792600
60800907
60807896
60815144
60821192
60827347
60834752
60842368
60848515
60856395
60862416
60765276
60766136
60766409
60765149
60765606
60766809
60765381
60766785
60750429
60756608
60762553
60768159
60774745
60781580
60788567
60795524
60803348
60810329
60816308
60824132
60831545
60836348
60845695
60850489
60858284
60864505
60765440
60766681
60767271
60767201
60767551
60766763
60767652
60745752
60753210
60759453
60765776
60771082
60777691
60785515
60791443
60798890
60804662
60811443
60818558
60824661
60832068
60838139
60845944
60851908
60860969
60865873
60769130
60769189
60768523
60769838
60769430
60768498
60769472
60747527
60755009
60760919
60766343
60774047
60780703
60787551
60794423
60801431
60807567
60814559
60820551
60827943
60835359
60841496
60849047
60855008
60863031
60869160
60770282
60770006
60768472
60768746
60768625
60770476
60769614
60750314
60756842
60762930
60768098
60775101
60781613
60789882
60796722
60803794
60810912
60817104
60824328
60831680
60836592
60844488
60850416
60856368
60864320
60785792
60771109
60770194
60771312
60769802
60769679
60771443
60771482
60753248
60759636
60764356
60770196
60777188
60784372
60790404
60797756
60804524
60812716
60818820
60826124
60833548
60839652
60846028
60852236
60859788
60867668
60770573
60771052
60772882
60771972
60770364
60772329
60771420
60772399
60754311
60760247
60767370
60774330
60781586
60788447
60795306
60801410
60806850
60814946
60821207
60826842
60834359
60840319
60848095
60854071
60861503
60869407
60772863
60772869
60772773
60774462
60773343
60774255
60774231
60772639
60756040
60761520
60767902
60774054
60781726
60788035
60795374
60802267
60809403
60814723
60823699
60829803
60837366
60843414
60850995
60857219
60865062
60869966
60774264
60773319
60775111
60775098
60774991
60775347
60774586
60775483
60757224
60763511
60769284
60775975
60782815
60790887
60797855
60802695
60811095
60817804
60825308
60830324
60837748
60843676
60851468
60857572
60865332
60871580
60774466
60776288
60776296
60774714
60776528
60775364
60777017
60753147
60760148
60764905
60772017
60778953
60785617
60791097
60797969
60805135
60811031
60818055
60825335
60832743
60840124
60846295
60852356
60858300
60866167
60873535
60775702
60777014
60777131
60776290
60777086
60777205
60775700
60778093
60761047
60766858
60773034
60779282
60784986
60792034
60799946
60805994
60811701
60818586
60825957
60831541
60838850
60846282
60853850
60859954
60864458
60872370
60777455
60777322
60777594
60778974
60778762
60778706
60778674
60777082
60760689
60767456
60772200
60778352
60785105
60793785
60798633
60805841
60812569
60819761
60827065
60834273
60841737
60847897
60855513
60861617
60867697
60875593
60778499
60779696
60779671
60779646
60778508
60780065
60779903
60779825
60762816
60768632
60774801
60779944
60788435
60795313
60800419
60806792
60815216
60822264
60829512
60835713
60843209
60849025
60856865
60862961
60870873
60876953
60779054
60780520
60778931
60778827
60780753
60779083
60779589
60757403
60763247
60769097
60776342
60783247
60789911
60795042
60801970
60809167
60815279
60822394
60829808
60835829
60843042
60849173
60857026
60863150
60870795
60876899
60781211
60781053
60779718
60781172
60781461
60781436
60779758
60781527
60764461
60768876
60774588
60779540
60786189
60794181
60801101
60807837
60816069
60821877
60828207
60835296
60842728
60848722
60856448
60862954
60868770
60876423
60781560
60781661
60782016
60783222
60783390
60782312
60783087
60783416
60765176
60769952
60777534
60783630
60788989
60796479
60802832
60809430
60816990
60823598
60829750
60838671
60846119
60850990
60859975
60865006
60871590
60878910
60784204
60782686
60784083
60784157
60784109
60784438
60783613
60784502
60766327
60771958
60778216
60784748
60791788
60798636
60805552
60812007
60818581
60827043
60832636
60838757
60846465
60853750
60861449
60867553
60875361
60881481
60784431
60783644
60785455
60784534
60786077
60785584
60784763
60785592
60767474
60773538
60779714
60785625
60794367
60801311
60808142
60814043
60820163
60827590
60834446
60842227
60849725
60855853
60861821
60867888
60875736
60882240
60784959
60784464
60784513
60785893
60786125
60785135
60785886
60784976
60769717
60774810
60779365
60785533
60794365
60801285
60806893
60813101
60820526
60827317
60834349
60842173
60849613
60854373
60862229
60869853
60877661
60881589
60785933
60786647
60786930
60786169
60786942
60786749
60786728
60764015
60769457
60774348
60780804
60787036
60794220
60801804
60808868
60816428
60823722
60830762
60838010
60844098
60851514
60857554
60865242
60870074
60879146
60884338
60787124
60788810
60788885
60788615
60787174
60788862
60788239
60788605
60769720
60775981
60783013
60789045
60795725
60803093
60809253
60816117
60822125
60829005
60835440
60842579
60849834
60857541
60865157
60870235
60879464
60885581
60788951
60789292
60789617
60788784
60789651
60789659
60788488
60788661
60771724
60776734
60782659
60789944
60794326
60800208
60806120
60813466
60817447
60824538
60828986
60836370
60843666
60851090
60857122
60864810
60870890
60876922
60884826
60789145
60788851
60788773
60790593
60789328
60790341
60790389
60790397
60773917
60779730
60785972
60792194
60799356
60806202
60813124
60819154
60826268
60833306
60840508
60846642
60853996
60860170
60867788
60873850
60881434
60887829
60789980
60791302
60791516
60789846
60791583
60789869
60791109
60768621
60775411
60780622
60786038
60794598
60800870
60807784
60814624
60821427
60827800
60833168
60840344
60848176
60853952
60860248
60868984
60875088
60882896
60888976
60791164
60790605
60791719
60792565
60792720
60790940
60792725
60791658
60773108
60779621
60787560
60793841
60801251
60806994
60813961
60820526
60827847
60835014
60842238
60848291
60855558
60861611
60869292
60875623
60883376
60889380
60794998
60795870
60795896
60795142
60795945
60795890
60794307
60796115
60779388
60785558
60791026
60797116
60802628
60809794
60816800
60822582
60830030
60837158
60843982
60851398
60858750
60864902
60872518
60878710
60886518
60892584
60796373
60794814
60796524
60795268
60796342
60796697
60795770
60796635
60778547
60784600
60792195
60799040
60805771
60812627
60818251
60825211
60831490
60838421
60845818
60853442
60860890
60865834
60873557
60879532
60887377
60893465
60795605
60795621
60795656
60795517
60797339
60796490
60797367
60776666
60782751
60787588
60793912
60800648
60806980
60815109
60821865
60828987
60835028
60842162
60849352
60853851
60861555
60867443
60875499
60881355
60889003
60895267
60796693
60796706
60798310
60798342
60797323
60798294
60798539
60775230
60781363
60788838
60795163
60801475
60808211
60813451
60820323
60827443
60833755
60841771
60848699
60855099
60861283
60867219
60875003
60881011
60888963
60894851
60798942
60798173
60798931
60797442
60797256
60799126
60798007
60776756
60782632
60790027
60795024
60801288
60807944
60814824
60821600
60828728
60834808
60841904
60849160
60856792
60864168
60870320
60877960
60882416
60890104
60896323
60799668
60798427
60799916
60799883
60799667
60799715
60798051
60777642
60784637
60789226
60796922
60803210
60809898
60816858
60823714
60830714
60836858
60842610
60851186
60857266
60864770
60870909
60878477
60884602
60892338
60896914
60799157
60799554
60800835
60800923
60801229
60802138
60802451
60780569
60784873
60791406
60799086
60803921
60810542
60817390
60824313
60831289
60837257
60844553
60851809
60859374
60866806
60872830
60880526
60886558
60894505
60899430
60801381
60801652
60803099
60803211
60801711
60803195
60803050
60780236
60787537
60793753
60799825
60805217
60812300
60818777
60825961
60832249
60838569
60845489
60853169
60859212
60867577
60872353
60880156
60887871
60895641
60901313
60803967
60802944
60803924
60804183
60802643
60804188
60804019
60781312
60788643
60794819
60801139
60807539
60814195
60819446
60826195
60833427
60839518
60846566
60855123
60859854
60868662
60874707
60881035
60888550
60896310
60901051
60804727
60803910
60804579
60804983
60804094
60804959
60803398
60781783
60789475
60794045
60801759
60808075
60814467
60821673
60828491
60835507
60841579
60848651
60855955
60862003
60869499
60875603
60882859
60887707
60896779
60902563
60805592
60804872
60805387
60805700
60805121
60805823
60805847
60782767
60788457
60796295
60802657
60809001
60815681
60821268
60828289
60836924
60843076
60850140
60857396
60863180
60870924
60876961
60884708
60889572
60897380
60903484
60804646
60805519
60805358
60806270
60806524
60805854
60806655
60784592
60792022
60798211
60803299
60810075
60817651
60824563
60831403
60838459
60844582
60851686
60858942
60865062
60872473
60878531
60886187
60892027
60900075
60906235
60807290
60807099
60806976
60807273
60807256
60807174
60807083
60785990
60793590
60799382
60805686
60812294
60817422
60824270
60831001
60838190
60844654
60851249
60858687
60864593
60872127
60879586
60887175
60893279
60901111
60907135
60808173
60808319
60808752
60809642
60809963
60809193
60809681
60787755
60794877
60801105
60807458
60813964
60820658
60826382
60834521
60841583
60847659
60854657
60861991
60868092
60875573
60881626
60889332
60895371
60903255
60909288
60810382
60810667
60809977
60810465
60810858
60809958
60810839
60789944
60795766
60801524
60806318
60811196
60818124
60825068
60831901
60839377
60846417
60853433
60860729
60865753
60874305
60879281
60888137
60894201
60902033
60908137
60810354
60811448
60811546
60810654
60811345
60811757
60810609
60811792
60794241
60799305
60805468
60811233
60818217
60825585
60831769
60837361
60844228
60851025
60857749
60866145
60873625
60879417
60887289
60893393
60897801
60905692
60810792
60812073
60810409
60810852
60810644
60812445
60811596
60811626
60795197
60799074
60806490
60812546
60818389
60825765
60832016
60838413
60845439
60852452
60859869
60865085
60873565
60878685
60886533
60892765
60898437
60906277
60811868
60812867
60811331
60813354
60811683
60813287
60812651
60813296
60794884
60799876
60807292
60813372
60818756
60827481
60833603
60840475
60847598
60854590
60860774
60868062
60874790
60880796
60885857
60893190
60899353
60907910
60914046
60813221
60814030
60814142
60812839
60814176
60814066
60814053
60793743
60799487
60806319
60812746
60817567
60824527
60831562
60838090
60846394
60852498
60859562
60866823
60871661
60880410
60886514
60894023
60900199
60906346
60913199
60813482
60815024
60813523
60813448
60815073
60813912
60814917
60794253
60798023
60805546
60809642
60818175
60824879
60831743
60838485
60844546
60851925
60857626
60865170
60872818
60880301
60886346
60894037
60900069
60907973
60914026
60814596
60814076
60815794
60815705
60815585
60815580
60813993
60793534
60800697
60806158
60810633
60818878
60825545
60830745
60837774
60844646
60850918
60857910
60865046
60871406
60878846
60884926
60892566
60900494
60908334
60914574
60818390
60817617
60818512
60816959
60816708
60818541
60818493
60795376
60800351
60806122
60812274
60818842
60825906
60832626
60840394
60846466
60853522
60860586
60867914
60874018
60881466
60886642
60894138
60901722
60909554
60915658
60817932
60819297
60819128
60819050
60819026
60817412
60819413
60796147
60801036
60806700
60812745
60820508
60827769
60834569
60841545
60846476
60853417
60860673
60869465
60875625
60882828
60889169
60895577
60902012
60909492
60915745
60820020
60818789
60819868
60820117
60819124
60819999
60820194
60798473
60803156
60807543
60815143
60821431
60828703
60835551
60841338
60848151
60854351
60860122
60866154
60874442
60881839
60886285
60895610
60901663
60907818
60915586
60833471
60819297
60819220
60821048
60819889
60820713
60820689
60819348
60802292
60807210
60813309
60819194
60827618
60835117
60841210
60847258
60854336
60861322
60867242
60874298
60883418
60889610
60897285
60902026
60908906
60916082
60821188
60821592
60821830
60821056
60821902
60821971
60820610
60822019
60802164
60809412
60815508
60821580
60826932
60835708
60841951
60848780
60854572
60861775
60867740
60875492
60882380
60888748
60896180
60901031
60907063
60916220
60922284
60821383
60822212
60822525
60821679
60822603
60822688
60821370
60801735
60806766
60814155
60820574
60827099
60833787
60840691
60847555
60853387
60859483
60866979
60875523
60881627
60887835
60894139
60902819
60908678
60916755
60921051
60823524
60823275
60821582
60821933
60821829
60823561
60822901
60803399
60807453
60814701
60819789
60826245
60834165
60841085
60846776
60855080
60861101
60868216
60873792
60880037
60887485
60893509
60901061
60907525
60915072
60922357
60822689
60824008
60824364
60824345
60823608
60824393
60824425
60801153
60807716
60812350
60819118
60825638
60832862
60839742
60846646
60852782
60859782
60866870
60874198
60880302
60887809
60893905
60900198
60907633
60915406
60921553
60823852
60825098
60824229
60824969
60823248
60825380
60824606
60825423
60807102
60811441
60818777
60823441
60829945
60836513
60844657
60851529
60860569
60867705
60873857
60881121
60887305
60893537
60900985
60908812
60914929
60922689
60826803
60828031
60826834
60828309
60828333
60827036
60828432
60828456
60809316
60814460
60818540
60824471
60831855
60837359
60845396
60852327
60859378
60865122
60872250
60878247
60884255
60891887
60899559
60907199
60911930
60919834
60927247
60827522
60828799
60829045
60827519
60828266
60828097
60828988
60806571
60813197
60817889
60824132
60830644
60837457
60844168
60852768
60859904
60865973
60871741
60879392
60885301
60892485
60900384
60906920
60912960
60920720
60926965
60829653
60829979
60829204
60829949
60830010
60828671
60830050
60808036
60812865
60820321
60826681
60833108
60838388
60845169
60852020
60858452
60865012
60870439
60876036
60883780
60892052
60897228
60901708
60910572
60915055
60923167
60928884
60830782
60830455
60828962
60830808
60829290
60830035
60829866
60808751
60814581
60819989
60826328
60832717
60840637
60847544
60854475
60860008
60866205
60874293
60881565
60887653
60893416
60899648
60907643
60913309
60922416
60928467
60830029
60831702
60831605
60831686
60830456
60831726
60829992
60831857
60830611
60809218
60813467
60818699
60820888
60825648
60832984
60840240
60845896
60852776
60858792
60865864
60872976
60881968
60887208
60892920
60900387
60907984
60914080
60920128
60927944
60830986
60831507
60833171
60832392
60830728
60832713
60831608
60831932
60813200
60819019
60825387
60831539
60838075
60845678
60851723
60858467
60865641
60872867
60880459
60887723
60895123
60900051
60908867
60914683
60919835
60927667
60831979
60833390
60833398
60831973
60833454
60831805
60833590
60832765
60833510
60831917
60812269
60816912
60822406
60825878
60831950
60836918
60842526
60848075
60852979
60858566
60864326
60869083
60874950
60879758
60884550
60889355
60896643
60901030
60905838
60910846
60917398
60922206
60927502
60932302
60832912
60832837
60835069
60833397
60834601
60834333
60832928
60834317
60834641
60812957
60817640
60822371
60828832
60833664
60839075
60843296
60850435
60854478
60861219
60865264
60871803
60876840
60884003
60887712
60894123
60899080
60905491
60910664
60915835
60922243
60927539
60934008
60833853
60835502
60836085
60833856
60834493
60835657
60836197
60834576
60835761
60815629
60819980
60823601
60828217
60834724
60840113
60844457
60851537
60855025
60862404
60870345
60874785
60879361
60885537
60890681
60897041
60901873
60907169
60915113
60918881
60925225
60930553
60936977
60838837
60839427
60837851
60838862
60838945
60838747
60837205
60837968
60839174
60818441
60822198
60826777
60830825
60833417
60838465
60841801
60846241
60851876
60856028
60863076
60867724
60874025
60879057
60883265
60891092
60894780
60902353
60906089
60912796
60919225
60922841
60931009
60934489
60854576
60838136
60838952
60840129
60839808
60838555
60838555
60840035
60838651
60839074
60821471
60824959
60830922
60833743
60840047
60845466
60849679
60856812
60861164
60867681
60873820
60878348
60884892
60889889
60895244
60902724
60906220
60911649
60918284
60924764
60929988
60935345
60839484
60840726
60840734
60839918
60839494
60841103
60841360
60839248
60840211
60820154
60824763
60829428
60833620
60839660
60843799
60850860
60856887
60862897
60868086
60872582
60878270
60884494
60891841
60897089
60903558
60908817
60914070
60920833
60926006
60931574
60936590
60856601
60839950
60840406
60841326
60842087
60840366
60840534
60842119
60841335
60820231
60822851
60828515
60833123
60836606
60842747
60846387
60853515
60858051
60863939
60869035
60875067
60882478
60887651
60892366
60898867
60903779
60908947
60917051
60922251
60927470
60933051
60938419
60841392
60842897
60841124
60842358
60843087
60841576
60842192
60843169
60843201
60820093
60824285
60829448
60833731
60840512
60844440
60851568
60856107
60862443
60866840
60872984
60879392
60885611
60889619
60895707
60900862
60908283
60913400
60920262
60925515
60930704
60936259
60941219
60843699
60843795
60844071
60844111
60842600
60844177
60844209
60842560
60843192
60823581
60829345
60834369
60838105
60844420
60848537
60855668
60860105
60866316
60872502
60877283
60883070
60888443
60896091
60901339
60907819
60911667
60918163
60923483
60929963
60936886
60942067
60843698
60844732
60845085
60844940
60843188
60844180
60845229
60845261
60843612
60824724
60827756
60832249
60838865
60842468
60849409
60853737
60859537
60865708
60870371
60877443
60882715
60888795
60893643
60900174
60906766
60911883
60917131
60923875
60927795
60934595
60939859
60844442
60845745
60844865
60844425
60846162
60845279
60844878
60845886
60846263
60823600
60828060
60832452
60839172
60842972
60848756
60854228
60860252
60866436
60872772
60878924
60882420
60888892
60895116
60900436
60906892
60912340
60917380
60924228
60930684
60937580
60942820
60861624
60846727
60845143
60845791
60847104
60847050
60845833
60846985
60845617
60824704
60829262
60835118
60840513
60844369
60849841
60855630
60862929
60868924
60874177
60880340
60885228
60891822
60900806
60906046
60912558
60917846
60924622
60929862
60935102
60941974
60945174
60865146
60850271
60848615
60849873
60850620
60850638
60848912
60849109
60849677
60829885
60832775
60837914
60844210
60848173
60855170
60860986
60865714
60872970
60876730
60882909
60889055
60895479
60901879
60905135
60912759
60918082
60923287
60929999
60933818
60940714
60946090
60850069
60851451
60852115
60850299
60851603
60851347
60851694
60850678
60850373
60829760
60834584
60840072
60843936
60849144
60856104
60861880
60867840
60872376
60877488
60883592
60890280
60896408
60902787
60908027
60913190
60918208
60924648
60930560
60934603
60941571
60946299
60867193
60852261
60852320
60851725
60851478
60852662
60853301
60850693
60851613
60831893
60836409
60841263
60845247
60850199
60856279
60863071
60868815
60875047
60878679
60885159
60892367
60896367
60903999
60909239
60915823
60921063
60927839
60933055
60938295
60945191
60948895
60853407
60853592
60853553
60852313
60852081
60852121
60853642
60853481
60853249
60831478
60837132
60840852
60845732
60852380
60858084
60863900
60869852
60875948
60881084
60885692
60891820
60898444
60904764
60910052
60914100
60920580
60925748
60930900
60937084
60940516
60947828
60954004
60854335
60853604
60854318
60854350
60854719
60854743
60852792
60853120
60831433
60835523
60840403
60844848
60850923
60856072
60861952
60869168
60874459
60880443
60886681
60890550
60898091
60904483
60909691
60914971
60921595
60926763
60933539
60938795
60945774
60951022
60870187
60856093
60855288
60854221
60854421
60855421
60855769
60855641
60854288
60833482
60838801
60842729
60849377
60854593
60860417
60866273
60872243
60878187
60883499
60889691
60894467
60899195
60906318
60909891
60916590
60921795
60926947
60933587
60939243
60945859
60951179
60871033
60855685
60856556
60855324
60856556
60856372
60856741
60856693
60855044
60834561
60840718
60844430
60850814
60856062
60861814
60867606
60873646
60879654
60884894
60889590
60895985
60900982
60908606
60913846
60920417
60924270
60930686
60936126
60941358
60948550
60953782
60855638
60855942
60856646
60857623
60857583
60855862
60856110
60857030
60857783
60837619
60842517
60846605
60852525
60857813
60861949
60867909
60875152
60881160
60885909
60891304
60897132
60902733
60909104
60912693
60919685
60925757
60932477
60936077
60941296
60948349
60954859
60856987
60858567
60858359
60857887
60857127
60857167
60858784
60858720
60857311
60836471
60840956
60847304
60851595
60858029
60862440
60867944
60873845
60879997
60885237
60891437
60898853
60903920
60910549
60915789
60922381
60927637
60933125
60938344
60943733
60950781
60955933
60859396
60859454
60859768
60860061
60858272
60859512
60859336
60859713
60859649
60839371
60845637
60849045
60854333
60860749
60866552
60870336
60875869
60883088
60889309
60894477
60899205
60904405
60910685
60915917
60922608
60928272
60935813
60941104
60946293
60953261
60958469
60860541
60860543
60860278
60860318
60859784
60863224
60862000
60863617
60863240
60843239
60848870
60853926
60858878
60862614
60868838
60875598
60880334
60886342
60892542
60898054
60905294
60909614
60915926
60921174
60927486
60932646
60939742
60944646
60949966
60957415
60962719
60864059
60863507
60864331
60864219
60864452
60864484
60864294
60864318
60841696
60847219
60851840
60855368
60860824
60867680
60873432
60879464
60884712
60890736
60896896
60900536
60906928
60913320
60918536
60925344
60931480
60936720
60943424
60948787
60955608
60960848
60880129
60864588
60865444
60863629
60863653
60864869
60864037
60865662
60864373
60843470
60849602
60853038
60859694
60864958
60869057
60875326
60882649
60888606
60893838
60900022
60906273
60911534
60917854
60923094
60929801
60935006
60941734
60946982
60952273
60959241
60964510
60866325
60866383
60866899
60866174
60865158
60866390
60866214
60866575
60866599
Peak: 62134257
Average: 58840320.59007045
