0
149317
150943
150975
151007
151704
151736
152033
152041
152009
153352
151992
152106
152137
152297
152203
152234
152224
152361
152312
152344
152376
152408
152440
152554
152544
152600
152608
152873
152779
152704
152842
152873
152971
152896
153033
153067
153099
153024
153161
153088
153322
153272
153385
153418
153368
153376
153514
153464
153472
153528
153536
153673
153803
153833
153760
153792
153824
153856
153993
154025
153952
153984
154121
154281
154282
154441
154240
154272
154304
154444
154474
154400
154538
154464
154602
154528
154688
154744
154858
154784
154816
154954
154986
154912
154944
154976
155008
155040
155072
155104
155136
155168
155328
155360
155392
155424
155456
155488
155520
155552
157000
155616
155648
155680
155712
155744
155776
155808
156000
156032
156064
156096
156128
156160
156192
156224
156256
156288
156320
156352
156384
156416
156448
156504
156512
156544
156576
156608
156800
156832
156864
156896
156928
156960
156992
157024
157056
157088
157120
157152
157184
157216
157248
157280
157312
157344
157376
157408
157632
157664
157696
157728
157760
157792
157824
157856
157888
157920
157952
157984
158016
158048
158080
158112
158144
158176
158208
158240
158272
158304
158336
158368
158624
158656
158688
158720
158752
158890
158816
158848
158880
158912
158944
158976
159008
159040
159072
159104
159136
159401
159200
159232
159264
159296
159328
159360
159392
159424
159456
159488
159776
159808
159840
160105
159904
159936
159968
160000
160032
160064
160096
160128
160160
160192
160224
160256
160288
160320
160352
160384
160416
160448
160480
160745
160544
160576
160841
160640
160672
160704
160842
160768
161088
161144
161385
161184
85718
133881
Peak: 369664
Average: 155282.43514644352
