0
76821
76886
76919
76950
77828
77966
77997
78030
78127
78158
78189
78116
78253
78285
78350
78276
78372
78404
78436
78468
78500
78532
78564
78596
78692
78724
78756
78788
78820
78852
78884
78916
79012
79044
79076
79108
79140
79429
79309
79342
79469
79503
79428
79565
79598
79524
79789
79693
79620
79652
79791
79822
79844
79876
80014
80173
79996
80110
80060
80301
80333
80365
80188
80301
80324
80461
80493
80525
80557
80590
80516
80548
80580
80719
80644
80676
80836
80974
81007
81038
81070
80996
81028
81060
81116
81124
81262
81294
81220
81358
81390
81316
81476
81508
81540
81572
81604
81636
81668
81724
81838
81764
82029
81828
81966
81892
81948
81956
82148
82180
82212
82350
82276
82308
82446
82372
82428
82542
82468
82524
82532
82670
82596
82628
82660
82692
82724
82756
82948
83004
83012
83044
83076
83214
83140
83172
83204
Peak: 83924
Average: 79883.52898550725
