0
66927
438391
773738
1505677
2088554
2515878
2946298
3445079
3813489
4413632
5201651
5343127
5690474
6154768
6631718
7186104
7326858
7725650
8286784
8701969
8977433
9310349
9439646
9523466
9946071
10624436
11073615
11652676
12370972
12650332
12962745
13468341
14028609
14512842
15069047
15591474
15943549
16255666
16482034
16613851
16679562
17028130
17189911
17478117
17868499
18020423
18240765
19539479
19359232
19538223
19644914
19647582
19891884
20084353
20297185
20580682
20922410
21319534
21921935
22392808
23120293
23360152
23754006
24105961
24367480
24390707
24542714
24698770
24900259
25070139
25381432
25789070
26103364
26595339
26971157
27576323
28264582
29126038
29786628
29884153
29889385
29892761
29907198
29910406
29936222
30338682
30878767
31358703
31554158
31851062
32034397
32286078
32350880
32411994
32468604
32516908
32611041
32972750
33174698
33536455
33916464
33946979
34297643
34511911
34590361
34637228
34655429
34694170
34998841
35110160
35715194
35818227
36229135
36705422
36776418
37031027
37625485
37730222
37935362
38330498
38330388
38330625
38330656
38225649
38644201
38845187
39029563
39111876
43058935
43148197
43442968
43439682
44029291
44113923
44142492
44210039
44267706
44328248
44385930
44437905
44471407
44513683
44578848
44642672
44858127
44948631
45099051
45445213
45590877
45819186
46267568
46649616
46787561
46841081
47035576
47120264
47198519
47414555
47497860
47619715
47937336
48077712
48315924
48517897
48603355
48750079
49160341
49377284
49417656
49332133
49440655
49550203
49633682
49894572
50117936
50210430
50297944
50322104
50336272
50369008
50411944
50474171
50510358
50676723
50735444
50817970
51030952
51357802
51496091
51799152
52057146
52456959
52521868
52849557
52902258
53655475
54272918
54487483
54568382
54573023
54648056
54679111
54821840
54928748
55003594
55149807
55154145
55057955
55523621
55793641
55906814
56065202
56483149
56881217
56933223
57350113
57452196
59229885
57745070
57907269
58059399
58154390
58192737
58511145
58529650
58404368
58528393
58912063
59643402
59803157
59889125
59961605
60017645
60060553
60247038
60284080
60856599
61787824
60848632
60887226
60894845
60900022
60906690
60911655
60918644
60922517
60927797
60933774
60916227
60708511
60711891
60710324
60712917
60711579
60713374
60704165
60707252
60710503
60714535
60718684
60722640
60728320
60731405
60736065
60714975
60714655
60716775
60717575
60716395
60717557
60717520
60707384
60711644
60713649
60717005
60722340
60725263
60730824
60733820
60738343
60717439
60718508
60718316
60717622
60718931
60717818
60717589
60708000
60713747
60716823
60721625
60724510
60730804
60732981
60737508
60742058
60721281
60721156
60720484
60721474
60719545
60721582
60721299
60712636
60715063
60718793
60724028
60727985
60732046
60736274
60741848
60746264
60723559
60723847
60722588
60722869
60723957
60723819
60723743
60713601
60718096
60722638
60725075
60730886
60735102
60739206
60742043
60747438
60724749
60723120
60724719
60722869
60723695
60724786
60723193
60716767
60718647
60722266
60725879
60731797
60734786
60740357
60743356
60748389
60724498
60725428
60725237
60724059
60725552
60724359
60724420
60718049
60720850
60724242
60728154
60732803
60737123
60742495
60744949
60750506
60726221
60727584
60727747
60728411
60727903
60726373
60727920
60718092
60721762
60723791
60727462
60732694
60735838
60741127
60744391
60748430
60727812
60726600
60728022
60728428
60726793
60728335
60728043
60716921
60722165
60724092
60729084
60731876
60737261
60740224
60745772
60749087
60728534
60727801
60728948
60727198
60729107
60728834
60728159
60719675
60722459
60726084
60730791
60733657
60739738
60743237
60746144
60751930
60730121
60728812
60729905
60730158
60730221
60730361
60729037
60720975
60724823
60727520
60732233
60734988
60741015
60743441
60747281
60752091
60730759
60729876
60730908
60729115
60730936
60730645
60730071
60721469
60724051
60728857
60730814
60736370
60739259
60744798
60748084
60751910
60731686
60730081
60731628
60731851
60730874
60731931
60730816
60721083
60726014
60728198
60731790
60737303
60741077
60745030
60749308
60752955
60732547
60731647
60732909
60731377
60733077
60731415
60733007
60722147
60725889
60729082
60732515
60736515
60741856
60746279
60749360
60753587
60732369
60733696
60732054
60733673
60731872
60732707
60733790
60722236
60727365
60729340
60733370
60737088
60742516
60745857
60751378
60754804
60733160
60734369
60734133
60734385
60734218
60733513
60734541
60723118
60728243
60730219
60735478
60739532
60742263
60746978
60750950
60756471
60741110
60734123
60735713
60734410
60734140
60735706
60734675
60723373
60726605
60729914
60733748
60738906
60742932
60746440
60751876
60756322
60759181
60736683
60735285
60736774
60736594
60736444
60735576
60725448
60727145
60731417
60733796
60737578
60742306
60747854
60752247
60755775
60759277
60737558
60737231
60736039
60736672
60736919
60737972
60737727
60727979
60730957
60734641
60738447
60742871
60748636
60752932
60755341
60760238
60739068
60738475
60736718
60738208
60738412
60737363
60738534
60728692
60732311
60735854
60739608
60743864
60748635
60751120
60755327
60761061
60739091
60737276
60738818
60739021
60738038
60739427
60737981
60727673
60731310
60736394
60740034
60743986
60747957
60752533
60755576
60761429
60737596
60738710
60739927
60738283
60739952
60738159
60739287
60729008
60733926
60736016
60739529
60743800
60749195
60753417
60757842
60762432
60740264
60741107
60739443
60741193
60739250
60740485
60741173
60730261
60734037
60737162
60739701
60744008
60749079
60753409
60757593
60762106
60746747
60739795
60741674
60740106
60741618
60741902
60740762
60729382
60734034
60737431
60740157
60744103
60749498
60753791
60756735
60761455
60747318
60740421
60742222
60740225
60741403
60742397
60740758
60729923
60733243
60738151
60741904
60746046
60750130
60754338
60758677
60762149
60740949
60740710
60742537
60742264
60741581
60742644
60740459
60731716
60735394
60738633
60742561
60745423
60749723
60753852
60759324
60762385
60748276
60741094
60743010
60742745
60742105
60743111
60742878
60731967
60735459
60739887
60742354
60746266
60751648
60754604
60760040
60764793
60742807
60744074
60742823
60743317
60743548
60744255
60744405
60732219
60736716
60740557
60743065
60746989
60752474
60756745
60759600
60764370
60743206
60742897
60744573
60743611
60744783
60743091
60744819
60732213
60737122
60740650
60743085
60747162
60752506
60756778
60759557
60765516
60750277
60743093
60745057
60744749
60744070
60745108
60744794
60733594
60737989
60740620
60745573
60748346
60752263
60757858
60760918
60765440
60744702
60745553
60743773
60745582
60744244
60743953
60744650
60733677
60737193
60740775
60744555
60749777
60754085
60757267
60761238
60766907
60744435
60744242
60746048
60745166
60746027
60746824
60746011
60734221
60737215
60742052
60744673
60749617
60753687
60756566
60760714
60767431
60769511
60747161
60746506
60747198
60745709
60747069
60746421
60747505
60737991
60741100
60744556
60750239
60752895
60757282
60761383
60767359
60769498
60746352
60747757
60747487
60746148
60746719
60747102
60747823
60740039
60741816
60745248
60750797
60753680
60759260
60762108
60768251
60770386
60747465
60748286
60748246
60746447
60747931
60746685
60748347
60739106
60742213
60745322
60749042
60752077
60755621
60761210
60764325
60768658
60747816
60748890
60747654
60749066
60748453
60749094
60749361
60737345
60740557
60743629
60746848
60752528
60756592
60760931
60765256
60768437
60773240
60749629
60748524
60748321
60749464
60749930
60749259
60739163
60742389
60744320
60748797
60752109
60755720
60761475
60764323
60770155
60772515
60749939
60749444
60750456
60748735
60750600
60750375
60739718
60741438
60744807
60749436
60752388
60756308
60760159
60764172
60770004
60773492
60750947
60750322
60752110
60750322
60751121
60752213
60750687
60741675
60746679
60750242
60753673
60756535
60761260
60764904
60769025
60773579
60750797
60752517
60750882
60752669
60752808
60751679
60752925
60743621
60745624
60749061
60753682
60756936
60762605
60764706
60770453
60773450
60751311
60753015
60752172
60753259
60753100
60752091
60753479
60743591
60747010
60750194
60753941
60757853
60760669
60764928
60770434
60774029
60753736
60753889
60752947
60754169
60752685
60752584
60754032
60743620
60745244
60748524
60752769
60757303
60759897
60764137
60769777
60773028
60777801
60753237
60752997
60754478
60753013
60753793
60753837
60754718
60746615
60749532
60751844
60755420
60760167
60764434
60769868
60774383
60776935
60755166
60754093
60755198
60753968
60753773
60754463
60755299
60745063
60748372
60751796
60756740
60761324
60765660
60768604
60773543
60778047
60755451
60755596
60755660
60755025
60755981
60754039
60756222
60746415
60748621
60753402
60756013
60759560
60763989
60768053
60773586
60777061
60757393
60757036
60756805
60756175
60757244
60756964
60757883
60747183
60750505
60753999
60756703
60761847
60765943
60769034
60774503
60777717
60756860
60758011
60756831
60758284
60756791
60756617
60758146
60746380
60750119
60753354
60756903
60762293
60766255
60769178
60773591
60779367
60758143
60759073
60757060
60757701
60758273
60758887
60758858
60747340
60750646
60754081
60757913
60762934
60766985
60771219
60774598
60778673
60800407
60758064
60759850
60758156
60758940
60760053
60758570
60749320
60751169
60756129
60759873
60762766
60766884
60770722
60776049
60779316
60800905
60758651
60760233
60758586
60760279
60760437
60759265
60748401
60752985
60755364
60758886
60764326
60768363
60772512
60775440
60779819
60801529
60759180
60760952
60759188
60759905
60761106
60759465
60750440
60753658
60757074
60760893
60763533
60768928
60772013
60776269
60780773
60760851
60760865
60761330
60761255
60760564
60761555
60761314
60751163
60753096
60756576
60760393
60765702
60769611
60772635
60778035
60782731
60761444
60761829
60760458
60762022
60761301
60762297
60761925
60751753
60754188
60758743
60760919
60764732
60768956
60774409
60778780
60783078
60804466
60762043
60763775
60761897
60762742
60763951
60762369
60752049
60755716
60758945
60763900
60767881
60770494
60774822
60780553
60784092
60763682
60764059
60764189
60764372
60763099
60762918
60764506
60752695
60756529
60759556
60763369
60768756
60772729
60775644
60779935
60785753
60763839
60764684
60763614
60764767
60763270
60764553
60764885
60753216
60757104
60761477
60765339
60767965
60771920
60777669
60780605
60786571
60763790
60765169
60765795
60765183
60765064
60764426
60765395
60754926
60757757
60760730
60765794
60768498
60772693
60776642
60782466
60786850
60764734
60765905
60764248
60766012
60763992
60764891
60766186
60755799
60758166
60761361
60766078
60770358
60773198
60777553
60782062
60786289
60764881
60766369
60766243
60766080
60766404
60765176
60765030
60756630
60760308
60763732
60767172
60769985
60774020
60779575
60783761
60788244
60764893
60766707
60766873
60765832
60766966
60765517
60766677
60755983
60760759
60763133
60766490
60770287
60774447
60780015
60783010
60787375
60766258
60767445
60766382
60767495
60766292
60766001
60767573
60756018
60759599
60762823
60767898
60771887
60774682
60778983
60784543
60787802
60766799
60767970
60766342
60767961
60766226
60767954
60768121
60757799
60761578
60764695
60767183
60771234
60775063
60779439
60783514
60789471
60768696
60769729
60768195
60769989
60767979
60769230
60770106
60759781
60762218
60766682
60770378
60773413
60777251
60781538
60787034
60791490
60769424
60770527
60768755
60770599
60768739
60769566
60770730
60760293
60764067
60767200
60770912
60774832
60778920
60781896
60786248
60792075
60769857
60770938
60769209
60771066
60770753
60770113
60771213
60759565
60763293
60766368
60770085
60774443
60778165
60782560
60788104
60792592
60770490
60771498
60769833
60771554
60769870
60771361
60771621
60760102
60763744
60768232
60771952
60775147
60778827
60784416
60788365
60792021
60771375
60772140
60771768
60770547
60772076
60770880
60772244
60760987
60764408
60769197
60771701
60775384
60779435
60785120
60789424
60792509
60770243
60771304
60772439
60771347
60772524
60771315
60772711
60761117
60766055
60769344
60772887
60777005
60779751
60784058
60788359
60792714
60772142
60773101
60771508
60773208
60771516
60773159
60773380
60762822
60765524
60769927
60773612
60776364
60780839
60784863
60790244
60794783
60772748
60773566
60771722
60773702
60771714
60772914
60773667
60763412
60767491
60770643
60774248
60777328
60781091
60785502
60790925
60794488
60773517
60774408
60772291
60774402
60774110
60773470
60774570
60762746
60767786
60770941
60773664
60777250
60781381
60787141
60790181
60794445
60773994
60774907
60773279
60774949
60773652
60774997
60774724
60764384
60766805
60771221
60774645
60778941
60782013
60786325
60790381
60794725
60775218
60774688
60776898
60776649
60776017
60777131
60776018
60766252
60768253
60771868
60775863
60779780
60784964
60788993
60792022
60796612
60818209
60775874
60777571
60775793
60777566
60777778
60776668
60765979
60770427
60773995
60776651
60780545
60784566
60790166
60793283
60797539
60776512
60776188
60778055
60776126
60777384
60778282
60776705
60766379
60770968
60774456
60778160
60780840
60786227
60789016
60794584
60797640
60783794
60778533
60777239
60778789
60777698
60777498
60779058
60767270
60771070
60775478
60779198
60781870
60787433
60791646
60794710
60799238
60777961
60779472
60780167
60777988
60779471
60778213
60778244
60769577
60773092
60776660
60778807
60782841
60787001
60792620
60795588
60800081
60777749
60778759
60780084
60778893
60780140
60778389
60780158
60768671
60772317
60775731
60779341
60784728
60788669
60793072
60796037
60800547
60779086
60779071
60780640
60779564
60780859
60779629
60779499
60770792
60773037
60776141
60781152
60785189
60789347
60792267
60796552
60802408
60779418
60780877
60781099
60780125
60781318
60779965
60781045
60771275
60775063
60778559
60781906
60786045
60790031
60794282
60798589
60801858
60780928
60781835
60781658
60781819
60780602
60780803
60781883
60770158
60774156
60778420
60782177
60786236
60790324
60793228
60798900
60803436
60781348
60782387
60780514
60782647
60782449
60781948
60782888
60771472
60776126
60779361
60781993
60785961
60791433
60794401
60798673
60803105
60781586
60782823
60783123
60783361
60783578
60782468
60783568
60771531
60775164
60779484
60783247
60787009
60791196
60794089
60798457
60804284
60789010
60782167
60784046
60782100
60784739
60785852
60784283
60773623
60778108
60781423
60785071
60788975
60791767
60796151
60800300
60806095
60809535
60785795
60785966
60785918
60784541
60786223
60784936
60785216
60778216
60781011
60783019
60786768
60791571
60796984
60801283
60803365
60807971
60786840
60786452
60786062
60786298
60787094
60786810
60785648
60777321
60780756
60782943
60787716
60791732
60795788
60798124
60803548
60807892
60785912
60785526
60787454
60785437
60786797
60787681
60785973
60775472
60779016
60782373
60785986
60791418
60794269
60798693
60802519
60808543
60793054
60786229
60787934
60786055
60786866
60787971
60786410
60776076
60780824
60784317
60786559
60790738
60794690
60799178
60803594
60807791
60786908
60788204
60786831
60788336
60787127
60788515
60788362
60776657
60781786
60785045
60787639
60791303
60796890
60801138
60803991
60809906
60787880
60789007
60787422
60789063
60787198
60788022
60789207
60778714
60782465
60785606
60789374
60793390
60796233
60801854
60806185
60809297
60788101
60789458
60790084
60788009
60789559
60788366
60788177
60778229
60781419
60785909
60789803
60792432
60796704
60802125
60805157
60809635
60788815
60790166
60788996
60790325
60788612
60790327
60790510
60778475
60782892
60784999
60790124
60792716
60797063
60801140
60806759
60809919
60795927
60790603
60789266
60790877
60790169
60791330
60791160
60780604
60782188
60785711
60789468
60794524
60797559
60801631
60807319
60811673
60814116
60791574
60789911
60791706
60791601
60792550
60791248
60792235
60782083
60785120
60789859
60793523
60796883
60801224
60806555
60808979
60813656
60792266
60792380
60792488
60791330
60791098
60792794
60791921
60782358
60786822
60790227
60793779
60796678
60801406
60804918
60810670
60814174
60793109
60793028
60792113
60793456
60791591
60793507
60793419
60782753
60786977
60789225
60792956
60796770
60800500
60804620
60811985
60816449
60795206
60795463
60795386
60795686
60794487
60795827
60796122
60783868
60788068
60790748
60794028
60799116
60802900
60805801
60809476
60812844
60817524
60796016
60795946
60796278
60795101
60796454
60797120
60794925
60787044
60789039
60793743
60795871
60800151
60803884
60809439
60813482
60816884
60794753
60796615
60796688
60795119
60796883
60795154
60796732
60785006
60788532
60791649
60796911
60800916
60804087
60808074
60813604
60816951
60796930
60796096
60797022
60797545
60796279
60797629
60797399
60831602
Peak: 62126155
Average: 57547337.06439394
