0
77156
77196
77228
77260
77987
78019
78051
78083
78179
78211
78243
78299
78307
78363
78371
78403
79195
78531
78563
78595
78732
78659
79387
79419
79515
78851
78915
78947
78979
79035
79043
79771
79171
79203
79235
79267
79995
79331
79363
79395
79628
79579
79611
79619
79651
80379
79948
79747
79779
80507
79843
79899
80108
80035
80067
80123
80827
80163
80195
80227
80259
80315
80323
80355
80483
81211
80571
80579
81307
81339
81371
80707
80996
80771
80803
80940
80995
81027
81755
81091
81123
81155
81187
81219
81275
81283
81315
81347
81379
82107
81443
81475
82331
81667
81699
81731
81763
81795
81827
81859
81891
81923
81955
82011
82019
82051
82083
82115
82307
82339
82371
82403
82435
82467
82499
82555
82563
82595
82651
82659
82691
82723
82755
82787
82819
82851
82883
82915
83107
83139
83171
83203
83259
83372
83323
83331
83363
83395
83427
83483
83515
83547
83555
83587
83619
83675
83683
83715
83939
83971
84003
84035
84067
84795
84131
84163
84195
84227
84259
84291
84323
84355
84387
84419
84451
84483
84621
84571
84579
84635
84643
84699
84931
84963
84995
85027
85059
84781
Peak: 85811
Average: 81035.46927374302
