0
215707
279582
569366
983806
1692893
2275734
2703194
3133610
3717567
4001449
4605749
5389290
5530824
5873454
6346583
6831210
7374045
7551358
8226769
8534855
9003477
9169451
9505645
9740020
10061475
10810259
11151920
11759529
12299679
12730995
13014446
13472398
14193415
14555889
14894670
15537419
15929820
16440689
16668879
16802099
17127989
17306601
17610991
17924976
18089823
18198545
18428999
19229965
19561285
19760442
19834773
19838029
20112666
20274954
20486600
20866447
21273391
21503325
22100420
22576504
23304170
23596323
24011438
24334081
24551398
24575550
24735908
24883528
25081430
25252745
25562882
25969698
26285514
26781029
27154830
27761076
28449435
29261842
29882052
30068959
30073823
30077263
30091160
30095120
30121821
30697992
31365260
31632426
31956148
32125540
32426318
32522628
32585810
32646504
32744461
32760651
32994776
33473680
34475681
33999836
34482420
34602266
34778360
34815251
34839298
34877467
35182350
35293882
35901598
36001047
36329450
36903875
36961181
37205349
37666721
38087956
38514013
38513965
38514153
38514082
38376751
38828990
39028518
39212179
39273889
43267390
43332428
43627756
43624367
44199942
44247630
44304291
44339748
44394656
44464290
44521986
44584086
44637981
44680754
44745653
44801100
45003535
45093723
45247599
45621893
45734230
45946228
46507427
46929217
46992599
47162666
47232939
47312813
47499319
47587025
47706147
47772668
48088932
48216262
48458865
48661903
48743793
48894749
49305883
49308628
49554861
49477140
49614681
49737981
49825582
50011732
50261885
50353826
50440699
50464555
50479179
50512675
50560004
50618343
50687005
50807720
50881367
50961945
51174641
51530174
51641158
51943873
52201621
52580037
52721617
53042230
53330295
53800472
54416563
54621215
54692180
54774465
54799668
54895369
54964912
55103900
55145462
55201010
55666680
56040667
56076042
56202677
56678157
57050817
57097192
57315051
57519349
57608371
58312626
57982829
57973812
58125936
58206202
58315312
58557597
58530296
58589513
58673685
59064586
59794890
59950349
60038573
60111981
60166765
60204214
60387476
60425036
61000454
61931699
60991447
61036818
61057670
61078445
61095944
61115288
61134394
61154059
61173373
61190081
61209232
61227227
61245440
61260527
61279075
61297163
61313341
61331558
61350054
61365758
61380510
61398087
61415980
61430345
61449316
61463927
61481890
61498703
61515490
61533490
61548133
61567538
61585474
61600097
61618278
61636284
61654110
61668777
61686694
61705137
61723109
61737674
61755580
61770127
61786804
61808709
61824372
61838919
61856836
61871394
61889300
61907951
61925981
61940404
61956036
61972267
61988525
62010172
62024959
62040485
62058262
62074039
62088418
62106431
62122135
62142234
62157656
62175669
62191373
62205944
62221429
62238213
62255060
62275927
62292972
62308600
62326715
63466779
60932470
60939667
60942267
60942876
60941481
60943915
60942911
60945254
60944233
60946034
60944625
60944647
60945423
60945409
60946523
60945795
60860952
60877481
60892528
60911108
60926403
60944236
60964087
60978413
60996175
61013314
61030712
61046589
61065744
61081667
61099974
61115168
61134013
61148355
61168163
61182971
61199514
61216094
61233907
61249686
61266753
61284566
61299017
61317118
61334998
61349462
61366169
61385774
61401486
61416057
61434001
61452702
61467438
61485118
61500822
61515246
61534337
61550057
61568166
61583790
61599422
61618830
61634537
61650201
61665806
61681548
61697102
61717049
61732398
61748318
61763974
61779702
61794438
61810022
61830406
61845958
61863897
61879676
61895391
61910114
61925684
61941519
61962417
61980270
61995670
62010294
62026158
62041769
62060167
62075998
62097959
62112543
62128111
62143928
63282529
60956476
60957510
60957596
60958207
60956690
60958527
60958641
60958784
60958899
60958915
60959061
60958994
60959254
60959146
60959173
60959825
60877157
60893500
60911392
60926332
60944769
60959724
60978529
60994929
61011593
61025841
61045017
61060513
61078585
61094729
61111140
61129708
61143956
61162172
61178471
61196396
61214039
61228473
61246574
61263297
61281638
61295959
61311571
61329822
61347368
61362235
61380652
61398545
61412916
61428509
61447788
61464769
61479369
61497185
61511713
61530964
61548857
61563222
61580145
61595700
61613772
61632420
61647924
61665745
61680182
61697913
61714188
61734908
61749313
61767372
61783041
61797677
61813446
61836119
61851829
61866257
61884351
61900125
61914678
61930271
61945937
61968190
61983822
62000766
62016487
62032125
62047846
62063594
62079328
62101113
62116817
62132531
62148187
63289160
60963239
60962936
60963406
60963850
60963571
60964116
60963537
60963071
60964434
60964923
60964365
60964844
60963252
60964829
60964882
60964874
60885668
60900705
60919004
60934777
60953152
60969657
60985460
61004347
61021078
61038289
61053744
61073165
61087480
61107126
61121766
61141388
61156008
61175561
61191364
61206150
61224916
61240629
61258589
61275155
61290857
61307708
61325759
61343906
61358553
61376553
61392554
61408446
61426294
61440825
61459541
61477617
61493307
61507927
61525885
61544915
61559689
61577640
61592092
61610231
61628812
61646476
61662269
61676884
61694653
61709402
61731361
61746190
61761695
61779665
61793920
61812129
61826655
61847053
61865100
61879597
61897656
61912391
61927938
61945888
61965606
61983688
61998293
62016217
62030640
62046135
62064303
62078701
62096811
62118608
62133909
62149175
62164974
63298757
60972191
60971947
60972536
60971986
60972866
60972631
60972980
60972642
60973056
60973535
60973776
60972338
60972498
60974067
60974026
60974145
60893664
60909303
60924762
60940717
60959141
60975298
60991749
61008098
61024893
61039226
61056194
61072813
61090626
61106493
61122378
61139386
61155008
61172970
61189149
61204976
61224698
61240389
61255130
61271322
61290648
61306242
61320749
61339080
61354547
61372309
61390701
61405093
61420891
61438776
61454491
61473157
61488813
61503536
61519075
61534507
61556000
61569213
61584832
61600587
61618528
61638176
61652696
61670509
61685032
61700867
61718680
61738616
61752877
61768819
61786712
61802285
61817080
61832685
61852701
61868443
61886405
61901632
61917133
61935205
61950992
61970701
61986453
62004443
62020037
62033267
62047891
62064592
62079027
62094621
62115085
62133267
62148861
62163312
63301925
60976419
60975594
60975687
60977196
60977237
60976349
60977328
60977207
60977292
60977249
60976451
60977218
60977442
60977257
60977620
60977367
60897304
60913291
60928755
60943691
60959486
60978075
60994475
61008499
61025416
61042014
61057710
61073230
61089993
61109284
61123697
61139886
61158937
61173739
61190689
61206222
61221931
61239712
61257611
61273296
61289819
61305373
61321256
61341387
61357168
61371429
61387112
61405587
61423501
61439197
61453531
61474733
61490371
61506062
61520720
61536222
61555133
61571075
61588918
61604557
61619489
61638408
61656197
61671918
61686477
61704541
61720310
61739085
61754768
61772654
61787805
61805805
61820334
61836139
61857526
61874470
61889035
61906893
61921629
61937179
61955013
61974846
61992846
62007525
62023056
62041054
62056605
62072358
62087093
62102373
62126582
62140941
62159077
62173741
60980036
60980714
60981607
60979856
60979671
60980371
60980083
60980528
60980161
60980806
60980398
60981003
60980747
60980875
60981827
60981371
60981736
60902843
60920062
60934597
60952592
60967509
60983837
61000103
61018957
61034333
61050267
61066677
61085856
61100125
61119613
61134312
61151290
61167976
61185051
61201072
61217856
61236870
61251560
61267035
61287035
61302680
61317008
61332891
61350575
61368771
61384491
61401699
61419584
61433912
61452107
61469936
61487622
61501912
61520110
61534400
61555920
61570536
61586085
61604150
61619803
61635654
61653792
61671742
61687360
61700456
61716480
61734339
61754096
61768627
61784395
61800896
61817971
61832563
61853792
61870795
61887336
61903115
61917448
61933318
61951163
61966848
61987899
62002168
62017743
62036019
62050288
62068352
62083819
62098424
62122675
62137152
62155139
62170867
63310619
60984993
60985633
60985510
60985964
60986186
60984107
60984208
60984770
60984874
60985202
60986109
60985213
60986123
60985256
60984843
60986189
60903355
60916991
60932833
60951087
60965824
60982271
60999656
61017434
61032054
61048454
61067284
61082996
61098682
61117890
61132427
61151985
61166548
61184537
61200663
61216411
61234584
61251250
61268920
61284670
61300196
61314577
61330317
61350449
61364914
61380495
61398569
61416991
61431592
61449534
61464217
61485140
61499598
61515312
61533282
61547860
61567128
61585075
61599838
61615319
61630939
61650469
61665754
61680319
61698507
61714146
61728666
61750827
61766517
61782210
61796781
61814674
61828871
61844850
61867594
61882338
61900051
61914730
61932450
61946965
61962625
61985951
62000616
62018331
62032795
62048630
62066574
62081041
62098990
62114801
62135350
62151097
62168990
63315787
60989157
60988846
60989521
60988977
60989779
60990775
60990755
60990723
60990913
60990875
60990987
60990708
60990910
60990717
60990142
60990805
60908938
60924699
60940702
60955638
60973843
60990182
61005216
61022083
61037240
61054444
61070892
61088628
61105188
61122401
61138057
61152473
61169692
61185338
61202871
61220749
61236386
61253865
61268447
61283917
61301765
61319870
61335490
61352224
61367814
61383782
61401601
61419850
61435554
61450089
61466017
61484499
61499941
61516773
61533666
61549421
61568533
61582941
61598442
61614290
61632237
61651832
61666138
61680608
61693744
61710653
61722979
61738237
61758277
61774917
61791992
61806661
61820671
61838757
61854493
61873949
61891801
61906069
61924141
61938664
61954381
61972341
61992373
62010160
62024589
62042597
62057053
62072893
62090845
62105416
62129453
62143773
62161794
62176170
63318587
60992569
60992596
60992599
60993459
60993740
60993812
60993547
60993902
60993937
60994038
60993998
60993920
60994150
60992736
60994115
60993916
60909743
60926864
60941651
60959917
60975987
60990932
61007572
61026456
61042174
61057476
61074127
61091006
61105367
61118452
61138060
61152486
61170972
61188889
61204937
61223009
61237505
61255044
61273070
61287441
61305420
61323364
61337777
61358191
61372817
61390596
61405004
61423514
61441417
61455906
61473940
61491538
61509381
61523839
61541933
61556207
61576425
61593506
61608101
61625957
61640269
61660008
61677968
61692315
61710526
61724825
61740703
61760424
61773546
61791695
61806233
61821909
61839873
61854122
61876986
61891474
61906903
61925243
61939512
61957643
61972392
61993182
62011115
62026810
62041315
62056711
62073663
62085990
62102549
62116847
62141203
62156856
62171247
62188052
63323274
60996801
60996418
60997292
60997011
60997108
60997888
60997453
60997882
60997052
60996671
60998108
60998507
60998205
60996906
60998266
60998616
60918059
60933881
60949464
60967846
60982914
60999136
61015774
61034310
61051085
61065479
61081940
61101237
61116895
61132708
61148762
61165413
61183692
61197922
61215544
61233539
61249864
61265616
61283443
61301323
61316055
61333825
61349411
61366125
61381879
61397527
61415719
61433719
61449429
61463952
61481880
61500525
61516288
61531923
61547641
61566606
61581135
61596830
61614702
61629231
61644808
61664486
61682388
61698086
61712606
61730551
61746182
61765996
61780739
61796238
61814183
61829742
61845380
61860806
61880566
61895854
61913926
61928396
61942822
61958523
61976454
61998897
62013224
62028925
62046929
62062270
62076880
62092756
62110673
62125143
62146910
62164860
62179318
62194910
63327651
61001101
61000898
61001366
61001212
61002013
61001558
61001751
61002580
61001476
61002543
61002634
61001291
61002602
61002840
61002545
61003096
60922364
60938400
60953593
60972168
60986911
61003237
61019763
61038405
61055146
61069550
61086361
61105369
61119881
61136934
61155181
61172390
61187144
61204863
61222317
61236828
61256700
61272060
61287165
61304472
61322623
61337020
61352659
61373112
61387513
61403353
61423873
61438394
61453921
61471993
61490813
61506377
61521172
61536580
61554473
61573633
61588204
61606025
61620593
61636137
61651921
61673641
61689337
61703857
61721737
61737361
61752033
61771721
61789769
61805481
61820052
61837865
61853512
61872710
61889569
61905232
61919624
61935112
61953256
61968960
61983400
62004484
62022590
62036911
62052730
62070673
62086247
62100825
62118647
62140546
62155121
62170671
62188577
63330887
61004910
61005501
61005436
61005689
61005898
61005898
61005849
61006007
61006045
61006017
61006069
61005852
61005301
61005908
61006176
61004323
60923218
60939433
60956163
60972374
60988391
61007109
61023450
61039946
61055183
61073371
61089962
61106819
61121001
61140488
61154970
61174557
61189387
61204552
61224419
61239717
61256330
61272479
61290151
61304027
61323508
61339145
61354546
61371583
61387138
61402748
61419284
61439126
61454895
61469170
61487228
61506018
61521894
61537448
61553154
61569979
61590459
61605165
61620589
61638483
61654077
61672691
61688237
61706123
61721813
61736146
61752054
61774150
61789752
61804123
61822195
61837899
61852241
61868125
61890825
61905195
61920868
61938842
61954461
61970072
61985800
62005971
62021512
62037034
62054980
62070565
62083646
62100625
62116240
62132219
62155880
62170828
62187417
62203085
61009595
61010356
61010544
61010471
61010016
61010311
61010431
61010229
61010607
61010408
61009748
61010473
61010721
61010549
61010675
61010546
61010704
60933947
60952003
60966539
60982091
61000763
61017067
61032414
61051067
61067683
61082427
61098867
61116638
61133515
61149358
61165166
61183334
61200147
61216363
61232182
61250123
61267379
61282054
61300067
61317963
61332291
61350355
61368091
61382894
61400838
61416531
61433547
61449326
61467326
61482987
61500459
61516166
61534190
61549923
61564595
61583555
61601467
61617195
61631571
61647163
61669067
61684795
61700451
61714907
61731643
61746459
61761867
61781547
61799723
61815435
61829827
61845395
61863483
61883683
61899667
61914411
61929651
61947715
61963371
61977771
61995835
62016619
62032547
62048179
62062507
62080571
62096387
62110715
62128851
62149443
62167387
62181947
62197707
63338585
61012950
61012138
61012874
61012725
61012760
61013597
61012872
61012435
61013886
61014092
61013814
61014236
61014241
61014284
61014308
61014380
60934551
60949159
60964730
60982911
60997874
61016335
61031607
61048114
61064967
61082615
61098031
61114751
61130682
61149906
61164247
61183919
61198591
61216370
61233495
61248375
61268322
61282735
61298314
61316269
61334231
61348583
61365426
61385071
61400831
61418775
61435855
61451415
61468423
61483962
61505106
61519498
61537594
61551978
61570058
61588322
61605978
61620383
61636245
61654170
61672423
61688007
61706213
61720831
61736343
61754298
61772951
61791010
61805479
61823463
61838279
61855986
61870327
61893191
61907591
61923306
61941471
61955978
61973935
61988506
62011786
62026127
62044263
62058591
62076714
62091306
62106879
62124826
62140503
62161197
62179103
62193495
62209317
63343029
61017315
61018251
61017630
61018120
61018266
61018438
61018114
61018593
61017059
61018751
61018732
61018783
61018882
61018874
61018788
61018764
60936856
60954984
60970448
60985131
61003616
61018592
61035208
61053880
61070536
61086192
61101536
61120811
61135176
61153750
61171614
61187411
61205523
61220734
61239854
61254374
61274227
61288611
61306750
61324507
61339222
61356958
61374990
61389283
61407379
61422187
61440283
61458230
61473886
61488638
61507222
61525043
61540798
61556534
61570779
61592307
61608035
61623691
61638198
61653942
61671763
61691307
61706939
61721363
61736923
61752792
61770626
61789242
61804834
61822898
61838602
61854021
61868869
61889106
61905013
61922826
61938581
61952850
61968792
61984424
61999869
62021029
62036685
62052389
62067973
62083613
62099245
62114890
62130581
62148226
62168946
62184578
62200045
62215949
63346248
61020758
61021356
61021356
61021770
61021767
61021435
61021673
61021568
61020793
61021669
61021856
61021722
61021043
61021745
61021991
61021878
60939873
60956288
60971648
60989880
61004656
61023232
61039736
61056128
61071608
61089488
61105256
61121616
61139768
61155648
61173616
61189550
61207694
61222278
61241838
61256606
61276254
61290718
61306494
61326558
61340926
61356606
61374606
61391494
61409462
61423926
61442374
61460246
61474670
61491446
61510294
61525878
61543950
61559606
61574030
61595622
61610382
61628030
61644318
61662390
61680750
61698718
61713534
61728958
61746830
61761254
61783614
61798350
61816070
61831718
61847446
61862110
61877662
61900262
61915990
61931630
61947302
61962934
61977334
61993182
62011054
62032158
62047798
62062558
62077990
62095870
62111566
62126254
62141542
62165782
62181486
62196006
62212566
63351388
61025401
61024877
61026240
61026567
61026374
61026906
61025219
61026806
61026836
61026788
61026951
61026859
61026833
61027641
61026825
61026756
60945060
60960761
60978545
60993866
61011930
61028159
61043298
61062138
61078751
61094386
61110095
61127858
61142157
61161527
61176098
61193205
61211015
61225778
61243418
61259858
61277682
61294386
61312458
61330151
61344738
61361794
61377338
61397506
61411911
61427687
61447090
61463986
61478399
61494293
61515191
61529562
61547674
61562279
61577639
61599191
61613735
61631735
61647426
61663130
61677455
61699359
61714175
61729530
61747634
61763215
61777567
61799922
61814554
61832506
61846943
61862578
61880674
61900125
61917663
61932330
61950474
61965077
61982623
61997330
62015415
62035170
62052130
62067621
62085719
62100362
62118215
62132901
62150759
62171231
62189391
62203719
62219642
63354549
61029089
61029691
61029873
61030039
61030082
61029876
61030047
61030637
61029006
61029845
61030121
61030030
61029471
61028120
61030048
61028707
60949173
60965189
60979464
60995509
61013744
61029957
61045189
61061517
61078381
61094048
61110653
61129656
61145301
61161421
61176752
61196301
61210949
61226600
61244872
61261765
61277501
61293837
61309656
61327600
61345285
61359677
61375520
61395797
61411429
61425757
61442272
61462213
61476605
61492224
61510320
61529144
61544741
61559485
61574976
61592848
61611925
61626389
61642296
61660133
61675541
61694349
61709693
61727808
61743453
61757781
61773629
61793360
61811472
61826813
61841477
61859592
61874277
61891997
61912581
61927349
61944997
61959472
61976357
61990760
62008856
62029829
62044253
62062400
62076893
62094893
62109709
62127416
62142173
62165965
62181621
62196021
62214181
63357619
61032070
61032643
61032691
61032951
61034702
61035055
61033491
61035269
61035159
61034277
61035397
61035148
61035448
61035137
61035448
61033638
60954119
60970162
60985733
61000461
61018821
61035053
61050277
61066877
61085637
61101053
61117141
61133685
61151573
61168637
61183109
61202720
61217112
61232835
61252648
61267000
61284699
61302440
61317123
61337240
61352880
61368504
61382968
61400864
61418928
61434683
61453011
61467272
61483179
61498643
61516656
61535456
61551147
61565576
61581264
61602592
61618304
61632784
61648447
61664223
61682031
61701279
61716087
61733991
61748455
61764231
61782111
61801071
61816503
61834479
61850207
61864943
61880199
61898431
61918879
61933407
61951359
61966759
61981359
61998170
62015199
62035015
62050703
62068583
62083391
62098951
62116826
62132503
62147103
62164727
62185522
62202367
62216775
63362733
61036650
61036324
61037330
61036420
61037220
61036594
61037812
61038339
61036768
61038373
61038384
61038317
61038389
61037144
61038445
61039157
60956044
60974442
60988607
61004672
61023007
61039215
61054362
61073202
61089567
61104690
61121040
61139799
61154533
61173890
61188282
61207927
61222674
61240402
61256866
61274685
61292298
61306690
61322584
61340187
61358162
61372554
61388197
61408514
61422965
61439835
61459394
61473786
61489728
61507536
61526282
61540936
61556616
61573208
61588866
61608051
61626026
61640429
61658584
61672917
61691002
61710498
61725200
61742962
61758594
61773090
61791133
61809762
61825632
61841160
61859146
61873776
61891645
61910850
61926720
61944554
61959184
61976946
61991397
62009493
62023898
62045168
62063026
62077656
62095490
62110213
62127941
62142333
62160122
62182282
62196984
62214746
62229280
63365448
61039267
61039005
61039749
61039667
61039910
61040587
61040094
61040576
61040872
61039445
61040714
61041003
61039468
61041112
61041136
61041267
60961633
60976121
60991572
61010063
61025223
61041191
61057983
61074226
61089434
61107455
61124170
61139711
61157735
61172373
61190343
61206346
61222098
61239999
61257434
61273111
61287487
61307522
61322279
61338423
61357711
61373439
61387759
61406946
61423839
61438175
61458994
61473431
61489359
61507138
61521551
61541546
61556058
61573959
61588711
61609831
61624495
61639914
61658087
61673743
61688306
61708679
61725727
61740218
61758215
61772535
61790679
61809631
61827335
61841927
61859799
61874506
61894722
61915191
61929778
61947695
61962047
61980135
61994527
62012671
62027367
62048322
62066194
62080663
62098679
62113167
62131210
62145975
62161183
62183234
62201079
62215575
62231237
63371085
61045032
61044661
61045455
61045346
61045530
61046397
61045522
61046325
61045485
61045104
61046373
61046780
61046450
61046764
61046860
61046852
60967917
60983938
60998130
61014232
61030376
61048853
61064077
61080413
61097304
61112768
61131813
61147349
61163176
61182341
61196971
61215133
61230829
61248888
61265125
61280869
61300805
61315613
61333256
61351045
61366677
61382325
61396653
61417080
61431605
61447424
61467912
61482373
61498176
61513728
61534947
61549293
61564893
61581757
61597485
61615333
61630925
61646832
61664704
61680309
61695197
61714357
61730184
61748128
61762461
61778104
61793832
61816064
61830461
61846224
61864197
61878568
61894317
61917149
61931640
61949677
61966504
61980925
61996760
62014645
62029096
62052221
62066933
62082445
62100637
62115144
62133101
62147512
62163339
62187301
62201797
62217432
62232941
63374283
61048587
61047879
61047914
61049692
61049667
61049681
61049713
61049828
61049777
61049914
61049967
61049828
61050131
61048575
61049975
61049822
60967248
60983822
61000110
61014635
61030782
61047110
61063739
61079929
61094262
61112190
61128825
61144465
61159878
61174492
61191654
61207217
61223140
61241174
61257646
61273033
61288881
61308681
61324326
61338801
61356710
61372241
61390142
61408142
61422670
61438161
61456262
61474534
61490190
61504854
61520489
61539096
61557077
61572797
61587248
61602749
61621952
61639925
61655661
61671352
61685685
61701205
61720757
61736536
61754485
61770205
61786000
61800261
61820477
61838237
61853965
61868528
61886357
61900821
61921181
61939325
61954957
61970621
61985029
62000576
62018661
62034365
62054133
62069960
62087949
62102413
62118024
62136069
62150397
62166168
62190309
62206037
62220667
62238453
63377120
61051470
61052099
61052158
61052579
61052678
61052970
61053373
61051354
61051152
61051816
61052792
61052171
61052576
61052835
61052974
61052701
60969200
60985041
61000927
61015591
61033951
61049415
61065311
61081994
61099815
61115239
61131874
61147799
61166730
61182954
61198063
61217826
61232551
61247922
61267615
61283298
61299098
61315255
61333394
61349050
61366818
61381271
61397082
61417207
61432911
61447327
61463138
61483647
61499303
61514258
61529666
61550631
61566050
61580738
61596514
61614386
61633669
61647951
61663741
61681714
61697346
61715583
61733575
61748370
61763917
61781882
61796618
61816282
61834234
61848626
61864501
61882274
61897978
61912183
61935119
61950898
61965266
61983693
62001586
62016074
62031973
62055242
62069562
62087658
62103362
62117861
62135826
62150146
62168290
62182610
62206850
62221658
62236978
63382746
61057133
61057816
61057629
61058041
61056673
61058317
61058298
61057444
61058193
61058166
61058375
61058155
61057444
61058227
61058385
61058315
60977301
60992073
61005236
61021476
61039465
61055745
61070905
61087724
61102913
61119828
61136220
61154169
61171025
61187260
61203665
61218097
61234004
61250897
61267492
61282681
61298604
61318353
61334081
61347625
61364977
61380713
61398793
61416825
61432481
61446809
61462657
61483217
61498921
61513441
61531337
61550217
61564937
61580161
61598289
61613977
61631713
61649849
61665577
61679993
61695849
61717489
61732305
61749953
61761028
61776409
61792553
61810201
61830145
61844737
61862537
61876937
61895073
61909593
61932289
61946865
61964753
61979585
61997241
62012009
62027385
62045457
62065433
62083297
62098001
62113377
62131449
62145857
62164025
62179681
62200209
62218281
62232601
62250745
63385724
61060409
61060854
61060334
61061071
61061250
61060854
61060886
61059558
61059313
61059830
61059502
61060006
61059681
61060665
61059806
61060673
60976838
60991487
61006188
61021559
61040196
61055516
61071588
61090487
61106092
61121444
61138138
61156180
61170679
61183756
61203287
61218879
61234895
61250908
61267892
61283583
61299292
61316903
61331623
61347060
61364791
61380367
61395940
61413951
61431946
61447594
61463247
61480306
61497108
61512828
61528468
61542860
61562946
61577572
61592972
61608810
61627930
61643426
61658951
61674548
61690396
61708351
61727847
61743436
61759084
61774922
61790527
61806151
61824879
61841708
61856308
61871751
61887540
61905514
61921148
61941559
61955924
61972927
61988538
62004263
62018628
62034284
62055295
62070900
62087119
62102428
62120300
62133628
62148143
62164892
62179412
62201380
62217007
62232596
62250468
63389143
61063594
61064214
61064163
61064450
61064140
61064520
61063042
61064731
61064608
61064664
61063071
61064784
61064776
61064886
61064851
61064937
60980961
60995780
61012583
61028492
61044316
61060647
61076988
61092271
61109060
61125676
61142260
61155468
61172484
61187916
61205143
61220788
61237908
61255772
61273212
61286663
61299935
61317340
61331788
61349764
61366404
61381900
61399988
61415620
61433491
61446758
61464859
61483195
61497614
61513756
61530139
61544499
61563219
61578915
61594667
61609059
61624803
61646147
61660603
61676163
61691811
61709955
61729427
61743683
61759603
61777491
61791955
61809955
61828643
61844227
61860059
61873262
61888867
61904443
61921259
61942899
61957491
61974315
61989715
62005574
62023715
62038379
62059195
62077163
62091555
62107342
62122942
62141043
62155451
62173595
62187915
62212131
62226619
62242227
62260299
63391750
61065848
61065530
61066450
61065685
61066459
61065719
61066709
61066287
61066487
61066458
61066437
61067463
61066423
61067282
61067710
61067702
60987705
61000956
61016727
61031663
61052818
61068010
61084183
61100925
61119655
61135410
61151250
61167026
61185618
61202631
61218410
61234274
61252287
61266802
61284562
61300186
61315621
61333143
61348682
61362002
61380903
61396610
61412303
61430290
61445895
61461602
61477183
61495482
61511087
61526842
61542423
61561202
61576783
61592466
61607202
61622850
61641575
61657186
61673077
61688746
61704165
61722127
61741722
61757343
61773098
61788703
61804386
61819943
61839922
61854287
61870098
61888042
61901258
61916858
61930050
61950837
61968527
61984282
61999847
62015586
62030402
62045834
62069082
62084735
62099106
62114733
62132783
62148562
62164167
62179874
62194215
62216482
62232098
62247578
62265450
63398219
61072715
61073413
61073261
61073523
61073242
61073630
61072034
61073702
61073804
61073758
61073841
61073884
61073985
61073804
61073959
61073927
60992335
61008450
61022757
61038712
61053528
61069774
61086008
61105051
61119384
61137331
61152568
61168462
61187563
61203419
61221352
61237184
61255387
61269899
61289520
61302923
61317408
61334896
61352832
61367589
61386280
61400720
61416229
61432933
61449942
61466749
61481464
61499550
61517557
61531030
61546656
61567568
61583221
61597592
61615744
61630461
61649336
61667357
61681864
61699888
61714640
61736128
61750781
61768624
61783045
61799292
61816768
61835980
61853485
61867888
61886056
61902816
61917518
61935389
61954731
61972744
61987333
62005101
62019909
62037656
62052029
62075533
62089973
62107984
62122357
62140493
62157253
62171653
62189872
62210269
62228421
62242909
62260944
63400752
61074677
61074331
61074848
61074705
61075507
61074653
61075584
61074784
61075485
61074805
61075592
61075555
61075536
61075515
61075656
61075357
60999063
61011848
61024763
61035499
61048867
61060371
61075219
61088035
61100080
61112808
61129523
61145163
61161808
61177483
61193118
61212523
61227200
61244163
61262187
61277024
61296387
61311104
61328352
61344331
61362104
61378680
61394659
61412496
61427363
61446139
61460555
61476288
61494563
61512635
61527320
61542824
61563755
61579408
61594168
61611875
61626339
61645774
61663456
61678158
61696043
61710555
61728496
61746803
61762443
61780547
61795235
61812987
61827328
61849640
61865195
61880059
61897963
61912792
61929107
61950955
61965488
61983443
61999075
62013587
62031491
62047219
62062016
62085107
62100771
62115184
62130864
62146462
62164611
62179248
62194870
62217662
62234504
62249134
62266971
63404505
61078704
61079352
61079389
61079691
61079827
61079637
61079797
61078229
61078186
61079074
61079736
61079685
61080086
61078434
61080212
61080217
60993716
61011845
61027626
61042749
61060701
61075551
61092080
61110882
61126666
61142082
61159045
61174336
61193621
61209541
61227488
61243453
61261525
61277237
61293504
61311453
61327052
61343348
61359268
61374711
61394959
61409767
61425351
61443226
61461079
61476668
61491535
61510644
61525108
61540919
61558828
61577556
61592020
61608111
61623535
61638991
61659292
61674724
61689807
61704959
61721871
61742700
61757116
61772735
61790820
61805132
61820847
61843188
61857508
61875580
61890543
61906879
61923772
61938543
61958943
61974415
61992516
62006887
62024932
62039575
62057396
62077415
62092943
62109812
62125324
62142143
62158343
62175892
62190335
62208380
62230156
62244823
62262756
63407429
61081264
61081056
61081938
61082549
61086058
61086275
61085922
61086334
61084698
61086398
61084805
61086451
61086392
61086435
61086620
61086531
61006188
61021988
61037541
61053380
61068324
61086863
61103204
61119660
61135308
61151053
61167394
61186618
61201098
61218239
61236124
61252191
61270172
61284524
61304340
61320167
61336708
61354503
61368908
61389079
61404997
61419290
61437434
61454181
61470016
61486549
61506253
61520752
61538666
61553031
61571922
61587263
61605490
61619887
61635714
61654741
61672703
61687178
61705191
61719679
61737679
61755983
61772847
61787642
61805247
61819890
61837799
61856826
61873221
61890138
61904810
61922722
61937165
61960037
61974539
61992450
62006757
62024989
62039648
62057383
62072151
62092962
62110679
62127735
62142618
62160298
62174698
62192783
62207295
62231407
62245943
62263895
62278402
63413493
61087377
61087190
61088001
61087297
61088287
61087596
61088140
61087948
61088215
61088820
61088127
61088852
61089068
61089255
61089330
61089314
61006519
61022863
61038247
61056386
61072407
61087295
61104093
61120271
61136794
61154879
61171239
61185135
61201551
61218519
61234079
61250357
61266919
61282839
61300295
61315735
61333767
61351391
61367023
61382623
61400375
61416031
61431735
61449599
61465303
61479695
61495351
61513599
61529159
61544815
61562959
61581663
61597367
61613039
61628743
61642007
61660975
61679047
61694703
61710407
61726039
61740471
61759975
61775439
61792383
61808111
61822503
61838327
61860359
61876063
61890455
61906039
61921959
61939855
61960383
61974863
61990551
62008431
62024135
62038551
62054135
62069863
62090823
62107583
62124599
62138991
62154935
62170295
62186143
62201535
62223839
62239159
62254743
62270583
63416434
61090473
61090233
61091021
61090656
61090992
61091584
61092030
61090665
61091811
61092247
61090552
61092177
61092284
61092284
61092265
61092233
61012191
61028017
61042177
61058191
61076684
61091617
61108420
61124719
61141151
61159132
61175820
61191292
61209482
61225167
61243255
61259276
61277204
61292167
61311420
61325916
61343660
61361666
61376020
61396191
61410759
61428655
61444324
61461199
61479119
61493532
61511839
61529852
61544327
61562495
61581127
61596796
61611439
61629260
61644916
61662943
61680911
61695340
61711327
61726962
61744759
61763004
61778682
61796708
61811431
61826778
61844804
61863407
61879194
61897135
61911564
61927434
61945268
61964447
61982532
61997012
62012847
62030727
62046396
62060967
62078860
62099892
62114535
62132356
62147151
62162532
62180436
62196081
62210652
62234676
62249081
62264916
62282796
63419047
61092922
61092655
61093578
61094333
61094533
61094633
61093112
61094686
61093093
61094822
61093208
61094766
61093355
61094846
61094929
61094886
61015086
61030886
61046358
61062350
61077270
61093422
61110017
61126190
61145225
61160912
61177571
61194355
61208803
61226190
61241601
61261139
61275539
61291145
61308793
61326665
61342291
61358590
61374497
61391057
61410075
61425755
61440502
61458145
61476179
61491899
61506302
61524745
61542707
61557126
61575233
61592659
61610769
61625286
61643233
61662307
61676710
61694833
61709686
61727321
61741913
61763611
61779305
61794963
61809579
61825297
61843131
61861734
61879819
61894398
61910001
61928025
61941534
61964113
61979841
61994454
62012233
62026675
62042689
62060481
62074806
62098267
62112683
62130833
62145158
62163057
62177622
62195793
62210171
62231985
62250139
62264627
62280313
63422489
61097093
61096706
61096914
61097466
61097588
61097955
61098147
61097251
61098067
61097871
61098023
61097889
61098138
61098004
61097480
61098100
61016843
61030354
61046079
61062079
61076652
61093186
61111783
61128287
61142967
61159220
61176116
61194004
61210812
61226596
61244620
61259076
61278676
61293468
61310628
61328540
61343380
61360652
61377420
61394444
61410948
61426724
61444676
61461372
61476932
61495100
61509580
61527844
61545996
61560316
61578388
61596892
61612844
61627356
61645260
61660964
61678860
61694612
61712564
61728220
61742732
61764540
61779028
61794636
61812708
61827172
61842868
61862676
61878084
61892772
61908356
61924204
61942188
61956636
61977188
61992844
62010724
62025188
62040940
62058820
62074268
62090132
62109996
62125772
62143700
62159356
62173772
62189596
62207404
62223060
62243740
62259532
62277444
62293148
63429335
61103639
61103604
61104196
61104637
61104778
61104685
61104840
61104803
61104875
61104733
61105056
61104765
61104933
61104845
61105004
61104921
61025132
61037102
61053838
61068750
61087107
61103438
61118534
61135118
61153974
61169793
61185094
61201230
61217662
61236878
61251673
61268595
61286606
61301118
61320873
61335243
61351691
61370961
61386638
61401782
61421217
61436894
61451478
61471665
61486473
61502153
61520081
61538238
61552681
61568382
61586286
61603945
61619310
61637526
61653233
61671174
61689054
61704833
61719294
61737174
61751758
61771254
61788081
61802241
61818118
61832489
61850649
61869406
61887358
61900881
61916257
61934257
61948598
61966742
61986313
62004033
62018566
62036518
62051102
62067734
62082342
62105785
62120158
62138198
62155030
62169614
62187641
62202057
62220102
62240817
62258785
62275545
62290065
63432276
61106123
61105734
61106238
61105968
61106958
61106067
61106918
61106147
61106950
61106742
61106734
61107811
61107110
61107812
61106955
61107667
61029353
61045161
61060494
61075638
61093857
61108718
61125310
61142780
61160646
61174966
61191998
61208638
61224414
61241054
61259185
61276294
61292097
61306270
61323990
61340740
61359478
61375169
61389732
61409614
61425457
61441164
61455505
61473393
61489204
61504649
61523180
61538825
61554508
61570145
61585609
61604689
61620385
61635601
61651329
61667204
61686292
61701724
61717380
61733284
61748644
61768076
61783772
61801865
61816233
61833177
61848860
61868681
61883404
61898812
61914540
61930068
61948105
61963825
61984316
61999889
62015473
62030289
62045505
62061129
62079225
62095012
62116001
62130393
62145905
62164172
62177492
62193073
62208772
62224492
62246092
62264113
62279868
62294284
63435303
61109059
61108747
61109705
61108888
61109819
61110563
61109731
61110371
61110414
61110879
61109096
61110984
61110938
61110976
61110970
61110753
61028443
61044550
61062283
61078323
61091982
61108142
61124550
61141035
61156990
61173427
61192195
61206868
61223793
61242721
61258310
61274700
61292724
61307201
61326881
61341361
61357071
61374654
61392665
61407030
61424830
61442908
61457441
61477590
61493428
61507820
61528540
61542932
61560945
61575532
61587476
61606166
61624281
61639966
61654470
61672430
61690318
61708326
61722806
61740814
61755606
61774873
61792814
61808521
61824134
61839758
61855465
61875278
61890078
61905318
61920966
61936622
61952494
61968150
61988513
62006470
62018537
62035430
62051054
62066782
62082430
62098113
62119118
62134710
62149166
62165078
62179454
62195006
62210742
62228542
62250393
62266054
62280462
62296078
63438468
61112977
61113648
61113547
61113910
61113915
61113874
61112950
61112253
61112188
61113212
61113959
61113900
61114216
61114117
61113908
61114212
61027958
61040526
61055774
61071478
61087206
61102230
61120833
61137254
61153678
61169142
61188105
61202542
61219542
61237401
61253270
61268972
61288566
61302937
61322785
61337161
61355265
61371577
61389649
61405342
61423134
61437601
61455673
61472382
61488289
61506110
61520489
61539025
61554433
61571324
61588241
61606958
61621350
61637409
61652649
61668332
61689809
61705542
61719958
61735801
61751521
61773193
61788838
61803454
61819081
61836969
61852318
61872494
61888126
61903566
61918262
61934073
61949270
61964022
61984441
62000086
62014489
62030316
62048230
62060284
62075902
62091500
62112673
62130745
62146377
62162062
62177678
62193310
62208942
62223358
62239169
62260873
62276601
62292305
62307724
63441513
61115923
61115798
61115734
61116820
61116281
61116802
61117133
61115652
61116921
61117242
61115700
61117368
61117402
61117322
61117456
61117346
61033443
61048145
61062713
61078497
61096942
61112161
61130718
61146006
61161550
61178203
61197275
61212070
61232534
61251798
61266739
61286118
61300734
61318606
61334726
61349270
61363990
61382438
61396830
61414942
61432742
61447494
61462793
61483214
61497747
61513417
61531350
61549742
61564313
61582230
61596646
61615302
61631057
61649054
61664782
61679126
61700654
61716446
61731041
61748934
61764590
61783190
61798753
61816502
61831217
61849062
61863374
61885750
61901358
61916238
61931721
61949614
61964302
61979737
62002558
62017129
62034974
62049710
62065273
62083118
62098846
62118542
62133014
62148742
62163406
62178801
62196982
62211814
62229398
62244230
62268054
62283758
62297225
62314998
63448924
61122761
61122486
61123304
61123120
61123524
61124332
61123433
61124201
61123334
61122953
61124230
61124578
61123065
61124642
61124840
61124767
61040798
61056736
61070197
61085528
61102677
61120352
61136693
61151789
61169912
61186541
61201829
61220040
61235869
61254992
61269376
61287755
61303504
61319173
61338997
61353325
61370133
61388856
61403768
61421605
61438389
61453824
61471861
61488763
61504165
61522456
61539464
61557477
61572040
61587808
61605693
61623093
61641216
61655680
61671501
61692888
61707408
61725245
61739645
61757840
61772360
61791885
61809888
61824504
61842341
61856693
61874928
61893456
61911589
61926109
61944112
61960872
61975221
61998288
62012632
62027147
62041960
62057192
62072853
62088421
62106544
62126325
62142181
62160112
62174589
62190069
62203357
62219237
62237251
62251973
62273584
62291469
62306352
63451704
61126078
61126801
61126787
61127156
61127212
61127153
61127321
61127284
61127276
61127268
61127372
61126332
61127444
61127251
61127439
61127318
61046107
61058091
61075361
61091222
61105886
61121998
61140969
61156198
61171758
61189537
61207430
61223174
61239126
61256017
61273846
61289004
61305633
61323526
61339870
61355628
61372254
61389817
61405609
61423502
61437758
61453393
61468990
61485782
61501478
61517265
61535169
61552345
61568025
61585998
61601742
61619302
61634841
61651758
61667622
61685350
61703601
61721270
61736137
61751692
61769486
61787793
61804505
61821521
61835782
61851657
61869654
61888414
61904145
61921974
61936734
61952305
61970142
61985025
62007481
62022065
62040065
62054470
62070313
62088206
62103862
62123809
62141729
62157446
62171750
62189814
62205601
62220137
62238038
62251022
62273102
62287422
62305545
62321177
63455156
61129564
61130126
61130054
61130466
61130530
61128828
61128729
61129399
61129111
61129970
61129727
61129604
61130772
61129524
61130524
61129830
61045432
61057739
61074806
61089382
61104806
61124009
61140489
61154812
61172545
61189150
61205654
61221358
61236990
61252750
61269406
61285254
61304793
61320433
61336902
61352449
61370377
61388017
61402358
61418097
61438225
61453758
61468246
61486289
61504182
61519910
61535633
61553945
61569617
61584382
61600014
61618681
61636430
61652134
61666601
61682134
61701438
61719393
61733865
61749406
61767513
61783225
61801326
61818198
61832841
61846161
61861542
61877321
61899577
61915297
61929817
61947697
61962230
61980177
61999662
62014894
62033169
62048833
62063286
62081217
62095809
62113702
62133449
62151566
62166225
62184193
62198830
62216641
62230974
62247809
62269865
62285406
62303481
62315566
63457895
61131710
61131537
61132412
61131606
61132639
61132382
61132507
61133195
61132616
61133123
61132328
61131856
61133312
61133585
61133304
61133660
61053418
61068224
61083485
61099624
61114376
61130704
61149309
61165800
61181568
61196827
61213603
61228096
61244800
61260325
61277392
61291917
61310189
61325931
61343328
61357613
61375725
61392160
61407685
61423624
61443608
61458072
61474150
61493973
61509629
61524496
61542152
61560584
61574829
61590584
61608605
61627357
61641741
61659885
61674360
61690277
61708901
61727168
61742848
61757200
61775213
61794781
61809117
61827341
61842989
61858669
61873109
61895357
61911037
61925389
61941232
61959181
61974201
61991749
62010936
62029008
62043445
62060237
62077205
62091600
62108317
62130869
62145445
62163253
62177632
62195773
62210285
62224741
62237848
62255933
62277733
62292325
62310197
62324685
63460952
61135296
61134688
61135957
61136415
61136075
61136449
61134877
61136663
61136596
61136711
61136807
61136682
61136791
61136801
61136802
61136630
61055133
61069602
61085437
61101437
61116053
61134701
61151248
61166528
61185392
61199835
61217712
61233389
61250232
61267208
61281720
61301101
61316821
61331272
61348707
61366800
61380144
61399744
61414728
61432480
61450296
61464608
61480272
61498197
61516328
61532032
61546584
61564952
61582832
61598488
61611776
61628224
61643736
61659419
61677368
61693096
61710944
61726755
61744672
61759064
61774611
61794315
61812216
61826680
61842432
61860400
61876056
61896032
61910448
61926059
61944080
61959736
61974128
61989747
62016043
62032936
62048592
62063416
62078720
62094576
62112480
62127912
62148248
62163731
62181408
62196024
62212894
62229752
62244144
62259910
62284112
62298688
62314435
62332197
63468598
61143167
61143850
61143793
61142443
61144151
61144600
61143961
61143856
61143343
61144014
61143372
61143979
61143335
61142291
61142408
61143275
61060538
61076374
61092211
61108209
61122814
61141467
61157003
61173185
61188835
61207718
61224382
61238699
61257923
61273659
61291790
61308923
61323566
61341497
61358902
61373425
61391422
61407726
61423339
61439070
61459270
61473678
61491865
61508854
61524238
61542190
61560547
61575003
61592955
61607505
61625625
61642966
61658699
61676809
61691342
61712643
61728481
61743182
61760854
61776563
61793366
61812862
61827342
61845379
61859779
61877977
61893627
61912422
61930235
61944950
61962862
61977457
61995307
62014606
62030310
62048121
62062937
62080830
62095321
62113219
62127790
62151193
62165475
62183710
62198203
62216155
62230523
62247558
62265499
62287371
62301787
62319910
62334227
63471844
61145649
61145337
61146465
61145484
61146380
61146079
61146135
61147119
61146231
61145836
61147437
61147453
61147522
61146197
61147394
61147316
61064659
61081963
61096446
61111190
61129323
61144718
61160854
61179579
61196195
61211787
61228513
61243929
61261068
61278068
61293657
61308057
61325345
61341065
61358428
61373881
61389692
61407372
61422769
61434889
61453825
61469577
61484972
61501988
61517561
61533321
61549940
61569601
61585364
61599780
61615745
61634276
61652148
61667801
61682121
61697996
61719289
61733777
61749337
61767556
61783196
61797740
61819393
61835129
61849553
61867668
61883396
61897836
61920041
61934809
61952497
61966889
61985033
61999769
62019881
62037953
62052524
62070492
62084761
62100548
62118649
62133220
62154001
62172073
62186716
62204604
62220249
62234505
62252772
62267188
62289028
62306972
62321465
62336993
63474543
61148454
61148107
61149006
61150066
61149935
61149914
61150002
61150011
61149980
61149878
61149346
61148040
61150025
61148883
61149307
61149312
61066733
61079235
61094715
61110219
61128950
61145131
61160219
61179110
61194771
61210214
61227025
61243510
61261737
61276748
61295438
61310246
61329521
61344286
61361238
61379441
61394036
61413798
61429513
61444310
61461678
61477361
61495382
61512094
61530225
61544638
61560441
61576265
61589927
61602598
61618334
61638246
61652849
61668438
61684014
61699865
61721254
61735918
61753793
61768558
61783921
61802073
61816582
61833526
61848286
61865993
61880390
61896110
61918409
61932750
61950758
61965166
61983313
61997654
62020574
62035470
62053273
62067793
62085670
62100030
62118249
62132814
62153782
62171817
62186086
62204230
62218494
62236697
62251566
62269230
62289889
62307889
62322230
62340326
63477911
61152245
61151970
61152018
61152997
61152216
61152911
61152172
61153044
61152198
61151742
61153118
61151911
61153257
61153509
61153169
61153554
61070699
61084254
61101163
61117118
61133126
61148222
61164590
61183385
61199041
61215673
61226209
61242134
61259001
61274502
61291393
61309409
61326625
61340958
61360809
61376521
61390961
61408582
61424097
61442118
61459921
61474254
61490161
61507948
61523406
61541601
61557313
61574417
61589942
61606073
61622609
61641321
61657049
61671441
61686958
61702945
61722057
61739865
61755297
61769977
61785510
61803633
61822889
61838841
61853606
61869052
61886953
61902649
61922537
61936790
61954929
61970361
61984918
62000838
62023529
62039174
62054041
62069393
62087353
62103009
62117513
62135414
62156505
62170766
62187577
62202129
62215321
62231041
62249129
62264809
62280513
62300977
62316617
62334630
62350369
61154434
61155863
61155911
61155866
61155943
61155822
61155927
61155782
61156050
61155924
61156173
61156031
61155674
61156025
61155367
61156105
61155514
61077817
61092329
61105345
61123777
61138881
61154657
61173561
61190033
61205449
61220969
61237521
61254751
61272636
61289609
61304001
61323625
61337953
61356017
61372489
61388129
61407881
61423609
61438153
61458209
61472953
61488185
61506353
61523049
61538665
61556729
61575073
61590793
61604025
61617289
61635289
61654017
61669721
61684241
61699961
61717841
61735969
61753689
61769417
61785164
61799769
61818985
61836985
61851601
61869473
61885289
61899737
61921977
61936393
61952249
61970073
61985801
62000153
62015801
62038777
62054465
62069057
62085641
62102609
62117025
62132585
62156129
62170897
62186177
62204201
62219033
62236689
62252604
62267057
62285001
62305513
62323585
62338329
63483916
61158279
61158124
61158028
61158939
61158459
61159039
61159332
61157812
61159191
61159477
61157825
61159436
61159581
61157897
61157662
61158353
61076955
61090321
61103879
61120487
61138036
61154335
61167188
61183860
61199143
61215740
61232260
61248108
61264724
61282868
61298687
61314175
61332807
61347492
61366927
61381391
61397372
61414959
61430220
61448343
61464919
61480679
61498556
61515300
61531178
61549031
61564719
61581786
61597596
61615508
61631207
61648612
61666724
61682356
61697066
61714844
61734015
61749719
61764156
61779855
61797820
61816124
61834191
61848628
61866620
61881436
61899135
61919036
61933415
61951503
61965986
61981692
61997564
62010951
62031055
62049127
62063444
62081524
62096239
62114052
62130812
62145383
62168799
62183055
62200095
62218095
62232588
62250511
62267367
62287311
62311367
62325884
62342583
62358439
61165898
61167204
61167383
61167179
61167468
61167157
61167361
61167240
61167559
61167358
61167556
61167269
61167690
61167416
61166801
61167531
61167748
61091170
61104688
61117736
61136147
61152323
61167470
61183902
61202432
61216742
61231539
61247787
61263982
61282544
61299651
61313971
61332334
61348059
61363798
61383443
61398323
61412600
61430011
61445584
61460328
61480219
61495643
61510240
61530667
61545467
61560728
61578787
61596142
61614051
61628371
61646515
61664304
61682011
61697795
61712438
61730259
61748358
61766128
61780408
61798699
61813342
61833704
61851776
61866568
61884291
61898683
61916755
61935776
61953475
61969195
61983766
62001699
62017427
62036798
62053382
62070320
62084840
62102771
62118419
62133227
62150907
62170747
62186288
62204411
62220123
62234766
62251483
62267216
62285075
62306963
62321518
62338110
62354944
63494929
61169476
61170137
61170051
61170373
61168777
61170362
61168841
61170509
61170501
61170514
61170640
61170589
61170594
61170471
61170736
61169869
61088270
61103168
61117605
61135858
61150658
61166730
61185634
61202130
61216658
61234432
61252202
61267106
61283589
61299165
61315010
61332941
61349021
61366906
61384277
61399197
61416928
61434552
61449213
61465757
61483541
61498125
61515946
61532848
61548386
61566445
61580874
61599312
61617325
61632141
61647605
61668570
61683096
61698715
61716677
61731269
61752680
61768269
61783093
61800698
61815098
61837061
61852498
61867362
61882853
61900938
61915482
61937733
61952077
61970114
61984586
62002684
62017068
62039873
62056633
62071177
62083169
62101396
62115940
62133825
62148201
62171772
62188532
62203148
62219793
62237817
62252481
62269172
62284852
62307865
62325937
62340257
62358484
63498271
61171998
61171673
61172694
61171779
61172656
61172494
61172590
61172499
61172643
61172513
61172585
61173620
61172681
61173641
61172982
61173737
61094100
61108537
61123985
61138649
61157169
61173385
61188849
61207345
61222761
61238540
61257481
61273428
61288911
61308076
61322527
61342172
61357804
61372236
61387532
61402991
61420844
61437292
61454153
61469007
61485140
61498780
61514047
61532007
61547831
61563316
61581308
61599700
61614079
61629799
61647820
61666548
61681335
61696679
61714644
61729124
61748319
61766236
61780796
61796271
61814428
61833948
61848327
61866305
61880815
61898900
61913292
61934436
61947615
61963260
61978967
61994815
62012708
62027140
62047543
62063167
62081260
62096916
62111356
62127167
62143727
62160420
62181748
62196177
62212063
62229884
62245588
62259967
62278004
62293732
62315532
62330124
62345807
62363580
63501090
61174956
61174529
61175572
61174807
61175449
61176442
61176584
61176643
61176677
61175416
61176795
61177271
61176744
61176492
61176760
61176639
61094438
61106721
61123617
61138081
61156526
61172793
61187894
61204294
61222449
61239054
61254334
61270289
61288150
61304990
61320705
61338790
61354606
61370321
61390198
61404505
61419169
61435545
61451054
61466761
61486945
61502649
61517121
61535113
61553073
61568713
61582966
61602633
61618377
61632940
61650825
61668289
61684108
61701945
61716694
61732300
61751169
61769225
61783625
61799214
61817286
61836841
61852561
61865881
61879206
61895766
61911553
61925830
61948185
61962705
61978353
61996297
62013233
62027857
62049313
62067489
62082009
62099878
62114606
62132385
62146718
62163649
62184590
62202710
62217278
62234049
62249697
62267510
62284566
62299150
62323281
62337910
62354398
62371425
63504084
61178659
61179242
61178348
61179202
61179431
61178053
61179485
61179635
61179298
61179801
61178149
61179723
61179940
61179838
61179819
61179934
61099665
61112153
61127585
61143599
61161945
61178153
61194641
61211073
61225801
61242457
61258657
61273289
61290060
61305569
61322609
61337033
61354233
61370057
61389788
61405297
61419825
61437497
61453311
61469905
61484969
61500857
61516561
61531225
61550153
61565964
61580633
61598780
61614369
61632265
61647969
61665492
61681217
61697055
61714796
61730401
61748665
61764111
61781953
61797732
61813321
61827609
61847345
61865348
61879761
61895973
61912156
61929121
61947761
61963569
61981468
61995905
62011788
62029633
62048812
62066876
62081292
62099364
62114180
62129484
62147593
62161972
62185436
62200292
62217924
62232324
62250388
62263665
62278532
62293604
62315644
62333489
62347940
62364692
63507036
61181004
61180758
61181459
61181521
61181700
61182313
61181548
61182340
61182489
61182725
61181183
61182741
61182885
61182813
61182845
61182909
61099598
61113713
61129569
61147849
61163577
61178836
61195303
61214097
61228625
61245148
61261817
61279817
61296673
61312492
61330513
61346492
61364588
61380289
61396353
61414484
61430185
61446794
61464521
61480241
61497050
61514753
61528161
61546081
61561649
61576020
61591905
61610138
61628177
61642866
61659409
61673663
61689404
61704820
61720628
61735988
61757444
61773113
61787802
61805505
61821297
61839553
61855482
61870828
61888784
61904539
61919000
61941179
61956824
61971198
61987169
62002707
62020536
62035051
62055435
62071091
62089235
62104808
62120536
62135120
62150611
62168611
62188416
62204091
62222128
62236987
62252296
62270363
62285168
62300753
62324600
62339120
62354731
62371563
63510326
61184285
61183961
61184900
61184175
61185055
61184841
61184953
61184849
61184804
61185777
61185308
61185783
61185052
61184532
61186251
61185916
61103413
61116808
61132392
61150816
61165541
61181634
61198384
61216986
61231437
61248136
61264648
61282642
61298386
61317669
61332077
61351736
61366224
61384197
61400661
61415890
61436085
61450549
61466258
61486314
61501058
61516333
61534477
61551050
61566829
61582589
61596698
61615162
61631093
61648973
61664546
61682069
61697880
61715797
61730213
61745810
61767413
61781818
61797533
61815629
61830365
61851802
61866290
61884290
61899189
61916778
61931298
61953648
61968192
61986138
62000610
62018685
62035445
62053314
62066821
62082397
62098029
62116074
62130653
62148533
62162965
62171306
62191194
62203178
62217618
62234554
62256216
62271725
62287472
62305589
62326064
62344162
62358808
62376733
63518944
61193918
61194169
61193321
61194525
61193158
61194511
61194519
61194671
61194660
61194486
61194716
61194636
61194689
61194791
61194796
61194015
61194876
61117592
61133099
61148947
61163336
61179528
61196723
61214376
61229888
61246352
61264355
61279848
61296464
61314563
61330371
61348438
61365635
61380184
61399763
61414366
61431099
61446323
61459510
61477472
61495390
61509819
61525336
61543459
61561542
61575950
61591651
61612219
61625384
61641115
61656688
61671211
61690232
61705499
61721059
61736913
61752416
61772032
61787240
61805371
61818536
61834248
61853723
61871907
61886435
61904240
61920011
61934320
61956667
61971475
61986771
62004923
62019494
62037323
62052139
62074595
62090264
62104966
62122656
62137107
62155144
62169968
62193051
62207622
62223281
62241211
62255752
62273755
62288480
62303768
62321891
62342427
62360515
62374928
63522140
61196324
61197653
61197524
61197428
61197637
61197425
61197398
61197513
61197628
61197700
61196027
61197724
61197708
61197657
61197761
61197769
61117957
61131077
61146848
61162005
61179952
61196232
61211637
61227864
61246725
61262504
61277853
61290400
61301014
61312886
61324990
61339619
61357542
61374718
61390446
61407822
61423230
61437819
61455379
61471302
61486755
61506934
61522531
61538310
61554883
61572955
61587470
61603254
61623763
61638278
61654299
61670734
61687139
61702854
61718286
61736446
61752027
61771238
61785654
61802478
61815710
61828851
61844747
61864102
61879758
61897830
61912171
61927755
61945950
61965723
61980099
61995806
62013899
62028342
62043974
62066835
62082294
62097118
62115003
62130414
62145102
62160803
62178758
62199838
62214299
62230942
62247958
62262419
62277918
62296054
62310470
62332446
62347683
62365950
62380635
63525081
61200381
61199654
61199150
61199166
61200473
61199489
61200337
61199305
61200294
61199894
61200572
61199942
61200484
61199614
61200382
61200446
61116133
61130512
61148680
61163680
61178104
61194320
61209712
61225296
61242912
61259432
61276096
61291768
61308504
61324208
61340896
61355608
61374016
61389699
61406928
61422592
61438320
61454632
61470296
61486360
61503696
61519520
61535056
61551928
61567352
61583424
61599880
61615968
61631784
61648384
61664016
61679600
61698376
61711568
61727152
61742776
61758488
61778840
61794400
61810104
61825800
61840216
61859688
61875416
61892144
61905528
61921160
61938208
61957800
61975752
61991456
62006144
62021985
62038376
62052792
62073224
62088976
62106856
62121688
62137096
62155048
62168384
62183896
62206144
62221776
62236120
62251888
62267688
62283200
62300096
62314656
62336232
62352064
62367720
62384288
63527859
61201628
61201681
61201761
61203432
61204012
61203290
61201716
61201853
61202509
61201995
61203197
61203652
61203837
61203681
61203775
61203839
61203812
61128033
61145841
61161582
61176113
61192441
61210854
61227393
61242481
61261446
61278225
61290257
61299782
61315401
61328790
61348065
61363638
61380961
61395417
61410337
61427174
61441638
61456737
61472726
61487089
61504833
61519073
61536041
61551558
61567457
61584089
61597137
61614153
61630401
61644609
61660185
61674638
61693214
61710153
61725713
61739001
61754694
61773841
61789649
61806337
61820729
61836294
61853281
61872777
61888409
61903998
61917257
61933017
61948686
61968198
61984153
61999809
62017689
62030814
62047758
62060974
62081534
62095993
62111553
62127150
62142841
62158545
62176569
62192206
62212065
62227625
62243390
62261329
62275561
62291489
62304657
62321553
62343286
62359009
62373521
62391334
63531281
61204693
61204642
61205197
61204797
61205277
61205048
61205840
61205584
61206472
61206852
61205302
61206970
61206873
61206889
61207023
61207197
61125986
61141901
61159485
61175506
61190437
61208957
61225418
61240893
61259597
61274010
61290653
61309829
61324229
61343709
61358253
61375667
61393563
61408651
61427661
61442480
61460744
61477733
61492485
61510056
61528048
61542571
61559163
61578531
61594157
61608944
61627048
61644941
61659344
61677408
61695861
61710656
61728621
61743368
61758776
61780280
61794664
61812728
61827304
61842976
61864688
61879080
61894736
61912757
61927328
61945296
61965176
61979576
61997640
62012077
62030128
62044541
62060208
62083093
62097752
62115373
62130168
62148061
62162576
62180621
62200744
62218464
62233280
62248688
62266629
62280936
62296677
62311288
62326720
62351048
62365413
62380280
62395616
63534152
61208283
61209307
61209472
61208156
61209502
61209805
61209414
61209767
61208219
61209978
61208232
61209975
61210039
61210052
61210012
61210063
61128845
61143626
61159029
61176090
61193426
61208386
61227384
61243955
61259595
61275057
61293979
61309582
61326523
61342179
61358083
61376315
61389435
61405126
61421603
61437371
61452747
61470323
61486051
61501595
61519267
61534979
61550603
61567451
61582939
61598515
61615470
61635067
61649467
61665243
61683115
61701899
61716147
61732019
61749995
61765691
61783475
61801547
61817283
61831646
61848531
61866699
61882406
61899107
61916147
61930603
61946291
61968467
61983891
61998515
62016659
62031243
62046827
62064779
62084379
62099547
62117651
62132451
62147963
62165771
62180283
62198299
62218027
62236099
62250555
62266139
62284219
62298603
62314323
62332475
62353003
62368715
62384531
62402339
63537449
61211718
61211148
61212800
61212808
61212741
61210895
61210927
61212175
61212588
61212636
61213013
61213056
61212898
61212930
61211855
61212116
61125795
61138246
61154835
61170387
61185107
61201539
61217950
61234054
61250467
61267118
61283835
61298035
61313691
61330371
61344990
61363059
61379051
61394905
61412747
61430131
61444915
61462401
61480163
61494907
61514731
61530467
61544859
61562931
61579699
61595534
61613451
61630459
61648555
61663083
61678651
61695558
61713011
61731035
61745427
61762299
61779035
61797043
61812451
61828403
61844123
61859795
61879179
61894883
61909275
61925027
61940742
61958635
61978491
61992811
62008539
62026539
62041003
62056827
62072491
62092843
62110795
62125627
62140771
62158915
62173235
62189107
62212363
62228067
62242579
62258107
62272718
62288363
62306243
62319531
62335115
62355942
62373859
62388179
62404134
63540134
61214584
61215497
61215423
61215415
61215524
61215310
61214083
61214525
61215389
61215622
61215678
61215836
61215788
61215860
61215911
61215932
61216015
61141492
61154628
61170409
61184812
61203372
61218476
61237065
61253620
61268857
61286921
61302404
61319089
61337153
61353241
61371020
61388265
61402919
61420087
61435932
61451407
61469151
61482466
61498284
61515540
61531164
61546956
61562639
61580516
61596428
61611804
61628460
61648183
61663796
61679479
61693892
61712647
61728588
61746244
61760988
61778767
61796652
61814652
61829468
61847175
61868532
61888847
61904623
61917935
61935820
61950412
61968447
61987084
62005156
62019772
62037596
62052239
62070191
62086383
62104980
62123039
62137543
62153127
62167956
62184351
62201295
62220948
62239087
62253671
62271564
62285900
62301791
62319628
62334151
62358295
62374036
62388599
62406551
63549879
61223552
61224879
61224916
61223609
61223457
61224468
61225084
61224577
61223807
61225126
61225466
61225474
61225648
61225621
61224514
61225554
61138480
61154585
61167689
61184764
61200409
61215729
61232825
61247921
61264401
61280929
61297060
61313369
61330140
61348025
61363871
61380764
61398004
61413636
61429729
61445607
61461212
61478695
61494220
61510199
61528924
61544577
61560212
61574532
61593780
61608196
61625140
61643409
61659044
61674721
61689092
61707236
61724849
61740484
61758428
61772756
61794249
61809124
61826788
61841401
61856961
61872572
61890849
61906532
61924652
61940257
61954700
61969132
61991356
62005993
62023793
62038332
62056332
62070660
62088857
62108036
62125948
62140551
62157513
62173052
62189956
62206743
62227684
62245841
62260412
62278380
62292708
62309644
62322825
62338460
62355159
62377113
62391716
62409652
63553039
61226876
61226566
61227438
61226705
61228201
61228648
61228605
61228450
61228648
61228679
61228680
61229260
61228720
61228492
61228642
61228580
61149094
61162718
61180251
61195332
61213561
61228932
61244988
61261580
61278153
61293726
61312582
61329497
61343889
61360857
61378921
61394974
61410916
61426132
61445996
61461609
61479244
61494897
61510481
61526177
61543846
61559561
61575193
61593070
61606396
61622073
61637849
61655854
61671630
61688518
61702878
61721713
61736110
61749412
61765193
61780606
61799860
61814252
61831145
61845444
61861108
61877993
61897537
61913169
61928825
61944393
61960094
61974822
61994262
62012430
62028062
62042806
62058238
62076182
62091742
62111382
62129030
62144734
62159462
62174798
62192894
62207558
62228494
62245238
62260902
62275414
62291974
62308958
62323758
62338966
62357110
62377678
62393678
62411326
63555985
61230113
61230388
61231289
61231538
61231334
61230542
61231692
61230163
61232216
61231509
61230837
61231578
61231506
61231969
61231918
61231709
61232522
61157247
61170311
61186490
61202839
61215570
61230674
61246919
61263319
61281079
61295482
61311410
61327815
61344671
61358490
61376098
61391802
61408970
61424626
61441986
61457546
61472010
61487063
61503101
61520850
61538682
61554314
61570018
61587658
61602357
61617989
61633573
61654418
61670050
61684773
61700277
61721170
61736898
61752530
61767125
61782757
61804034
61817421
61834218
61848578
61861829
61878730
61897050
61910493
61927114
61940381
61954917
61971658
61991586
62005946
62019485
62036106
62051738
62067394
62080586
62099997
62115365
62128693
62144325
62158949
62174530
62190162
62205794
62220765
62240058
62254490
62270122
62284554
62297973
62314613
62330298
62343429
62361253
62383290
62399018
62414578
63559296
61233184
61233466
61234466
61234633
61233155
61234820
61234780
61234493
61235078
61234029
61234619
61234517
61235092
61235001
61234830
61234792
61149178
61161375
61178130
61194029
61209626
61224765
61241157
61257378
61274706
61292610
61309226
61324930
61340746
61356090
61375498
61389962
61407354
61424050
61441474
61459346
61473882
61491658
61509538
61523938
61544138
61558626
61574258
61594674
61609050
61624810
61640442
61659018
61674418
61692322
61706957
61725522
61743538
61759242
61773805
61789349
61808349
61826514
61840898
61856682
61874626
61894098
61908613
61926514
61941173
61959082
61973645
61993354
62008914
62025858
62038002
62053570
62066762
62083634
62098621
62118522
62131885
62148666
62163290
62181154
62195890
62211410
62234682
62249202
62266850
62283906
62298466
62316394
62331122
62348874
62369418
62387506
62402322
62418658
63562317
61236430
61237762
61235838
61237585
61235975
61236507
61237967
61236134
61237573
61237889
61236403
61237720
61237669
61238070
61238168
61238083
61238415
61153462
61165684
61183903
61199437
61213922
61230775
61247250
61265071
61281605
61298159
61311098
61326917
61340130
61354370
61371383
61383383
61396615
61412834
61428239
61444602
61461418
61474975
61491197
61506850
61524599
61542423
61558194
61572570
61589415
61606586
61621922
61639767
61658210
61672551
61688194
61703874
61720754
61738191
61756271
61771975
61786506
61805530
61821154
61836959
61852570
61870514
61886242
61905714
61920183
61935890
61953834
61968175
61984010
62003727
62017322
62033794
62044551
62057877
62072674
62088018
62106146
62122882
62138538
62154098
62168762
62184234
62202354
62217863
62237703
62253415
62271431
62287066
62301407
62319551
62334018
62349727
62373815
62388626
62403815
62422010
63565346
61239915
61240619
61240597
61240780
61240771
61240683
61240557
61240695
61240607
61240719
61241035
61239514
61240933
61241139
61239226
61239466
61240202
61156636
61171218
61189050
61204010
61222413
61238709
61254090
61270290
61288293
61304906
61320626
61335893
61354842
61371002
61389040
61406178
61420997
61436408
61453637
61465688
61480130
61496530
61511013
61524253
61537426
61554096
61569650
61583069
61603253
61617717
61633442
61651381
61669832
61684232
61699933
61717837
61735306
61750861
61769101
61783829
61799181
61820546
61835429
61853136
61867706
61883066
61905240
61919629
61937653
61952005
61970133
61984949
62006781
62021165
62036813
62054906
62069485
62087418
62102994
62122309
62140298
62154858
62170557
62188509
62203269
62220925
62241269
62256426
62273325
62289165
62306906
62321285
62339442
62354029
62378074
62392394
62410317
62427381
63568515
61242307
61241875
61242368
61242152
61243053
61242789
61242965
61243792
61243205
61243712
61244000
61242921
61243851
61244137
61244292
61244284
61163288
61179013
61193330
61209653
61227848
61243186
61259267
61277989
61294621
61309429
61325677
61344853
61359317
61376520
61394093
61410242
61428317
61442837
61460133
61476949
61495589
61510125
61528253
61546109
61560613
61578493
61594037
61611157
61629026
61643845
61662139
61679893
61694194
61712317
61729885
61747936
61762277
61780322
61794837
61813773
61831882
61846568
61862176
61880069
61895848
61913957
61932197
61946853
61964632
61980186
61994629
62017013
62031437
62049480
62063813
62081968
62096709
62119114
62133709
62149218
62166466
62182181
62198771
62214637
62230123
62253520
62267722
62285944
62300362
62318274
62334069
62348683
62366541
62387125
62403997
62418445
62436413
63571464
61245914
61245698
61245746
61246458
61246853
61245297
61246667
61247022
61245357
61247092
61247204
61247220
61247284
61247286
61247118
61247032
61164998
61180732
61196610
61212610
61227418
61243434
61262349
61278762
61293111
61309698
61326341
61344386
61361170
61377034
61392594
61408175
61425367
61443431
61460922
61475199
61491202
61510994
61525327
61541101
61559914
61576831
61591223
61605709
61617682
61630938
61646642
61663730
61679498
61695034
61712818
61727823
61746405
61764234
61779879
61794418
61813562
61831383
61847090
61861839
61877402
61895274
61914767
61929447
61944986
61962855
61978290
61993271
62012794
62030858
62046610
62060935
62076546
62094642
62110354
62129407
62145466
62163215
62178010
62195674
62210511
62225866
62246802
62263738
62279410
62294007
62309533
62325138
62343090
62358743
62373210
62395165
62410805
62428685
62443122
63574525
61248784
61249725
61249878
61249819
61249783
61249133
61249605
61249728
61250124
61250062
61250169
61250169
61250110
61250257
61250102
61250292
61163255
61179160
61195008
61212720
61227920
61246619
61262984
61278216
61293920
61310328
61326128
61343896
61360744
61375328
61394579
61416504
61436024
61450488
61467808
61483656
61501560
61519200
61534904
61549576
61567192
61585136
61600696
61617504
61633048
61651192
61665616
61683800
61701928
61716483
61731976
61753192
61767624
61785624
61801280
61815856
61836960
61851960
61869696
61884504
61899859
61921816
61936328
61954208
61968624
61986696
62002424
62021040
62039040
62053528
62071528
62086136
62104016
62118600
62141304
62155688
62171544
62189496
62204008
62222048
62236368
62259592
62274232
62292080
62308008
62322168
62335928
62352528
62365600
62380368
62401952
62415187
62430808
62444123
63585123
61259271
61260261
61259163
61260388
61258469
61258637
61259685
61259383
61259426
61260445
61259546
61260365
61260701
61259315
61260453
61260972
61259770
61188573
61203973
61219853
61234472
61252882
61269869
61284677
61303114
61318565
61337576
61351968
61369131
61386939
61403104
61418667
61437952
61453549
61469656
61487787
61503429
61521040
61535461
61551331
61571323
61586933
61602624
61619592
61635037
61650648
61666352
61684461
61700152
61715816
61732776
61751125
61767112
61782709
61798400
61813973
61833085
61847477
61863229
61881248
61896656
61912565
61931045
61946779
61963288
61977731
61994565
62010288
62028765
62046896
62062536
62078197
62092894
62110752
62129880
62148016
62163672
62179237
62194936
62209293
62225096
62242984
62264101
62278824
62294379
62312149
62327904
62343509
62357888
62373643
62397811
62413405
62427765
62445880
63588080
61262411
61261920
61263138
61263609
61263269
61263636
61263253
61263804
61263628
61263493
61264411
61262125
61263721
61263032
61262072
61263964
61263800
61264046
61187842
61196667
61211195
61224256
61234192
61248992
61259291
61274424
61284016
61295947
61309200
61321072
61334008
61348259
61358928
61373368
61385368
61401488
61416925
61431706
61444122
61459445
61475541
61488805
61504437
61520813
61535317
61547250
61563754
61578461
61592682
61609629
61624053
61639650
61654066
61668426
61684589
61700074
61712194
61728890
61741013
61760826
61774149
61788653
61802066
61815245
61834426
61848637
61861885
61878765
61890885
61905341
61923685
61940357
61954805
61967978
61982482
61995893
62011298
62028997
62043250
62057869
62074629
62086749
62103493
62117949
62137181
62150594
62163685
62180429
62193773
62209330
62225021
62237381
62252805
62270301
62285786
62299109
62314666
62328973
62344602
62361677
62375946
62400250
62414578
62431514
62445818
63591869
61265741
61265481
61266329
61266115
61266234
61267063
61266361
61267116
61266537
61266941
61266205
61265792
61267226
61267445
61265482
61267170
61180019
61190341
61204825
61219433
61233793
61248801
61262553
61277681
61293449
61306145
61323969
61336150
61352734
61366942
61383902
61398790
61415310
61427502
61443441
61459041
61473969
61488713
61504225
61520505
61532585
61547263
61561588
61578268
61593737
61607087
61626177
61639425
61654153
61668257
61687737
61703441
61719097
61733617
61754633
61769401
61784681
61802753
61817513
61838633
61853025
61871113
61884305
61901265
61914585
61935169
61947385
61962817
61978489
61991892
62006265
62026073
62043063
62057356
62074260
62092284
62106804
62124871
62144156
62160868
62179141
62193500
62211452
62227223
62241692
62263740
62276007
62290380
62304692
62320439
62336020
62350380
62364959
62379156
62392591
62415671
62429964
62443292
62460111
63595277
61270396
61268435
61268842
61270372
61269569
61269629
61270244
61270324
61270348
61268961
61269092
61270776
61270554
61268745
61268812
61269460
61269084
61184846
61198414
61213836
61228495
61244258
61260396
61271874
61288228
61300956
61313060
61326311
61338199
61354775
61365556
61378689
61389617
61401953
61414972
61428620
61445404
61458844
61478452
61494148
61509908
61526279
61542114
61559935
61577751
61592239
61607919
61628103
61641319
61655791
61669186
61683551
61698410
61710639
61724687
61737991
61749951
61767535
61778199
61792010
61807263
61820444
61838340
61851703
61863751
61880519
61893911
61911804
61929980
61948132
61962764
61980599
61995263
62013108
62034092
62048807
62066580
62081223
62097876
62113876
62129495
62150911
62165511
62183303
62197804
62215855
62230255
62248415
62268311
62286228
62301095
62317508
62331988
62348831
62363124
62379959
62396924
62418018
62435615
62450207
62465863
61272141
61272594
61273706
61273543
61271913
61272953
61272662
61272941
61273552
61273891
61274178
61273694
61274071
61274092
61274106
61274119
61272294
61192908
61208935
61223498
61239159
61257503
61273703
61290199
61306599
61322362
61340023
61356567
61373431
61387842
61405981
61422599
61438807
61456871
61471530
61491087
61505551
61519183
61537631
61551946
61570047
61586623
61604727
61619242
61637327
61652893
61670834
61686511
61704831
61719263
61732589
61750530
61768040
61782522
61800471
61813938
61828229
61848498
61861901
61877487
61893037
61908775
61924538
61943834
61959717
61977479
61993135
62008818
62024423
62044351
62059983
62075690
62090375
62105975
62121367
62144119
62159898
62175407
62191039
62206767
62222450
62236815
62252850
62273815
62289282
62305007
62321682
62337263
62352919
62368623
62383066
62398791
62420722
62436018
62451874
62469783
63601309
61275033
61275729
61276800
61276828
61276453
61274797
61275885
61275323
61276926
61275886
61276153
61274949
61276741
61275261
61276738
61275250
61276877
61198610
61214533
61228605
61244715
61263111
61278151
61294604
61311167
61329892
61345663
61361228
61378188
61393332
61412812
61427532
61444335
61460039
61478223
61494276
61509892
61527516
61543444
61558991
61577775
61590098
61604343
61621215
61639175
61654807
61670340
61682519
61700794
61714074
61728596
61744380
61763991
61777324
61792751
61809783
61825364
61839756
61857596
61872279
61887884
61903439
61920260
61938620
61954180
61969863
61985519
62001172
62015580
62035636
62051255
62069140
62084783
62099324
62117279
62131628
62154567
62169324
62185660
62202759
62217444
62233852
62250879
62270775
62288684
62303327
62321212
62336927
62351124
62369260
62384100
62401748
62421343
62439188
62454068
62469559
63604437
61278794
61279580
61278079
61279688
61279933
61278741
61279813
61279670
61279687
61279574
61279834
61279657
61279071
61277918
61279761
61278294
61197982
61215271
61230617
61245556
61263844
61279993
61296500
61311612
61328204
61346265
61362988
61378660
61396497
61412372
61428089
61447497
61461876
61479977
61496033
61514356
61530812
61546516
61564409
61581329
61596676
61614569
61629116
61649420
61665089
61679673
61700300
61714657
61730217
61748420
61766121
61783849
61799340
61814076
61832041
61852417
61866868
61882660
61900561
61915297
61933036
61952225
61968212
61982633
61998249
62016260
62030689
62050473
62068628
62083305
62101033
62116820
62131332
62154057
62168921
62185252
62202233
62216745
62234756
62249113
62264937
62285740
62303553
62318441
62336340
62350729
62368729
62383276
62401276
62423089
62437601
62455564
62469969
63607519
61282044
61282724
61282558
61282912
61282858
61282938
61283080
61283064
61282997
61282914
61283085
61282997
61283157
61283167
61283195
61282913
61203551
61219426
61234890
61249978
61268026
61283066
61299680
61315997
61332544
61350637
61367122
61383906
61399728
61415397
61433469
61449485
61465245
61483090
61500546
61515058
61535037
61549434
61567434
61585341
61599896
61617690
61632266
61650320
61668173
61682858
61701114
61718930
61733434
61749042
61770165
61784530
61802610
61817418
61832722
61854229
61868642
61886810
61901245
61916837
61934858
61953269
61971309
61985821
62003805
62018506
62036221
62054866
62070477
62088669
62103237
62121117
62135661
62158325
62172674
62190885
62206589
62220861
62236650
62254709
62269258
62290384
62308146
62322549
62340693
62356357
62370741
62386242
62402518
62423984
62440758
62457445
62473157
63610595
61284850
61285580
61285492
61285711
61285802
61285537
61285746
61286516
61285802
61285681
61285882
61285764
61286115
61285930
61285238
61286010
61202750
61219612
61235380
61251380
61266156
61282292
61299132
61315116
61331023
61347487
61366396
61382156
61397657
61414636
61432716
61447121
61464284
61482423
61499820
61514263
61530068
61549972
61565604
61580241
61597692
61615788
61631433
61648329
61664044
61681844
61697596
61714617
61730436
61745964
61762836
61780268
61793505
61811636
61827297
61841748
61860892
61877548
61894564
61908857
61926980
61946524
61960817
61978940
61994708
62009369
62024636
62046732
62061548
62079433
62093857
62110748
62126652
62143356
62166092
62180449
62198593
62213196
62231140
62245492
62262337
62285772
62300332
62318260
62332617
62350761
62365076
62383236
62405017
62421785
62443620
62458305
62473673
62491692
61295778
61296428
61296580
61295699
61295658
61296540
61297175
61297231
61297710
61297643
61297556
61297616
61297407
61296797
61297412
61297436
61296882
61214318
61228860
61242346
61260060
61275220
61291372
61307972
61325479
61342052
61358932
61375540
61390212
61405626
61421471
61440607
61455020
61472404
61490271
61507655
61523292
61537764
61555559
61573351
61588788
61605940
61621407
61639244
61657180
61671668
61687420
61705434
61723767
61738028
61753943
61771874
61790607
61805351
61820970
61837525
61854367
61872167
61887973
61905943
61921663
61935983
61955551
61972447
61987943
62003671
62021743
62036388
62056002
62074015
62088372
62106562
62120967
62136623
62154623
62172743
62188354
62202759
62220842
62235196
62251082
62269039
62283693
62306556
62321482
62339378
62353719
62371804
62386207
62404338
62419964
62440794
62456239
62469610
62485119
63624898
61298827
61298503
61299149
61298693
61299655
61298684
61299631
61298748
61299460
61299316
61299791
61300215
61299492
61300637
61300429
61300653
61219542
61235770
61251234
61265994
61284330
61300562
61315730
61334634
61351178
61366890
61382338
61398978
61414602
61434184
61448933
61465840
61481613
61499386
61515573
61533688
61551250
61566882
61580098
61598162
61615986
61630322
61646154
61666402
61681762
61696386
61713189
61732853
61747266
61763042
61780914
61799690
61814042
61830917
61847770
61862154
61883730
61897026
61913842
61928602
61943882
61965866
61980290
61998282
62012778
62028381
62046522
62065114
62083122
62097602
62115610
62131330
62148098
62164333
62185458
62200021
62217850
62232258
62250410
62264890
62282890
62302829
62320754
62335389
62353314
62367698
62385706
62400530
62418266
62439210
62454509
62472450
62486874
63627965
61302416
61303344
61303403
61303276
61303328
61303194
61303352
61303129
61303357
61303295
61303571
61303292
61303639
61301727
61303439
61301916
61221413
61238637
61254029
61268917
61287197
61302165
61318589
61335109
61353989
61369605
61385029
61401765
61417589
61435501
61452549
61468405
61486560
61501037
61518453
61536408
61553933
61569661
61584240
61604165
61620016
61634752
61650061
61670368
61686037
61701728
61719917
61734400
61751285
61765957
61781528
61801181
61818149
61833781
61849381
61863901
61883045
61900941
61916645
61932341
61946757
61966357
61984253
61999957
62014373
62030061
62048101
62066781
62082629
62098269
62113637
62130549
62146165
62160973
62181357
62196597
62212357
62227021
62243397
62255613
62273709
62289413
62310421
62326077
62340509
62356093
62371725
62387381
62400645
62417517
62439245
62454877
62470605
62486165
63630824
61305002
61306177
61306137
61304795
61304886
61306385
61306155
61305718
61305779
61305049
61306310
61306655
61306738
61306861
61306786
61306796
61306888
61230402
61246427
61262152
61277768
61293920
61310168
61325320
61341712
61359504
61375136
61391752
61408688
61424379
61441347
61455763
61473038
61488707
61505224
61524027
61539688
61557272
61572936
61588568
61604168
61621968
61637528
61653248
61671192
61685515
61702408
61716752
61736384
61752016
61767672
61782176
61800904
61813952
61832096
61847816
61863520
61882624
61898264
61913920
61928296
61945192
61964608
61980312
61995968
62011600
62027232
62042888
62058520
62078400
62094032
62109616
62125320
62139712
62156664
62177096
62191584
62208392
62223944
62238347
62255240
62270968
62286520
62307536
62323264
62340024
62353240
62368872
62384755
62400280
62415912
62431475
62453275
62471368
62483376
62500312
63634107
61309100
61309126
61307758
61309254
61309489
61309480
61308294
61308570
61309644
61309414
61308065
61309625
61309769
61309956
61307923
61308171
61309723
61226472
61241027
61256795
61269691
61286851
61302419
61320110
61334358
61349764
61366454
61382878
61398934
61416566
61432294
61448030
61464038
61480977
61497660
61516238
61529753
61545305
61562942
61578246
61594022
61612894
61628550
61645566
61661166
61677918
61693902
61709142
61727441
61743097
61759870
61776886
61791302
61810006
61826790
61843662
61859366
61877094
61894038
61908630
61924711
61942222
61957950
61977422
61991729
62008526
62024302
62039894
62057958
62076718
62092430
62110302
62125734
62140358
62157110
62177710
62193398
62211366
62225766
62242606
62258382
62274358
62289534
62313046
62328750
62343446
62358726
62375486
62392486
62406998
62423654
62446814
62461358
62476790
62493550
63637204
61311149
61310858
61311711
61311506
61311642
61312776
61312685
61312712
61312653
61310740
61310879
61311527
61311767
61312668
61312895
61313069
61227101
61242766
61257617
61272987
61287566
61303691
61321907
61336643
61352747
61369497
61385910
61402718
61420894
61435267
61452209
61470382
61486297
61504401
61519559
61537508
61553086
61569398
61585284
61601806
61620862
61635422
61652222
61668942
61685681
61702670
61717041
61737750
61752225
61770289
61785966
61804649
61820254
61835886
61850329
61867238
61885222
61900814
61917414
61932505
61947830
61963390
61982873
61998529
62016593
62032321
62047902
62062334
62078553
62094313
62111057
62124345
62141209
62156865
62170329
62189289
62205361
62220798
62236294
62251926
62267537
62282038
62297721
62316489
62334313
62347513
62363161
62381233
62397001
62412657
62428289
62450038
62464337
62481326
62495718
63640345
61314716
61315244
61313996
61315765
61315690
61315484
61315610
61315489
61315762
61313974
61313934
61314582
61314886
61315289
61316114
61316119
61230155
61245798
61260422
61275723
61293326
61309499
61324958
61340403
61355627
61372147
61388838
61403246
61421291
61435718
61452747
61467067
61484443
61500075
61514843
61531891
61547475
61562011
61579491
61595283
61609715
61627483
61641843
61657547
61674619
61689043
61705595
61718715
61737235
61754003
61769563
61785219
61801755
61817187
61832779
61848475
61864147
61884459
61900019
61915827
61931379
61947043
61962659
61980819
61997859
62013419
62029051
62042267
62058171
62077918
62092219
62109155
62124739
62137083
62153603
62166755
62187675
62204219
62218467
62235579
62248750
62264595
62281107
62298123
62316651
62332699
62347875
62362787
62378003
62394891
62408211
62423867
62440683
62459955
62474531
62490163
62505891
63643246
61317265
61316982
61317699
61318491
61317600
61318411
61318662
61318975
61318903
61317209
61316971
61318038
61318972
61319055
61318991
61319140
61232240
61247890
61263607
61279319
61295055
61311303
61327426
61341442
61359178
61372058
61387842
61405559
61422402
61436714
61454935
61470642
61487882
61503487
61517866
61535146
61551975
61570839
61586698
61599951
61620058
61635607
61651354
61667002
61682426
61698207
61712663
61728298
61746375
61763311
61776647
61794599
61813375
61829090
61843826
61859087
61874767
61896167
61911887
61926346
61942194
61960079
61979634
61994026
62009786
62027623
62043327
62058143
62077799
62093218
62111231
62125778
62141279
62159447
62173775
62194354
62210274
62225567
62243706
62259359
62271519
62287010
62305023
62326178
62341679
62355095
62370607
62387479
62403194
62417799
62433354
62455079
62470567
62486111
62501815
63646578
61320141
61320154
61321508
61321866
61321959
61321675
61320585
61320742
61321716
61322144
61322100
61321870
61322185
61320910
61322123
61321155
61322565
61240080
61255750
61271577
61286532
61302329
61320822
61337222
61353622
61369401
61385913
61400593
61417409
61434129
61452017
61464158
61480985
61497782
61513726
61528710
61545644
61558766
61575414
61591046
61605478
61623057
61638838
61654361
61667697
61685862
61701081
61714454
61731278
61749660
61765182
61780940
61796593
61815270
61830910
61846550
61862270
61877953
61896934
61911742
61927422
61942878
61960766
61980313
61995886
62010286
62025934
62041686
62059598
62075294
62095174
62110814
62125257
62140862
62156422
62173350
62193814
62209510
62225166
62240806
62256505
62272022
62287777
62303078
62324390
62339966
62355374
62371310
62387017
62402526
62418305
62433878
62449526
62471246
62486929
62502633
62518214
63649673
61324349
61324932
61324868
61325099
61325112
61325112
61325099
61323916
61324908
61325261
61325103
61323580
61325196
61325413
61325132
61324375
61325552
61243061
61260208
61275819
61289483
61305275
61322747
61337835
61352971
61368699
61384355
61403115
61418838
61434806
61450270
61469558
61483897
61501078
61516833
61536598
61551046
61569153
61585422
61601233
61619166
61636910
61652638
61665966
61685014
61700662
61713790
61730766
61748998
61762198
61778385
61794833
61810966
61826966
61843502
61859206
61872601
61891689
61908310
61921630
61935297
61951766
61964982
61985694
61999089
62016982
62030102
62045966
62062630
62078286
62096942
62112670
62128302
62142694
62158529
62176422
62195638
62213638
62229430
62245062
62260622
62276350
62291982
62307638
62327809
62343241
62361062
62376718
62391361
62407009
62422449
62440470
62462270
62477902
62492641
62510462
63652764
61326542
61327043
61327331
61327747
61326547
61328277
61328207
61328277
61328191
61328081
61326446
61327622
61328407
61328439
61328418
61328554
61241117
61256035
61271931
61287214
61305387
61322203
61336273
61352025
61368347
61384990
61401633
61418187
61436334
61451963
61467899
61485771
61501795
61517534
61537158
61552515
61567662
61585062
61602966
61617379
61635123
61653219
61667611
61685793
61703635
61718035
61733691
61754430
61768851
61786969
61801515
61820158
61838153
61853707
61868035
61886291
61904091
61919867
61937915
61952710
61967942
61987550
62004331
62018822
62036817
62052443
62066763
62089155
62103958
62119331
62135950
62152899
62168563
62183113
62205779
62220646
62238347
62252803
62270803
62286582
62302147
62323187
62338870
62354443
62368795
62386969
62402571
62426427
62444499
62459038
62480827
62498859
62513163
62528835
63665182
61339839
61340500
61340356
61340581
61340690
61340688
61340669
61338801
61338852
61339564
61339713
61339785
61341053
61341048
61340866
61339946
61253691
61267433
61283177
61298569
61314572
61332940
61350012
61365521
61381945
61398596
61415276
61430844
61446804
61462332
61480316
61494895
61511927
61527583
61547455
61563111
61577463
61595346
61613218
61628807
61646647
61660895
61676618
61697071
61712727
61727471
61742679
61763463
61778330
61793519
61809215
61830485
61845005
61862898
61879631
61892951
61912058
61927690
61943263
61961359
61975751
61994021
62012482
62027986
62045938
62061610
62077290
62091666
62111450
62129626
62144354
62158415
62173154
62189813
62204690
62223415
62239450
62255034
62271279
62285882
62302789
62319805
62339669
62357546
62371946
62390050
62404719
62420223
62438095
62452623
62470514
62492541
62508167
62523850
63668453
61342861
61342623
61343005
61342237
61343618
61343768
61342290
61343950
61343963
61344006
61344220
61344009
61344061
61344716
61343285
61343838
61260739
61276518
61292113
61309294
61324153
61340252
61359089
61375366
61391177
61406481
61424073
61439993
61456761
61472588
61490652
61503841
61520985
61537809
61555252
61572145
61587905
61604089
61619785
61637881
61655697
61671289
61686097
61703705
61719588
61736137
61752993
61771321
61785801
61801369
61818313
61835828
61851516
61868244
61885137
61900857
61919108
61934756
61949849
61965545
61981137
62001921
62017577
62032081
62046916
62064569
62079140
62097057
62115852
62133769
62148081
62166161
62182017
62196444
62218969
62234221
62251753
62267409
62281729
62299873
62314489
62332289
62352484
62370153
62384972
62402641
62417436
62433868
62449521
62467681
62488217
62506329
62520956
62538777
63671538
61344890
61345127
61345526
61346459
61345728
61345160
61346680
61345291
61346699
61347122
61346777
61347044
61345574
61347231
61347183
61347319
61265962
61281227
61296275
61314371
61330699
61345664
61362016
61379680
61393312
61409475
61426259
61444195
61459870
61476884
61494942
61510870
61526705
61544526
61560969
61578742
61592038
61609857
61627750
61642569
61660017
61676697
61693638
61710321
61725918
61744003
61758395
61776846
61794811
61809227
61824918
61845955
61861659
61876078
61894147
61908934
61927702
61943334
61958918
61977075
61991491
62011022
62029075
62043438
62061451
62075926
62094011
62112998
62130651
62145302
62163211
62177782
62195627
62214878
62232963
62247422
62265483
62280110
62298003
62312334
62330491
62350462
62368355
62382950
62400771
62415430
62433259
62447974
62465819
62486342
62504451
62519022
62536979
63674500
61348290
61348496
61348738
61349758
61349641
61349793
61349897
61349889
61349838
61349932
61350036
61349476
61350159
61349929
61349985
61349923
61382290
Peak: 63707222
Average: 61010740.04005327
