0
78460
351099
804971
706710
1556997
2121788
2549158
2978797
3424489
3846393
4308382
5097993
5509735
5658363
6143259
6623288
7026448
7350866
7756430
8284820
8522385
8948888
9305746
9561172
9718767
10445470
10678949
11107541
11599643
12386684
12637754
12994754
13461264
14035638
14464245
14736838
15379634
15762253
16278720
16477805
16615132
16691948
17037731
17204457
17492625
17876154
18014339
18241935
18934763
19059207
19398987
19555849
19664234
19666994
19897544
20078727
20199110
20369123
20535603
20856248
21339532
21723603
22133916
22562174
23182403
23385198
23777378
24084996
24391562
24412766
24551726
24720562
24965328
25090173
25402200
25692013
26020054
26590993
26860455
27397624
27978284
28604911
29321079
29896494
29898926
29904494
29906974
29920939
29924207
29951307
30352576
30889948
31373884
31569988
31851712
31943699
32231581
32339160
32405730
32430228
32531879
32583263
32777900
32928705
33378359
34306187
33830909
34327861
34447921
34618473
34669359
34686474
34723020
35042324
35134049
35686267
35846539
36167997
36734455
36805655
37035127
37466996
37656444
37937160
38360633
38360780
38360562
38360776
38177685
38647356
38731986
38999930
39088033
39179688
43124656
43152618
43407406
43469212
44083524
44082165
44127069
44208218
44275691
44315614
44358977
44432602
44471612
44514016
44578920
44611287
44766108
44843551
45064595
45141936
45616586
45776579
45877222
46396299
46774014
46829340
46909422
47091538
47140405
47343592
47431135
47531222
47607315
47925130
48063443
48301818
48505048
48629307
48894299
49151094
49160322
49162273
49169522
49172703
49177817
49187438
49196320
49317738
49323555
49355180
49357321
49359371
49369350
49371912
49377801
49380032
49384397
49400104
49408711
49413308
49320602
49457824
49580968
49638412
49881993
50109444
50201245
50285128
50310560
50326648
50361264
50436571
50472136
50651962
50687557
50806501
50980995
51213929
51466139
51742632
52021613
52291078
52455210
52683288
52877557
53170409
53640443
54115246
54356377
54467166
54515110
54580371
54631223
54797355
54843060
54950022
54987330
55131689
55137491
55139776
55041369
55218446
55514700
55952668
56043990
56468154
56865125
56918504
57314024
57420561
58593476
57670740
57944829
58082850
58115198
58073177
58352865
58513325
58391949
58494152
58612950
58927667
59675640
59807016
59914424
59990088
60047623
60230284
60267377
60839787
61771491
60832576
61167801
61699872
62198100
62694743
63192127
63721871
64218778
64749775
65246516
65742732
66272887
66738021
67266949
67830469
68292234
68824048
69318950
60939577
60731194
60732866
60732885
60733636
60735553
60734656
60736306
60736827
60737528
60736955
60738379
60738848
60738590
60740030
60740469
60740763
60739795
60739856
60741420
61083192
61612763
62142201
62638022
63135486
63631729
64195633
64692110
65156257
65686581
66215775
66712551
67275566
67774248
68302417
68866393
60745532
60745295
60746068
60745148
60745405
60745409
60746678
60745450
60745870
60745785
60746050
60746835
60747094
60746978
60745762
60747466
60747362
60747198
60747369
60725364
61123643
61652049
62147747
62678265
63207084
63703335
64234639
64730899
65227880
65792525
66254989
66786146
67346946
67845259
68375490
68872309
60751673
60751897
60751891
60750842
60751111
60751451
60752325
60751096
60751587
60752540
60752101
60752706
60752678
60751560
60752699
60752796
60751576
60752864
60752013
60763547
61227425
61756273
62285428
62814898
63313348
63842156
64372932
64901795
65397315
65961787
66458988
67021062
67517574
68046164
68576844
69139766
60753798
60753593
60754579
60753534
60754814
60754753
60753724
60754953
60754457
60754657
60754716
60754743
60754700
60755204
60755004
60754735
60754980
60755998
60754844
60767103
61196908
61694317
62255393
62751987
63282187
63811747
64341643
64837572
65401748
65930865
66462240
66989935
67520545
68082415
68581175
69108809
60756575
60756313
60757910
60757703
60756715
60758056
60757660
60756432
60756851
60756880
60757863
60757887
60756970
60756754
60758296
60758052
60758076
60758137
60756832
60901474
61397459
61926541
62489341
62985398
63515131
64079185
64607733
65137843
65701354
66231493
66760800
67290962
67787474
68350370
68880744
60758930
60758791
60758317
60759680
60759806
60759873
60759150
60760073
60760063
60760095
60759207
60760005
60760260
60759519
60759364
60759665
60759225
60760495
60760266
60760560
61036007
61565275
62028005
62590837
63120602
63616817
64080403
64677648
65240592
65770672
66265365
66829042
67357704
67921365
68486080
68947602
60761449
60760305
60761859
60761497
60761546
60761824
60761716
60761169
60760897
60760577
60761722
60761770
60761786
60761957
60761989
60762021
60760737
60760889
60760713
60762092
61104624
61599652
62096243
62658494
63155164
63651406
64182412
64677940
65176076
65705380
66200739
66764124
67228220
67791966
68286686
68784273
60776519
60763391
60763470
60762775
60762973
60762848
60762848
60762520
60763667
60762576
60763796
60764031
60763974
60764057
60763001
60763985
60764229
60764246
60764342
60764425
60908294
61404666
61866392
62395057
62892105
63388688
63885729
64416505
64945505
65441033
65905417
66402236
66866561
67395888
67891881
68387833
68918137
60764078
60764799
60765121
60763833
60765126
60763830
60765003
60765084
60765263
60765299
60765339
60764774
60765254
60765481
60765547
60764610
60764717
60765605
60765734
60764767
60942625
61439687
61934246
62464463
62993326
63556102
64085926
64616903
65145702
65676943
66171535
66668815
67198983
67695374
68225319
68721615
60765944
60767174
60766362
60766488
60766364
60767294
60767494
60767437
60767451
60767628
60767732
60766973
60766714
60766618
60767584
60767884
60767975
60767927
60767937
60767910
61044470
61572180
62101236
62630427
63160204
63723972
64252428
64782454
65312228
65843476
66371302
66934524
67464988
67995148
68558860
69119676
60768454
60767360
60767131
60768464
60768572
60767331
60767593
60767940
60768564
60768926
60767981
60767688
60768828
60768796
60768951
60767707
60769251
60768835
60768283
60846925
61276718
61738513
62268954
62765242
63260522
63757365
64253738
64750570
65281837
65812645
66241309
66771635
67333619
67798118
68328163
68857643
60769499
60769254
60769568
60769535
60770853
60770499
60770680
60770673
60770617
60770702
60770697
60770725
60770825
60769651
60769683
60770955
60770889
60770214
60770929
60771239
60781979
61245753
61773897
62302601
62766342
63263011
63792448
64289166
64786024
65349688
65812712
66308538
66839080
67367762
67866426
68394797
68858788
60770719
60770533
60770837
60771323
60771428
60771557
60771312
60771141
60771333
60771496
60770949
60772047
60772179
60772247
60771007
60772277
60772301
60772382
60772473
60772041
60883248
61346394
61841071
62402967
62934093
63396794
63959509
64523733
64985850
65449140
66013584
66476426
67006600
67469920
67966137
68463737
69025488
60771793
60772187
60773140
60772097
60773318
60772518
60772730
60774245
60773043
60773080
60774235
60774586
60774360
60774523
60773718
60773675
60774578
60774451
60774759
60818667
61281075
61778227
62306419
62802742
63333235
63862827
64359638
64889315
65418261
65982717
66411223
66974493
67539277
68034117
68531693
69094941
60775475
60775464
60775670
60774911
60774746
60775576
60775651
60775734
60775808
60775661
60775821
60775244
60774672
60775093
60775095
60774945
60775911
60775995
60776198
60820159
61282931
61812696
62340648
62804267
63335536
63864227
64393947
64891064
65421017
65949817
66480064
66976625
67473537
68002400
68500123
69029008
60776682
60775470
60775600
60776862
60775817
60776949
60777009
60776454
60776351
60776222
60776225
60776050
60777303
60777454
60777501
60776227
60777294
60776692
60776382
60777549
61087168
61548777
62110966
62673473
63171025
63666500
64230492
64693431
65257356
65754505
66249081
66779361
67342697
67873113
68335961
68834577
60778270
60779458
60779364
60779371
60779387
60779542
60778923
60778688
60778632
60779891
60779971
60779742
60779826
60779743
60778400
60778902
60779737
60779952
60780077
60778721
60923653
61352794
61848786
62312410
62807471
63304679
63834722
64331698
64794714
65324159
65855650
66317506
66814685
67344690
67841818
68337986
68834410
60779415
60779137
60779758
60779652
60779591
60780471
60780707
60779517
60779517
60780723
60780621
60780974
60780938
60780370
60779730
60780826
60781062
60779872
60779973
60780277
61056121
61619573
62114389
62643845
63107140
63670021
64200909
64696525
65194669
65690696
66219477
66750128
67246949
67743188
68305237
68835895
60781013
60780807
60781332
60781223
60781207
60781440
60781162
60782122
60782329
60782449
60782524
60782429
60782223
60782365
60781798
60781403
60781994
60781615
60781797
60781837
60957853
61454513
61983184
62513012
63043449
63572332
64035515
64566817
65095392
65625705
66088312
66652065
67147640
67712417
68174137
68737921
60782071
60783003
60783026
60783520
60783290
60784061
60784042
60784190
60783045
60783103
60782903
60783075
60784387
60783307
60783546
60783575
60783146
60783972
60784681
60784820
61060877
61555632
62085392
62549227
63045667
63541142
64004605
64468581
65031502
65528579
66024584
66554650
67017698
67548234
68077251
68642003
69103837
60785310
60784664
60784459
60785481
60784574
60784785
60784558
60784785
60784678
60784278
60784259
60785486
60785777
60785701
60784462
60784774
60784612
60784772
60785896
60786024
61094101
61623323
62119083
62649459
63111982
63608347
64138211
64667950
65199139
65696187
66190829
66754374
67250069
67781763
68309461
68841443
60801387
60786402
60786541
60785486
60785555
60785780
60785710
60785990
60786441
60785193
60785177
60786583
60786739
60786612
60785348
60787199
60785935
60786162
60786343
60786186
60764223
61260970
61690569
62186769
62682825
63180537
63642960
64205633
64735520
65232384
65730689
66292745
66788889
67318913
67783281
68278033
68809081
60800976
60787864
60788027
60788098
60787255
60787338
60788098
60787386
60787549
60787559
60787078
60788081
60788414
60788459
60788322
60787463
60788386
60787663
60788607
60787946
60767118
61230060
61758901
62255325
62751332
63280741
63777391
64308477
64804276
65335253
65864069
66361253
66891637
67421829
67916764
68412775
68943495
60789974
60790344
60790456
60789284
60789100
60790595
60790465
60789343
60789756
60789772
60789185
60790505
60790653
60790833
60789567
60789658
60789657
60789524
60790805
60790920
61166295
61694042
62224471
62753784
63250336
63778784
64342832
64838368
65336307
65865846
66361408
66891776
67387574
67885046
68413981
68944840
60790183
60790212
60791599
60791565
60791707
60790474
60790431
60791575
60791725
60791894
60790962
60791167
60790996
60790604
60791815
60792106
60792075
60790909
60792218
60791932
61166656
61630464
62159616
62687568
63183976
63680554
64244696
64807640
65270210
65833736
66362307
66860800
67389752
67952579
68414823
68978784
60792657
60791643
60791590
60792683
60792801
60792935
60793039
60791973
60792056
60792047
60791575
60791671
60793429
60793142
60792037
60793261
60793069
60793262
60793345
60792281
61167338
61663489
62159450
62656890
63186397
63683109
64178548
64675273
65138913
65703514
66231324
66695233
67224389
67754930
68318093
68814679
60792466
60793655
60793806
60792787
60792387
60792491
60793216
60793933
60792998
60793124
60794383
60794141
60793875
60794090
60792937
60794167
60794103
60794223
60793041
60794764
60839347
61302405
61765310
62294323
62858076
63288412
63783772
64347604
64810967
65241377
65804427
66267326
66698390
67228362
67758898
68254776
68751397
69394545
60796423
60796525
60795465
60795993
60795745
60795326
60796489
60796621
60796741
60795516
60795814
60795526
60796860
60796956
60796933
60797028
60797001
60796073
60796502
60939755
61435759
61965959
62493511
62957551
63488575
63984399
64414657
64910794
65474831
65937765
66400337
66963703
67494327
68024495
68588231
69150239
60797569
60797708
60796628
60796883
60797710
60797874
60798130
60797883
60797272
60797955
60798059
60797296
60797032
60797184
60797208
60796672
60798159
60798255
60798223
60797215
61074512
61603675
62064722
62594923
63123971
63653882
64183442
64713990
65210541
65774739
66303667
66799659
67328957
67892274
68455443
68953059
60798589
60798797
60798844
60798811
60798894
60798934
60798966
60798505
60798558
60799301
60799333
60799297
60799520
60799488
60798156
60798846
60798361
60798953
60798942
60798619
60776667
61239770
61768872
62297576
62761304
63257608
63754008
64250747
64747877
65278776
65775840
66337912
66833840
67330976
67860232
68389365
68954224
60799292
60799103
60799657
60800300
60800404
60800420
60800524
60799144
60799291
60800452
60800615
60799712
60799765
60799723
60799208
60800805
60800815
60800788
60799550
60800860
61042622
61472212
61869142
62366108
62861470
63358860
63855487
64419396
64848007
65278571
65775790
66238934
66803756
67266252
67763827
68293940
68790334
60817602
60802862
60802936
60802778
60802853
60802818
60802995
60801727
60801932
60802048
60803176
60803171
60803532
60802569
60802398
60802439
60802162
60803328
60803428
60802124
60803436
60814964
61310807
61805519
62335879
62832311
63329527
63791137
64320871
64883775
65348879
65877881
66406809
66903911
67367167
67864319
68360281
68890961
60804102
60803293
60802864
60803307
60804273
60804356
60804452
60804412
60804495
60804178
60803157
60804468
60804508
60804349
60804529
60803419
60803368
60804536
60804633
60804841
60804793
61146204
61642025
62172431
62700527
63198095
63660604
64191447
64686983
65216967
65680337
66242975
66773415
67269225
67800999
68329823
68826153
60820576
60805298
60805424
60804132
60804316
60804665
60804380
60804300
60805404
60804620
60804450
60804791
60805677
60805870
60805690
60805773
60804765
60805947
60805877
60805764
60806123
61147409
61610069
62139294
62635617
63164942
63628806
64158237
64722438
65152203
65749562
66244148
66708739
67204420
67736016
68197661
68695167
69225554
60805659
60805790
60806697
60806898
60806922
60806903
60807113
60806062
60807005
60807010
60807101
60807218
60806397
60806630
60807313
60806449
60805787
60807201
60807424
60817699
61314952
61809920
62273147
62836376
63265682
63829592
64292103
64755839
65286912
65716658
66179840
66677968
67172762
67703576
68167120
68630458
69192656
60808105
60807252
60807394
60807370
60806909
60808229
60808312
60808497
60808461
60808920
60808389
60808676
60808831
60808800
60808075
60808136
60807472
60808799
60808876
60852139
61381210
61910162
62439459
62936163
63465904
63997598
64495398
64957206
65453933
65985190
66480846
66978390
67507717
67970745
68501237
69064406
60810698
60810910
60811104
60811175
60809934
60811159
60811225
60810416
60809819
60811180
60811461
60811416
60811347
60810469
60810176
60810259
60810160
60811487
60810895
60810874
61152859
61582289
62079449
62575169
63104412
63501998
64031718
64594692
65024340
65522564
66051804
66515510
67011670
67543247
68039084
68468422
69032740
60810826
60811000
60812452
60811448
60811312
60812454
60812623
60812727
60811574
60811611
60812164
60812081
60812609
60812698
60812149
60811703
60811524
60812942
60812868
60813069
61220256
61750507
62212258
62774818
63271258
63834971
64330690
64827466
65390722
65954971
66417811
66947018
67510606
68072355
68538235
69099067
60813537
60813569
60813788
60813136
60813790
60812904
60813669
60813693
60813825
60812739
60813891
60812880
60814055
60812878
60814070
60814314
60813555
60813392
60813349
60825654
61354823
61816270
62379503
62907999
63373329
63901847
64466068
64927739
65424515
65988980
66552260
66980812
67478588
68040252
68504963
69001244
60814617
60813622
60814970
60815049
60815149
60813878
60815209
60815249
60815260
60815321
60814270
60814828
60814505
60814385
60814553
60815348
60815592
60815667
60815656
60814588
61189672
61620008
62149128
62679088
63141461
63671018
64201992
64730600
65161335
65725928
66220520
66652896
67213944
67778456
68207079
68737616
60831217
60815996
60816014
60816293
60815241
60815481
60815644
60815422
60815604
60816383
60816370
60816496
60816616
60815495
60816417
60815431
60816752
60816145
60815809
60815846
61058337
61521249
62084517
62547055
63043455
63607365
64135845
64633941
65129695
65692667
66221595
66685950
67214886
67779553
68275422
68805164
60830256
60817414
60817553
60817306
60817330
60816399
60817431
60817726
60816511
60817635
60817873
60817787
60819453
60819691
60818767
60818905
60819079
60819623
60819596
60819883
60896039
61326147
61856228
62385262
62881734
63377817
63907889
64470500
64966337
65464505
66027665
66489784
67052625
67584417
68080345
68643777
69206137
60820393
60819703
60819191
60820512
60820507
60820496
60820634
60820581
60819578
60820586
60819418
60820774
60820894
60820799
60820891
60819720
60820274
60821038
60819856
60799290
61228170
61724261
62254483
62783158
63279339
63843182
64338950
64835398
65399734
65962953
66424430
66989078
67518294
68014472
68546161
69074096
60820267
60820633
60821769
60821942
60820793
60822041
60821733
60822148
60821875
60821944
60822052
60821965
60822052
60821078
60821249
60821399
60821284
60821292
60821442
60821228
61030780
61493602
62023770
62518876
63016834
63545325
64109370
64573194
65035201
65564857
66061724
66560327
67055447
67552607
68016420
68545900
69041860
60822895
60823043
60822050
60821711
60821783
60823038
60823115
60823278
60823369
60822415
60823323
60822522
60822364
60822607
60822039
60823441
60823443
60823649
60823668
60822642
61132680
61627870
62124243
62620131
63116075
63547899
64077747
64573533
65036477
65533008
66030189
66527429
67056323
67520699
68083947
68514205
69076291
60823798
60824176
60824034
60824099
60824198
60824238
60824329
60823058
60824393
60824489
60823861
60824625
60823320
60823720
60823715
60823568
60823634
60823781
60824892
60824603
61001349
61365343
61860222
62323979
62786134
63316931
63812560
64309067
64773009
65271097
65766971
66230913
66727051
67290233
67687267
68249331
68781244
69275875
60825295
60825454
60825499
60825545
60825569
60824565
60825641
60825736
60824504
60825868
60824573
60824368
60825621
60825720
60825893
60825913
60825217
60825991
60826068
60825996
61233015
61728968
62158920
62655053
63185896
63681672
64146318
64674918
65205069
65668707
66165995
66695467
67157899
67688589
68184870
68715165
69210987
60826349
60826748
60826595
60826595
60826568
60826638
60826750
60825941
60825640
60826693
60826731
60826843
60825618
60826362
60826199
60825917
60826197
60825703
60828339
60829045
61070917
61600140
62062708
62560508
63088796
63586812
64082236
64579602
65043172
65538892
65971012
66432750
66931020
67426972
67956540
68387260
68918028
60828797
60830195
60829847
60830085
60830206
60830085
60830077
60828983
60830235
60830275
60830156
60829239
60830328
60830354
60830373
60830571
60830493
60830678
60830557
60830763
60829642
61172596
61701687
62164791
62593713
63157188
63687194
64083345
64614543
65143319
65673447
66070089
66567409
67129930
67560655
68089617
68621658
69050207
60829777
60830348
60831269
60830258
60831280
60831539
60831338
60831545
60831670
60831651
60831594
60830978
60830770
60831157
60830741
60831693
60831768
60831996
60832087
60831923
61073823
61602857
62032351
62529239
63058399
63522025
63985647
64482855
65012874
65442137
66005946
66501623
66932727
67497183
68024967
68489047
68986735
60831040
60832263
60831752
60831608
60832466
60831303
60832057
60832766
60832777
60833122
60832046
60832979
60833104
60832958
60833057
60832885
60832086
60833609
60833104
60833222
60942464
61405822
61901879
62464708
62960465
63391043
63921948
64451860
64880933
65411554
65941666
66404578
66868762
67364652
67861039
68290903
68821583
60848725
60832334
60833658
60833684
60833857
60834016
60833372
60833262
60833964
60833281
60833052
60833220
60832769
60834239
60832689
60834109
60834288
60834277
60833146
60833349
60877424
61340830
61870740
62399892
62828878
63325902
63855099
64320004
64848758
65345678
65810843
66306745
66802934
67298563
67830348
68358443
68888699
60850039
60833553
60834273
60834337
60833913
60834865
60835056
60835184
60834231
60835078
60835301
60835201
60834148
60835440
60835188
60833721
60834121
60835461
60834509
60834169
60834534
60835501
61110696
61475634
61837839
62202498
62533546
62863487
63260748
63658295
64024055
64486607
65015494
65512425
66009716
66505322
67036986
67600420
67996202
68526610
69088941
60836154
60835105
60836249
60836249
60835124
60835135
60836333
60836263
60836375
60835816
60835303
60835597
60836597
60836710
60836806
60835477
60836827
60835852
60836130
60836031
61012478
61542704
62005672
62500336
63030497
63528441
64056834
64554872
65050936
65613904
66109980
66573824
67102923
67667632
68195360
68660121
69155928
60837552
60837489
60837743
60837701
60837125
60836599
60836724
60837924
60837790
60837779
60839079
60840160
60840306
60838901
60840167
60840216
60840387
60840478
60839463
60839130
61017124
61479191
61942189
62438936
62934562
63464378
63962271
64459192
64954123
65483815
66014146
66510191
66974096
67538821
68034776
68532341
68861842
60839837
60840163
60840131
60839885
60840213
60841136
60840445
60840621
60840509
60840000
60841168
60841300
60841377
60841480
60841347
60841377
60841599
60841529
60841582
60840696
60840654
61281488
61777751
62273670
62703764
63233463
63763111
64292921
64790935
65319753
65851095
66378735
66909511
67406231
67935770
68498751
69028255
60841861
60841702
60840994
60841146
60841170
60842294
60842350
60842446
60842470
60841546
60841167
60842519
60841591
60841500
60841871
60841692
60841775
60841620
60842592
60842771
61084262
61581551
62109239
62606058
63135319
63598910
64129919
64625567
65155751
65651647
66149791
66713143
67275079
67738567
68268535
68798202
60858416
60843254
60843306
60842789
60843608
60842664
60842683
60843569
60843483
60843580
60843606
60843813
60843772
60842488
60843959
60842501
60842944
60843881
60844023
60842849
60844095
61218382
61681085
62144046
62574139
63103803
63633828
63998350
64529078
65023950
65454745
65951865
66513729
67010929
67508897
68004241
68536241
68998455
60844349
60844629
60844453
60843424
60844552
60843643
60843793
60844785
60843611
60844261
60844352
60844152
60844908
60843771
60844278
60844931
60845124
60843781
60845231
60843888
60987287
61483807
61946577
62475489
63006010
63403396
63934081
64462753
64926833
65389719
65887810
66316305
66781104
67276564
67774087
68203652
68734257
60844741
60845656
60845662
60845868
60846010
60845940
60845876
60846076
60845999
60846186
60844913
60846097
60845627
60845173
60845065
60845563
60845557
60845472
60846446
60846253
60824518
61253654
61782747
62278267
62775926
63305494
63834088
64297478
64795646
65324313
65855084
66317502
66881681
67376964
67907275
68437265
68933691
60846886
60847022
60846499
60845939
60846251
60846216
60846091
60846251
60847480
60847140
60845995
60846387
60846157
60847211
60847460
60845979
60847415
60847459
60847516
60847679
60858013
61320670
61850752
62345899
62842046
63339846
63869618
64399345
64830030
65393049
65921910
66384892
66882126
67410982
67941750
68438665
68868942
60863174
60848025
60848217
60847475
60848200
60847766
60847424
60847456
60847512
60847827
60847115
60847747
60848030
60847608
60847283
60848692
60847575
60847628
60848869
60848731
60847638
61156911
61652770
62214926
62679192
63175712
63705384
64202120
64697725
65228931
65723880
66253704
66784344
67314192
67777328
68306429
68870293
69447422
60849254
60851298
60851906
60852073
60852008
60850893
60851028
60851301
60851667
60852354
60852411
60851480
60852375
60851142
60851440
60851272
60852540
60851297
60851805
60852497
61226780
61755989
62185626
62716042
63211548
63675077
64138685
64702762
65231506
65628372
66158274
66688644
67119586
67549676
68078628
68543194
69040386
60853178
60852329
60851749
60853134
60853341
60853059
60853448
60853382
60853373
60853546
60853518
60852315
60853595
60853560
60852206
60852355
60852566
60852331
60853724
60853688
60929973
61360897
61789809
62220851
62517151
62716300
62981239
63380083
63710750
64207080
64537608
64967464
65432568
65895243
66358160
66690237
67121144
67518264
67849184
68212432
68579072
69075032
60854423
60854372
60853796
60853720
60854759
60854464
60853515
60854825
60854930
60854894
60854675
60854003
60854038
60855026
60854897
60854051
60855095
60854261
60854470
60854321
60854350
60833437
61229385
61725584
62221624
62718897
63114960
63644721
64141385
64573355
65036267
65498706
65964051
66459131
66891147
67385739
67883278
68412290
68876994
60871030
60854542
60855814
60855802
60855914
60854616
60855964
60855924
60856058
60855966
60855974
60856079
60855995
60856323
60855374
60856358
60856322
60856367
60856538
60856251
60856326
61098077
61595136
62023728
62519768
63016939
63447633
63943971
64441153
64871929
65401239
65864846
66360483
66825971
67354923
67818161
68282139
68779948
69274483
60856144
60856269
60856093
60857137
60857241
60857303
60857129
60857363
60857264
60857166
60856136
60856189
60857372
60856341
60857379
60856338
60856880
60856867
60857013
60857747
60857730
61265949
61760703
62157245
62653895
63150829
63648443
64143819
64675043
65171075
65634803
66130549
66629019
67058875
67421438
67918677
68349691
68846221
69242877
60858306
60858475
60858609
60857266
60858439
60858696
60858554
60857436
60857506
60858767
60858741
60858760
60858813
60858851
60858012
60858039
60858076
60858119
60858092
60858132
60858339
61299409
61763275
62259267
62754691
63284267
63748830
64178558
64708003
65204915
65635867
66131747
66628987
67091893
67590558
68052178
68549723
69013867
60858784
60858423
60858928
60858909
60859301
60859926
60860064
60859114
60859354
60860084
60858800
60858832
60859955
60860233
60860193
60859986
60860273
60860150
60860082
60860412
60859245
61267323
61730793
62260685
62722771
63219493
63716208
64212397
64709261
65239301
65702344
66233485
66729629
67159400
67656773
68086536
68650493
69146384
60860634
60860813
60860845
60860941
60859598
60859740
60860893
60861069
60861156
60861133
60861165
60859924
60861272
60861049
60861285
60861376
60861247
60861432
60860022
60861416
60871646
61302753
61665762
62095218
62625931
63089347
63352659
63816513
64345979
64842763
65307867
65836918
66366987
66863206
67393195
67856526
68385299
68915971
60861100
60860828
60862188
60862141
60862216
60862044
60862141
60861170
60862097
60862121
60862212
60862150
60862421
60862512
60862544
60865496
60865643
60865456
60865445
60865731
60865546
61240011
61702728
62231812
62729252
63224481
63688089
64185980
64648683
65178732
65641572
66138617
66668908
67198905
67663281
68190929
68754948
69184747
60864888
60865880
60866341
60866146
60866272
60865284
60865671
60865247
60865092
60865636
60865719
60865564
60865879
60865364
60865727
60865967
60866164
60866239
60866879
60865497
60844333
61306859
61804035
62199952
62662960
63159531
63623059
64153182
64649912
65147814
65643715
66139584
66636717
67166971
67664403
68159269
68656821
69219995
60867357
60867344
60867525
60866877
60866709
60867085
60866864
60866586
60866954
60866799
60866933
60867133
60866954
60867080
60866645
60867933
60867229
60867168
60868118
60866872
61044562
61441439
61936191
62465071
62862303
63394048
63888642
64353354
64816175
65380237
65844301
66272650
66803271
67332090
67797706
68326626
68856191
60867366
60868687
60868064
60867405
60867958
60868369
60868307
60867979
60868075
60868217
60867985
60868267
60868438
60869309
60869277
60867891
60869266
60869331
60869168
60868046
60869504
61309643
61772205
62203558
62732742
63261030
63658527
64155466
64719523
65215152
65712339
66242443
66739624
67201362
67731901
68227610
68692112
69221192
60869188
60868492
60869636
60869923
60870069
60869885
60870129
60868778
60868599
60868960
60870130
60870077
60870066
60869385
60870348
60869495
60869735
60870426
60870458
60870414
60869304
61014121
61476155
62005139
62467844
62964467
63462900
63958265
64455100
64985380
65482257
65847009
66341737
66839329
67268697
67667104
68230273
68727897
69190801
60871383
60871131
60871198
60870282
60870255
60871184
60871207
60870346
60871389
60871536
60870493
60870560
60870565
60870826
60871032
60871026
60871213
60870837
60871109
60871077
61114381
61510251
61906978
62435979
62965299
63396867
63892899
64356499
64852819
65351000
65781120
66309928
66841184
67337136
67801512
68297344
68826880
69290072
60871470
60871390
60871678
60871441
60871374
60872457
60871657
60871828
60871847
60872644
60872553
60871998
60872699
60872899
60872612
60871195
60872609
60871841
60871724
60873271
60949019
61412534
61876228
62338294
62868804
63299132
63794548
64291287
64788084
65286228
65783348
66278554
66808652
67305372
67801798
68330612
68861292
60872663
60873552
60872774
60873680
60873704
60872848
60872837
60872986
60873924
60873699
60872581
60873910
60874065
60873974
60873158
60872978
60873200
60874260
60874126
60874217
60874325
61017953
61481020
61976940
62439684
62935860
63399471
63863271
64325718
64822495
65319759
65783337
66246223
66777775
67206255
67704919
68166670
68664353
69227527
60874707
60874927
60873578
60874034
60874007
60874378
60874266
60875005
60875084
60875070
60875208
60874989
60874978
60875069
60875211
60875273
60875332
60875326
60875366
60875406
60984938
61416031
61945255
62373663
62904474
63301751
63797175
64327103
64757559
65255823
65750487
66181351
66712959
67174911
67671870
68134910
68632406
69161550
60875974
60876067
60875947
60874740
60874823
60875127
60875263
60875024
60876305
60875174
60876375
60876205
60876229
60875509
60875178
60876592
60875242
60875477
60875978
60875494
60875961
60953888
61448798
61878385
62308432
62771872
63268390
63731929
64228721
64692521
65189311
65653404
66183508
66547180
66811894
67143548
67573809
67974892
68436553
68935492
60895501
60880294
60880367
60880508
60880417
60880492
60880626
60880607
60880690
60879355
60879390
60880735
60880847
60880871
60880767
60880761
60880895
60880982
60880747
60880846
60880811
61188954
61719226
62180493
62678418
63174906
63671586
64102194
64598922
65094906
65557610
66021458
66484500
67015906
67513266
67976178
68472074
68935596
60896817
60881465
60880276
60881629
60881706
60881899
60881819
60881684
60881722
60881756
60882192
60882030
60881946
60882288
60881951
60881000
60882125
60882208
60882181
60881085
60882325
61190243
61654041
62115982
62612556
63110111
63572863
64036492
64567228
65062012
65526076
65990089
66485700
66984204
67480100
67910166
68407316
68905004
60881834
60882935
60882910
60882985
60883341
60883424
60883153
60883249
60883230
60883372
60883259
60883291
60883409
60883339
60882643
60883425
60883437
60883410
60883450
60883533
60883608
61224543
61688648
62183003
62679603
63176750
63673472
64170035
64666541
65197784
65693608
66190656
66653810
67149506
67680122
68144136
68640658
69169536
60882678
60882876
60884273
60882958
60882999
60883127
60884385
60883148
60884437
60884557
60884611
60883681
60884700
60883759
60883364
60883692
60883602
60883879
60884883
60883916
60929173
61392246
61821171
62318262
62813443
63343061
63806669
64337464
64867440
65396464
65861272
66356000
66886576
67349125
67913944
68375525
68873656
60884403
60885331
60885402
60885490
60884422
60884878
60885430
60884934
60884652
60884591
60884721
60885028
60884721
60885084
60885065
60885233
60884666
60884644
60885996
60885778
60863310
61259661
61690843
62152139
62681811
63178592
63674946
64171731
64735875
65198923
65727523
66224923
66722334
67252003
67782491
68310363
68774674
69338067
60886152
60886429
60886731
60886725
60886693
60886645
60886872
60886824
60886864
60886769
60886860
60885953
60885644
60886833
60885860
60886919
60887163
60887013
60887125
60887208
61195239
61691271
62220533
62683197
63180989
63710091
64239093
64670090
65234181
65762309
66225943
66723184
67252480
67749639
68245514
68776208
69306437
60886626
60887613
60887900
60887604
60887891
60888025
60888063
60887818
60888172
60888196
60888067
60888324
60888216
60888265
60888411
60888303
60888433
60888317
60887280
60887160
61163298
61626093
62154741
62619397
63081783
63611926
64076350
64606390
65102222
65598489
66062310
66558150
67056302
67520606
68016502
68545454
68977102
60887886
60889004
60889062
60889112
60889161
60888635
60888019
60889261
60889246
60889210
60889488
60888133
60888224
60889194
60889312
60888777
60888328
60888101
60889354
60888437
60888342
61164645
61628323
62156280
62686024
63216542
63646016
64142670
64639491
65069312
65600457
66130641
66593526
67090582
67619902
68115798
68613617
69110681
60890470
60889411
60890421
60890356
60890396
60890458
60889526
60890344
60889147
60889579
60889755
60890603
60890644
60890714
60890687
60890727
60890759
60890740
60890823
60890825
60890740
61233016
61694728
62190753
62655155
63084529
63614080
64077801
64575643
65037569
65501505
65998163
66494112
66991763
67454237
67951635
68480929
68912177
60890394
60891422
60891561
60891521
60890546
60891474
60890813
60890772
60890914
60891015
60890429
60890791
60891779
60891628
60890967
60890914
60890879
60891135
60891210
60891386
60869485
61265964
61729983
62191284
62722346
63085421
63416588
63980789
64442325
64906541
65304092
65833981
66296964
66794255
67323007
67821749
68350629
68847504
69344248
60892536
60892720
60892691
60892627
60892659
60892926
60892957
60891727
60891407
60892247
60892080
60893085
60891746
60892996
60892530
60892980
60893182
60893235
60892083
60892601
60970483
61432525
61896373
62292157
62656095
63087757
63551485
64013783
64510688
64973663
65503837
66004215
66467453
66998661
67529141
68023863
68486775
69017399
60896786
60896842
60896735
60897463
60897530
60897670
60897747
60897834
60897790
60897843
60897910
60897738
60897937
60898057
60898161
60898014
60898059
60896885
60898123
60898219
60942487
61405365
61867037
62364536
62826642
63356064
63852781
64383035
64880616
65376224
65906672
66402224
66900768
67395290
67892967
68456056
68953816
60911739
60898873
60898676
60898903
60897895
60898058
60897948
60898143
60898010
60898295
60898210
60899159
60899107
60898978
60899431
60897981
60898274
60899279
60899290
60898341
60899567
61142190
61605029
62034198
62531070
63028190
63557950
64053310
64517113
65013070
65511278
66008270
66504263
66934222
67463022
67961702
68456630
68921190
60915171
60900020
60899988
60900028
60899463
60900013
60900517
60898912
60900042
60900257
60900300
60899016
60898925
60899237
60899520
60900327
60900486
60900465
60899662
60900580
60899253
61109282
61639486
62101296
62565214
63062262
63559081
64021587
64485387
65015441
65512417
66009409
66538321
67034329
67566121
68060907
68591449
69088577
60900290
60900964
60901388
60901238
60901283
60901417
60901433
60901516
60901293
60901392
60900525
60900687
60900874
60900874
60900906
60900671
60900970
60900834
60900917
60900805
60879943
61341839
61837913
62335122
62764073
63293511
63790583
64319895
64783759
65314903
65845087
66339881
66870391
67367231
67863580
68359265
68857042
69354122
60901328
60901454
60902284
60901286
60901508
60901929
60902684
60902670
60902474
60902449
60901497
60901623
60902863
60902942
60902885
60902859
60902681
60902764
60903006
60901548
60914271
61410291
61872007
62368119
62831538
63295045
63825891
64355539
64785288
65281949
65812622
66341078
66806443
67335467
67864739
68360979
68858335
60918630
60903437
60903477
60903560
60903597
60903696
60903915
60903951
60903805
60903888
60902564
60902695
60903912
60904059
60903960
60903911
60903900
60904250
60903031
60903244
60902967
61178995
61641635
62104685
62600427
63065651
63562422
64059086
64521574
64984558
65515758
65945536
66441454
66938768
67468678
67932097
68462198
68925568
69502770
60904727
60903486
60904906
60904981
60905174
60904957
60905040
60905000
60905016
60904991
60903989
60903905
60905121
60904119
60905561
60904257
60904180
60905196
60905169
60904161
61247524
61710476
62205116
62735700
63232279
63694540
64224260
64787847
65218113
65747337
66311404
66808716
67270505
67800993
68329873
68861668
69357730
60905915
60906092
60906102
60904971
60906157
60905282
60906093
60906109
60904970
60906283
60906294
60906709
60906277
60906468
60906541
60906437
60906920
60906386
60906728
60906735
61215709
61677168
62173440
62703993
63166585
63663146
64192593
64689556
65220729
65716577
66212732
66743993
67272945
67769489
68264972
68796881
69324925
60906343
60906241
60907092
60907369
60907248
60907499
60907341
60907491
60907638
60907547
60907753
60907619
60907651
60907755
60907787
60906388
60906514
60907715
60907776
60907749
60902338
61367019
61864063
62359336
62855368
63385623
63848587
64345243
64875350
65405561
65870369
66398270
66962076
67491721
67955380
68484977
69015785
60926497
60927586
60926307
60927302
60927538
60927464
60927656
60927883
60928250
60928515
60928904
60929017
60928828
60929394
60929375
60929183
60929419
60929035
60929523
60929350
60907507
61372411
61834085
62297308
62826468
63323154
63787346
64317476
64849110
65379083
65841835
66337823
66868071
67364039
67894458
68357347
68855035
60932287
60931813
60933035
60931743
60932129
60932313
60932367
60932535
60932610
60932671
60933351
60932893
60932383
60932425
60932516
60931976
60933347
60933511
60933556
60933712
60943843
61407049
61870364
62332944
62829379
63359150
63855683
64353567
64883407
65380415
65876567
66373359
66836254
67399479
67895727
68358911
68890591
60933531
60934345
60934436
60934795
60933525
60934652
60934250
60934325
60934862
60934937
60933628
60934946
60933585
60934864
60934872
60934745
60934979
60935251
60935240
60935056
60935232
61277572
61772567
62202133
62665916
63195768
63658970
64190016
64652763
65149082
65678666
66175681
66639957
67170057
67633357
68196382
68661022
69155742
60936570
60935987
60936075
60936421
60935225
60936260
60936423
60940578
60940508
60940853
60940984
60941161
60941179
60941059
60941302
60941026
60941255
60941221
60941341
60941373
60951986
61414483
61944782
62373658
62904238
63400876
63896123
64394153
64891127
65386724
65852039
66347817
66845116
67306523
67772201
68266867
68731483
69227536
60941858
60942137
60940628
60941951
60941386
60942093
60941966
60942244
60942234
60942242
60942325
60942381
60942273
60942318
60942656
60942390
60942387
60942621
60942653
60942534
61018799
61515248
61944871
62407831
62938541
63401080
63897959
64395030
64892247
65389601
65920550
66415206
66846457
67409641
67939233
68401830
68899713
69542735
60944282
60944379
60944641
60944748
60945027
60945237
60945312
60945285
60945403
60944681
60945395
60945485
60945632
60945549
60945683
60945715
60945739
60945804
60944914
60945010
61187735
61684759
62146395
62609676
63107620
63637516
64100406
64564074
65094486
65624447
66120770
66616554
67146519
67611226
68106863
68670919
69100655
60946385
60945688
60946919
60946285
60946975
60947256
60947288
60947206
60947314
60947244
60947284
60947316
60946155
60946467
60946133
60947293
60946651
60946186
60947869
60947429
60958215
61422130
61885152
62347098
62843138
63374066
63770379
64301347
64798203
65227667
65690698
66222050
66685066
67149067
67679538
68174210
68639064
69101730
60947189
60948251
60948382
60947313
60947663
60948375
60947546
60947957
60948077
60948165
60947965
60948091
60948066
60948072
60948480
60948301
60947834
60949222
60949170
60949143
60948198
61323403
61820393
62282875
62745635
63275531
63738817
64302890
64765431
65262520
65791394
66321578
66785632
67314840
67845116
68408250
68838652
69334569
60948803
60949075
60949272
60949279
60949554
60949258
60948967
60949650
60950444
60950407
60950490
60950331
60950522
60950773
60950682
60950781
60950885
60950960
60949609
60951094
61027713
61424576
61920272
62450509
62880789
63376177
63907007
64369375
64833441
65363230
65894561
66357473
66820368
67383593
67814934
68310889
68807272
69270328
60951819
60950944
60950875
60951968
60951218
60951483
60951883
60951121
60951358
60952258
60950851
60951019
60951843
60951715
60951557
60951576
60951976
60951649
60951961
60952712
60952648
61294890
61690296
62220526
62682774
63180545
63642984
64172861
64669552
65132672
65663704
66192864
66622376
67120856
67651344
68146464
68575712
69106456
60952345
60952321
60953355
60952573
60953505
60952589
60953662
60952693
60952552
60953409
60954023
60953787
60953848
60953851
60953736
60954021
60953918
60953079
60953903
60954032
60952888
60954410
61063594
61560865
61989600
62485365
63016196
63479702
63942165
64471690
64970005
65466822
65963954
66492912
66922885
67486048
67983432
68412224
68909765
60953940
60954886
60955034
60954816
60953470
60953785
60954177
60953900
60953833
60954308
60955245
60955234
60955389
60955281
60953880
60955150
60955424
60955104
60954364
60955394
60955418
60933665
61198165
61595335
61990945
62420709
62884065
63347793
63844058
64375013
64871230
65301839
65831020
66328772
66824857
67321908
67851572
68314153
68878356
69340553
60955412
60955558
60955178
60955546
60955811
60955357
60955520
60955755
60955656
60955840
60955563
60956048
60956131
60956171
60955784
60955752
60955547
60955630
60956207
60956962
61066102
61562674
62058807
62555690
62984754
63482214
63978353
64474649
64971521
65435548
65966878
66461413
66959102
67421533
67953301
68482253
68979110
69555942
60957811
60957776
60957771
60957795
60957921
60958068
60957847
60957079
60958000
60958010
60958183
60957260
60958331
60958393
60958321
60958143
60957108
60957234
60957217
60957308
61001710
61497850
61993657
62489700
62953306
63449433
63946203
64442922
64906649
65437882
65968058
66463954
66960033
67457146
67953282
68449202
68981186
60957951
60959203
60958516
60958636
60958169
60958481
60958514
60959379
60958113
60959341
60958777
60959587
60958886
60958610
60959060
60959396
60958684
60959611
60959724
60958982
60959595
60959611
60959118
60959724
61201561
61632422
61895729
62292900
62689910
63020518
63417755
63716321
64115038
64444336
64775990
65107174
65340165
65637803
65870301
66100574
66333173
66563459
66929685
67260372
67658564
67988013
68318949
68617261
68915516
69345129
60960697
60960844
60960658
60959419
60959494
60960899
60960145
60960940
60960921
60959815
60961222
60961388
60960250
60961251
60961279
60961256
60959948
60960444
60960353
60961349
60961475
60961558
60938317
61369797
61831757
62295749
62724541
63121909
63619886
64049347
64513350
64977078
65407062
65903645
66400902
66732790
66996074
67526318
67923221
68386130
68883890
60961122
60962091
60962348
60961036
60961170
60961528
60962522
60962568
60961959
60961435
60962403
60962593
60962722
60962877
60962778
60961277
60962815
60967467
60966456
60966285
60966419
61110254
61540056
62002493
62466843
62862913
63261521
63756857
64254751
64751750
65147310
65612247
66075033
66571129
67035084
67466090
67996615
68458284
68922775
69419943
60967331
60968297
60968397
60967299
60968615
60968629
60968582
60967955
60969008
60968992
60968805
60967866
60968047
60968833
60967628
60968210
60968352
60969230
60969481
60969304
60968810
60969631
60946961
61145005
61409817
61740060
62039274
62402999
62832140
63295342
63793348
64123382
64488308
64786900
65150612
65548228
65845860
66242500
66640468
66971743
67434060
67633977
67997727
68328268
68626924
68958230
69289756
60970423
60969661
60970322
60969730
60970574
60970490
60969713
60969484
60969835
60969773
60969648
60970049
60970862
60969693
60971085
60971170
60971071
60971119
60971266
60971247
60971075
60971630
61212805
61610090
62106119
62634679
62967039
63297227
63793726
64257577
64722460
65252383
65680912
66080196
66607913
67138170
67534815
68033555
68562507
69026037
60987032
60971984
60971055
60972137
60970813
60971029
60972225
60971653
60971312
60970938
60972277
60971327
60971010
60972339
60971106
60971362
60972435
60972569
60972579
60972284
60972456
61247569
61710059
62240320
62769992
63232144
63664119
64193903
64690650
65086229
65616310
66146414
66575918
67073625
67569177
68033552
68496550
69027137
60972229
60973006
60973453
60973317
60973231
60973414
60972396
60973623
60973716
60973692
60973882
60972886
60973964
60973933
60972849
60972593
60973974
60973110
60973049
60973913
60973198
61149529
61679754
62141518
62572450
63001521
63565309
63929811
64259971
64624664
65021552
65552734
66015445
66478425
66942694
67472731
67935842
68400006
68896610
60973677
60973280
60974961
60974795
60975169
60974715
60974986
60974814
60974789
60975076
60973709
60975416
60975070
60975318
60975214
60975246
60973901
60975238
60975363
60974456
60952801
61383342
61879105
62374231
62804572
63334062
63898027
64327447
64825551
65354273
65850321
66380393
66844521
67340948
67839214
68334127
68732410
69228656
60976291
60976329
60976323
60976277
60975100
60976295
60976394
60975700
60975833
60975852
60975729
60976567
60975288
60976088
60976729
60976528
60975398
60975851
60975819
60976852
60976921
61186542
61615407
62078391
62507960
63038776
63534940
64031952
64494475
64992481
65422059
65919331
66349187
66814460
67210027
67674403
68171460
68633715
69165044
60976637
60976616
60976723
60976387
60976838
60976992
60976971
60977024
60977243
60976800
60977856
60977280
60977176
60977048
60976640
60977859
60976936
60976811
60977326
60978054
60988273
61485394
61980550
62443238
62906606
63370132
63833988
64330457
64728548
65191441
65722145
66185105
66716505
67211089
67741577
68204419
68669265
69199313
60978724
60978614
60978100
60978148
60977738
60977596
60977975
60978955
60978944
60979123
60979163
60979251
60978242
60978007
60977951
60978103
60978071
60979151
60979191
60978640
61055744
61485480
61948587
62478680
62942096
63405256
63869335
64364890
64795508
65292418
65822610
66252529
66782681
67311626
67777170
68273138
68769601
69232433
60980058
60979927
60979421
60980165
60979228
60978972
60980238
60979075
60980315
60980308
60980391
60980415
60979251
60980318
60979358
60980549
60979193
60980664
60980521
60980626
61057323
61520224
61982751
62511872
63009560
63473051
63771355
64135795
64432174
64697565
65160621
65525237
66023382
66352781
66785198
67214910
67644990
68175254
68603726
69002662
60980408
60981539
60981518
60981571
60981362
60980823
60981419
60980376
60980594
60980440
60981610
60981646
60981242
60981692
60981821
60980780
60981813
60980767
60980828
60981952
60981933
60980802
60981318
61257372
61621006
62050656
62546433
63009777
63440190
63937017
64434921
64930488
65427385
65891328
66387273
66785368
67215286
67680817
68143657
68639481
69037936
69400591
60982763
60982903
60982481
60981970
60982771
60982746
60981514
60981704
60981715
60982048
60981936
60981976
60982493
60982509
60982592
60982429
60982144
60982053
60983350
60982434
61092319
61524085
61985376
62514959
63010865
63509634
63972446
64467936
64966113
65428816
65958761
66421760
66885872
67315515
67781193
68242785
68773995
69203307
60984057
60982894
60983286
60983165
60983287
60983207
60983426
60983263
60983533
60983074
60984434
60984366
60984328
60984491
60984400
60983290
60984579
60983354
60983463
60984463
61062003
61525674
62021203
62516067
63012595
63544081
64039592
64502425
65033649
65497515
65960195
66456435
66954643
67450523
67913655
68443819
68841475
69338283
60984379
60985321
60985347
60984122
60984197
60984933
60985000
60984904
60984741
60984557
60984722
60984789
60984685
60984450
60984706
60985578
60984872
60984586
60985739
60985875
61227406
61724753
62219395
62748947
63180794
63676212
64207250
64669817
65165780
65662588
66126721
66656834
67186413
67684586
68146265
68711226
69240178
60986426
60986615
60986525
60986518
60985883
60986583
60986426
60986646
60986721
60986761
60985719
60986540
60986052
60986764
60986784
60986776
60986716
60986183
60986256
60986920
60986012
60985964
60987139
61229932
61725125
62221331
62683779
63215136
63710906
64174436
64671273
65167263
65697309
66128066
66624226
67154388
67620053
68147693
68679685
69175645
60987958
60988321
60988124
60987999
60988039
60988018
60987335
60988162
60988288
60993621
60992715
60993710
60992490
60993774
60993806
60993835
60993018
60993405
60992736
60992877
60993901
61302177
61797817
62261585
62725217
63254673
63684425
64181993
64678905
65107665
65638609
66068297
66532369
66996633
67491328
68022905
68419681
68883048
69411928
60993846
60994655
60994569
60993475
60994823
60994748
60994003
60993920
60994363
60995063
60993784
60993920
60993950
60995076
60995116
60993883
60995188
60995153
60995220
60995290
60995088
61237909
61666974
62096796
62592798
63124071
63554647
64083127
64612967
65075950
65540919
66038039
66566975
66997215
67493999
67990135
68453111
68985055
69594047
60995906
60994737
60994867
60994653
60994805
60995837
60996081
60996062
60996063
60996110
60996269
60996160
60994775
60994959
60995058
60995090
60996362
60995095
60995186
60995314
61271662
61768710
62263729
62761254
63256575
63687112
64183927
64680968
65143560
65640416
66138717
66667597
67163656
67594717
68124095
68653687
69150735
60996166
60996558
60997529
60997286
60996321
60997436
60996649
60997704
60997821
60996369
60996793
60997802
60996873
60997902
60997149
60997866
60997803
60996707
60997381
60998096
60997374
60998210
60998229
61075455
61505600
62000280
62430707
62927083
63423416
63886957
64350565
64781165
65146054
65509597
65840021
66271021
66736574
67232462
67728654
68158366
68654262
69184998
60997310
60998560
60998745
60998875
60998900
60998983
60998076
60999025
60997777
60997700
60998081
60998934
60999178
60999167
60998374
60999235
60999386
60999214
60998088
60998217
60999420
60999248
60999519
61340550
61705345
62102305
62497827
62795790
63259163
63623677
63987385
64385094
64816804
65212894
65710548
66140250
66637437
67067225
67530060
67995601
68424347
68955091
60999154
61000061
61000157
60999211
60998886
60999592
60999176
60999331
60999448
60999035
61000225
61000178
61000706
60999093
60999602
60999922
60999744
60999915
61000467
60999867
61000962
61210651
61706759
62235615
62631306
63128492
63592037
64022344
64452365
64850199
65314007
65811085
66306951
66837055
67333143
67831685
68327653
68857736
69387301
61001335
61000652
61000124
61000676
61000137
61001299
61001280
61001524
61001615
61001571
61000457
61000814
61001059
61001104
61001182
61000728
61001144
61000851
61000752
61001747
61210626
61707976
62169799
62666864
63029823
63428361
63758562
64222281
64685980
65082618
65580931
66077259
66572555
67003819
67334379
67831731
68328947
68826499
69289475
61001500
61002537
61002628
61002644
61002895
61002923
61002139
61003043
61002267
61002299
61001979
61002307
61002395
61002739
61003267
61003159
61003207
61003223
61003402
61003455
61013734
61476217
61939485
62369527
62866949
63362729
63859059
64356849
64853739
65350669
65812397
66343611
66806541
67269317
67832984
68229712
68626368
69158424
61003573
61003212
61003199
61002670
61004102
61003920
61004185
61004217
61004262
61003026
61002957
61004058
61003625
61004342
61004395
61003402
61003170
61003274
61004498
61004645
61048865
61477677
61940966
62437011
62900225
63330809
63827435
64325344
64722955
65218179
65648667
66145427
66608691
67072796
67568422
68067027
68529043
69027692
61004573
61005247
61005424
61005436
61005480
61005496
61005549
61005619
61005438
61005478
61005532
61005540
61005039
61004501
61005525
61004485
61004845
61005656
61005645
61005720
61005693
61380318
61843169
62239398
62735841
63233553
63696554
64159561
64624739
65053234
65517148
66014340
66443943
66909367
67438247
67901450
68299423
68730155
69192599
61005544
61005225
61006430
61006482
61005503
61005759
61006603
61005485
61006706
61006792
61006505
61006596
61006164
61007225
61006796
61006807
61006983
61006798
61006099
61007015
61006393
61006843
61006926
61050298
61448549
61845521
62275035
62703723
63200771
63697541
64128061
64591811
65054761
65485503
66016897
66478783
66943927
67372679
67836999
68299833
68631551
69129223
61006972
61006677
61006535
61008026
61007892
61008175
61008007
61008043
61007292
61006979
61007361
61007350
61007124
61008362
61008321
61008361
61008499
61008221
61007912
61008604
61008513
61007349
61051872
61548672
61913052
62409123
62872299
63268442
63765323
64195770
64659426
65023011
65488195
65951891
66347603
66778789
67109570
67473395
67937586
68334178
68799928
69228666
61009049
61009219
61008587
61008315
61008475
61008153
61008184
61008384
61009495
61009535
61009648
61009613
61008321
61009612
61009652
61008892
61008369
61009325
61009127
61009196
61009260
61218446
61681549
62144618
62641490
63104202
63601024
64064558
64528718
64991550
65455278
65886166
66282808
66713806
67144886
67507422
67939926
68434638
68767062
69262814
61009752
61010031
61009976
61010702
61010624
61010577
61010603
61010651
61009657
61010054
61010267
61011039
61009790
61010920
61009857
61011166
61010403
61010318
61010307
61010536
61010451
60988497
61453075
61881829
62344776
62809168
63239528
63734912
64198736
64630576
65092520
65524224
65954024
66185453
66449799
66847848
67277624
67708952
68072575
68569832
69033309
61025384
61011685
61011964
61010758
61011058
61012089
61011850
61011506
61011989
61012051
61012010
61011075
61012465
61012256
61011611
61012485
61012330
61012800
61011656
61011594
61012451
61011538
61011896
61011459
61221486
61684482
62114386
62576922
63106486
63537918
63935678
64331912
64862046
65260742
65690654
66186406
66650486
67113702
67610590
68007624
68536502
69068550
61012316
61013330
61013309
61013509
61013469
61013305
61013511
61013531
61012243
61013591
61013950
61012747
61013142
61013770
61012742
61012483
61012643
61012633
61013943
61013970
61013790
61024404
61455560
61951426
62414558
62876852
63374276
63870868
64367545
64863212
65327369
65790209
66321194
66818442
67280352
67777845
68306397
68804128
69268286
61014464
61013717
61013821
61013911
61014775
61013962
61014987
61014947
61014715
61013974
61015085
61014998
61015207
61015104
61013889
61015135
61015081
61015445
61013848
61015296
61014008
61058861
61521535
62017799
62414607
62878663
63375581
63771895
64235458
64666568
65196520
65664938
66029975
66360378
66725776
67123400
67618647
68049191
68545351
68976927
69439767
61020888
61020747
61020966
61020681
61020934
61021756
61021999
61022082
61021859
61022103
61022178
61022210
61022089
61022062
61021689
61022236
61022472
61021141
61021133
61022336
61021495
61199273
61596479
62059013
62487730
62819126
63316810
63746622
64110499
64507162
64872011
65370165
65765532
66131700
66527183
66892145
67322052
67787604
68083988
68513844
68945356
69621569
61022078
61021966
61023436
61023434
61023555
61023453
61022336
61022252
61022812
61022759
61022706
61022799
61022919
61023767
61022772
61022863
61022535
61022559
61022650
61023896
61133076
61564694
61994273
62423123
62919728
63349787
63780321
64311411
64774056
65238045
65734979
66197605
66628808
67124755
67587990
68052236
68514732
69012502
69410526
61024662
61024533
61024522
61023163
61024484
61024733
61024569
61024762
61023915
61024006
61025006
61023536
61023587
61024932
61024161
61024150
61025036
61025285
61023822
61025159
61025024
61333141
61795998
62260081
62723017
63185769
63649609
64146217
64509817
64974785
65437494
65968681
66431521
66861409
67358617
67856036
68352004
68782097
69278105
61024824
61024391
61024474
61024754
61024866
61025836
61024804
61025081
61025319
61026078
61026263
61026303
61026227
61026049
61026140
61026178
61025012
61025361
61024974
61025755
61025209
61301331
61732428
62129427
62624160
63087710
63551779
63981600
64479426
65008233
65473294
65936046
66433182
66930481
67425073
67889585
68386451
68882886
69379254
61025752
61027236
61027363
61026273
61027380
61026344
61026008
61027334
61026402
61026082
61026351
61026663
61026839
61027530
61027456
61027029
61026645
61026835
61027031
61026703
61137322
61600409
61996930
62527328
62990672
63452839
63916534
64414451
64944363
65342043
65737482
66234579
66698024
67229027
67659192
68189227
68650819
69083643
69626595
61028291
61028226
61028501
61028244
61027631
61027810
61028599
61027866
61028659
61028699
61028533
61028449
61027468
61027623
61027831
61028009
61027564
61027889
61028817
61028900
61073197
61503219
61965021
62462171
62891315
63321533
63785464
64150926
64580416
64978494
65375230
65738961
66169624
66599416
66964344
67362190
67727446
68089816
68520902
68919350
69314968
61028764
61028475
61028821
61028850
61028983
61029923
61028767
61028740
61029891
61029015
61030027
61028795
61029867
61029264
61029347
61029290
61030139
61030171
61030139
61029259
61028834
61029128
61272045
61703334
62100238
62594629
62993294
63422782
63885997
64382910
64847750
65310374
65807502
66271494
66667061
67197278
67662894
68124494
68587413
69020150
69629207
61029696
61031000
61029784
61031073
61031142
61031188
61030336
61031222
61030061
61029997
61031297
61031388
61031594
61031463
61030728
61030760
61030656
61030755
61031549
61030744
61031558
61339481
61837046
62166301
62629165
63160438
63623833
64052601
64582733
65046252
65543059
65974208
66469960
66934396
67430184
67928692
68390828
68854859
69383968
61032257
61031102
61032395
61032420
61032333
61031339
61032320
61031845
61032553
61032408
61032525
61031419
61032683
61031493
61031635
61032740
61032597
61032072
61031952
61031584
61032980
61031743
61307822
61804659
62300643
62764211
63227627
63724198
64187005
64651902
65015574
65379123
65810070
66173725
66604654
67134974
67596494
68094077
68523792
69021480
61048780
61033607
61032365
61034055
61034079
61033807
61032465
61032641
61034252
61033769
61033882
61032841
61032908
61032965
61034168
61033367
61034406
61033009
61032868
61034299
61034307
61045730
61507331
61937558
62400332
62797379
63260788
63691358
64222260
64686132
65114774
65644604
66009356
66439556
66903388
67300275
67731382
68161379
68691260
69189108
61034304
61033974
61033504
61033568
61034763
61033645
61034746
61033621
61033690
61033903
61033935
61034884
61034924
61033980
61034004
61033967
61035204
61035245
61035336
61035432
61035463
61177601
61641400
62071777
62533496
62930872
63394160
63857840
64321472
64785392
65215176
65646000
66076888
66473553
66904816
67334536
67831904
68294888
68727417
69222280
61035367
61035303
61034914
61036100
61036100
61036563
61035077
61036246
61036133
61035045
61035501
61035541
61035728
61035616
61035741
61036687
61036643
61036175
61036453
61035501
61035397
61113073
61610681
62040317
62569429
63032829
63495175
63991633
64455361
64952017
65449268
65980410
66441961
66939324
67468546
67932722
68396730
68892993
69390298
61037272
61037402
61037805
61037314
61037877
61036656
61037690
61037587
61037721
61037622
61037565
61037764
61036916
61038141
61037717
61037814
61037932
61037805
61036490
61037141
61015394
61412279
61842152
62238591
62769408
63231656
63662123
64125730
64622538
65118626
65549275
66013275
66476066
66974667
67470563
67934939
68397707
68895107
69424347
61038710
61038551
61038640
61038747
61038647
61038345
61037756
61037617
61039007
61037980
61039066
61039128
61037946
61037868
61039280
61037991
61039395
61038209
61038257
61038535
61016266
61447644
61909400
62406801
62769472
62967864
63166808
63365496
63696654
64094088
64458225
64954966
65319302
65783398
66213166
66576838
67041366
67404622
67769902
68266742
68663830
69128398
61039199
61038853
61039961
61039976
61040182
61040050
61040480
61038888
61040136
61039237
61040061
61039573
61040294
61040340
61039364
61040455
61039573
61040709
61040384
61039173
61040613
61040713
61040992
61183021
61647686
62109222
62572481
63035480
63565806
64028843
64492451
64956251
65453171
65951321
66413059
66944457
67473396
67937772
68433079
68930219
69427276
61041496
61041498
61041463
61041482
61041463
61041347
61041574
61040611
61040414
61041714
61041266
61041096
61041598
61041624
61040776
61041761
61040448
61041161
61040680
61040883
61040771
61042182
61018874
61449266
61847363
62242728
62639621
63069840
63601475
64031331
64460979
64924522
65323435
65752058
66150238
66613843
67109854
67607003
68070149
68533187
69030677
61058092
61042571
61041459
61042619
61042906
61042791
61042852
61042968
61042996
61042985
61042980
61042988
61043065
61041891
61042620
61043249
61043281
61043249
61043220
61043399
61042411
61185574
61681912
62045378
62541443
63037987
63534626
63999339
64528763
64991546
65489062
65918714
66448414
66945677
67475142
67938910
68434861
68933523
69428650
61043223
61043334
61042758
61044076
61043940
61043944
61042848
61044275
61043003
61042925
61042941
61043126
61043166
61043147
61044479
61043152
61043176
61044604
61044594
61044612
61087735
61552094
62013976
62544198
63007542
63469880
63933315
64431211
64961123
65456984
65955134
66416670
66948198
67477222
67907238
68436424
68967160
69464158
61044409
61044051
61045216
61045248
61043973
61044176
61044131
61044581
61044224
61045449
61045422
61045577
61052367
61052756
61051099
61052254
61051488
61051755
61051408
61051547
61029315
61393866
61923738
62385602
62848682
63312514
63775837
64272426
64736485
65233576
65662999
66193216
66723408
67220576
67684056
68212808
68675383
69206477
61052359
61052299
61051709
61052037
61052683
61052699
61053259
61052035
61053404
61053160
61053184
61053334
61053372
61053390
61052272
61053317
61053368
61053416
61052197
61052968
61031161
61428866
61824180
62288511
62751332
63181279
63644733
64142715
64638475
65068000
65532323
66030275
66459163
66890083
67353243
67818382
68280391
68778918
69241887
61053492
61053446
61053292
61053672
61053688
61053623
61053847
61053613
61054533
61053610
61054496
61054638
61054656
61054514
61054580
61054599
61053788
61053457
61053583
61054690
61053601
61230335
61627316
62057081
62487370
62950297
63413875
63877499
64341020
64804858
65335174
65797598
66295958
66759102
67287782
67752178
68248190
68746990
69241910
61054715
61054517
61054845
61054704
61054685
61055867
61054397
61055745
61055873
61055795
61055682
61055639
61056250
61054655
61055839
61054756
61054804
61055132
61054924
61055113
61056124
61364154
61827025
62256729
62752653
63216645
63680768
64143980
64674036
65136804
65634944
66097452
66593920
67057759
67586680
68085352
68514060
69044712
69654944
61055488
61055720
61055536
61056777
61056801
61056688
61056771
61056744
61056835
61056867
61056195
61057170
61057028
61055886
61055859
61057180
61057161
61057295
61055864
61056408
61034206
61464475
61861341
62323869
62788669
63217925
63681431
64212389
64609045
65071677
65535837
66032957
66495589
67025885
67488797
67953429
68449069
68946477
69310221
61057683
61057757
61056866
61056530
61056621
61056586
61057365
61056780
61057476
61057228
61057324
61057263
61058149
61058253
61058247
61058295
61058293
61058419
61058296
61057228
61057116
61366726
61797398
62293318
62788574
63187118
63649853
64146453
64609293
65040109
65537373
66035245
66465101
66928138
67458165
67888317
68384213
68881837
69379093
61057824
61059222
61058000
61059479
61059439
61058147
61058373
61058901
61058733
61058352
61058413
61059755
61059673
61058373
61058397
61059101
61059836
61059745
61059804
61059728
61058480
61137145
61567276
61996020
62459033
62923505
63420162
63949938
64412241
64842739
65372943
65901911
66366044
66863228
67392226
67856573
68319382
68851290
69312902
61059501
61060535
61060683
61060612
61060886
61060757
61060789
61060864
61060888
61061057
61060926
61061011
61059829
61059788
61059820
61060039
61060161
61061082
61061012
61061231
61204850
61701051
62164035
62626779
63122031
63652414
64082534
64512742
65009618
65506539
66004755
66466498
66963797
67493787
67990050
68486875
68917315
69446331
61061160
61060472
61061746
61061005
61061203
61061141
61061165
61061221
61061125
61060691
61062191
61062159
61061382
61062040
61062021
61061408
61061491
61061352
61061056
61062443
61061388
61404767
61900818
62330338
62825793
63289209
63787259
64250918
64714771
65210667
65640122
66039371
66469155
66966395
67394746
67793195
68257275
68787912
69249963
61063041
61061696
61061834
61063415
61061847
61062281
61062364
61062498
61062412
61062773
61063413
61062637
61062597
61063394
61063311
61062642
61062573
61063654
61063643
61063520
61063495
61239423
61636263
62065847
62530179
62959064
63389781
63853155
64283725
64748811
65177421
65708558
66105242
66602350
67032138
67461971
67893370
68389523
68854091
69382963
61064294
61064516
61064357
61064550
61064654
61064598
61064638
61063464
61063453
61064707
61064251
61063647
61064926
61065006
61064864
61064759
61063727
61063674
61064298
61065212
61064072
61374126
61803867
62232385
62728466
63193757
63656442
64154002
64582474
65013369
65445338
65908165
66372170
66835180
67330860
67796626
68291620
68755850
69185612
61064563
61065440
61064914
61065666
61064490
61065773
61064693
61064570
61065637
61064554
61064501
61065682
61064688
61064762
61064957
61065955
61065907
61066142
61065992
61065916
61066071
61241774
61673155
62134929
62665042
63128482
63557969
64021321
64451745
64915673
65379453
65876589
66306377
66770885
67267677
67697636
68127420
68623781
69087996
61066190
61065676
61067002
61067005
61067136
61067127
61067039
61067151
61067177
61067137
61065808
61067176
61066435
61067354
61065979
61067270
61066390
61066227
61066560
61066790
61066720
61067644
61409134
61904783
62367647
62832112
63262673
63724976
64256009
64652385
65115377
65613393
66010112
66473273
66938353
67366848
67897464
68393257
68857782
69287617
61068170
61068056
61068307
61068086
61068169
61068085
61067299
61067424
61067696
61067736
61067608
61067742
61068454
61068550
61068526
61067451
61067723
61068851
61068705
61068686
61068630
61343764
61740034
62202946
62698866
63163522
63659676
64123608
64554229
65050176
65513633
66010729
66507866
66970882
67499690
67964217
68427057
68924745
69387714
61069345
61069164
61068154
61069314
61068181
61069709
61069606
61069747
61069758
61068488
61068952
61068858
61068994
61068933
61069768
61069859
61069787
61069719
61069759
61069978
61069055
61379076
61775630
62237373
62734438
63163749
63594861
64057365
64588497
65019313
65481953
65979021
66441597
66906025
67368885
67800105
68297321
68760577
69256609
61069863
61070166
61069768
61070724
61070597
61070678
61069496
61070035
61069707
61071063
61071092
61071044
61071017
61070888
61071148
61071186
61071059
61071091
61070254
61070475
61070499
61247713
61710638
62172677
62669727
63131892
63597420
64092270
64588750
65019491
65550687
66013390
66510575
67006719
67469438
67967255
68429638
68960414
69423363
61071995
61072066
61072012
61071795
61072055
61071998
61071949
61071968
61072102
61072134
61072013
61072501
61072120
61071219
61070992
61071075
61072574
61071625
61071409
61071355
61115633
61646264
62108857
62537713
63001219
63531711
63995413
64458226
64921665
65385576
65881737
66412731
66875597
67338606
67870308
68366126
68830025
69293649
61073297
61072061
61073082
61073329
61073183
61072167
61073274
61072201
61072617
61073090
61072762
61072324
61073910
61072482
61072514
61073760
61073800
61072618
61072508
61073386
61072765
61447664
61911993
62374500
62770583
63234767
63731351
64227691
64591271
65122436
65585038
66049051
66478907
66977308
67440076
67903363
68399166
68864151
69293534
61074369
61073451
61074413
61074441
61074524
61074441
61073251
61074691
61073595
61073886
61073926
61073726
61073862
61073912
61074179
61074078
61073424
61074728
61074835
61074171
61086369
61515325
61946430
62409534
62838304
63369174
63898943
64362551
64858454
65389377
65884214
66349354
66845354
67374651
67873022
68268800
68799504
69329809
61075841
61075840
61075725
61076137
61074401
61075748
61074868
61075081
61075351
61075356
61075900
61076157
61076101
61076204
61075316
61075407
61075671
61075572
61075604
61075767
61076421
61185902
61616048
62012664
62475651
63006209
63436473
63866220
64396956
64859571
65289643
65787460
66317532
66713052
67210215
67673691
68138692
68601532
69132300
61092250
61077219
61077197
61075957
61075893
61077066
61077302
61077138
61077327
61076269
61077451
61077296
61077480
61076359
61076162
61077547
61077680
61076727
61076874
61076775
61077639
61219994
61715943
62147275
62641794
63172562
63602567
64099546
64595127
65159250
65555682
66087034
66614903
67080242
67543082
68039298
68503338
68967146
69429570
61077035
61077625
61078436
61078481
61077283
61077438
61078462
61078711
61078556
61078834
61078007
61077470
61077747
61079107
61077992
61077805
61077485
61078109
61077981
61078827
61055827
61552006
62047842
62577235
62975432
63471233
64000537
64438734
64969873
65466777
65895329
66360561
66890857
67286345
67784945
68313969
68843396
69241441
61086598
61085793
61086070
61086454
61086460
61085798
61087252
61087178
61087231
61087038
61087231
61087399
61087142
61087231
61087402
61087753
61086126
61087286
61087318
61087638
61086321
61429653
61792406
62288238
62752387
63181637
63711779
64242811
64672430
65168398
65698243
66195197
66658302
67188382
67720123
68182963
68711915
69175502
61087257
61088196
61087221
61088272
61088350
61088331
61087349
61087150
61087190
61088830
61088582
61088507
61087552
61088745
61088671
61087481
61087470
61088818
61088520
61088827
61088702
61330715
61761245
62223725
62654729
63085095
63580827
64044105
64474649
64905328
65403503
65898172
66330348
66793292
67256119
67686623
68217709
68646383
69111223
61088890
61089553
61088098
61088714
61088306
61089517
61089651
61088590
61088841
61090040
61089728
61089739
61088771
61088659
61089178
61088710
61088707
61089945
61089571
61090218
61090074
61089321
61089971
61090219
61101585
61331727
61563455
61861466
62191890
62523887
62821883
63052255
63284031
63515441
63715117
63947336
64179718
64409931
64741360
65040171
65337534
65634992
65932568
66330848
66563161
66893966
67325036
67621235
68019507
68450502
68848190
69278742
69689411
61090223
61091014
61091288
61091228
61090248
61091329
61090553
61090632
61091438
61090146
61091395
61090202
61091451
61091381
61090538
61091531
61091410
61090306
61090813
61090773
61090381
61090570
61434131
61928942
62426356
62855357
63351758
63782279
64212828
64676690
65074730
65571577
66002542
66464491
66895205
67326292
67822492
68285542
68748236
69247172
61092105
61091930
61091582
61091931
61092013
61092827
61092561
61092688
61091565
61092144
61092772
61092702
61092793
61092808
61092798
61092734
61092921
61093033
61092824
61093166
61092969
61202254
61732858
62195474
62624204
63154914
63651370
64114201
64611836
65107575
65571459
66036630
66532526
67028990
67524493
67923926
68286173
68683430
69147704
69691838
61092919
61092346
61093634
61092671
61092724
61093784
61093092
61093028
61093820
61093908
61092679
61092542
61093943
61093989
61094342
61094200
61092638
61094430
61094143
61092996
61093289
61094129
61094263
61170728
61469649
61832071
62129442
62559756
62989937
63453385
63984266
64381776
64811256
65274492
65706245
66135906
66565538
66963841
67426450
67825138
68287572
68718658
69115945
61094087
61093934
61093875
61095147
61094427
61095318
61095340
61095479
61095294
61095254
61095481
61095390
61095342
61095505
61094581
61095504
61095672
61095611
61095520
61095535
61095592
61238473
61701401
62231557
62694349
63156453
63686853
64217813
64646697
65045285
65441725
65838453
66269553
66800997
67296893
67759908
68257093
68751821
69217693
61095726
61095603
61095835
61095520
61095819
61095683
61095680
61095755
61095296
61095616
61095843
61096528
61096568
61096800
61096616
61096780
61096812
61096889
61097018
61095798
61097052
61338700
61768546
62198451
62662435
63124682
63556251
64019918
64516582
64947326
65442962
65905730
66336690
66833907
67364099
67794250
68258259
68753931
69251915
61096513
61096341
61097179
61097873
61097698
61097802
61097677
61096847
61097882
61097872
61098014
61096599
61096927
61097992
61098062
61097439
61098024
61098048
61097504
61098163
61098144
61506362
61968341
62465782
62961875
63424144
63887822
64417579
64915590
65411593
65874195
66405454
66902694
67364222
67862966
68358862
68755590
69186270
61097884
61098772
61098184
61098867
61098827
61098966
61097576
61098112
61097920
61098003
61098035
61097888
61098568
61098643
61099203
61098203
61098427
61098390
61099208
61098035
61099332
61440576
61936674
62399057
62862281
63358945
63823522
64253474
64751226
65246274
65709802
66207738
66702652
67200033
67662714
68194522
68690418
69188106
61098889
61099759
61100300
61099817
61099819
61098817
61100214
61100039
61100055
61099590
61100317
61100145
61099049
61100209
61100451
61099561
61099118
61100496
61099030
61099748
61099542
61099590
61100701
61244205
61641332
61970862
62335442
62798598
63228336
63592374
64055985
64453065
64851161
65348926
65811766
66274964
66738598
67235838
67697901
68129998
68591683
69089515
69519342
61101231
61101276
61101236
61101463
61101394
61101389
61100716
61100892
61100890
61101718
61100528
61101663
61101806
61101791
61101658
61101712
61101752
61101784
61101976
61100850
61063027
Peak: 69707710
Average: 61979184.36195392
