0
288563
416773
417338
417289
417944
418461
418493
418582
418678
418710
418742
418774
418806
418838
418870
418902
419150
419182
419063
419094
419127
419159
422805
419224
419261
422965
419383
419414
419365
419478
419511
419694
423253
419671
419703
419735
419767
419799
419831
419863
419991
420024
420055
420087
420119
420151
420184
420215
420248
423893
420311
420343
420471
420503
420535
420567
420600
420631
420663
420695
420727
420759
420791
420823
420951
420983
421015
421047
421080
421111
421143
421175
421207
421239
421271
421304
421463
421495
421528
421560
421590
421623
421656
421687
421719
421751
421783
421815
421847
421879
421911
421942
422103
422135
422167
422199
422231
422263
422295
422327
422359
422391
422423
422455
422487
422520
422551
422583
422774
422807
422838
422871
422903
422935
422967
422999
423031
423063
423095
423127
423160
423191
423223
423255
423286
423319
423351
423383
423575
423607
423639
423670
423703
423734
423766
423799
423831
423863
423895
423927
423959
423991
424024
424055
424087
424118
424151
424183
424407
424439
424471
424503
424535
424567
424599
424631
424664
424695
424727
424759
424791
424823
424855
424887
424920
424951
424983
425015
425047
425079
425111
425143
425400
425431
425463
425495
425528
425559
425592
425623
425655
425687
425719
425751
425783
425815
425847
425879
425911
425943
425975
426007
426039
426071
426254
426077
426166
426350
426231
426414
426551
426501
426615
426647
426679
426711
426743
426774
426807
426839
426813
427054
426935
427118
426999
427030
427063
427246
427069
427159
427109
427223
427197
427287
427470
427502
427383
427414
427447
427479
427662
427543
428014
428046
428078
427959
427991
427965
428206
428029
428119
428151
428334
428215
428398
428221
428462
431957
428375
428558
428439
428471
428503
428535
428566
428599
428782
428814
428637
428727
428701
428791
428765
428797
428829
428861
428893
428925
429335
429309
429341
429582
429405
429437
429469
429501
429533
429565
429597
429838
429661
429902
429934
429966
429789
429821
429853
429885
430126
429949
429981
430013
430045
430286
430109
430141
430173
430205
430237
430269
430301
430542
430423
430397
430429
430461
430493
430525
430966
431150
431182
431214
431246
431278
431310
431133
431374
431406
431438
431319
431502
431325
431416
431448
431480
431662
431545
431576
431608
431790
431672
431854
431736
431768
431800
431832
431864
431837
431869
431901
431933
432174
432206
432238
432270
432093
432125
432157
432189
432221
432462
432285
432701
432733
432765
433006
433038
432920
433102
433134
432933
432989
433230
433262
433294
433326
433209
433390
433422
433454
433335
433518
433400
433431
433464
433646
433528
433561
433592
433624
433806
433838
433870
433902
433934
433966
433998
434030
434062
434094
434126
434158
433957
434072
434254
434286
434318
434350
434382
434264
434744
434776
434958
434781
434872
435054
434877
435118
434941
434973
435214
435037
435278
435310
435191
435374
435406
435229
435320
435352
435534
435566
435598
435480
435662
435545
435726
435758
435557
435671
435854
435736
435685
435741
435773
436014
436046
436078
436110
436142
436023
435997
436088
436270
436093
436334
436216
436165
436221
436312
436494
436526
436558
436590
436413
436504
437048
437230
436700
185683
Peak: 441962
Average: 425908.9284164859
