0
202771
252375
519148
971550
1233281
1744519
2458076
2692664
3123099
3627539
3990739
4517028
5343297
5653982
5803769
6284456
6768221
7255031
7504716
7901587
8443728
8668618
9092383
9454795
9622922
9708417
10051549
10766478
11080344
11750553
12287043
12721873
12963059
13318582
13923623
14489823
14804856
15282051
15771048
16109491
16424298
16632687
16764413
16846269
17195072
17356074
17644191
18021063
18154048
18361684
18448405
19214985
19541081
19731063
19816461
19818053
20033319
20164381
20256003
20391236
20562902
20931406
21256881
21487043
21947016
22295181
22762873
23365510
23612648
23975370
24320467
24537010
24559881
24696887
24867294
25052616
25239708
25547379
25835056
26166080
26733210
26990672
27475535
28123759
28754032
29600409
30043606
30044846
30051214
30052846
30067892
30077579
30098165
30499574
31037051
31520067
31716702
31997148
32088539
32387807
32485557
32536263
32667789
32684102
32733678
32948856
33443739
34450824
33975584
34467850
34587317
34763557
34807090
34825266
34866388
35161150
35274939
35894368
35987470
36309223
36876442
36947699
37203598
37654070
38071878
38501581
38501642
38501686
38501837
38501995
38787960
38874547
39142596
39245812
39333680
43281999
43294156
43592997
43611380
44174797
44231846
44293633
44339398
44380024
44454586
44498882
44548813
44581603
44658143
44682206
44754074
44748767
44985333
45206817
45284157
45758078
45938211
45941150
46536559
46891631
46969621
47043306
47193145
47251996
47327443
47530261
47630855
47748688
48074727
48203486
48445827
48654771
48722006
48882224
49292924
49518247
49539565
49464026
49601268
49678404
49696772
49979208
50072086
50269836
50340459
50425775
50448511
50461767
50493647
50515384
50585273
50613241
50772852
50824764
50892415
50948479
51127432
51516162
51620323
51920997
52187426
52517375
52582260
52828401
53004355
53315984
53785695
54428181
54584003
54696305
54698420
54732800
54774829
55001029
55069421
55112755
55277604
55280058
55283863
55287026
55289524
55310090
55660967
55988511
56060432
56187145
56646538
57035035
57066288
57060688
57440755
57562734
58814541
57812010
57938084
57959351
58141741
58207801
58424207
58544448
58516345
58575170
58658776
58991542
59542580
59864418
59959378
60033498
60095890
60143082
60193922
60372454
60411210
60458672
61461402
60960832
61533482
66257767
72030631
77802406
83575461
89348621
95119666
100891159
106663019
112435691
118206372
123977826
129749691
135520484
141292177
147062708
152834634
158605158
164375919
170148007
175918781
181689455
187461530
193232250
61575132
61368148
61370679
61371781
61372525
61372642
61374063
61374785
61375382
61375703
61374901
61376167
61376473
61376501
61376510
61376517
61375836
61375862
61375694
61375345
61374800
65550854
70797317
76569079
81813726
87585487
93356465
98601962
104374717
109620049
115390528
121163207
126407914
132179266
136900539
142673364
148443791
154215438
159985936
165756245
171528149
177298521
182543281
188315377
194087005
61379815
61380115
61379364
61379711
61379958
61379514
61379853
61379571
61379357
61380597
61380089
61381002
61380865
61380829
61381072
61379883
61380958
61381082
61381261
61381293
65555952
72900162
80244693
87589299
94934506
102805041
110148876
118019069
125362819
132708183
140053423
147923333
155267382
162611707
169957516
176252291
184123807
191992502
61384120
61383754
61383924
61382720
61383070
61383901
61383963
61384110
61384099
61382917
61383301
61383341
61383234
61383715
61383426
61383047
61384180
61384269
61384440
61383148
65034122
71854040
79723892
87066760
94411621
102282688
109625498
116970439
124841048
132185589
140056250
147399179
155269172
163139121
170483420
178352136
186223923
193567300
61386309
61386447
61385511
61385510
61385182
61386372
61386461
61386530
61386656
61385482
61386804
61386706
61386848
61386872
61386814
61385654
61385441
61385638
61387176
61387174
61385704
66085593
71857336
77101897
82348059
88118055
93890294
99135683
104907849
110678832
115923758
121696035
126940535
132713158
137958063
143730546
148975482
154748062
160518445
166288802
171535037
177305530
183076962
188323173
194094554
61388309
61388239
61387008
61387754
61388071
61388362
61388418
61389366
61389706
61389947
61390812
61391326
61390464
61391691
61391389
61392284
61392468
61391217
61392119
61391208
66091614
71337431
77109203
82353930
88124292
93896340
99141697
104913936
110684980
115930842
120653090
125897972
131670138
136916002
142161722
147932080
153704984
158949612
164721240
169967263
175738952
181509364
187281350
192525904
61392670
61393100
61394145
61392992
61393247
61394432
61393931
61394735
61394936
61393746
61395141
61394242
61394338
61394341
61394200
61394016
61395227
61395324
61395416
61394584
63471384
70291240
77635368
84980047
92850348
100193917
107539020
115409906
122753931
130624963
137968708
145839519
153184004
161053791
168398111
176266900
183087194
190956967
61397649
61397325
61398097
61398456
61398678
61397417
61398786
61398695
61398617
61398824
61399056
61399054
61399239
61398991
61397997
61397885
61397896
61399106
61399290
61399310
62951512
69245662
76590952
83935213
91278831
98623652
105968513
113838948
121183113
129053649
136396700
144267580
151611027
159481728
166826198
174170439
182038998
189910732
196220555
61400427
61399412
61400190
61399923
61400133
61399967
61400058
61400039
61399770
61400909
61400393
61401057
61401201
61401351
61400075
61401448
61400141
61400088
61401183
62953329
69247158
76067146
83411625
90757146
98100659
105971761
112790737
119613418
126430972
134301693
141645687
148989902
156335420
164204337
172074851
179944153
187289268
195158038
61401670
61403132
61401785
61401899
61403206
61403279
61403589
61403570
61402294
61402499
61402646
61402513
61402449
61403609
61403892
61403813
61403909
61404094
61403943
61404128
61382498
66102773
71348773
77118837
82364656
88136309
93381589
98627973
104400429
109645840
115416189
121188461
126959053
132204680
137974933
143747693
149518061
155289773
161060141
166305437
172077861
177322552
183092821
188866165
194110832
61404996
61404041
61405416
61405576
61405363
61405644
61405587
61405589
61404819
61404928
61405326
61405067
61405150
61404852
61406028
61406117
61406237
61405055
61406305
61405305
61404855
66104765
71876938
77121626
82893458
88137834
93909810
99155146
104927314
110172701
115944298
121189893
126961466
132207274
137453074
142699906
148470210
153717522
159489090
164733781
170505666
176277226
181521893
187294277
193065482
61407325
61407748
61407983
61406685
61407034
61406754
61407773
61407948
61408033
61408159
61407944
61408155
61407993
61408223
61408188
61407108
61408209
61408182
61408273
61408456
61407037
66107263
71354296
76599019
82370144
87615483
92862712
98108075
103879120
109125131
114897264
120142795
125913176
131161296
136931560
142177627
147948920
153195171
158966568
164736936
169983147
175753488
181525048
186771424
192017179
61408963
61409048
61408483
61409883
61409983
61410189
61410242
61408945
61409273
61409188
61408953
61410177
61410352
61410539
61410681
61409456
61410931
61410148
61410080
61410396
61410399
66111481
71357209
76601609
82373129
87617985
93389961
98635105
103881865
109128681
114374009
120145312
125391585
130638196
135883881
141656697
146901329
152674321
158444617
164214985
169461188
175231649
181002153
186775145
192019929
61411555
61411277
61412288
61412517
61412674
61412647
61412503
61411616
61411480
61412563
61412846
61412662
61412771
61412854
61412987
61412815
61411908
61413129
61413182
61413105
61411490
65588027
70834067
76078939
81324427
87096003
92341494
98113411
103358963
109131131
114375651
120148299
125392947
131165451
136410086
142182835
147428779
153200411
158446347
163691166
169463243
175233170
179430126
184677534
190447803
196234385
61414418
61413036
61413747
61413814
61413777
61413287
61414469
61413401
61413474
61414786
61413571
61414046
61413998
61414161
61414033
61414049
61413929
61413703
61415010
61414467
61413723
66114728
71359441
77130740
82375276
87621559
92867983
98638740
103885439
109656884
114903335
120674547
125920471
131693068
136937612
142709567
147955087
153727732
158972639
164743407
170514961
175760988
181532468
187304524
192550476
61415517
61417235
61417229
61417185
61416329
61416070
61417239
61417379
61417507
61416279
61416218
61417568
61417665
61417785
61417817
61417900
61416726
61417989
61417061
61417216
61416540
66117273
70839297
76082955
81328617
86574729
92346929
97593433
102838796
108609209
113855657
119628305
124873025
130645401
135890233
141662601
146907433
152679195
157925425
163170972
168418417
174188633
179960281
185206977
190978329
196238986
61418611
61418948
61417876
61418064
61418283
61418221
61418208
61417865
61418969
61419007
61419347
61419277
61418205
61419265
61418396
61418503
61418335
61418129
61419442
61418227
66118901
70314447
75560007
80805770
86577463
91823879
97068908
102840276
108086215
113857201
119104111
124349898
129596658
135367183
140614303
146386479
151631591
156877615
162123442
167895188
173141303
178912487
184159055
189929431
195175431
61419596
61418921
61420148
61419734
61420524
61421630
61420378
61421730
61420716
61420436
61421626
61421825
61421953
61422049
61421958
61420626
61421852
61421098
61421239
61420565
66121415
71366094
76611582
82381746
87627867
92874323
98646555
103369467
108613587
113859819
119632379
124877019
130123883
135894194
140092115
145337851
151109635
156355595
162127235
167373403
173145003
178389787
184162931
189407547
195177923
61422372
61422380
61421937
61423643
61423268
61423415
61423600
61422469
61422802
61422747
61423820
61423414
61424284
61424324
61423142
61423526
61423872
61423985
61424019
61423367
66124001
71369868
76614476
81860087
87631934
92877366
98648155
103894678
109140633
114912990
120158662
125928944
131176198
136947342
142193262
147965558
153210913
158982366
164228310
170000134
175244734
181015224
186262830
191508806
196246007
61425740
61425809
61425236
61426039
61426135
61425917
61425222
61425168
61425590
61425342
61425278
61425073
61426343
61426424
61426603
61426635
61425402
61426871
61425909
61425561
66126034
71371924
76616593
81862196
87634025
92879412
98125697
103898081
109142681
114915129
120160865
125932305
131178217
136424993
141671913
146916593
152688347
157934161
163704579
168951857
174198172
179969529
185216132
190988593
196249375
61429184
61429593
61428100
61428637
61428754
61428960
61429051
61429049
61428713
61430055
61429715
61430337
61430591
61430629
61429853
61430393
61430802
61430597
61430725
61429239
65603700
70849759
76095263
81866700
87111932
92358204
98130004
103375839
109147228
114392644
119639586
125411076
130657916
136428268
141674100
146920020
152692972
157937420
163707894
168955324
174201503
179447151
185219196
190465244
196251645
61431596
61431761
61430361
61431756
61431196
61430753
61431073
61430996
61430516
61431756
61431998
61432008
61432048
61432064
61430890
61432169
61430980
61432012
61431402
61430719
66130972
70851140
76622380
81868180
87114212
92359599
97082588
102329052
107573660
112820300
118592996
123838860
129610108
134855204
140101676
145873412
151118204
156890980
162136004
167384180
172104476
177875956
183648028
188892852
194663060
61433007
61432282
61432361
61431969
61433719
61433422
61433542
61433603
61432282
61432543
61432474
61433446
61432954
61433655
61433572
61433770
61433735
61433716
61433866
61433906
61411349
66131888
71903285
77147949
82919813
88164245
93410736
99182853
104428592
110199423
115445229
120692208
126463725
131709421
137480941
142727101
147972608
153744333
158990288
164760701
168959120
174206037
179976397
185222861
190994309
196255150
61434810
61433679
61433961
61434116
61434348
61434097
61435116
61436212
61435778
61436349
61436445
61435255
61435473
61435380
61436345
61436564
61436619
61436653
61436728
61435331
66135717
71380226
76625930
81871736
87643541
92890120
98135296
103907408
109152307
114924656
120170272
125416152
131188712
136433536
142206192
147452128
153223760
158468576
164240024
169487560
175257848
180502664
186275840
191521880
196257953
61437857
61437977
61437897
61437937
61438046
61437372
61437496
61437436
61437121
61438358
61438015
61437737
61437956
61437697
61437369
61438516
61438807
61438798
61438956
61437285
66137660
70857788
76628295
81873684
87645494
92892014
98662878
103908254
109679902
114925513
120697926
125942534
131189550
136960734
142206846
147452953
153225646
158996006
164240873
170013894
175784254
181028993
186801046
192572630
61438530
61439311
61439512
61439739
61438706
61438570
61439543
61439051
61439790
61440047
61438720
61439112
61439309
61439341
61439256
61439021
61438939
61440252
61440298
61440426
61438940
66138302
70860734
76107182
81352150
86596862
92369134
97614318
102861142
108631382
113877982
119650678
124895582
130667862
135912342
141685246
146929878
152701926
158473230
163718046
169491062
174735785
180507390
185753862
191525342
196261567
61441460
61440616
61440717
61440702
61440222
61441462
61441536
61440685
61440760
61440427
61441515
61441771
61441719
61441721
61441820
61440587
61440827
61440763
61440464
61440433
66139740
71385380
77155619
82401404
87647511
92894044
98666148
103911588
109157444
114929764
120175540
125422876
131193995
136440060
142212796
147457540
153229043
158475116
164247388
169493156
175263131
180508940
186282372
191527052
196264426
61444276
61442868
61443660
61443583
61443501
61443317
61443024
61444250
61443758
61444459
61444491
61444582
61444530
61443621
61443397
61444498
61444589
61444726
61444835
61443385
66143946
71388609
77158632
82404497
87650425
92896913
98667929
104440345
109685361
114932977
120704209
125948889
130672305
135917273
141164036
146935545
152181705
157953145
163197673
168445401
174215505
179987233
185233777
190479521
196266007
61445805
61444575
61445058
61445034
61445434
61445285
61444906
61445986
61446024
61446211
61446252
61446351
61445118
61445142
61446367
61446487
61446583
61446527
61446492
61445116
66145475
71391329
76635980
81881548
87653345
92899857
98145185
103391708
109164049
114408988
119655556
124901265
130672683
135918481
141691353
146935929
152707731
157953529
163199492
168972673
174217324
179988857
185235244
190481276
196267682
61446183
61447387
61447452
61447652
61446443
61447934
61447294
61447169
61447294
61447222
61447070
61446662
61447806
61447314
61448090
61448186
61446940
61447204
61447068
61446741
66147007
71392841
76637420
81882981
87654925
92901437
98672293
103917669
109163789
114934708
120181597
125427573
130674453
136444693
141691829
147463269
152709381
158480845
163725421
169497420
174743477
180514941
185762541
191007149
196269139
61448917
61448954
61448949
61447893
61448328
61448512
61448457
61447962
61449109
61448582
61449185
61449364
61449380
61449305
61449284
61449449
61449540
61449580
61448339
61448199
65623414
70868573
76114371
81360232
86606272
92378336
97623792
103395928
108641808
113887176
119659872
124907376
130678624
135923432
141695872
146940728
152713744
157958352
163729976
168976160
174746592
180518168
185764784
191534967
196272425
61452242
61450961
61451747
61451386
61451655
61451570
61451213
61452381
61452529
61452598
61452690
61452662
61451558
61451497
61452665
61453015
61452869
61452959
61453098
61451723
66150819
71396667
77168003
82413803
87658654
92381515
97628227
102874571
108645155
113890926
119137510
124909075
130680395
135925054
141697867
146943811
152716275
157960310
163731699
168978947
174749531
179994398
185767515
191012315
196274196
61454191
61452920
61453592
61453521
61453370
61453317
61453053
61454229
61454385
61454379
61454470
61453232
61453683
61453439
61453089
61454393
61453858
61454669
61454669
61453134
66152315
71398490
76643933
82415389
87661474
92908029
98153501
102875304
108645615
113892605
119139261
124384925
130157485
135402429
140649256
146420829
152192533
157437133
162159597
167407037
172651613
178422012
183669610
188915717
194161605
61455426
61455537
61454578
61454762
61454749
61454616
61454280
61455600
61455624
61456069
61455753
61456025
61455838
61454674
61454943
61454743
61454711
61455863
61456011
61456088
61434191
66155003
70875186
76645351
81891023
87137253
92909375
98154623
103401271
109172791
114418655
119665111
125435516
130682639
135928237
141700911
146945778
152718511
157964447
163734743
168981194
174751412
179998407
185245143
190491023
196277224
61457148
61457249
61456355
61456566
61456504
61456307
61457517
61457405
61456325
61456733
61456924
61456657
61456481
61457500
61456949
61457637
61457717
61456527
61456868
61456295
66155528
71401350
76647121
82418585
87664662
92911198
98682046
103928718
109173593
114944461
120191337
125437177
130685190
135930974
141178006
146422822
152195606
157440681
162686137
168459278
173704158
179475534
184723134
190493494
196278978
61458640
61457367
61457676
61457852
61457972
61457886
61457486
61458646
61458751
61460785
61460825
61460789
61459992
61459770
61459549
61460858
61460293
61460989
61461114
61459513
65633960
70356840
75077936
79799243
84520531
89767059
95011862
100783763
106029107
111800325
117047435
122293067
127538939
133311427
138556099
143803363
149573509
154820707
160066614
165312526
171085643
176330379
182101827
187349499
193119883
61461055
61462072
61462129
61462257
61461024
61461403
61461259
61462275
61462321
61462508
61462710
61461346
61461695
61461855
61461895
61462050
61462119
61461836
61461847
61461468
61461177
66160816
71406122
77176477
82423392
87668200
92915000
98686904
103933288
109178088
114949370
119672800
124918616
130164384
135935832
141181792
146428008
152200536
157446376
162167672
167413811
173185400
178430208
184202154
189448227
195219712
61462842
61462509
61463758
61463790
61463851
61462618
61462599
61463950
61462702
61462518
61462680
61463878
61463742
61464015
61464178
61464167
61464156
61462934
61464390
61462742
65637452
70883398
76654726
81899683
87145555
92916311
98163160
103409424
109181880
114426448
120199040
125443675
131214975
136461040
142233776
147478248
153251336
159021696
164266432
170039552
175284256
181055856
186302320
191548075
196285406
61465190
61465292
61464368
61464531
61464466
61464482
61464162
61465295
61465427
61465488
61465680
61464311
61464623
61464628
61464380
61464455
61465559
61465807
61465822
61464263
66164861
70884746
76655242
81900893
87146832
92917831
98164557
103410936
109183285
114427821
120200501
125445517
130691933
136463533
141709349
147481005
152727053
158499413
163743181
169516437
174761141
180532741
185779088
191550629
196286950
61466720
61465650
61466399
61466424
61466405
61466210
61466034
61466972
61467112
61467181
61467315
61467253
61466284
61466257
61466039
61467220
61467411
61467365
61467528
61465800
66166309
71411783
76656759
81902290
87674095
92920687
98165783
103938207
109183135
114429391
120202023
125446679
130693783
136465103
141710855
147482503
152728615
158500079
163744687
168992183
174763807
180534167
185780503
191552247
196288416
61468206
61468280
61467488
61467838
61467571
61467171
61468819
61468689
61468535
61468652
61467347
61470739
61469814
61469611
61469537
61470667
61470958
61470796
61470916
61469344
66169773
71415240
76660203
81905720
86628432
91873811
97645856
102891192
108661658
113908288
119155355
124401195
130172344
135418227
141191056
146435696
152208336
157453427
163224888
168471400
174242720
179487363
185259464
190505675
196291940
61471761
61470531
61470962
61471138
61471192
61472019
61471966
61470693
61472026
61471568
61471413
61471410
61471157
61470845
61472077
61472258
61472206
61472302
61472299
61470784
66171261
71417306
76662932
81908681
87153353
92399969
98172137
103417849
108663377
114434569
119681649
124927265
130699857
136470144
141715968
147487616
152209032
156930440
162176104
167949368
173193968
178964448
184212104
189982272
195228280
61473072
61473170
61473238
61472093
61472510
61471950
61473262
61473758
61473245
61473344
61473525
61473502
61473614
61472312
61472744
61472963
61472915
61473000
61472861
61472144
66172636
71418364
76663015
82434236
87679599
92926076
98697908
103943268
109189252
114960302
120207556
125453103
130699983
136471340
141717364
147488812
152736028
157980687
163752300
168998636
174768854
180014927
185262343
191033956
196294725
61473299
61473552
61473857
61473339
61473480
61474184
61474275
61474171
61474227
61474059
61474107
61474222
61474213
61474431
61474311
61474685
61474345
61474001
61473961
61473778
66174196
71420106
76664549
81910170
87156413
92927321
98173751
103420583
108666482
114439375
119685479
124930327
130176847
135948511
141194255
146440311
152211903
157457959
163229327
168476799
174247159
179491759
185265143
190511111
196296400
61476099
61474965
61475765
61475434
61475714
61475375
61475148
61476177
61476368
61476445
61476477
61476433
61475577
61475369
61476385
61476533
61476720
61476607
61475756
61475269
66174427
71420097
77190459
82437374
87682390
92928702
98700950
103946513
109717974
114964606
120735926
125980577
131227441
136999014
142770590
148015465
153788190
159032894
164804422
170050889
175822054
181067017
186840238
192085201
61476577
61476755
61476816
61476553
61477713
61477721
61478010
61477910
61476677
61476997
61476861
61477893
61477291
61478161
61478316
61478174
61478232
61477325
61477438
61478361
61476752
66175891
71421665
77191952
82438638
87683721
92930254
98702465
103947806
109719454
114964904
119688377
124934214
130179969
135951409
141198465
146443129
152216113
157460694
163232345
168478761
174250201
179494782
185270393
190515137
196301623
61481505
61480143
61480617
61480670
61480692
61480473
61481433
61481522
61481685
61480511
61481841
61480793
61480753
61480665
61481697
61481264
61481922
61481997
61480823
61480455
66179714
71426578
76671170
81916837
87688586
92935106
98180234
103952722
109197298
114968516
120215274
125986930
131233778
136478381
142250954
147495829
152743309
158513405
164285010
169531477
175302842
180547565
185795082
190516461
196302880
61482796
61481399
61481781
61481871
61482058
61482005
61481720
61481477
61482832
61483004
61483121
61483089
61483375
61481998
61483430
61482088
61483155
61483236
61483407
61481892
65656630
70903581
76147960
80869173
86115395
91887424
97132613
102379656
108150840
113396141
118643128
124414701
129660526
135432693
140677712
146448154
151694675
157466909
162711544
168483586
173729659
179501829
184747592
190517898
196304398
61484227
61484322
61483522
61483816
61483600
61483098
61484305
61484453
61484632
61483916
61484522
61483468
61484701
61484486
61484841
61484932
61484233
61484007
61483953
61484113
61483286
66183449
71428607
76674050
82445455
87690898
92937263
98709023
103954874
109200354
114972639
120219495
125464370
131235438
136481562
142254231
147498802
153270486
158516610
164287999
169534303
175305831
180550431
186323815
191568615
61484461
61485956
61485238
61485182
61484803
61485936
61485981
61486132
61486235
61484820
61485140
61485055
61484959
61484876
61485111
61485274
61485146
61486271
61485464
61486480
61484951
66185536
71431319
75626861
80872644
86643011
91890769
97135932
102382945
107628297
112876153
118122921
123367801
128614508
133860356
139631961
144877820
150649337
155895449
161666913
166913457
172159017
177931473
183176977
188947457
194193481
61485962
61487370
61487488
61487658
61487767
61487683
61486848
61487190
61486998
61486533
61487752
61487252
61487910
61487985
61488033
61486733
61487060
61486772
61486762
61487951
61486575
66186085
71431363
77201610
82447360
87693683
92940163
98712160
103957680
109729112
114975888
120747136
125992144
131238752
137008911
142256179
148027640
153273800
159045272
164815632
170062048
175833488
181079432
186851448
192096360
61488035
61488069
61487618
61489042
61489070
61489305
61487987
61489237
61488069
61489136
61489233
61489353
61489500
61488152
61488587
61488547
61488808
61488731
61488252
61489407
61488031
66188400
71434174
76678684
82450105
87695065
92941996
98713769
103959332
109730721
114977425
120748745
125993604
130716841
135961385
141208708
146454342
151701337
156947620
162193244
167965452
173736769
178981508
184754801
190524086
196310527
61490382
61490573
61489658
61489849
61489844
61489550
61490590
61490106
61490874
61490785
61489579
61490880
61489963
61492280
61493376
61493543
61493628
61493660
61492427
61492053
66192673
71438283
76682827
81929014
87174691
92945629
98192067
103438811
108684739
114456931
119702907
124948523
130719650
135965851
141212787
146458494
152230139
157476043
163247707
168494275
174265467
179510147
184757790
190528165
196314708
61493310
61494355
61494452
61494660
61494628
61494746
61493513
61494065
61494182
61494238
61494080
61493693
61494883
61493942
61494993
61495140
61493848
61494044
61493972
61493537
66192841
71438631
76684359
82455823
87700783
92947295
98719463
103964767
109210714
114983127
120228738
126000287
131245887
136491778
142264527
147509543
152756338
158528015
163772690
169545807
174790567
180037455
185284207
190529818
196316288
61496080
61494661
61494892
61495479
61495212
61494935
61496103
61496192
61496269
61495095
61496460
61495212
61495079
61496384
61496823
61496448
61496445
61496600
61496648
61495119
66195649
71441420
76685804
81931607
87177735
92949948
98195183
103967492
109212300
114983350
120231428
125476223
130723103
136494460
141740148
146986039
152757814
158003620
163249575
169022692
174267500
180038948
185285276
190531487
196317773
61497366
61497521
61496605
61496832
61496703
61496562
61496408
61497573
61497662
61497913
61497873
61496675
61496893
61496997
61497029
61496931
61498014
61497361
61498172
61496592
66197101
71442872
76687472
81932979
87179131
92426883
97148600
102395240
107639893
113412143
118659055
123903850
129676199
134920807
140167895
145938319
151184285
156957159
162203031
167974919
173219519
178991175
184237607
190009135
195254162
61498145
61497909
61498266
61498354
61497897
61498284
61498047
61498919
61498368
61499230
61498056
61498285
61498205
61498229
61498037
61499277
61499382
61499604
61499593
61498470
61476727
66197474
71443135
77213166
82459946
87705282
92951519
98723767
103969122
109739607
114987191
120758743
126003615
131250223
137021823
142793407
147513770
152760890
158006698
162728983
167975391
173746759
178991634
184239282
190009730
195781031
61500420
61500692
61500682
61500675
61499510
61500472
61500706
61500732
61499507
61500200
61500118
61500152
61499891
61499576
61500752
61500217
61501028
61501060
61501215
61499461
66199851
71445563
76690155
82461510
87706457
92953115
98724211
103970467
109742131
114987659
120760155
126005099
131251547
137024003
142269046
148040659
153286547
159058219
164828579
170074995
175846435
181091139
186864467
192109307
61501003
61500835
61501598
61501703
61501951
61500821
61502067
61502011
61502027
61502096
61502034
61502123
61502323
61502376
61502315
61502279
61501191
61500927
61502719
61502474
61500917
66201383
71445999
77216014
82462071
87707970
93480135
98725375
103972066
109743583
114990359
120761599
126006207
131778823
137024751
142796343
148041079
153813871
159058567
164830103
170076511
175847943
181093831
184766423
188439703
193161023
61502432
61503427
61502135
61502498
61502185
61503447
61503571
61503467
61503601
61502376
61503120
61502952
61503123
61502979
61502803
61503763
61503196
61503876
61503916
61502752
61502381
66205815
71451371
76696051
81942067
87713683
92960254
98205438
103977798
109222374
114469262
119715910
125487502
130734110
135978942
141751750
146996558
152768069
158013926
163785582
169031758
174802157
180048294
185821398
191066414
196327961
61507812
61506516
61507887
61507385
61507201
61507342
61507379
61507171
61507089
61506782
61508676
61508127
61508223
61508539
61508193
61508331
61508357
61508541
61507113
61506908
66207266
71452906
76697570
81943237
87714994
92961578
98732442
103977810
109223866
114470242
119192498
124438754
129685346
135456786
140702786
146474234
151718842
157491834
162736546
168509666
173754482
179525994
184772562
190543954
196329323
61509098
61509325
61508292
61508446
61508309
61508184
61508017
61509270
61509343
61509399
61509621
61508388
61508694
61508515
61508598
61508355
61510169
61509052
61509885
61508471
66207547
71454587
76699173
81944908
87716654
92962942
98734094
103979894
109225590
114997830
120769150
126013958
131786366
137031070
142803798
148048622
153821414
159067350
164837638
170083838
175855486
181100190
186348942
191070278
196330916
61510672
61509399
61510850
61509647
61510076
61510188
61510028
61509692
61510796
61510936
61511013
61511139
61509906
61511207
61510354
61510079
61511111
61510822
61511240
61509834
65685327
70930327
76176069
81422141
86667925
91914328
97686517
102931840
108702290
113949123
119721493
124966544
130212984
135984525
141230413
146476285
152249221
157493829
162739864
168511674
173757429
179003384
184250960
190021496
195792984
61510937
61512569
61512188
61512504
61511271
61511481
61511396
61512420
61511761
61512623
61512556
61511422
61511475
61512499
61512782
61512663
61512850
61512831
61511641
61511495
61490225
66210535
71456175
76701887
82473418
87719495
92965935
98211314
103983479
109228127
114474861
120247394
125492023
130738847
136511309
141757503
147002058
152249317
158020898
163265930
168512847
174284570
179529386
185302511
190548471
196333811
61513601
61512304
61512830
61512646
61513017
61512960
61512632
61512491
61514019
61513916
61514143
61514052
61514132
61514172
61514136
61513483
61513014
61513139
61513027
61512795
66211803
71458502
76178804
81425697
86146033
91392302
96638801
102409936
107656193
112902342
118148841
123920961
129166657
134938105
140185222
145955553
151200169
156973110
162217806
167990985
173235801
179007241
184253550
190024033
195269897
61514101
61513781
61515013
61515193
61515246
61515473
61515365
61514241
61514180
61515297
61514754
61515514
61515481
61515548
61515512
61514987
61514811
61514979
61514851
61514185
66213393
71459012
77229251
82474958
87721361
92967862
98738606
103985399
109756806
115003518
120774881
126019422
131266286
137037910
142283734
147529726
152777966
158022574
163794238
169040758
174286398
180057838
185304382
190550326
196336612
61516543
61516626
61516820
61515756
61516185
61516036
61515691
61515430
61516734
61516804
61516943
61516975
61517062
61516078
61515934
61515619
61517446
61516482
61517199
61515670
66214954
71460645
77230953
82477927
87723010
92969370
98740463
103986914
109758527
115004263
120776479
126022095
131268087
137038305
142285522
148056983
153303135
159074615
164844975
170091383
175862831
181107535
186880791
192125703
61516973
61517158
61517899
61518114
61518316
61518022
61518151
61518314
61518287
61517121
61518342
61517422
61517211
61518235
61518426
61518503
61518730
61518669
61517283
61517307
61517094
66216290
71462201
77232211
82481383
87727693
92974146
98744967
103991618
109763991
115009935
120781183
126025775
131272850
137043383
142290082
148061679
153308663
159079255
164323914
170097119
175341823
181113351
186360010
192131431
61522600
61521750
61521953
61521638
61521518
61523340
61522879
61523042
61521766
61522027
61521883
61522974
61523004
61523183
61523164
61522092
61522468
61522817
61523428
61522916
61521838
66220918
71466830
77236912
82482854
87728969
92975465
98746430
103992974
109764422
115011126
120782446
126027398
131799662
137045606
142817110
148061710
153309009
159079320
164326366
169572910
174818430
180590110
185836438
191082369
196344228
61524106
61524132
61524241
61523446
61523392
61523086
61524203
61523820
61524471
61524444
61524408
61523312
61524328
61524934
61524441
61524532
61524580
61523419
61523942
61523195
66223721
71469459
76713910
82485274
87730234
92977090
98748850
103994482
109765866
115012642
120258141
126029722
131275330
136521162
142293978
147538586
152786050
158556290
163801930
169575314
174819954
180591562
185838010
191083802
196345664
61525649
61525673
61525701
61524588
61525052
61524939
61525632
61525191
61525879
61525991
61524691
61525091
61524883
61524635
61526411
61526095
61526199
61526375
61524998
61524793
66224983
71469529
76715185
82486713
87731601
92977977
98750233
103995593
109767249
115012873
120785337
126030073
131276737
137047281
142820001
148064753
153837521
159082108
164853761
170099977
175871665
181640752
186889649
192135601
61525749
61527118
61526393
61526270
61525883
61527014
61527095
61527201
61526027
61526368
61526254
61527227
61527324
61527618
61527607
61527652
61526643
61526887
61527105
61526897
61526115
66225143
71471981
76716757
82488208
87733397
92979965
98751789
103997352
109768741
115015229
120786765
126031373
131803981
137048693
142821429
148066296
153839029
159083741
164855261
170101728
175873189
181117757
186889896
192661589
61527328
61526947
61528214
61528445
61528476
61527582
61527513
61528529
61528634
61528856
61528831
61528795
61528938
61528953
61528406
61528230
61528190
61528390
61528289
61528003
61527502
66227065
71472769
77242910
82488585
87734828
92981265
98752153
103998641
109770353
115015881
120788441
126032977
131805585
137051529
142823033
148067849
153839393
159085689
164855977
170103281
175874721
181119777
186892681
192137452
61529150
61529200
61529861
61529942
61530121
61530204
61528871
61528903
61530147
61529043
61528897
61530716
61530298
61530557
61530525
61529182
61530534
61529633
61529964
61529836
61529154
66228182
71474176
77244301
82491232
87211697
92982648
98229336
103475643
108721643
114492600
119739600
125511048
130757952
136002539
141775296
147019800
152267171
158038712
163283384
168531027
174301144
180072800
185319467
190565211
196351574
61531358
61530143
61530855
61530723
61530702
61530476
61531556
61531645
61531781
61530593
61530891
61530525
61531701
61531976
61531889
61531993
61532153
61530776
61531536
61530501
66229872
71475715
76721152
81966888
87738688
92985272
98230528
103477051
108722832
114493992
119741072
125512440
130759272
136003768
141776688
147021336
152268512
158040176
163284920
168532216
174302752
180074264
185320736
190566752
196352966
61532837
61533123
61532565
61532425
61532273
61532004
61532998
61533079
61533368
61532017
61532409
61532201
61533166
61532193
61533225
61533365
61533509
61533541
61532257
61531979
66231313
71476943
77248455
82493143
88264799
93510095
99280990
104527903
110300047
115544679
121316046
126561903
131284103
137055751
142301575
148073231
153320511
159090879
164335495
170108727
175353479
181123655
186897031
192141943
61533279
61533665
61533241
61534785
61534504
61534573
61534728
61534764
61533401
61534505
61534072
61534816
61534920
61534825
61533905
61534209
61534017
61533676
61534785
61534925
61533339
66232779
71478580
77248531
82494142
87740337
92986873
98757718
104530142
109775193
115021689
120796886
126568134
131813694
137060194
142831070
148602798
153849081
159620446
165389648
170637257
176408718
181653361
187426662
192671417
61539687
61539582
61539696
61539712
61539654
61538499
61539515
61539628
61539812
61538507
61539038
61539091
61539137
61538737
61538659
61539878
61539437
61540087
61540127
61538894
61538593
66237907
70959148
76729372
81975289
87746918
92993502
98238614
104011046
109255550
115026781
120273806
126045254
131291094
137061189
142308470
148080750
153325838
159096237
164342302
170115422
175360014
181131638
186903798
192148438
61540305
61540159
61540843
61540937
61541218
61540022
61540256
61541139
61541185
61541444
61541498
61541454
61540899
61540694
61540696
61540910
61540822
61540793
61540681
61541620
61540091
66239454
71485164
77255315
82501041
87747356
92993852
98764617
104011484
109782809
115029585
120800833
126045633
131818049
137062753
142835497
148080284
153327396
159098969
164869329
170115860
175887257
181131876
186905217
192150100
61541887
61541740
61541459
61542366
61542412
61542540
61542593
61542675
61541432
61542448
61542539
61542710
61542750
61542888
61542125
61542318
61542131
61541888
61542926
61542948
61541529
66240631
71486668
77256611
82502396
87748740
92995087
98766244
104012559
109259564
114504983
119753108
124997812
130768971
136015172
141262244
146507855
152279460
157525423
163296905
168543209
174314788
179559388
185332721
190578761
196364029
61543837
61543955
61543862
61543144
61543443
61543286
61542886
61544491
61544253
61544220
61542987
61543505
61542963
61544187
61544292
61544514
61544452
61543278
61544665
61542920
66243416
70963344
76209056
81454704
86701128
92473024
97718272
102965024
108736496
114507632
119753536
125524680
130770979
136542176
141788128
147559576
152805616
158577224
163821867
169593904
174840880
180085624
185858808
191103539
196365438
61545344
61544023
61544962
61544561
61544918
61544675
61544323
61545427
61545559
61545644
61544462
61544622
61545603
61545684
61545812
61545903
61545835
61545253
61545005
61544381
66243770
71489884
76735489
81981093
87752842
92999426
98244597
104016898
109261533
115032764
120279581
125525485
131297954
136542613
141790850
147035698
152282733
158054266
163299341
168546522
174316965
180088354
185334685
191107242
196367179
61546831
61546987
61547015
61545865
61546473
61546147
61546110
61545787
61546984
61545952
61547048
61547188
61547359
61547407
61547312
61546416
61546184
61546060
61547831
61545881
66245307
71490956
77261107
82506833
87753228
92999516
98770337
104542761
109787884
115034452
120805457
126051492
131823841
137069785
142841289
148085897
153858889
159103593
164875193
170121732
175892753
181138849
186910937
192156049
61548215
61547744
61547674
61547149
61548296
61548369
61548534
61548560
61548524
61547436
61548497
61548527
61548591
61548682
61548765
61548707
61547910
61547827
61548190
61547960
61547237
66246423
71492730
76738042
82509455
87754687
93001271
98773103
104018815
109264303
115036759
120282327
126053919
131299527
136545359
142318239
147562767
152810167
158580415
163826271
169599439
174844071
180615671
185861999
191107999
196369920
61549767
61549773
61548975
61548962
61548635
61549934
61550007
61550143
61550137
61548912
61549320
61548965
61550120
61550209
61550388
61550318
61550350
61550373
61549784
61548842
66249218
70969256
76739437
81985376
87231304
93002196
98248693
103495368
108741141
114512237
119759240
125530757
130777589
136547941
141793765
146515133
151236477
156483669
162255141
168027093
173272045
178517493
184290957
189535608
195307245
61550707
61549985
61551347
61551468
61550265
61550532
61550351
61551490
61551587
61551707
61550474
61550933
61550986
61551183
61550983
61550618
61551786
61551243
61551960
61550380
66250935
71495485
76741306
82512527
87758778
93004359
98776234
104021759
109793178
115039911
120285458
126057050
131302722
136548490
142321370
147565898
152813247
158584490
163829314
169602570
174847295
180618874
185865287
191636882
196372933
61552657
61552958
61552832
61552703
61552898
61552916
61552060
61551700
61552970
61553134
61553267
61552024
61552349
61552389
61552754
61552624
61552296
61553343
61553593
61552144
66252437
71498263
76743186
81988722
87760337
93006929
98777793
104023161
109794817
115040353
120812913
126057577
131830057
137076001
142847505
148092313
153865937
159109809
164881409
170127676
175899265
181144140
186915913
192687665
61557942
61557258
61558575
61558603
61558731
61558840
61557741
61557437
61558784
61558991
61558950
61557827
61559186
61558228
61558306
61558306
61558263
61558383
61559405
61559403
61557636
66258099
71503898
76748762
81994335
87240271
93011222
98257668
103504463
108750327
114522508
119768292
125014031
130785294
136031036
141278223
147050628
152295932
157541695
163313236
168559524
174331060
179575927
185349124
190593844
196380250
61560121
61558979
61559784
61559918
61559581
61559652
61559391
61560373
61560513
61559250
61560410
61560558
61560635
61560616
61559351
61559649
61559513
61559330
61560519
61559253
66258491
71504094
77274376
82520423
87766335
93012890
98784938
104030442
108751522
113473850
118721527
123966143
129738743
134983519
140230674
146001135
151772447
157018599
162790023
168036287
173807951
179052687
184825839
190070647
195842151
61561383
61561720
61561891
61560851
61560587
61561785
61561764
61561862
61560731
61561426
61561293
61561213
61560893
61561938
61562051
61562088
61562404
61562313
61561080
61560765
66261208
71505712
77275951
82522925
87767744
93014613
98786501
104031813
109803469
115049933
120821485
126066501
131312941
137083325
142330389
148102069
153348080
159119629
164890061
170136328
175907917
181152455
185876653
191121397
196383334
61562951
61563068
61563096
61562363
61562462
61562369
61561934
61563094
61563226
61563303
61562054
61562454
61562233
61563337
61563005
61563924
61563417
61563471
61563680
61562223
66262557
71508037
76752717
81998706
87244591
93015593
98262047
103508770
108754570
114525719
119772714
125544103
130791007
136561295
141807455
147053074
152825983
158596343
163841282
169614199
174858903
180630503
185877026
191648511
196384680
61564392
61564442
61563217
61563660
61563903
61563831
61563402
61565111
61564790
61564174
61563895
61563965
61563543
61564834
61565076
61565110
61563885
61565242
61564005
61563655
66263824
71508713
76754411
82000083
87771667
93018395
98789347
104034715
109806371
115053147
120824395
126069067
131315910
137087555
142859059
148103659
153876659
159121707
164892891
170139299
175910795
181681187
187453283
192698115
61564489
61565807
61565913
61565891
61564854
61565988
61566085
61566130
61564854
61565606
61565430
61565748
61565492
61564990
61564985
61565033
61566375
61566515
61566431
61566565
61564977
66265392
70985461
75182413
80429087
85673991
91446007
96691231
101937933
107709495
112955058
118201778
123972306
129743559
134989530
140762111
146006706
151778367
157024578
162796007
168566804
173812674
179584215
184830874
190602327
196387616
61567262
61566010
61566837
61566677
61566970
61566594
61566245
61567455
61567801
61567774
61567696
61566514
61566914
61566765
61566581
61567821
61567219
61567936
61567968
61566396
66265629
71511717
77281748
82527402
87773797
93020285
98792239
104037594
109283549
115055895
120301573
126073055
131318994
137089100
142336538
146533077
152305727
157551567
162796279
168043709
173815239
179059911
184307914
190079111
195324053
61568010
61567492
61568895
61568917
61568890
61569100
61568090
61567807
61569085
61569209
61569337
61569521
61568093
61569509
61568530
61568685
61568690
61568581
61569381
61567895
66269228
71514219
76758696
82004267
87250707
93021442
98269136
103515760
108235944
113482387
119254968
124500840
129746459
135518064
140763843
146534242
151780763
157553040
162797675
168569674
173815747
179587200
184833491
190603986
196390537
61570235
61570395
61569420
61570371
61570505
61570684
61570673
61570666
61569839
61570066
61570082
61570063
61570088
61569650
61570652
61570800
61570979
61571040
61570975
61569471
66268732
71514294
77284533
82531486
87776374
93023129
98793750
104566246
109811297
115057593
120828870
126600526
131846353
137617718
142863673
148635262
153881134
159127249
164897366
170670622
175915561
181161209
186933390
192179233
61571121
61571127
61570786
61571757
61571848
61572078
61570845
61571079
61570885
61571986
61571815
61572211
61572302
61571061
61571402
61571477
61571877
61572386
61572460
61571913
61571031
66271429
71516023
76761929
82007476
87779281
93025849
98270969
104044153
109287969
114534577
120307185
125552209
130798625
136570297
141816049
146537337
152310281
157554817
163326537
168574081
174344441
179589257
185362353
190607088
196393545
61573324
61572030
61572470
61572422
61572668
61572233
61573508
61572377
61572874
61573438
61573621
61573753
61572461
61572642
61572637
61572474
61574232
61573900
61574025
61572212
66272781
71517239
76763143
82008623
87780551
93026999
98797927
104043311
108765847
113486639
118733578
124503822
129750711
134996823
140243983
146015167
151259767
156507015
162278639
167524847
173296439
178541015
184313142
189559407
194804999
61574742
61573851
61574254
61573950
61573614
61574830
61575171
61575470
61575154
61575169
61574065
61575089
61575237
61575534
61575413
61575590
61575401
61574639
61574454
61573945
66272960
71518945
77288976
82535172
87785564
93032124
98803217
104575369
109820492
115592505
120838108
126609721
131855324
137626913
143397267
148643340
154416073
159660740
165432425
171204321
176450233
181171457
186417996
192189481
61580874
61580059
61579990
61579688
61580827
61580859
61580955
61579993
61580152
61580059
61579840
61581713
61581126
61581356
61581388
61580176
61580818
61580599
61580898
61580617
61580053
66280272
71525083
76770459
82541923
87786819
93033464
98804331
104050931
109822544
115067863
120315920
125560592
129758072
135004056
140251072
146021848
151267488
157040272
162284976
168058104
173302920
179074360
184322032
190092320
195337016
61581453
61582114
61582305
61582409
61582580
61581384
61581538
61581482
61582522
61582646
61582782
61581552
61582813
61581714
61582170
61582026
61582050
61581831
61581546
61596372
61598638
66297935
71544083
77314834
82561281
87807332
93053572
98825756
104071637
109317205
115089602
120335178
126106842
131352357
137122756
142370029
148141498
153387354
159157812
164403818
170176858
175421461
181193146
186965234
192209938
61601457
61602385
61602657
61602896
61601614
61602133
61602424
61602208
61601800
61602995
61603384
61602100
61602487
61602258
61603651
61603724
61603860
61602627
61603387
61603267
61602551
65777086
71024223
76268567
82040119
87285007
92531538
98303655
103549439
108794895
114567335
119813095
125584543
130831447
136601735
141847543
147093599
151814631
156537215
161258423
165979839
170702863
175425119
180145087
185392719
191163177
196425152
61604918
61605081
61604143
61604370
61604247
61604983
61605064
61605192
61605296
61604042
61604442
61604547
61605455
61605495
61605443
61604347
61605430
61605031
61605631
61604285
66303369
71549394
77319575
82566522
87811754
93057850
98829802
104075394
109321349
115093826
120865074
126109882
131882362
137128234
142899738
148144338
153391637
159163210
164933570
170179978
175952258
181197074
186969386
192214074
61605464
61606665
61605915
61605982
61605611
61606763
61606962
61607082
61607194
61607058
61607076
61605902
61606206
61606070
61607051
61607207
61607426
61607456
61606664
61606733
61605996
66305055
71550856
76796659
82568056
86763759
92011488
97257917
102504565
107749040
113521445
118767133
124013168
129259875
135031365
140278445
145523155
151294645
156540968
162311023
167558472
173330077
178574712
184346839
189592680
194838717
61607062
61607525
61607490
61608253
61608366
61608469
61608493
61608601
61607428
61608460
61608573
61607415
61607753
61607913
61607857
61607457
61608668
61608808
61608834
61607370
66306894
71552348
76797944
82043747
87815617
93062201
98307392
104079724
109324716
114570907
120343588
125588260
130835041
136606620
141852508
147098376
152869944
157591225
162312640
168085721
173330321
178576160
184349577
189594195
194840107
61608523
61609312
61609339
61608677
61609829
61609993
61610110
61610112
61608957
61609975
61610147
61610315
61610267
61610414
61610192
61610267
61610505
61609232
61609554
61608977
65783300
71029445
76800958
82045459
87291392
93062431
98308848
103555615
108801335
114572939
119819386
125591035
130837824
136082491
141329567
146575287
152348363
157593163
162838743
168610655
173856907
179102282
184875704
190120455
195892075
61610487
61611788
61611472
61611635
61611540
61610375
61611694
61611680
61611669
61611684
61610588
61611612
61611701
61611829
61611963
61611868
61611287
61611380
61610996
61588378
67883294
74178368
81523660
88867937
96213289
103558220
110903145
118247121
125592201
132937556
140283009
147626204
154971440
162315352
170187089
177530072
184875875
192745036
61611190
61611411
61612513
61612669
61611449
61612049
61612099
61611579
61612667
61612822
61612871
61612924
61611785
61612185
61611803
61612891
61613031
61613210
61611977
61611947
66310778
73656964
80475862
87820148
95163684
102509185
109329020
115624608
121920393
128740036
136085148
143430513
150774840
158120256
165464568
173335668
180679140
188024609
195368931
61613888
61613948
61613993
61612846
61613870
61614141
61614165
61614247
61613692
61613428
61613612
61613425
61613033
61614641
61614333
61614541
61614581
61614473
61613428
62639853
68410369
75230051
82574066
89919212
97265844
104084091
111429070
118774355
126118499
133463603
140809164
148153131
156023035
163368511
170714255
178057236
185403147
193273111
61614372
61615195
61615423
61614190
61614710
61614977
61614753
61614229
61614709
61614797
61614469
61615594
61615734
61615819
61615902
61615858
61615002
61614724
61615769
61615277
66838021
74181904
81001746
88346085
95691322
103036088
110381032
117725383
125070696
132415854
139761230
147105056
154451563
161794763
169141704
176485792
183831736
191175976
61615528
61615877
61615848
61616627
61616810
61616865
61616872
61615776
61615592
61617296
61616905
61617071
61616022
61615955
61615963
61617067
61617172
61616121
61617384
61616387
64742320
71561944
78380531
85724664
93069785
100414180
107759012
115105313
122449556
129794228
137139689
143959339
151304513
158650052
165994281
173338745
180682927
188028833
195372953
61617830
61618115
61618286
61617141
61617332
61618172
61618269
61618555
61617301
61617540
61617724
61617695
61617346
61618514
61618124
61618774
61618763
61618799
61618039
62644722
68939239
76283437
83628923
90972507
98318507
105663147
113008216
119827495
127171975
134516999
141862295
149206527
156551922
164420626
171767600
179111744
186457744
193800616
61619327
61619584
61619731
61618729
61619049
61618843
61618379
61619921
61619906
61620032
61618740
61618790
61620052
61620168
61620192
61620054
61624390
61624270
61625337
61625477
61624099
63699928
68947048
74192872
79437767
84683655
89929952
95702251
100946728
106193386
111965787
117210816
122457351
127703015
132951056
138197811
143442687
149215176
154460608
159706154
165477760
170723960
175969832
181741432
186987760
192233746
61625644
61625702
61626387
61626695
61626735
61625755
61626624
61626847
61627014
61627011
61626988
61626305
61626129
61626388
61626060
61625660
61626871
61627035
61627190
61627171
65274964
71571704
76816047
82586488
87832572
94652688
101999437
108817821
116164005
122983220
130328325
137672885
145018197
152363492
159707477
167053253
174397620
181741644
189087460
196447846
61627505
61626451
61627162
61627029
61627042
61626874
61627725
61627975
61626838
61628037
61626978
61626944
61627952
61628194
61628220
61628099
61626917
61628277
61627226
64752003
71572018
78917655
86261443
93080822
100425641
107770222
115115662
122460734
129805979
137149761
144495086
152366302
159710376
167055014
174399129
181743234
189089346
196449535
61629048
61629275
61629240
61628232
61628525
61628229
61628053
61628613
61628399
61629489
61628307
61628906
61628730
61628658
61628584
61629528
61629668
61629860
61628512
62656466
68427129
75246737
82065001
89409753
96755769
104100705
110919865
118264577
125609425
132429729
140299584
147645841
154990497
162334697
169680481
177024625
184370553
191713873
61629632
61630504
61630630
61630863
61630781
61629554
61630645
61630801
61630934
61630979
61631163
61630405
61630245
61630285
61630053
61630941
61631073
61631316
61631276
61631181
64755054
71574842
78919370
86264279
93083370
100428215
107773055
115118111
121415151
128233615
135578743
142923983
150268095
157613767
164957975
172303495
179647895
186993423
194863527
61630950
61631297
61630931
61631883
61631972
61632100
61630867
61631019
61631992
61632207
61632260
61632423
61631376
61631624
61631680
61631520
61631192
61632288
61632546
62133901
67904330
75248563
82592237
89938554
97282954
104102338
111447250
118792394
126136586
133481842
140303706
147122290
154467554
162337506
169683290
177026194
184372402
191716546
61633034
61633189
61631964
61632043
61633059
61633158
61633232
61632101
61633525
61632461
61633593
61632237
61632621
61632720
61632989
61632722
61632402
61633490
61633681
61633860
64232996
71052815
78396620
85742351
93087119
99906106
107775479
114595815
121941055
129286183
136630671
143975687
151320127
158665687
166009823
173355450
181225143
188571015
196454784
61634652
61633462
61633766
61633918
61633454
61634678
61634810
61635018
61633770
61635135
61633954
61634876
61635142
61635262
61634013
61635306
61634407
61634503
61634623
64234807
70529738
77873462
84693292
92037988
99382791
106727636
114072780
121417855
128762436
136107127
142403220
149748604
157094164
164437092
171782764
179128220
186473020
193817324
61635891
61634607
61634885
61635314
61635199
61634668
61635900
61636040
61634962
61635306
61635002
61636111
61636355
61636328
61636628
61636398
61636381
61636574
61635247
61635260
66334228
73154689
80499041
87843225
95187937
102007676
109351825
116696753
124042065
131387161
138731265
146076697
153422281
161291961
168113201
175457345
182800273
190146489
196457330
61637207
61637273
61636357
61636568
61636469
61636069
61637485
61637326
61637599
61637647
61637612
61636320
61637521
61637429
61637584
61637681
61637777
61637758
61637801
62664471
68958262
75253342
82597494
89943176
97288160
104633131
111977968
119323176
126666080
134011240
141356568
148700984
156047496
163390784
170736248
178080283
185951896
193296136
61637183
61638758
61638434
61638573
61638574
61637603
61637939
61637523
61638518
61638650
61638727
61638751
61637628
61637934
61637630
61638726
61638974
61638973
61639077
61638089
66861281
73156252
79975839
87320252
94665969
102011385
109355529
116700601
124045705
131390809
138734977
146080265
153425825
160769921
166539940
172835956
180179833
187526105
194870164
61638852
61639652
61639896
61640093
61638563
61638766
61639731
61639903
61640058
61640149
61638916
61639321
61639374
61639420
61639193
61638913
61640271
61640360
61640501
62141337
67911700
74731520
82075637
89421552
96240690
103585586
110930298
118274610
125619647
132965991
140311466
147130623
154475191
161819322
169165482
176509234
183855373
191199346
61640085
61640245
61639653
61640845
61641001
61641308
61641114
61640018
61641050
61640753
61641200
61641326
61641413
61640794
61640410
61640891
61640280
61640261
61640645
61640762
64240765
70537375
77356818
84701074
92045858
99390562
106735514
114079186
121424410
128768450
136113621
143459061
151328970
158673354
166017453
173888874
181231706
188577650
196462659
61642252
61642449
61642477
61641584
61642034
61641450
61642330
61642558
61642796
61641547
61641765
61641550
61642654
61642743
61642914
61641587
61642441
61642108
61643160
63193248
69487912
76307576
83653296
90996544
97816896
105161808
112507000
119851912
127196056
134540952
141886264
149230472
156576312
163920344
171265824
178610163
186481808
193824864
61643663
61643720
61643643
61643845
61642954
61642754
61642650
61643834
61644033
61644145
61644109
61643317
61643471
61643263
61643234
61644337
61643045
61644321
61644345
61643079
61643285
61643130
64243578
70538825
77359433
84178075
91522822
98868627
105687891
113033054
120379118
127721882
134542731
141888019
149232006
156577515
163921734
171267750
178611571
185957518
193301758
61643992
61644037
61645482
61645187
61645117
61645268
61644457
61644377
61644409
61644073
61645161
61645309
61645378
61644247
61644553
61644337
61645428
61645088
61645675
61645749
66867950
72638367
79459159
85752874
92573130
99918130
107262794
114608874
121428487
128772799
136117655
143462935
150807170
158152586
165498039
172843666
180187882
185958943
193305026
61645255
61645025
61646185
61646480
61646533
61646569
61645532
61645809
61645681
61645222
61646382
61646683
61646658
61645535
61645876
61645609
61646582
61646679
61646968
61647051
66345947
73165281
80509700
87853812
94672836
102542819
109888324
117231993
124577161
131922132
139266825
146611964
154482993
161825889
169171804
177041617
184386641
191730657
61646298
61647902
61647586
61646730
61646807
61646314
61647861
61647846
61647878
61646645
61648026
61652639
61653824
61653171
61653990
61654014
61652781
61653474
61653098
61653410
64253348
71073089
77893679
84712290
92057146
99401778
106746586
114091829
121437029
129307733
136651877
143997309
151340237
158685602
166029973
173901157
181244413
188590520
196475115
61654795
61654980
61654892
61653828
61654036
61653628
61655252
61654936
61655091
61653807
61654017
61653839
61654964
61655247
61655160
61655379
61655228
61654423
61654612
64254393
70024875
76844675
84189365
89960008
97305909
104125000
111994455
119340925
126684997
134028895
141376317
148719701
156065245
163408389
170754005
178098181
185969717
193312717
61654771
61655839
61656193
61656166
61656436
61656356
61655304
61655670
61655352
61655232
61655091
61656187
61656254
61656433
61655157
61655608
61655619
61655565
61655261
61656429
65305001
72124777
79468873
86812971
93633137
100977932
108323252
115669060
122488495
129833764
137178100
144523076
151867220
159213881
166558180
173902620
181246940
189118404
196477514
61657129
61657152
61657261
61656693
61656669
61656311
61657367
61656439
61656650
61656834
61656575
61656183
61657343
61657526
61657726
61657635
61656453
61656743
61656573
62683359
68979476
75798284
83143684
90488105
97832913
105176636
112521828
119866961
127210871
134555924
141901444
149245567
157116801
164459604
171805425
179675425
187020095
194364452
61657630
61657833
61657685
61657549
61657872
61658027
61657789
61657368
61658600
61658740
61658817
61658900
61658915
61657862
61658776
61658546
61659074
61659148
61657800
61657754
66356689
73176320
80521477
87865779
94684912
102030294
109374328
115145875
122492024
129835880
137180080
144525416
151869472
159215368
166559467
173905219
181249323
189120816
196479905
61659012
61659823
61658544
61659144
61659141
61659005
61658461
61659888
61660039
61660092
61660022
61658832
61659254
61659083
61658840
61660131
61660236
61660391
61660487
63735899
70029752
76850597
83669573
91015101
98359821
105704717
113048493
120394765
127738909
135084013
142428229
149772509
157118160
164987773
172332621
179676477
187022432
194892445
61659843
61660003
61659538
61660792
61660292
61661038
61659689
61660287
61659868
61661072
61661045
61661275
61661336
61661449
61661362
61660376
61661274
61661363
61661601
61661625
64785105
70032221
75278077
80524042
85244565
89966160
95738258
100982832
106230746
111476173
116721954
121968957
127740373
132985954
138232173
143478949
149250461
154496434
159743538
165513877
170760098
176005970
181777541
187023898
192269797
61661144
61661514
61661647
61661625
61661188
61662730
61662643
61662739
61662712
61662676
61661615
61662655
61662811
61662990
61662979
61662927
61662474
61662247
61662151
61662340
63737344
70557434
76852530
83147581
90493373
97838117
105182983
112527911
119873031
127216453
134561303
141906890
149250562
156596146
164464863
171810658
179154850
187025223
194369631
61662817
61662876
61662451
61663496
61663787
61663617
61663884
61663873
61663968
61662749
61662565
61663797
61663929
61664022
61664147
61662966
61663557
61663589
61663426
61641620
67411091
73705828
80525537
87870116
95214556
102561361
109905452
116724676
124069804
131415001
138759145
146104356
153450017
160794092
168665641
176009804
183352692
190699625
61663722
61664622
61664701
61664931
61664955
61664864
61663630
61663713
61664889
61664970
61665119
61665206
61664019
61664390
61664617
61664315
61664046
61665126
61665317
61665386
62166560
67937076
74756604
82101602
88920701
96265559
103611639
110956639
117775133
125120602
132466511
139811727
147156050
154501447
161845655
169191375
176535503
183881447
191226562
61666243
61665282
61665301
61665504
61665039
61666781
61666390
61666692
61666626
61665306
61666394
61666668
61666721
61666804
61666666
61666119
61665719
61665810
61666282
61665959
64791589
71086845
77906144
84724822
92069547
98890931
105186619
112007032
119352176
126170763
133515795
140861032
148206072
155551907
162896000
170241768
177584710
184930531
192274910
61667516
61666611
61666468
61666204
61667516
61667562
61667594
61667660
61667012
61666996
61667113
61666710
61667700
61667832
61667858
61667847
61666716
61667068
61666908
61666593
65842267
72136306
78431095
85776663
92595767
99940423
107286599
114105746
121450735
128794932
136140084
143485423
150829572
158175295
165519431
172864972
180209351
187555122
194899394
61668094
61667494
61668613
61668686
61668121
61668881
61668701
61668345
61668110
61668022
61667846
61668782
61669024
61669203
61669184
61668384
61668038
61667910
61668998
61669138
66366728
72661639
79481529
86825500
94170468
101515516
108859940
116205100
123550052
130895340
138239476
146111268
153455924
160798924
168144804
175488879
183357556
190703916
61669207
61668922
61668996
61669708
61669856
61669909
61669918
61669062
61668846
61669862
61670002
61670202
61670094
61669598
61669406
61669401
61669052
61670619
61669671
61670533
64795473
71613931
78433107
85778827
93124427
99942459
107287667
114632651
120928462
127749259
134568651
141914011
149258155
156603507
163947603
171293555
178637651
185983502
193853275
61670388
61671155
61670370
61670762
61671255
61671338
61671506
61670634
61670738
61670479
61670095
61671421
61671577
61671552
61671852
61671706
61670546
61671578
61671769
61671969
66893961
73189969
80008833
87353817
94699473
101518009
108862585
116208473
123553873
130897648
137717273
145062825
152408521
159753489
167099329
174443473
181787545
189133513
196492610
61672473
61672489
61671947
61671893
61671677
61671116
61672399
61672506
61672720
61672744
61672580
61672655
61672717
61671454
61671916
61671689
61671374
61672796
61672987
63224191
69517893
76337770
83682034
91027928
97846714
105717485
113062386
120406314
127751733
135096826
142440954
149785082
157130746
164474618
171820514
179690482
187035517
194379333
61673487
61672629
61673000
61672864
61673608
61673831
61673876
61672686
61672883
61672827
61673784
61674018
61674103
61674143
61674099
61673595
61673542
61673424
61673489
61650565
67421204
74240636
81584492
88928828
96275556
103619532
109914188
117260332
124605564
131950636
138770132
144540940
151885980
159231524
166574460
173920012
181264260
189135996
196495093
61674837
61674925
61674009
61674069
61674083
61673781
61674725
61674975
61674980
61675004
61675175
61675105
61675243
61673965
61673768
61675088
61675548
61675394
61675396
63751021
69521300
76340164
83685612
91030332
98374948
105719932
113064900
120408860
127752940
135099340
142444596
149787572
157134356
164478468
171822972
179168340
186513012
193857180
61675926
61676038
61675972
61675339
61675306
61675170
61674685
61676207
61676407
61676248
61675387
61675294
61675064
61676546
61676535
61676567
61675283
61675616
61675459
61675347
65325277
72144743
79490084
86832990
93653263
101523732
108868692
116213644
123558820
130903972
138246852
145592132
152937684
160281919
168153420
175496252
183366244
190712332
61677306
61676269
61676391
61675905
61677217
61677367
61677581
61676260
61677563
61676446
61677539
61676349
61684198
61684212
61684332
61684436
61683131
61683773
61683432
61683701
64283995
70053899
76873491
84219139
91562571
98382803
105727755
113072635
120418971
127763171
135108243
142453603
149798635
157143331
162387891
169733739
177077819
184423747
191768299
61684125
61684886
61684991
61685306
61683934
61684264
61684086
61684312
61684176
61685200
61685442
61685650
61685551
61685421
61684984
61684720
61684976
61684827
61684397
61685520
64285024
71104749
78448728
85792741
93138072
100482552
107827536
115172413
122517416
130388221
137732437
145076912
152422336
159766373
167112117
174981997
182324789
189670816
196506561
61686365
61686342
61685366
61685779
61685635
61685184
61686883
61686626
61686730
61685403
61685782
61685595
61686568
61686759
61686938
61685723
61685734
61685758
61686760
63238271
69007416
75827120
82647102
89991707
97337686
104156833
111501625
118846798
126191323
133537374
140358091
146652009
153997515
161341438
168687243
176031838
183375550
190721931
61686652
61687734
61686453
61687171
61687133
61686599
61687722
61687956
61687931
61688021
61688138
61686927
61686620
61687873
61687964
61688002
61688181
61688307
61687039
61687618
63238221
69533497
76878772
83697769
91043348
98388068
105731600
112551996
118849260
125144252
131440276
137734028
144030580
149800697
156097036
163441241
170262337
176557193
183904356
190722969
61688109
61687723
61689075
61688376
61688357
61688413
61688288
61687808
61689005
61689188
61689308
61689318
61688072
61688400
61688315
61688187
61689312
61688988
61689457
61689569
63239536
69534811
76354340
83699974
90518742
97863561
105208350
112554502
119899622
127244598
134063353
141408438
148752921
156098126
163442230
170788041
178132182
185478022
192822321
61690163
61689199
61688962
61690101
61690276
61690412
61689106
61689629
61689517
61689810
61689514
61689106
61689895
61689871
61689719
61689319
61690530
61690089
61690857
61690795
64815905
71110263
78455060
85273767
92618652
99964476
107309412
114128500
121473719
128817844
136164188
143508219
150327892
157673380
165543468
172889116
180233260
187579188
194923396
61690644
61690766
61691491
61691727
61690277
61690994
61690874
61690930
61690834
61690391
61691559
61691672
61691819
61691923
61690559
61691032
61690853
61690546
61691807
61691264
66390070
72159982
79506241
86323729
93668577
101014489
108359473
115178657
123049577
130394609
137738753
145084137
152429625
159772873
167118489
174462441
181806585
189152457
196512890
61692744
61692824
61692868
61691947
61692219
61691907
61692795
61692994
61693076
61691822
61691915
61692998
61692557
61693186
61693319
61692022
61692414
61692670
61692833
63769065
70587649
77407017
83702265
90523465
97342536
105213193
112032272
119377409
126721696
134066832
141412064
148756184
156101801
162398033
169217856
177087817
184433745
191777953
61692904
61693767
61693930
61692740
61693044
61692908
61693873
61694013
61694192
61693010
61694383
61693503
61693457
61693604
61693417
61693097
61692985
61692945
61694249
61694650
65344149
71114757
77934013
84752759
92097429
99444205
106262508
113607349
120952661
128298029
135643861
142987149
150331327
157152303
164496660
171842191
179186268
186532085
193876260
61695055
61695129
61695249
61693943
61695347
61694039
61694202
61695226
61695366
61695502
61695491
61695562
61694736
61694552
61694842
61695267
61694802
61694474
61695621
61695078
65346157
71115173
77934061
85280504
92098819
99443400
106789592
114133328
121479656
128823840
136168944
143513026
150332699
157678187
165546890
172894632
180238776
187583872
194928152
61695649
61695493
61696336
61696409
61696596
61696577
61695395
61695854
61695595
61696611
61696700
61696855
61696887
61695662
61696321
61697042
61696870
61696967
61697044
61697135
65870177
72689902
80034059
87379480
94199672
99969648
107315520
114660456
121479875
128824480
136170296
143515752
150859000
158204144
165548376
172894056
179713723
187585264
194929504
61697120
61696954
61696645
61697999
61698086
61698190
61698128
61698033
61696980
61697961
61698152
61698280
61698368
61698201
61698241
61697369
61697345
61697951
61697655
61674751
67969813
74265038
81610048
88954384
96299792
103645480
110989584
117807968
125154456
131973619
139318304
146663088
154008768
161353216
168698595
176042736
183387691
191258536
61698478
61698445
61698133
61699007
61699267
61699245
61699293
61699121
61699217
61699354
61699535
61699431
61698147
61698526
61698339
61699363
61698812
61699639
61699714
61699695
63249752
70070323
76890059
83709073
91053683
98400059
105218387
112563651
119909739
127253811
134073104
141418555
148763867
156110243
162927771
170273395
178142154
183914723
190733984
61699091
61699410
61699190
61699581
61699445
61699088
61700197
61699792
61700384
61700649
61700473
61700610
61699434
61700466
61700590
61700755
61700809
61699525
61700898
61700250
63775457
69546046
76365756
83710169
91055961
98400617
105745529
112041289
118335177
125155913
132500796
139846265
147190481
154535804
161879980
169225801
176570284
183916172
191259908
61700912
61701255
61700512
61701635
61701740
61701836
61700595
61702078
61701107
61700776
61701931
61702004
61702271
61702311
61702144
61701470
61701464
61701715
61701432
61701016
64302736
71122483
77940395
85284912
92631011
99974715
107319771
114664539
122010675
129355752
136699947
143519416
150863816
158209048
165553640
172899144
180769019
188114963
195458280
61702663
61702869
61702836
61701832
61701725
61702749
61702889
61703009
61703057
61703136
61703084
61703284
61703201
61703157
61702552
61702224
61702464
61702960
61702469
61681722
66401245
73220655
80565988
87384492
94729607
102076751
108894423
116239663
123584444
130930700
138274884
145620244
152965788
160308724
167655644
174998548
182342748
189688652
196524349
61704131
61702935
61703369
61703477
61703093
61702837
61704061
61704252
61704439
61704385
61704421
61703421
61703141
61704309
61704390
61704604
61704665
61703309
61704061
63254530
69549676
76893956
83713700
91058740
98404300
105750100
112568468
119913572
127257708
133029156
139849804
147194007
154539596
161883812
169229815
176573588
183919519
191264095
61704744
61704460
61705296
61705363
61705606
61705622
61704368
61704661
61704365
61705541
61705732
61705793
61705948
61704600
61704933
61704936
61705264
61705269
61705125
61704717
64831084
71125116
77944327
85290031
92634668
99980276
107324324
114669236
121488762
128833092
136703676
144047876
151393308
158737524
166081596
173427951
180772077
188644028
195988372
61706431
61706512
61705321
61706475
61706674
61706719
61706802
61705510
61706891
61705659
61706675
61706843
61707023
61706907
61705931
61705683
61706859
61706999
61707119
61707100
65880343
72699887
79519402
86863479
93684055
101029623
107848663
115194991
122540895
129359439
136703439
144050167
151394263
158739751
166084847
172903911
180773879
188119751
194938250
61707098
61706775
61707754
61707894
61708070
61708094
61707978
61706836
61706420
61708047
61708182
61708157
61708197
61708229
61708295
61707791
61707564
61707503
61707439
61684768
67455448
74274728
81094576
88438656
95785168
102604395
109948520
117293496
124639896
131984672
139328288
146673216
152970864
160314904
167659824
175003851
182874368
190218312
61707966
61709095
61708324
61708268
61708143
61707756
61709607
61709240
61709320
61709352
61709367
61708492
61708116
61709276
61709424
61709552
61709707
61709624
61709784
61709604
64310804
70603964
77423230
83718810
90014263
97883300
105229452
112048919
119393935
126738151
134083316
141428444
148773004
156118132
163462244
170808332
178152388
185497948
192842391
61708869
61709106
61710108
61710328
61710453
61710316
61709519
61709588
61709849
61709505
61709169
61710401
61710659
61710795
61709748
61709815
61710164
61709908
61710039
61709796
64311391
70605182
77949092
84769086
92114084
99458422
106278819
113623660
120969244
128321772
135666900
143011020
150355164
157700596
165044748
172390980
179734523
187080582
194951444
61718164
61718297
61718498
61717906
61719002
61719142
61719401
61719420
61718112
61718512
61718245
61719269
61719358
61719478
61719590
61719630
61719680
61719112
61719059
61695844
67992267
74285715
80580819
87925091
95270415
102615417
109435161
116779921
124126394
130945606
138290247
145636387
152981871
160326033
166621164
173441359
180785331
188131002
196001068
61720237
61720233
61719323
61719058
61720735
61719252
61719284
61719036
61720340
61720472
61720621
61720683
61720613
61720628
61719564
61719956
61720346
61719999
61719599
62222912
67467650
74288298
81632525
88451080
95796533
103142485
109961352
117305805
124126528
131471581
138816909
146162277
153507693
160851853
168197677
175541821
182884941
190230557
196541798
61721517
61721467
61720533
61720679
61720330
61721482
61720801
61721635
61721849
61720608
61720885
61720749
61720509
61721813
61722012
61722081
61721909
61722153
61722257
62748725
68518459
75337706
82682214
90028054
97372640
104717560
112062512
119407672
126751592
134096976
141442304
148786448
156131992
163476104
170822680
178164786
184986016
192330427
61722600
61722808
61722827
61721823
61721607
61723320
61722921
61722998
61723065
61723169
61723069
61722573
61722304
61722544
61722461
61722653
61722349
61721869
61723248
61723396
64848378
71142349
78486592
85831722
92650978
99996650
107341637
114161973
119932130
126751634
134098090
140917674
148261762
155607234
162951802
170297282
177641413
184462642
190757738
61724080
61723093
61723194
61722642
61724082
61724053
61724221
61724283
61724387
61724304
61724311
61723500
61723188
61722983
61724252
61724435
61724504
61724493
61724605
61724548
63274571
70095289
76915004
83735665
90553633
97373864
104718684
112064617
118884211
126228384
133573480
140920009
148264300
155609716
162427904
169773832
177117976
184463848
191808417
61724421
61724418
61725124
61725355
61725451
61725453
61724199
61724452
61724172
61725340
61725523
61725651
61725640
61725680
61724447
61724847
61724948
61725060
61725244
61725915
63801405
69570754
76390485
83736051
90554794
97899515
105244843
112590355
119935771
126753978
134099306
141444730
149314547
156660107
164003379
171348707
178692946
186038746
193908859
61726331
61726470
61725583
61725823
61725657
61725388
61726476
61726573
61726773
61726725
61726593
61726903
61726749
61726810
61725671
61726993
61726241
61725649
61726817
61727108
65375196
72194860
79539285
86884560
93703436
101048085
108393341
115739213
122558524
129903636
137247901
144068557
151412725
158758284
166102421
173448196
180792340
188138092
195482692
61726778
61726774
61726489
61727644
61727808
61726698
61728046
61728040
61727855
61727828
61727116
61728036
61727279
61727239
61726940
61728036
61728176
61728398
61728285
61728521
61728448
61727261
64851989
71672007
79017215
86362119
93180570
100525082
108395815
115740791
123085919
130429783
137775167
145120479
152466039
159810111
167155951
174498783
181843159
189714711
196549232
61728968
61729052
61729183
61728428
61728388
61728572
61728188
61729127
61729275
61729454
61729486
61729459
61729423
61728575
61728316
61728132
61729591
61729547
61728487
62756197
68527582
75346474
82164749
89509709
96854234
104199170
111544269
118890613
125184381
132530733
139876789
146694448
154564437
161909821
169254397
176598629
183944429
191814445
61728969
61730356
61730268
61729137
61729171
61730179
61730419
61730442
61730546
61730578
61730657
61729907
61729587
61730011
61729699
61729371
61730555
61730687
61730751
61730855
64856707
71149804
78493924
85838247
93183156
100528753
107872369
115217401
122562889
129908889
137253089
144072668
151416788
159288033
166632281
173977889
181320827
188668761
196012129
61731139
61730658
61731578
61730645
61731101
61730928
61730693
61731637
61731777
61731905
61731988
61731901
61731080
61730821
61730717
61732397
61731966
61732102
61732273
61732297
66955563
73249217
80594729
87939044
95283785
102629329
109973449
117317177
124663505
132008641
139352793
146698209
154043665
161386561
168732785
176076689
183421081
190766689
61742015
61732798
61731993
61731929
61731441
61732732
61732829
61733008
61732922
61733052
61731833
61731801
61733084
61733129
61732252
61731913
61733009
61733098
61733234
61733338
63283283
69578364
76398084
83743609
90562348
97907401
105252049
112598137
119943401
127287473
134632649
141978033
149322177
156667593
163486212
170831804
178176004
186048377
193391561
61733874
61732818
61733127
61733911
61734013
61734082
61732870
61733160
61733019
61733984
61734183
61734324
61734284
61734316
61734331
61733611
61733651
61733603
61733259
61734414
64858327
71153722
77973002
85317269
92662005
100006954
107351874
114696786
122041866
129387010
137255505
144602189
151945237
159291906
166636125
173981741
181324650
188670605
196555526
61735438
61735518
61734580
61734692
61734687
61734236
61735911
61735579
61735664
61734490
61734698
61734530
61735682
61735858
61735784
61736054
61736022
61735978
61735466
63810546
70631541
77450858
84269401
90040381
96860621
104205477
111550461
118895890
126239853
133584826
140931490
148274413
155095461
161390453
168737301
176081373
183425541
190245490
196556803
61736534
61735250
61735743
61735868
61735740
61735412
61736492
61736667
61736803
61736843
61736807
61735711
61736692
61736934
61736990
61737086
61735751
61736444
61736311
64337301
70107650
76927386
83746228
91090961
98435825
105781617
113126425
120471593
127815793
135160937
142505121
149849457
157194641
164538860
171884900
179755345
187099633
194443441
61737604
61736689
61736786
61736496
61736549
61736677
61737294
61737304
61737147
61736608
61737907
61737996
61738065
61738097
61738104
61737256
61737027
61738080
61738227
61738268
65911386
72730746
80074847
87420383
94239386
101584359
108929015
116274087
123619119
130964367
138308391
145653754
152999218
160343338
167689082
175557769
182903175
190247847
196559032
61738908
61739022
61738224
61738168
61737696
61739053
61738094
61739065
61739177
61739192
61738053
61737848
61739101
61739241
61739398
61739733
61739245
61739757
61739417
63289634
69585627
76404123
83749835
91094395
98437803
103684622
111030563
118375659
125719899
133063835
140409254
147753478
155625427
162968867
170314507
177657483
185003411
191823086
61739855
61740250
61740276
61739352
61738885
61740237
61740249
61740382
61740457
61740552
61739531
61739947
61739664
61739200
61740491
61740572
61740780
61740783
61739491
61740736
65390313
72210015
79028730
86372642
93718655
100537559
108408295
115227559
122572727
129917759
137261751
144607567
151951223
159296903
166641079
173986687
181331311
188677079
196561712
61741445
61740244
61740766
61740886
61740630
61740320
61741416
61740832
61740952
61741144
61740832
61740563
61741608
61741807
61741943
61741873
61740742
61741075
61740808
62767485
69062537
75882201
83227708
90046689
97391337
104736441
112082321
119427436
126771652
134116753
141462081
148806153
156150457
163495881
170841625
178185753
185005753
191302081
61741319
61742856
61742124
61741705
61742641
61742309
61743011
61743000
61741708
61742065
61741697
61742916
61742373
61743205
61743280
61743121
61742553
61742385
61742401
61742081
63817841
70638837
77457165
84276719
91621357
98967333
105786604
113131637
119953197
126248261
133067893
140414205
147758317
154577916
160348333
166118781
172415317
178711549
185531628
192876012
61744052
61743188
61742716
61743961
61744029
61744216
61744261
61744161
61743313
61743188
61743580
61743524
61743289
61743025
61744257
61744397
61744576
61744549
61744572
61743585
65394021
71687796
79033354
86377354
93196489
100542370
107887282
115230929
122051882
128871337
136216313
143562002
150905770
158252498
165595377
172416521
180286482
187632482
194976690
61745084
61744191
61744505
61744363
61743955
61745603
61745295
61745348
61745449
61745300
61745332
61745452
61745564
61745550
61744710
61744510
61745483
61745542
61745509
61744397
65395213
72214973
79033228
86377709
93723589
101068261
108413101
115758965
122577463
129922636
137266780
144612461
151956165
159301645
166646380
173991460
181861597
189206229
196566571
61746385
61746475
61746593
61746521
61745889
61745886
61745793
61745414
61746518
61746666
61746799
61747005
61745585
61746993
61745993
61745734
61746766
61746957
61747157
61745662
61745694
65921148
71165915
76412932
81658604
86904604
92150319
97396356
102642908
107364324
112610649
117856660
123103460
128349284
134121900
139367740
144613604
150385108
155632372
160878236
166648532
171895972
177141852
182912204
188158612
193404532
61747633
61748118
61748066
61746914
61747927
61748059
61748144
61747013
61747338
61747522
61747415
61746994
61748199
61747648
61748344
61748448
61747223
61747535
61747407
61748431
65922445
72742243
79561051
86904679
93725072
101078176
108424320
115769355
123114411
130459587
137803731
144623312
151444107
158789523
166133731
173479507
180823651
188169523
195513664
61756678
61756286
61756470
61757035
61756870
61756414
61757646
61757786
61757914
61757959
61758076
61756798
61756670
61758318
61758018
61758165
61758159
61756854
61757590
61735647
68031021
73800105
80619902
87963961
95308758
102654165
109473889
116818865
124163921
131509166
138854465
146199849
153545265
160363782
167709377
175579393
182397745
189743609
196579378
61758828
61758999
61759019
61758013
61758450
61758175
61757791
61759018
61759150
61759350
61759369
61759215
61758311
61758007
61759183
61758734
61759371
61759518
61759558
63835179
70129235
76948646
84293276
90063926
96884159
104230407
111049430
118394052
125739999
132559318
139904611
147248812
154595623
161939695
168759547
176103790
183975479
191319660
61760368
61759226
61759415
61759308
61760065
61760221
61760317
61759092
61759124
61760374
61759150
61760222
61759687
61760565
61760391
61760366
61760549
61760706
61760746
61760681
64361083
70130201
76950225
84295430
91114280
98459141
105805278
113150086
120495254
127839526
135184598
142529886
149874158
157219614
164562518
171909486
179253670
186073805
193942453
61761153
61761517
61760174
61760443
61760528
61760560
61760584
61760971
61760816
61760915
61761094
61760659
61760288
61761622
61761036
61761868
61761930
61761975
61761867
61760720
65935845
72755376
80099824
86918296
94263149
101607725
108952685
116297645
123643973
130989069
138333304
145678664
153022912
160367125
167714064
175057168
182401117
189747280
196582710
61762418
61762718
61762703
61761817
61762001
61761839
61762609
61762674
61762955
61763000
61762849
61761801
61762785
61762336
61763029
61763069
61761844
61763217
61762369
64363412
70132743
77478148
84296844
91641559
98986031
106332172
113152540
119447388
126267050
134136598
140957439
148301775
155647335
162991511
170336900
177157767
184502390
191322159
61762845
61762428
61763883
61764004
61763905
61763070
61762696
61763784
61763991
61764135
61764188
61763184
61763080
61763531
61763352
61763008
61764088
61764330
61764233
61764439
64887937
71183364
78528392
85346852
92691831
100037733
107382664
114727576
121546855
128891364
136236128
143581580
150925704
158272360
165616528
172961104
180305176
187651092
194995332
61764579
61763821
61765445
61765144
61765240
61764058
61764321
61763801
61764105
61765464
61765467
61765337
61764497
61764265
61764017
61765380
61765461
61765648
61765688
61764698
61075462
Peak: 196593336
Average: 95235301.69806094
