0
77921
78017
78049
78081
78145
78177
78209
78217
78337
78369
78401
78693
78465
78757
78529
78561
78657
78665
78721
78753
78785
78793
78849
78881
78953
79009
79041
79073
79081
79137
79169
79201
79273
79305
79337
79369
79507
79508
79749
79603
79700
79732
79795
79721
79828
79860
79841
79924
79987
79913
80020
80001
80129
80137
80275
80225
80233
80289
80297
80329
80361
80393
80531
80532
80660
80641
80649
80756
80737
80769
80777
80833
80947
81157
80929
80937
81097
81129
81161
81193
81225
81541
81313
81321
81428
81385
81441
81524
81481
81588
81545
81577
81737
81844
81491
Peak: 82572
Average: 79064.71875
