0
216019
279519
566549
983452
1692709
2274509
2702965
3133291
3717203
4001040
4712698
5616698
5797996
6294915
6794277
7264249
7514021
8101103
8483189
8999656
9165883
9502133
9722886
10059740
10829459
11267523
11846693
12564662
12916877
13223261
13721888
14498731
14891593
15536129
15929784
16513093
16669904
16802742
17128619
17308322
17612741
17926510
18087997
18197252
18430745
19227112
19556895
19774847
19831481
19834913
20113010
20276107
20496095
20869530
21276350
21506493
22103394
22579776
23306932
23548455
23941508
24248344
24554196
24554700
24679867
24824241
25042160
25257664
25598791
25968204
26285911
26781336
27188714
27759091
28447664
29309041
29884898
30066577
30071665
30074937
30089904
30100431
30119616
30693940
31362218
31627565
31951279
32120610
32414540
32498875
32559680
32617316
32759519
32758167
32972716
33466263
34474344
33998119
34484589
34699618
34783956
34826830
34798349
34880610
35185450
35293735
35915763
36015075
36414960
36891638
36947578
37127855
37247026
37668612
38091404
38517216
38517295
38517316
38517430
38379646
38831225
39031771
39239271
39290798
43289495
43306591
43572808
43640625
44187412
44246571
44322793
44380764
44429064
44485398
44551471
44596446
44651474
44715297
44772642
44767968
45004135
45215710
45302338
45756244
45950730
46205596
46788251
46940173
46986553
47182247
47272211
47342249
47569045
47649243
47766598
48084131
48219551
48461935
48666198
48743320
48899017
49198032
49309236
49316071
49317794
49321520
49323561
49327100
49329651
49561356
49563619
49479942
49617298
49740731
49828215
50014263
50260608
50361063
50443090
50466186
50479802
50512178
50541110
50612690
50600850
50819885
50875058
50964985
51178067
51505872
51646520
51946643
52204586
52604295
52651495
52996379
53048632
53785336
54420104
54624740
54695879
54778074
54768467
54915207
54968697
55073207
55141691
55293571
55204335
55645459
55939978
56054204
56142329
56599853
57019295
57087050
57080416
57466416
57566204
59053245
57831734
57957776
57979342
58161798
58247458
58443787
58462698
58594130
58679247
59032532
59774873
59945633
60034593
60109089
60163345
60210577
60395523
60432395
61006143
61937909
60999132
61044502
61062127
61083264
61100084
61120216
61139587
61156383
61176739
61192837
61211612
61228056
61248001
61262926
61283472
61299704
61320284
61336144
61356792
61373003
61387527
61406723
61422391
61440645
61457237
61475663
61490442
61510874
61526545
61544887
61559684
61581018
61596072
61614196
61628991
61650002
61664460
61682629
61697143
61715087
61735368
61750176
61767851
61782490
61800376
61821035
61836146
61854351
61871558
61886321
61904150
61922886
61940844
61955383
61973278
61987697
62003545
62026337
62040729
62058807
62073335
62089060
62107024
62122731
62137286
62160628
62175020
62190839
62209166
62223608
62239235
62255964
62271873
62294537
62309396
62327217
62341681
63482769
60947030
60953503
60956688
60957364
60957755
60958627
60958984
60959681
60959541
60959093
60959760
60960023
60959953
60958905
60959946
60960348
60875851
60892367
60908579
60923895
60939229
60955451
60971787
60987984
61005104
61023041
61039496
61055297
61071734
61087761
61103389
61119259
61136553
61154505
61172242
61186945
61202193
61222249
61237946
61252625
61270217
61288218
61303514
61321819
61336178
61351810
61366416
61384637
61402675
61418328
61432691
61451523
61469526
61483968
61499996
61515274
61534286
61552323
61567930
61581301
61597230
61613790
61633374
61645510
61661141
61673164
61689957
61704356
61724301
61740161
61756829
61771156
61786593
61802809
61817953
61838577
61854137
61872205
61887884
61903565
61917892
61933401
61951465
61970681
61986049
62002065
62017432
62034322
62051236
62066948
62082526
62104439
62119933
62135605
62149987
63289975
60963834
60963487
60964298
60963495
60964303
60964158
60964166
60965273
60964312
60965177
60964441
60963838
60965353
60965639
60965227
60965588
60886124
60902589
60918141
60936297
60952409
60968617
60983841
61000313
61014424
61032489
61049153
61065937
61081593
61098569
61113089
61130510
61146064
61161696
61179344
61197268
61213069
61230505
61244913
61260596
61278356
61296501
61312652
61330653
61344857
61362980
61378773
61397028
61412749
61427076
61442777
61461340
61479452
61495205
61510700
61526469
61545420
61561213
61576780
61592525
61608020
61627629
61643284
61658940
61673332
61688833
61704841
61724353
61740105
61758173
61773877
61788149
61805117
61820780
61841229
61856572
61872565
61888084
61903941
61918268
61933953
61950796
61971821
61987460
62003157
62016228
62031961
62047665
62063345
62078908
62096417
62116340
62131972
62147761
63294772
60969399
60968563
60969240
60969176
60969374
60969171
60969553
60970227
60969409
60970276
60970251
60969518
60970982
60971208
60971029
60971245
60892804
60907476
60923124
60939836
60957298
60973565
60989988
61006437
61020674
61036244
61052938
61069780
61087741
61104723
61120492
61137547
61153268
61167667
61184928
61200752
61218715
61236427
61251936
61267756
61285147
61301016
61315608
61333266
61350203
61365947
61380675
61398560
61414196
61429883
61447955
61466820
61482387
61498108
61512435
61527944
61549588
61565227
61579708
61595344
61611963
61632900
61647363
61662808
61678392
61696587
61712380
61732064
61747835
61762221
61777728
61793386
61809074
61824634
61847595
61863258
61878907
61893306
61909066
61924698
61940218
61958427
61978130
61994458
62012467
62028130
62042587
62058282
62073952
62091804
62113723
62128178
62146122
62160579
63299243
60973221
60972837
60973320
60972991
60974037
60973122
60974053
60974888
60974560
60974969
60975052
60974771
60975565
60973736
60973264
60973824
60893055
60907975
60925751
60941791
60957663
60973943
60990271
61004273
61019977
61036858
61053327
61069031
61085671
61101823
61118145
61136231
61153552
61169328
61186739
61199808
61215794
61233346
61248978
61264410
61282309
61297941
61313938
61331874
61347362
61362994
61378405
61397965
61413653
61429285
61444917
61463645
61479342
61494861
61510517
61526221
61545309
61560941
61576726
61592293
61607925
61623509
61642981
61658685
61674245
61689901
61705533
61721165
61740413
61755123
61770690
61786322
61801986
61817762
61833197
61854974
61870525
61886181
61901813
61917373
61933005
61948709
61964341
61985349
62000981
62016565
62032197
62047829
62062237
62077869
62094837
62116613
62132317
62147949
62163646
63303405
60977571
60978342
60977910
60978275
60978619
60978732
60978387
60978887
60978799
60978863
60978844
60978946
60979045
60978797
60978925
60978893
60896063
60913172
60926633
60942830
60958520
60974977
60991128
61007736
61023376
61039808
61056544
61072166
61088758
61105854
61120670
61134788
61150814
61166732
61186260
61201988
61213948
61230492
61248364
61264068
61281740
61297396
61311788
61328825
61346796
61362420
61377972
61396388
61412044
61427676
61443308
61458988
61477692
61493252
61508956
61524612
61540268
61558116
61575004
61589468
61606252
61621628
61641100
61657924
61673284
61687972
61703628
61719284
61739484
61754700
61770340
61786340
61801692
61817348
61834332
61854764
61870444
61886028
61900492
61916500
61931908
61949780
61965508
61986516
62002172
62017892
62033524
62047916
62063484
62079332
62094764
62116588
62133348
62148076
62163780
63308244
60982497
60983278
60982594
60983031
60983357
60981872
60983277
60983676
60983216
60983684
60982192
60983716
60983721
60983764
60983834
60983855
60901354
60917417
60930958
60946990
60965142
60981397
60997781
61013013
61029613
61045261
61061836
61077414
61094414
61113695
61129388
61143852
61161262
61176534
61194204
61209828
61225382
61245381
61259813
61274317
61291989
61307621
61323277
61338780
61356869
61372501
61388157
61406477
61422181
61437813
61453485
61472173
61487893
61503453
61519109
61534741
61553605
61569461
61583901
61599677
61615141
61630821
61650485
61665932
61684893
61700597
61715333
61730741
61750685
61768501
61784229
61799885
61814429
61829925
61845773
61864813
61878485
61894941
61910669
61925405
61940645
61958717
61978557
61994309
62012213
62026677
62042453
62057828
62076037
62090429
62106357
62127877
62143797
62159124
62177261
63312357
60986356
60986145
60986867
60986658
60986735
60987725
60986944
60986464
60987812
60988235
60986575
60988149
60988344
60988248
60988277
60988538
60907370
60920885
60936725
60955115
60969954
60984979
61001307
61020110
61035800
61049883
61068950
61084640
61101431
61118406
61132816
61148692
61165816
61183745
61199070
61214270
61229966
61247686
61262177
61277782
61293214
61306312
61323191
61338822
61355518
61372414
61386814
61405144
61422041
61437686
61453304
61468966
61487777
61503358
61518982
61533374
61548942
61568195
61586094
61601809
61617470
61633102
61652696
61668324
61683915
61699611
61713933
61729635
61749691
61765053
61780923
61796502
61812275
61827717
61845755
61866245
61880657
61896339
61914275
61930091
61946699
61962356
61978739
62000326
62014755
62030424
62048315
62062779
62080779
62095589
62113288
62135115
62149443
62167558
62183219
63317029
60990855
60990673
60991977
60992281
60992388
60992337
60992463
60992591
60992672
60992611
60992648
60991701
60992666
60992439
60992554
60992417
60909394
60923012
60939176
60957425
60973401
60989486
61006001
61022401
61036865
61054584
61071249
61085865
61102326
61117995
61137446
61152254
61169404
61187351
61204805
61219046
61234977
61252625
61268183
61283668
61301780
61318404
61334036
61349458
61366173
61379565
61394228
61412482
61428300
61443940
61459511
61480540
61496317
61510709
61526396
61544341
61563442
61577885
61593676
61609244
61627173
61637900
61658736
61674397
61688730
61704682
61720052
61738093
61757962
61772340
61787940
61806120
61821706
61836076
61851903
61874648
61889010
61904572
61920332
61938429
61953988
61968300
61989540
62005183
62023269
62038939
62053355
62068876
62084564
62102629
62118298
62140165
62154412
62170268
62185869
63320932
60994578
60994215
60995127
60994409
60995150
60995010
60994876
60995801
60995036
60995860
60996055
60994754
60996150
60994694
60996078
60996359
60914009
60931174
60946987
60961621
60977565
60993805
61010533
61026661
61041126
61055405
61072005
61087525
61106825
61122524
61138459
61153979
61171025
61189146
61206573
61222195
61236851
61254333
61269989
61286685
61303547
61319029
61334584
61353574
61370533
61385269
61401868
61417806
61433379
61447763
61463333
61478963
61497667
61513565
61529141
61544581
61566174
61581821
61597459
61613123
61627765
61643187
61665044
61680677
61695341
61710893
61726549
61744510
61764357
61778811
61794491
61812480
61828045
61843773
61858509
61878981
61894469
61912283
61928046
61942709
61957971
61973853
61997100
62009267
62023869
62039361
62057292
62071755
62087411
62103163
62121132
62142915
62157747
62172939
62188859
63324996
60998840
60998499
60998909
60998565
60999312
60999368
60999544
61000427
60999544
61000376
60999795
61000278
60999958
61000452
60999662
61000430
60922378
60935904
60948952
60967361
60983415
60999558
61014769
61032390
61047083
61063398
61080020
61098106
61114954
61130677
61148690
61165930
61180252
61198418
61215941
61231485
61246364
61263548
61281557
61297261
61313724
61329439
61347517
61365517
61380183
61395511
61413565
61429581
61443932
61456148
61472748
61489221
61507173
61522829
61538468
61552839
61572079
61587879
61605685
61621421
61635735
61653805
61672052
61687671
61707021
61722733
61737111
61755205
61773901
61789823
61807549
61822021
61837791
61855693
61874900
61892965
61907445
61923020
61941157
61955487
61973508
61989229
62009399
62025869
62041508
62055965
62071735
62089757
62105413
62119919
62141527
62157100
62175236
62190604
63329646
61003557
61003379
61003854
61003438
61003885
61003501
61003866
61003568
61004008
61003530
61004558
61005358
61005543
61005449
61005561
61005529
60924710
60939296
60952816
60971107
60987140
61002108
61018320
61034843
61050600
61069556
61086220
61100612
61117136
61134400
61149744
61168095
61185220
61200628
61218308
61233996
61248699
61266396
61281499
61297216
61315086
61330747
61348699
61366699
61381291
61397866
61413700
61431979
61447700
61463356
61478940
61497651
61512172
61524164
61541036
61555363
61574796
61590348
61605963
61621264
61639524
61655228
61674740
61689115
61704772
61720340
61738404
61753992
61772601
61788288
61802755
61816048
61831676
61847312
61865308
61883331
61901403
61917100
61931297
61946888
61965083
61980852
62001860
62016401
62031696
62047537
62063265
62080003
62094681
62110096
62128180
62150052
62165643
62181364
62196924
63333285
61006786
61006543
61007394
61006527
61007278
61007145
61007393
61007246
61007404
61007332
61007484
61007284
61007593
61008249
61007641
61008404
60929061
60942624
60959432
60975333
60991319
61006367
61024072
61039530
61055271
61071543
61088074
61106102
61122815
61138623
61154213
61170295
61187495
61203448
61219509
61236161
61251759
61269376
61284981
61300669
61317199
61332957
61348706
61368818
61384477
61398855
61414615
61433320
61448391
61466538
61482199
61500909
61515559
61530783
61547503
61559647
61578903
61594909
61610301
61625823
61643821
61659453
61678983
61694653
61709128
61724823
61742703
61758407
61778269
61792927
61808655
61824186
61839527
61857735
61873399
61893912
61908511
61923997
61940630
61957605
61973254
61988893
62009976
62025583
62040055
62055983
62071581
62089416
62105047
62119415
62135199
62159280
62173712
62188175
62203759
63337647
61011454
61011244
61012159
61011801
61012001
61012753
61011721
61012807
61013052
61011616
61012842
61011589
61013080
61013455
61012955
61013383
60932472
60948745
60964079
60980047
60996200
61012432
61028809
61045129
61060910
61077444
61094108
61108591
61125727
61142428
61160308
61176167
61192974
61207764
61225127
61240791
61256754
61273914
61289810
61307723
61325523
61339850
61355778
61373586
61389194
61404898
61422706
61439810
61456770
61472539
61488099
61506762
61522418
61536947
61553843
61568275
61583586
61596842
61613739
61629306
61646178
61661995
61681419
61697123
61711306
61727218
61745259
61760898
61779786
61795266
61810946
61828915
61844619
61859050
61874626
61895154
61913123
61928762
61944394
61958979
61976810
61992514
62012691
62028034
62045986
62061771
62076547
62091874
62109819
62125523
62139970
62162819
62179763
62194114
63341202
61014973
61014827
61015643
61015338
61015581
61016376
61015509
61016213
61016552
61015123
61016464
61016740
61015423
61016941
61016965
61016986
60937063
60951784
60966056
60980872
60996857
61009792
61028793
61044468
61061023
61077478
61094207
61109774
61126575
61140974
61157929
61173609
61190822
61206910
61223782
61239678
61255078
61272918
61290791
61305135
61324150
61339943
61355510
61371135
61389102
61404799
61420366
61438751
61454342
61469991
61485630
61500294
61519758
61534718
61550438
61565662
61584942
61602887
61618543
61632110
61644926
61661959
61681390
61697039
61712695
61728399
61743894
61759751
61779542
61795239
61810830
61826527
61842118
61857767
61873358
61893927
61909518
61925167
61938334
61954031
61969670
61985071
62000958
62021959
62037598
62053295
62067622
62083174
62098902
62114750
62130286
62154454
62170151
62184622
62200478
63346149
61020073
61019782
61020542
61020323
61020585
61021280
61020240
61021355
61020251
61021478
61020856
61021307
61020678
61021406
61020669
61021437
60939300
60956949
60972314
60987178
61004339
61018090
61034418
61051154
61066696
61083449
61099984
61115888
61132416
61147976
61164968
61180616
61197840
61213696
61230864
61246712
61262184
61279841
61296408
61311096
61326440
61343264
61356480
61372112
61390048
61405817
61421449
61440944
61456600
61472208
61487912
61502456
61522336
61538073
61553624
61567136
61582833
61601608
61617240
61632800
61648472
61665424
61681273
61698168
61713824
61729456
61745160
61759752
61779704
61795184
61813129
61828833
61843016
61858744
61874416
61894896
61912952
61928656
61942976
61961153
61976704
61992496
62006816
62030329
62045968
62060312
62078456
62093816
62109696
62124160
62139792
62164008
62178744
62193960
62212104
63349593
61023190
61022988
61023766
61024711
61024826
61024716
61024769
61023705
61024804
61025435
61023785
61024560
61024962
61024675
61024841
61024720
60941531
60957283
60970923
60989121
61004770
61021260
61037695
61054025
61069767
61086251
61102931
61118523
61135444
61151076
61167947
61183635
61198675
61214235
61233508
61249003
61264771
61282051
61298035
61313742
61331355
61346995
61362743
61378083
61396043
61412115
61427675
61445926
61462667
61478364
61493700
61509563
61528267
61543990
61558382
61574078
61594243
61610004
61625636
61639963
61656803
61672499
61689563
61702779
61716006
61732883
61748580
61762980
61778539
61799635
61815299
61829683
61845251
61861134
61876723
61896964
61915107
61930804
61946396
61961835
61977707
61992163
62007723
62028990
62044579
62060027
62078099
62093803
62109444
62123847
62140667
62162574
62178134
62193803
62209443
63354132
61027939
61027677
61028421
61028227
61028491
61028296
61028560
61029395
61028808
61029315
61028694
61028166
61029627
61029807
61029577
61030010
60947704
60962068
60977965
60993853
61009932
61026029
61042797
61058989
61074613
61087541
61103156
61118516
61137856
61153437
61170512
61186165
61203333
61218885
61236304
61251997
61266493
61284389
61299660
61315460
61333020
61348604
61364303
61379980
61400357
61415989
61431685
61450029
61464429
61480085
61495797
61512516
61530148
61545775
61563789
61578325
61598613
61614237
61629821
61643429
61658653
61674309
61693900
61709564
61727509
61740861
61753964
61769613
61789588
61805228
61820932
61836493
61852228
61867748
61883950
61904007
61921893
61937629
61953189
61968909
61984541
62000181
62010965
62030821
62041533
62054085
62068069
62080189
62095821
62111485
62126071
62141933
62157637
62179029
62194957
62210261
63357421
61031253
61031107
61031837
61031691
61031704
61032512
61032155
61032453
61031717
61031328
61032771
61032894
61032621
61033025
61031555
61033113
60952134
60968069
60981424
60997189
61013353
61029437
61046192
61062533
61078217
61095277
61112365
61128019
61144868
61159195
61176523
61191763
61209020
61224779
61242139
61257795
61273590
61291068
61307964
61323596
61340100
61356996
61372332
61389324
61405300
61420924
61437484
61455804
61471460
61485916
61502724
61521156
61537108
61552756
61568412
61584140
61603180
61618908
61634492
61650148
61665876
61681436
61701068
61715388
61732372
61747988
61762396
61775588
61796756
61814436
61830068
61845724
61860116
61875868
61891260
61910796
61926356
61941988
61957620
61971940
61987852
62003500
62021484
62042444
62056836
62072780
62090660
62106292
62120564
62136203
62154412
62176140
62190724
62208676
62223068
63363034
61036717
61036550
61037446
61037200
61037354
61038090
61037295
61038012
61037247
61038216
61038389
61037009
61038355
61038666
61038428
61038746
60957288
60970925
60986526
61004906
61020826
61034817
61051042
61067442
61083074
61099715
61117703
61133345
61150070
61165630
61182630
61198351
61215526
61231158
61248655
61264279
61279910
61297454
61310720
61323736
61342808
61358544
61373036
61388526
61406836
61422304
61440196
61458534
61474284
61489912
61504376
61521150
61538696
61554496
61570008
61588038
61607224
61622864
61637374
61653112
61670991
61686670
61703686
61719774
61735254
61750766
61766566
61782009
61801814
61816422
61833279
61848870
61863678
61878918
61894670
61914985
61933094
61948863
61963310
61981190
61996959
62011622
62032414
62050383
62066022
62080502
62096366
62111918
62129726
62145358
62160255
62181550
62197374
62212889
62228638
63366215
61039774
61040033
61039671
61041272
61041438
61041293
61041301
61041339
61041454
61041426
61041411
61041159
61041553
61041266
61041628
61041405
60960283
60973788
60989551
61005532
61020100
61038780
61055179
61071564
61087211
61103884
61119236
61136132
61151676
61167515
61184347
61199851
61219438
61235156
61252483
61266923
61282779
61302558
61317923
61333908
61351676
61366100
61381963
61399619
61415302
61433404
61449111
61467452
61483084
61497691
61512995
61531851
61547478
61565567
61581155
61596787
61614987
61630219
61645923
61660419
61671244
61684556
61701635
61717428
61735351
61750867
61766571
61781027
61801235
61816595
61832403
61847887
61863452
61879166
61894516
61913939
61929843
61945126
61960987
61976635
61994663
62010324
62025963
62047068
62062716
62076979
62092820
62110815
62126403
62140995
62156363
62178323
62196254
62211980
62227587
63368611
61042520
61042136
61042509
61042231
61042599
61042351
61043185
61042457
61043252
61044081
61043185
61044079
61043505
61043889
61043289
61043963
60964765
60978373
60993765
61009940
61026973
61043224
61059557
61074757
61085631
61103549
61120157
61135821
61152605
61168229
61183895
61199588
61219165
61234949
61251077
61266764
61284805
61304373
61320261
61335965
61352485
61368364
61383636
61401780
61419717
61435485
61451109
61468181
61483884
61499508
61515236
61533799
61551901
61567597
61583261
61597645
61616663
61632276
61647972
61666029
61681725
61696332
61715492
61731316
61749325
61764949
61779700
61796200
61816093
61831749
61847389
61861572
61878469
61893077
61907408
61929173
61944797
61960549
61976173
61990847
62006260
62024237
62042932
62058525
62071836
62089773
62105501
62119925
62135684
62151140
62169301
62191181
62205620
62223557
62238973
63374293
61047988
61047670
61048346
61047789
61048735
61048498
61048722
61048694
61048910
61049566
61048814
61048408
61049719
61049912
61049952
61050038
60967954
60982226
60998139
61014227
61032508
61048700
61065140
61080236
61097204
61113868
61130548
61146231
61162988
61180027
61195643
61210484
61227347
61245343
61262428
61278308
61294068
61310716
61325868
61341723
61359491
61377436
61393092
61411140
61426756
61441148
61455548
61473940
61489572
61505204
61519748
61538452
61554060
61570036
61585212
61600940
61620227
61638100
61652652
61669524
61685172
61700860
61719020
61734803
61752772
61768476
61783212
61798555
61818291
61836380
61850908
61866396
61882163
61897843
61918083
61936244
61951876
61967636
61983324
61998052
62014612
62028932
62049875
62068036
62083764
62099396
62113812
62129427
62146204
62163076
62177564
62199395
62216028
62232972
63377692
61051443
61050978
61051999
61051294
61052064
61051937
61051822
61052878
61051703
61051463
61052711
61053232
61051567
61053160
61053350
61053132
60973316
60987868
61005776
61022838
61038998
61055271
61071662
61085904
61102295
61119096
61135688
61152457
61168070
61185070
61200839
61218133
61233870
61249493
61266846
61282437
61298166
61313442
61328906
61344730
61362474
61378037
61393669
61411618
61427258
61443058
61458642
61476962
61492594
61508058
61523690
61542622
61559413
61573958
61590629
61606398
61625509
61641230
61656797
61672222
61688085
61703782
61723141
61738862
61754501
61769902
61783293
61801438
61818738
61835685
61851382
61866949
61882750
61896082
61911589
61933326
61948845
61963326
61978010
61994685
62010382
62025877
62040286
62060101
62078238
62093877
62109574
62125141
62140862
62155189
62171918
62193949
62209646
62225213
62240614
63380758
61054929
61054756
61054700
61055786
61055204
61055625
61055918
61054429
61055698
61055976
61054501
61056284
61056221
61056154
61056143
61056279
60975237
60991380
61007003
61023928
61041505
61057625
61074032
61090456
61107048
61122680
61139339
61156276
61170655
61190012
61205603
61220758
61236411
61251627
61269295
61287196
61302932
61319523
61337323
61353203
61370982
61388803
61403331
61422212
61436924
61452670
61470491
61488907
61504539
61519267
61534515
61553551
61568998
61587012
61602675
61618331
61636515
61652078
61669899
61685627
61700108
61719679
61737580
61753219
61767883
61783222
61801267
61821195
61835694
61853611
61869404
61883975
61901868
61916467
61936902
61954763
61969227
61984811
62000566
62018587
62032111
62055268
62069667
62085470
62103299
62118931
62133323
62149030
62167123
62181508
62204620
62220139
62234603
62250595
63386692
61060194
61060056
61060852
61060138
61061069
61060603
61060973
61061936
61060983
61061775
61060967
61061853
61062154
61060645
61062071
61060661
60982295
60998166
61013950
61032004
61048148
61062950
61080743
61097094
61113831
61129420
61145708
61162782
61178527
61195486
61211126
61226996
61242686
61260716
61278084
61292621
61308228
61325861
61341534
61357260
61374908
61393013
61408564
61426637
61442228
61456709
61472396
61490596
61508661
61524004
61540021
61558612
61574381
61589876
61605597
61621164
61640317
61655908
61671605
61687348
61703029
61722140
61736917
61752780
61768524
61783940
61801820
61821813
61837380
61851996
61867548
61883012
61901149
61916788
61935908
61954045
61969684
61984165
62000972
62015429
62031116
62047684
62070157
62085724
62101493
62117060
62131372
62147204
62162860
62180805
62202516
62217252
62233117
62248292
63389486
61063105
61062817
61063737
61062913
61063793
61063833
61063683
61063660
61063660
61064574
61063809
61064717
61064165
61064680
61063906
61064741
60986757
61002587
61017993
61034098
61050210
61066435
61081595
61099275
61113586
61129050
61145666
61161962
61178218
61195322
61210914
61230450
61246122
61261810
61279194
61293786
61309378
61326954
61342394
61358138
61376074
61391650
61407122
61425418
61443283
61457699
61474595
61492850
61508578
61524234
61538562
61557530
61573130
61588922
61606795
61622434
61641586
61655962
61671722
61687178
61705274
61724818
61739210
61754778
61770402
61788570
61804202
61824146
61839802
61854570
61869810
61888011
61903578
61917906
61938626
61956498
61972130
61987786
62003418
62019050
62034682
62049098
62070234
62086010
62102642
62119586
62134426
62149570
62165202
62183266
62205138
62220770
62235050
62253186
63393171
61066825
61066615
61067164
61066967
61067665
61067479
61067716
61068628
61067732
61068481
61067988
61068412
61068671
61068762
61068591
61069048
60987262
61003234
61021184
61037098
61053170
61069320
61084507
61102243
61118824
61134413
61151120
61167885
61183590
61200511
61215343
61232207
61247703
61265866
61283387
61299043
61314626
61331019
61346862
61362162
61380130
61396898
61410250
61428496
61443848
61461800
61477513
61495792
61511466
61527163
61542810
61561550
61577192
61592834
61608619
61624258
61643360
61658976
61673432
61689002
61704834
61726568
61742288
61757922
61772664
61787882
61803862
61821674
61841616
61857235
61872898
61887635
61902952
61920946
61940131
61957203
61972762
61990155
62005864
62021298
62039520
62055211
62076226
62091657
62106339
62123142
62138834
62154488
62168960
62186890
62206158
62222096
62240065
62254496
63399187
61073491
61072934
61073504
61073400
61073384
61074636
61074647
61074363
61073698
61074435
61073868
61074432
61074649
61074515
61073729
61074560
60993311
61005566
61019142
61034270
61050606
61067160
61083568
61099387
61115668
61132492
61151303
61166980
61183684
61198156
61215260
61233118
61250386
61266022
61282127
61297753
61313599
61332330
61346812
61363626
61381335
61397004
61410164
61430558
61446274
61461830
61477540
61495935
61511462
61527092
61542836
61557070
61574814
61592820
61608486
61624159
61643204
61658854
61674524
61690212
61705852
61721269
61740932
61756622
61768972
61784238
61799898
61815596
61835526
61849902
61865668
61881348
61899295
61915022
61929496
61950245
61965461
61981335
61999311
62015039
62029431
62045061
62061993
62084223
62098621
62114434
62132293
62148157
62162541
62178111
62193743
62217951
62232419
62246837
62262507
63402395
61076117
61075861
61076597
61076341
61076562
61077228
61076519
61077303
61077380
61076103
61077410
61077712
61077431
61077819
61076357
61077909
60994176
61010836
61025708
61041300
61057252
61073652
61089884
61106308
61122204
61138791
61155420
61167260
61185445
61201036
61218085
61233748
61250909
61266476
61283997
61299564
61314188
61331588
61349580
61365261
61383012
61398733
61414252
61430021
61446652
61462212
61477868
61496380
61512036
61527684
61543412
61559999
61580061
61595692
61611397
61627036
61645013
61661756
61677477
61691804
61707364
61723212
61742756
61758247
61773900
61789535
61805095
61820879
61840743
61856327
61872124
61887543
61905636
61921405
61935732
61956092
61972116
61987404
62003060
62018884
62036829
62052420
62073605
62089172
62103701
62119196
62135044
62152989
62168332
62184325
62197620
62219348
62237300
62253093
62267439
63405089
61079317
61079981
61079908
61080269
61080376
61080333
61080577
61080445
61080619
61079642
61080795
61080559
61080715
61080353
61079653
61080492
60995856
61012867
61028680
61044729
61059296
61076811
61093149
61109603
61125162
61141835
61155970
61171752
61188610
61204250
61221306
61236818
61254152
61269704
61286930
61302638
61318498
61335842
61353914
61369646
61387376
61403027
61418616
61436592
61452275
61467890
61483675
61502002
61517723
61533290
61548915
61567666
61583347
61598018
61613426
61629090
61648002
61663850
61679362
61697427
61713066
61728491
61748194
61762651
61778146
61793994
61812043
61827666
61847611
61861938
61877498
61893322
61908858
61926947
61940306
61959354
61972818
61988330
62004178
62019570
62035466
62053370
62069067
62090010
62105803
62121394
62136058
62151538
62169418
62185211
62199610
62222667
62238370
62254051
62269642
63408396
61082213
61083473
61081982
61083599
61083647
61083604
61083679
61083679
61083692
61083727
61083906
61082748
61083809
61083544
61083855
61084579
61000278
61014707
61030603
61046648
61062414
61078688
61095166
61111576
61127302
61143718
61160720
61176097
61192919
61208606
61225390
61243591
61260718
61275182
61293047
61309503
61322519
61340423
61353559
61370423
61388022
61403778
61419318
61434976
61453041
61468679
61484286
61502665
61517022
61532560
61548294
61565270
61583918
61599601
61612760
61628480
61644160
61663168
61683416
61697830
61713486
61729200
61749961
61765617
61781112
61796881
61812448
61828137
61847956
61863657
61879353
61895001
61910591
61926182
61941800
61962342
61978113
61993616
62009270
62024998
62040552
62056345
62071942
62092878
62108504
62124232
62139863
62155591
62171223
62186904
62202536
62224321
62240009
62254360
62271241
63414743
61089146
61089936
61089872
61087956
61089756
61088284
61088092
61088804
61088479
61089268
61088604
61089537
61089206
61089334
61089193
61089473
61006634
61018634
61035636
61049990
61065999
61082386
61098974
61114714
61131003
61147702
61164522
61179738
61196675
61213630
61230571
61246262
61263460
61277792
61295106
61310938
61326731
61344170
61362134
61376794
61394322
61412339
61428067
61446011
61461643
61475970
61491867
61511200
61526843
61542533
61557140
61576834
61592545
61608152
61623939
61638329
61657345
61673106
61691008
61706723
61721220
61734524
61753924
61769652
61785212
61800844
61816596
61830988
61850913
61868844
61884564
61899177
61914561
61932684
61947148
61967481
61983065
62000044
62015748
62031243
62049476
62064041
62084993
62102924
62117545
62134188
62149964
62167988
62182476
62198067
62216204
62236881
62254836
62269228
62287212
61092404
61092963
61092486
61092890
61092884
61092603
61091169
61091729
61091406
61092254
61091713
61092091
61092030
61092179
61093126
61092382
61093051
61013501
61027155
61042400
61058288
61074401
61091913
61107036
61121043
61136780
61150897
61168721
61184417
61201225
61216809
61233785
61246912
61264304
61279936
61297368
61313016
61328704
61346280
61361984
61377489
61392888
61405979
61419248
61436193
61452792
61469652
61484304
61499704
61518432
61533640
61549808
61565073
61583777
61599409
61615065
61630608
61646536
61665497
61680992
61696624
61713689
61729313
61744657
61764489
61780097
61795705
61811393
61827057
61842705
61862561
61878281
61893964
61909473
61925196
61940833
61956457
61976945
61992281
62007057
62023801
62039497
62055177
62069588
62082256
62102652
62118313
62133929
62147203
62162859
62180865
62196273
62212209
62234073
62249393
62264081
62279576
63420783
61095282
61095690
61095623
61096058
61096050
61095777
61095852
61094473
61094177
61094694
61094540
61094878
61094558
61095585
61094662
61095593
61012871
61026251
61042027
61056250
61071863
61088858
61105089
61121097
61137081
61153745
61170537
61186185
61205312
61220908
61236665
61252271
61269726
61287618
61304913
61320706
61336305
61353618
61369564
61385140
61402884
61416107
61431747
61447540
61465444
61477614
61494420
61512708
61528268
61543900
61558316
61575188
61593892
61609572
61625276
61640908
61656540
61673078
61688838
61706860
61722556
61738140
61757612
61773244
61788972
61804620
61820252
61835951
61855844
61871460
61887103
61902831
61918356
61934052
61949708
61970148
61985700
62001404
62017044
62032676
62048324
62063876
62078340
62099563
62114851
62130726
62146230
62161814
62177734
62193161
62209081
62230822
62246457
62262038
62277478
63423543
61097944
61097367
61097927
61098652
61097871
61098492
61098476
61097805
61099420
61097236
61097159
61097612
61097418
61098130
61097522
61098330
61014614
61029441
61045168
61059393
61075062
61092900
61108344
61123830
61140728
61158262
61174904
61190542
61207342
61223027
61239940
61255732
61271678
61287483
61307111
61322803
61338358
61355737
61370704
61386121
61403838
61419388
61435353
61451416
61468696
61486710
61502504
61520518
61536503
61550846
61566358
61585387
61601099
61618848
61634588
61650142
61669316
61683998
61699472
61717415
61733054
61747600
61767224
61782558
61798104
61812608
61825910
61842943
61862901
61877119
61892753
61908351
61924336
61942289
61956753
61977262
61995152
62009653
62025360
62043240
62057742
62073282
62094493
62109976
62125867
62145048
62163193
62177659
62193417
62211451
62227017
62248815
62263113
62278963
62296841
63430861
61104699
61104360
61104682
61104389
61104880
61105040
61105298
61105997
61105122
61104682
61106275
61106226
61106361
61106050
61106428
61106213
61021612
61036054
61054309
61070342
61085123
61102522
61117623
61133957
61150021
61167581
61183922
61198592
61214245
61226351
61244485
61260103
61276309
61291765
61307667
61324863
61340635
61360422
61376061
61391711
61408272
61424125
61440765
61455437
61473533
61489043
61504523
61522829
61539550
61556443
61572067
61586491
61605263
61621029
61639012
61654680
61672499
61688135
61704053
61719511
61735102
61753065
61772626
61788018
61803923
61818381
61833879
61849725
61871813
61887517
61903255
61917639
61933213
61951341
61967043
61987512
62003232
62018902
62034485
62049165
62064567
62082607
62103760
62119333
62133919
62149317
62167375
62182813
62196269
62209512
62227563
62249427
62264830
62280529
62295179
63433787
61107806
61107464
61108411
61107536
61108475
61108046
61108462
61108299
61108227
61109366
61108555
61109275
61109604
61109591
61109572
61109577
61027459
61041927
61057440
61073480
61089346
61105784
61124424
61140936
61156560
61171963
61188848
61204088
61223371
61240408
61255130
61271170
61290074
61304314
61321962
61339954
61355314
61371922
61387618
61403194
61421058
61439069
61454666
61471485
61487202
61502850
61518426
61536842
61554722
61570354
61584818
61599932
61615602
61631282
61647146
61665026
61684186
61698626
61716653
61731346
61749117
61767786
61782940
61801034
61815418
61833541
61848186
61867954
61885909
61901594
61916066
61931818
61949698
61964250
61985882
62000570
62015852
62034021
62048418
62064354
62079826
62097765
62118810
62133402
62148786
62166909
62182570
62197074
62213042
62228458
62252525
62268202
62282522
62300594
63436987
61110730
61110287
61110711
61110362
61110866
61110455
61110887
61110538
61111021
61110551
61111082
61111255
61111498
61112263
61111505
61112402
61029092
61045801
61061577
61077617
61093585
61109793
61124953
61141649
61157108
61173585
61190369
61206025
61222675
61242057
61257761
61272193
61289465
61307345
61324777
61339369
61354835
61372585
61390473
61406201
61423873
61438337
61453993
61471857
61487633
61503433
61519041
61537121
61552899
61570985
61586689
61605393
61621049
61635801
61651025
61666849
61685937
61701593
61717249
61732747
61750761
61770257
61785889
61801545
61816953
61832881
61848513
61864046
61883902
61898430
61914070
61929718
61945425
61962249
61974353
61992537
62008121
62023489
62039251
62057337
62072961
62088577
62109681
62125337
62140985
62156713
62172385
62188025
62202345
62218169
62233897
62255553
62271281
62289161
62304817
63440009
61114275
61115147
61114317
61115042
61114354
61113850
61115429
61114005
61115405
61114077
61115453
61115881
61115464
61115691
61114170
61115787
61034482
61048915
61062299
61077779
61091365
61107957
61124870
61140205
61156541
61173005
61189549
61206323
61224426
61240123
61255786
61271498
61289811
61306690
61323226
61338466
61354154
61370618
61383826
61399770
61419755
61435322
61451115
61465442
61483426
61501467
61517106
61534458
61549938
61565450
61583539
61602178
61617651
61632298
61647858
61663747
61682794
61700739
61716378
61729586
61745434
61761018
61780586
61796218
61811874
61827242
61843162
61858883
61878674
61894226
61910178
61925954
61941170
61956730
61972434
61993306
62008522
62024418
62040002
62055723
62071098
62086826
62110202
62125971
62141562
62156226
62172018
62187426
62205371
62221075
62235674
62257402
62272762
62288322
62306466
63442851
61117874
61118203
61116669
61118409
61116824
61118374
61116853
61118558
61118443
61118499
61118464
61118515
61118571
61118504
61118581
61118717
61036327
61050899
61066554
61082546
61095986
61112342
61126224
61142192
61159554
61176196
61189616
61206088
61222792
61238328
61255304
61271136
61288296
61303968
61320192
61337048
61352568
61370000
61385656
61401480
61419224
61434682
61450819
61466138
61485306
61499770
61516667
61534848
61550321
61566195
61581770
61597472
61616128
61631754
61647443
61660733
61676602
61695629
61711026
61725530
61738696
61755787
61771422
61790856
61805176
61820867
61836514
61852155
61870316
61890203
61909995
61924452
61939986
61955986
61971386
61994123
62009816
62025496
62039936
62055688
62073633
62089272
62103792
62124901
62140357
62158421
62174016
62188881
62204224
62219707
62237829
62259626
62273946
62289794
62306485
63450034
61123852
61123540
61123972
61123644
61124334
61124377
61124473
61125508
61124583
61125348
61124465
61124044
61125492
61125626
61125441
61125708
61043529
61057063
61072818
61088618
61106951
61123095
61136047
61150415
61164575
61180903
61197135
61213271
61230274
61248139
61265071
61279607
61296999
61312335
61329623
61347871
61363591
61381167
61395487
61411242
61431346
61447023
61462687
61478448
61495063
61510815
61528760
61547015
61562735
61577055
61592887
61613863
61629567
61644407
61659799
61677679
61695599
61708951
61724679
61742487
61758191
61772511
61792199
61807810
61825754
61841431
61857071
61871687
61891463
61909343
61923895
61939528
61955266
61973138
61988856
62008015
62023575
62039207
62056063
62073007
62088639
62103202
62124290
62142143
62157559
62172367
62190271
62205999
62220319
62236215
62252851
62275914
62291607
62305919
63453273
61126979
61126721
61127137
61126670
61127225
61126878
61127998
61126974
61127798
61127054
61127870
61127137
61128110
61127134
61128089
61127214
61046495
61062702
61078071
61094073
61110465
61125473
61142775
61159126
61174757
61188897
61205637
61218910
61235574
61251271
61269479
61285079
61302180
61317878
61334942
61350822
61366516
61384100
61399732
61415356
61433173
61448740
61464364
61480143
61498151
61513654
61529310
61547622
61563327
61579031
61594687
61610246
61629023
61644614
61659071
61674630
61690470
61710615
61726023
61740969
61757607
61772078
61791526
61807174
61825134
61840823
61856398
61872119
61891967
61907535
61923246
61937719
61953265
61969180
61984649
62001417
62018295
62033926
62048729
62063945
62079806
62097679
62113310
62133191
62148921
62166742
62181271
62196958
62214985
62229391
62245078
62266929
62284935
62299326
62315145
63456044
61129874
61129541
61129922
61129760
61130599
61129700
61130588
61130513
61130404
61131466
61130761
61131236
61130513
61131324
61131786
61130231
61051014
61064188
61080148
61097147
61114131
61128143
61144670
61161092
61176548
61193492
61209847
61224352
61238764
61254197
61271300
61287060
61304228
61322159
61339615
61355247
61369736
61387287
61401660
61417463
61435135
61450863
61465200
61482079
61500015
61515719
61531368
61549647
61565279
61580951
61596632
61612271
61630927
61646559
61662328
61677847
61693567
61712727
61728128
61743943
61759575
61775279
61794768
61810335
61826039
61841623
61857320
61872959
61892767
61908175
61924168
61939735
61955391
61971023
61986648
62007039
62022671
62038375
62054096
62069663
62085223
62100943
62116712
62136415
62152047
62167703
62183277
62199036
62214692
62230255
62248255
62270103
62285687
62301456
62316951
63459336
61133436
61134296
61133107
61134651
61134605
61134613
61133135
61135065
61134935
61134956
61134908
61134841
61134918
61134903
61134913
61134097
61052783
61068545
61081961
61100396
61115937
61132355
61148827
61164122
61180954
61194983
61212906
61227354
61245306
61258639
61274298
61290000
61307295
61323914
61340170
61358307
61373906
61391554
61405823
61421506
61441795
61457418
61471959
61490055
61505515
61521185
61539065
61557443
61573099
61588659
61604417
61623148
61637540
61653043
61668867
61684355
61703481
61719099
61737228
61752803
61767316
61780651
61797809
61814626
61823018
61832784
61845763
61857987
61875043
61896995
61912579
61928283
61942675
61958643
61974307
61989547
62010195
62028075
62043779
62058099
62073947
62089411
62107483
62123187
62144195
62159019
62174427
62189867
62208035
62223667
62238355
62253715
62277931
62293291
62307979
62323731
63462299
61135930
61135637
61137234
61137577
61137440
61136857
61137421
61137713
61137536
61137745
61137683
61137868
61137696
61137929
61137779
61138087
61050970
61065028
61080208
61093599
61111551
61127824
61139100
61156863
61170892
61187511
61204080
61220903
61237720
61253408
61267847
61282344
61295656
61314076
61329708
61347133
61362660
61378461
61395941
61411597
61427292
61445085
61460724
61476421
61494220
61509948
61525597
61541301
61559556
61575277
61590933
61606565
61624908
61640853
61656492
61672189
61687780
61706868
61722581
61738285
61753556
61769501
61785205
61804605
61820196
61835893
61851532
61867181
61882772
61902628
61918325
61932741
61949620
61965252
61978457
61994345
62014621
62030188
62047148
62062708
62078405
62089273
62106076
62119169
62140658
62156153
62171652
62188460
62204157
62219748
62235380
62251077
62266733
62288372
62304076
62319732
62335389
61139463
61140834
61140839
61140611
61139962
61140624
61140010
61140688
61140055
61139126
61140776
61139283
61139091
61144387
61144035
61145177
61144390
61066305
61079764
61097505
61113561
61128475
61145799
61162288
61178753
61194040
61209725
61228715
61241979
61258503
61275640
61292570
61306930
61321855
61337251
61357073
61372771
61388385
61406033
61420497
61436177
61453945
61471825
61483745
61501865
61514993
61530625
61546257
61564649
61581698
61597285
61612883
61628537
61647201
61662833
61678537
61692993
61711921
61727625
61743257
61760129
61775785
61791489
61810889
61826593
61842249
61857881
61873513
61889073
61909001
61924657
61940217
61955921
61970313
61987273
62001665
62022097
62037793
62054577
62070281
62084673
62100329
62115889
62131713
62152625
62168185
62184009
62199737
62215026
62230730
62246386
62264400
62286248
62301880
62316296
62332360
63473086
61147496
61148167
61147639
61148098
61147410
61148462
61148577
61148381
61147715
61148386
61147643
61148512
61147817
61148525
61148691
61148562
61066759
61081490
61097259
61113266
61129090
61145370
61161770
61178194
61192650
61210458
61227034
61241498
61258234
61273794
61290850
61306482
61322370
61338114
61353323
61371130
61386866
61404522
61420138
61435842
61453586
61469218
61484850
61500483
61518370
61534139
61549730
61568050
61583610
61599338
61614898
61630602
61649306
61664962
61680298
61694986
61710962
61729730
61745778
61760922
61776642
61792531
61811674
61828683
61840627
61855410
61870698
61886546
61906282
61922034
61937570
61955635
61971274
61986930
62002586
62023042
62037434
62052994
62068698
62086787
62102426
62117018
62132459
62153666
62169058
62184858
62202930
62217322
62232906
62251043
62266682
62287658
62302802
62320946
62335610
63476402
61150327
61150001
61150339
61149880
61150403
61150188
61150510
61150153
61150475
61150158
61150841
61150342
61151163
61150398
61150955
61150537
61072739
61086098
61101363
61117517
61135900
61152021
61168535
61184932
61201589
61215916
61232591
61247004
61263775
61279404
61296409
61310892
61328071
61343740
61361022
61372973
61390006
61407493
61423263
61438679
61456660
61472310
61487942
61503526
61520294
61535803
61551753
61572262
61587966
61603687
61618020
61634004
61652257
61667993
61682803
61696844
61707860
61726972
61742628
61758137
61772660
61789548
61804316
61823313
61839262
61854854
61872732
61888495
61902836
61922955
61938494
61956372
61972135
61987732
62002411
62022491
62038267
62056375
62071932
62087695
62102028
62117555
62133438
62154246
62172495
62188076
62200355
62216940
62232559
62248228
62263871
62279516
62301351
62315923
62331403
62346953
61153563
61154842
61154962
61154705
61154927
61154879
61155026
61153991
61155130
61155603
61155106
61154878
61155146
61155025
61155194
61155022
61155180
61078160
61091369
61108001
61123904
61139993
61156136
61172673
61188960
61205617
61221184
61237865
61254584
61270281
61287232
61302913
61320088
61335755
61351387
61366370
61382192
61397451
61413109
61429723
61445307
61463051
61478755
61494347
61512275
61527899
61543699
61559259
61577587
61589635
61603229
61619715
61635427
61654075
61669763
61685403
61700979
61716683
61735779
61751323
61767003
61782691
61798267
61817819
61833411
61849107
61864739
61880403
61894779
61914659
61931603
61947275
61962819
61978531
61994179
62008571
62029277
62044651
62060307
62075939
62091579
62107077
62122765
62138429
62159378
62175261
62190917
62206421
62222133
62237893
62253741
62269029
62290789
62306942
62322493
62338002
63482510
61156405
61156658
61156788
61157564
61157028
61156361
61157715
61158101
61156414
61158135
61158146
61157814
61158075
61156059
61157859
61156211
61074867
61090575
61103887
61122416
61137120
61154568
61170920
61187327
61202959
61219575
61234992
61250831
61267271
61282999
61302408
61318087
61335215
61349679
61368344
61383928
61399664
61417216
61430407
61444720
61463880
61479568
61495200
61510783
61528655
61543111
61558671
61577047
61592930
61610816
61626544
61645183
61659911
61675386
61690770
61708928
61728088
61743744
61757999
61773898
61791792
61807359
61826903
61841448
61857186
61873880
61890808
61905264
61925015
61940818
61957447
61970768
61985088
61999578
62015418
62035639
62051514
62069520
62085064
62099528
62115184
62131087
62151938
62167794
62185616
62201183
62215912
62231224
62246770
62264928
62280591
62301192
62316938
62334848
62349311
63485511
61159444
61159298
61159983
61159901
61159799
61160810
61160295
61160762
61160999
61159680
61160911
61161310
61160973
61161302
61159687
61161347
61080422
61093571
61109269
61125533
61141261
61157541
61174085
61190485
61205997
61222613
61241638
61257342
61274150
61289886
61305501
61323662
61340734
61354422
61371398
61384549
61402646
61420270
61435854
61451486
61468030
61482558
61498286
61513918
61531854
61547214
61561902
61580085
61596157
61611373
61627005
61648238
61663870
61678334
61693990
61709477
61728573
61744229
61759981
61777998
61793726
61809358
61828830
61843085
61858925
61876878
61892582
61907310
61926885
61942485
61960622
61976254
61991910
62006302
62021797
62040981
62056877
62074822
62090550
62106182
62120574
62136069
62157445
62172925
62189558
62206574
62222230
62237862
62252278
62267965
62285910
62307710
62322214
62334141
62349990
63488590
61163029
61162747
61163112
61163651
61162920
61162416
61163909
61162557
61164000
61162621
61164021
61162645
61164101
61162658
61164114
61162813
61082167
61099642
61115028
61136249
61150899
61167185
61184914
61201242
61216875
61233556
61250076
61265649
61282451
61299433
61315130
61330951
61348047
61363692
61380929
61396722
61412321
61429860
61445457
61459961
61477770
61493361
61506667
61522305
61537915
61553598
61569427
61588708
61604346
61619937
61635628
61651228
61669994
61685626
61701121
61715642
61728809
61745795
61762425
61778140
61793713
61809404
61827529
61844466
61860105
61875884
61891516
61907017
61922739
61942305
61958233
61973882
61989514
62005147
62020802
62041169
62055692
62072529
62088226
62102595
62120636
62134963
62153041
62174226
62189860
62204193
62219939
62236856
62253617
62268068
62283665
62305627
62323459
62337929
62353675
63497108
61170917
61170707
61171504
61170712
61171568
61171360
61171560
61171376
61171643
61172515
61171627
61172636
61171971
61172440
61172112
61172565
61094360
61107913
61119713
61135303
61151789
61167997
61184445
61200063
61216463
61233072
61249685
61265245
61280839
61296741
61313431
61329128
61346538
61364389
61381821
61396301
61412231
61429447
61445330
61460927
61478549
61496640
61512205
61530213
61542127
61556855
61572480
61590651
61608645
61624386
61639973
61654397
61673080
61688906
61704381
61719943
61739288
61754751
61772880
61787632
61803128
61821006
61840477
61856093
61870895
61886311
61901815
61919925
61938533
61954287
61969735
61985434
62003461
62019189
62033567
62053941
62069842
62087655
62103397
62117826
62133600
62149047
62172495
62188213
62203805
62218605
62233823
62249469
62265293
62280935
62296584
62318445
62333733
62349631
62365351
63500331
61173888
61173648
61174122
61173808
61174312
61174000
61174794
61174010
61174762
61174642
61174965
61175690
61175066
61175501
61175853
61174343
61094970
61110960
61126358
61142409
61157161
61173333
61190117
61206121
61221849
61238687
61254956
61273065
61289867
61306027
61321480
61337581
61355297
61372256
61389627
61405259
61419963
61437318
61452926
61471106
61488787
61503261
61518829
61536705
61551414
61569213
61582683
61598569
61614347
61629821
61647699
61664173
61679619
61697685
61713427
61728987
61748157
61763905
61778772
61794167
61811931
61827339
61845939
61861773
61877085
61892840
61910805
61926429
61945131
61960883
61976405
61994427
62010034
62024474
62045242
62059416
62072724
62088340
62103872
62121947
62137594
62152338
62173332
62188556
62204562
62222441
62238018
62252496
62268248
62286132
62301856
62322610
62338016
62356072
62370524
61176925
61178330
61178509
61178413
61178584
61177709
61178648
61179236
61178656
61178479
61178830
61178578
61177936
61178623
61178808
61178695
61178861
61100369
61115145
61130892
61146884
61162532
61178767
61195185
61211577
61229409
61245079
61261665
61278393
61294097
61311087
61326665
61343937
61358802
61374311
61391279
61407103
61422767
61440223
61457023
61469023
61488095
61501415
61516919
61534855
61550713
61566145
61584215
61602639
61618193
61628249
61643647
61659271
61677919
61693684
61709265
61724705
61740505
61759513
61776401
61792039
61807599
61823303
61842799
61858359
61873991
61888607
61905343
61921087
61940927
61956583
61972143
61987847
62003503
62017895
62033527
62053983
62069615
62086511
62100903
62116879
62132543
62147951
62165823
62186927
62201808
62217167
62233871
62251943
62266391
62283543
62298951
62323063
62337807
62353143
62368871
63506207
61179903
61179871
61181597
61180185
61179792
61179875
61180851
61180115
61180624
61180483
61180635
61181536
61181115
61180283
61181480
61181932
61182028
61108633
61124090
61138919
61154320
61170343
61186975
61203239
61220795
61237346
61252906
61268275
61286435
61299768
61316751
61332263
61349575
61364936
61380815
61398079
61413609
61431260
61447010
61463020
61478365
61496109
61512709
61527755
61545666
61561282
61576498
61592235
61610402
61624834
61640682
61656314
61674963
61690546
61706210
61721962
61737755
61756706
61772269
61788130
61806061
61821765
61838818
61854450
61870363
61885738
61901370
61916882
61932723
61952594
61967954
61983682
61999579
62015066
62030722
62051298
62066995
62082373
62098005
62113802
62129307
62146053
62161910
62184158
62199821
62215453
62229845
62245566
62262325
62278029
62293613
62309382
62331093
62346677
62362381
62378078
63509502
61183324
61183027
61183894
61183988
61183846
61184777
61183937
61184636
61184729
61184927
61183334
61184959
61185074
61185010
61185119
61185409
61104300
61118963
61134355
61151500
61168828
61184747
61200148
61217860
61234459
61248731
61265323
61282332
61297828
61316123
61331892
61347460
61364659
61380291
61396755
61412132
61428132
61445203
61461004
61476980
61494243
61510035
61526011
61543596
61559155
61575235
61590379
61608836
61624427
61640179
61655955
61674900
61690051
61705955
61722716
61738348
61756219
61773027
61788659
61804380
61820012
61835531
61855140
61870772
61886427
61901163
61916499
61932052
61952035
61967619
61983203
62001340
62016979
62032628
62047092
62067387
62083115
62098667
62114427
62130155
62146723
62163732
62184852
62200491
62216116
62231844
62246171
62261731
62277563
62293283
62311091
62332915
62348684
62363420
62378595
61267500
61187702
61187840
61187604
61187776
61187588
61187824
61187695
61187904
61187676
61186973
61186025
61187817
61186409
61186257
61186905
61186609
61109593
61125575
61141322
61157029
61173064
61189359
61205759
61222063
61239966
61255527
61272231
61288991
61304623
61321527
61337213
61354447
61370144
61384509
61403168
61417407
61433512
61451071
61466645
61482021
61501064
61515397
61531125
61549112
61565082
61580413
61596046
61614282
61629885
61645509
61661226
61679855
61695666
61712471
61725720
61741495
61760253
61776229
61791752
61809687
61825389
61840743
61860519
61874917
61891518
61906198
61922166
61937593
61957385
61972969
61989686
62006694
62022343
62037996
62057532
62073188
62088471
62104060
62119606
62139319
62153442
62169103
62190172
62205867
62221197
62236100
62251468
62267334
62283354
62300806
62316510
62338238
62353886
62369526
62385148
61189308
61190772
61190863
61190668
61190903
61190909
61191061
61196766
61196803
61194990
61195126
61195539
61195366
61196102
61196761
61196859
61197223
61117512
61134638
61150137
61166008
61182268
61198320
61214769
61231112
61247801
61263483
61280025
61296824
61312457
61329424
61343953
61360984
61376840
61392536
61409848
61425288
61442080
61458888
61474371
61491081
61507712
61525785
61541456
61559449
61575024
61590745
61606296
61624409
61640200
61654625
61671496
61690273
61705907
61721561
61735840
61750336
61769360
61785144
61800776
61817728
61833377
61849000
61868545
61882760
61898500
61915403
61929729
61944227
61964064
61981001
61996672
62012361
62027971
62043569
62059128
62079625
62095216
62110913
62126592
62142353
62157963
62173612
62194576
62210201
62225784
62241569
62254576
62270472
62286104
62301568
62317200
62338904
62354836
62370403
62387281
63524823
61198963
61199849
61199092
61198555
61198664
61200147
61200120
61200299
61200227
61199387
61200176
61200026
61200279
61198439
61200087
61198751
61116873
61131512
61147143
61162357
61179126
61195197
61211744
61226085
61242590
61259445
61275621
61291205
61308253
61324037
61340791
61356469
61371077
61386781
61404357
61420997
61438038
61455549
61471246
61486823
61504645
61519302
61535037
61550253
61568229
61583965
61601982
61620261
61636030
61651597
61666078
61681573
61700645
61716133
61733805
61749798
61768845
61783374
61798797
61813253
61831389
61844758
61861663
61879886
61895405
61909934
61925629
61941143
61962134
61979037
61994806
62009229
62024909
62040365
62058445
62079014
62094693
62109013
62124645
62142789
62158438
62172765
62193701
62211934
62227573
62242054
62257749
62275421
62290174
62305765
62322702
62344341
62359838
62375701
62390358
63527645
61201607
61201356
61202113
61202081
61202252
61202924
61202468
61201679
61202862
61203576
61203579
61203411
61203526
61202005
61203293
61203274
61123765
61137365
61155035
61171000
61186061
61201933
61219748
61236019
61252750
61268317
61284843
61300557
61316172
61333021
61348953
61368187
61384154
61399662
61417091
61431512
61447520
61465096
61480302
61496136
61513968
61529408
61545064
61563000
61578921
61594624
61610342
61628614
61644104
61659520
61677695
61696342
61712097
61727694
61743246
61758950
61778086
61792535
61808430
61823600
61839438
61855642
61874702
61890336
61905775
61921608
61937321
61954999
61975121
61990726
62005228
62020833
62036344
62052184
62074993
62090488
62106287
62120552
62136336
62154401
62170086
62185694
62205736
62221048
62236752
62254824
62269304
62286158
62300648
62318665
62340400
62356089
62370798
62388440
63530823
61204647
61204276
61205079
61204348
61205084
61204962
61205458
61205831
61205932
61206197
61204663
61206339
61206360
61206366
61206384
61206159
61124299
61140275
61156084
61172900
61188940
61205213
61221637
61237900
61253628
61270207
61286823
61302520
61319304
61336403
61351924
61367639
61384735
61400420
61417823
61433520
61449149
61465748
61481223
61496876
61514620
61532268
61548279
61566280
61580965
61596548
61612036
61630132
61645940
61661372
61677087
61695791
61711460
61729519
61745223
61760748
61779967
61795664
61811124
61825712
61841652
61857068
61878904
61894508
61908052
61923260
61938924
61954748
61974604
61992565
62007152
62023919
62038252
62054012
62074468
62089836
62108103
62123765
62138151
62154092
62169404
62185300
62206188
62224256
62239960
62255492
62269820
62285668
62303599
62319303
62333660
62355637
62371148
62389223
63533952
61207577
61207281
61208431
61207495
61208359
61207428
61208940
61209165
61209179
61207767
61208196
61208535
61207823
61209004
61209373
61209488
61124966
61137150
61151454
61169534
61185326
61201534
61218637
61234255
61249422
61267077
61283863
61298215
61313823
61329447
61346521
61364454
61381509
61397356
61413543
61430492
61444886
61462774
61479407
61493724
61510550
61526029
61539150
61554934
61572614
61588310
61604158
61619788
61637989
61654959
61670503
61686223
61704863
61719108
61733718
61749470
61764902
61784164
61801095
61816702
61832391
61847942
61867511
61883159
61898718
61914380
61929934
61945654
61960167
61977532
61990860
62008882
62022239
62037870
62053452
62069383
62089750
62106431
62121988
62137687
62153279
62168964
62183370
62205577
62221225
62236647
62252497
62268143
62282527
62299511
62315143
62329447
62352271
62368149
62382592
62399422
63536997
61210915
61210678
61211173
61212299
61212283
61212283
61212315
61212342
61212374
61212135
61212450
61210594
61212223
61211039
61210898
61211893
61128004
61143780
61157013
61173742
61188557
61204989
61221564
61237397
61253555
61270413
61286595
61302818
61319049
61335097
61352253
61367654
61384824
61402806
61420217
61435828
61450590
61467664
61483625
61499345
61517099
61532590
61550720
61568708
61584268
61599931
61615563
61633972
61648299
61664068
61679505
61698419
61713923
61729699
61745262
61763297
61782460
61796787
61812715
61828003
61843755
61860681
61876427
61893353
61907852
61923412
61939123
61954571
61975580
61991481
62003673
62020289
62036009
62050665
62066307
62086531
62104591
62120255
62135843
62151642
62165955
62181515
62197377
62218230
62236391
62251979
62267676
62282025
62297814
62313377
62331350
62353212
62367577
62383438
62398857
63539980
61214330
61214077
61214034
61215004
61214524
61213719
61215124
61215451
61213815
61215523
61215614
61215512
61215576
61215252
61215487
61213796
61131025
61145479
61163784
61179733
61194437
61211909
61227077
61243511
61256655
61273311
61290247
61305559
61322616
61337887
61355127
61373080
61390272
61405904
61422096
61437615
61453463
61471031
61488911
61504551
61522520
61536863
61553719
61571760
61586152
61602023
61617482
61635914
61653800
61669407
61685160
61703864
61719447
61735144
61750711
61766287
61785239
61801175
61815839
61831087
61846975
61862677
61882034
61897846
61913522
61931271
61946717
61962567
61982495
61996968
62012471
62028178
62043815
62059375
62075282
62097752
62113672
62129392
62144960
62160688
62176261
62190712
62211752
62227247
62242890
62261040
62276736
62292400
62306784
62322311
62338186
62360117
62377880
62393576
62409240
63543179
61217037
61216827
61217875
61216993
61217600
61218480
61217347
61217035
61218339
61218727
61218810
61218695
61218837
61216998
61217051
61217915
61135249
61149072
61165888
61181326
61197792
61213984
61230424
61246072
61262430
61278998
61295656
61310070
61326800
61342608
61361960
61377592
61393558
61409283
61426496
61442320
61460246
61477814
61493512
61509224
61526974
61541390
61558286
61575038
61591913
61607502
61622240
61640096
61655798
61671656
61687000
61705984
61723936
61739496
61755152
61770872
61789704
61805622
61820000
61835560
61851400
61866912
61886488
61904560
61920176
61935840
61950168
61965800
61985688
62001625
62017011
62035089
62050688
62064088
62082016
62106875
62122672
62138296
62153680
62171616
62187408
62203048
62222854
62240926
62256536
62270880
62288944
62304616
62319360
62334760
62352728
62374582
62389272
62404737
62420192
61226681
61228115
61228230
61227530
61228224
61227334
61228331
61228012
61228140
61226538
61228086
61226702
61226713
61227694
61228438
61227454
61228618
61147644
61161108
61176615
61195093
61210997
61227168
61243564
61260079
61275755
61292261
61309014
61324595
61341234
61358411
61372746
61388379
61405692
61423702
61440738
61456667
61472338
61489979
61505539
61518827
61534002
61549759
61567845
61585810
61601444
61617004
61632709
61650994
61665501
61681442
61696858
61715572
61731140
61746724
61762300
61780372
61799484
61815275
61830603
61846498
61862181
61877899
61897365
61911562
61927284
61943172
61958565
61974483
61994138
62009716
62027853
62043533
62059213
62073538
62089326
62110044
62125604
62140660
62156603
62172252
62187941
62202548
62223306
62239010
62257101
62272752
62288445
62302885
62318586
62336525
62352245
62372722
62388586
62403978
62419788
63556118
61229934
61229694
61230987
61231268
61231434
61231383
61231407
61231442
61231458
61231270
61231628
61229902
61230068
61230833
61231537
61230772
61147030
61159542
61176406
61191614
61206584
61222604
61240831
61256390
61271698
61289480
61306022
61321640
61338481
61354126
61371108
61386806
61403982
61419679
61435758
61451326
61467192
61484624
61502799
61518366
61536198
61551862
61567537
61582222
61599889
61615529
61631193
61649438
61664920
61680734
61696790
61712374
61731113
61746286
61761936
61777824
61799080
61814881
61830520
61846189
61861799
61873792
61892176
61907630
61923312
61939230
61954659
61970307
61992600
62007958
62023848
62038302
62053968
62070016
62085342
62105915
62123866
62137073
62152720
62167230
62181560
62197190
62213008
62235165
62250748
62266302
62280782
62296462
62312262
62330121
62345769
62367639
62382025
62397808
62413374
63559279
61233631
61233351
61233252
61234222
61233529
61232945
61234174
61234645
61234594
61234586
61234698
61234484
61234548
61233111
61232956
61233604
61150303
61164021
61178374
61193918
61211951
61228735
61245159
61260863
61272447
61287974
61303534
61320222
61336942
61352657
61369649
61385302
61402446
61417977
61435991
61453447
61469111
61486687
61502319
61518047
61534543
61550175
61567071
61581463
61599423
61615270
61630550
61646214
61664798
61680169
61695814
61711497
61730174
61748362
61764039
61779671
61795327
61814415
61828911
61844398
61860294
61875886
61895473
61910782
61926641
61942166
61960231
61975887
61995743
62011447
62025863
62041710
62057022
62072846
62088350
62108742
62125559
62142650
62158295
62172759
62188343
62202990
62217559
62238279
62251686
62267143
62282873
62300759
62316487
62330879
62346646
62364206
62386362
62402039
62416783
63562389
61236054
61235758
61236705
61236553
61236441
61237503
61237039
61236530
61237353
61237920
61237880
61237960
61237987
61237738
61237904
61237759
61156018
61170430
61186086
61204522
61220511
61236694
61250630
61266886
61282622
61299398
61315822
61331654
61348438
61364662
61381118
61399103
61416349
61432005
61449365
61465101
61479357
61498221
61513949
61529581
61547277
61563005
61578572
61596573
61612229
61627789
61643445
61661765
61677421
61693125
61708757
61727485
61743117
61758765
61774397
61790101
61809213
61824845
61839237
61855164
61870580
61886452
61905540
61921540
61936828
61952460
61968380
61983820
62004181
62019452
62035172
62051877
62068821
62084405
62098869
62119325
62134820
62150732
62168613
62184317
62199973
62214365
62234036
62250108
62265444
62281172
62296612
62312452
62329093
62346037
62361829
62382365
62398052
62413708
62431725
63565614
61239522
61239141
61239992
61239693
61239842
61240637
61239562
61240632
61240666
61240974
61241049
61240977
61241062
61240797
61241077
61239293
61160102
61173439
61191514
61207651
61223541
61239772
61256106
61272637
61288156
61304885
61321370
61337032
61353872
61370770
61386464
61402120
61419425
61435017
61452376
61468113
61482529
61499936
61515656
61531482
61549320
61567201
61582784
61600785
61616497
61632080
61647777
61666057
61680448
61696440
61711666
61730560
61746296
61764168
61779889
61795457
61814544
61829089
61844586
61860216
61876144
61893944
61913505
61929217
61944504
61960497
61976137
61991696
62009184
62026073
62041665
62057224
62072993
62088657
62102976
62123497
62139338
62154888
62170544
62188528
62204209
62218609
62239568
62255120
62270786
62286467
62302248
62319089
62333408
62349408
62364818
62386736
62402115
62420128
62435921
63568544
61242925
61242069
61242740
61242607
61242540
61243596
61242780
61242351
61243599
61243890
61244075
61243906
61244042
61243929
61243959
61243787
61161858
61179059
61194497
61210602
61226610
61241562
61258034
61275554
61291258
61307778
61321889
61337521
61354238
61370654
61389474
61403906
61418734
61434438
61454090
61469746
61485482
61503058
61518690
61534322
61552154
61567754
61582202
61600503
61615663
61631303
61646921
61665406
61683402
61699058
61714690
61733490
61747970
61763343
61779087
61794902
61816354
61832002
61847706
61863338
61877903
61893263
61912886
61930882
61946586
61962242
61976511
61992294
62014514
62030242
62045874
62060266
62075727
62091431
62111918
62127505
62145642
62161434
62177066
62192650
62207114
62223079
62243782
62261850
62277482
62291898
62307534
62324426
62339183
62355618
62371346
62393122
62408778
62423463
62438806
61245300
61246606
61246814
61246493
61246686
61246506
61245950
61246570
61246973
61245036
61246644
61245252
61245132
61246439
61246093
61246386
61245575
61166084
61184495
61199959
61215887
61231068
61247015
61263564
61279839
61296724
61311940
61328556
61345532
61360023
61376895
61388836
61403292
61420460
61436356
61455967
61471671
61487287
61504911
61520335
61535023
61553100
61568492
61583918
61602084
61620015
61635647
61650135
61668332
61684012
61699860
61717791
61736591
61752223
61767855
61781204
61799207
61818319
61832788
61850711
61866439
61880716
61896628
61918262
61934031
61948259
61966382
61982175
61997742
62016447
62032163
62047643
62063299
62078934
62094654
62117519
62133263
62148814
62163343
62179011
62194635
62210054
62228222
62249295
62263710
62279343
62295131
62310443
62326126
62341659
62359919
62375582
62397423
62412983
62428703
63574599
61248474
61248183
61248991
61248516
61248849
61249572
61249849
61250032
61248396
61250147
61250120
61250120
61250125
61249999
61250112
61248298
61169113
61182776
61197097
61214178
61228906
61245320
61262849
61277806
61292304
61309285
61325590
61342577
61359302
61374993
61391926
61407601
61424710
61440359
61457791
61473423
61489039
61506622
61522268
61537814
61555596
61571286
61587001
61602561
61620524
61636094
61651792
61670221
61685832
61701477
61717192
61731597
61751656
61765973
61781664
61798429
61817648
61833221
61847696
61863484
61878796
61894548
61914092
61929924
61945212
61961060
61976516
61992271
62012292
62027855
62044621
62061648
62077149
62092864
62108509
62129000
62142220
62157852
62173284
62189148
62204580
62221605
62237296
62258197
62273960
62289525
62305312
62320885
62336600
62352173
62367888
62389605
62405296
62419776
62435277
63577573
61251898
61251725
61251487
61252479
61252695
61252939
61253006
61253185
61253113
61252035
61253145
61252834
61252930
61251501
61251461
61252717
61170884
61184350
61200079
61216228
61231828
61248052
61264583
61282288
61297879
61314464
61331015
61345472
61361158
61376820
61393934
61409339
61426915
61442286
61459711
61475563
61490966
61509823
61525543
61538648
61557603
61573327
61587791
61604598
61630111
61645743
61661254
61679531
61694925
61710711
61726566
61742222
61760854
61776558
61792214
61806606
61823566
61842654
61857462
61872702
61888262
61903926
61923397
61941462
61957190
61972822
61988406
62002870
62022854
62038317
62056454
62072110
62087742
62102174
62117910
62140366
62156310
62172014
62186606
62202182
62217557
62234406
62256798
62271054
62286966
62304846
62320550
62335382
62350533
62368694
62383358
62405006
62422958
62437278
62453206
63588199
61262202
61261618
61263291
61263342
61263385
61263128
61263372
61261447
61263127
61261927
61261786
61262589
61263456
61263520
61263758
61263699
61178013
61194810
61210658
61226122
61242482
61258690
61275114
61289506
61307170
61323690
61340058
61355938
61371554
61387352
61404331
61422344
61439608
61455232
61471384
61487195
61505048
61521443
61539528
61554403
61572984
61586379
61602011
61619947
61635411
61651035
61667043
61686296
61701920
61717584
61733216
61751912
61767504
61783208
61798784
61814496
61833584
61849224
61864864
61878074
61894059
61909432
61930176
61945808
61961432
61977096
61992656
62007123
62028168
62043800
62059448
62075160
62090816
62106440
62122080
62142528
62155778
62171603
62187620
62202963
62218523
62234179
62249811
62270571
62286283
62302179
62317835
62333138
62349099
62364755
62380058
62402115
62417490
62435608
62451288
63591308
61265059
61266395
61266353
61266417
61266642
61266513
61266558
61266392
61266408
61264925
61264813
61266064
61266776
61265728
61266921
61265277
61183467
61198096
61213945
61229310
61245841
61261976
61278393
61293974
61309270
61325849
61342368
61358089
61374822
61390513
61407502
61421966
61439158
61454710
61472358
61487686
61503414
61521094
61536886
61552446
61570286
61588231
61603863
61619454
61637527
61653159
61668750
61687135
61702719
61718358
61734004
61749639
61768278
61783999
61798463
61815270
61833207
61848974
61864350
61880254
61895830
61911342
61933319
61948910
61964679
61980335
61994662
62010399
62030102
62045926
62061318
62077022
62092606
62110815
62126454
62146975
62162607
62178278
62192719
62208486
62223942
62239502
62260702
62276358
62294303
62309894
62325663
62341263
62355646
62371470
62386862
62411143
62426871
62441198
62456750
63594447
61268777
61267910
61268651
61268438
61268926
61269719
61269765
61269773
61269735
61270425
61269790
61268022
61267934
61268582
61268734
61269214
61185334
61202365
61218025
61234090
61248585
61264962
61281289
61297713
61314585
61331170
61347778
61363431
61380201
61395911
61412897
61428479
61445762
61461426
61478633
61494397
61510026
61527601
61543247
61558936
61576704
61592424
61608048
61625944
61641640
61654655
61670418
61688703
61704394
61719991
61735815
61752471
61770247
61788120
61802472
61819408
61838560
61854216
61869840
61885552
61901200
61915600
61936328
61950728
61966352
61982354
61997439
62013304
62033431
62049082
62064727
62080346
62095591
62111495
62126887
62147583
62164320
62180048
62194647
62210362
62225935
62241415
62258671
62280456
62293615
62311696
62327336
62343056
62358696
62374344
62389082
62410839
62426303
62444176
62458576
63597384
61272002
61271834
61271522
61272594
61271719
61272872
61272832
61272564
61272564
61271380
61271239
61271988
61272711
61272724
61273021
61273157
61187225
61202111
61217953
61232972
61248914
61265575
61281879
61297631
61314175
61330527
61347311
61362775
61379967
61394103
61408637
61424185
61443954
61459658
61472922
61492600
61508336
61525912
61541544
61557258
61574986
61588308
61603927
61619644
61637479
61655448
61671152
61685250
61702671
61718471
61733962
61751976
61770776
61786360
61802064
61817696
61833352
61852440
61868160
61883792
61899424
61915080
61934552
61950136
61965768
61981496
61997056
62012688
62032568
62048200
62063856
62079560
62093883
62110776
62126408
62146640
62162496
62178216
62193848
62209480
62225208
62240768
62256424
62277432
62293064
62308792
62324352
62338723
62355640
62371344
62385667
62408776
62424360
62440064
62455624
63600422
61274703
61275402
61274248
61275872
61275789
61275709
61275864
61275596
61275596
61274492
61274351
61275111
61275852
61275844
61276186
61276186
61190376
61204916
61220494
61236247
61252049
61268478
61285375
61301015
61318263
61334933
61351374
61367095
61383951
61399516
61415318
61430870
61448196
61466199
61483373
61499301
61514965
61532541
61548173
61563748
61581623
61597196
61612917
61628398
61646495
61662006
61676527
61696111
61710782
61727348
61742967
61758629
61776086
61791732
61807454
61823350
61842527
61857886
61875638
61889222
61904999
61921695
61938713
61954358
61969820
61985508
62002535
62018199
62037991
62052464
62069047
62084999
62100572
62116271
62130476
62149730
62165614
62181398
62196788
62212414
62228038
62243796
62260668
62281694
62297389
62312964
62328613
62344303
62357633
62373185
62388884
62410882
62426494
62441879
62457367
63603542
61278041
61277668
61277604
61278516
61278919
61279056
61277412
61279021
61278999
61278782
61277321
61278150
61278921
61279049
61279151
61279325
61193507
61207946
61225942
61241630
61257955
61274251
61288362
61303794
61321459
61338107
61354635
61370323
61387114
61402814
61419746
61435443
61452614
61468195
61485586
61500043
61515642
61533482
61548842
61564914
61582394
61597898
61613546
61631755
61649634
61665355
61680995
61699331
61714955
61730627
61746251
61760570
61779379
61794802
61810698
61826418
61845437
61863526
61879230
61894821
61910402
61924773
61945646
61961090
61976883
61991130
62006965
62022600
62043598
62060429
62076147
62091738
62106123
62124246
62139966
62160347
62176003
62190402
62206211
62221618
62237442
62253029
62275291
62290882
62306442
62320971
62337781
62353478
62369090
62384787
62400354
62421043
62436594
62452317
62470158
63606627
61281379
61280365
61281224
61280883
61281155
61281760
61281960
61282303
61282324
61282329
61282267
61281227
61282337
61280552
61280432
61281157
61198916
61213544
61229248
61245320
61261013
61277502
61294086
61310193
61327038
61342455
61359254
61375016
61391382
61407275
61426520
61442209
61459409
61475033
61491161
61507088
61522659
61540155
61558121
61573753
61591593
61607225
61621641
61639712
61655072
61672105
61687737
61706081
61721641
61737369
61751761
61770328
61786307
61801859
61817523
61835409
61854657
61870289
61884721
61900544
61916075
61931667
61951083
61966667
61984753
62000385
62016041
62030505
62050664
62066123
62084017
62099449
62115377
62131033
62150432
62165899
62181563
62199577
62215233
62230937
62246569
62261256
62281856
62297683
62315721
62331377
62345841
62361587
62379425
62395129
62409896
62431321
62448145
62462888
63609802
61284183
61283871
61283740
61284740
61284276
61283455
61284823
61285120
61285208
61285235
61285283
61284907
61285054
61283841
61284289
61284651
61201078
61215250
61233444
61249444
61265455
61280375
61298015
61314422
61330143
61346670
61363279
61378846
61395890
61411390
61428431
61444022
61459819
61475582
61493107
61511031
61526654
61544343
61559998
61575623
61592198
61609095
61623422
61641447
61656883
61672523
61688301
61706749
61723518
61737975
61754782
61772267
61790335
61804707
61820531
61836187
61855131
61870694
61886627
61904551
61920214
61935911
61954371
61969955
61985243
62001091
62016651
62033543
62053406
62069103
62084622
62100319
62115982
62131607
62147286
62167767
62183334
62199047
62214686
62228999
62245926
62261695
62282566
62298287
62313926
62329575
62345214
62360951
62376502
62392199
62407790
62428619
62444203
62459683
62475387
63612863
61287064
61286926
61286883
61287918
61287462
61286606
61287918
61288431
61286635
61288399
61288431
61288263
61288407
61288185
61288123
61286742
61207241
61221919
61236543
61252543
61268415
61283472
61301047
61316207
61331935
61348455
61365292
61380996
61397624
61413468
61431435
61447026
61464382
61479948
61496242
61512083
61527363
61545042
61560762
61578693
61596253
61612093
61626557
61645757
61661389
61677027
61692677
61710925
61726653
61742285
61756677
61776669
61791061
61806811
61822226
61838050
61857226
61875157
61888445
61904077
61919930
61935234
61954837
61971733
61987293
62002701
62018581
62032901
62051866
62067354
62082906
62098522
62114154
62130154
62145720
62167253
62182885
62198517
62214173
62229805
62245461
62261093
62276755
62297757
62313485
62329141
62344773
62360429
62375989
62391693
62404978
62426613
62444773
62460477
62476061
63616022
61290828
61289535
61289284
61289852
61289417
61289972
61289585
61290524
61290223
61290492
61291254
61291355
61291570
61289969
61291411
61291649
61206947
61219331
61234699
61248195
61262468
61288363
61304668
61319879
61335187
61351787
61367339
61384219
61400910
61416470
61433278
61451320
61468641
61484216
61499840
61516460
61531552
61549296
61564856
61580886
61596971
61614262
61629984
61645259
61663064
61679094
61694475
61710182
61728523
61744158
61760816
61777752
61794088
61807510
61822928
61839944
61855568
61874753
61890312
61905976
61921665
61937264
61952816
61972473
61988016
62003656
62019297
62034944
62050592
62069281
62085040
62100504
62116315
62132227
62147784
62167931
62183779
62201592
62217032
62232952
62248592
62264168
62278640
62300904
62315328
62331139
62346774
62364616
62380328
62396129
62411616
62427352
62447945
62463947
62479355
62495038
63627464
61301194
61300949
61301800
61301553
61301783
61302463
61302714
61302829
61302952
61303000
61303019
61302724
61302936
61301071
61301306
61302415
61217102
61232853
61246734
61262996
61278796
61291364
61308836
61325229
61340270
61355740
61371444
61388129
61404966
61420660
61437643
61453262
61470395
61486115
61501843
61521378
61536977
61554595
61570155
61585945
61602449
61618099
61633673
61649499
61667459
61685404
61701132
61719445
61735149
61750595
61766372
61782044
61800797
61815130
61832012
61846531
61862388
61881163
61897067
61912500
61928003
61943865
61963337
61979030
61996843
62012642
62028227
62043844
62063723
62079428
62093795
62109345
62125155
62140692
62157556
62175515
62188753
62204571
62220110
62236988
62253859
62269465
62284932
62306250
62321804
62337436
62351721
62368797
62381962
62399963
62415599
62431386
62453213
62467410
62484445
62500037
61304053
61305261
61305580
61305320
61305537
61305416
61305418
61303914
61303866
61305261
61304658
61305018
61304266
61305621
61305907
61305982
61305166
61225075
61236114
61250682
61266290
61284715
61301209
61311936
61329713
61346137
61362729
61378385
61394905
61411761
61427368
61443163
61459106
61476064
61492682
61507930
61526976
61541426
61556803
61572369
61588033
61603665
61621409
61637137
61652769
61670729
61686361
61702017
61717577
61735969
61751625
61766017
61781673
61800168
61816240
61831528
61847160
61862952
61882073
61895417
61909761
61921808
61937521
61950681
61967753
61982209
61996673
62013569
62028305
62043984
62063336
62078968
62097129
62112833
62128417
62144049
62159753
62180273
62194936
62210528
62225744
62241856
62257128
62273024
62288608
62311929
62327673
62342049
62357544
62373200
62388952
62404680
62422697
62444401
62460121
62474929
62491409
63633705
61308313
61307980
61307918
61308558
61308787
61309052
61309092
61308958
61309033
61308955
61308901
61307629
61307664
61308061
61308960
61308965
61224391
61236873
61253816
61268000
61283801
61300240
61318155
61330448
61345371
61362104
61377776
61394168
61411195
61426867
61443600
61461768
61478936
61494568
61510289
61526344
61542032
61559656
61576552
61592184
61609993
61625568
61641152
61656880
61674801
61688016
61703627
61719516
61737552
61753184
61768984
61784544
61804424
61820196
61835488
61849200
61863360
61880283
61897072
61912704
61927024
61943993
61959632
61979172
61992497
62007984
62023608
62040472
62056128
62075904
62091697
62107272
62122832
62138560
62154185
62169835
62190332
62204705
62221576
62237208
62252921
62268560
62284260
62305208
62320768
62335120
62352129
62367720
62382105
62399108
62414699
62428968
62449576
62465192
62481096
62496897
63636617
61310877
61311842
61310594
61311621
61311893
61312108
61312030
61312089
61312094
61311893
61312773
61310576
61310589
61311304
61312000
61312216
61226581
61241225
61254137
61267855
61283225
61299447
61315743
61332015
61344946
61362801
61378466
61395026
61410455
61425017
61444482
61457633
61473783
61490433
61506017
61523655
61539105
61554905
61572345
61588049
61603799
61621584
61637304
61654055
61672058
61687551
61703344
61718839
61737320
61752887
61768544
61784103
61800367
61816023
61834160
61849751
61865448
61884543
61900328
61915823
61931544
61947183
61962912
61982239
61997968
62013599
62029296
62044887
62060584
62080343
62094712
62111663
62127312
62142879
62158600
62173063
62194736
62210391
62226088
62241679
62256136
62271999
62287279
62308287
62324367
62339583
62355582
62370934
62386647
62402210
62419018
62435967
62457808
62473458
62487856
62503479
63639832
61314230
61315102
61314355
61314787
61314843
61315180
61315254
61315166
61315217
61313312
61315053
61313781
61313883
61314232
61313853
61315165
61229991
61242072
61258576
61274476
61290201
61306344
61320259
61336656
61353080
61369571
61384089
61398334
61415311
61430710
61448030
61463407
61480695
61496206
61514295
61531655
61547441
61563054
61580609
61595151
61611894
61629590
61645359
61661015
61678886
61694558
61710174
61725799
61742817
61759833
61775407
61791063
61809774
61825430
61839822
61856847
61871518
61890606
61905983
61921959
61937182
61952766
61972374
61988089
62006017
62021398
62037319
62050535
62066102
62086078
62101878
62117297
62132953
62151025
62166847
62187126
62200546
62213711
62230497
62246174
62261806
62277503
62293094
62312862
62328927
62344071
62359833
62376610
62393554
62409166
62424798
62440430
62462295
62477862
62493582
62508039
63643044
61317383
61318239
61317500
61316646
61317950
61318338
61318442
61318338
61318303
61316513
61318182
61317108
61316926
61317518
61318770
61318639
61234105
61244986
61261820
61277512
61293271
61309382
61324327
61342039
61355958
61372550
61388182
61402814
61420422
61434863
61453151
61468823
61485982
61501607
61517270
61534623
61550286
61566015
61582295
61595616
61611241
61628985
61644641
61660345
61678233
61693922
61709489
61725282
61743537
61759186
61774890
61790522
61809113
61824810
61839154
61854786
61869454
61888486
61903918
61919826
61936698
61952289
61966602
61984870
62000551
62016118
62032118
62047822
62064490
62084346
62099617
62115586
62131290
62145562
62161129
62176826
62196294
62211991
62227390
62243022
62258882
62274647
62290358
62306961
62326794
62342450
62358302
62373526
62389182
62404999
62420590
62436153
62457929
62476090
62491657
62507442
63646138
61321127
61321274
61319675
61321276
61321412
61321299
61321268
61319531
61319582
61320897
61321454
61321382
61321639
61321786
61321241
61321614
61234656
61249411
61265319
61280580
61296254
61312526
61330903
61346557
61362885
61379573
61396165
61411751
61428527
61441654
61458970
61475479
61492671
61509615
61526999
61542631
61558071
61576055
61591687
61607311
61625007
61640647
61656375
61671999
61689887
61705599
61721159
61739567
61755127
61770791
61785255
61800879
61819807
61835319
61852207
61866935
61882591
61901271
61916881
61932486
61948183
61963775
61983634
62001383
62017047
62032751
62048399
62063959
62083895
62099479
62113791
62130759
62146471
62160951
62176503
62196959
62212743
62229375
62246343
62262055
62277687
62293039
62308671
62330007
62344743
62360095
62378055
62393799
62409399
62424751
62439519
62461295
62476935
62492690
62508407
63649303
61323445
61324252
61323415
61324512
61322999
61324664
61324755
61323843
61324659
61324471
61325391
61323231
61323181
61323938
61324527
61324634
61238968
61254778
61267043
61283732
61299347
61315716
61329459
61343283
61361076
61377668
61391947
61409916
61426700
61442396
61459307
61470131
61485756
61501842
61517515
61535230
61551701
61566263
61585006
61600638
61616335
61634103
61649742
61665463
61683399
61698990
61714687
61730319
61747214
61764223
61779879
61795518
61814255
61829943
61845438
61859847
61876791
61894590
61911599
61926127
61942894
61958591
61974247
61993582
62009375
62024935
62040502
62056223
62071927
62090566
62107439
62121831
62138662
62153119
62169943
62185582
62206095
62221799
62237406
62253022
62268719
62284238
62296367
62311790
62331835
62347203
62362982
62378622
62394315
62409971
62425675
62441118
62462902
62478667
62494262
62509955
63652440
61326539
61327251
61326457
61325985
61327179
61327596
61327722
61327390
61327491
61325923
61325910
61326747
61327419
61327427
61327957
61328013
61240603
61253183
61269746
61285677
61301309
61317622
61333692
61350142
61365195
61383093
61396309
61415282
61430837
61447746
61464867
61480523
61495291
61510925
61526506
61543914
61559226
61574061
61592879
61607285
61623220
61640548
61656180
61673270
61688684
61702092
61717444
61733452
61751844
61767068
61782996
61798356
61817084
61835293
61850935
61866501
61882148
61901381
61916124
61931564
61948244
61962693
61978292
61998108
62013348
62029223
62044708
62061388
62078397
62098292
62113989
62128340
62143900
62159727
62177628
62198213
62213844
62229469
62243900
62259868
62275116
62290812
62307720
62329924
62345549
62360015
62375724
62391188
62409260
62425045
62440663
62456309
62476732
62492364
62508212
63655285
61329744
61330523
61329525
61329104
61330467
61330753
61330697
61329091
61329155
61330064
61330725
61330776
61331084
61331129
61330212
61330166
61243753
61257545
61270817
61287362
61303177
61319378
61335545
61352082
61365980
61382844
61398521
61414841
61432930
61448497
61464285
61478689
61495996
61511740
61526057
61543469
61559073
61574738
61592393
61607994
61622393
61640226
61655721
61671556
61689492
61704996
61720852
61736212
61754756
61772649
61788386
61804009
61821538
61837129
61852689
61868524
61883964
61903116
61921225
61936922
61952585
61966833
61982681
62002025
62017665
62029900
62045490
62061433
62076892
62096748
62112476
62128978
62145953
62161650
62177257
62191905
62211980
62227964
62245850
62261513
62276084
62291476
62309561
62330706
62345161
62360668
62378850
62394417
62408753
62426970
62441665
62459321
62481258
62495721
62513761
63658434
61332712
61332546
61332279
61333322
61333514
61333707
61333856
61333848
61333971
61333574
61333649
61332444
61332270
61342404
61343142
61343206
61257862
61271012
61285419
61302375
61318141
61334349
61349371
61366981
61382136
61399701
61415522
61429991
61444124
61461096
61478005
61493669
61508383
61524015
61539871
61557396
61571541
61587212
61604764
61620492
61636052
61653892
61669452
61685156
61703116
61717573
61734332
61750101
61766191
61781551
61797383
61815004
61834004
61849725
61865220
61880876
61895340
61914284
61930319
61945759
61961343
61979501
61995092
62014564
62028948
62044612
62062756
62078477
62093148
62112900
62128487
62146157
62161972
62177604
62192092
62212695
62230653
62243927
62261941
62277381
62292141
62307780
62325660
62345500
62361276
62379221
62394884
62409269
62426172
62440629
62456316
62477852
62495996
62511652
62526044
63670868
61345177
61346022
61345185
61344713
61346017
61346426
61346327
61346287
61346346
61344449
61346182
61345006
61344918
61345713
61345084
61346337
61263169
61276601
61293559
61308810
61325361
61341673
61355496
61371558
61389012
61405473
61422196
61437825
61453225
61467696
61484944
61500336
61517633
61533192
61551831
61567456
61583279
61599425
61615217
61628408
61646123
61661907
61677366
61694452
61712198
61727975
61743270
61759191
61774966
61790651
61806425
61823313
61839499
61855104
61871150
61887767
61903183
61922481
61936889
61953820
61969366
61985180
62004534
62020191
62035831
62051545
62067169
62082884
62098398
62118295
62133991
62148173
62165185
62180881
62196513
62215801
62231424
62248210
62265161
62279448
62295200
62311072
62326782
62347519
62364393
62380047
62395609
62411241
62426830
62442480
62458169
62473766
62495615
62511343
62526967
62542646
63674176
61348364
61348441
61348282
61349006
61349206
61349530
61349490
61349431
61349474
61349294
61350166
61348193
61348737
61348985
61349818
61349823
61264163
61278508
61294377
61309893
61325778
61342441
61358663
61374581
61392031
61408601
61425239
61440993
61457718
61473393
61490310
61506025
61523206
61538921
61556150
61571913
61587470
61605153
61620814
61636505
61654118
61667400
61683109
61699934
61717857
61730861
61746709
61764837
61780694
61797553
61812926
61828841
61845064
61860909
61876469
61893302
61908993
61928038
61943801
61959326
61974793
61990662
62009921
62025718
62041505
62057030
62072793
62088318
62108233
62123902
62139521
62155094
62168445
62184077
62199605
62220445
62237038
62252753
62268326
62284041
62299542
62315257
62330830
62349464
62365117
62380821
62396285
62411917
62427917
62443334
62459025
62474622
62496685
62513358
62529049
62544662
63677270
61351734
61351639
61351449
61352353
61352481
61352696
61352698
61352741
61352618
61350844
61352548
61351364
61351233
61351913
61352588
61352644
61269320
61282929
61298571
61313973
61330256
61346627
61364316
61379811
61396251
61412770
61429545
61445096
61461939
61477547
61494660
61510208
61527361
61541760
61559217
61575048
61590392
61607944
61623640
61639410
61659482
61672819
61688674
61704400
61721987
61737962
61753202
61771794
61787442
61805307
61821043
61839682
61855411
61871021
61885435
61902258
61920378
61936178
61951578
61967090
61985122
62000862
62020322
62034978
62050218
62065930
62081698
62099715
62117146
62132773
62150867
62166573
62182219
62196578
62212546
62233090
62249659
62265154
62280955
62295610
62311058
62326618
62347842
62363426
62379050
62394514
62411275
62428286
62443882
62459571
62473922
62496042
62511405
62527181
62542634
63680300
61354611
61355363
61355512
61355665
61354128
61355713
61355855
61355772
61355839
61353947
61355675
61354368
61354282
61355034
61355666
61355789
61388952
Peak: 63712971
Average: 61021246.64685563
