0
136876
171239
514661
870858
1196194
1656515
2368990
2667955
3035185
3539480
3902725
4383828
5255179
5432054
5754247
6224392
6680404
7166399
7415931
7812453
8370943
8787790
9060810
9367627
9613582
9773034
10500583
10795461
11163360
11742733
12461622
12743169
13053328
13535519
14095091
14458674
14796471
15439072
15830312
16334544
16544530
16675649
16756068
17100664
17264031
17553852
17937057
18075837
18300720
18992667
19126161
19452327
19623775
19722589
19725201
19965452
20145590
20298204
20465155
20845479
21264051
21417812
21991229
22467637
23194966
23438343
23830946
24138387
24443992
24467909
24616049
24776205
24975276
25145523
25456844
25746495
26076087
26647869
26915888
27456840
28092536
28904434
29639176
29953241
29955865
29961073
29958493
29977720
29989441
30236258
30826620
31327051
31592949
31842727
31994304
32228877
32343182
32428016
32496718
32525854
32620006
32717968
32981427
32980900
33437871
34360082
33884591
34381524
34501948
34673821
34721645
34741829
34778357
35083146
35190353
35809180
35902514
36227483
36790942
36862077
37094601
37539639
37713044
38023375
38417948
38417783
38417748
38418225
38281182
38732425
38931937
39110410
39189863
39333136
43195014
43470768
43525276
44122257
44148914
44205469
44239166
44292609
44372109
44415470
44489057
44528043
44581318
44635667
44688324
44821601
44899446
45120246
45196855
45671059
45831041
45853845
46407336
46818008
46860307
46913733
47107099
47178852
47236097
47448775
47539758
47662025
47979689
48113432
48355686
48564374
48644679
48791410
49071818
49203441
49205693
49208320
49210290
49213818
49216184
49218925
49221695
49224258
49226042
49229074
49231969
49233843
49237421
49239778
49242899
49244805
49248343
49250079
49252522
49255457
49259068
49261842
49368096
49370062
49372525
49375180
49376967
49379694
49382285
49374716
49512428
49593868
49608285
49886059
49983804
50181971
50251947
50338287
50361227
50374843
50407123
50435896
50507618
50495729
50692767
50764809
50881494
51037929
51428219
51526296
51839515
52099504
52499220
52546527
52898020
52942862
53670011
54172055
54457828
54523242
54568461
54637172
54689041
54861204
54901435
55008841
55045995
55190068
55192973
55195156
55099692
55276608
55712303
55902064
55974354
56107108
56524592
56919142
56974155
57379442
57454031
58189086
57726111
57945084
57980515
58193645
58241761
58215379
58465612
58487898
58571846
58905372
59646075
59831083
59922347
59997835
60055635
60102831
60294353
60330979
60378445
61380940
60942052
61260274
63590723
65919473
68248315
70576324
73070995
75398950
77725679
80053281
82547932
84874315
87200983
89527302
91855166
94181743
96510515
98836512
101164653
103658491
60920845
60924909
60926202
60926761
60926159
60925810
60927028
60927245
60926017
60927410
60926430
60926416
60927785
60926911
60928141
60928377
60927816
60928363
60928671
61903559
64396565
67055889
69883231
72541736
75201776
78029194
80687806
83515165
86174199
89000516
91659843
93986339
96315454
98641281
100969577
103295745
60931960
60932763
60933785
60932684
60934274
60934443
60933683
60934594
60934846
60934738
60933501
60934941
60934990
60933634
60934301
60934267
60934972
60935316
60934003
62077437
64569640
67228010
70053802
72880686
75538960
78366115
81024855
83850906
86678381
89335943
91996116
94491565
96818133
98977221
101305510
103777114
60936820
60936093
60935581
60936883
60936981
60936886
60937066
60935935
60935936
60935967
60936101
60937392
60936104
60936707
60936181
60937369
60937523
60937405
60937700
62244993
64905019
67563935
70223621
72881923
75541714
78368496
81027005
83854352
86513034
89339317
91999568
94160298
96487209
98813883
101142099
103779786
60939497
60939048
60938485
60939555
60939459
60939349
60939665
60939089
60938758
60939716
60940016
60938643
60939973
60939987
60939376
60938758
60940130
60939027
61084164
63078440
65738603
68397649
71056911
73717246
76376732
79036526
81694566
84353910
87014076
89507806
91834655
94162327
96322894
98649583
100978087
103305514
60940217
60941105
60941386
60941372
60940090
60941628
60940592
60941164
60940376
60941898
60940790
60940804
60942275
60942450
60941679
60941631
60942989
60943313
60943181
62085332
64576944
67237110
69895752
72554887
75214503
77874380
80701394
83361161
86021187
88678709
91339165
93665481
95994783
98321207
100482286
102809049
60942899
60943522
60943059
60943597
60944213
60944412
60943307
60944337
60943235
60943613
60943652
60944388
60943477
60944452
60944693
60944695
60944764
60944770
60944921
61587449
64081431
66573222
69232588
71892884
74552500
77211300
79870822
82530478
85356780
88016796
90676167
93002371
95330559
97658376
99819170
102145818
60944947
60945500
60945732
60944513
60945462
60945741
60944938
60944841
60946463
60946410
60945313
60946410
60946586
60945598
60945830
60945291
60946589
60945401
60945243
61256692
63584467
66075955
68735082
71560621
74220930
77047938
79706733
82533743
85191297
88018857
90677783
93171789
95332624
97658773
99988485
102147516
60946806
60947585
60947871
60946596
60946563
60947920
60947975
60947204
60947387
60946747
60948256
60947103
60947139
60948330
60947193
60947744
60947392
60948487
60947299
61092410
63253071
65745820
68404527
71065147
73724639
76384112
79211126
81536520
84196328
87023483
89682702
92175336
94503468
96831212
99157846
101318503
103790383
60948820
60949616
60949743
60948896
60948783
60949554
60949915
60950022
60950743
60951999
60951335
60951611
60952296
60952744
60952895
60951562
60952370
60953026
60951724
62426491
65086567
67745647
70403582
73063182
75890111
78217264
80711067
82871183
85530303
88190026
90850277
93177021
95506235
97665317
99993717
102320458
60953957
60953940
60952702
60953865
60952639
60953080
60953035
60953843
60954103
60953973
60952979
60954313
60954268
60953682
60953397
60954176
60954361
60954469
60954339
61098163
63424821
66083861
68743030
71402302
74062906
76722429
79382425
82041233
84701152
87528391
90188595
92681267
94841966
97168445
99495006
101657091
103796261
60955619
60954337
60954514
60954299
60955512
60954257
60954444
60955481
60955647
60955142
60954762
60955651
60955942
60955731
60956998
60957067
60956544
60956860
60955915
62264054
64424266
67084367
69742615
72403363
75062017
77721628
80381505
83041256
85701470
88527596
91187494
93514369
95675000
98001687
100163661
102490067
60957706
60957676
60956551
60957924
60957624
60957663
60957782
60957150
60957078
60957830
60958009
60958125
60957826
60958105
60957248
60957139
60958174
60958435
60958295
60957828
60957131
60958605
61268028
63594328
66087086
68746332
71406750
74067036
76725756
79385286
82044157
84704045
87531433
90191590
92684270
94844958
97005226
98999434
101328939
103799270
60958928
60958466
60958116
60959111
60957924
60957830
60959261
60959254
60958560
60959666
60959414
60958477
60959891
60959472
60958781
60958746
60960056
60959812
60937499
63430231
65922897
68416007
71075159
73901576
76561568
79221191
82047807
84706815
87534176
90193207
92685927
95015240
97340423
99668736
101996496
60960345
60960666
60960698
60960686
60960537
60960647
60961518
60960645
60961429
60961673
60961781
60961051
60961632
60961793
60960667
60961744
60960532
60961135
60960644
60940563
63267220
65260330
67586624
70080408
72740877
75400716
77893082
80552821
83213117
85872795
88531661
91191869
93352206
95681666
97840825
100170369
102329585
60963540
60963085
60962192
60962398
60961952
60962487
60961965
60963402
60963412
60962197
60963329
60962160
60962677
60962426
60963726
60963818
60962472
60963482
60963718
61273609
63599857
66092569
68752932
71244956
74072527
76564743
79390864
82049639
84709439
87369575
90029655
92522767
94684297
97011169
99171408
101499567
103804903
60964540
60964630
60964057
60964754
60964990
60965071
60965256
60965253
60964191
60964900
60964235
60964916
60964500
60965698
60965637
60965784
60964871
60966540
60966891
62440118
65100249
67591664
70251359
72910887
75570351
78230023
80889951
83549879
86044628
88703623
91363804
93690447
95851172
97346844
98675963
100506956
102333748
60967405
60967665
60967403
60967641
60967077
60966732
60968069
60967806
60967850
60967733
60967969
60967831
60967221
60966738
60967995
60968156
60967160
60967957
60968091
61444105
63604639
66264719
68923783
71415958
74076216
76735956
79395827
82055721
84216028
86876960
89535183
92195936
94356914
96684336
98843741
101173045
103332200
60968386
60968584
60968749
60967703
60968797
60967518
60968022
60967894
60968831
60967745
60968838
60969218
60968555
60968261
60969099
60969351
60968296
60969195
60969525
62276744
64936762
67595718
70255354
72914844
75574466
78232916
80892736
83552763
86214013
88871554
91531688
93859474
96020309
98346610
100508709
102835554
60969088
60970505
60969451
60969558
60970655
60970734
60969468
60970702
60970757
60970915
60969928
60970766
60971045
60971034
60969857
60971061
60970563
60971170
60969886
61117138
63276140
65936363
68595484
71253753
73913875
76740833
79399404
82058310
84718188
87378180
90038265
92531217
94860418
97019449
99346026
101675425
103813450
60972888
60971759
60972251
60972064
60972784
60972924
60973119
60973167
60973152
60972978
60973190
60973210
60972533
60971973
60973284
60972155
60972171
60973382
60973569
62612900
64939370
67599176
70091497
72918423
75578064
78237819
80897466
83556224
86216344
89042549
91702751
93861878
96190126
98517590
100845742
103172302
60974082
60974102
60973507
60973997
60974394
60972994
60973003
60974282
60973062
60973728
60972982
60974485
60974579
60974344
60974652
60973540
60973780
60973057
60974662
62116289
64442989
66934885
69593431
72253417
74913166
77572819
80232977
82892921
85551625
88211497
90871699
93198243
95527334
97686451
100014654
102342433
60974342
60975113
60975263
60975449
60975434
60974015
60975500
60974159
60975561
60974282
60974767
60974762
60974289
60975436
60975672
60975810
60975626
60975929
60975255
60974613
62948581
65274373
67934545
70260172
72420953
75081857
77741503
80400176
83061347
85720122
88379086
91039106
93365682
95693906
98020642
100349754
102508826
60976384
60976870
60977556
60977784
60977841
60977064
60976458
60977721
60976541
60976600
60977295
60978063
60977470
60977160
60977904
60978132
60978282
60977168
60978024
61287957
63614855
66274812
68933780
71426266
74086378
76745796
79405768
82064700
84724548
87384339
90044573
92537288
94866535
97025597
99352013
101680469
103819705
60978838
60977551
60978140
60978716
60977832
60977724
60978988
60978901
60978122
60977709
60978157
60978224
60978952
60979290
60979224
60979056
60979190
60979485
60978450
62618862
65111862
67771041
70597371
73256820
75915187
78574699
81234702
84061915
86720595
89379534
92039659
94035147
96363099
98522275
100850659
103176923
60978931
60979088
60979939
60979999
60979887
60980254
60980057
60979514
60978895
60980128
60980424
60979086
60980463
60980440
60979465
60979504
60980214
60980517
60980488
61955264
64448159
67107041
69767913
72427372
75086956
77579396
80406476
83066346
85725589
88383916
91211522
93370676
95200338
97528010
99688844
102015266
60980768
60980273
60981687
60981652
60980220
60981478
60981463
60980552
60981296
60981612
60981597
60981574
60981773
60981807
60980472
60980891
60981366
60980709
60981914
60959442
63452142
65780064
68272997
70932237
73591685
76251301
78910973
81570797
84229661
86889549
89716949
92209701
94370348
96696861
99024685
101352672
103824533
60984004
60983055
60982870
60984259
60984023
60983038
60983942
60984199
60983152
60983531
60982811
60983484
60984252
60983190
60984355
60984498
60984534
60983735
60983519
62791506
64950350
67276950
69937687
72430042
75089496
77749406
80409172
83068774
85728808
88555152
91215344
93541905
95702696
98028963
100191046
102517731
60985139
60985130
60984967
60985348
60985286
60985199
60984639
60983804
60985307
60984089
60984241
60985265
60985383
60985521
60984715
60984243
60985401
60985580
60985747
61130683
63125080
65285617
67445684
69272527
71933792
74425938
77085650
79746714
82238104
84899178
87391918
89885939
92379587
94540686
96868258
99027340
101189583
103827274
60986340
60985176
60985319
60985868
60985588
60986375
60986517
60986481
60985351
60985885
60986747
60986191
60985876
60986604
60986942
60986855
60985586
60986926
60986089
62960197
65452068
68110777
70771201
73430657
76089041
78748825
81408659
84235733
86895705
89553790
92047457
94375395
96703278
98862179
101190617
103518307
60987361
60987575
60986328
60986531
60987533
60987753
60987770
60987052
60987690
60987985
60986650
60986730
60987856
60987749
60987226
60987068
60988194
60988125
60988437
62461597
64954248
67613253
70439891
73099339
75758731
78417354
81078439
83570976
86231019
88889867
91549941
93877685
96038331
98366147
100527250
102853465
60988577
60988922
60987799
60988278
60987672
60988964
60987752
60987883
60989107
60989215
60988083
60988481
60989107
60990641
60990814
60990744
60990954
60989722
60990738
61466939
63960141
66618822
69278822
71938814
74598519
77258127
79750630
82410424
85069334
87729331
90389422
92882102
95043950
97371732
99531406
101859474
103832178
60990284
60990872
60990270
60991698
60991847
60990670
60991178
60992061
60991374
60991273
60991823
60992102
60992125
60990928
60992255
60992383
60991768
60991437
60970936
63296586
65955445
68614612
71273606
73933878
76760930
79419594
82078495
84905723
87564768
90224764
92717661
95045706
97373162
99532980
101861850
103833667
60992861
60993067
60993044
60992290
60992177
60992913
60992910
60993235
60991907
60991894
60993381
60993380
60992769
60993222
60993495
60992320
60993555
60993540
60992133
62966500
65458144
68284422
70776178
73435666
76095236
78755208
81414874
84074786
86734615
89393809
92054991
94214671
96542091
98702324
100864538
103192268
60994082
60993465
60992977
60994375
60994301
60994392
60994457
60993190
60993762
60993252
60993700
60993649
60994936
60995007
60993901
60994766
60995061
60995097
60994473
61803528
64462883
67121563
69780754
72440336
75100307
77759795
80419451
83079275
85739291
88232197
90892101
93218837
95548081
97707290
100036531
102195634
60994806
60995546
60995671
60994577
60994611
60995845
60994614
60995163
60994624
60996085
60994814
60994509
60996033
60996209
60995346
60995949
60996287
60995021
60996424
61472327
64132682
66624322
69283303
71942911
74602551
77262241
79922135
82582056
85240920
87900758
90561152
93054862
95215643
97542494
99870413
102030779
60996127
60996255
60995520
60997005
60997168
60995998
60996396
60997207
60996355
60996379
60997217
60997469
60997927
60997961
60998993
60999141
60999347
60999371
60998036
60997980
62972324
65463901
68122923
70782268
73441709
76268641
78928242
81586860
84246599
86906907
89734333
92226052
94555061
96714189
99040983
101368927
103840567
60999998
60999370
60998794
61000013
60999009
60998777
61000309
60998923
60999437
60998978
61000225
61000353
60999248
61000582
61000500
60999885
60999904
60999739
60999154
63305783
65797413
68456453
71116005
73775962
76435909
79095325
81754333
84414406
87242141
89901469
92393864
94722981
97049840
99209045
101537448
103842581
61001922
61001041
61001204
61000735
61001963
61002143
61002116
61001318
61002062
61002340
61002355
61001477
61000893
61002255
61001118
61001075
61002243
61002538
61001546
62975188
65466658
68125760
70786011
73278280
75937904
78597624
81257304
83917364
86577391
89236191
91897458
94056575
96384582
98545044
100873185
103200966
61002890
61002054
61003438
61003202
61002193
61003230
61003277
61003305
61002499
61001987
61003360
61003421
61002367
61003497
61003627
61003552
61002452
61003626
61002681
61003435
61003743
61003550
62144269
64305064
66797800
69456813
71617496
74278939
76938664
79598413
82257459
84917709
87576469
90236795
92730833
94891644
97219233
99378312
101706769
103845847
61004888
61004967
61004132
61004033
61004820
61005150
61003986
61005094
61003914
61004544
61004052
61005155
61005436
61004127
61005461
61005620
61004616
61004663
61004213
62978436
65471319
68130301
70622151
73281460
75941084
78600975
81260583
83920440
86580686
89239676
91899639
94227360
96388355
98548442
100876916
103036959
61006215
61005741
61005341
61005543
61005364
61006253
61006454
61005285
61006204
61006487
61005653
61006394
61006630
61006666
61005852
61005297
61006619
61006755
61005841
61150408
63809393
66301731
68962025
71621530
74281754
76940071
79599943
82258815
84918559
87578620
90238799
92734687
94895397
97221879
99549569
101710491
103849680
61009086
61007885
61008259
61008451
61008179
61009161
61009397
61008164
61008265
61009289
61009520
61009645
61008265
61009009
61008745
61009416
61008438
61008432
61009681
62649899
65309738
67801460
70461780
72953956
75613436
78273420
80934244
83593156
86252828
88912948
91573119
93732223
95894391
98221916
100382694
102710476
61009387
61010463
61010771
61009901
61009802
61010805
61010787
61011103
61009830
61010977
61011169
61010176
61010294
61010963
61011301
61011163
61009932
61011301
61011429
61653581
64146648
66806866
69465653
72125733
74785301
77445013
80104821
82764338
85256211
87916271
90576493
93070293
95231104
97558741
99719768
102046004
61012461
61011291
61011184
61012366
61011027
61010985
61012407
61011268
61011765
61011624
61011360
61012055
61011587
61011574
61012997
61011788
61012250
61012330
61013114
60992017
63317341
65977474
68636570
71295952
73956058
76615698
79275616
81767366
84426959
87087632
89747585
92240197
94569287
96728401
99054991
101384455
103854797
61014245
61013501
61013210
61013496
61012997
61014412
61014486
61013233
61014655
61014670
61014271
61013674
61015025
61014076
61014068
61015234
61015561
61014938
61014079
63320766
65812401
68471632
71130727
73791048
76450560
79110699
81769420
84429018
87256485
89916721
92409405
94570179
96896633
99056890
101385286
103856755
61016005
61015306
61014996
61016225
61016294
61015171
61015085
61016436
61016354
61015888
61015286
61016552
61016631
61015268
61016691
61016795
61016333
61016130
61015524
63321825
65814801
68306484
70967017
73626393
76118624
78945721
81604355
84097951
86925440
89584328
92077128
94238970
96565560
98559679
100888232
103215720
61016800
61016205
61017620
61017771
61017544
61017803
61017880
61017208
61017634
61017913
61017986
61017840
61018068
61018024
61017269
61016895
61018144
61018303
61018280
62325317
64984138
67642642
70303602
72962954
75455458
78115117
80774925
83434541
86095821
88754661
91247463
93575258
95735777
98063658
100224444
102551330
61018609
61018960
61017491
61018871
61018966
61020236
61020862
61021200
61020224
61021008
61021338
61021454
61020750
61020142
61021402
61021640
61020606
61021386
61021724
61664986
64156771
66816561
69308132
71968188
74628932
77121155
79781164
82608367
85267180
87927204
90586631
92912662
95240689
97568497
99729315
102056028
61021565
61021587
61021236
61022047
61022310
61021459
61022258
61022443
61022557
61022657
61022108
61022457
61022701
61022745
61022510
61022642
61022914
61022794
61022316
61001342
63326950
65986832
68478515
71138103
73798011
76457861
79117560
81776440
84436421
87096379
89923980
92416676
94577369
96904920
99064245
101392307
103864071
61023400
61022100
61022708
61022199
61023431
61023518
61023357
61023746
61023037
61022751
61023532
61023870
61023673
61022419
61023738
61022550
61023086
61022859
61002491
63328122
65987914
68479457
71140098
73632266
76291898
78951850
81611461
84271365
87098429
89758722
92251418
94411961
96738810
99066293
101227386
103554898
61024560
61023309
61023188
61024678
61024663
61023972
61023289
61024731
61024867
61023695
61024246
61024971
61024399
61024135
61024914
61025099
61025063
61023823
61025107
62664665
65323582
67983935
70643099
73302475
75962219
78621803
81281424
83941416
86600261
89259133
91753084
94079864
96409021
98568144
100730052
103057933
61025834
61025913
61025086
61025096
61024690
61026046
61026136
61026079
61024708
61026123
61026278
61025590
61025310
61026199
61026494
61026305
61026193
61026552
61026350
61668544
64161366
66820384
69479269
72138991
74798629
77458273
80118170
82778101
85604294
88264301
90923259
93250955
95411897
97738595
100067746
102226817
61026138
61026795
61027001
61026052
61026841
61027106
61027077
61026445
61025869
61026762
61026011
61025997
61027273
61027503
61027049
61026777
61027607
61027835
61027799
61338633
63830620
66490863
68982078
71642078
74301935
76961575
79621570
82448519
85107391
87767415
90426303
92920082
95080956
97407528
99735947
101896186
61028740
61027859
61028435
61028582
61028589
61028515
61028708
61028846
61028091
61027663
61028799
61027772
61027967
61028889
61029256
61029191
61028705
61028467
61029152
61006405
63499638
66158399
68817839
71476887
74138343
76798042
79457546
81949297
84609325
87269178
89929397
92423349
94584085
96911856
99070965
101399058
103870707
61030279
61029341
61028903
61030218
61029041
61029005
61030117
61032608
61032205
61032080
61031855
61032627
61032879
61031963
61032680
61032862
61031983
61032055
61011434
63336854
65997089
68656236
71148036
73808319
76468239
79295255
81786679
84447807
87106911
89766983
92260647
94421503
96749183
98908281
101070527
103398079
61032861
61033669
61033913
61032946
61033735
61033891
61032967
61033298
61033952
61034131
61033990
61032801
61034026
61034146
61033430
61033347
61034022
61034389
61034332
62508727
65000269
67659301
70318460
72978173
75637821
78297429
80957157
83617317
86276901
88935981
91595981
93922524
96084637
98411013
100740405
102899532
61034741
61034890
61034182
61033637
61034870
61034970
61034896
61035140
61035248
61034429
61033904
61035209
61033946
61034063
61035167
61035513
61035528
61034757
61034312
62009908
64669098
67327944
69988531
72480936
75140136
77799848
80460880
83120760
85780792
88272218
91099872
93426232
95587259
97914792
100075827
102402152
61034659
61035484
61036316
61034923
61035190
61036099
61036289
61035317
61035376
61036354
61036331
61036461
61035061
61036358
61036494
61035967
61035746
61036541
61036651
61013999
63674263
66000836
68492564
71153007
73645511
76304751
78964660
81624172
84284428
86944348
89602820
92096811
94426268
96585294
98912164
101241407
103400516
61035571
61037263
61036404
61037362
61037408
61037608
61037125
61036759
61036730
61036823
61036236
61037621
61037840
61036844
61037671
61037856
61038044
61037305
61036742
62012178
64339094
66832071
69490980
72150654
74811548
77303873
79963607
82623904
85283599
87943351
90603821
92930306
95091258
97417514
99745849
101905994
61037434
61038073
61037519
61038441
61038927
61038771
61037535
61038667
61037471
61037863
61038076
61038020
61037619
61038817
61039016
61037726
61038132
61038945
61039248
61038315
62679794
65005255
67664216
70323835
72984120
75643792
78303304
80963173
83623029
86283013
88941885
91268645
93262581
95424549
97751245
100079357
102239580
61038989
61039641
61039671
61039801
61039646
61039890
61040087
61039324
61038737
61039903
61038809
61038727
61039430
61040297
61039661
61039338
61040074
61038943
61038959
61183839
63510565
66003334
68663547
71323071
73815726
76476627
79136508
81795390
84455228
87115260
89775105
92268122
94429124
96756590
98915889
101245212
103404311
61039756
61040950
61041023
61040803
61041105
61040997
61040408
61039661
61041199
61041246
61040405
61041645
61041452
61040485
61040915
61040216
61041433
61041553
61040928
62348112
64676289
67169025
69828369
72320606
74980222
77639854
80299512
82959572
85119937
87780998
90273798
92766606
95094604
97254910
99581444
101910822
61041146
61041420
61041184
61042270
61043776
61043936
61044145
61044929
61045224
61045223
61044460
61044064
61045175
61044046
61044184
61045432
61045460
61044477
61044848
61023930
63349695
66009709
68668620
71328167
73988266
76647855
79307800
81965397
84626491
87285245
89945389
92438330
94766291
97094151
99253190
101581334
103886747
61046025
61045317
61045029
61046009
61046203
61045002
61046051
61045185
61045589
61044893
61046337
61045278
61045237
61046454
61045215
61045871
61045383
61045904
61023929
63684210
66175651
68836046
71495428
74155566
76815314
79475232
82134077
84793909
87453998
90114184
92439448
94767632
97095320
99254683
101583821
103887981
61047476
61046940
61046536
61047714
61047423
61046443
61047383
61046292
61046993
61046273
61047514
61047663
61046588
61046978
61047848
61046894
61046886
61047673
61026457
63519056
66010736
68670912
71162921
73823185
76482708
79142503
81801334
84461180
87121204
89781643
92274145
94602270
96930059
99089044
101418566
103888975
61048609
61047362
61047796
61047740
61048535
61048750
61048838
61048895
61048588
61048832
61048781
61048085
61047648
61048959
61047779
61049067
61047768
61048928
61049491
62523657
64683023
67010527
69502037
72162013
74821893
77481453
80141370
82801021
85460186
87953690
90613874
92940490
95269775
97428839
99757439
102084783
61048859
61048991
61049070
61049861
61049925
61048839
61049912
61050106
61049016
61049163
61049942
61050023
61050172
61048987
61050068
61050450
61049677
61049558
61050192
61027906
63521995
66013396
68673829
71333071
73826014
76485724
79312901
81970398
84630596
87290570
89950412
92442977
94772511
96931652
99258470
101587583
103891764
61050968
61051043
61050487
61050309
61050964
61051151
61050219
61050070
61050460
61049896
61050506
61049909
61050668
61051436
61050528
61051213
61051449
61051638
61030064
63355962
65848631
68507416
71167956
73660476
76319953
78979236
81640466
84132883
86792999
89451612
92113121
94272875
96601591
98760666
101090131
103249417
61051604
61051324
61052341
61052359
61051363
61052205
61052374
61052545
61052610
61051553
61051751
61052452
61052645
61052813
61051541
61052764
61052877
61051652
61052412
61695186
64355309
66846981
69506899
71999503
74659079
77320037
79979923
82472439
85131346
87791140
90451684
92778011
95106506
97433816
99593685
101922378
103894192
61053568
61052645
61052842
61052311
61053517
61052761
61052323
61053826
61053900
61052827
61053272
61052837
61053878
61053900
61054138
61053989
61054115
61053287
61053975
62693982
65186628
67846845
70338545
72997841
75658764
78150986
80811068
83470924
86130961
88789505
91451026
93610367
95939329
97932591
100261793
102420959
61054746
61054916
61053575
61053634
61055035
61054958
61054326
61053724
61055096
61053833
61053795
61055014
61055466
61053946
61054567
61054177
61055337
61054108
61054049
61365413
63858241
66518611
69009810
71670476
74163578
76823103
79482917
82141613
84801517
87461497
90122953
92448239
94776150
97104055
99263557
101592642
103896792
61058952
61058166
61057592
61058942
61057789
61057989
61059380
61059115
61057895
61058540
61057900
61059229
61058119
61058185
61059409
61059378
61059422
61058638
61038141
63363670
66022395
68681845
71341181
74001059
76661939
79320507
81979798
84640461
87300574
89960808
92286108
94615517
96774698
99102403
101263261
103590911
61059978
61060249
61058919
61060124
61059043
61059587
61059344
61060712
61060409
61059464
61059048
61060939
61060398
61060561
61059808
61059327
61060517
61059388
61059514
62701533
65193464
67853393
70345072
72838261
75498106
78157571
80818732
83478534
85971014
88630150
91290639
93617894
95778956
98106349
100267160
102595065
61061336
61061591
61060545
61060120
61061500
61060288
61060888
61060400
61061502
61061753
61060371
61061663
61060445
61060837
61060693
61061883
61060651
61060667
61061782
61537813
64197112
66689929
69182456
71842376
74502341
77161650
79821570
82481384
85140256
87800210
90460544
92954350
95115337
97442070
99603694
101930134
61061655
61061810
61061862
61062698
61062767
61061697
61062656
61062884
61061960
61062166
61062953
61063020
61062139
61063336
61063223
61062168
61062539
61061856
61063175
61040568
63700685
66192261
68685368
71344429
74005944
76665584
79325480
81984339
84476690
87136672
89797006
92289544
94618963
96778173
99105875
101266669
103904435
61064068
61063984
61063948
61063172
61063231
61064010
61064310
61062948
61062854
61064130
61062993
61063537
61063524
61064311
61064386
61064553
61064289
61064533
61063694
63036620
65529004
68188272
70847320
73507168
76166616
78993432
81653325
84313157
86972261
89631116
92292245
94620365
96946789
99273309
101434357
103905830
61065193
61063957
61064266
61064239
61064616
61065389
61064349
61065327
61065405
61064634
61064826
61064284
61064813
61064359
61064316
61065592
61065733
61065199
61044346
63369720
66029592
68521496
71181894
73674291
76334561
78994473
81486939
84146765
86806552
89465773
91959821
94119829
96449286
98608469
100937849
103097029
61066432
61065481
61065251
61066398
61065296
61065138
61066470
61065293
61065877
61065546
61066765
61066742
61066735
61065839
61066604
61066883
61065650
61066063
61066357
61875502
64535392
67026827
69686906
72179666
74839117
77498806
80158662
82818968
85477479
88137511
90797655
93124209
95452485
97779877
99940973
102267285
61066907
61066228
61067323
61067463
61067599
61067614
61066259
61067719
61067945
61067021
61067008
61067687
61067931
61067951
61066508
61067888
61067984
61067965
61068124
61046521
63371859
65864944
68524169
71184326
73677067
76336404
78996031
81655403
84316475
86976492
89634209
92128300
94457596
96784034
98943262
101272607
103431722
61067564
61068663
61068761
61067818
61068760
61068902
61068324
61068183
61068795
61068966
61068975
61067756
61068437
61069088
61068287
61068236
61069015
61069200
61069172
62210026
64702605
67195364
69854933
72515563
75007950
77667323
80327195
82987391
85645921
88307248
90967444
93293884
95454507
97614949
99943499
102103493
61068917
61068973
61068530
61069263
61068703
61069936
61068834
61068670
61070079
61070115
61069424
61068850
61070177
61070356
61069074
61070752
61070334
61070451
61069653
61069219
63042244
65535147
68194282
70853378
73512669
76172633
78831981
81491812
83819273
86479314
89138186
91799706
93958906
96288074
98447127
100776578
102935954
61071014
61074318
61073613
61074283
61074417
61073546
61074271
61074542
61074498
61073917
61073357
61074590
61074854
61073546
61074538
61074774
61074861
61074114
61073605
61718285
64210069
66870117
69528917
72188917
74847317
77008308
79336093
81662797
83990269
86649909
89308941
91970189
94129418
96458752
98617684
100947269
103273717
61074238
61074846
61075073
61075518
61075719
61074723
61075533
61075769
61074997
61074805
61075928
61075972
61074749
61075973
61076001
61075077
61075208
61075952
61076129
62382963
64875634
67535727
70195058
72687523
75346838
78006571
80667581
83327564
85987486
88646371
91306607
93465673
95794143
98121634
100282544
102610188
61076696
61076868
61075713
61076845
61077037
61076238
61075699
61077042
61077011
61076907
61077100
61077166
61077321
61076710
61075931
61077105
61076019
61077387
61077160
61554502
64046293
66706349
69197909
71858954
74351386
77010746
79670650
82329514
84989346
87649370
90309490
92803426
94964354
97291658
99450937
101779378
103918571
61077885
61077861
61077296
61077942
61078237
61077131
61077987
61078164
61076982
61077416
61077203
61078326
61078405
61078364
61078400
61077195
61077986
61078607
61057102
63382773
65875255
68534285
71193493
73854197
76514437
79173229
81832133
84492173
87151996
89978429
92472373
94633063
96959444
99286357
101449429
103919709
61079072
61079151
61078577
61077929
61079199
61078097
61077931
61079193
61078075
61078555
61078427
61079350
61079564
61079520
61079328
61079564
61078483
61078592
61058150
63383973
66043003
68702922
71194730
73855426
76515888
79175827
81667203
84327026
86987083
89645912
92140226
94468160
96794634
98954968
101283122
103610920
61080166
61080374
61079125
61079265
61079690
61079153
61079550
61079630
61080409
61080639
61079347
61079376
61080529
61080839
61079704
61079966
61080702
61080844
61080923
62387729
65046662
67540805
69866666
72526106
75185930
77845342
80505580
83165021
85825445
88483901
91144116
93471133
95799765
97959092
100287341
102613909
61081574
61080309
61080425
61081366
61081567
61081767
61080403
61081270
61081187
61080792
61080515
61081934
61081954
61081923
61080590
61081887
61081913
61081099
61081160
61060512
63385787
66044593
68703649
71363367
74023465
76682947
79510249
82168161
84827929
87654004
90314177
92806932
95134905
97462700
99622532
101951153
103923090
61082759
61082217
61081728
61082736
61082895
61081611
61082824
61082756
61082884
61082312
61082040
61082896
61083004
61083099
61082931
61083108
61083107
61082339
61061831
63387417
66046433
68705201
71364665
74024745
76685625
79345521
82004249
84664153
87323881
89984369
92309528
94637828
96798449
98958400
101286673
103614393
61083701
61083907
61082636
61083922
61084038
61083296
61082817
61083241
61084044
61083150
61083904
61084263
61083208
61083595
61083280
61084109
61084222
61084275
61083315
62558889
65050111
67710127
70202535
72863015
75522631
78182047
80674726
83334767
85994695
88653431
91314055
93473990
95635910
97963743
100124567
102452311
61083787
61084765
61084940
61083771
61084136
61085311
61085059
61084343
61084215
61084994
61085187
61084127
61085039
61085224
61085349
61084645
61084496
61085950
61084186
61229258
63889586
66380681
69041066
71532987
74193519
76852854
79513276
82171961
84831470
87492700
90152067
92645732
94806487
97132808
99293181
101621549
103926754
61086235
61086309
61085420
61086220
61086306
61085401
61086187
61086431
61086475
61085736
61085384
61085927
61086767
61085480
61086510
61086689
61086227
61085963
61065283
63390590
66049540
68709923
71201906
73862213
76689075
79348971
82006533
84666307
87326326
90154011
92646707
94974827
97301323
99460563
101789891
103927875
61087409
61087459
61086578
61087241
61087485
61087529
61086124
61087385
61087490
61087784
61087711
61086681
61086753
61091318
61091503
61091569
61090300
61091570
61090695
63064437
65556086
68049262
70375622
72704038
75031230
77358590
80018454
82678262
85337126
87997150
90657342
92982558
95311926
97471214
99632662
101793702
103932694
61092275
61090969
61091745
61090859
61092303
61091128
61091144
61092312
61092483
61091402
61091706
61092442
61092729
61092706
61091357
61092654
61091375
61091759
61071360
63396718
65889452
68548685
71207789
73869376
76528973
79020676
81680126
84339958
87167519
89827575
92152918
94481098
96808855
98967838
101296319
103933949
61093414
61092141
61092676
61093329
61093500
61092474
61093330
61093515
61093704
61092783
61092575
61092442
61093600
61093851
61092615
61093123
61094014
61093437
61072498
63065940
65558700
68218686
70710663
73369947
76029933
78856684
81515526
84175201
87002625
89661510
92154297
94482414
96810217
98969256
101297432
103935260
61094793
61093575
61093804
61094583
61094875
61094889
61094692
61094877
61093969
61093976
61094779
61095079
61093896
61094824
61095175
61093990
61094073
61094995
61095303
62569764
64894854
67553636
70214511
72706616
75533503
78193287
80853012
83512854
86172946
88831782
91492008
93651180
95980433
98139686
100468249
102795454
61095708
61094512
61095067
61095886
61095403
61095160
61095825
61096074
61095180
61095950
61096178
61096185
61095379
61095366
61096625
61096279
61096425
61095121
61096222
61240225
63567022
66226645
68718461
71377522
74038978
76698749
79358426
82017402
84677234
87337258
89996210
92490146
94650986
96977682
99305165
101465841
103937504
61095755
61095894
61097028
61096928
61096479
61097188
61096451
61096446
61096513
61097275
61097426
61097421
61097418
61097420
61096915
61096686
61096243
61097586
61096398
61096731
61241176
63401827
66061837
68554034
71214161
73706270
76365796
79025437
81519240
84179906
86672938
89332825
91826941
93986248
96147964
98475706
100637649
102797091
61097359
61098180
61098319
61097525
61097434
61097607
61098536
61097329
61097770
61098674
61097665
61097922
61097793
61098993
61098837
61097825
61098660
61098837
61098975
61408783
63901668
66393978
68720581
71047632
73707053
76367171
79026921
81686117
84346038
87005981
89665238
92159005
94319979
96647387
98807814
101136417
103463767
61098643
61099363
61099459
61099571
61099665
61098454
61099478
61099516
61099644
61099702
61099027
61098323
61099788
61099884
61098707
61099982
61100053
61100075
61099406
61116753
62757632
65417983
67909526
70569028
73063518
75723271
78382723
81042831
83702876
86361542
89021250
91681285
93676865
95837661
98164212
100492193
102818701
61119094
61120186
61120465
61119644
61119815
61120036
61120035
61120821
61120798
61119688
61119667
61121055
61121151
61119964
61120604
61120478
61120406
61121126
61121421
61098885
63260847
65753599
68245466
70904455
73565143
76057562
78716919
81377088
83871111
86531555
89190090
91850403
94178219
96339211
98499106
100827427
103155187
61122702
61121576
61122221
61121522
61122797
61121762
61121914
61123162
61123246
61123232
61122600
61122104
61123294
61123524
61122411
61123417
61123572
61123566
61122791
61599662
64092744
66752987
69411673
71904460
74563919
77224025
79884681
82544564
85035953
87695865
89857593
92351600
94513447
96672820
99000391
101161194
103488803
61123951
61124386
61124476
61124601
61123403
61124427
61124039
61124631
61124671
61123491
61123959
61124372
61124845
61125008
61125095
61124204
61124153
61123702
61124964
61102490
63264290
65757338
68249154
70909146
73568818
76061041
78721032
81380832
84040405
86700781
89359424
91853359
94179981
96341984
98668701
100997837
103156876
61125897
61126040
61125002
61125411
61125159
61124968
61125619
61126262
61125373
61124685
61126195
61125077
61125378
61125655
61125554
61125538
61125159
61126744
61126040
61125352
63098597
65591249
68084174
70577358
73070486
75730278
78389886
81049536
83709525
86369712
89029493
91522488
93848781
96010789
98338550
100499315
102825813
61127251
61126262
61127661
61127235
61127497
61126725
61126610
61127397
61127582
61126357
61126493
61126737
61127911
61126872
61127036
61126548
61127765
61127952
61127063
61271706
63598065
66091131
68750083
71409411
74069640
76729622
79389447
82048199
84709127
87369210
90028154
92522149
94682866
97009360
99169578
101503264
103973602
61132716
61132791
61132815
61132972
61133030
61132261
61132044
61132882
61133169
61133197
61131872
61133016
61133195
61132402
61132512
61133234
61133446
61132154
61132285
62274154
64767057
67425857
70085346
72746084
75404769
78065318
80725196
83383804
86043982
88702649
91363073
93689438
95851369
98178047
100506198
102833965
61134069
61132988
61133372
61134118
61133685
61133539
61133099
61134155
61134277
61133544
61134282
61134628
61133329
61133763
61133665
61134427
61134781
61133540
61133620
61445831
63938807
66265030
68756802
71417370
73576986
76237989
78897605
81557469
84050089
86710057
89368897
91862788
94190593
96351452
98678913
100840020
103167564
61135255
61135390
61134508
61134890
61134114
61135437
61134921
61135643
61135662
61134311
61134749
61135538
61135884
61134549
61134999
61134865
61135783
61135960
61134711
61281024
63607431
66099007
68759222
71418550
73911230
76572180
78897685
81391268
83719930
86546018
89203666
91864074
94190554
96518778
98678914
101007354
103334947
61136535
61136915
61135338
61136626
61135438
61136615
61136003
61136708
61136914
61136823
61136898
61135734
61137005
61137133
61136569
61136379
61135610
61136950
61137421
61114819
63607700
65934384
68427087
71086485
73579607
76240426
78900101
81392502
84052655
86713671
89372415
91866535
94025591
96354938
98514309
100843519
103002877
61137617
61138062
61136956
61137156
61136658
61137971
61138177
61136911
61138036
61138200
61138359
61137414
61137015
61137768
61138383
61137251
61138112
61138332
61138564
61780696
64108782
66601570
69092968
71752380
74413668
76906131
79566110
82224689
84885753
87378355
90038619
92365066
94359153
96521206
98848091
101177196
103336589
61138536
61138394
61138279
61138948
61139214
61139199
61137807
61139374
61137988
61138519
61138289
61139284
61139498
61139538
61139582
61139610
61138369
61138529
61139855
61450627
63777475
66269232
68928056
71588680
74248896
76741039
79568272
82227205
84887037
87547061
90206437
92532460
94860917
97188368
99347416
101677029
103981088
61140347
61138958
61139677
61139456
61140082
61140361
61139222
61139184
61140584
61139090
61139661
61139672
61140482
61139231
61140579
61140598
61140557
61139452
61140680
61450536
63610831
66103776
68762685
71255775
73917170
76409183
79068744
81728498
84389239
87049338
89708256
92034759
94362736
96523280
98851037
101011855
103339546
61140413
61140661
61140501
61140088
61141409
61140342
61140256
61141052
61141703
61140800
61140867
61141493
61141729
61141889
61140649
61141351
61142061
61142105
61141088
61619220
63945018
66604967
69096124
71756917
74249847
76909429
79570544
82229327
84721949
87381792
90043174
92368656
94696574
96857176
99184728
101345506
103983243
61142371
61142389
61142356
61141490
61142565
61142806
61142800
61141978
61142024
61142693
61142937
61141703
61141740
61142885
61141791
61142327
61142076
61142948
61143227
62118064
64611721
67103693
69763452
72256226
74915778
77575675
80236376
82896301
85387756
88047665
90707913
93035609
95196588
97524122
99683913
102011567
103984452
61143949
61142515
61142960
61142863
61143109
61143786
61144183
61143972
61143876
61144002
61143231
61143468
61143273
61144197
61144280
61144367
61144089
61144419
61143597
62617775
65110419
67769477
70429989
72922232
75083325
77576768
80236824
82896237
85389128
88048885
90709560
93035597
95197599
97524253
99853597
102012632
61144071
61144982
61144040
61144376
61143876
61144895
61144976
61145147
61143898
61144213
61143874
61145731
61145187
61145315
61145355
61145523
61144357
61144959
61144274
61145578
61953704
64613892
66939293
69597955
72259280
74751704
77245149
79573739
82065317
84725479
87385027
90045614
92371835
94700358
97027735
99187035
101516236
103986529
61146089
61146307
61145304
61145975
61146232
61145103
61146431
61145092
61145585
61145604
61146537
61145580
61145836
61145425
61147002
61146643
61145431
61145575
61146497
62620144
64947509
67439267
70099718
72425755
75085579
77746062
80405977
83065774
85557387
88218160
90878723
93205241
95366022
97692435
99854680
102181347
61146214
61146701
61146413
61147451
61147465
61147408
61147372
61146459
61147343
61147464
61147619
61147600
61147717
61147280
61147074
61146714
61147701
61147945
61146610
61146856
62288931
64781411
67441561
69933801
72593529
75253910
77913550
80572212
83233273
85892057
88551201
91211145
93372705
95367225
97527660
99689595
102016524
61147566
61147685
61147631
61148418
61148560
61147531
61147565
61148746
61148738
61148753
61148049
61147972
61147703
61148901
61147954
61147791
61148989
61149094
61149278
61148223
62456029
64782896
67275724
69935928
72428017
75087851
77748528
80408441
83068233
85727014
88219688
90880044
93206536
95535750
97694990
100023008
102350838
61149155
61148749
61153203
61154159
61154385
61154505
61153654
61154453
61154740
61153808
61154111
61153303
61153922
61153444
61154808
61154138
61154829
61153545
61153757
61155107
61155008
61155053
61153641
63126573
65620674
68112343
70606567
73266030
75758405
78417813
81077763
83737643
86397507
89057632
91550370
93878166
96039002
98366691
100527635
102855194
61155460
61154630
61154523
61155552
61155657
61156060
61155795
61156094
61155322
61155342
61155234
61155931
61155939
61156077
61154693
61156159
61156287
61155175
61155562
61154890
63128003
65620547
68280899
70772653
73432243
76092099
78751627
81411235
84071067
86731411
89390059
91884131
94211843
96372346
98699150
101028403
103021331
61156578
61156702
61156784
61156306
61156180
61156076
61155708
61156054
61156121
61156849
61157010
61157237
61156042
61157283
61157234
61155859
61156444
61156772
61156603
61155907
63129583
65456819
67948627
70441619
73100923
75761779
78254147
80914203
83574867
86234990
88726381
91387175
93714275
95874979
98202739
100363490
102690131
61157741
61157871
61157972
61156876
61157900
61158091
61158168
61158251
61157348
61157343
61158674
61158532
61158300
61157047
61158438
61157057
61157484
61157636
61158407
61137199
63296538
65789746
68449680
70941540
73600888
76261792
78921522
81247597
83575288
86069019
88728021
91388105
93548443
95877699
98037102
100198923
102526635
61158233
61159172
61159278
61158311
61159101
61159294
61159296
61158930
61158489
61159276
61159606
61159650
61158228
61159504
61159640
61159127
61158788
61159634
61159905
61137255
63630193
65956545
68449834
70942899
73269717
75929344
78588984
81250190
83742758
86402750
89061291
91722824
93881941
96211264
98370464
100699856
102858887
61159279
61160383
61160356
61160588
61159374
61160153
61159990
61159472
61160646
61160809
61160730
61159677
61160913
61160957
61159753
61159621
61160872
61159760
61160104
61159835
63132960
65627017
68118926
70777787
73270986
75930843
78590259
81250259
83910062
86570086
89230198
91723016
94049438
96378849
98538078
100699950
102860277
61160620
61161591
61160277
61160885
61160288
61161536
61161830
61160658
61161827
61162071
61162077
61161301
61160864
61162160
61162176
61160943
61160921
61162591
61162202
61472547
63798843
66457604
69117906
71776278
74270126
76929899
79590883
82249832
84742397
87402072
90062755
92556401
94716949
97043678
99204166
101199771
103361347
61161602
61162274
61162189
61162001
61161732
61162836
61162984
61163074
61163217
61162926
61163213
61163135
61163261
61162031
61163436
61162414
61162510
61162630
61162452
61141918
62969345
65462190
68121310
70781479
73273684
75933098
78592748
81253922
83746275
86406598
89065712
91559352
93885904
96047770
98375622
100536341
102862936
61164153
61163895
61164148
61163071
61163391
61162933
61163569
61164211
61163373
61164098
61164393
61164264
61164381
61163987
61163768
61163754
61163604
61164399
61164729
61142199
63634680
65629350
67789494
70449111
73109618
75601993
78261740
80755126
83414827
86075261
88735021
91395251
93554269
95883682
98042705
100372179
102531564
61165070
61165134
61165234
61165309
61164350
61165117
61165519
61165368
61164948
61164211
61165559
61164320
61164582
61165755
61165652
61165705
61165296
61165186
61164573
61164624
63138025
65630438
68289836
70950045
73442337
76101731
78762531
81422593
83915137
86575288
89234982
91727862
93888377
96217414
98376648
100538702
102366574
61166059
61165519
61165139
61166382
61166573
61166671
61166014
61165747
61166416
61166601
61165478
61165427
61166593
61166772
61166073
61165987
61166750
61166892
61165745
61165899
62474328
64800903
67460883
69953262
72612646
75272148
77933009
80592960
83252593
85912615
88571604
91231751
93390958
95719004
97879190
100207449
102535329
61166484
61167642
61167796
61166648
61167829
61166535
61167116
61166857
61168346
61168102
61166700
61167028
61166611
61167967
61166873
61167252
61167337
61167971
61168250
61145879
63473282
65798882
68459026
70950978
73611530
76103890
78763298
81424526
83585883
86079789
88738661
91231340
93557957
95719973
98047565
100208605
102536229
61167869
61168779
61168937
61167613
61168920
61167885
61168442
61168082
61169026
61169575
61169132
61167850
61169243
61168093
61168410
61168409
61168124
61169271
61168931
61148202
63474077
65800825
68460929
70952774
73113888
75773382
78433231
81092736
83752534
86412594
89071407
91731692
94059482
96220183
98546580
100876116
103035285
61170259
61169157
61169331
61169045
61170380
61170615
61169498
61170351
61170643
61170669
61170705
61169750
61169774
61169780
61169953
61170089
61169446
61171112
61170877
61148449
63308818
65801922
68460831
71121103
73613330
76274015
78933559
81593495
84086098
86745890
89404783
91899082
94225345
96387215
98714975
100875991
103203319
61171565
61171564
61170763
61170302
61171810
61171910
61170550
61171580
61171816
61170548
61170868
61170961
61171689
61171874
61170641
61170750
61171823
61172112
61171599
61649259
63974837
66634947
69126451
71785651
74447110
76939569
79599549
82258260
84917827
87578052
90238226
92564807
94892804
97220626
99379854
101708898
103535991
61171814
61172618
61171422
61171553
61171710
61172872
61172064
61172341
61171744
61172910
61173156
61173133
61173059
61173095
61171797
61173094
61173171
61172255
61172527
61982763
64143217
66636089
69294801
71954860
74447055
77106885
79767789
82426522
84924388
87584572
90244550
92571337
94900451
97059558
99387441
101548482
104019721
61179058
61179057
61178577
61177921
61179067
61179195
61178176
61179453
61179422
61179394
61178813
61178194
61179057
61179700
61179702
61179640
61179655
61178748
61178260
62321660
64813567
66808273
69300590
71960849
74455252
76947561
79607668
82266121
84927252
87587204
90247468
92572892
94902065
97061305
99388921
101550001
104021254
61180255
61180373
61180337
61179494
61179825
61180434
61180611
61179529
61180471
61180605
61180624
61179947
61179531
61180560
61180702
61180752
61179936
61179857
61180779
62655397
64814356
67474488
70134045
72793365
75453182
78112770
80772608
83432362
86091206
88750072
91410302
93737951
95898872
98225548
100553565
102713839
61180576
61181537
61181603
61180093
61181472
61180354
61180560
61180951
61181711
61180529
61180857
61180846
61182174
61181941
61182058
61180877
61181935
61182171
61182068
61180723
62988804
65314263
67973687
70633730
73125884
75785362
78445099
81105813
83598736
86258467
88917411
91578853
93737867
96067299
98227563
99723265
101053238
103047778
61182422
61182628
61182622
61182693
61181327
61182677
61182650
61182725
61182106
61181791
61183002
61183132
61183074
61181851
61183038
61183303
61182230
61182314
61183246
61161941
63155357
65648142
68141067
70800177
73460835
75953005
78612862
81272734
83433854
85927697
88586985
91246798
93407088
95735254
98061712
100223945
102551561
61183066
61183895
61184037
61184135
61182859
61183281
61182963
61184208
61184258
61184370
61184343
61183161
61183454
61183325
61184232
61184621
61184547
61183069
61184551
61183801
62824488
65318552
67810953
70137169
72464393
74957502
77617382
80277049
82938012
85429750
88089907
90751041
93077582
95238558
97398598
99724979
101887182
104026345
61185090
61184403
61184488
61184214
61185179
61185300
61184435
61185160
61185556
61185453
61184656
61184477
61184429
61184824
61184581
61185445
61185914
61185790
61184550
62326622
64819433
67479618
69971678
72465178
75124586
77784421
80278224
82937765
85597896
88090495
90750911
93077207
95406624
97565875
99895276
101888125
104027249
61186255
61185519
61185584
61185595
61186272
61186437
61185833
61185434
61186653
61186613
61185410
61185717
61185876
61186510
61186848
61186804
61185580
61186326
61187145
62826701
65152963
67812927
70305332
72964964
75625555
78285022
80777722
83437802
86098658
88757297
91250314
93576711
95738776
98066461
100227395
102387911
61187931
61186590
61186505
61186848
61187600
61186691
61187797
61187723
61186901
61187245
61186605
61187706
61186847
61187880
61187963
61188037
61186703
61187449
61188091
61187000
62827781
65321948
67813411
70473747
72965736
75625454
78286446
80779022
83438766
86099950
88758867
91251663
93579353
95740430
97900646
100228845
102388968
61188028
61187358
61188713
61188919
61187747
61188879
61187750
61188299
61188104
61188283
61188262
61188896
61189167
61188426
61188029
61189053
61189310
61188085
61188485
61167791
63328144
65654720
67981566
70141196
72800442
75461391
78120965
80613754
83273514
85933455
88592178
91252730
93580071
95741199
98068615
100229626
102557183
61188608
61189850
61189892
61188912
61189803
61190111
61189936
61189232
61189032
61189955
61190242
61190176
61190000
61190228
61190286
61189590
61189318
61190246
61190498
61335434
63495770
65821443
68481499
70973272
73634032
76126186
78786067
81445693
84106765
86766808
89258317
91919664
94079221
96408096
98567200
100896760
102723472
61190988
61189856
61189904
61190955
61191118
61191212
61190458
61191476
61191414
61191544
61190543
61190314
61191164
61191293
61191652
61190546
61190178
61191440
61191627
61170221
63329231
65655885
68148944
70808492
73468766
75961183
78620478
81280600
83940252
86600186
89259604
91753212
94079842
96409061
98569412
100564036
102725640
61191281
61191263
61192237
61192245
61191173
61192289
61191479
61192357
61192273
61192532
61191653
61191575
61192383
61192555
61191262
61192414
61192650
61191924
61192738
61171637
63330789
65991088
68650056
71308168
73968663
76628154
79455336
82112877
84772837
87100317
89759155
92253611
94582635
96909166
99068280
101396859
104034195
61193361
61192632
61193301
61193604
61192290
61193560
61192665
61192702
61193160
61193752
61192399
61193830
61192468
61193086
61193574
61193759
61192764
61193955
61671206
63830511
66490603
69149469
71808128
74302032
76795266
79455296
82281451
84941230
87600395
90427694
92752910
95081022
97407534
99734774
102062718
61193627
61193964
61193635
61194313
61193327
61194412
61194750
61193575
61193724
61194640
61194708
61195237
61195036
61194082
61194039
61194767
61194055
61194357
61193628
61173744
63334441
65826311
68485398
71144235
73804982
76464675
79124256
81616912
84276744
86936504
89762752
92256864
94584984
96911480
99070535
101398944
104036509
61195827
61195020
61195682
61195799
61194627
61195729
61195687
61195520
61195733
61195816
61194746
61195776
61194698
61195197
61196184
61194912
61195903
61194984
61672219
64000463
66491527
69150593
71810025
74471473
77130211
79789630
82448888
85275937
87934662
90594971
93087843
95415627
97743363
99904337
102230765
61197206
61196214
61196739
61195643
61195528
61196993
61196954
61196397
61197114
61196211
61195723
61196993
61197233
61196960
61197204
61197242
61196105
61196552
61197128
61176145
63336787
65828350
68487454
71146630
73806070
76465710
79125782
81785149
84612446
87271206
89931558
92424045
94919582
97246142
99405165
101733681
104038884
61198065
61198312
61197177
61197964
61198075
61197971
61198164
61197812
61197430
61198107
61198351
61197035
61198493
61198363
61197672
61198283
61198621
61198619
61342376
63502886
65995405
68654678
71313701
73973965
76633701
79460990
82119092
84778444
87438876
89599068
92093164
94419425
96748633
98907760
101235961
103562553
61198283
61199440
61199255
61198022
61198166
61199271
61199430
61198440
61199429
61199510
61199487
61199460
61199087
61198726
61199611
61199749
61198454
61199741
61198940
62840554
65332324
67991176
70650186
73309856
75969541
78796378
81456250
84120754
86780989
89607033
92100243
94426475
96754846
99082203
101409213
103569530
61206064
61206409
61206106
61206516
61205740
61205933
61205543
61206364
61206719
61205674
61206522
61206597
61206143
61205702
61206917
61206848
61206865
61207001
61205676
62514091
65007863
67499530
70159066
72818442
75478130
78137842
80797736
83457568
86117303
88943576
91436439
93930373
96258429
98417609
100746063
103073406
61206358
61207416
61207513
61206655
61206497
61206853
61207684
61207942
61207617
61207041
61206760
61208003
61206408
61206502
61207904
61207935
61207193
61206616
61207887
62349976
64676651
67168163
69827355
72488275
75147891
77807459
80466297
83126177
85785577
88445011
91105155
93431656
95759776
98086577
100414521
102741185
61208657
61208612
61207241
61208750
61208650
61208841
61208786
61208843
61208059
61207851
61208659
61208820
61209005
61209049
61207940
61208795
61208908
61207790
61208355
61207959
63015153
65507913
68167055
70826217
73486684
76146188
78805868
81465796
84125612
86785668
89443244
91772399
93931572
96260745
98419894
100748311
103075884
61210082
61209781
61209140
61209649
61208649
61209793
61210029
61209198
61208630
61210066
61209984
61209867
61210103
61210075
61209198
61209248
61208784
61210183
61210311
62186081
64677612
67336852
69996484
72655732
75315412
78142324
80136244
82797300
85454924
88115300
90775159
93269084
95597204
97923628
100084510
102410924
61210292
61210969
61211106
61210716
61210917
61210098
61210039
61211162
61211195
61211225
61211014
61211280
61210084
61210598
61211319
61211402
61210281
61211445
61210415
61687859
64180599
66839399
69498567
72159504
74819130
77478777
80138699
82797200
85456359
88116455
90776437
93102794
95431066
97757639
100086840
102245954
61211510
61211492
61211934
61212467
61211521
61211460
61212249
61211247
61211204
61212229
61212332
61212220
61211148
61212483
61212522
61212711
61211868
61211342
61212538
61189924
63516972
65844479
68336236
70996660
73656108
76314508
78974396
81633959
84294031
86953723
89780108
92272844
94600956
96927452
99255284
101416032
104053823
61213242
61212648
61212399
61213121
61213349
61212271
61213505
61213412
61212889
61212177
61213584
61213467
61213449
61213693
61212688
61212611
61213542
61213829
61358719
63517793
66177876
68836883
71495057
74155208
76815048
79476035
82134795
84794705
87454723
90114921
92607648
94768659
97096020
99255406
101584716
103744892
61214205
61214417
61213119
61214300
61214608
61213757
61213737
61214481
61214650
61214839
61213242
61214693
61214821
61213486
61214187
61214155
61213787
61214769
61215195
62189590
64682580
67341960
70002277
72494247
75321341
77980909
80640888
83300645
85960752
88619624
91278656
93438848
95768208
97927336
100255549
102415820
61214947
61215016
61215641
61215537
61215764
61215268
61214811
61216137
61215936
61214721
61214545
61215040
61215903
61214791
61215324
61215113
61216282
61216229
61215001
61527387
63686406
66346543
69005639
71498788
73824623
76485562
79144159
81804213
84464109
87123757
89951397
92444152
94604898
96931250
99259013
101419761
104057570
61216720
61215621
61216218
61216727
61217086
61217007
61215751
61216965
61217044
61216209
61215900
61217053
61217253
61216084
61217259
61217387
61216204
61216390
61195822
63356413
65849224
68341166
71000350
73659790
76152923
78812819
81472857
84132697
86959948
89617593
92111497
94439369
96600030
98926716
101254606
103582497
61217300
61216732
61218429
61218222
61218250
61218597
61216935
61217407
61217466
61217497
61217609
61217033
61218178
61218306
61217183
61217241
61218526
61218688
61217986
62028287
64355090
66846746
69505498
72165295
74825002
77485810
80145746
82805554
85463186
88123282
90783551
93109850
95439247
97598254
99926711
102253511
104059943
61219128
61219381
61218354
61218663
61218194
61219274
61219467
61218183
61218170
61219386
61218564
61218703
61219498
61219573
61218717
61219433
61219763
61219727
61198217
63025204
65518308
68177538
70836423
73497120
76156827
78816432
81475200
84134824
86794856
89453763
92115334
94108475
95937693
98097986
99928022
101423326
103251499
61219927
61219223
61220450
61220644
61219309
61219522
61219789
61220517
61220702
61219829
61219399
61220158
61220926
61219685
61220076
61219977
61221354
61220898
61219980
61365853
63691250
66185055
68844232
71503437
73996287
76823280
79483264
82142047
84801893
87461925
90121157
92614902
94775683
97102309
99429787
101590571
104062258
61221723
61220385
61220859
61220728
61221803
61221801
61220464
61221836
61221850
61221210
61221765
61221899
61220837
61222171
61222067
61221079
61222237
61222074
61220810
63195127
65687989
68179805
70838949
73332162
75825573
78486397
81146253
83806005
86465789
89124082
91785165
94110506
96272316
98598821
100928349
103254869
61222859
61221998
61221552
61222839
61221584
61221673
61223015
61222941
61222047
61223365
61221805
61221898
61222863
61223027
61223071
61222482
61221943
61223082
61223479
62031962
64692100
67183570
69842874
72503326
75162393
77821580
80481719
83141455
85800332
88460164
91120436
93448231
95609192
97936709
100264966
102423883
61223260
61223844
61223991
61224119
61224057
61222826
61222943
61224037
61222913
61223398
61223118
61224078
61224084
61224263
61223089
61223249
61224324
61224509
61224545
61223260
63196756
65689176
68349525
70841189
73500697
76161671
78821287
81481194
83973622
86801057
89459833
91952991
94280453
96441162
98767973
101097021
103256333
61223849
61224509
61224221
61225208
61224079
61223782
61225341
61225326
61224462
61225385
61225426
61224342
61224689
61224721
61225532
61225576
61224915
61224686
61225987
62201359
64527184
67187032
69845960
72505912
75165520
77657701
79820392
82311840
84971808
87631647
90459288
92784456
95112845
97440432
99766880
101927711
104066984
61224947
61225788
61226225
61226482
61226532
61226291
61226578
61225582
61225264
61226570
61225492
61225777
61227030
61226807
61225985
61225899
61226635
61226922
61204233
63532441
66024370
68684379
71343534
73836052
76495156
79155438
81814916
84474777
87134579
89794011
92287603
94616907
96775939
99103479
101264713
103592278
61226693
61227334
61227534
61227679
61227358
61227637
61227652
61226935
61226638
61227683
61227711
61226798
61227948
61228019
61227847
61226726
61227791
61228056
61227263
61704126
64364267
66855958
69515901
72008822
74668104
77328158
79988912
82647466
85307564
87967624
90627880
92953375
95114986
97441543
99601938
101930071
104069335
61227447
61227990
61228203
61227880
61228926
61228903
61227725
61227599
61229041
61228096
61228097
61228892
61229090
61227949
61228899
61229119
61229185
61228451
61227843
63200834
65527559
68186670
70847066
73506494
75998678
78658537
81318342
83978310
86638174
89296918
91958358
94117489
96445494
98773310
100602942
102763350
61229844
61229730
61236410
61236576
61236627
61236479
61236532
61235473
61235878
61236724
61235851
61236096
61235384
61236815
61235646
61235573
61236763
61236999
61236861
61235758
63209997
65702741
68361781
71020836
73513076
76172716
78832123
81659404
84319236
86979364
89636916
92130908
94458708
96619299
98945940
101275332
103434435
61236875
61236688
61237523
61237569
61236400
61236568
61238047
61237863
61236867
61237011
61238097
61237991
61238086
61236782
61238117
61238033
61237420
61237232
61236963
61880296
64373448
66867178
69026452
71685548
74345764
77005612
79665364
82158158
84651790
87479236
90139356
92464694
94793020
97120556
99447135
101607902
104079511
61238652
61238885
61238364
61237982
61238712
61238924
61238939
61237758
61239203
61237838
61238352
61237848
61239154
61237958
61238025
61238465
61239378
61238814
61238070
63544724
65705187
68197099
70856243
73515711
76175099
78834873
81494641
84154449
86814740
89473612
91967448
94294304
96455830
98782480
101111785
103270867
61238646
61239174
61239110
61239822
61240133
61238929
61240071
61239142
61238971
61240203
61240528
61240492
61240214
61240458
61239123
61239523
61239763
61239131
61240546
61218246
63378439
65871394
68531713
71190941
73683053
76342821
79002286
81662286
84321859
86981861
89641064
92134880
94461349
96790685
98949805
101278049
103438385
61240408
61241052
61239811
61241188
61241365
61240382
61240659
61240121
61240706
61241525
61240633
61241377
61240256
61240813
61240512
61241108
61240661
61240202
61241582
62051124
64543988
67202989
69861730
72354597
75014050
77674258
80333452
82662371
84157916
85653567
87315289
89641813
92135983
94296263
96625468
98784718
100946772
103274380
61241098
61241159
61242200
61242444
61241080
61242473
61241853
61242319
61241268
61241147
61242561
61241739
61241776
61242667
61242909
61241993
61242726
61242954
61242880
61885125
64213228
66705980
69197339
71857102
74517390
77177795
79837710
82495665
85156457
87649009
90475409
92802038
95129966
97456534
99784287
101945070
104084391
61243626
61243683
61243009
61242590
61243432
61243601
61242529
61242625
61244169
61243831
61243935
61243291
61243062
61244065
61244216
61242929
61243975
61242916
61222676
63381872
65874889
68367679
71026793
73687524
76179841
78839508
81499315
84159218
86819193
89478019
92139260
94298758
96626710
98953055
101282514
103441635
61243783
61243590
61244990
61244195
61243462
61244673
61244915
61244890
61243700
61243708
61244898
61243646
61244260
61243987
61245047
61245306
61243982
61245218
61244116
61888725
64215386
66708066
69366842
72025530
74518994
77178642
79838850
82497413
85157245
87817269
90477752
92970221
95299234
97458537
99785922
102113242
61244787
61245979
61245096
61244506
61245972
61244795
61244666
61246028
61246271
61245173
61245202
61246099
61246174
61246320
61244923
61246439
61246234
61245653
61245034
61225062
63385687
65878483
68537631
71029375
73688708
76348340
79007970
81668027
84328984
86655589
89149345
91642164
93969959
96130655
98457176
100619159
102946991
61245752
61245430
61247175
61246108
61245900
61247074
61245988
61245749
61247274
61246030
61246390
61246520
61247256
61247390
61247507
61246106
61247500
61247695
61246582
61723588
64216895
66875703
69534635
72195722
74855263
77514860
80007410
82834567
85492180
87820823
90481361
92806652
95134775
97295017
99621673
101951025
104089064
61248146
61248452
61247341
61248169
61247083
61246973
61248488
61247300
61247726
61247114
61248473
61247312
61247320
61248749
61248789
61247331
61248728
61248777
61248092
63054387
65214466
67707330
70366770
73026501
75686005
78345505
81005357
83665350
86325189
88984262
91644268
93970771
96300116
98459222
100787646
103113979
61249262
61249469
61248595
61248186
61249484
61248384
61248231
61249558
61249860
61248851
61248620
61249267
61248755
61248361
61249907
61250002
61249322
61249705
61249949
62391093
64718822
67211594
69703022
72363148
75022529
77682292
80343339
83003212
85662004
88322100
90982292
93307572
95636860
97795998
100124131
102452020
61250344
61249989
61249896
61249786
61250657
61250736
61249666
61250806
61249669
61250140
61249788
61250883
61249754
61249516
61250981
61250929
61250348
61251018
61251195
61229949
63223137
65882963
68542117
71034027
73693483
76352965
79012997
81673646
84333582
86993459
89652401
92145418
94472959
96633631
98960301
101288266
103616135
61251010
61250714
61251135
61250515
61250574
61251938
61250638
61251191
61251046
61251859
61252031
61251079
61252168
61252223
61251308
61251177
61252331
61250990
61250905
62560377
65052232
67712065
70371685
72863711
75024748
77518260
80178289
83005311
85664175
88323076
90984383
93309591
95637783
97965572
100126409
102452869
61252481
61252763
61252875
61251792
61252888
61251802
61252448
61251855
61253096
61251959
61252069
61253149
61252039
61252655
61253099
61253504
61252271
61252462
61253337
61397502
63891174
66383948
69042960
71534954
74195114
76855005
79514818
82341013
85000882
87659730
90320967
92646356
94974590
97301006
99627463
101956871
104094838
61254109
61253177
61253425
61252980
61254262
61254239
61253110
61254118
61253009
61254228
61253276
61253476
61254329
61254624
61253670
61253806
61254371
61254743
61254673
62229312
64722007
67380641
70040249
72700989
75360573
78020278
80679999
83339878
85999966
88657606
91317998
93645558
95973662
98132744
100461079
102787518
61255287
61255296
61254162
61255701
61255336
61255542
61255593
61254881
61254486
61255366
61255573
61254259
61254579
61254307
61255467
61255580
61255684
61254811
61254891
61234476
63394221
65887928
68379744
70872666
73532229
76192899
78852537
81512355
84172217
86832260
89489857
91984097
94310465
96472615
98633919
100794655
103122517
61256378
61256474
61256568
61255647
61256897
61256779
61255462
61256731
61256931
61256244
61255870
61257319
61256995
61255862
61257268
61256930
61256945
61255983
61256358
62066757
64392450
67052343
69711131
72369934
75029496
77689333
80349056
83176352
85835059
88495273
91155402
93481991
95642566
97970307
100132352
102292681
61256708
61256904
61256516
61257001
61256394
61256250
61257694
61256525
61256874
61256812
61257684
61258081
61257079
61258149
61257981
61257116
61257380
61256737
61258056
61235601
63230071
65723918
68216845
70708563
73368005
76028875
78688386
81348556
84008227
86668206
89327083
91820222
94146405
95976040
97970030
99966048
101627878
104099422
61258702
61258029
61258290
61257663
61258844
61258944
61258989
61258999
61257836
61258852
61259067
61259141
61259181
61259294
61258018
61258367
61258386
61258653
61258925
61901648
64561969
67053558
69546225
72207364
74700561
77193276
79854202
82345940
84839136
87500225
90160700
92485988
94647942
96975689
99134793
101296913
103457222
61259200
61258973
61259447
61259129
61258801
61260055
61260291
61260098
61260215
61259213
61260041
61260352
61260448
61260565
61260524
61259587
61259793
61259657
61259083
61239440
63564943
66057859
68550561
71210161
73870563
76362935
79023608
81517301
84010163
86503578
89163581
91657736
93816754
95978765
98139242
100468557
102627693
61260381
61261057
61261214
61260040
61260214
61260000
61261096
61261407
61261452
61260469
61260682
61260618
61260506
61261386
61261467
61261552
61261694
61261701
61260868
61260247
62735103
65395287
67886711
70547239
73039271
75700199
78193663
80686216
83347253
85839289
88499925
90993208
93320541
95481117
97808909
99802549
101964189
104103181
61262363
61262534
61262609
61261234
61262444
61262007
61261953
61261289
61262442
61262677
61262628
61261847
61261458
61262588
61262781
61262885
61262972
61261951
61262103
62071502
64730343
67223154
69883299
72376242
74869426
77537586
80029999
82691284
85182573
87843931
90336794
92663128
94825138
97152915
99313192
101474426
103634482
61270142
61269987
61270952
61271027
61271045
61270290
61271044
61271433
61271566
61270130
61271433
61271559
61270550
61270491
61270107
61271267
61271509
61271594
61270259
61415882
63908149
66568283
69060004
71720600
74213242
76706781
79366715
81859625
84520566
87012986
89505856
91999774
94327624
96488270
98648712
100810843
102971240
61272159
61271236
61271430
61272147
61272346
61272546
61271144
61271804
61271837
61271597
61271739
61271712
61271927
61271989
61271810
61271482
61272666
61272698
61273127
61272711
62248580
64407982
66900863
69560639
72053426
74712986
77206602
79866682
82193034
85020066
87678922
90506442
92999154
94993609
97320322
99647938
101976186
104114146
61272210
61273664
61273756
61272701
61273558
61272762
61273737
61273721
61273685
61272930
61273465
61272915
61273787
61273664
61273945
61274108
61274136
61272722
61274022
61417790
63744197
66236933
68729876
71390112
73882838
76543252
79035751
81695368
84189015
86849287
89509147
91836051
93830049
95991878
98152212
100314548
102474732
61274243
61273805
61274499
61274719
61273582
61273667
61274575
61274913
61274872
61274989
61273938
61274141
61274987
61275113
61275268
61275211
61275084
61274456
61275254
61275315
Peak: 104123525
Average: 70358504.23616043
