0
289867
411754
416826
416859
417688
417721
417752
417785
417881
417913
417945
417977
418009
418042
418073
418137
418233
418265
418297
418330
418361
418392
418425
418457
418553
418586
418617
418649
418681
418713
418745
418777
418873
418905
418937
418969
419001
419033
419065
419097
419225
419257
419289
419321
419353
419385
419417
419449
419481
419514
419546
419578
419706
419738
419770
419802
419833
419866
419898
419930
419962
419994
420026
420058
420186
420218
420250
420282
420314
420346
420378
420410
420442
420474
420506
420538
420699
420730
420762
420794
420826
420858
420889
420922
420955
420986
421018
421049
421082
421114
421146
421178
421338
421370
421402
421434
421466
421498
421530
421562
421594
421626
421658
421690
421721
421754
421786
421818
422010
422042
422074
422107
422138
422170
422202
422234
422266
422298
422330
422362
422394
422425
422458
422490
422522
422554
422586
422618
422810
422842
422874
422906
422938
422971
423002
423035
423066
423098
423129
423162
423194
423226
423409
423290
423473
423505
423537
423418
423793
423673
423706
423889
423770
423953
423985
423866
423840
424081
423962
424145
424026
424000
424241
424273
424305
424337
424218
424401
424433
424465
424497
424320
424785
424666
424698
424729
424913
424945
424826
424800
425041
425073
425105
424986
425018
425201
425233
425265
425297
425329
425152
425393
425425
425457
425489
425370
425402
425434
425466
425498
425786
425818
425851
425882
425913
425946
425978
426010
426042
426074
426105
426139
426170
426203
426233
426265
426298
426330
426363
426393
426425
426458
426490
426522
426554
426586
426618
426650
426682
426714
426746
426779
427099
427130
427162
427194
427226
427257
427290
427322
427354
427386
427418
427450
427482
427514
427546
427578
427610
427641
427674
427706
427738
427770
427802
427834
427866
427898
427930
427961
427994
428026
428058
428090
428122
428154
428186
428218
428570
428602
428633
428666
428697
428730
428762
428794
428826
428776
428890
428923
428954
428986
429018
429050
429082
429114
429146
429177
429210
429242
429274
429306
429338
429370
429402
429434
429466
429498
429530
429562
429594
429626
429658
429689
429722
429754
429786
429818
430202
430234
430266
430298
430330
430362
430394
430426
430458
430491
430522
430554
430586
430618
430650
430682
430714
430746
430778
430810
430842
430874
430906
430937
430970
431002
431034
431066
431098
431130
431162
431194
431226
431258
431290
431322
431505
431387
431418
431450
431481
431514
431546
431578
431994
432026
432058
432090
432122
432154
432186
432218
432250
432282
432314
432346
432378
432410
432442
432474
432506
432538
432570
432602
432634
432666
432698
432730
432762
432794
432826
432858
432890
432922
432955
432986
433017
433050
433082
433114
433146
433178
433210
433242
433274
433305
433338
433370
433402
433434
433465
433498
433978
434010
434043
434074
434106
434138
434170
434202
434234
434266
434298
434330
434362
434394
434426
434458
434490
434522
434705
434737
434769
434801
434833
434714
434746
434778
434810
434842
434874
434906
434938
434969
435002
435034
435066
435098
435130
435162
435194
435226
435258
435289
435322
435355
435386
435418
435450
435482
435514
435546
435577
435609
435793
435674
435707
435738
436282
436315
436346
436378
436409
436442
436474
436506
436537
436570
436602
436634
436666
436698
436730
436762
436794
436826
436858
436890
436922
436954
436986
437018
437050
437082
437115
437146
437178
437210
437242
437274
437306
437338
437370
437402
437434
437466
437498
437530
437562
437594
437626
437658
437690
437722
437905
437786
437818
437850
437882
437913
437946
437978
438010
438042
438074
438106
438139
438170
438202
438234
438266
438297
438906
438938
438970
439002
439034
439066
439097
439130
439162
439194
439225
439258
439290
439322
439354
439386
439418
439449
439482
439513
439546
439578
439610
439642
439674
439706
439738
439921
439802
439834
439866
439898
439930
439962
439994
440026
440058
440090
440122
440154
440186
440217
440250
440282
440314
440346
440378
440409
440442
440474
440506
440538
440570
440602
440635
440666
440698
440730
440762
440794
440826
440858
440890
440921
440954
440986
441018
441050
441082
441114
441146
441178
441850
441881
441914
441946
441978
442011
442042
442074
442106
442137
442169
442202
442234
442265
442298
442331
442362
442394
442426
442457
442490
442522
442554
442586
442618
442650
442682
442714
442746
442778
442810
442842
442874
442906
442938
442970
443002
443034
443066
443098
443130
443163
443194
443226
443200
443232
443322
443272
443328
443360
443392
443424
443456
443697
443496
443761
443643
443675
443648
443680
443712
443744
443834
443808
443840
443931
443963
443996
444027
444059
444090
444123
444155
444187
444219
444251
444283
444465
444347
444379
445115
445147
445179
445211
445243
445275
445307
445339
445371
445403
445435
445467
445499
445531
445563
445595
445627
445659
445690
445723
445755
445787
445818
445851
445883
445915
445946
445979
446011
446043
446075
446106
446139
446171
446203
446234
446267
446299
446331
446363
446394
446427
446459
446491
446523
446555
446587
446619
446651
446682
446715
446747
446779
446811
446843
446874
446907
446939
446971
447003
447035
447066
447099
447281
447163
447195
447226
447259
447291
447323
447355
447387
447419
447451
447483
447515
447697
447520
447611
447643
447674
447707
447739
447771
447803
447835
447867
447899
448731
448763
448795
448826
448858
448890
448923
448955
448987
449019
449051
449083
449114
449147
449179
449211
449243
449275
449307
449339
449371
449403
449435
449467
449499
449530
449563
449594
449627
449659
449690
449722
449755
449787
449819
449850
449883
449915
449946
449978
450011
450043
450074
450106
450138
450171
450120
450235
450267
450299
450331
450363
450395
450426
450459
450641
450523
450555
450587
450619
450651
450683
450714
450747
450779
450811
450843
450875
450907
450939
450971
451003
451034
451067
451099
451131
451163
451195
451227
451259
451291
451322
451355
451387
451419
451451
451482
451665
451547
451579
451611
451643
451674
451707
451739
451771
451802
451835
451867
451899
452827
452859
452891
452923
452954
452986
453018
453051
453083
453115
453147
453178
453211
453243
453275
453307
201921
Peak: 458208
Average: 434359.9772209567
