0
185659
239332
289174
549496
971336
864609
1682617
1744670
2377031
2690766
3108392
3381617
3895743
3990828
4452862
4934348
5609223
5804527
6125257
6369245
6802848
6994656
7488989
7656172
8213974
8464743
8668252
9087695
9426582
9488156
9707430
9838586
10156402
10761806
11045234
11316503
11863979
12282180
12655340
12827631
13067854
13450604
13919422
14485687
14764577
14879130
15279898
15766862
15910221
16353599
16561788
16649750
16765269
16853416
17181754
17304063
17567931
17642617
18002757
18099082
18176527
18388768
18457559
19211986
19525493
19703023
19797397
19811391
19813343
20025053
20099376
20256124
20432213
20555497
20922915
21144065
21483897
21867734
22133155
22559110
23124090
23363918
23581184
23827982
24153245
24398007
24536961
24537785
24663731
24805616
24908764
25109005
25234056
25545707
25806613
26054518
26389850
26745108
26991580
27381062
27877623
28425782
29021874
29601992
30044075
30045891
30050939
30052531
30060611
30068839
30070027
30080810
30328185
30722964
31340290
31553652
31717004
31975151
32091087
32226175
32440379
32494669
32551189
32642301
32625693
32734885
32733625
32926446
33444085
33884918
34077298
33976444
34468119
34587169
34755602
34785866
34813285
34782696
34864333
35311868
35191685
35361308
35891597
35989286
36292936
36877813
36949019
37163838
37235043
37656716
37963556
38110104
38504834
38504843
38505154
38505065
38505029
38505297
38440711
38819570
38875933
39109799
39219861
39276721
39335386
43298190
43322064
43568343
43628035
43979081
44199730
44233845
44282649
44295939
44363874
44372288
44435525
44482479
44524359
44533512
44590838
44637160
44657576
44709392
44755745
44797719
44990806
45055747
45208709
45455253
45643824
45725781
45930780
45942581
46496198
46820999
46932875
46972365
46999149
47165564
47230596
47278273
47329347
47500189
47574506
47633590
47728226
47783035
48067788
48209714
48393695
48426527
48654999
48713318
48881959
49161973
49292155
49478883
49483838
49488561
49490868
49563074
49464176
49611661
49586857
49722989
49812206
49979432
50013302
50269545
50266683
50406856
50429669
50449317
50459837
50470509
50499749
50523589
50584521
50607425
50659746
50801517
50824996
50893347
50949596
51139084
51153363
51506959
51608277
51779671
51999800
52189613
52541388
52583921
52830178
53017922
53033239
53642745
54001975
54524632
54595627
54626148
54682034
54741210
54777776
54776446
54967511
54990254
55077644
55125482
55171070
55284965
55287177
55188584
55312799
55663573
55924898
56098237
56189926
56613756
56983004
57058846
57107719
57420122
57482320
57574396
58497953
57824389
57970753
57957333
58117252
58152801
58224005
58304820
58546291
58548354
58536820
58632299
58664035
58966428
59218933
59833551
59938615
60009279
60068775
60118511
60157975
60192414
60357944
60414715
60432603
60985946
61917268
61025639
61538707
65211503
70460882
75183137
79906058
84628596
89351507
94599099
99320266
104568128
109288492
114536768
119257829
124505050
129226188
134472953
139193655
144441188
149161167
154409663
159129858
164375549
169098183
173819605
179066490
183788378
188509560
193756589
61575010
61368770
61372657
61372611
61374101
61374488
61374741
61374202
61375581
61375708
61375234
61376383
61375330
61376644
61375902
61377215
61377490
61376818
61377797
61377949
61377913
61377332
61378304
61378638
61377110
65554243
70276619
74998287
79719565
84441129
89163227
93883858
98605652
103328273
108049632
112771804
118019167
122741748
127461991
132184554
137431526
142153187
146874096
151596554
156843721
161563837
166812668
171532916
176254522
181501571
186223545
190944609
196206492
61385820
61386163
61385337
61386375
61386500
61385855
61385812
61385868
61387348
61386906
61387467
61386204
61386080
61386353
61386168
61387778
61387150
61387842
61387873
61386883
61387865
61388007
61387088
62939138
68709652
74481513
80250647
86545709
92841133
98612074
104384378
110680090
116973938
123270125
129566029
135860896
142156944
148978341
155273810
161567709
167864163
174684821
180978720
187275564
194096121
61388003
61388798
61388173
61389054
61389273
61387957
61389277
61388423
61389132
61388439
61389738
61389455
61388467
61389423
61389521
61388424
61390097
61388963
61390154
61389152
61390318
61390303
61389545
61390300
65565737
71336828
77631690
83927018
90221010
96516661
103337762
109631762
115928770
122223837
128518629
135340098
141634941
148455765
154752026
161045682
167868050
174163018
180456917
186753381
191999381
61390562
61390362
61391550
61391887
61390998
61391828
61391837
61390460
61390690
61390495
61392252
61391464
61392148
61391038
61391003
61392506
61391328
61392552
61391883
61392459
61392703
61392024
61392622
61391542
64519090
69764174
76060256
81829488
88124573
93895496
99666389
105962229
112258861
118554861
124849784
131146285
137441245
143736109
150031325
156327269
162622672
168918800
175213901
181508869
188331272
194626165
61394103
61394416
61393510
61394375
61393545
61394315
61393595
61394379
61394678
61393879
61394632
61394672
61394759
61393548
61394941
61394306
61394666
61394848
61394106
61394816
61395083
61394127
61395118
61395234
64519879
69765903
76062271
81831434
88126703
94422266
100717586
107539879
113834759
120130663
126425607
132721658
139016626
145312829
151606469
157902872
164723530
171020034
177313725
183610464
190429994
196216324
61396155
61394826
61395998
61395870
61396157
61395478
61396095
61396295
61394995
61396324
61395147
61396308
61395838
61395003
61395479
61396590
61396963
61397453
61396462
61397059
61397274
61396486
61397291
62426097
67670428
72915929
78687769
83932827
90227745
96524505
102820228
109115172
115410956
121705620
128000974
134297636
139543382
145839834
152135277
158429813
164724794
171021261
177316544
184137570
190434036
196219328
61398762
61397556
61397504
61397512
61398737
61397973
61398809
61399197
61398398
61398264
61399016
61398322
61399420
61399358
61398501
61399160
61399175
61397906
61398002
61398071
61399326
61398493
61399449
62427507
67672470
73443598
79213092
85508121
91803580
98098916
104394836
110690572
117509914
123807245
130102116
136396783
143218569
149512332
155284081
161055617
166826407
173121575
179416428
185713380
192007993
61399571
61400269
61400548
61399680
61401375
61400424
61401380
61400566
61401350
61401645
61400910
61401542
61401688
61401512
61400784
61401509
61401914
61401291
61401680
61401785
61401136
61401774
61402012
61400984
63478838
68724811
74494433
80790281
87085273
93379753
99676396
105972124
112267801
118563745
124858665
131154561
137448361
143744724
150039559
156861593
163155641
169451729
175746892
181517209
187815124
194108777
61402898
61402953
61403126
61402942
61403242
61402411
61403145
61403419
61401997
61402179
61403316
61402422
61403486
61403667
61402732
61403662
61403685
61402351
61402501
61402589
61403212
61403045
61403655
61403883
64529585
69774527
75545117
81839741
88134850
94430362
100727130
107022842
113317314
119614557
125909555
132205376
137974592
144270888
150565760
156863256
163156960
169454680
175748384
182044512
188340024
194634955
61405613
61405523
61404279
61404298
61405424
61405660
61405184
61405665
61405790
61404499
61404606
61404432
61405849
61405090
61405940
61406199
61404962
61406081
61406125
61405245
61405457
61406260
61405407
61406091
65055630
70826342
77122350
82892118
89187486
95483078
101779654
108073705
114370425
120666420
126960116
133257348
139553468
145848116
152144724
158439668
164734564
171031116
177326068
183622780
189916484
196227549
61407300
61406021
61407389
61406149
61406456
61407604
61406640
61407995
61407112
61407689
61407823
61407168
61407828
61407079
61406725
61407924
61406699
61406744
61407969
61406915
61407524
61407312
61407952
61910121
66631877
72403234
78172186
84467941
90764034
97059578
103355362
109650453
115421736
121192901
126963269
132733589
139029701
145325797
151094917
156342197
162113757
167359920
173654725
179949808
186246533
192541469
61409048
61409366
61409509
61409261
61408591
61409338
61409574
61408797
61410641
61410597
61410413
61409854
61409392
61410734
61410149
61411104
61410911
61409984
61410975
61409869
61410835
61410115
61410848
61411135
64011300
69257411
75028737
80799214
86568548
92864068
99160004
105456628
111226775
117521524
123817436
130113788
136409636
142705732
149000708
154771207
161591892
167888444
174182148
180478380
186773900
193068988
61411397
61411576
61412394
61411112
61412493
61411214
61412438
61411921
61412321
61412594
61411667
61412325
61412620
61411839
61412472
61412627
61411679
61412699
61411775
61411279
61412660
61412623
61412824
61412319
62964851
67685217
73455438
79751814
85521163
91816886
97587657
103883254
110179249
116474281
122770014
129067110
135360910
141658198
147953142
154249526
160018705
166840926
172610233
178905201
185201990
191498110
61412730
61412631
61413946
61413106
61413758
61414104
61413425
61414109
61412876
61412862
61412977
61412934
61414285
61413331
61414446
61413019
61414439
61413254
61414409
61413934
61414334
61414666
61413726
61414735
61916162
67163516
72407964
78704380
84474668
90772111
96542340
102838084
108607335
114903263
121199095
127493831
133789943
140085970
146381007
152677319
158972287
165267247
171563684
177859844
184156556
190451524
196236773
61416444
61415678
61416602
61415438
61416562
61415865
61416811
61416915
61415857
61416904
61416919
61415615
61417000
61417108
61415956
61417265
61417152
61416690
61417128
61417304
61416372
61417312
61417505
61395593
65590893
71361550
76608558
82377483
88674025
94969529
100739372
107034934
113330771
119627939
125923841
131693297
137988438
144284219
150580427
156350937
162646110
168942745
175237513
182058206
188353579
194648459
61417846
61417838
61417938
61417447
61418149
61418134
61417304
61418335
61418316
61417637
61418435
61418420
61417640
61418280
61418369
61417736
61418543
61418628
61417752
61418684
61418707
61417403
61417566
61417539
64544596
70315164
76084167
82378860
88674228
94970964
101266644
107562260
113857996
120153996
125923175
132219127
138514044
144810180
150581916
155827983
162124012
167894935
174189895
180484812
186782684
193076412
61419476
61418959
61419778
61419865
61419871
61420140
61418781
61420123
61419119
61420357
61420291
61419415
61420304
61420463
61419116
61420544
61419236
61421579
61420911
61421576
61421755
61420815
61421723
61421974
64022562
69267288
75037851
81333856
87103184
93399952
99169758
105465504
111762539
118056277
123827827
130123547
136419856
142716083
149011027
154781531
161076558
167373243
173668027
179962995
186259691
192554843
61421591
61422575
61421374
61422637
61421991
61422636
61422625
61421588
61421604
61422880
61421964
61422912
61423048
61421820
61423061
61421897
61422208
61422714
61423197
61423237
61422719
61423315
61423558
61422351
62973779
68220013
74516355
80285254
86581670
92351943
98647126
104943987
111239651
117534643
123305046
129600982
135896064
142193219
148488270
154784534
161079566
167375846
173671054
179966950
185737073
192032137
61423620
61424383
61423249
61424394
61423719
61424416
61424726
61423469
61423445
61423351
61424659
61423997
61424850
61424993
61424061
61425095
61424986
61424869
61424141
61423872
61424202
61425126
61425141
61423872
63501036
68745652
74516276
80812364
86581732
91828052
98124860
104420647
110190743
116485580
122782732
129077435
134847935
141143996
147439396
153736628
160031671
166327527
172097407
178918908
184689175
190984351
196245973
61424677
61425858
61425535
61426018
61426297
61425669
61426259
61425187
61425136
61426478
61425360
61426390
61425634
61426470
61426764
61425519
61426646
61426682
61425349
61425536
61425413
61426761
61427149
62978219
68224013
73996377
79766236
85535678
91306676
97602366
103899110
109143721
114916103
121212983
127505889
133803039
139573457
145868505
152164734
158460009
164755290
171051385
177346441
183643594
189938233
196249036
61428912
61428045
61429078
61427914
61429342
61428405
61429145
61429514
61428515
61429404
61429512
61428085
61429398
61428277
61429403
61429000
61429432
61429724
61429016
61429644
61429692
61428875
61429748
62455782
67701401
73472923
79244403
85012819
91309585
97079367
103375137
109671362
115441267
121737496
127508897
133280243
139050700
145345634
151641929
157412369
163707351
170003958
176300252
182595333
187843736
193087570
61429427
61431000
61431261
61431105
61430202
61431163
61431229
61429738
61431135
61431031
61431355
61430773
61431288
61431252
61429948
61430552
61430076
61431446
61430605
61431451
61431761
61430770
61431651
61430469
64556914
69801426
75573382
81342633
87637673
93408745
99705409
105475556
111771505
118067380
123837788
130134785
135903905
142200129
148495073
154791433
161086249
167907217
174203473
180498121
186795073
192564257
61431296
61431940
61431467
61432143
61431955
61432314
61430869
61430971
61430968
61432276
61431568
61431387
61431011
61432527
61431312
61432705
61432027
61432384
61432636
61431864
61432849
61432716
61431936
61432670
61934390
67181487
72951837
78721170
84491594
90787178
97083922
103379658
109674733
115969167
122265077
128561445
134857325
141154301
147448458
153743509
160038989
165285693
171056344
177877173
184175349
190470405
196255659
61435419
61434135
61435583
61435456
61435678
61434840
61435721
61434712
61434520
61435884
61435789
61434549
61434648
61434699
61435881
61435181
61435980
61436086
61435248
61436188
61436296
61434819
61435019
62461991
67708868
71904223
77674481
83971154
89740743
96037679
101807562
108102743
114400354
120170106
126466109
132236333
138531410
144828442
151123549
156894336
163189235
170011322
176306450
182600327
188897053
195192045
61437116
61437244
61437389
61435842
61435960
61436088
61437330
61436422
61437631
61437586
61436822
61437543
61436369
61436331
61437690
61436510
61437577
61437233
61437622
61437952
61437083
61437912
61437997
61414548
66137262
71381745
77676619
83447329
89742654
96039462
102335222
108104553
114926806
120696347
126991195
133288091
139584435
145879427
152175827
158470819
164765883
171062339
176831702
183127350
189423494
196259124
61438580
61438790
61438657
61438973
61438025
61438949
61438972
61437667
61439082
61438209
61438958
61439067
61437886
61439256
61438110
61439067
61439301
61438443
61439809
61439391
61438712
61439375
61439530
61415737
66661579
71907449
77677742
83448785
89745110
96039472
101811012
108105665
114401438
120698745
126467972
132763924
139059214
145356934
150076385
156373873
162668924
168439711
174734860
181029740
187326460
193621321
61440142
61440303
61439297
61440210
61440571
61439212
61440488
61439553
61440415
61439754
61439482
61440576
61439999
61441047
61440913
61440023
61440763
61440856
61440031
61440912
61441083
61440295
61441073
61441115
64566053
69286307
75057409
80827367
87123981
92893797
99190490
105486186
111256245
117551322
123847138
130143506
136439394
142735530
148504770
154802962
161098010
167394674
173689666
179984242
186281106
192577362
61443308
61443656
61443826
61443655
61443942
61444156
61443450
61443999
61442853
61444045
61444052
61443079
61444184
61444080
61443263
61444390
61443257
61444266
61443487
61444279
61444550
61443748
61443843
61444560
61421067
66143680
71388265
77683054
83454081
89750470
95520481
101817262
107586596
113882126
120179454
125948732
132244777
138539905
144836950
150606129
156902937
163198766
168969473
175264729
181559721
187856276
194151409
61444540
61445221
61444743
61445451
61444273
61445295
61445650
61444049
61445397
61444628
61445482
61445726
61445063
61445790
61444514
61444602
61445873
61444594
61445915
61445879
61444639
61446059
61444951
61445855
63520350
68766596
74537223
80831916
86603714
92373458
98670330
104440210
110736098
116506717
122802591
128573901
134868973
141165498
147461234
153757642
160052578
166348330
172118421
178413541
184710261
191005450
196267008
61445565
61446709
61446012
61446841
61447034
61446521
61447112
61446002
61445980
61447331
61446167
61446026
61447542
61446444
61447381
61446610
61447351
61447646
61446959
61447520
61447704
61446815
61447688
62473166
67194698
72966136
78736899
84505944
90278267
94998499
100769286
107066291
112836179
119132147
125428451
131198822
137493905
143789990
150085059
156381395
162676459
168972707
175268043
181562619
187859339
194154771
61447242
61448556
61447621
61448735
61447667
61447467
61448802
61447526
61447534
61448991
61447734
61448945
61449070
61448771
61449066
61448190
61449130
61449110
61447846
61449370
61448383
61449137
61449305
61448014
64574282
69818896
74541616
80310667
86605666
92377176
98673560
104443648
110739264
117035560
122805688
129101864
135396784
141692776
147988112
154285416
160580408
166350000
171598224
177367560
183665376
189960304
196270246
61448769
61449942
61449190
61450068
61450290
61449633
61450135
61450319
61449243
61450311
61452281
61450851
61450950
61450987
61452546
61451414
61452206
61452391
61451228
61451318
61452530
61451695
61451705
61954768
67199449
71920691
77692094
83461694
89757142
95528361
101824329
108120158
114415969
120186313
126481513
132778302
139073345
144843788
151138873
157435209
163730201
170026865
176321521
182616561
188914470
195209681
61453472
61453462
61453387
61452934
61453443
61453754
61452539
61453839
61452526
61453011
61452625
61453866
61452756
61452974
61454081
61453110
61452678
61454173
61453236
61452718
61454277
61453172
61454345
61453820
61454201
61454547
61431963
66152222
71923550
77693886
83463630
89760118
95529886
101825849
108120921
114416542
120712350
127007414
133304598
139600750
145895793
151666369
158487062
164782945
170553097
176848089
183142873
189439937
196275265
61453977
61455252
61454825
61455190
61455549
61454555
61455431
61454235
61454272
61455585
61454629
61455542
61455715
61454229
61455636
61454605
61456107
61455892
61455716
61455968
61454616
61454949
61455851
61455115
65628995
70350772
76121820
81890921
87661548
93958361
99728340
106024332
112320980
118615670
124386191
130682004
136977209
143274508
149569500
155865764
162160756
168457420
174752340
181047332
187344001
193639140
61456533
61455887
61456854
61455823
61456655
61456866
61455438
61456845
61456161
61456962
61457083
61456100
61457349
61457323
61456420
61456528
61457245
61456351
61457242
61457443
61456860
61457392
61457619
61456620
63533079
68253804
74025096
79794496
85565139
91860496
97631912
102353904
108649856
114420019
120716040
127011992
132782331
139077120
145374568
151143747
157440360
163736312
169507163
175802211
182097275
188394067
194688816
61457973
61458342
61457036
61457135
61457164
61457803
61457412
61458477
61458721
61458117
61458683
61457391
61457573
61458937
61457642
61458861
61458978
61457610
61458886
61458426
61458850
61459231
61458336
61459307
64582756
69828426
74550149
80320570
86615605
92387770
98157509
104454509
110224720
116520762
122816832
128586392
134881842
141179277
147474245
153770605
160065490
166359181
172655928
177901453
183673744
189968493
196279552
61459361
61458066
61458101
61460208
61461013
61460643
61461809
61461786
61461150
61461719
61462064
61460963
61461836
61460662
61460835
61461991
61460809
61461163
61462058
61461517
61462239
61462352
61461392
61462206
61460922
61965021
66161752
70357457
75079598
79275070
83996534
88717531
93440638
98162419
102358859
107080049
111802363
116523486
121246766
125966747
130690302
135410542
140134022
144855171
149576454
154297779
159020302
163740614
168464478
173184374
177906923
182626945
187350246
192071321
196283864
61463515
61462726
61463774
61463836
61463238
61463959
61462726
61462865
61462892
61462862
61464168
61463268
61464319
61464325
61463449
61464279
61464353
61463164
61464282
61463628
61464388
61464497
61464597
61442056
66162072
70883499
76653769
82424484
88720588
94490497
100787169
107082857
112853068
119149084
125443876
131740028
138035020
144331228
150626220
156922276
163217548
169514068
175809132
182104196
188400577
194695665
61465084
61465242
61465304
61464504
61465362
61465439
61464521
61465554
61464523
61465457
61465689
61464262
61465037
61465703
61465727
61465094
61465791
61466005
61465049
61465930
61464756
61464937
61466098
61464958
64589749
69835314
75605922
81376453
87672538
93442421
99737970
105509229
111805141
118100226
124397283
130691901
136462426
142758426
149054730
155351066
161645827
167416877
173712093
180007085
186303466
192598554
61465883
61465556
61466649
61466936
61465979
61466970
61467129
61465703
61465852
61465758
61467042
61466393
61467068
61467405
61466657
61467290
61466202
61466188
61467480
61466441
61467356
61467516
61466326
61467607
64067984
69313961
74558725
79804700
85575069
90821551
97117319
103412781
109708189
116004837
121775055
128069999
134365973
140662325
146958485
153254821
159549813
165843693
172141325
178436389
184733109
191026957
196288787
61468482
61467622
61468771
61467879
61468668
61468257
61468899
61468785
61468208
61468836
61467726
61467632
61467723
61467760
61469233
61468614
61468995
61469231
61468176
61469110
61469252
61468675
61469209
62495771
67216180
72987300
78758063
84527391
90824039
96593842
102889682
109184519
115481511
121252026
127546916
133843822
139614217
145909497
152205558
156926758
163223054
169519574
175814566
181583865
187880585
194175673
61469820
61470253
61468953
61470279
61470124
61470389
61469641
61470432
61469648
61469244
61469212
61469169
61470741
61470079
61470508
61470730
61469640
61470598
61470724
61472235
61473265
61473242
61472467
61473116
65122620
70367634
76663666
82433034
88729269
94499170
100794458
107091594
113386050
119157685
124929194
130699658
136994378
143291746
149585484
155881820
162176804
167948933
174243994
180538986
186835570
193131826
61473780
61473390
61474028
61472993
61472856
61473014
61473794
61474339
61473027
61474405
61473835
61474326
61474570
61473859
61474610
61474650
61473648
61474690
61474560
61473371
61474807
61473614
61474689
61474942
63026720
68271912
73517536
78762574
85058806
90828742
97124115
103419875
109716086
115486310
121782022
128078275
134374206
140144705
146439574
152736105
159031097
165326129
171622657
178444142
184740102
191035190
196295720
61475485
61474198
61474348
61475433
61475800
61474954
61475864
61474978
61474431
61474674
61474668
61476003
61474993
61476066
61476085
61475489
61476173
61476349
61476263
61475113
61476140
61476359
61475220
61977207
66699895
72470186
78240370
84010359
89780818
96077778
102372204
108142725
114438613
120734375
127030666
132800869
139095722
145392007
151688162
157458682
162704789
169001090
175296082
181591365
187887794
194182882
61475627
61477049
61476195
61477119
61476233
61477148
61477257
61476046
61477330
61477380
61476097
61477526
61476876
61477380
61477616
61476857
61476893
61477704
61476686
61477666
61476441
61476606
61477805
61477820
64076726
69848360
75093542
81389385
87159081
92930020
99226721
103947588
109718692
116013700
122309852
128604993
134901761
141197969
147492961
153789369
160084289
166379345
172675873
178970865
185267657
191561385
61477376
61477320
61478465
61477840
61478719
61478702
61478038
61478919
61478883
61477694
61479036
61478043
61478883
61477736
61477947
61479502
61479262
61477856
61478551
61478715
61479227
61479455
61478608
61479685
61980363
67227348
72997500
78767036
84537378
90834175
96604194
102900007
109195954
114966202
121261924
127558143
133852833
139624634
145919351
152217130
157986349
164281434
170577751
176874004
181594130
187890770
193136660
61479978
61479552
61480284
61479257
61479070
61479205
61479162
61480575
61479581
61479157
61480671
61479864
61480576
61480914
61479816
61480699
61480908
61480166
61480244
61481127
61480710
61481017
61481100
61480291
63031062
68278317
73522822
79820014
85588454
91359641
97655078
103952006
109721713
116017358
122314270
128083521
134379601
140675518
146970926
153267854
159563142
165858958
171629145
177924137
184220614
190516024
196302070
61481591
61480667
61480478
61480457
61481832
61481050
61481368
61482267
61481740
61480772
61482057
61481070
61481086
61482153
61482270
61481110
61482292
61482460
61481198
61482404
61482478
61481563
61481494
61482591
65130674
70901385
76671590
82968174
88740140
94510847
100807652
106577871
112874596
118644735
124939764
131236956
137006367
143302332
149598332
155894964
162189956
168486476
174780214
180550663
186847583
193142404
61485619
61485124
61486117
61486097
61484793
61486316
61486327
61485691
61486281
61486423
61485360
61486559
61485528
61486312
61486667
61485109
61486457
61485472
61486515
61486743
61485979
61486719
61486932
61486096
63036752
68283841
73528471
79299063
85069412
90841823
96612732
102382719
108679023
114449106
120745871
126515479
132812535
137532754
143304335
149599135
155896719
161665914
167962423
174257436
180553668
186850375
192619762
61486505
61487441
61486504
61487470
61486793
61487475
61487944
61487118
61487714
61487834
61486891
61487933
61487965
61487046
61487994
61488157
61487137
61488141
61488105
61486822
61488237
61487254
61488148
61488265
62513570
67759992
73529939
79300507
85596846
91366916
97663470
103433516
109728916
116024484
122320169
128616414
134386604
140683137
146978966
152749644
159044449
165340758
171636083
177406580
183703452
189998521
196309375
61487750
61488937
61489114
61489248
61488177
61489355
61488380
61489266
61489353
61488295
61488340
61489547
61489519
61488394
61489774
61488735
61488247
61488541
61488591
61489725
61489826
61488609
61490023
61467918
66187772
70909031
76679282
82975738
88745026
94515933
100812546
106582418
112879431
118649733
124944578
131241778
137010930
143307634
149603391
155899786
162194778
168490108
174785100
180555597
186852469
193147485
61490301
61489788
61490581
61489420
61489262
61489425
61489753
61489313
61490901
61489673
61491276
61490937
61489604
61490885
61490121
61490017
61490084
61491240
61491225
61489812
61490093
61490057
61491290
61491436
62517013
67763832
73008146
78778973
84549336
90846160
96615773
102387155
108682421
114979112
120749315
127044459
133340208
139637592
145406976
151701888
157999392
163768843
170065520
176360160
182656320
188427371
194722587
61492082
61492137
61490968
61492374
61491011
61492340
61491526
61491793
61492620
61491693
61492625
61492669
61492485
61492805
61491608
61491877
61492923
61492841
61491989
61492816
61493098
61492267
61492958
61493092
63567441
68813434
74584183
80355664
85075623
91372445
97142535
102913431
109208356
114979852
121275612
127570567
133341844
139639300
145934421
151704196
157999796
164294860
170592692
176887677
182656855
188953767
195248940
61493759
61492755
61493697
61493780
61492633
61493174
61493750
61493937
61494071
61494145
61492862
61493091
61494097
61494222
61493019
61494201
61494513
61493065
61493781
61493569
61493102
61494595
61493788
61494457
61995532
67242675
72487372
78783753
84553132
90849654
97146100
102915452
109210201
115506982
121803289
127572476
133868633
140165804
145935111
152231423
158002918
163247772
169545372
175314647
181609780
187906270
194202657
61495139
61495236
61494889
61495871
61495758
61494716
61495742
61495612
61494316
61494455
61494540
61495838
61495226
61496274
61496051
61495314
61495939
61496241
61495191
61496072
61496163
61496170
61495031
61496165
64097292
68295066
74065210
80361618
86131128
92427754
98197493
104493253
110789161
117085249
123381268
129677161
135446439
141742740
148037524
154333860
160629052
166925444
173220436
179516681
185813452
192108540
61499032
61499086
61498616
61498683
61498825
61498659
61499950
61500178
61500231
61499334
61500266
61500311
61499358
61500370
61499239
61499433
61500589
61499300
61499439
61500629
61499673
61500607
61500673
61499492
62001661
66723127
72493389
78789704
84559163
90854376
97151320
103445768
109216259
115511992
121808008
128104168
133874459
140170819
146465568
152762117
159057904
165353184
171648458
177418955
183715827
190010819
196321750
61501627
61500421
61500469
61500493
61501806
61500783
61501890
61501931
61501429
61502038
61502078
61501253
61502150
61502284
61501247
61502340
61502270
61501439
61502138
61502154
61501082
61501234
61502411
61501734
65674961
70921736
76691666
82461850
88758421
94528504
100824986
106595077
112890698
119187722
124957314
131254362
137023701
143319874
149615962
155911044
161681421
167978018
174273074
180569306
186865954
193161874
61501955
61503148
61503051
61503330
61502678
61503375
61503465
61502534
61503559
61502643
61503435
61502758
61503593
61503778
61503142
61503719
61503946
61502955
61503994
61503835
61502662
61504026
61503059
61504004
63053790
68299933
74070558
80365384
86136254
92432659
98202737
103974070
109219467
114992027
121288782
127057353
133353043
139123995
145419667
151715907
157486363
163781622
170078283
176374235
182669163
188440182
194735409
61504654
61503426
61504578
61504225
61504802
61505075
61504111
61505145
61504983
61503751
61505072
61504151
61504991
61505159
61503972
61505248
61504466
61505778
61505533
61504617
61505416
61505552
61504625
61505557
65154128
70400086
76171564
81941753
87711313
94007977
99779084
105024737
110795839
117090561
123387812
129158156
135452953
140700145
145946985
150667143
155914425
162210537
168505795
174277409
180047905
186344612
191064740
196326548
61505262
61505016
61506499
61506424
61506609
61505880
61506510
61506697
61505821
61506871
61506852
61506035
61506996
61506829
61505568
61507084
61505805
61506797
61507032
61505792
61507025
61506515
61507126
62008243
66204963
71976467
77746774
83516814
89813142
95583041
101879838
107649089
113944710
120240790
126537022
132307361
138602150
144899526
150668977
156965182
163261342
169032193
175327022
181622078
187920038
194215054
61506506
61507650
61507088
61508001
61508194
61507144
61508162
61508090
61507906
61508156
61508321
61507274
61508297
61508460
61507499
61508460
61508504
61507133
61508687
61507509
61507309
61508601
61508743
61507933
63060527
67780100
73550343
79846740
85615876
91387047
97682767
103978676
110275252
116570380
122340519
128110908
133883508
139653716
145950148
151719847
158016012
164311892
170609244
176377663
182672588
188969796
195265700
61509493
61509441
61509447
61508711
61509444
61509688
61509047
61509664
61509791
61508870
61509802
61509774
61508614
61509914
61509894
61508726
61510098
61510062
61508742
61510106
61508932
61509417
61508870
61510558
64111358
68831951
74076850
80372820
86142199
92438927
98208818
104504447
110801375
116570762
122866524
129163780
134933031
141229516
147525396
153295919
159591111
165885804
172182617
178478700
184775420
191070212
196331154
61511023
61509822
61509806
61509712
61511143
61510566
61511242
61511450
61510408
61511463
61510179
61510475
61511508
61511539
61510328
61514924
61514960
61513648
61515084
61514016
61514931
61515048
61513808
62016340
66737445
72507675
78278278
84573419
90344590
96641171
102937758
108706270
115001907
120774542
126019147
131790531
138086763
143857198
150152329
156449627
161694494
167992131
174287115
180582174
186878894
192648174
61515502
61514985
61515928
61514641
61515779
61516142
61515953
61516205
61515374
61516063
61516387
61515409
61516413
61515159
61515340
61516488
61515383
61516871
61516676
61516428
61516656
61515940
61516616
61516693
64116041
69361997
75133637
80904032
86673272
92970077
98739776
105561381
111331320
117626720
123923437
129693845
135988680
142286005
148579741
154351712
161172445
167468973
173763885
180058957
186355741
192650733
61516340
61516068
61517264
61516572
61517261
61517571
61516705
61517456
61517544
61516719
61517592
61517615
61516332
61517806
61516863
61517564
61517740
61516500
61517768
61517055
61518303
61518091
61517247
61518038
62545643
67264980
73036524
78807164
84576260
90873068
96643199
102939927
109234847
115004927
121300820
127597052
133367383
139663652
145959604
152255927
158550991
164845911
170616858
177437484
183733036
190027860
196338975
61518740
61517937
61518962
61517654
61518968
61518276
61518981
61519117
61518198
61519181
61519153
61517854
61519277
61518589
61519358
61517902
61519317
61519454
61518057
61519413
61518678
61519833
61519736
61518082
61518114
63070843
67266752
71989075
76184561
80905846
85627265
90348902
95070350
99791763
104514987
109236246
113958219
118680478
123401747
128123046
132845187
137566403
142288006
147008835
151730689
156452550
161174078
165895225
171143742
175864070
180586227
185308358
190029371
194750798
61518986
61519999
61519560
61520287
61519008
61520630
61520361
61519091
61520405
61519793
61520412
61520479
61520185
61520645
61520642
61519563
61520754
61519635
61520006
61520582
61520738
61520145
61520656
61520900
63071562
68843123
74088145
80384115
86153459
91924467
97695398
103991459
110288102
116057283
122354547
128123766
134419579
140717099
147012078
153308438
159603323
165898243
172194878
178489755
183736123
190031166
196342153
61521891
61521851
61521432
61522110
61522320
61521545
61520985
61522356
61522377
61521132
61522357
61521457
61522449
61522688
61521942
61521834
61522653
61521902
61522594
61522821
61521924
61522885
61522849
61499431
66746025
71991377
77762881
84058311
90353650
96123716
100844956
106616055
112911999
119207487
125504543
131273991
137570164
143340594
149635503
156457564
162226647
169049063
175343980
181638964
187934436
193705127
61523316
61522440
61522283
61522259
61523682
61522923
61523561
61523783
61522955
61523716
61523900
61522829
61523948
61523967
61523288
61523959
61524084
61523179
61524076
61522859
61522896
61524247
61524219
61522920
63600385
68845533
74617029
80386168
86682204
92452084
98748796
105043340
111339052
117635300
123931081
129701300
135996153
142293673
148588593
154359065
160654297
166950609
173246009
178492745
184264041
190559913
196345215
61525144
61524154
61525224
61523983
61523940
61524106
61524186
61525333
61525522
61524151
61524905
61524951
61525383
61525750
61524954
61525500
61525656
61525218
61525655
61525899
61525089
61525891
61526105
61503523
65698990
71470778
77239719
83010826
89307315
95076295
101373223
107143234
113439122
119735050
126030082
132326002
138621079
144918243
150687589
156983922
163278986
169575271
175870327
182165634
188987971
195281407
61526566
61525274
61526778
61526040
61526906
61525571
61525638
61526951
61525912
61526968
61525741
61526910
61527035
61525918
61527065
61527160
61525936
61527118
61526414
61525918
61527281
61527449
61526158
61526861
64128107
68848387
74619891
80388886
86159457
92456187
98751825
104521945
110817657
117112529
123409539
129705430
135474777
141771046
148066947
154363187
160658361
166428257
172724006
179019313
185316025
191611009
61526724
61526821
61531884
61531518
61531999
61530766
61530723
61532100
61531046
61531227
61532159
61532191
61531315
61532306
61532213
61530957
61532329
61531565
61532256
61532496
61531133
61531836
61531789
61532416
61531191
61531223
64132235
68329169
73052201
77246919
81968276
86689297
91412412
96134225
100855457
105577382
110299425
114494982
118693812
122889505
127610759
132332863
137054010
141776591
146497932
151218769
155941529
160663932
165385959
170107820
174829167
179550324
184273343
188994548
193715847
61532718
61533623
61532336
61532938
61532715
61533555
61533598
61532730
61533755
61532810
61533717
61533898
61532514
61533222
61533445
61533826
61534223
61533274
61534006
61534193
61533223
61534316
61532930
61532895
63084772
68856595
74625971
80396371
86691190
92462361
98758998
104529145
110824857
117119649
123415577
129711644
136531025
142828361
148597652
155419641
161714657
167486561
172731260
179026022
185322531
191617710
61533683
61533266
61534791
61533966
61534978
61533872
61534251
61534836
61534991
61534081
61535149
61534110
61533686
61533937
61534089
61535351
61535366
61533969
61535309
61534892
61535273
61535640
61534701
61535441
62037315
67283036
72528698
78825130
84594517
90889711
97186471
103480930
109775930
116071778
122367778
129189282
135484354
141779127
148074061
154370709
160665440
166436935
171683103
177978378
184275967
191095637
61534864
61534830
61536181
61535553
61536242
61536185
61536124
61536423
61535489
61536500
61535276
61536882
61536548
61535041
61536520
61535748
61536452
61536675
61535687
61536564
61536792
61535986
61536703
61536853
61515324
66236653
71481066
77251794
83547882
89317621
95614058
101909794
108204810
114500525
120796493
127090197
133387266
139682605
145977472
152273544
158568595
165389280
171684576
177980880
184276216
191097800
196357573
61536085
61537736
61536328
61537681
61537623
61536747
61537620
61537643
61536440
61537868
61536867
61537075
61537761
61537948
61537072
61538012
61536779
61536730
61536746
61536997
61537970
61537986
61538288
61536927
65711879
70958227
77254232
83023787
89319139
95615736
101911376
108205104
114502056
120796754
127092928
133388904
139683701
145979136
152276245
158571125
164866128
170636965
176931776
183227453
190049208
196358992
61538876
61538102
61539106
61537900
61539155
61538614
61539089
61539478
61538617
61537977
61539194
61538900
61539281
61539488
61538988
61538233
61539568
61538676
61539449
61539629
61538913
61539974
61539738
61518164
65714749
71484673
77254815
83550012
89847180
95616260
101913124
108206892
114503708
120799740
125520047
131291276
138111815
144407028
150701847
157523743
163817484
170114087
176934652
183229215
190051004
196360745
61539576
61540367
61539993
61540553
61540784
61539785
61540768
61539594
61539682
61540813
61540879
61539719
61541027
61540082
61540989
61541293
61540994
61541136
61541241
61541278
61540650
61541321
61541510
61539829
61539861
63617837
67813533
72535998
77257225
81453025
86174252
90896009
95617788
100338900
105586633
110307377
115028716
119750772
124472255
129194279
133915610
139162591
143884959
148604938
153327570
158574551
163294527
166969423
171690535
176410583
181131735
185855042
190576114
195822967
61540778
61542045
61542273
61541384
61541115
61542291
61542603
61541176
61542082
61541854
61542617
61542670
61541781
61542705
61542876
61541864
61542809
61541762
61542677
61542858
61541474
61542292
61542114
61542837
64667651
70439507
76209841
81978993
88273862
94044833
100340425
106636137
112931878
119229025
125523897
131818627
137589134
143885230
150180081
156476262
162771332
169067793
175888486
182183569
188479086
195299702
61543546
61542393
61543693
61543188
61543982
61542706
61544138
61542898
61544482
61544178
61542676
61544024
61543434
61544015
61544302
61543522
61544272
61543623
61544307
61544585
61543370
61544534
61543567
61544496
63620095
68866160
75161576
81457144
87752184
94046506
100343248
106637741
112933856
119229381
125524312
131820785
138115216
144411723
151230866
157528456
163822504
170118592
176939483
183233069
189529752
196365344
61543818
61544983
61544658
61545007
61545361
61544493
61545433
61545528
61544080
61544280
61544344
61545635
61544830
61545563
61545609
61544968
61545557
61545954
61545131
61546030
61544947
61545993
61546067
62047930
66244717
72015132
78309793
84606457
90376020
96671841
102967561
109262335
115558071
121853895
128153175
134449215
141269468
147565890
153862143
160156050
166452402
173273135
179566983
186389276
192683068
61550047
61549532
61550660
61551019
61550122
61551030
61549754
61550129
61551106
61550026
61550148
61551427
61551340
61549994
61550197
61550295
61551363
61550744
61551528
61551823
61551043
61551891
61551876
61551972
62053877
66250545
72546553
78315838
84612078
90906070
96677086
102972763
109267622
114514473
120285619
126580817
132876686
139698454
145993382
152288451
158583649
165404166
171699822
177994582
184816854
191110499
61551222
61550896
61552421
61551785
61552550
61551499
61551319
61551370
61551613
61552955
61552125
61552701
61552988
61552055
61552273
61553041
61552216
61553011
61553071
61551713
61553018
61551964
61553001
61552569
62579650
67825631
74121680
79891024
86186160
92481536
98776885
105072936
111893029
118189275
124485179
130781035
137074760
143371275
149665979
155962211
162782928
169079424
175373339
182193907
188489560
195308995
61553709
61553856
61553325
61554212
61553274
61554088
61554392
61554050
61554345
61553792
61554334
61554230
61553362
61554446
61553501
61554443
61554683
61553234
61554494
61553976
61554544
61554686
61554152
61554705
61553372
62581386
66778112
71499744
76220595
80943849
84615275
89336897
94058126
98779942
103501913
108223142
112945137
117666307
122387243
127108862
131830859
136552278
141274230
145995705
150716900
155965102
160686449
165407558
170130323
174850286
179571593
184820417
189540475
194261673
61555603
61554734
61554484
61554345
61555882
61555182
61554729
61556378
61555135
61555860
61556104
61555527
61556096
61554951
61555031
61555007
61554972
61556240
61555276
61556770
61556360
61555593
61556327
61556651
64682413
69402624
75173067
81469163
87238499
93534155
99830667
106126379
112422174
118717939
125012963
130783078
137078227
143374086
149669118
155965454
162786246
169081427
175376435
181671355
188493755
194788795
61557009
61557317
61556009
61557305
61557244
61557488
61556820
61557568
61556386
61556297
61557589
61556698
61557559
61557863
61556356
61557763
61557151
61558191
61557976
61557274
61557028
61556537
61556818
61556911
65207336
70454732
76225095
81994234
87241215
93011335
99307692
105603487
111899140
118194143
124490012
130784676
137079676
143375796
149670994
156492903
162787871
169084351
175379319
181674204
187969636
194265004
61557447
61558803
61557927
61558910
61557754
61559029
61558410
61558842
61559056
61558276
61558930
61559125
61558126
61559240
61559145
61557927
61558007
61558156
61559864
61559463
61558167
61559494
61558602
61559348
65208972
69930323
75700841
81995865
88290545
94061628
100357449
106652758
112424148
117669892
123965737
130262801
136557745
142853854
149148801
155445110
161740113
168036609
174330318
180626529
186923070
193217321
61559978
61559171
61560194
61560253
61560251
61560448
61560164
61560676
61559976
61560574
61559451
61559365
61559413
61559560
61560618
61560976
61559498
61560917
61560239
61560722
61560883
61560290
61561084
61559918
64685956
69933521
75177806
81473694
87242937
93538609
99833899
106129611
112425523
118721251
125017435
130264294
136033593
142329596
148624548
154920836
161741529
168038084
174332982
180626881
186923436
193218508
61560327
61561695
61560358
61561845
61561123
61561823
61562050
61560843
61561999
61560894
61561953
61561601
61561982
61562226
61561459
61562253
61561057
61561035
61561054
61561214
61562769
61562516
61561166
61561656
64163168
68883999
74654726
80949451
87245600
93015531
99310907
105607883
111902355
118197782
124494395
130790422
137085358
143381513
149676457
155447068
161741964
168564193
174859145
181153979
187450734
193744459
61563101
61562278
61563474
61562102
61563354
61562780
61563644
61563731
61562913
61563605
61563650
61563097
61563618
61563709
61562873
61562478
61563864
61563329
61563761
61564099
61563111
61563908
61564093
61563575
63115329
68362194
74132583
79902034
86198239
91967997
98264655
104560287
110856138
116625434
122921202
129742847
136037799
142332583
148627738
155449623
161744671
167516575
173811578
180106629
186401951
192697157
61564036
61563541
61564685
61565052
61564104
61565028
61564992
61563795
61565078
61563944
61565083
61565208
61563925
61565290
61564237
61565085
61565439
61564674
61565385
61565470
61564450
61565534
61565506
61564490
61564055
61564087
65214779
68886963
73083739
77806011
82527139
87248523
91970315
96692203
101413419
106135331
110856211
115578627
120300731
125022019
129742955
134464267
139185339
143907643
148629078
153351641
158073230
162794009
167517150
172238289
176959398
181680617
186403478
191649248
196386577
61565213
61566290
61565973
61566546
61566778
61565902
61566740
61566856
61566659
61566920
61566688
61567077
61566021
61566819
61567071
61566384
61567068
61567341
61566227
61567172
61565939
61566489
61567268
62594935
67315255
73085282
79380562
85675506
91972146
97742077
102988637
109283378
115585026
121880930
128175874
134471802
140767898
147061637
152833693
158603930
164899917
171196469
177490517
183786869
190081752
196392752
61571381
61572686
61572275
61572662
61573125
61571868
61572957
61571852
61573034
61572508
61572932
61573291
61572417
61573342
61573352
61572455
61573459
61572264
61572298
61573497
61572272
61572551
61573470
62075549
67321461
73091576
79387906
85682837
91452688
97747978
104044930
110340653
116635538
122931514
128701728
135522373
141818533
147587941
153884157
160179248
166475504
173296229
179591138
184838645
190607989
196394229
61574080
61572879
61574281
61574253
61572962
61573265
61573053
61573916
61573514
61574808
61574636
61573645
61574571
61573602
61573186
61573437
61573372
61574046
61574151
61574481
61574835
61574119
61574811
62077035
67323760
73093273
79389297
85158649
91454201
97750590
104046222
110342014
116111268
122932878
128702353
135523750
141819854
148114913
153885444
160706081
167002700
173297660
179591767
185888172
192183020
61575650
61575434
61575670
61574837
61575761
61574765
61575723
61575963
61574629
61575833
61575323
61576201
61576084
61575376
61576068
61576354
61574995
61576324
61576280
61574904
61576391
61576304
61575339
61576610
62604046
67324103
73618879
79915392
86210403
92505923
98801325
105095797
111391509
117686440
123982763
129229366
134475078
140247736
143918571
150213582
157034723
163329521
170676219
177495918
184315867
191136600
61575682
61575935
61576885
61575695
61577000
61575759
61576306
61577278
61576378
61577397
61576261
61577210
61577460
61576616
61577600
61577534
61576674
61577657
61577629
61576851
61577911
61576853
61577621
61577810
62604491
68375988
74146263
79915858
86210951
92507354
98277290
104572951
110868722
117163551
123459586
129755514
136575935
142872103
149165863
155462333
161757240
168579533
174873106
181692660
187990569
194284414
61577480
61578449
61578011
61578652
61577597
61578035
61578552
61578708
61578126
61578175
61578884
61578024
61578956
61579068
61578078
61579052
61578115
61577699
61577942
61578059
61579211
61578339
61579225
61579469
63655151
69426499
75197107
80966230
87262403
93032251
99327651
105623427
111920339
118215211
124511115
130807115
137100891
143397003
149691952
155988507
162283275
168580995
174875939
181170835
187467579
193761283
61579835
61579416
61580100
61580242
61579158
61580335
61579150
61580231
61579649
61580236
61580415
61579598
61580530
61580451
61579262
61580626
61580662
61580478
61580650
61580711
61580062
61580924
61580858
61580091
63132956
68377894
74148267
80443091
86213854
92509027
98804507
105102291
110871475
117692203
123988107
130283771
136578979
142875075
149170062
155466291
161760398
168056801
174351526
180646585
187469846
193763939
61581518
61580671
61580306
61581498
61581782
61580842
61581905
61580541
61580637
61582009
61580992
61581789
61581970
61581997
61580821
61582113
61581146
61581989
61582289
61581242
61582061
61582373
61580925
61582273
63659028
68903877
75200186
80969266
87264149
93560930
99330925
104577205
110872850
116643306
123465802
129235421
135530165
142351938
148646938
154943298
161237202
167533501
173828674
180649154
186945850
193240029
61582713
61582357
61582958
61583235
61581640
61583131
61583094
61583461
61582555
61583247
61583410
61582483
61583385
61583430
61582016
61582187
61582539
61582120
61582299
61582400
61583467
61583715
61582259
61583722
61599798
65775453
71547505
77316692
83611980
89908487
95678210
102500554
108794738
115090474
121385079
127680154
133976226
140797791
147091623
153387975
159682903
166503639
172799231
179094058
185392519
191160951
196422813
61602472
61601498
61602895
61601577
61602903
61602279
61602144
61603377
61602741
61603431
61603711
61602814
61603818
61602470
61602608
61603756
61603771
61602595
61603844
61604109
61603090
61604083
61603950
61582720
66303431
71550136
77320527
83090194
89385533
95680914
101977834
108272770
114568434
120863522
127158317
133454245
139750141
146569586
152867229
159161226
165456219
171752555
178573264
184868784
191163859
61604233
61604004
61605374
61604680
61605725
61605290
61603974
61604317
61604276
61604915
61604977
61605444
61605599
61605719
61605751
61604875
61605925
61605711
61604987
61606063
61604737
61604656
61606181
61604939
62109316
67355302
72601087
77845615
84140932
90437412
96207487
102503196
108799036
115095591
120864911
127159967
133455596
139752996
145522319
151817575
158113412
164408593
170704860
176999892
183294772
189591639
196427170
61605558
61606766
61606097
61606948
61607112
61606468
61607116
61607330
61606542
61607247
61607281
61606530
61607308
61607390
61606501
61607492
61607583
61606597
61607631
61607510
61606659
61607612
61606438
61585164
66831259
72078327
76799430
82570583
88340287
94110070
100406753
106176713
112472593
118768713
125064553
131360546
137655490
143951514
149721177
156017711
162313005
168609135
174904731
181199314
187496205
193791235
61609625
61609716
61609398
61609907
61610261
61609264
61610287
61610422
61609436
61610593
61610654
61609719
61610739
61610800
61609769
61610779
61610896
61610332
61610835
61610941
61610225
61610974
61610875
61610352
63162492
68408162
74178729
80473856
86769717
92539440
98835259
105130707
111426459
117721387
124017280
130313411
136608211
142906248
148151272
153921744
160216797
167038994
173333714
179628090
185924485
192745157
61611113
61611942
61610575
61611971
61611204
61612512
61612225
61611271
61612142
61612342
61611337
61612408
61611146
61611492
61612491
61612536
61611574
61612618
61617943
61616893
61617884
61617937
61617150
61617980
62645682
67891566
73660638
79957033
86252809
92021609
98318385
104088572
109859913
115629967
121925871
128747329
134516937
140812702
147632189
153929758
160224774
166519670
172815326
179109902
185406817
192226121
61617556
61618480
61618861
61617993
61618963
61619329
61619061
61618110
61618899
61619115
61617883
61619059
61619299
61617936
61618588
61618693
61619176
61619442
61618581
61619154
61619559
61618512
61619765
61619575
61598954
65793466
71564245
77860304
83630016
89925237
96221928
102517648
108812584
115108269
121403357
127697869
133993949
140815645
147110645
153406168
159700763
166521421
172817136
179111621
185408416
192227893
61619963
61620246
61619346
61620192
61619163
61619068
61620352
61619367
61620308
61620595
61620133
61620514
61620903
61619956
61620639
61621028
61620146
61621255
61620810
61619639
61621111
61619735
61621230
61621071
61598240
66319771
72090284
78386100
84155927
90451260
96747772
103043425
109337129
115634105
121928769
128223713
134519620
140815991
146586284
152883689
159177801
165472372
171768951
178589604
184885057
191180404
61620629
61620612
61622084
61621277
61622045
61622334
61621211
61622229
61621472
61621248
61622303
61621121
61621416
61622399
61621209
61621484
61622602
61622604
61621588
61622744
61622725
61621943
61622781
61622821
61601263
65797883
71042728
77338843
83108347
89404747
95174371
99895635
105666942
111963811
117732998
124028971
130326075
136620947
142391294
148686219
154982766
161277734
167574142
173868894
180164054
186460870
192755451
61622496
61622233
61623420
61623801
61622818
61623878
61622514
61622730
61623843
61623756
61622655
61623904
61624108
61622609
61624168
61622782
61623972
61624234
61622913
61624036
61624292
61622980
61624183
61624329
62650728
68421341
74191588
79962271
86257567
92552612
98850274
105145044
111440828
117735500
124031700
130326716
136621332
142917631
149212682
156034591
162328516
168624604
174919887
180165634
185937871
191707972
61638033
61624219
61624935
61623980
61625430
61625135
61624456
61625236
61625370
61624176
61625388
61624193
61624488
61625538
61624372
61624651
61625591
61625674
61624928
61625634
61625850
61625005
61625671
61625764
61603375
66325439
72094824
77864976
84161648
90455664
96752448
103048168
109342064
115638848
121933432
128228408
134524563
140820616
147115667
153412027
159706923
166001715
172823952
179118936
185414347
191709603
61626716
61626793
61626702
61625618
61626765
61625748
61626596
61626697
61625529
61626835
61626804
61626785
61625764
61625841
61626827
61627113
61625707
61627244
61626198
61625651
61627259
61626379
61626968
61627314
61605820
66325951
71571807
77342164
83637660
89932465
95703476
101999212
108294156
114590220
120886969
127182748
132952068
139247476
145543257
151838729
158134313
164429516
170725820
177020913
183843193
190138153
196448149
61627852
61626661
61626752
61626963
61627944
61627187
61626784
61627770
61627435
61628147
61628442
61627552
61628278
61628530
61627533
61628382
61628575
61627685
61628644
61628714
61627984
61628151
61628706
61628716
65278124
71048792
76819188
83115500
88884476
95179724
101475732
107771332
114066924
120888500
127183468
133478204
139774236
146069460
152891377
159187177
165480193
171776737
178071751
184894044
191189084
196449746
61629427
61628171
61628203
61628133
61629628
61628771
61629595
61629884
61628871
61629813
61630044
61629273
61629979
61629973
61629025
61630080
61628826
61628969
61630096
61628769
61629001
61630221
61630164
61607536
66329027
72625803
78395299
84690555
90460166
96755595
103051243
109346470
115642254
121938006
128232974
135055403
140301675
146070843
152367275
158661963
164956971
171254715
177549659
183845091
190140059
196451164
61631004
61629525
61631016
61629699
61630808
61630380
61631108
61631429
61630635
61631397
61631584
61630252
61630678
61631417
61631776
61630761
61631521
61631630
61630534
61631507
61630580
61630638
61632209
61631073
65807058
71051931
77347936
83117432
89413840
95183328
101478720
107774632
114070976
120367096
126662880
132432363
138727320
145023707
151318651
157614531
163909427
170205915
176500947
182796035
189092587
195387819
61632459
61631113
61632391
61631927
61632599
61631920
61632650
61632740
61631668
61632833
61631990
61631912
61633068
61631771
61632029
61633164
61633192
61631845
61633252
61633157
61631917
61633276
61633261
61631818
63709963
68954781
75251241
81020452
87315212
93611076
99906289
106202404
112499036
118794940
125089812
131386572
137680756
143451057
149746123
156042275
162337379
168633931
174928651
181749371
188046043
194339843
61633008
61633207
61633111
61633219
61633987
61633056
61634209
61632945
61634610
61634303
61632940
61634418
61633388
61634172
61634510
61633479
61634654
61633954
61633263
61634584
61634698
61633356
61634479
61634676
62661115
67382649
73678697
79448441
85744346
91514081
97809409
104106354
109875844
116171420
122467324
128762540
135058196
141354297
147649148
154471194
160240404
166536004
172832076
179652626
185947993
192243313
61634590
61635428
61635407
61635303
61634693
61634341
61635820
61634861
61634322
61635919
61635824
61635677
61636007
61634917
61634790
61635891
61636131
61634747
61636146
61635301
61636051
61636266
61635520
61636635
61636324
61635560
61636243
64761118
70531749
75778758
81024413
87319374
93089277
99384981
105681697
111978193
118272305
124568337
130864137
137159081
143455212
149750238
156045558
162340182
168636718
175456206
181752390
188048945
194343278
61635844
61637007
61636451
61637250
61636017
61636329
61637464
61637318
61636417
61637442
61636305
61636528
61637642
61637631
61636696
61637687
61636411
61636397
61637732
61636851
61636520
61637969
61637954
61637131
62664357
68436157
74205532
79975844
86270857
92566500
98863004
105158716
111454380
117749324
124045228
129815415
136636172
142932252
149227153
155523441
161292668
167589161
173884388
180179132
186475804
192770900
61637683
61637301
61638678
61639045
61638366
61638919
61638974
61638384
61638993
61639129
61638421
61639199
61639174
61638498
61639217
61639401
61638445
61639428
61639599
61638797
61639456
61639527
61639536
61638207
62142517
66863937
72634125
78403493
84698888
91000942
96770704
103590942
109887158
116182885
122477749
128772912
135068557
140840107
146610611
152907105
159202001
165496825
171793425
178088393
184384921
190679825
196466359
61644797
61645933
61645535
61646527
61646210
61645566
61646253
61646552
61645540
61646362
61645180
61645506
61646501
61645543
61645249
61646715
61646518
61645401
61646701
61646753
61645374
61646869
61646761
61624175
66871016
72641530
78411714
83657986
89427594
95724162
102019874
108314818
114611386
120380706
126675885
132971717
139267045
145562612
151858199
158153871
164449151
170745487
177040463
183335927
190157692
196467669
61647496
61646892
61647463
61647489
61647674
61647872
61646884
61647792
61647904
61647043
61647770
61647970
61646987
61648021
61648125
61647417
61648064
61648149
61647222
61648154
61648301
61647523
61648280
61648223
64773976
69494179
75264915
81560644
87330198
93625667
99922372
106218084
112513884
118809788
125104667
131400668
137695547
143991740
150286652
156582991
162878007
169174511
175469331
181764351
188060799
194355915
61647602
61648752
61648319
61648778
61649051
61648116
61649085
61647883
61648222
61649300
61648177
61648120
61649369
61649477
61648317
61649449
61648275
61648578
61649282
61649642
61648530
61649378
61649652
61648744
61648357
61648389
64250126
68973359
73167988
77890369
82085801
86807121
91531034
95201625
99922777
104644753
109366393
114089217
118811401
123532754
128253922
132976162
137172802
140844841
145041761
149239282
153962674
158683890
163405106
168127858
172848266
177569482
182290770
187013666
191734882
196470903
61650696
61649639
61649450
61649391
61650726
61649928
61651072
61651107
61650452
61650981
61649858
61649772
61649973
61649812
61650566
61650434
61651076
61651347
61650762
61651425
61651215
61650135
61650397
61628759
66351567
72121887
77890850
83661738
89957378
96253728
102023626
108318570
114614399
120910303
127205106
133501330
139797213
146092322
152388682
158683586
164978450
171274861
177570007
183866538
190687296
196472552
61650998
61652135
61651920
61652312
61652615
61651821
61652665
61652798
61651693
61652774
61652666
61651773
61652806
61652770
61652021
61652969
61653124
61652077
61653376
61653081
61652199
61652433
61653287
61631628
66353283
72123676
77893992
83663824
89960829
95205893
100975401
107271244
113568285
118288352
124585394
130881274
137176205
142946715
149241673
155538004
161832598
168129077
174424520
180720352
187016958
193312077
61652543
61652585
61653685
61653972
61653180
61654022
61652856
61653029
61654190
61654205
61653274
61654337
61653508
61653018
61654390
61654231
61653525
61654401
61654556
61653621
61654489
61654711
61653917
61654636
62156940
66878188
73173287
78943498
85238570
91533727
97829335
104125327
110422023
116716079
123011495
129307839
135602439
141899055
148193786
154489874
160784882
167607114
173900890
180196053
187018405
193312082
61655729
61655409
61654034
61655703
61654821
61655612
61655842
61655009
61655847
61655819
61654638
61655841
61655072
61655760
61655920
61654701
61655984
61656037
61654719
61655989
61656301
61654786
61656177
61655221
62682833
67928841
74225606
79995486
85764689
92059998
98356846
104126793
110422622
116717566
123013398
128783867
134030470
140326619
146097179
152393395
158688283
164983651
171279635
177575619
183871627
190166315
196477420
61656906
61655801
61656776
61655690
61656755
61656017
61657003
61657247
61656555
61657215
61657453
61656416
61657252
61657329
61657396
61657512
61656064
61657508
61656571
61656291
61657692
61657746
61656776
61657759
65832620
71078708
76848031
83144300
88913471
95209772
100979492
107275404
113571004
119866908
126163116
132458175
138752711
145049156
151343964
157640100
163935276
170231594
176526724
183347276
189643948
196478420
61658275
61657293
61658558
61657322
61658413
61657435
61657485
61658544
61658784
61657421
61658268
61658069
61659168
61658996
61658072
61659051
61659058
61658176
61658980
61659057
61658421
61659135
61659198
61637515
65832903
71603387
77373801
82620761
88390201
94685881
100981342
107277062
113572625
119869633
126164738
132460642
138755586
145051738
151346610
157117164
163413305
168659332
174954217
181249425
187545905
193841193
61659711
61658902
61659949
61658932
61658740
61660053
61659059
61659958
61660161
61658827
61660213
61659550
61660649
61660507
61659531
61659706
61660538
61660113
61660565
61660699
61659627
61660733
61659436
61659558
63212996
68459005
74229302
79998790
86293598
92590358
98360230
104655862
110951462
117246350
123542510
129838726
136133670
142430638
148200934
153446830
159217366
165512182
172335294
178103630
184400625
190695449
196481804
61661396
61660285
61661417
61660275
61661307
61660543
61661327
61661563
61660778
61661633
61661820
61661216
61661753
61662018
61661371
61661873
61662028
61661298
61661364
61662196
61661229
61662440
61662151
61661323
66362973
71082495
76852439
83149091
88918202
95214584
100984295
107279930
113576911
119872823
126167907
132463623
138758639
145054886
151349953
157647065
163941086
170237617
176532585
182826302
189123097
195418014
61662715
61662879
61661846
61661831
61662260
61662182
61663074
61663333
61662441
61663405
61663561
61662497
61663474
61663586
61662579
61663503
61663475
61662299
61663658
61662643
61663518
61663729
61662590
61663681
63739409
68460707
74231315
80527312
86822176
93116415
98887488
105183176
111478792
117773856
124069736
130891440
137185560
143481704
149776368
156072680
162893304
169189776
175485608
181779792
188075224
194371504
61664417
61663163
61664473
61664471
61664883
61664103
61664685
61664950
61664074
61664925
61664948
61664831
61664897
61663753
61663617
61663874
61663860
61664999
61665149
61665414
61664641
61665288
61665435
61664305
63740782
68988057
74757865
81053481
87349281
93118265
99413689
105709537
112005073
118300476
124596233
130892193
137186865
143483145
149778089
156074369
162369153
168665697
174960713
181781409
188078913
194373049
61664471
61665657
61665073
61665995
61666123
61664793
61666122
61664838
61665129
61666378
61665339
61666611
61666355
61664899
61666480
61665355
61666849
61666621
61665675
61666589
61666658
61665849
61666802
61665556
64792798
69512939
75283609
81578353
87873369
94169929
100465745
106236881
110957713
117253761
123023972
129319777
135616033
141386313
147681257
153977737
160272492
166568220
172864361
179159033
185455628
191750788
61666854
61666406
61667311
61666730
61667617
61667809
61666877
61667793
61667786
61666402
61666667
61666479
61668258
61666698
61666756
61667780
61668088
61666885
61667015
61668096
61668255
61666884
61668235
61668220
61645532
66366813
72137240
78433197
84202768
90498288
96793637
103089341
109385581
115681189
121977093
127746328
134042296
140338320
146633528
152929816
159224856
165519659
172341888
178636856
184408880
189653488
196489083
61668915
61668004
61668957
61669105
61668972
61668244
61669020
61669307
61668519
61669308
61669446
61668644
61669263
61669344
61668626
61668020
61669593
61668591
61669345
61676339
61675546
61676199
61676451
61654891
65851620
71622366
77391476
83686833
89981833
96277470
102573505
108868182
115164249
121459745
127754641
134050774
140346870
146641662
152938089
159757545
166053801
172349414
178643894
184940705
191761177
61677517
61677435
61677218
61676388
61677435
61677415
61676442
61677480
61676467
61676284
61677621
61677792
61677751
61677885
61676834
61677758
61676534
61676664
61677820
61677936
61676531
61677900
61677885
61676619
61677244
65851813
71622597
77918410
83688114
89983250
96280034
102575746
108869361
114640602
120936602
127231626
133527458
139823498
146118562
152414922
158709962
165530442
171827050
178121962
184417530
190712306
196498883
61678640
61677377
61678944
61677724
61678840
61678004
61679039
61679118
61678511
61679035
61679273
61678295
61679307
61678172
61677556
61679387
61678319
61679218
61679327
61679468
61677961
61679563
61678233
62182524
66378074
71099478
76869595
83166104
88935262
95230803
101525936
107821648
114117597
120413288
126709493
133004729
139300371
145595320
152417432
158712269
165006045
171302733
177597688
184420792
190714928
196500187
61680066
61678993
61679006
61678896
61680282
61679590
61680346
61680402
61680388
61680682
61679787
61679210
61679293
61680381
61680523
61680589
61679544
61681048
61680634
61679538
61680672
61680824
61679626
61680701
64282110
69527881
75298430
81067654
87362406
93659174
99954790
106250502
112546238
118842070
124611246
130907414
137202006
142449406
148744481
155040361
161335254
167631793
173926822
180221849
186518441
192813350
61680510
61681633
61680391
61681662
61680892
61681691
61681760
61680849
61681904
61681796
61680607
61681963
61681969
61680593
61682123
61682210
61680834
61682160
61681079
61680879
61682323
61681319
61680831
61682347
62708683
68479196
74775736
80544693
86315304
92610960
98907328
105203040
111498848
117793733
124088469
130385565
136679469
142975760
149270584
156092552
162387520
168683941
174977669
181272808
188095088
194390069
61681910
61683078
61682808
61683200
61683385
61682749
61683296
61683352
61682484
61683458
61682462
61683377
61682289
61682331
61683524
61683633
61682299
61683677
61682777
61683523
61683848
61682966
61683988
61684059
64808443
70579465
76875321
82644753
88414937
94710457
101005929
106777273
113074105
119370009
125663624
131435209
137729889
144026233
150321465
156617337
162912305
169208729
175503753
181798825
188095505
194390473
61683682
61684426
61683974
61684658
61683879
61684759
61683878
61684721
61685000
61684270
61684992
61685168
61684054
61685066
61685038
61683747
61685234
61685134
61684084
61685325
61684291
61683926
61684148
61684067
65860400
71629857
77924697
83695708
89991065
96287425
102583209
108876913
115173817
121469721
127764761
134060665
140356689
146651761
152948049
159241777
165536857
171833228
178653913
184949345
191244521
61685030
61684742
61686186
61685563
61686228
61686243
61685176
61686477
61685336
61686315
61686445
61686285
61686521
61685525
61686408
61686711
61685842
61686512
61686858
61685930
61686624
61686954
61685949
61686669
62188797
67959206
74253902
80024481
86319414
92614926
98911638
105207430
111503113
117798102
124092761
130388838
137209382
143505577
149274972
155572233
161341460
167637988
173932905
180753673
187049097
193344540
61687183
61686721
61687667
61686383
61686463
61687696
61687668
61686636
61687800
61687823
61686807
61687912
61687884
61686636
61688000
61688095
61686673
61688096
61688068
61687260
61688192
61688385
61687415
61688304
62714795
68485253
74781493
80550509
86846765
92616437
98911845
105207837
111503365
117798445
124094493
130390141
136685293
142981432
149276168
155572720
161867680
168164240
174459008
181279456
187575144
193871400
61688962
61687991
61689081
61688088
61689094
61688006
61688085
61687981
61689345
61688293
61687962
61689406
61688402
61688144
61689545
61689645
61688333
61689609
61689661
61688378
61689809
61689709
61688778
61689798
62716526
68487772
74257259
80553311
86322782
92618086
98914798
105210510
110980577
117275497
123571625
129867481
136162273
142458488
148753264
155575314
161870354
168166834
174460562
180755832
187576775
193872962
61690375
61689148
61690612
61689292
61690645
61690118
61690528
61690874
61689979
61690950
61691211
61690059
61690999
61689779
61690125
61690969
61691148
61690464
61691116
61691389
61690325
61691152
61691463
61690429
63767846
69538509
75308131
81604712
87373355
93669789
99965405
106261045
112031291
118326291
124622011
130918139
137213011
143508866
149803810
156100386
162395282
169217442
175512338
181806055
188103186
194397962
61691900
61691736
61691397
61692285
61692087
61691243
61692456
61692312
61691555
61692080
61692461
61691630
61692262
61692498
61691785
61692438
61692712
61691698
61692648
61692727
61691845
61692528
61692700
61692216
63243706
69014306
75310679
81079623
87375844
93145519
99441028
105736855
112032463
118328652
124624628
130394999
136689943
142985967
149280999
155577319
161872122
168168775
174989324
181284268
187581028
193874719
61693392
61692229
61693482
61693327
61693469
61693079
61692223
61693675
61693141
61693497
61693835
61693055
61693591
61693923
61692884
61694279
61694137
61693298
61693844
61694211
61693452
61694083
61694240
61693882
63769508
69540074
75836535
81605895
87901743
93671775
99967055
106262775
112559751
118854407
125149354
131445231
138265975
144562236
150857129
157152580
163447124
169743569
176564409
182858516
189154993
195450993
61694913
61694933
61694813
61694560
61694890
61695245
61694401
61694944
61695450
61694373
61695185
61695415
61694736
61695348
61695591
61694557
61695366
61695674
61694696
61695585
61695549
61694309
61695681
61694562
65346214
71116088
77410541
83181723
89477699
95247131
101543203
108363971
114659635
120955611
127250579
133546483
139841339
146136331
152432547
158727803
165548275
171843939
178138483
184435315
191256062
196516775
61696480
61695416
61696506
61695393
61695530
61696129
61696459
61696682
61695923
61696714
61696981
61695990
61696863
61696997
61696267
61696906
61697187
61696347
61697053
61697253
61696356
61697266
61696012
61674538
67444982
73741814
79511614
85281078
91576150
97872934
104168646
110464454
116759398
123054062
129351230
135645006
141942302
148236425
154532705
160827753
167123681
173418828
179713924
186536137
192831105
61697059
61698094
61696698
61698049
61697385
61698107
61698283
61697127
61698232
61697324
61698092
61698332
61697186
61698533
61698582
61697295
61698637
61697975
61698348
61698686
61697654
61698387
61698645
61697742
63249838
69020383
74790953
80561502
86331846
92628331
98398334
104694123
110990675
117285691
123581523
129877451
136172467
142468555
148763499
155058963
161353507
167649995
173945206
180239856
186536846
192831694
61698308
61699343
61699201
61699480
61698794
61699671
61699626
61698707
61699770
61699552
61698430
61698521
61698542
61699638
61699966
61698582
61699371
61699417
61699798
61700072
61699038
61699886
61700138
61699510
63775601
69546081
75842505
81611406
87907785
93677708
99972902
106268622
112565713
118861617
125156513
131452489
137747433
144043521
150338457
156109215
162404036
168701756
174996716
181291588
187588396
193883308
61700688
61700330
61701150
61699908
61700932
61701142
61700953
61701240
61700375
61701049
61701395
61700564
61701247
61701432
61700588
61701305
61701536
61700748
61701817
61701603
61700620
61700166
61701767
61701871
63252647
69548850
75318277
81614242
87383840
93680298
99975818
106271530
112567266
118861930
125156898
131453205
137748237
144043813
150339096
156635408
162930080
169226792
175521800
181816744
188113173
194408117
61701364
61702386
61701516
61702458
61702782
61701892
61702651
61702747
61701959
61702642
61702902
61702092
61703013
61703049
61702132
61703034
61702315
61703015
61701716
61702932
61703116
61701745
61703223
61702295
63254032
69557739
75327128
81097315
87392755
93689227
99458915
105754819
112050611
118345627
124641603
130938296
137233240
143529379
149824395
156120683
162415587
168712139
175007115
181302000
187597504
193892795
61711189
61710329
61711533
61710305
61710942
61710796
61711452
61711731
61710951
61711640
61711819
61711002
61711859
61710540
61710662
61711869
61710793
61710478
61710759
61710817
61711884
61710847
61711007
61711929
64312359
70082928
76377861
82148230
88443099
94738636
100509510
106805342
113101238
119396931
126216435
132513684
138808491
145104672
151398771
157695107
163989963
170286443
176582371
182876075
189173987
195468948
61712612
61711474
61711425
61712948
61711620
61712984
61712202
61713119
61713299
61712492
61713227
61713336
61712396
61713320
61712146
61712319
61713416
61713542
61712631
61713512
61713611
61712676
61713624
61713830
65364025
71133832
76904189
83199274
88970594
94740261
101036045
107331490
113628530
119924434
125693490
131990658
138285378
144056007
150351223
156647311
162942335
169238735
175533927
181828599
188651084
194946028
61712832
61714328
61713371
61714367
61713628
61714388
61714671
61713163
61714570
61713865
61713304
61714766
61714054
61714571
61714946
61714195
61715014
61715042
61714074
61714792
61715071
61714197
61715024
61715132
64316528
70087839
75856396
81626642
87921668
94218511
100514791
106283871
112579583
118875500
124647231
130417338
137237975
143534226
149829106
156125450
162420383
168716855
175011831
181306471
187603503
193897167
61715634
61715780
61714511
61715983
61715240
61715837
61716052
61715221
61715949
61716279
61715101
61716021
61716359
61715384
61716699
61716348
61715365
61716229
61716436
61715445
61716309
61716532
61715744
61716413
62218647
67464551
73236089
79005548
85301601
91071612
96842220
103137761
109432969
115728641
122024473
128320732
134616644
140912668
147207611
153503907
159798939
166092859
172914875
179209843
185505347
191800307
61716385
61716011
61717461
61716935
61717474
61716453
61716265
61716361
61716480
61717976
61716424
61716848
61716459
61717836
61717911
61716842
61717634
61718074
61717141
61718245
61718127
61717245
61717936
61718180
61696329
66416909
72187145
77957468
84252721
90547977
96844833
103139329
109434204
115730281
122025913
127796337
134092246
140388555
146683171
152979523
158749971
164520635
170817259
177112147
183406915
189703635
196539089
61718922
61718032
61719008
61717749
61719099
61718251
61719029
61718740
61718346
61717922
61719445
61718629
61719240
61719572
61718799
61719411
61718309
61718295
61719600
61719687
61719506
61719695
61718327
62221537
67993259
73762343
79534215
85303607
91599991
97895535
104191175
110486903
116781919
123077751
128846903
135144119
141441063
147209412
153505841
159800588
166095612
172392300
178687268
184983847
191804451
61719284
61719309
61720511
61719784
61720548
61720805
61719921
61720890
61719593
61719715
61720914
61720938
61720019
61721039
61720872
61719704
61721098
61720952
61719763
61721034
61720278
61720944
61721104
61719915
62223234
67993690
74289599
80059279
86354071
92651455
98420359
104716063
111011871
117306679
123602655
129898927
136193807
142490010
148784781
155606762
161375986
168198231
174493199
180788143
187083575
193378543
61721064
61720936
61721980
61722105
61721133
61722281
61721161
61722076
61722257
61720924
61722339
61721639
61722169
61722494
61721769
61722367
61722509
61721513
61722463
61722750
61721745
61722616
61722803
61721876
63799086
69045290
74815970
80585037
86355325
92651317
98947613
104717624
111013237
117308261
123605405
129901333
135671629
141442037
148262805
154559093
160854069
167150549
173445413
179740453
186036157
192331133
61722778
61723347
61723730
61722854
61723837
61722763
61724134
61723853
61724059
61722918
61723758
61723959
61723289
61723978
61724224
61723179
61724052
61724126
61722980
61723004
61723086
61724220
61724329
61722995
62226367
66947475
73243537
79012844
85309164
91604468
97374522
103670234
109965506
116260588
122556687
128852239
135147451
141969288
148265088
154560616
160855544
167151992
173446936
179741904
186038648
192333592
61724015
61723671
61724382
61724148
61724895
61724967
61724193
61724977
61725009
61725278
61723851
61725162
61724521
61725102
61725520
61724756
61725424
61725603
61724692
61725581
61725618
61725739
61725665
61724412
61725733
65375282
71146859
76916140
83212589
88981752
95278213
101573733
107868133
113639664
119935296
126230440
132526097
138821249
145117257
151412169
157708809
164003425
170300257
176596145
182889753
189186764
195481457
61725671
61726422
61725656
61726427
61726604
61725896
61726646
61726819
61725943
61726888
61726780
61725484
61725757
61725748
61726831
61727020
61725780
61727020
61727247
61725804
61727231
61726244
61727079
61727184
63802774
69573511
75869639
81638655
87934919
93704791
100000375
106296087
112591823
117837615
124133727
130429311
136724383
143020351
149315423
155611663
161906751
168203087
175023879
181317583
187614391
193909282
61727800
61728195
61727047
61727722
61728185
61727128
61728204
61727202
61726858
61726887
61727173
61727366
61727520
61727235
61727778
61727632
61728545
61727712
61728595
61728500
61727370
61728530
61727628
61727314
63806197
69050268
74820848
80591171
86886312
93182776
98952512
105248288
111545323
117840195
124136171
129906448
136201371
142497595
148792382
155614435
161383590
167680118
174500779
180794576
187091163
193386272
61729370
61729666
61729344
61729717
61728764
61729812
61728831
61729609
61729892
61728542
61729805
61728905
61729753
61730115
61729195
61729957
61730149
61729158
61730221
61730121
61728838
61730253
61729211
61730054
63806881
69051706
75346711
81642735
87937679
94232001
100528815
106824583
113120263
119416095
125185594
131481498
137776098
143548983
149318111
155615599
161909375
168205855
174501991
180796935
187093607
193389495
61729601
61729729
61729809
61731159
61730337
61731033
61731285
61730948
61731298
61730159
61730353
61731530
61731379
61730148
61730220
61730369
61731849
61731561
61730334
61730468
61731613
61731851
61730953
61731548
62233395
67480620
73249681
79545022
85841057
91610692
97906388
104201900
110497894
116792577
123089649
129385577
135680593
141975449
148270447
154566879
161387455
167683103
173977746
180798538
187093983
193389231
61732113
61731812
61732349
61731462
61732326
61732599
61731366
61731454
61732804
61731525
61732541
61732063
61732864
61731941
61732835
61733036
61732088
61733025
61731889
61732040
61733188
61733093
61732149
61733051
62760079
68006831
73776068
80071433
86367144
92136888
98432619
104728323
111023942
117844603
124140232
130436550
136731491
143027523
148796731
155619560
161913723
167684619
173979491
180274200
186571083
193391819
61733658
61732978
61734175
61734152
61733970
61733367
61734057
61734336
61733649
61734379
61734432
61733505
61734568
61733330
61733511
61734541
61734628
61733260
61734592
61734618
61733897
61734543
61734904
61733921
63285798
68531860
73777353
79547993
85844241
91613876
97909577
104205153
110502052
116796929
122567092
128861993
135158033
141454094
147749097
154045793
160340366
166635310
172932193
179227097
185523481
191818593
61734390
61734373
61734678
61734980
61735441
61735682
61735071
61735695
61735701
61735036
61735943
61735992
61735204
61735786
61736008
61735177
61735917
61736096
61735329
61736115
61736227
61735281
61735563
61736352
61713716
66959634
72205202
78501210
84270773
90566370
96862738
102634706
107878642
113649709
119945685
126240498
132536501
138831306
145127610
151422834
157718991
164014018
170310341
176605389
182900397
189721573
196557075
61736809
61736003
61736913
61737083
61735720
61735891
61735890
61737032
61737213
61735858
61737228
61736336
61737392
61737492
61736458
61737425
61737287
61736149
61736157
61736263
61736975
61736965
61737426
62239581
68011076
73255604
79026188
85320996
91616820
97913172
104208892
109978575
115750412
121520607
128341284
134637188
140932108
147228292
153524604
159819628
166113324
172411012
178705124
184478132
190247204
196558381
61738179
61737586
61738393
61738263
61737227
61737363
61737298
61738386
61737607
61738450
61738737
61738021
61738638
61738838
61738008
61738830
61738853
61737592
61737739
61737786
61738845
61739029
61737861
62241011
67486909
72732829
78503157
84799640
90569072
96864677
103161493
109456568
115226480
121522608
127817301
134114373
140409424
146704274
153002634
158771042
165065863
171888143
178183111
184479783
190774823
196560112
61739869
61738709
61740073
61738765
61739945
61738914
61739877
61740070
61739538
61740142
61740195
61739712
61738826
61740225
61739341
61740146
61740425
61739810
61740374
61740609
61739352
61740512
61740514
61717979
66963810
72733927
78504285
84801631
90570762
96341471
102637450
108933287
115228959
121523631
127819759
134115663
140412679
146181133
151426946
157732882
164026573
170323061
176618170
183438722
189735490
196569931
61749872
61748579
61748729
61748627
61749895
61749190
61749851
61750058
61749155
61748841
61750138
61749476
61750145
61750499
61749646
61750290
61750426
61749558
61750549
61750411
61750460
61750708
61750387
62252618
67498207
72744039
77991187
83760970
90055775
96352551
102648191
108941895
115238055
121533607
127828914
134124746
140945269
147241515
153536914
159831810
166126338
172422957
178717901
185540287
191834015
61751230
61751024
61751275
61750204
61751317
61750239
61751369
61750793
61751217
61751520
61750812
61751461
61751608
61750689
61751752
61751644
61750340
61750562
61750655
61751874
61751919
61750492
61751891
61751164
63303314
68549169
74319280
80615206
86910368
93205864
98975885
105271412
111567321
117862206
124158039
130454036
136748836
143046283
148290640
154587252
160357530
166653057
172948840
179243794
185540659
191312985
196572938
61752731
61751882
61752662
61751928
61752720
61752021
61752797
61753258
61752338
61753017
61753274
61752109
61753257
61751970
61753342
61752317
61753101
61753447
61752502
61753371
61753594
61752669
61752529
62255667
67501712
73271659
79042435
85337443
91632659
97403627
103699262
109995459
116291123
122587099
128356510
134652011
140948251
146718726
153014966
159309854
165604870
171901350
178196323
184492995
190789131
196574500
61754368
61753284
61754327
61754329
61753460
61754316
61754807
61753772
61754512
61754742
61753809
61754872
61754713
61753409
61753631
61753681
61754842
61754063
61754796
61755018
61754412
61754897
61755017
61733639
66453842
72223949
78520174
84289613
90584997
96881637
103177349
108946632
115242440
121538488
127833352
134129501
140425589
146720309
153016501
159311725
165606757
171902837
178197917
184494533
190789613
196575963
61755956
61754749
61754725
61755810
61756206
61754793
61754875
61756138
61755230
61755976
61756228
61755541
61756271
61756447
61755515
61756519
61755206
61755640
61756339
61756495
61755720
61756555
61756714
61734061
65930504
71701238
77998086
83767107
90063334
95833626
102128587
108423582
114720694
121016526
126785801
133081585
139377185
145673102
151967630
158264014
164558894
170855569
177150430
183445726
189742158
196577692
61757281
61756009
61757512
61756314
61757628
61756834
61756993
61757710
61757098
61757670
61757849
61756930
61757838
61756829
61757765
61756994
61757727
61758014
61757263
61758057
61756896
61756976
61758225
62784492
68030650
73800775
80097167
85866618
92161679
98457287
103703978
109474255
115770095
122065871
128360839
134656871
140953023
147248031
153544154
160364895
166658599
172955111
179250026
185546855
191841823
61757653
61757326
61758791
61758147
61758817
61758929
61757981
61758934
61758949
61758934
61759128
61757490
61759032
61757816
61758248
61758957
61758237
61759131
61759265
61758514
61758302
61759318
61758744
61759307
62261245
67507564
73277516
79573860
85343100
91639561
97409292
103704924
110000921
116296857
122592761
128887788
135183692
141478563
147249036
154071076
160366876
166661060
172957540
178726636
184500028
189744652
196580169
61760196
61758807
61758949
61760087
61760213
61759498
61760379
61760351
61759220
61760520
61759569
61760388
61759668
61760444
61760680
61759887
61760664
61760792
61760105
61760711
61760887
61759790
61761040
62788709
68033229
73803389
80099861
86394733
92164712
98460117
104755765
111051293
117346445
123642349
129938557
136233221
142529331
148824470
155120638
161415726
167712278
174007174
180302121
187124411
193420211
61760221
61761515
61761593
61761901
61760851
61761740
61761806
61760566
61760783
61760820
61762024
61762093
61762164
61760817
61762202
61761017
61762418
61761740
61762097
61761774
61761167
61761684
61761025
61762600
62790225
67510354
73280587
79051551
85347540
91117148
97413868
103709639
110004511
115774639
122070335
128366615
134136698
140432740
146203343
152499716
158795580
165090524
171387836
177156548
183451937
189748238
196583492
61763205
61762379
61763324
61762400
61763266
61762597
61762279
61762447
61763529
61763644
61763693
61762765
61763029
61763530
61763927
61763002
61763632
61763993
61762994
61763913
61764148
61763114
61764169
61763077
63315117
68562249
74332654
80101990
86397942
92693614
98463545
104759257
111055190
117350158
123645638
129942878
136237822
142533934
148828846
155125134
160894337
167191017
173485761
179780870
186077529
192372238
61764110
61763432
61764766
61764124
61764805
61764992
61764036
61764975
61764030
61764945
61765235
61764987
61765215
61764472
61765309
61765362
61764494
61765383
61765483
61765331
61764560
61765352
61765631
61764990
63317790
68563353
74332646
80628910
86398161
92693491
98989222
105285163
111581838
117876710
124172614
129942942
135188403
140960212
147255276
154077177
160372217
166665921
172962425
179257564
185554044
192375585
61765263
61766096
61766135
61765001
61766293
61765180
61765440
61765852
61766815
61766536
61765900
61766745
61765418
61765388
61766723
61766644
61765844
61766790
61766803
61765634
61765881
61765572
61767051
61765815
62270112
66466062
72236102
78531230
84826155
91122823
96892529
103714007
110008975
116304759
122600467
128896442
134665721
140961814
147256678
153553102
159848019
166142867
172965247
179260140
185556884
191851855
61784789
61766614
61767526
61767655
61766473
61766725
61767860
61766896
61768265
61767030
61767763
61768101
61767486
61768018
61768213
61767388
61768274
61768246
61766883
61767009
61767099
61768484
61767454
61768187
62270710
67517462
73286726
79057185
85352348
91648694
97418417
103189689
108960060
115256910
121552858
127322161
133618201
139913966
146210330
151980780
158275790
164570844
170867265
177162382
181883300
187130702
192376764
61769373
61768918
61769175
61768366
61769417
61769424
61767930
61768117
61768194
61769508
61768631
61769305
61769541
61768841
61769568
61769688
61769703
61768548
61769920
61768860
61769644
61769990
61769260
61769990
62798381
68042680
73288081
79058715
85354950
91650294
97419979
103716115
110012774
115781913
122077897
128372862
134668766
140964758
147259718
153556070
159851081
166145918
172442534
178737366
185034046
191329265
61769615
61769759
61770802
61770037
61770741
61770963
61770087
61770968
61771131
61770372
61770866
61771155
61770239
61769892
61771184
61770241
61771147
61771407
61770309
61771340
61771347
61769992
61770120
61770200
62274606
67519316
72765172
78535644
84830684
90078064
95849045
102144685
107913863
114210796
120506752
126275842
132047167
137293375
143064476
149359501
155656061
161951997
168249419
174017803
180838397
187135133
193430869
61770787
61772254
61772027
61772343
61771563
61772503
61772539
61771112
61771342
61771189
61772661
61771918
61772464
61772772
61771963
61772711
61772890
61771869
61772932
61771678
61771821
61772932
61772976
61771512
63324001
68569889
74340375
80636356
86931583
92701407
98996820
105292833
111589508
117884452
124180284
130476212
136771228
143067300
149362244
155658604
161953572
168250052
174543767
180839892
187136687
193431569
61773462
61772726
61773599
61773719
61772685
61773994
61773014
61773892
61773062
61773846
61774192
61773366
61774085
61774344
61773686
61774285
61774368
61773492
61774338
61773266
61773150
61774493
61773459
61774412
63850180
69096157
74866494
80636990
86933008
92702819
98999472
105295112
111065235
117359912
123657192
129953048
136246752
141493875
147265432
153036179
159331032
165625752
171923464
177168112
183464224
189760976
196055911
61773937
61773784
61775302
61774653
61775393
61775630
61774967
61775622
61774456
61774332
61775675
61775762
61774378
61775929
61774847
61775607
61775906
61774428
61775870
61776023
61774495
61775960
61775079
61775871
64901896
70146801
76441929
82211977
88508145
94277753
100573729
106870273
112640260
118936097
125232353
131002457
137297337
143594855
149364012
155660385
161955545
168251681
174547889
180842825
187139556
192908724
61775777
61776712
61775541
61776833
61776806
61777102
61776375
61777094
61775845
61775708
61777072
61776193
61776932
61776126
61776998
61777341
61776641
61777084
61777445
61776505
61777370
61777291
61776153
61777546
62803801
68050799
73820002
79590578
85886690
91656541
97953890
103722970
110018338
116313706
122610778
128380125
134676250
140973258
146742541
153039101
159334834
165629778
171400506
177695554
183992018
190287466
196598184
61778152
61777163
61778021
61778372
61777511
61778313
61777096
61777053
61778366
61777253
61778646
61778699
61777082
61778521
61778029
61778445
61777666
61778668
61778874
61777845
61778916
61778978
61777957
61778771
65428084
71198863
77493828
83790140
89559524
95855084
102150796
108446012
114741476
121037380
127332380
133628244
139924620
146219687
152515631
158810866
165631372
171927852
178221508
184519492
190814428
196599749
61779436
61778654
61779738
61778643
61779565
61779805
61778488
61779769
61778861
61779768
61780092
61779277
61780001
61778886
61779059
61780241
61780188
61779331
61780260
61780240
61778818
61780220
61779251
62283510
67003520
73299686
79069353
85364043
91660635
96907086
103201494
109497670
115793419
122089331
128384278
134680254
140976251
147271291
153566339
159861235
166156254
172452865
179273515
185568883
191863851
61780181
61779754
61781060
61780608
61781203
61781392
61780422
61781346
61780164
61780492
61781238
61781584
61780716
61781546
61781510
61780646
61781650
61780654
61781612
61781809
61780468
61781816
61781017
61781670
62283782
67530766
73300102
79596230
85889870
91660702
97956646
104251950
110548006
116843046
123138606
129435825
135205001
142026857
148321873
154092412
160913108
166682665
172978969
178224617
183996716
190817484
196602671
61782668
61781864
61782488
61782893
61781928
61782871
61782864
61782798
61782062
61781744
61782862
61783139
61781595
61783082
61782115
61783099
61783229
61782384
61783326
61783303
61782336
61783300
61782083
61760766
66482097
72778015
78547157
84842490
91138954
96908775
103204359
109499522
115795149
122100565
128395543
134691629
140987495
147282598
153578907
159873747
166168857
172465406
178760449
185581358
191878339
196613657
61793496
61792534
61793639
61792405
61793563
61793050
61793509
61793922
61793136
61793613
61793836
61793099
61794027
61793953
61793968
61792787
61794155
61793464
61794144
61794220
61793608
61794196
61793094
61771793
67019663
72789151
78558178
84853503
91150171
96919999
103215690
109510367
115806031
122102220
128398403
134694243
140464730
146759674
153055564
159350719
165645956
171943447
178237119
184534012
190828636
196615229
61793661
61794885
61794560
61794882
61795174
61794613
61795217
61795122
61793818
61794040
61794005
61795391
61794542
61795280
61795626
61794858
61795441
61795633
61794693
61795625
61795597
61794277
61795772
62297769
67543450
73839724
79609469
85905373
91675032
97970755
104266216
110562275
116856968
123678613
129974469
136269485
142565645
148860589
155156877
161451845
167747357
174042389
180337184
187159405
193454373
61796309
61796525
61796405
61796772
61795935
61796857
61796711
61796696
61795917
61796642
61796996
61796378
61796987
61797105
61796092
61797134
61797207
61796951
61797218
61795892
61797286
61797304
61797277
61796452
63874755
68594483
74364923
80660987
86430248
92725552
98496464
104792376
111088320
117382992
123680064
129976051
135745222
140993392
147288406
153584622
159353931
165648875
171945091
178240395
184536902
190831699
196618297
61797882
61796848
61798170
61796993
61798183
61797700
61798644
61798462
61797500
61798174
61798558
61797596
61798469
61798526
61797057
61797284
61797495
61798727
61798218
61798446
61798738
61798140
61798685
61810628
61108658
Peak: 196626451
Average: 91979519.77214664
