0
216635
279654
627319
983507
1692812
2274657
2703158
3133574
3717531
4001413
4605713
5389614
5531148
5873455
6330726
6817906
7265353
7514983
7911327
8471309
8947285
9162016
9491499
9714612
10108547
10819812
11226374
11750649
12285962
12721892
12993788
13468214
14188855
14697671
15244865
15776623
16124587
16443845
16672731
16805294
17043876
17212116
17375870
17663699
18055641
18209519
18427897
19228247
19556470
19775474
19833306
19830017
20118273
20275433
20486255
20867214
21274456
21504652
22101678
22577922
23305264
23545821
23869536
24245429
24550842
24574601
24737922
24908855
25125980
25252128
25562326
25966639
26284405
26784671
27156532
27761660
28449451
29310793
29886582
30068254
30073994
30076622
30091238
30103354
30351319
30939358
31542439
31737363
32034410
32217397
32470367
32534923
32596560
32644965
32709258
32759161
32965702
33472282
34473358
34092186
34481859
34704000
34775845
34819422
34837511
34876195
35181190
35291990
35910933
36002258
36410578
36887228
36962628
37200201
37664527
38082092
38512434
38512541
38512508
38512518
38374893
38826412
39026479
39206136
39277031
43252462
43336509
43548431
43622095
44197821
44245591
44281724
44363224
44430413
44471825
44529396
44581058
44614383
44652912
44730712
44761840
44963060
45092089
45272478
45624930
45733293
45939852
46268507
46832265
46954619
46983983
47178423
47264155
47341339
47557217
47640748
47762646
48088540
48240975
48459085
48663192
48732438
48894426
49305322
49326767
49359385
49490680
49575599
49476585
49613768
49737415
49824965
50011661
50256137
50353398
50440095
50463343
50477607
50510343
50549588
50617003
50597700
50816702
50872493
50962238
51175009
51529854
51636003
51942973
52200639
52578856
52713016
53029388
53209743
53799558
54416225
54620491
54691860
54773898
54799089
54911524
54964945
55069109
55119080
55200337
55643060
55935130
56050738
56137934
56588504
57015134
57076171
57492883
57592179
58526283
57982485
58013848
58186522
58243497
58477907
58456003
58585689
58672773
59053429
59791312
59947044
60033292
60105932
60158996
60201708
60396233
60433551
61004678
61936326
60996446
61040757
61059668
61080807
61097778
61115101
61133298
61151576
61170544
61189897
61208504
61226405
61244666
61261844
61278113
61296911
61316829
61331744
61350953
61370147
61384922
61405018
61422308
61441438
61456193
61473015
61491498
61511188
61528339
61543290
61562688
61580811
61595401
61612454
61631557
61649557
61664224
61682027
61696407
61718204
61732834
61750724
61765526
61783591
61804476
61819464
61837676
61852311
61870325
61884911
61907402
61921980
61939135
61955001
61973134
61988819
62003190
62023920
62041912
62056391
62072267
62090210
62104594
62121601
62143980
62158423
62174015
62192231
62206734
62224734
62239355
62255956
62273090
62293675
62312012
62326489
62341862
63474905
60939819
60946796
60947665
60948020
60948930
60949252
60950760
60950913
60951760
60952418
60952878
60952369
60952023
60952425
60952219
60952446
60952325
60869354
60884549
60900906
60919530
60934764
60951081
60969854
60986547
61001077
61020363
61036176
61052059
61070825
61086639
61102906
61122033
61136346
61152074
61171911
61186544
61203003
61222420
61236907
61257340
61271902
61287587
61305473
61322383
61337998
61355956
61373019
61391063
61405529
61421113
61438081
61456834
61474793
61489257
61507281
61525187
61540784
61554207
61570103
61587874
61602122
61624106
61638594
61656666
61671208
61689112
61705885
61724817
61741800
61759536
61776296
61790880
61808934
61830494
61845137
61861921
61879857
61894513
61911153
61929153
61945529
61965821
61983957
61998565
62016469
62031989
62047893
62066141
62080710
62104902
62121638
62136246
62154158
60959314
60959270
60959219
60959358
60959389
60959396
60959455
60958457
60959545
60959333
60960213
60957931
60959595
60958713
60959951
60960229
60960636
60878877
60896337
60910985
60926516
60944899
60959959
60972761
60989219
61004797
61021356
61040538
61054952
61074096
61089832
61107934
61122253
61140640
61156895
61176266
61191074
61206324
61223948
61242104
61256632
61276688
61291310
61306909
61327236
61341700
61357182
61377796
61392938
61410508
61424212
61440538
61461156
61475395
61491324
61509137
61523743
61542951
61560876
61575511
61593227
61607662
61629687
61644108
61662094
61676521
61694668
61709225
61731348
61746014
61763843
61778150
61796396
61813089
61832383
61847939
61866140
61880582
61898235
61913276
61928654
61946651
61963100
61978532
61995428
62010015
62027908
62042363
62060300
62074724
62098865
62113414
62131369
62145991
63289369
60963165
60962985
60963966
60963102
60963953
60963694
60963734
60964768
60964221
60964685
60965048
60965150
60964867
60965247
60963667
60963699
60883404
60899283
60914726
60933611
60949731
60964699
60981270
60998555
61016483
61032187
61047894
61064275
61082347
61098385
61116227
61132326
61150227
61164571
61182116
61200442
61217218
61232303
61250282
61267354
61282858
61298239
61316383
61333541
61351079
61365874
61382703
61398263
61413991
61428562
61446514
61461701
61471234
61489292
61506148
61521679
61541093
61557708
61573594
61591436
61606074
61627740
61643372
61658125
61675860
61690482
61708324
61726951
61742778
61760692
61775373
61793084
61807535
61824383
61846140
61860762
61878556
61893044
61908735
61926700
61941381
61964564
61979228
61995847
62011692
62029492
62044383
62059925
62077708
62092087
62114991
62131548
62149372
63294146
60968817
60967257
60968872
60969246
60968600
60967782
60968534
60968314
60968573
60968245
60969585
60970042
60968569
60969400
60969681
60969507
60969775
60892718
60906367
60924607
60936695
60952975
60968831
60985375
61001583
61020687
61036415
61051815
61070943
61085284
61104823
61119696
61138823
61153335
61171330
61187815
61205495
61221863
61239879
61254279
61274527
61289071
61304893
61322765
61339338
61357557
61372077
61391533
61407229
61425173
61439640
61460882
61475362
61492219
61507976
61524848
61542747
61560696
61575331
61592043
61610115
61628488
61646320
61660736
61678584
61693323
61710440
61732379
61746744
61763616
61778048
61792587
61810536
61825048
61847923
61862408
61879456
61897896
61912288
61928976
61947192
61969379
61983843
62000712
62018712
62033176
62049936
62068131
62082400
62100176
62120960
62139227
62153760
63298232
60971937
60971807
60972602
60972442
60972575
60973370
60972834
60973330
60972637
60972342
60973637
60973946
60973775
60974149
60972512
60974172
60892586
60909790
60924445
60939933
60958389
60973429
60990021
61008653
61020573
61037309
61053815
61071925
61087877
61104373
61122517
61138431
61156589
61171117
61186021
61202829
61217328
61237248
61252952
61267464
61287565
61302446
61320102
61336942
61352365
61370565
61385175
61405692
61421477
61435726
61453935
61471335
61489407
61503807
61520607
61536367
61555657
61573559
61587949
61605950
61620487
61639911
61655943
61671367
61689210
61703992
61721896
61740498
61757344
61775416
61789928
61808680
61823058
61845960
61860208
61878448
61892824
61909696
61927631
61942176
61960272
61980046
61998184
62012463
62030672
62047430
62062022
62079968
62096661
62117477
62135432
62149645
62167920
63302828
60976493
60976833
60977236
60977644
60977968
60976402
60977783
60978072
60977714
60978166
60978147
60978091
60978235
60977954
60978163
60978042
60896565
60911300
60924729
60943044
60958958
60975156
60990374
61006716
61022414
61038886
61056718
61072380
61085577
61100260
61116926
61135004
61152262
61167746
61184418
61202362
61216663
61236706
61252434
61266882
61286962
61301778
61317282
61337386
61351850
61367506
61385629
61404021
61418453
61433962
61452026
61469562
61485250
61503194
61518898
61533549
61552330
61568258
61586189
61600853
61616282
61638053
61653698
61668242
61686189
61700578
61716362
61738517
61754149
61768490
61784338
61802341
61816906
61834698
61854373
61870858
61884141
61900690
61917442
61931914
61949938
61964581
61987802
62004698
62019226
62036069
62053954
62068341
62085661
62103381
62123973
62140749
62156309
62174397
60980785
60981999
60982089
60981993
60982121
60982093
60982121
60982714
60982201
60981959
60981358
60982074
60981601
60982213
60982406
60982219
60982455
60905572
60919230
60934723
60952739
60967923
60984038
61002635
61019027
61035788
61050124
61066740
61086036
61101692
61117620
61135452
61151380
61167124
61181516
61201244
61215668
61233484
61251455
61265818
61282621
61296834
61314623
61330567
61347258
61365343
61379738
61400519
61414959
61432911
61449743
61464239
61485383
61499799
61517943
61532359
61553887
61570647
61584967
61603183
61620015
61635807
61656343
61673103
61687615
61705343
61719983
61741111
61758887
61773503
61791687
61806183
61824135
61838575
61861351
61876983
61892711
61907103
61925263
61939671
61955174
61978398
61993358
62010886
62025598
62043598
62057982
62076086
62090574
62108646
62129206
62147206
62161694
62177807
60983949
60984921
60986429
60984679
60986559
60985193
60986668
60984771
60985075
60984643
60986398
60986839
60985931
60985247
60986856
60987094
60986634
60987137
60986037
60912621
60925744
60943872
60958640
60974496
60993072
61009472
61025048
61041483
61059320
61074744
61093896
61108704
61125496
61143448
61159256
61176272
61192584
61205552
61222456
61238968
61256912
61271683
61289048
61307120
61321571
61339600
61356576
61372270
61390152
61407336
61423134
61439792
61455771
61476440
61490832
61508904
61524632
61539227
61560496
61577328
61591971
61609856
61624855
61645016
61660822
61673811
61689635
61707488
61722115
61737718
61759912
61774638
61792104
61807907
61823619
61841720
61861112
61879080
61893843
61909307
61927192
61941600
61957278
61975040
61997472
62012153
62028760
62046899
62061184
62079331
62093880
62111803
62132603
62150424
62167235
62181576
60988091
60989514
60989642
60989524
60989660
60989734
60989703
60989499
60989767
60989480
60989784
60987907
60990440
60988083
60989648
60988227
60989752
60910852
60926553
60942244
60960233
60975105
60993753
61008985
61025556
61044345
61060073
61075596
61089980
61105785
61122684
61140513
61156540
61175617
61191393
61207441
61225569
61241889
61258665
61274441
61288913
61306585
61321105
61339121
61355745
61371673
61389641
61406657
61422481
61440353
61454905
61470697
61491601
61506193
61524065
61538953
61560001
61574665
61591297
61609369
61623961
61641761
61660217
61678161
61692577
61710649
61727513
61742097
61764356
61778641
61796777
61813609
61828305
61846097
61865417
61882001
61897801
61915873
61930265
61948361
61965212
61985156
62001817
62019817
62034452
62051305
62066857
62080284
62096185
62113793
62134572
62152473
62167036
62184980
63318809
60992661
60992349
60992761
60992412
60992908
60992548
60992964
60992643
60993334
60992789
60993549
60993093
60993501
60993426
60993626
60993378
60914893
60930974
60945041
60962326
60977393
60993529
61012110
61028641
61045182
61059574
61078585
61095414
61109926
61126833
61144854
61160734
61178881
61193494
61213014
61227993
61245057
61263249
61278108
61295343
61313452
61326716
61344788
61360284
61374617
61392764
61409924
61425831
61443609
61458081
61476132
61492596
61506223
61521484
61539377
61553756
61575217
61590020
61605359
61623313
61637737
61659724
61674057
61692196
61706764
61724601
61739455
61759100
61776921
61791540
61807092
61825113
61839991
61857521
61878057
61892487
61908220
61926241
61940871
61958401
61973121
61994367
62013473
62028052
62045996
62061593
62077257
62091759
62109665
62122865
62141527
62155561
62167716
62182148
63323201
60997468
60998381
60998413
60996604
60996878
60997413
60996877
60998333
60998526
60998261
60998638
60997053
60998688
60997087
60998848
60998717
60912087
60926869
60942555
60960301
60974661
60991819
61007909
61026053
61042477
61057829
61074731
61092445
61108061
61124099
61143133
61157653
61177061
61191512
61211253
61225717
61241554
61261490
61276357
61293882
61311650
61326101
61342874
61362146
61376461
61394610
61408986
61428562
61443082
61460978
61475629
61496514
61511034
61529050
61543642
61560354
61581818
61596402
61614314
61629072
61646834
61664994
61683138
61697805
61715626
61732386
61747202
61769074
61783458
61801610
61815938
61834090
61848618
61871298
61885690
61901522
61917098
61935042
61950746
61965266
61980845
62004242
62018562
62036634
62051162
62066658
62082365
62100458
62114874
62136565
62154722
62169114
62184690
63325898
60999853
60999864
61000174
61000765
61000013
60999517
61001075
61001300
60999809
60999881
61001293
61001641
61001317
61001815
61001819
61001811
60923626
60939625
60953726
60972137
60988412
61003257
61019681
61036273
61052812
61070820
61087484
61103359
61118660
61138004
61153708
61169705
61187660
61202124
61219553
61237516
61255068
61270836
61285105
61303041
61318604
61334295
61352308
61368881
61387004
61402732
61421052
61435572
61451316
61466660
61484804
61501137
61519164
61535340
61550697
61572172
61586708
61602196
61620364
61635116
61650292
61672348
61686809
61704812
61719228
61737228
61752932
61771545
61789620
61804081
61822084
61836545
61853188
61873764
61891764
61906500
61924228
61938569
61956828
61972444
61986713
62010284
62025844
62040644
62056081
62073940
62089732
62104396
62119825
62142588
62159604
62173996
62189529
63330716
61005195
61004867
61005009
61005777
61005809
61006133
61006122
61006202
61006202
61005429
61006266
61006846
61006301
61006073
61006392
61006271
60927186
60940814
60956286
60974587
60989318
61005726
61024315
61040779
61057427
61071814
61090803
61106443
61124451
61140275
61157043
61174358
61191070
61208110
61224299
61242334
61258670
61274302
61292374
61308947
61326902
61342606
61357067
61377339
61393118
61407630
61428139
61442662
61458414
61476235
61495070
61509406
61525059
61543190
61558854
61577854
61592318
61608006
61626022
61640414
61656046
61676510
61691326
61707054
61722422
61740427
61755230
61774865
61792819
61807254
61825270
61841062
61855606
61878278
61893110
61910715
61925166
61943195
61957595
61975742
61990083
62013582
62027974
62046118
62060638
62078582
62092875
62111070
62125430
62149670
62165299
62179614
62197774
63334148
61007793
61007520
61008003
61007675
61008651
61007819
61008627
61008459
61008761
61008329
61008654
61009430
61008979
61009379
61009757
61008245
60930465
60946276
60961106
60976739
60992897
61011564
61027964
61043390
61059638
61075294
61092102
61108921
61125548
61139294
61155828
61170134
61189780
61204244
61221585
61239676
61254022
61274020
61288484
61304182
61324324
61339046
61354603
61374868
61389569
61406764
61424885
61442069
61457701
61475875
61490329
61511347
61525997
61541459
61559501
61574107
61593139
61608685
61626709
61642083
61656745
61676313
61691036
61706265
61724409
61738729
61756801
61776729
61791516
61806705
61824777
61840505
61854897
61870649
61890889
61908985
61923513
61939266
61957105
61972825
61987289
62008249
62023905
62042049
62057633
62072097
62088124
62104642
62116593
62133561
62154428
62169849
62185361
62203361
63339786
61013644
61014529
61014406
61013697
61014483
61013699
61013557
61014578
61014656
61012687
61014431
61012949
61012741
61013449
61013067
61013635
61013489
60934285
60951575
60967036
60981763
61000205
61016485
61032838
61048028
61064647
61080273
61097999
61116086
61131861
61147612
61163115
61182787
61198491
61212819
61230374
61247027
61265875
61281507
61295971
61312435
61331715
61347419
61361747
61379958
61397843
61412587
61430579
61448643
61463171
61478953
61495710
61510697
61526558
61544502
61558816
61576894
61594766
61612910
61627489
61645302
61659629
61679425
61693534
61709254
61726038
61742941
61757605
61779757
61794192
61812277
61826629
61844765
61859245
61875000
61897389
61912095
61928933
61946933
61961333
61979469
61993821
62017333
62031936
62049749
62064269
62082285
62096888
62114773
62129432
62153397
62167989
62185885
62200552
63342637
61016220
61015956
61016788
61017486
61016958
61015992
61017355
61017737
61017716
61017772
61017927
61017986
61017935
61017812
61017967
61016139
60934775
60948360
60965238
60980732
60995964
61011901
61028397
61045990
61063045
61079701
61095141
61110637
61127444
61145653
61161589
61179492
61195807
61213476
61229884
61245415
61263095
61279697
61295613
61313181
61331227
61345680
61363562
61381510
61397191
61412788
61428449
61445485
61460151
61478230
61492737
61513645
61529395
61543974
61561578
61576612
61595276
61613426
61627999
61647412
61662130
61681943
61699724
61714093
61731044
61746682
61761138
61780724
61795430
61811191
61829146
61843550
61859645
61877256
61895278
61908439
61924284
61942152
61957824
61973616
61988122
62006104
62025944
62041642
62059600
62074090
62089642
62107720
62122298
62140208
62160858
62178768
62193232
62209002
63347558
61021276
61020988
61021863
61021643
61021605
61022498
61021941
61022458
61022768
61021368
61022731
61023036
61022752
61023038
61022971
61023184
60942404
60958242
60971178
60989610
61004410
61020965
61037346
61053581
61072362
61086826
61103346
61122594
61137258
61154157
61172130
61188101
61204853
61220973
61237965
61256037
61273693
61288005
61306109
61319341
61334904
61352741
61367205
61385333
61403229
61418037
61433445
61454101
61468693
61486525
61501101
61522133
61536477
61554565
61569037
61586072
61606189
61620725
61638629
61654285
61668685
61690589
61705053
61720944
61738757
61754477
61768805
61791093
61805901
61822389
61834645
61850264
61867853
61882765
61905397
61919901
61937973
61952328
61969197
61984920
62002957
62025093
62039661
62057717
62072224
62089933
62104744
62121477
62139245
62160109
62175685
62192589
62210597
63350485
61024247
61024030
61024745
61024486
61024660
61025425
61025857
61024280
61025761
61025977
61025921
61025929
61025993
61026044
61026009
61025084
60942647
60959458
60975250
60990050
61006114
61022130
61040994
61057418
61071810
61090842
61107506
61121826
61141090
61156746
61172474
61192162
61206474
61224626
61241106
61256274
61276450
61291274
61308938
61326762
61341154
61356906
61374786
61392794
61407202
61422802
61441258
61456821
61474914
61490570
61505306
61523786
61541658
61557370
61572165
61587765
61606832
61622309
61640314
61654706
61670533
61692178
61707922
61722234
61737941
61755954
61771706
61790426
61805922
61823978
61838450
61855362
61869666
61885298
61905842
61920290
61932442
61949170
61963642
61981642
61997378
62011698
62035210
62050858
62065450
62083298
62098970
62113370
62131450
62146309
62167738
62183490
62201434
62216098
63353354
61027549
61028557
61028421
61030766
61030822
61030830
61030870
61030950
61030950
61030910
61031046
61030954
61031038
61030770
61030094
61030866
60948968
60962323
60979352
60995344
61011168
61026096
61043808
61060272
61075904
61092504
61109048
61124800
61140368
61156115
61175344
61189808
61206976
61225000
61242456
61257243
61272699
61292432
61308232
61322592
61339208
61354840
61370424
61387192
61402824
61418584
61434248
61452568
61470456
61486184
61501840
61519664
61535272
61550832
61568736
61584440
61602584
61617944
61634728
61651664
61666432
61681792
61703576
61719296
61733816
61751768
61766088
61784272
61804200
61818664
61836688
61851008
61869080
61884544
61904392
61919704
61935456
61951024
61966696
61981376
61996736
62014872
62034992
62050416
62068296
62084032
62098568
62116488
62131296
62148944
62169896
62185272
62203216
62218880
63358888
61033567
61034178
61034165
61034327
61034383
61032578
61034226
61032818
61032610
61033194
61032858
61033362
61033146
61033890
61033730
61033914
60948697
60964592
60980464
60994616
61010736
61027160
61043891
61059504
61075763
61094795
61111435
61127139
61142683
61158312
61177659
61193363
61209563
61225355
61242376
61260379
61274875
61292347
61307960
61326083
61343923
61358315
61374315
61392275
61407480
61423120
61438875
61457219
61472939
61489627
61506643
61524107
61540179
61555464
61570955
61586587
61608115
61623787
61639179
61653867
61669376
61685200
61703467
61719051
61733787
61749288
61767147
61781955
61803835
61818219
61836299
61851979
61866440
61884515
61904043
61921779
61936587
61951704
61968787
61982072
61997699
62010819
62034339
62048731
62064432
62082363
62098091
62113675
62128411
62143840
62161771
62183659
62199227
62213611
62229392
61035774
61037128
61037162
61037038
61037193
61037114
61037161
61036954
61037230
61036994
61036553
61037050
61036366
61037138
61037425
61037180
61037393
60961493
60975016
60990408
61005552
61021293
61037573
61056296
61072768
61088144
61102600
61117227
61132608
61151632
61168680
61182936
61202704
61217032
61232768
61252640
61267333
61282565
61302589
61317053
61332885
61352797
61368541
61382893
61402069
61418941
61433533
61454165
61468757
61484405
61502381
61516693
61537845
61552301
61570333
61584717
61606293
61621981
61637541
61653173
61667565
61685733
61704117
61722101
61738845
61753165
61771085
61788213
61806957
61825965
61844037
61858581
61876525
61891205
61913893
61928429
61946117
61963245
61977581
61995733
62010269
62026981
62049229
62063661
62079293
62094853
62108133
62124941
62140661
62155181
62179357
62193621
62210589
62227277
63367350
61041350
61041149
61041608
61042381
61041782
61041136
61042494
61042863
61041227
61042927
61043010
61042857
61043001
61043002
61043090
61043058
60958667
60975323
60991099
61005899
61021864
61040395
61055971
61073291
61087755
61104224
61123307
61139067
61155979
61171699
61187259
61205403
61221355
61237080
61256763
61271227
61286891
61306811
61321619
61337035
61357043
61372771
61387232
61407491
61423195
61437715
61455659
61473011
61490739
61503880
61519715
61538403
61554051
61569779
61584168
61602171
61620091
61638091
61652899
61668344
61686283
61704451
61722515
61736856
61753739
61770435
61785059
61807347
61821835
61837691
61855563
61870024
61887955
61902355
61925382
61940110
61957795
61972315
61990331
62004723
62022795
62042622
62060659
62077419
62093075
62107563
62123187
62137507
62154475
62169139
62193155
62207507
62225643
63370358
61044069
61043853
61044725
61043978
61044845
61044629
61044899
61045828
61044868
61045553
61044788
61044380
61045840
61046070
61046016
61045850
60963816
60977156
60991817
61007676
61026129
61040966
61059870
61076041
61090694
61107641
61124212
61139473
61156326
61175825
61190620
61206175
61223292
61239028
61258609
61274313
61288585
61306468
61324289
61338753
61356676
61374513
61389014
61407065
61425017
61439745
61454934
61475817
61490337
61508246
61522561
61543790
61560609
61575193
61593161
61607513
61627868
61643580
61661665
61676236
61694057
61712481
61730457
61745052
61761761
61777481
61795433
61816417
61831068
61848881
61863393
61881369
61896036
61916489
61930721
61947609
61964401
61978873
61996894
62011588
62028249
62051598
62066284
62082945
62100910
62115326
62133470
62148113
62165982
62186518
62203377
62219081
62233473
63373361
61047247
61046804
61047710
61047025
61048015
61047705
61047799
61048753
61047644
61048697
61047940
61048700
61048028
61047567
61049023
61049355
60967058
60984367
60998891
61014813
61032168
61049508
61064784
61081138
61098126
61113750
61132414
61149226
61163640
61183113
61197921
61215169
61232769
61248425
61264494
61281305
61300273
61314585
61328920
61342152
61361129
61377057
61391844
61409788
61425283
61443017
61458745
61476025
61491812
61507139
61522750
61543865
61559273
61574292
61589787
61607617
61626801
61642457
61656937
61672699
61688254
61710041
61725769
61740556
61755915
61773793
61789521
61808073
61823915
61839502
61857473
61873177
61887569
61903137
61926107
61941886
61959905
61975609
61990153
62005721
62021756
62036964
62059233
62074889
62090521
62106177
62121809
62137441
62153073
62168705
62190505
62206137
62221721
62235412
63379738
61053605
61053190
61054771
61055295
61054696
61054511
61054771
61054666
61053942
61054697
61054894
61054768
61054116
61054757
61054270
61054898
60974067
60987599
61003317
61019444
61034217
61050233
61066696
61085397
61101246
61117814
61133164
61149055
61168020
61183750
61200646
61215366
61232457
61244705
61256391
61267831
61282469
61299119
61319098
61334874
61349239
61367300
61383889
61399526
61417665
61435493
61449891
61465847
61486294
61501966
61516372
61533322
61552052
61567823
61585732
61600204
61618196
61637374
61651985
61669733
61685528
61701176
61720654
61735308
61753070
61767806
61785554
61801288
61819862
61836906
61853764
61868386
61886164
61900833
61918751
61937935
61955948
61970650
61988484
62003004
62020948
62035345
62058824
62073299
62091259
62105804
62123755
62138450
62156356
62170825
62194964
62209288
62227390
62241795
63382908
61056629
61057855
61057855
61057140
61058048
61057999
61055965
61057732
61056196
61057866
61056327
61057871
61056399
61057932
61056549
61058055
60971149
60983414
61000235
61014786
61032849
61049051
61065386
61081611
61097109
61110161
61126967
61142966
61159139
61174853
61194371
61209118
61226243
61244210
61259029
61278354
61292829
61310757
61328426
61342826
61363074
61377589
61393322
61411266
61427986
61446050
61460845
61481202
61495690
61511210
61529370
61547874
61562618
61580586
61595050
61610570
61632162
61646754
61664626
61679069
61697114
61716746
61731074
61749162
61763957
61781666
61796314
61816194
61834090
61848418
61866482
61881349
61896746
61914698
61933970
61952074
61966426
61984562
61999237
62014786
62032754
62052722
62070618
62085013
62099626
62115258
62130890
62144106
62159674
62177786
62198797
62216394
62232122
62246594
63386402
61060485
61059688
61060512
61061280
61060304
61061499
61061531
61061445
61061417
61061481
61061572
61061478
61061638
61061534
61061662
61060822
60977956
60994777
61010692
61025620
61041292
61058700
61076436
61091620
61107676
61126292
61142980
61157876
61176636
61192284
61210516
61226492
61244540
61258956
61278633
61294385
61310657
61328753
61343529
61363377
61377929
61393705
61411657
61428240
61445208
61461136
61479336
61494776
61509272
61523544
61539664
61560392
61574960
61592856
61607336
61628960
61643376
61661472
61675816
61693984
61708328
61730264
61744656
61762824
61777264
61795376
61809840
61832016
61846624
61864600
61878960
61896792
61911408
61934352
61949088
61966768
61981304
61999352
62013792
62031936
62046480
62069752
62085520
62099824
62118032
62132552
62150504
62167264
62181872
62203576
62220408
62238408
62252912
63389270
61063389
61064533
61063552
61064328
61064739
61064809
61064515
61064963
61063234
61062908
61063135
61063588
61063292
61064780
61065050
61063418
60978911
60993178
61007626
61026274
61044122
61061042
61077482
61092066
61110690
61126458
61145074
61160906
61176506
61193194
61210362
61228386
61244410
61262410
61278666
61294394
61312450
61328690
61344514
61362538
61379162
61397042
61411578
61431858
61447650
61464434
61478778
61497266
61515362
61529706
61546610
61567754
61582266
61600170
61614754
61636162
61652946
61667522
61685522
61699938
61715538
61737626
61752090
61770114
61784650
61802626
61817498
61836946
61855090
61869410
61887482
61903210
61915666
61936874
61951458
61969434
61985090
61999458
62017578
62032162
62050162
62071266
62085874
62103730
62118218
62133826
62151922
62166410
62182186
62206306
62220818
62238890
62253210
63395635
61069413
61069203
61070344
61069429
61070138
61069952
61070211
61070864
61070459
61070907
61071000
61071284
61069712
61070417
61071173
61069504
60988104
61000177
61016369
61031801
61050257
61066633
61083041
61099465
61115185
61130561
61147081
61162988
61181985
61197713
61213569
61231449
61248689
61264369
61280441
61296265
61314265
61330665
61342753
61359577
61377097
61392953
61408657
61426593
61442273
61457905
61472321
61490569
61506332
61524361
61540017
61558841
61574497
61589161
61604593
61620497
61639289
61655276
61670697
61688577
61704297
61719953
61739545
61755241
61769617
61785297
61801393
61816649
61836705
61852169
61867980
61885921
61901649
61916241
61931625
61954497
61970201
61984617
62000297
62018273
62033969
62048393
62068513
62086393
62102145
62116537
62133457
62147825
62163660
62179137
62197209
62218985
62234321
62248924
62264641
63398505
61073008
61072808
61072816
61073794
61073308
61073692
61074095
61074197
61073796
61074197
61074156
61074195
61074412
61074301
61074443
61073437
60990019
61003463
61020407
61033645
61049474
61066119
61083042
61098295
61114743
61131426
61147967
61163885
61180586
61198639
61215639
61231391
61248607
61263354
61280554
61298383
61314047
61331759
61347439
61361855
61379623
61395778
61410903
61431263
61447023
61462735
61478415
61496759
61511351
61526986
61544927
61563679
61578207
61591626
61609423
61624034
61642975
61661167
61675511
61693631
61708386
61726239
61744519
61762687
61777415
61795223
61809567
61827735
61846479
61864447
61879034
61897079
61911495
61929591
61948711
61965615
61981271
61999311
62014127
62031831
62046615
62069743
62084583
62100157
62118183
62132573
62150695
62167527
62181871
62200063
62220866
62237655
62255575
62270322
61076383
61076167
61078072
61077912
61078010
61078005
61076426
61078051
61076530
61076624
61078037
61076626
61078133
61076733
61078125
61076773
61078186
60991818
61006458
61018605
61034170
61049946
61066162
61082378
61098962
61115386
61130730
61146362
61165346
61180962
61196722
61216034
61230474
61250010
61265690
61281906
61299994
61315713
61332089
61347785
61365841
61382457
61394673
61410065
61425713
61445865
61461841
61476281
61494817
61512713
61528441
61542961
61563905
61579609
61594329
61612049
61626473
61648017
61662785
61678409
61696353
61710825
61728817
61747241
61762841
61780649
61795585
61813601
61828121
61850217
61864833
61882825
61897441
61912897
61930697
61950337
61968305
61985089
61999553
62017649
62032385
62050233
62066001
62085713
62103825
62119257
62134169
62152041
62166369
62183353
62200337
62221273
62237681
62253385
62269097
63405329
61079223
61079029
61079794
61082943
61083922
61084021
61084211
61084139
61084195
61083168
61084248
61083991
61084291
61084039
61084240
61084084
61000513
61014124
61032262
61047457
61063244
61081606
61095566
61110958
61126673
61143196
61162134
61177790
61193796
61212790
61227417
61245102
61261350
61276934
61296806
61311270
61329278
61346926
61361270
61376902
61397198
61412878
61427318
61445134
61460982
61479006
61494662
61511862
61529766
61545494
61560030
61578654
61596750
61611238
61626798
61644942
61663134
61678374
61696542
61711230
61728958
61748526
61763038
61777542
61793110
61808694
61823278
61844286
61859798
61877670
61892574
61908230
61923598
61941718
61961326
61976614
61994686
62009198
62027270
62041614
62059758
62079798
62097526
62113254
62127790
62145734
62160382
62178182
62192758
62210742
62231614
62246862
62265030
63410916
61084627
61084374
61085321
61084537
61085345
61085065
61085196
61086217
61085321
61086209
61085673
61086097
61086457
61084921
61086377
61085017
61003753
61021025
61036345
61052353
61067281
61083441
61099777
61118617
61134337
61152065
61163841
61178369
61195121
61210753
61226681
61244649
61260673
61276593
61296057
61310641
61328553
61345161
61362961
61377521
61395145
61412049
61430049
61446913
61464865
61479753
61497441
61514545
61532713
61547249
61565225
61582905
61599545
61616329
61632041
61653601
61668017
61686089
61700577
61716137
61731793
61753705
61769457
61785041
61800745
61815137
61830953
61850857
61867425
61884441
61900121
61915777
61930169
61945921
61966377
61982105
61999913
62015569
62031097
62045785
62061465
62084817
62100521
62114937
62130521
62146105
62162025
62175481
62190649
62207705
62229489
62245049
62260777
62276385
63414066
61088410
61089146
61089074
61089371
61089106
61089581
61087916
61089584
61089635
61089642
61089660
61089660
61089796
61089622
61089750
61089718
61005605
61021419
61037374
61055483
61070307
61086515
61103118
61121803
61137326
61152838
61169595
61188742
61203070
61218974
61234833
61250942
61269846
61284262
61304043
61318435
61336638
61353046
61368814
61385582
61404646
61418966
61437102
61453838
61471838
61486574
61504566
61522662
61537329
61555174
61568646
61584913
61600545
61618582
61633046
61650987
61668998
61687086
61701561
61719526
61736310
61754662
61772774
61789491
61804398
61822078
61836673
61857622
61875686
61890222
61908198
61924950
61939542
61961142
61976710
61993518
62011678
62026385
62044134
62059678
62075670
62098878
62113358
62131350
62146014
62163918
62179366
62195321
62213214
62233737
62250547
62266478
62284382
63416998
61090790
61090355
61091382
61090574
61091483
61091323
61091355
61091104
61091435
61092179
61091659
61092083
61091539
61092166
61092437
61090941
61012301
61025835
61042507
61058411
61073235
61091811
61107107
61124707
61140059
61155568
61172376
61191531
61207227
61224229
61238645
61255618
61273813
61289469
61304517
61320173
61335909
61352221
61367730
61383797
61401173
61416786
61432634
61450501
61468525
61484253
61499885
61517909
61532498
61548322
61563901
61585045
61600773
61616429
61631813
61647693
61666877
61682325
61697285
61712738
61730693
61750213
61765941
61781525
61796101
61811834
61827458
61845389
61865341
61879797
61895381
61911085
61925282
61941010
61961493
61976037
61991621
62006357
62021810
62039741
62055269
62070301
62091050
62106573
62124669
62140325
62154813
62170389
62186194
62201781
62219805
62240413
62256114
62274069
62288677
61095066
61095273
61095270
61095246
61093746
61095465
61095508
61095695
61095604
61095516
61095711
61095539
61095690
61095569
61094896
61095509
61094884
61017677
61031403
61046576
61062795
61081136
61097344
61112931
61129187
61147888
61163592
61179139
61195774
61213824
61230019
61247640
61264126
61279446
61297459
61313739
61329531
61349296
61366315
61377235
61393003
61410518
61428603
61443019
61460958
61477875
61492499
61509291
61527547
61542355
61558094
61573224
61592203
61610075
61625707
61640171
61656003
61674979
61690667
61706254
61724339
61738755
61758355
61773886
61791907
61807611
61823291
61838014
61857667
61873254
61889131
61906963
61922595
61937059
61953180
61975515
61991219
62005966
62021168
62037171
62052731
62070723
62085187
62106347
62123995
62139947
62154467
62172379
62186827
62202360
62220483
62242331
62256923
62274747
62290451
63426681
61101104
61100664
61101921
61101916
61102052
61102009
61102031
61102608
61102012
61101899
61101215
61101998
61102239
61102062
61101260
61102142
61018494
61033098
61050309
61065224
61083309
61099613
61115069
61131184
61149269
61164685
61181309
61197395
61216141
61233213
61247674
61267005
61281616
61299693
61315845
61333933
61349661
61365965
61384029
61399733
61415005
61428293
61446069
61463085
61478904
61496789
61511274
61531965
61546557
61564469
61579277
61600029
61614549
61632565
61647144
61663813
61682941
61699781
61717805
61732456
61750341
61767397
61784197
61798813
61814445
61831205
61846096
61865573
61883669
61900429
61915021
61932669
61947317
61965453
61984701
62002741
62017226
62035021
62049896
62067709
62082266
62105597
62120021
62138181
62152584
62170693
62185368
62203181
62219941
62240605
62258741
62275501
62289930
63429867
61103716
61103353
61104324
61103395
61104310
61104051
61104294
61105155
61104304
61104986
61104544
61104917
61104280
61103733
61105259
61105492
61024064
61037358
61055459
61070331
61086278
61102683
61121259
61137659
61153171
61170006
61185462
61198547
61214446
61230366
61246990
61265014
61282254
61297014
61313966
61329830
61347742
61365406
61381022
61395638
61413161
61428883
61444433
61462475
61475598
61491638
61506790
61525262
61540953
61557790
61574646
61593422
61609078
61623470
61639003
61654886
61673774
61691870
61707574
61722310
61737798
61754358
61775166
61790822
61806542
61820870
61836659
61854590
61874542
61888958
61904718
61922614
61938318
61953129
61973526
61988950
62004547
62021166
62038182
62053814
62069462
62085094
62105329
62120769
62136494
62153022
62165166
62180619
62196502
62214446
62228939
62250806
62268686
62283291
62301150
61106431
61107773
61107901
61107856
61108155
61106984
61108126
61107048
61108127
61107971
61108119
61107795
61108114
61107891
61108127
61107963
61108239
61030777
61045588
61058495
61076644
61091964
61108159
61126940
61142572
61161108
61175596
61194548
61211428
61226103
61244156
61259647
61279292
61293735
61313508
61327828
61343639
61363580
61378340
61393655
61413932
61428444
61446476
61463287
61481172
61495647
61513692
61528647
61543255
61558676
61574228
61588660
61607404
61621911
61639916
61654463
61675820
61692660
61707311
61725228
61741988
61756655
61778332
61795172
61809756
61827732
61844516
61859231
61881228
61895836
61912540
61930612
61945271
61961932
61984724
61999423
62017340
62031663
62048652
62066604
62081055
62104524
62121388
62135951
62152596
62170644
62185212
62203204
62217735
62235780
62258676
62273404
62291228
63435866
61109457
61109217
61110390
61109824
61110347
61110944
61110590
61111000
61111165
61109749
61111133
61111468
61111136
61111371
61111454
61111229
61028898
61042388
61058278
61074153
61092246
61108526
61124961
61141484
61157204
61172892
61189108
61204956
61223980
61241156
61255903
61273572
61290764
61305164
61324956
61339420
61355260
61375124
61389564
61405348
61425332
61441036
61455516
61473676
61489236
61507108
61522836
61539852
61555561
61573644
61588036
61604169
61620044
61635769
61653804
61669492
61688628
61702980
61721044
61736772
61751220
61773068
61788708
61803196
61821260
61835748
61851532
61873628
61888116
61906116
61920620
61936305
61954284
61967353
61985516
62001212
62017068
62034940
62049332
62065212
62083156
62097548
62118708
62136604
62152276
62167007
62182401
62200428
62215367
62232892
62253500
62269204
62285932
62302860
63439098
61112815
61112425
61113401
61112593
61113467
61113187
61113467
61114085
61113218
61112794
61114149
61112888
61114253
61114446
61114173
61114678
61034352
61049139
61062219
61080459
61095307
61111659
61130283
61145579
61162059
61180326
61195678
61216582
61234422
61250654
61268526
61284657
61302478
61317142
61336766
61351377
61371190
61384684
61400126
61415686
61433494
61448372
61463753
61484001
61498580
61516489
61533553
61551569
61566228
61584105
61598721
61617508
61635369
61649889
61665812
61678713
61700169
61714820
61732729
61747081
61765169
61783409
61801545
61816089
61834033
61848425
61866521
61885209
61903233
61919993
61934644
61952497
61967153
61989833
62004233
62022321
62036745
62054905
62069556
62087433
62101937
62125281
62139860
62157785
62172017
62190233
62204641
62222809
62239569
62260137
62278201
62292876
62310761
63445799
61119626
61119482
61120234
61119788
61119904
61120712
61120083
61120918
61121142
61121253
61121320
61121111
61120183
61119410
61121411
61121491
61121362
61120679
61035449
61044026
61056367
61064759
61076767
61092450
61108463
61127226
61143762
61160146
61175522
61191325
61207701
61224757
61242570
61259346
61274021
61293618
61308082
61325701
61343514
61359274
61375618
61391178
61407058
61427066
61442770
61457058
61473133
61493146
61508802
61523418
61542010
61557477
61575322
61589794
61608669
61626498
61642154
61656642
61672517
61691330
61704970
61720349
61736053
61751466
61769562
61789106
61803669
61821522
61837226
61851922
61867338
61889634
61904362
61919810
61937706
61952370
61968069
61990650
62003970
62017277
62032901
62050602
62065218
62080874
62099026
62119258
62136914
62151602
62169410
62183973
62201922
62216701
62234426
62251165
62271730
62288866
62303165
63449160
61124035
61122476
61122494
61123049
61122673
61123156
61122807
61123260
61122900
61123337
61123001
61124070
61123113
61123908
61123587
61123859
61039990
61054444
61071460
61085540
61103356
61118252
61134772
61153516
61167980
61184764
61201188
61219335
61234879
61254295
61269103
61284271
61301535
61319407
61335751
61353951
61369695
61386127
61402903
61414895
61432639
61448415
61466407
61484351
61498671
61516815
61531575
61551919
61566807
61584471
61598879
61617751
61635783
61650319
61668271
61682807
61704167
61718927
61736743
61747903
61763679
61785103
61799687
61817663
61832199
61849855
61865671
61885959
61903647
61918063
61936207
61950551
61968783
61983391
62006111
62020751
62038583
62055343
62070127
62087927
62102439
62124527
62142551
62156943
62175015
62189623
62206335
62224495
62238823
62263151
62277895
62295647
62310159
63452381
61126252
61126006
61126830
61127735
61126142
61127668
61127708
61127735
61127807
61127716
61127916
61126950
61127888
61127780
61127890
61127705
61046599
61058904
61074645
61092963
61107723
61123848
61142731
61159267
61173891
61190152
61209235
61224963
61240563
61259883
61274619
61292563
61309608
61324059
61343899
61358627
61378227
61392664
61408507
61428483
61444184
61458504
61476627
61493432
61509334
61527075
61545504
61560158
61578019
61592376
61608219
61629216
61643763
61659451
61677411
61695179
61713323
61728083
61743299
61761443
61775928
61797795
61812219
61824635
61838683
61853299
61871171
61891131
61905675
61921355
61939219
61953811
61971728
61986227
62009083
62023390
62041235
62056088
62074075
62089843
62106587
62126803
62144451
62158851
62177011
62191424
62209499
62226259
62240707
62265011
62279376
62297595
62311915
63455540
61129342
61128987
61129963
61129045
61129839
61129535
61129858
61130786
61130127
61130642
61130887
61129765
61130898
61131048
61130885
61131203
61049666
61065803
61080022
61098446
61114494
61129398
61145849
61164654
61180078
61195766
61214670
61226774
61243582
61260558
61274814
61292974
61308910
61327129
61343300
61361321
61375694
61395737
61411489
61425846
61446105
61460657
61476318
61496577
61511444
61527729
61547385
61561977
61579921
61594729
61609980
61631225
61645977
61661137
61679321
61697265
61712900
61731017
61745478
61763409
61777809
61799713
61814209
61832361
61846756
61864801
61879142
61899113
61912374
61930441
61945308
61960638
61978657
61993057
62015993
62030753
62048433
62062953
62080897
62095262
62113433
62133297
62151297
62166105
62183785
62198185
62212881
62228201
62242766
62267033
62281521
62297153
62313985
63458687
61132422
61132198
61132883
61133710
61133232
61133573
61133933
61134092
61133974
61134161
61134223
61134224
61134489
61133478
61133342
61134130
61051644
61067501
61083205
61099277
61113981
61130189
61146613
61162933
61179048
61195261
61211973
61227565
61244277
61263693
61279421
61293813
61311088
61329005
61346365
61362157
61376936
61394277
61409720
61425432
61445581
61460376
61475605
61496053
61510741
61526088
61544197
61561277
61579277
61593837
61611765
61628141
61641536
61659429
61674328
61689661
61711045
61725629
61743533
61760365
61774840
61796469
61813525
61828416
61846037
61860416
61878573
61897200
61914245
61932117
61946717
61962432
61976664
61997000
62019909
62034504
62051181
62066992
62084909
62101693
62116472
62139645
62156477
62170989
62189037
62205797
62220464
62237448
62255213
62275928
62292653
62310605
62325189
63466147
61139978
61139674
61140629
61139778
61140666
61139858
61140466
61139954
61140698
61140597
61140525
61141653
61141045
61141749
61140207
61141896
61058255
61070322
61087541
61101752
61117872
61136709
61153224
61167960
61183944
61203032
61218405
61233901
61253264
61268957
61284821
61302528
61318621
61334269
61354272
61368533
61386709
61404368
61419104
61436701
61454600
61469112
61487005
61504104
61519272
61537421
61551952
61570272
61588285
61602896
61618600
61639517
61655304
61669840
61687685
61702560
61723664
61739037
61753661
61770568
61787541
61805856
61823952
61838688
61853805
61872072
61886357
61908653
61924440
61938976
61956869
61971189
61989344
62005528
62026661
62038789
62052032
62065365
62083408
62097725
62113485
62136792
62152501
62167013
62184960
62199696
62217365
62233128
62247760
62263261
62287488
62301893
62317525
62335608
63469459
61144056
61144472
61144423
61144720
61144784
61144692
61143928
61144607
61143824
61144655
61143963
61144730
61144920
61144786
61145050
61144983
61057495
61068546
61077096
61087000
61100403
61113544
61124891
61141216
61157344
61174000
61192016
61208632
61224072
61239600
61258816
61274624
61290280
61306640
61325560
61340427
61359752
61375504
61389888
61408744
61423539
61438920
61459016
61474720
61489312
61509440
61524307
61541904
61556392
61574792
61592760
61608464
61622880
61641472
61658379
61675336
61689880
61705576
61726904
61742632
61757152
61775072
61790824
61809080
61824840
61842712
61858368
61872768
61890992
61910848
61925283
61940979
61959016
61973536
61991528
62005784
62026480
62042067
62060104
62074947
62091488
62106008
62123880
62144984
62159312
62176195
62193032
62207520
62223328
62241272
62255864
62271448
62295488
62311216
62325760
63472761
61147994
61146166
61147930
61146321
61146951
61147884
61147356
61147820
61148116
61146700
61147965
61148201
61147869
61148254
61146653
61148310
61147176
61071691
61085403
61101115
61118832
61135112
61150139
61166360
61182984
61200135
61217667
61234264
61249760
61267947
61283683
61299315
61318987
61334616
61350331
61366523
61383344
61400912
61415248
61431147
61451139
61466875
61482440
61498131
61514915
61530616
61548587
61566904
61581707
61597043
61612635
61630592
61649355
61664779
61680731
61695440
61714355
61729984
61748003
61763600
61776792
61793723
61812091
61827675
61843403
61858016
61873723
61889083
61911411
61925736
61941328
61959459
61975112
61989512
62007643
62028104
62042432
62060592
62075184
62092984
62106307
62119563
62137056
62158571
62174323
62188792
62206723
62222360
62236835
62254800
62269384
62293528
62308403
62323835
62341648
63475558
61149862
61150790
61150761
61151062
61151003
61150936
61150976
61150818
61150818
61149647
61149529
61150095
61149617
61149676
61151424
61150961
61065153
61079061
61094386
61112250
61126714
61143514
61162362
61175698
61192010
61206442
61223138
61239877
61256661
61272317
61289221
61303685
61321045
61336490
61352890
61372045
61387733
61405285
61419741
61436573
61454341
61469997
61484389
61500221
61517858
61533610
61549266
61569957
61585701
61601405
61615821
61631258
61650381
61665690
61681765
61697194
61713909
61734237
61749965
61764557
61779866
61795621
61817485
61833189
61847957
61863442
61878858
61894418
61916837
61932493
61948221
61962709
61978266
61996269
62011973
62032429
62047157
62062354
62078178
62096109
62111901
62127533
62145978
62158202
62174243
62190685
62205146
62220898
62236482
62254413
62270045
62291845
62307477
62323133
62338885
63478870
61153169
61153774
61153694
61154122
61154127
61153870
61154094
61152381
61152517
61153082
61152690
61152682
61154339
61154515
61154098
61154197
61068258
61080673
61093761
61109417
61127513
61141257
61157561
61173881
61190748
61207129
61225009
61241697
61258505
61273228
61290105
61308009
61325273
61339689
61356041
61375073
61390737
61408385
61422777
61438433
61456105
61471953
61489921
61504385
61522201
61539169
61552425
61566801
61586401
61600865
61616857
61634521
61652057
61670057
61684545
61700105
61721745
61736553
61751985
61769937
61784449
61802353
61821625
61836265
61854337
61868825
61884481
61902553
61921513
61937017
61954897
61969217
61987377
62001865
62024665
62039129
62057153
62072809
62087393
62105345
62120105
62137761
62158017
62173249
62188817
62203345
62217705
62235873
62250185
62265897
62290113
62304545
62322625
62337017
63481791
61156203
61156978
61156863
61157037
61157200
61156975
61157143
61157098
61157194
61155585
61155473
61156716
61156281
61156340
61157129
61156377
61071567
61087338
61102039
61118391
61132946
61149815
61166287
61181943
61200583
61217314
61233962
61248554
61265282
61282938
61299314
61314554
61332010
61349890
61366010
61381666
61399770
61416242
61431738
61447658
61466338
61483306
61497762
61515754
61533634
61548186
61563874
61583154
61598930
61616930
61631322
61650122
61668194
61682730
61700770
61715210
61736618
61751218
61769178
61783690
61801570
61820170
61837898
61852282
61870458
61884802
61902066
61923978
61937210
61952879
61967359
61985359
62000053
62016719
62037282
62055207
62071967
62086589
62104455
62119071
62137090
62156818
62174930
62189498
62207538
62227554
62245210
62260938
62275370
62290034
62313930
62329586
62344170
63489952
61164577
61163622
61164366
61164190
61164449
61165214
61164670
61165094
61165382
61165495
61165158
61165637
61164006
61165735
61165695
61165687
61082490
61098194
61113946
61132070
61147166
61163150
61181822
61198318
61214011
61229406
61246198
61265241
61279561
61299153
61313721
61333209
61346473
61362049
61377041
61395113
61409585
61429481
61445137
61459945
61477369
61495145
61509905
61530233
61544745
61562825
61577129
61596601
61612305
61630449
61644913
61665937
61682769
61697185
61715329
61733225
61751273
61765785
61782521
61800545
61815129
61836873
61851577
61869545
61884036
61902009
61918769
61937409
61955553
61972313
61986729
62004873
62021633
62040849
62058697
62073481
62090241
62108265
62122849
62140889
62161785
62177660
62194321
62212345
62226857
62243705
62261681
62276249
62294225
62314713
62332857
62347273
62360457
61167117
61168204
61168324
61167319
61168340
61168139
61168292
61168171
61168423
61168254
61167527
61168302
61167719
61168339
61168587
61166825
61168443
61090062
61103406
61118921
61134974
61150838
61167246
61183638
61200046
61216510
61232094
61248934
61267966
61282518
61299430
61315062
61332374
61350278
61366062
61382657
61397766
61413492
61431078
61449078
61464734
61482254
61498222
61512598
61530662
61546348
61561750
61579822
61598182
61613910
61629526
61644078
61663966
61678382
61694495
61712014
61727718
61746814
61761446
61776926
61792518
61810542
61830110
61844702
61860353
61878174
61893862
61908270
61928198
61946222
61961950
61976513
61994277
62010021
62024709
62047229
62060544
62076109
62090573
62106435
62124229
62139933
62154520
62177725
62192520
62208080
62225909
62240544
62258397
62274069
62289797
62310269
62325941
62344037
62359749
63496075
61170515
61171495
61171578
61170471
61171569
61171245
61170699
61171370
61171649
61171434
61170910
61171576
61171766
61171573
61170566
61169893
61088370
61101477
61117682
61133839
61150303
61166423
61182847
61198551
61214935
61231500
61248132
61263860
61280692
61295244
61313148
61328159
61345183
61360647
61378295
61393871
61409452
61426991
61444996
61457132
61472415
61488047
61503820
61519503
61537295
61553127
61570948
61589292
61605020
61620652
61635124
61650687
61669583
61685298
61703207
61718844
61733244
61752319
61767975
61786004
61801716
61816087
61835591
61851474
61869228
61884964
61899356
61915226
61935012
61952908
61967380
61983191
62001100
62016828
62031551
62051759
62069668
62085404
62099775
62115487
62133583
62149156
62168911
62184746
62200127
62217132
62232700
62248535
62266492
62282196
62296575
62318631
62336428
62352116
62366428
61172914
61174413
61174500
61172974
61174358
61174810
61174722
61174791
61174788
61175007
61174903
61175103
61174955
61175039
61174779
61175047
61174875
61091346
61108335
61124111
61140111
61155336
61171141
61187685
61203989
61222061
61238781
61255301
61269693
61286632
61305693
61320277
61340013
61354261
61372477
61388709
61404461
61422373
61440021
61453141
61468965
61488981
61503373
61519117
61538533
61553749
61571917
61586381
61604653
61622749
61637392
61655373
61672693
61690909
61705445
61723125
61741189
61759293
61773960
61791853
61806197
61823437
61843741
61857093
61873829
61889533
61903941
61922037
61941021
61957533
61973213
61991309
62005917
62023797
62043133
62061085
62077845
62092736
62110405
62124797
62142573
62157416
62179517
62197589
62212117
62228901
62246925
62261768
62279461
62293997
62318117
62332629
62350861
62365285
63502715
61176284
61176179
61177190
61176171
61176957
61176712
61176711
61177553
61177898
61176930
61178010
61177788
61178084
61176244
61177878
61176390
61093101
61108819
61124750
61139014
61155470
61171486
61190326
61206814
61222542
61237918
61254630
61267742
61284406
61301350
61318190
61332998
61352414
61368142
61384382
61402334
61416702
61436702
61451310
61466822
61486958
61502614
61517198
61536582
61553110
61568934
61585502
61606430
61620678
61638846
61653534
61674406
61688822
61706966
61721358
61738462
61759670
61774430
61792230
61806550
61824734
61842990
61861062
61875454
61893622
61908014
61924886
61947094
61961678
61979598
61994046
62011222
62028950
62048286
62064998
62083022
62097606
62115558
62132342
62146926
62164966
62184686
62202782
62219614
62234222
62250934
62264366
62281078
62296622
62319598
62334182
62352158
62366670
63505228
61179226
61178938
61179807
61178999
61179807
61179519
61179511
61180548
61179783
61180591
61180735
61180960
61180952
61179343
61179159
61179799
61098593
61111953
61125465
61141945
61158329
61174561
61190969
61207073
61225465
61242153
61257505
61273257
61292289
61308148
61323836
61341980
61358028
61375932
61392124
61407735
61423564
61443364
61459108
61474676
61491679
61507100
61524932
61542644
61557396
61573172
61588900
61604628
61617788
61631212
61647916
61663364
61681180
61699204
61713716
61730420
61749548
61763924
61782068
61797724
61812239
61827980
61849700
61865428
61879940
61897755
61913507
61928019
61950195
61964803
61982611
61997054
62015099
62029587
62050211
62068091
62082643
62100571
62115059
62130619
62147611
62163574
62186555
62201083
62216843
62234771
62249163
62267307
62282214
62298507
62321691
62336011
62354179
62368763
63508449
61182416
61182243
61182949
61182693
61182663
61183615
61183151
61183567
61182823
61182383
61183761
61182393
61183849
61184042
61182513
61184637
61101701
61119051
61133278
61149550
61167614
61183894
61199054
61215355
61232211
61250094
61266758
61282371
61300326
61316198
61331739
61351422
61365790
61383870
61401326
61416150
61434637
61450389
61465820
61486165
61500434
61518629
61534253
61551029
61566802
61584733
61603077
61617565
61633122
61651229
61666869
61685669
61700133
61715762
61733717
61752877
61767338
61785269
61800997
61815458
61833461
61851693
61869717
61884181
61899810
61917837
61932301
61954525
61970253
61984522
62002717
62016986
62035197
62054533
62071357
62085749
62101316
62119429
62133957
62149522
62167525
62188333
62205389
62225674
62243797
62260629
62275162
62293189
62308845
62329186
62347381
62361821
62377634
63517443
61191018
61190650
61191082
61190722
61191612
61191331
61191555
61192496
61191663
61192343
61192420
61192580
61192315
61192711
61192799
61192741
61111621
61127772
61145511
61161471
61177495
61193775
61209207
61225391
61242290
61257578
61276682
61292306
61307890
61326138
61344138
61360162
61378162
61392626
61410138
61428202
61444442
61462538
61477418
61495914
61510498
61528426
61542890
61560970
61578850
61593458
61614026
61628418
61646586
61661242
61682210
61696722
61714674
61729138
61747162
61765002
61783130
61797642
61815618
61832450
61850882
61867482
61883290
61901242
61915658
61932514
61954738
61969218
61987290
62004122
62018810
62036634
62051434
62073994
62088514
62106482
62120802
62137730
62155802
62170338
62193666
62210426
62225258
62243002
62257418
62275562
62290170
62308050
62328514
62346610
62360930
62379074
63520194
61193961
61193723
61194453
61194269
61195313
61195362
61193849
61195482
61195685
61195664
61195613
61195525
61195792
61194848
61195819
61196466
61116029
61132026
61147418
61163090
61178194
61194330
61211242
61227154
61244802
61260642
61277386
61291778
61308661
61325733
61343586
61360826
61375586
61390925
61410602
61426402
61441178
61458338
61474186
61489626
61509810
61525466
61539858
61560234
61574698
61590690
61605842
61626674
61642402
61656722
61674794
61693634
61708210
61726170
61740490
61758602
61777746
61792138
61810138
61824626
61840138
61862218
61876530
61892386
61907754
61923530
61941602
61960282
61975826
61992746
62008450
62026450
62040938
62058938
62078130
62093978
62111858
62126250
62144418
62158738
62176882
62196874
62213362
62229178
62244794
62262866
62277402
62295354
62309866
62334002
62348738
62363978
62382218
63523242
61197094
61196784
61197445
61196866
61197631
61197271
61197666
61198377
61197475
61198283
61198427
61198708
61198371
61198694
61197181
61198762
61120127
61136196
61151654
61167582
61182397
61198515
61215029
61231360
61248069
61266078
61282742
61298349
61315214
61332190
61345798
61362502
61378344
61396281
61413713
61429345
61443670
61461339
61479433
61495089
61511542
61529665
61545321
61561894
61577712
61595745
61611449
61628592
61646553
61662209
61676550
61697785
61713473
61727928
61745889
61760425
61779435
61797601
61812329
61827619
61845649
61864017
61879462
61897609
61912169
61927723
61945841
61965705
61980160
61998097
62012585
62030585
62045049
62062344
62083553
62099209
62113664
62131689
62146153
62161848
62179857
62200817
62215158
62230931
62249009
62263401
62278856
62294752
62310384
62328088
62350121
62365825
62380217
63526170
61199604
61199341
61200406
61199489
61200392
61200037
61200245
61201181
61200331
61201080
61200256
61199835
61201104
61201564
61199912
61201593
61123074
61139166
61154505
61169551
61187893
61204276
61220605
61235795
61252566
61270452
61287127
61303214
61320827
61337044
61352213
61371913
61387255
61403274
61419330
61437369
61454980
61470649
61485220
61505159
61520897
61535475
61553427
61571393
61585958
61603857
61622201
61636701
61654723
61670369
61687857
61705857
61721489
61737203
61752913
61770899
61786531
61804548
61819284
61836905
61851790
61870817
61888997
61903456
61919276
61937241
61951705
61973940
61988259
62006369
62020785
62038929
62053435
62074833
62091897
62106364
62124449
62138969
62156910
62171550
62189449
62211650
62226115
62244159
62258675
62276657
62291036
62309114
62323659
62347753
62362209
62380337
62395132
63529817
61203380
61203097
61203828
61203585
61203657
61204545
61203793
61203321
61204649
61205050
61203393
61204998
61205062
61205048
61205152
61205042
61123954
61138649
61154157
61171469
61187509
61202904
61219304
61235301
61251421
61268701
61286589
61301053
61317951
61337205
61352885
61369064
61386957
61401437
61418924
61436797
61452461
61470061
61483373
61501325
61519165
61534749
61549237
61567300
61585197
61600629
61615365
61636005
61651797
61666309
61684229
61702989
61717508
61735477
61750200
61765381
61787053
61802685
61818317
61833136
61850733
61870277
61884621
61902693
61917013
61932748
61950909
61969613
61985372
62003245
62017733
62033444
62050285
62066045
62088749
62103261
62121141
62136797
62151261
62169261
62183749
62205262
62222805
62237445
62255381
62269773
62287621
62302253
62320397
62340989
62356428
62374717
62388965
63532573
61206939
61206395
61206590
61207291
61206573
61207239
61207431
61207690
61207340
61207735
61206142
61207884
61207868
61207817
61207843
61206859
61125726
61142054
61157505
61173239
61189497
61205456
61221944
61238682
61253890
61270936
61287112
61302810
61319584
61339064
61354752
61369764
61386258
61404408
61421762
61437482
61452313
61469560
61485220
61500690
61519754
61535314
61548536
61566875
61582110
61597752
61613451
61631706
61647548
61665499
61681144
61699872
61714411
61729776
61745560
61761562
61780492
61798483
61812872
61828611
61846528
61866155
61880488
61896299
61914144
61929866
61944323
61961442
61982144
61996608
62012315
62029147
62046072
62061392
62080802
62096500
62114595
62129000
62144547
62162656
62177179
62192794
62214035
62231784
62247482
62262163
62277674
62295560
62310024
62325859
62349883
62364288
62379936
62395778
63535522
61209512
61210104
61210052
61210466
61208974
61210647
61210657
61210713
61210603
61210720
61210795
61210707
61210851
61209838
61210961
61211388
61129694
61142033
61158977
61173756
61189860
61208281
61224705
61241177
61255676
61272220
61291260
61305996
61324876
61340708
61358708
61375972
61390508
61408476
61424940
61440359
61458356
61474740
61490623
61508396
61525060
61540831
61558428
61574220
61591044
61606772
61619964
61640724
61655340
61673075
61687699
61706475
61724427
61739022
61756915
61771318
61792859
61809619
61824035
61842107
61856499
61878435
61892851
61910995
61925507
61943483
61960243
61978859
61997091
62012475
62027043
62045235
62059651
62082523
62097046
62112963
62128347
62142795
62159595
62175251
62189894
62213163
62227758
62245651
62262411
62278139
62292747
62310331
62324947
62348939
62363638
62380411
62398259
63538409
61212139
61211829
61212682
61212412
61212390
61213342
61212921
61213353
61213582
61212153
61213655
61213837
61213572
61213960
61213976
61214075
61132566
61146180
61161841
61180001
61195081
61211372
61227356
61246281
61262876
61277393
61294164
61313137
61327553
61347041
61361401
61378644
61396737
61411108
61430921
61445345
61465348
61479753
61495476
61515580
61528721
61544569
61560129
61578137
61592617
61608329
61626209
61644521
61659057
61674681
61689001
61710153
61725865
61740393
61758345
61773145
61791969
61809921
61824505
61842313
61856713
61876612
61894289
61908881
61926921
61941361
61959385
61978108
61994921
62010681
62028553
62049540
62066545
62082057
62105041
62119801
62137481
62152065
62170105
62184497
62202569
62222337
62240113
62254817
62272897
62289729
62306513
62320929
62339001
62359537
62377657
62392228
62410193
63547641
61221484
61221188
61221820
61221300
61222172
61222620
61222997
61223120
61223069
61223039
61223247
61223683
61223258
61223065
61223219
61221435
61140006
61155844
61169097
61184489
61203361
61218452
61234721
61251252
61269276
61285940
61301161
61316852
61336041
61351849
61369849
61384241
61403921
61418369
61435788
61453801
61468169
61488220
61502748
61518180
61538468
61552916
61570916
61587772
61603305
61621428
61638580
61656580
61672375
61686777
61704780
61722444
61737868
61751076
61766820
61784892
61803012
61819500
61836444
61850737
61868860
61887164
61905164
61919652
61936524
61949684
61965388
61983905
62002028
62016828
62032052
62050284
62064553
62082676
62101940
62117524
62135596
62149961
62165740
62183836
62198297
62221676
62237308
62251769
62268575
62285452
62299913
62315516
62327732
62340729
62362668
62377129
62395132
62409329
63550693
61224738
61225407
61225450
61225835
61224300
61225885
61225925
61226024
61226082
61226160
61226387
61226122
61226378
61226774
61226186
61226124
61143072
61158833
61173444
61188071
61204279
61222727
61237815
61255564
61269892
61287663
61305591
61319932
61338007
61350199
61367455
61383111
61400303
61415468
61433079
61450991
61466660
61484212
61499831
61515564
61532068
61548940
61563356
61581479
61599351
61614948
61629436
61647975
61665839
61680244
61695836
61714527
61732676
61747463
61762983
61778324
61795084
61809522
61827548
61842247
61860124
61874631
61896439
61910780
61928916
61943591
61961404
61975842
61998044
62014935
62029767
62047436
62062015
62079852
62101543
62115924
62133972
62149610
62165711
62183364
62200183
62219943
62234530
62251316
62269375
62283740
62301900
62316215
62332039
62350007
62370959
62388628
62403231
62421068
63553778
61228169
61228673
61229231
61228030
61229693
61227864
61227543
61228314
61228906
61229136
61229339
61229521
61229331
61229492
61227581
61227514
61142270
61155061
61170375
61184748
61201636
61217884
61231636
61248236
61264615
61281124
61297036
61313335
61330508
61345775
61362922
61378452
61398052
61413708
61427964
61445711
61462188
61481068
61496772
61512332
61530148
61545812
61560276
61575828
61595028
61610791
61626364
61641983
61659223
61676031
61690364
61706111
61723439
61738063
61754644
61771660
61786522
61805212
61823188
61835359
61850884
61866711
61886108
61901508
61919775
61934295
61950951
61967012
61987508
62004252
62019996
62035911
62051428
62068383
62085084
62106911
62122300
62138276
62156143
62170916
62188655
62202988
62226452
62240780
62259071
62273340
62291476
62305748
62322647
62338439
62356380
62377268
62393684
62409540
63556685
61230986
61231809
61231137
61230321
61230436
61232034
61232002
61232088
61232031
61230257
61230297
61231540
61232078
61232223
61232322
61232327
61146552
61156614
61171979
61187955
61205862
61222142
61238350
61254774
61270270
61286894
61302251
61321142
61338022
61353654
61370702
61385350
61402315
61417971
61437630
61453334
61467782
61485606
61501035
61516619
61534171
61551126
61567998
61583718
61601726
61617358
61633014
61650094
61665670
61681459
61697091
61712747
61731443
61747019
61763830
61780686
61799846
61815502
61830310
61845667
61863550
61879254
61896326
61912046
61927606
61942414
61958966
61973355
61993142
62008798
62026870
62042574
62057262
62072691
62088323
62107478
62121086
62136443
62154398
62170102
62185758
62200294
62216212
62236979
62254902
62270606
62285294
62300459
62317382
62334382
62349110
62370619
62386134
62402894
62419614
63559796
61234282
61233957
61233934
61234838
61235009
61235084
61235124
61235239
61235325
61235057
61235011
61233638
61233579
61234310
61234271
61234047
61149819
61165660
61180292
61193393
61211444
61227652
61244652
61259044
61275321
61292124
61311087
61326791
61342423
61358263
61376279
61391015
61407716
61423300
61440855
61458855
61474543
61490807
61504039
61518684
61536588
61554447
61570079
61584567
61602775
61618204
61633652
61654471
61670103
61685780
61700084
61715716
61735548
61752588
61768220
61782975
61801780
61819724
61835511
61849900
61865404
61883500
61903044
61917300
61933183
61948756
61963260
61980044
61999972
62014740
62032388
62047276
62062623
62080647
62094900
62116543
62132327
62148956
62164756
62180308
62197271
62212740
62236252
62250924
62268812
62283132
62301316
62315692
62333807
62348410
62372388
62387103
62404935
62419396
63562877
61237117
61237846
61236425
61237887
61238045
61236113
61237841
61236857
61236969
61237623
61238325
61238448
61238285
61238295
61236625
61236571
61151320
61166367
61180821
61194165
61209818
61223485
61237429
61249085
61261117
61273986
61286906
61300365
61316757
61332386
61349034
61365306
61381642
61397562
61414682
61431314
61450058
61465714
61481306
61499034
61514733
61530365
61546869
61562949
61578042
61596018
61611834
61627266
61642898
61661434
61676925
61692653
61709341
61729357
61745085
61760717
61775133
61791101
61809730
61825482
61841202
61858005
61870413
61886917
61906461
61922021
61937725
61950957
61966613
61982245
62002125
62017757
62033389
62047805
62063242
62078874
62094602
62115501
62130877
62147685
62163245
62179037
62194669
62210229
62225933
62245581
62261213
62275813
62291658
62307074
62322706
62338170
62353874
62375693
62392669
62407125
62423933
63566181
61240347
61241132
61240554
61239722
61239670
61241343
61241383
61240508
61240812
61239614
61239715
61240366
61241195
61241289
61241773
61241829
61154880
61169510
61186398
61201822
61216238
61232414
61249518
61266390
61282814
61299430
61315942
61330414
61347382
61362742
61380934
61397950
61413998
61430662
61449262
61463766
61479350
61497206
61513750
61530798
61548534
61562990
61580950
61598966
61613718
61629054
61645694
61665350
61681062
61695550
61710966
61732182
61747910
61762430
61777862
61796030
61813878
61830079
61847598
61862198
61877774
61894630
61913902
61929742
61945358
61963406
61977662
61994910
62015750
62030182
62047022
62061774
62077567
62094854
62114382
62131054
62147174
62164926
62179734
62196070
62213102
62227558
62250950
62265374
62280934
62298998
62313838
62330182
62347150
62361470
62385758
62400246
62418246
62433990
63569012
61243473
61244308
61243577
61242849
61244129
61244466
61244503
61244454
61244395
61242683
61242707
61243713
61244382
61244433
61244746
61244810
61157808
61173670
61185510
61202526
61218206
61233086
61249582
61265718
61282150
61298913
61314630
61331230
61348894
61365902
61382934
61397382
61416862
61431430
61448918
61464465
61482414
61500046
61514366
61530222
61547838
61564614
61580254
61597198
61613982
61628334
61644118
61662342
61678046
61693718
61709358
61724974
61743710
61758446
61774110
61789489
61806102
61826558
61842190
61856902
61872118
61888942
61909814
61925430
61940174
61955606
61973550
61989254
62007830
62024790
62040502
62056078
62070446
62086214
62104102
62123502
62141366
62156222
62172566
62188270
62206382
62220782
62244310
62259118
62276774
62291446
62309246
62324094
62340481
62356126
62379054
62395182
62410478
62427326
63571996
61246337
61245952
61246515
61246124
61247011
61247434
61247514
61247410
61247351
61246553
61245958
61246060
61247709
61247877
61247401
61247457
61160512
61174342
61187342
61204398
61219057
61235129
61251110
61267654
61283918
61300705
61316209
61332825
61350758
61367766
61383574
61399278
61418766
61433086
61449318
61468614
61484302
61500734
61518686
61533158
61551094
61568902
61583366
61599969
61619326
61641278
61657054
61677622
61693278
61708982
61723505
61744470
61759206
61777030
61791422
61807102
61828606
61842926
61861022
61875817
61893486
61913118
61927702
61945510
61959926
61977998
61992462
62012257
62028014
62043574
62059302
62073801
62091766
62106182
62124334
62142286
62156630
62173574
62188038
62206062
62220502
62238550
62258246
62276382
62290798
62308910
62323478
62341430
62355774
62373918
62394382
62412478
62426942
62442718
63582500
61256828
61257767
61257839
61258072
61256415
61258139
61258040
61257790
61258673
61256756
61256585
61257100
61258183
61258309
61256962
61258035
61172456
61185134
61200190
61214686
61231630
61247910
61264070
61280542
61296966
61313558
61328894
61345782
61362526
61377062
61395254
61409846
61425582
61438846
61455446
61471798
61488574
61505550
61521870
61537620
61554529
61572561
61588209
61603628
61621569
61638233
61655241
61670841
61689153
61704553
61720433
61736065
61754801
61770505
61784825
61801628
61818537
61837697
61853281
61867745
61883492
61899033
61920945
61936601
61951441
61966657
61984841
62000441
62019113
62035844
62052801
62067041
62085177
62100905
62115161
62138169
62152585
62168193
62183817
62199561
62213881
62230633
62252969
62267433
62283268
62299841
62315617
62331236
62349273
62363737
62379652
62402249
62419281
62433625
62451697
63585599
61259811
61260584
61260720
61260822
61260865
61260983
61260956
61259059
61259043
61259739
61260099
61261043
61261140
61261180
61261097
61261182
61175488
61182843
61191267
61199747
61212923
61228851
61244939
61260267
61276438
61295040
61311763
61326451
61342942
61361947
61376424
61395768
61410219
61428552
61444587
61459840
61479712
61494323
61514080
61528808
61544435
61564432
61579251
61594691
61612576
61629472
61645166
61663016
61680120
61698120
61713011
61730608
61748144
61763808
61780632
61796590
61814288
61832395
61850376
61864875
61882760
61897507
61919160
61933814
61951648
61966027
61984136
61998451
62020824
62035427
62052072
62070096
62084819
62101744
62119496
62141048
62156712
62171520
62189168
62203720
62220552
62236171
62259656
62275216
62289640
62307776
62322430
62340264
62354739
62371864
62389584
62410123
62427328
62445080
63588496
61262839
61262292
61264024
61263866
61262118
61263086
61263697
61263025
61262529
61263862
61264277
61264202
61264325
61264400
61264151
61264364
61178566
61189898
61206490
61221058
61236578
61252978
61269186
61285482
61304322
61320914
61334258
61353162
61370053
61384595
61403960
61419688
61435803
61453688
61470032
61485392
61503272
61519904
61535867
61550120
61565280
61580984
61596760
61614776
61632712
61647072
61665136
61683232
61698296
61713776
61731576
61747304
61764768
61780480
61797112
61814128
61831936
61848688
61865768
61880048
61898256
61913816
61932496
61947832
61963488
61979120
61997064
62012792
62031344
62048120
62065064
62079584
62096240
62113256
62132384
62148224
62166104
62180920
62196424
62214224
62228688
62244344
62265344
62280984
62296744
62312376
62326696
62344792
62359120
62374888
62392912
62413456
62431616
62446136
63591937
61266089
61266752
61265856
61266969
61267084
61264976
61266768
61265398
61265398
61266206
61266897
61266940
61267421
61267373
61267312
61267317
61180705
61194956
61209356
61222980
61240804
61257036
61269791
61283791
61297628
61311413
61327564
61343284
61358631
61375220
61391039
61410396
61424796
61444420
61460124
61477516
61491964
61509932
61527524
61542324
61557740
61576492
61592324
61609172
61627092
61642692
61657428
61672788
61693500
61708308
61723719
61741692
61759564
61774911
61791500
61808524
61823276
61842119
61860116
61874844
61890348
61908228
61926596
61938932
61955460
61969876
61985692
62001055
62019164
62039076
62053404
62069068
62087196
62102844
62117308
62140044
62155788
62170516
62185719
62203836
62218300
62233948
62252020
62273052
62287860
62303004
62320044
62332036
62347548
62363252
62378972
62394591
62416436
62434412
62450116
63594805
61269120
61269877
61270007
61270080
61268567
61270152
61270184
61270890
61269932
61268551
61268655
61269420
61270084
61270194
61270630
61270729
61183361
61195930
61211738
61227119
61245202
61261410
61277730
61292882
61309354
61325914
61337927
61355762
61372570
61388202
61405178
61420853
61438021
61452829
61468018
61485498
61503525
61519869
61536813
61552469
61567061
61584749
61600341
61615834
61633770
61649330
61665322
61683181
61701525
61716053
61731690
61749717
61768421
61782690
61798610
61813957
61832101
61851213
61866845
61882549
61898205
61912941
61931874
61947530
61963354
61981461
61995973
62012781
62032565
62047053
62062682
62078146
62095029
62112013
62127701
62148133
62162549
62178250
62196205
62211837
62226301
62241834
62259258
62281037
62295509
62309853
62323045
62341205
62354346
62371045
62386925
62408701
62423509
62438893
62454522
63597917
61272216
61272920
61272986
61273152
61273221
61273163
61273128
61271522
61271404
61272559
61272996
61273098
61273491
61273464
61273191
61273298
61186460
61197930
61214530
61230282
61245873
61262009
61275873
61292201
61308673
61325409
61340849
61357441
61374249
61390073
61406889
61425033
61442201
61457785
61473489
61490873
61505545
61522785
61538441
61554337
61570473
61587545
61605689
61621345
61639281
61654841
61670569
61685001
61700921
61714257
61732137
61747793
61766497
61782201
61797785
61813489
61829161
61847265
61862745
61878281
61896281
61912073
61931545
61945865
61961785
61979617
61995321
62010009
62031961
62046425
62062129
62080081
62095809
62110321
62128273
62148729
62163241
62179833
62196849
62211361
62229329
62244129
62259353
62282825
62298529
62312873
62330945
62345409
62361185
62376889
62391057
62414097
62429801
62443113
62461089
63600927
61275211
61274664
61274540
61276267
61276323
61276839
61276082
61275029
61274834
61276436
61276627
61275666
61274894
61275036
61275972
61276765
61276695
61202255
61215247
61231063
61246978
61262735
61279039
61296679
61313007
61329695
61345327
61361943
61378655
61394415
61410151
61425983
61445343
61461047
61475295
61492879
61508535
61525991
61541986
61559575
61577567
61593271
61608871
61624487
61642423
61658151
61673711
61689343
61707759
61723415
61738159
61753626
61772282
61787727
61805839
61821527
61837159
61856335
61871007
61886319
61901975
61917858
61938311
61955175
61970871
61985287
62001106
62018919
62038887
62054503
62070175
62084623
62100383
62117959
62133911
62153031
62170879
62186903
62201415
62217999
62233839
62249535
62272807
62287623
62303122
62320999
62335391
62351234
62367794
62384751
62400335
62421295
62438943
62454671
62470303
63604141
61278417
61278236
61279254
61279568
61277967
61279552
61279525
61279300
61279351
61278375
61278660
61278639
61279902
61279867
61279299
61278525
61192955
61207698
61223647
61238703
61256895
61273607
61290031
61304567
61320772
61337580
61356471
61370999
61387722
61403180
61422791
61438495
61454402
61469956
61489807
61504674
61520028
61538751
61553140
61569855
61588983
61603452
61621535
61638231
61653991
61669578
61687615
61704695
61720407
61738351
61754079
61771348
61789615
61803951
61819804
61837735
61856847
61871308
61889311
61903727
61919428
61939959
61956919
61971524
61989407
62003748
62021871
62041823
62058583
62073378
62088690
62106775
62121127
62139263
62158655
62174180
62192183
62206943
62224671
62239191
62257087
62276847
62295015
62309882
62327479
62341967
62358655
62374431
62390156
62408159
62428751
62446719
62462351
63607085
61281429
61282013
61282047
61282258
61282373
61282084
61282124
61280990
61281585
61281569
61282618
61282626
61282594
61282634
61280972
61281028
61195678
61209471
61222967
61238255
61256236
61272524
61287580
61304332
61320375
61339372
61354036
61370634
61388370
61404498
61421090
61439226
61455186
61470802
61490602
61505069
61523122
61540746
61555557
61570794
61589778
61605434
61620018
61637773
61655786
61670242
61686085
61706594
61722381
61736952
61753533
61773573
61788144
61805989
61820453
61836264
61854029
61867221
61885293
61900949
61915533
61932093
61952885
61967301
61985365
61999861
62017925
62033565
62053461
62067765
62085909
62100325
62118317
62132861
62153424
62171237
62185904
62203821
62218264
62234997
62252013
62266656
62289877
62304221
62322365
62336768
62354773
62369424
62387341
62401912
62425949
62440413
62458437
62472840
63610419
61284857
61284414
61284825
61285535
61285476
61283627
61283587
61284979
61285363
61285347
61285852
61285700
61285424
61285456
61284432
61284728
61198619
61209998
61225590
61241126
61255718
61271758
61288062
61303222
61320017
61336166
61354238
61379350
61395249
61412918
61430022
61444414
61464022
61478366
61496510
61513894
61528246
61548278
61563966
61578358
61598470
61612950
61630798
61645582
61665814
61680478
61698302
61715574
61733478
61748062
61766014
61784742
61799254
61817206
61831742
61849622
61867694
61885566
61900150
61918126
61934886
61953609
61971350
61985886
62003838
62019358
62035489
62057382
62071654
62089870
62104454
62121094
62139118
62153438
62176158
62190990
62207702
62225702
62240310
62255790
62271518
62291406
62309374
62323958
62340670
62357454
62373278
62391254
62406774
62429025
62446646
62463550
62478062
63621444
61295962
61296508
61296658
61296899
61295327
61296912
61297102
61295124
61295313
61296046
61296796
61297256
61296991
61297031
61295318
61295577
61210083
61222486
61237022
61255030
61269494
61285638
61301870
61318334
61335921
61353790
61368166
61384934
61403950
61419654
61435417
61453481
61469761
61485273
61504953
61520585
61534961
61554953
61570681
61585001
61605185
61620985
61635417
61648537
61664081
61680188
61695556
61716137
61731793
61746257
61762084
61778673
61798689
61813436
61831105
61846849
61865025
61880249
61898353
61912881
61928569
61946521
61966065
61980620
61998473
62012873
62031009
62045769
62067649
62082393
62097785
62115857
62130249
62148345
62167465
62185561
62200145
62218097
62232417
62250585
62264977
62283001
62302769
62320913
62335321
62353465
62367993
62384617
62400265
62418377
62438913
62457049
62471492
62489537
63624575
61298823
61299607
61299802
61299808
61299951
61299850
61299828
61299611
61299043
61299899
61300039
61299916
61298163
61298267
61299227
61299891
61213099
61227046
61242438
61258070
61274782
61292230
61309230
61323694
61340150
61356838
61374430
61391398
61408166
61422507
61439630
61457702
61473630
61489179
61509014
61523478
61539163
61559086
61574854
61589398
61609382
61625038
61640742
61657494
61675462
61691094
61705526
61720478
61735910
61754006
61769662
61787126
61802758
61820782
61835246
61851174
61870190
61888102
61902750
61918310
61936270
61950662
61970035
61986958
62002614
62017422
62035078
62050806
62070662
62085014
62103078
62118710
62133174
62148958
62171702
62186438
62201806
62219822
62234302
62249926
62267942
62282422
62303558
62321454
62335918
62351750
62369646
62384382
62402038
62416942
62440670
62455478
62470718
62488862
63627551
61301758
61302491
61302708
61302992
61302967
61302740
61302780
61301123
61301238
61301987
61302699
61301443
61303138
61303079
61302382
61302902
61302198
61224814
61239586
61256391
61273362
61289546
61305682
61322063
61338559
61354314
61369599
61386066
61405354
61419882
61438026
61453658
61468485
61481834
61499722
61516250
61531906
61547354
61567146
61582874
61598506
61615437
61630866
61648789
61666829
61682402
61696834
61712586
61733210
61748866
61763194
61778893
61800117
61814501
61830034
61845866
61863821
61882981
61898613
61914269
61929901
61945533
61965021
61979426
61995389
62012013
62026346
62042002
62062117
62077354
62093082
62108978
62124469
62142434
62158189
62178645
62194277
62208669
62224533
62240085
62257938
62273685
62289325
62310362
62325077
62340573
62356029
62374173
62389698
62404485
62419842
62441786
62459717
62475349
62489765
63630843
61305157
61305732
61305695
61306072
61306050
61306004
61306649
61304879
61305197
61305368
61306336
61306510
61306312
61306285
61304607
61306482
61306512
61229188
61242481
61259204
61275185
61290353
61307588
61323988
61339084
61355740
61371367
61389087
61407311
61422951
61439023
61454412
61473879
61489583
61503876
61523727
61539455
61555799
61571500
61589519
61606972
61622967
61638623
61653079
61672215
61687775
61703479
61719063
61737455
61753127
61766183
61780799
61795863
61809116
61827191
61844023
61858316
61877596
61893151
61911247
61925588
61943735
61958399
61977740
61995767
62010503
62025791
62043828
62058199
62078108
62093743
62111887
62126156
62144303
62159183
62179356
62193623
62209327
62224975
62239855
62255164
62273167
62287831
62308519
62326591
62341124
62359151
62373879
62390303
62406031
62424031
62445903
62460364
62478367
62493127
63633853
61307974
61308737
61308903
61309157
61309264
61309125
61309243
61307468
61307460
61308449
61309132
61309111
61309461
61309557
61309153
61309217
61223710
61237429
61249344
61264003
61281933
61298141
61311912
61328189
61344781
61361693
61377029
61393525
61412749
61428453
61444565
61460040
61479397
61493872
61510573
61529269
61545005
61561296
61577080
61591373
61604624
61622589
61640541
61656173
61673837
61688581
61706301
61722181
61739261
61755053
61771709
61788725
61806141
61822901
61839845
61855573
61870237
61891421
61907149
61921397
61938117
61953237
61972413
61990389
62005133
62020685
62038517
62053181
62072789
62090933
62105325
62123349
62137861
62155885
62170349
62193101
62207517
62225365
62239909
62258149
62272589
62290701
62310397
62328493
62343301
62358733
62376685
62391149
62409173
62425933
62446909
62462221
62480293
62494541
63637038
61311098
61311834
61312080
61311957
61312123
61311016
61311237
61312392
61312449
61312422
61312365
61312205
61311229
61311639
61312621
61312742
61312731
61236396
61249711
61262935
61280159
61292559
61310087
61325052
61341511
61356592
61372639
61389164
61405295
61421948
61437431
61454268
61470023
61487223
61505164
61522647
61538231
61553975
61571492
61587175
61602807
61620588
61636279
61651556
61668567
61685372
61701055
61716660
61735052
61750676
61765108
61781143
61799863
61815079
61830823
61846295
61862127
61881311
61897812
61914756
61930476
61944858
61957103
61975204
61991295
62006887
62022295
62037887
62053340
62075759
62090172
62105948
62123879
62138290
62156308
62171234
62191354
62209300
62224002
62241716
62256431
62274204
62288604
62312124
62326596
62343436
62361503
62375903
62393996
62408340
62426239
62446935
62465167
62479423
62497631
63639885
61314247
61314916
61314988
61315344
61315218
61315105
61314993
61313879
61313791
61314124
61315386
61315437
61315409
61315284
61313996
61313940
61228414
61241026
61256452
61272300
61286548
61303007
61319180
61333239
61349460
61361935
61379252
61393714
61411508
61428364
61444111
61462148
61476956
61494042
61511804
61527996
61543711
61561756
61579332
61594034
61611812
61629636
61644330
61660732
61678812
61694706
61712476
61728180
61745759
61763284
61778732
61793391
61813164
61830204
61844524
61860215
61878324
61896172
61911799
61926439
61944324
61959042
61979548
61995327
62011892
62028540
62043426
62061260
62080183
62097972
62112434
62130460
62144847
62163020
62179071
62200308
62217068
62231519
62249628
62263999
62282100
62296759
62320052
62334543
62348860
62365756
62380135
62396887
62412708
62430708
62451671
62466836
62483740
62499634
63642866
61317811
61316562
61316493
61316938
61316708
61317316
61318410
61317759
61316895
61318199
61318662
61318654
61318673
61318552
61316831
61316823
61231470
61243841
61258300
61274428
61289943
61307191
61323431
61338591
61356231
61372898
61386079
61400167
61417167
61435039
61452087
61466879
61483831
61499495
61516119
61534791
61549127
61569159
61583623
61599335
61615543
61635127
61649647
61665335
61685535
61700199
61717999
61736415
61749575
61762815
61780863
61795751
61814183
61832119
61846511
61862111
61880247
61898247
61916119
61930807
61948607
61963495
61984991
61999399
62017487
62032223
62050023
62065679
62084359
62100071
62117951
62132615
62150519
62165039
62187767
62202383
62220191
62234671
62252679
62267271
62285239
62299759
62323167
62337495
62355559
62370103
62388119
62402471
62420607
62435127
62459167
62473567
62490415
62506471
63645997
61320101
61320866
61320917
61321291
61321334
61321028
61321103
61319989
61320261
61320517
61321651
61321498
61319916
61320020
61320967
61321701
61321768
61245863
61257964
61274431
61290511
61305196
61321839
61338146
61355436
61373343
61388932
61405612
61421487
61434316
61450279
61468338
61482802
61500130
61516866
61533223
61548503
61566623
61584314
61598634
61614511
61634538
61650266
61664743
61684911
61700639
61715159
61731759
61751447
61765967
61782551
61799567
61817517
61832623
61850767
61865183
61880871
61902271
61916759
61934759
61949159
61967311
61986855
62001447
62019247
62033863
62051807
62066255
62088447
62102839
62120983
62134135
62147295
62163119
62181087
62200479
62217183
62232703
62250839
62265255
62283399
62297919
62321191
62335935
62352479
62368143
62386279
62400695
62418695
62433287
62457399
62471919
62489887
62504215
63648957
61323325
61322711
61323959
61324379
61324435
61324111
61324151
61323234
61324405
61324504
61324780
61324691
61324402
61324434
61323504
61323618
61237561
61248954
61263517
61280373
61294717
61311208
61327045
61343555
61362077
61378965
61393357
61410168
61429125
61443594
61463005
61477805
61492197
61506757
61523573
61538469
61551741
61568645
61584989
61600690
61616205
61636525
61651189
61666760
61686877
61702533
61716874
61733685
61753413
61768136
61783602
61801533
61819021
61834653
61852653
61867341
61882701
61904325
61918917
61934242
61952509
61967136
61988837
62003106
62021253
62036120
62051178
62069373
62088061
62103786
62121789
62137445
62151837
62169837
62184605
62207125
62222829
62238485
62252946
62270941
62286669
62301133
62322280
62340165
62354581
62370272
62388253
62403965
62419645
62434034
62452077
62472949
62490669
62505205
62520821
61326082
61327194
61327242
61325978
61325925
61326568
61326187
61326534
61327809
61327860
61325869
61326008
61326968
61326384
61326435
61328052
61327934
61241079
61255586
61269901
61285789
61301421
61317629
61333837
61349021
61365621
61382037
61397605
61414317
61431197
61447757
61466152
61481741
61497776
61513597
61527757
61553693
61570389
61587973
61602365
61617013
61632381
61652341
61668285
61683917
61701949
61716685
61732093
61747629
61768317
61783725
61799605
61814413
61832965
61849485
61866501
61880813
61896677
61916805
61930077
61945765
61960277
61978253
61996605
62014557
62029085
62047109
62061621
62079597
62098141
62113797
62128301
62146301
62161133
62178861
62193253
62216077
62231781
62248541
62263229
62281029
62295461
62313589
62333405
62351453
62365773
62383949
62398517
62416397
62430813
62448957
62463485
62487589
62501901
62519781
63664766
61338942
61339637
61339674
61340107
61340134
61339978
61339807
61338599
61338944
61339264
61340478
61340302
61340223
61340039
61338962
61339290
61253319
61266037
61278941
61296029
61309253
61322885
61340365
61356837
61371997
61388541
61404365
61423277
61440085
61454669
61473818
61488210
61507669
61522637
61537997
61557808
61572272
61585963
61603160
61618944
61636832
61654648
61670328
61684768
61705024
61720752
61735072
61753240
61770320
61788360
61802736
61820808
61838368
61853928
61872024
61886680
61908104
61922616
61940496
61955032
61973056
61987568
62009312
62023704
62041872
62056384
62074360
62088872
62111000
62125384
62143464
62157952
62176024
62192808
62214440
62229960
62245872
62263896
62278408
62294888
62307176
62322928
62346208
62360600
62378744
62393088
62411232
62425984
62443648
62458593
62482352
62496672
62514840
62529232
63667910
61342107
61342741
61342776
61343129
61343228
61342928
61343003
61341744
61341672
61342669
61343430
61343422
61342606
61342622
61341786
61341981
61256300
61268879
61284282
61297949
61314362
61331954
61348090
61364586
61380986
61397602
61411973
61428765
61447762
61463394
61479258
61497258
61513661
61529021
61548642
61563437
61578973
61598786
61613202
61629165
61646546
61661066
61676474
61689986
61706762
61720133
61737978
61752845
61771302
61788786
61803237
61821274
61838810
61856810
61872538
61887109
61905026
61922861
61940946
61955765
61970981
61987826
62007373
62025386
62039874
62055565
62073578
62088173
62110218
62124861
62142706
62157349
62175266
62189645
62212530
62227277
62245018
62259605
62277506
62294266
62308741
62326826
62346925
62363442
62379477
62397186
62411658
62429730
62444141
62462146
62482741
62500850
62515421
62533338
63670827
61344909
61346089
61346043
61346153
61346043
61344290
61344381
61345051
61346085
61346058
61344935
61345175
61346170
61346416
61346459
61344439
61344548
61380519
Peak: 63703498
Average: 60999797.57185475
