0
150879
150972
151004
151036
151355
151411
151443
151475
151571
151812
151611
151643
151675
151707
151763
151876
151867
151899
151931
151963
152103
152260
152059
152115
152187
152219
152251
152283
152548
152580
152379
152518
152613
152539
152677
152603
152741
152667
152699
152837
152965
152891
152923
153061
153011
153043
153157
153083
153221
153253
153179
153235
153339
153371
153403
153540
153467
153499
153637
153669
153701
153651
153765
153924
153925
153957
153989
153915
153947
153979
154011
154043
154075
154213
154139
154171
154331
154469
154395
154427
154565
154597
154629
154555
154611
154619
154651
154683
154739
154747
154779
154811
155077
155003
155035
155067
155099
155131
155163
155195
155227
155259
155291
155323
155355
155387
155419
155451
155643
155675
155707
155739
155771
155803
155835
155867
155899
155931
155963
155995
156027
156059
156091
156123
156155
156187
156219
156251
156443
156475
156507
156539
156571
156603
156635
156667
156699
156731
156763
156795
156827
156859
156891
156923
156955
156987
157019
157051
157275
157307
157339
157371
157403
157435
157467
157499
157531
157563
157595
157627
157659
157691
157723
157755
157787
158052
157851
82385
130591
Peak: 366238
Average: 153094.11176470589
