0
263418
570787
667260
1607260
2270811
2706179
2997366
3524590
3802908
4488041
5420878
5600323
6102351
6580001
7065962
7315692
7713469
8286199
8802948
9252498
9344687
9497402
9915338
10615042
11064615
11724430
12362177
12669345
13010243
13489987
14299671
14694602
15337399
15725853
16236707
16460789
16594919
16921001
17100894
17410175
17800033
17937418
18170182
18303185
19012368
19360821
19524473
19625954
19629930
19887037
20067960
20279820
20491972
20867800
21298796
21895700
22396496
23100578
23341702
23785830
24168830
24347842
24371433
24531889
24677542
24921311
25046376
25358721
25765181
26083114
26573657
26988391
27688898
28522113
29502936
29855743
29861007
29864039
29878627
29881740
29910557
30311489
30852934
31330762
31527109
31821461
32013323
32273248
32375145
32478104
32544794
32561339
32884571
33143015
33520104
33887326
33919085
34277460
34492268
34574741
34620574
34641552
34674050
34982582
35137729
35710956
35812324
36210043
36687097
36758227
37017214
37612761
37713736
37919501
38314034
38313838
38314159
38314044
38209454
38628296
38828587
39034522
39086051
43108705
43107161
43377227
43480697
44037984
44107661
44166909
44191479
44277753
44333419
44363745
44426484
44472253
44549335
44605616
44601189
44837353
45033143
45135264
45589674
45780492
46039485
46622032
46783552
46820980
47017031
47118165
47204757
47446888
47479126
47600928
47918598
48054552
48296795
48505425
48733894
49012302
49314307
49451607
49575020
49662308
49851224
50121233
50191043
50277159
50301263
50317079
50351055
50407753
50456998
50533366
50675580
50742573
50856779
51003156
51340619
51477710
51809079
52037708
52415667
52557821
52877258
53165284
53635380
54251907
54456484
54526827
54608979
54633911
54729439
54799415
54938268
54982723
55128557
55035976
55501713
55772228
55912260
56037990
56498103
56867731
56912221
57329446
57425176
58777844
57663728
57907337
58061353
58147686
58260949
58611775
58385926
58510786
58843606
59601621
59779593
59870617
59945641
60002617
60040734
60226010
60264235
60838772
61770549
60831576
60891864
60935090
60973853
61016635
61060043
61102592
61149219
61188632
61231519
61276111
61316194
61358587
61401807
61443569
61485822
60914932
60707503
60709583
60709478
60710234
60709986
60709350
60710437
60711023
60709649
60710617
60710525
60709988
60711230
60710890
60709713
60710156
60711005
60713437
60749331
60789773
60828781
60872733
60913517
60954510
60999444
61038488
61083101
61123225
61163468
61208548
61245236
61289934
60716295
60715960
60716473
60715505
60715518
60716568
60715557
60715657
60716758
60715798
60715713
60716838
60715835
60716976
60716931
60715963
60715977
60697564
60735987
60770176
60811226
60852322
60895123
60936035
60978979
61019715
61064422
61102843
61147627
61191323
61230134
61273699
60719659
60719685
60720530
60720721
60720644
60720211
60720745
60720869
60719704
60720929
60720316
60721110
60720939
60720520
60720988
60720036
60720101
60720113
60704238
60739917
60776833
60815755
60856698
60899686
60939034
60982314
61026243
61066018
61109475
61152923
61192890
61235229
61279042
60722031
60722212
60722732
60722921
60722954
60722182
60723237
60723142
60722334
60723395
60723476
60722833
60723554
60723657
60723664
60722537
60723629
60723553
60712825
60748157
60787912
60828809
60871505
60912041
60956017
60997897
61038417
61081729
61125681
61167465
61211497
61253625
61298329
60724678
60724739
60724256
60724833
60723816
60723841
60723648
60725175
60725193
60724317
60725199
60725322
60724694
60725356
60725270
60724483
60725492
60725365
60728672
60768393
60810505
60853249
60897907
60937345
60978147
61022482
61062473
61104794
61146049
61187169
61229281
61270937
61314105
60726752
60726068
60725952
60726957
60726833
60725934
60727256
60725825
60725882
60727077
60726103
60726015
60727202
60725982
60726095
60727255
60726237
60713843
60755138
60794858
60831626
60867653
60907938
60952106
60992901
61033650
61074642
61108946
61147434
61189970
61228666
61273682
61313549
60728131
60728349
60728377
60727327
60728390
60728406
60727794
60728464
60728394
60728613
60727610
60727531
60728820
60727901
60728900
60728822
60728757
60711030
60746128
60786136
60829073
60869000
60911632
60952147
60996536
61036272
61080632
61124049
61162512
61203992
61247081
61287536
60728662
60729363
60728645
60729628
60728573
60729708
60729571
60729709
60728522
60730004
60728386
60729929
60729002
60730044
60728880
60730108
60729429
60730172
60715488
60752038
60793003
60833377
60866804
60903981
60946717
60991181
61030757
61074021
61115981
61159525
61203413
61246501
61289293
60730316
60730799
60729576
60730791
60730928
60729901
60729836
60729606
60731147
60731291
60730262
60731333
60731234
60730485
60731410
60731645
60731005
60731913
60725603
60765297
60805347
60845564
60883661
60924225
60969122
61007834
61048530
61093034
61133066
61175034
61219946
61258722
61302338
60732367
60732571
60732095
60732672
60731633
60732834
60732285
60732813
60731794
60731706
60732850
60732311
60733118
60732034
60732035
60733214
60733034
60732420
60723117
60759621
60799369
60843295
60882505
60923292
60963796
61004970
61045597
61089968
61129901
61172138
61213322
61253258
61298138
60733163
60733854
60733048
60734081
60733272
60734024
60733014
60733567
60733637
60734256
60733152
60733107
60734149
60733299
60733152
60734304
60733293
60734636
60720570
60760916
60802705
60843793
60887873
60927265
60968217
61012089
61051657
61092561
61137025
61176076
61220777
61262922
61303073
60735562
60734411
60735853
60734760
60736040
60736000
60735334
60736085
60736100
60735929
60735318
60736343
60734950
60735143
60734921
60736433
60736338
60735630
60727055
60770344
60810392
60842475
60885227
60929032
60969120
61012112
61056088
61095936
61139336
61181840
61225440
61270264
61312520
60735501
60735376
60736859
60737060
60736274
60737124
60737286
60736318
60736472
60735833
60737180
60737084
60736033
60736052
60737247
60736220
60737520
60717976
60750803
60787187
60830603
60871675
60911331
60951731
60992235
61035588
61077595
61116051
61160907
61202219
61240715
61285947
61373698
60736867
60737299
60737718
60738815
60739232
60738312
60739368
60738920
60738670
60739129
60738126
60739477
60738457
60739635
60739440
60738734
60739616
60724266
60758527
60798255
60842152
60882729
60923345
60962857
61003528
61047640
61088680
61128512
61168560
61213384
61251800
61297024
60739017
60739179
60740129
60739995
60739665
60740471
60739363
60740547
60739485
60740772
60740542
60739820
60740876
60740463
60739688
60740678
60739292
60740855
60731202
60772569
60808757
60849879
60886438
60923462
60967678
61007254
61048216
61088878
61130294
61163097
61204326
61247654
61287854
60756648
60740579
60741457
60740353
60740394
60741495
60740879
60741881
60740543
60740597
60741982
60740940
60741982
60741294
60741081
60742035
60741949
60741327
60732436
60772124
60812324
60856245
60895796
60936100
60960108
60990140
61026108
61064821
61108173
61148132
61191476
61234085
61279077
61317580
60743294
60742439
60743363
60743234
60742679
60743422
60743397
60742469
60743671
60742213
60742824
60742472
60743844
60743812
60743138
60743830
60744283
60721542
60755910
60791031
60831882
60871082
60912346
60952866
60993533
61034578
61078954
61117858
61158834
61203570
61242181
61287218
61326245
60743410
60744524
60744322
60743466
60744435
60743253
60744701
60744474
60743631
60744879
60744119
60743343
60744902
60744782
60744052
60745049
60744703
60721585
60757652
60795045
60824735
60868504
60909727
60949087
60992087
61036568
61076239
61119744
61159607
61204575
61242999
61287503
61329224
60744317
60744261
60744323
60744187
60745771
60745762
60744792
60745869
60745762
60745107
60745930
60745817
60744787
60745922
60744595
60746056
60745926
60727345
60767804
60806068
60845942
60885676
60928805
60969148
61011277
61053059
61093899
61133531
61173818
61218570
61257579
61298834
61382973
60746182
60746708
60747604
60747650
60747746
60747067
60747810
60747681
60747219
60747809
60746844
60746721
60747959
60746889
60746903
60746681
60748273
60734975
60770426
60810397
60850905
60891459
60930643
60972594
61012203
61053123
61097499
61137539
61180827
61220818
61263043
61304803
60748982
60747655
60748702
60748675
60747897
60748645
60748647
60747778
60748297
60747556
60749085
60748858
60747957
60747794
60748879
60747919
60747992
60749144
60747263
60784717
60824813
60863469
60904029
60947693
60987244
61030520
61071381
61112381
61153485
61193341
61233509
61266165
61307773
60749738
60748912
60749908
60750030
60749195
60749659
60748795
60750054
60749915
60749059
60750333
60748808
60750155
60750421
60749430
60750257
60750274
60749619
60745729
60780996
60821578
60861094
60901511
60942303
60986186
61027047
61066975
61108179
61152287
61190751
61235791
61274367
61315814
60750616
60749815
60750784
60749754
60750653
60750880
60752104
60751369
60751383
60750905
60752238
60752070
60751118
60751140
60751478
60752584
60751166
60752525
60743036
60778311
60817964
60862044
60901684
60945452
60977722
61018892
61059314
61103844
61143812
61183590
61228524
61267431
61309034
60751778
60752334
60752878
60753140
60753136
60752100
60753100
60752132
60753301
60752175
60753531
60752712
60752647
60753499
60753340
60752794
60752573
60752386
60742991
60778099
60814468
60852695
60893306
60937346
60976738
61018690
61059498
61099266
61139321
61183706
61224210
61263625
61308770
60753012
60753230
60753892
60753907
60754099
60753004
60754106
60753103
60752921
60752785
60753431
60754427
60753697
60754499
60754327
60753701
60753153
60753541
60733739
60768882
60808764
60850852
60891764
60936028
60975492
61019759
61062860
61102508
61146444
61189356
61229516
61272999
61313444
60755107
60754066
60755044
60754062
60755319
60754474
60755129
60753859
60755443
60755042
60754571
60755484
60754277
60754227
60755532
60754707
60755580
60755567
60744143
60781773
60818979
60861825
60902380
60946519
60986988
61026946
61067469
61111947
61153096
61191498
61232930
61276339
61316619
60755614
60755875
60756092
60757210
60756779
60757262
60756345
60756276
60756166
60757636
60757632
60757773
60757006
60757910
60757583
60756884
60757655
60756585
60743794
60779333
60811972
60851893
60892933
60936629
60976525
61017357
61057981
61102317
61142229
61182085
61223661
61266829
61307181
60757332
60757885
60758451
60758417
60758108
60758714
60757615
60758011
60757420
60758903
60758872
60757953
60758960
60758729
60758369
60759039
60758116
60759214
60746031
60786080
60825827
60865125
60905768
60948405
60989056
61032077
61076622
61116189
61157493
61200910
61241237
61284398
61325029
60759483
60758358
60759618
60758964
60758305
60759834
60759743
60759733
60759164
60759339
60758751
60758698
60759791
60759116
60758703
60759911
60759132
60760112
60746068
60787151
60826955
60866635
60906934
60947317
60991467
61031115
61072006
61112717
61157628
61196324
61241067
61280988
61321291
60759745
60760447
60759284
60761016
60760717
60759706
60759610
60759554
60761002
60760985
60760226
60760901
60760109
60761271
60760194
60761129
60759794
60761314
60751718
60789295
60827847
60868174
60907592
60948316
60992474
61033322
61073291
61114059
61157435
61198507
61236611
61271611
61316491
60776852
60760795
60761616
60761903
60762211
60761336
60761942
60760915
60760768
60760602
60760824
60761503
60761624
60762158
60762600
60763529
60762568
60763754
60747233
60787125
60824785
60866203
60905803
60949595
60988842
61033259
61072741
61116203
61159563
61199653
61243483
61285339
61328163
60762701
60762806
60763990
60763210
60764295
60764131
60763398
60764362
60762755
60764523
60764712
60763374
60763144
60763056
60764552
60764601
60763683
60764703
60766041
60802089
60844441
60884857
60929513
60966754
61004899
61044923
61086875
61127891
61167867
61207755
61249187
61292451
61334011
60765000
60763890
60765218
60764299
60765335
60765394
60764565
60765527
60765331
60764616
60765460
60764328
60765568
60765491
60764480
60764486
60765587
60764528
60766207
60801040
60838873
60878961
60919425
60964264
61005232
61043687
61084391
61125511
61170296
61208951
61253840
61292559
61337440
60766224
60766289
60765814
60766541
60765250
60766597
60766466
60765498
60766819
60766621
60765653
60765565
60765370
60766882
60766961
60765970
60767161
60765730
60768032
60799632
60843169
60879752
60921368
60962065
61003608
61042120
61086512
61126288
61167456
61209624
61250952
61294400
61334864
60766166
60767613
60766657
60767742
60767605
60766899
60767730
60767703
60766969
60767816
60767705
60767222
60767833
60766844
60766756
60767943
60766838
60767144
60774923
60815860
60855004
60895684
60938612
60979340
61022404
61063175
61106748
61149860
61189924
61234644
61273540
61318524
60767466
60767746
60768509
60767493
60768011
60768167
60768591
60767631
60767543
60767648
60770426
60769793
60770515
60769677
60770587
60770424
60769783
60770785
60755144
60792811
60827907
60867731
60908706
60948258
60992179
61033026
61072490
61113706
61153594
61198179
61238498
61278242
61322898
60785990
60770009
60769831
60771068
60771219
60770394
60771334
60771329
60770674
60771497
60771360
60770957
60771560
60770429
60770486
60770138
60770538
60771809
60759629
60800613
60839237
60883405
60922696
60963012
61008189
61046685
61087677
61132045
61172077
61212141
61256992
61295340
61340581
60771683
60770780
60770923
60772000
60772185
60772273
60771105
60772277
60772160
60771243
60771265
60772307
60771347
60771353
60772285
60771325
60771449
60772448
60767567
60809165
60847918
60888453
60928960
60969741
61014205
61054190
61094014
61134549
61179341
61217925
61259253
61302709
61343006
60772222
60773147
60771977
60773007
60772527
60773537
60772055
60772315
60773449
60772879
60773260
60773589
60773740
60772719
60773769
60773654
60773007
60773878
60768846
60808848
60845123
60884657
60925107
60967937
61009803
61049411
61090187
61134635
61175843
61214369
61253659
61289860
61331425
60773267
60773482
60774500
60774536
60773895
60774607
60773431
60773244
60773207
60774566
60774637
60773777
60773546
60774800
60774434
60775009
60774684
60773857
60763312
60804123
60842505
60883190
60926139
60967897
61007627
61048144
61092344
61132136
61173216
61213278
61258000
61296904
61338251
60775308
60774255
60775609
60775045
60775753
60774581
60775844
60774823
60775966
60775804
60775119
60775937
60775749
60775093
60775964
60775947
60775276
60775938
60772182
60808787
60852207
60892602
60932943
60972951
61005896
61048528
61089129
61132745
61173609
61217154
61257281
61299313
61344505
60778114
60777997
60777648
60778232
60777208
60777123
60777040
60778424
60778551
60777538
60778588
60778599
60777853
60778676
60777419
60778816
60778576
60777608
60778474
60816376
60855096
60894267
60935841
60977185
61016696
61056440
61097376
61138352
61183056
61221648
61263272
61306456
61347075
60779175
60778040
60779471
60779003
60778791
60778579
60779310
60778963
60779650
60779419
60778928
60779693
60778350
60779819
60779638
60778691
60778598
60779294
60770072
60805342
60842766
60883465
60927471
60966622
61007270
61048254
61088910
61132255
61174638
61213126
61254646
61298087
61336094
60779226
60779320
60780246
60779363
60780415
60779628
60780699
60780600
60780036
60780830
60780497
60780188
60780743
60779711
60779685
60780818
60779889
60781035
60771257
60809238
60849738
60889546
60933235
60972658
61017666
61056434
61100586
61140733
61183890
61227218
61267645
61309858
61354562
60780025
60781629
60780600
60781618
60780355
60781733
60780814
60781789
60781733
60781027
60781966
60781299
60780812
60780716
60780507
60782014
60782157
60781057
60780812
60812496
60853154
60891694
60931166
60971574
61015630
61056462
61097174
61137318
61178321
61221505
61261702
61301582
61346758
60781666
60782348
60781164
60781826
60783087
60781650
60781554
60781332
60782839
60782878
60781783
60782775
60782935
60782990
60782386
60782497
60781815
60783226
60777118
60811158
60850858
60891586
60915474
60947938
60982706
61018794
61062245
61101666
61146258
61189802
61231954
61272041
61317242
61355762
60783515
60783641
60782566
60782582
60783688
60783655
60783126
60783711
60782762
60782816
60782551
60784047
60784302
60783193
60784235
60783028
60784299
60783505
60774435
60814251
60856814
60900639
60940185
60983566
61026663
61067310
61110766
61150638
61194033
61237567
61279489
61321321
61364455
60785542
60785175
60786607
60786595
60786178
60785424
60786791
60786886
60786002
60786985
60786803
60786149
60786918
60785736
60787141
60785706
60787142
60787072
60787212
60823609
60860147
60900643
60940879
60985677
61025364
61066307
61105788
61147034
61191619
61223290
61265891
61305578
61346083
60788011
60786478
60787763
60787632
60787028
60787771
60787722
60787066
60788104
60786799
60786789
60786762
60788109
60788171
60787290
60788273
60788522
60787511
60782263
60816345
60853584
60895585
60934793
60975320
61016027
61059009
61101019
61141984
61181952
61221731
61265656
61302936
61344867
60787717
60787943
60788734
60787595
60789102
60788873
60788050
60787863
60787839
60789164
60789430
60788337
60789387
60789382
60788481
60789448
60789327
60788281
60783274
60817431
60857568
60898158
60941905
60981475
61026449
61064824
61109305
61149032
61192721
61232536
61277377
61316035
61361073
60789777
60789859
60789167
60789974
60788719
60789985
60789991
60789316
60790251
60789049
60789050
60789087
60790291
60789481
60790382
60790239
60789599
60789896
60789284
60824328
60864519
60903633
60946295
60990109
61031023
61070921
61111391
61155096
61199417
61238129
61282991
61323361
61366721
60790827
60790105
60790882
60790761
60789825
60790903
60789959
60789957
60791058
60790047
60790061
60791154
60790357
60791465
60790186
60791410
60791561
60767719
60800784
60840987
60880848
60925468
60964827
61007682
61048781
61092802
61132538
61174746
61218314
61263306
61301826
61345595
60791143
60791113
60792086
60792248
60791593
60792496
60791209
60792400
60791305
60792289
60791337
60791300
60792350
60791382
60791235
60792438
60791742
60792698
60780624
60823851
60863574
60903086
60947046
60986838
61031550
61070478
61110918
61154342
61195525
61237902
61282622
61326502
61365350
60792998
60792434
60793175
60791896
60793327
60792435
60793482
60793319
60792712
60793527
60793361
60792683
60792858
60792206
60792635
60793427
60792577
60792730
60801514
60837702
60873456
60914658
60955058
60995443
61035962
61077002
61120332
61160075
61203219
61243043
61288156
61328331
61366123
60796231
60794999
60796297
60796201
60795284
60795204
60796305
60795388
60795327
60796428
60795417
60795466
60796567
60795513
60795519
60796628
60795660
60795856
60803825
60844785
60884753
60925209
60965329
61006897
61046545
61087377
61128217
61168297
61209273
61254321
61292873
61334553
61374329
60797579
60796468
60797443
60797169
60796292
60797514
60796498
60796402
60796172
60797799
60797776
60796484
60796605
60797792
60796841
60797990
60797807
60775406
60808195
60847900
60888005
60929045
60969683
61010333
61051180
61089605
61127063
61164870
61206975
61245486
61286844
61327436
61368196
60797172
60798362
60797046
60797183
60798646
60797690
60798724
60798601
60797946
60798769
60798664
60797957
60798812
60797367
60799035
60798757
60798045
60799030
60806939
60843323
60880955
60921368
60964869
61008829
61048485
61092752
61132733
61175053
61219445
61263197
61304037
61345797
60798213
60798811
60799470
60799384
60798757
60799750
60798641
60798639
60799681
60798772
60799983
60799793
60798825
60798737
60799830
60798929
60798884
60799867
60798834
60832386
60874014
60905770
60946283
60987013
61029853
61070570
61111418
61154910
61197146
61235610
61277042
61320522
61360906
60799862
60800398
60800572
60800694
60799724
60800766
60800745
60800111
60800846
60800682
60799988
60800854
60800778
60800388
60800957
60799794
60801041
60800924
60798663
60836228
60875907
60918529
60963353
61002908
61047049
61086620
61126396
61171017
61210844
61253225
61294473
61335993
61378329
60801403
60800371
60801481
60801672
60801057
60801765
60801810
60800809
60801859
60800524
60802015
60801804
60800742
60802027
60802112
60801425
60802125
60801980
60806880
60841660
60879749
60919701
60961021
61001605
61042236
61086589
61126397
61166509
61207581
61250837
61290989
61331525
61376005
60801227
60801288
60801136
60801654
60802770
60801745
60801679
60802917
60802116
60803040
60802976
60802428
60803214
60803191
60802113
60803203
60803154
60779504
60813476
60847492
60887244
60931348
60971196
61014260
61055020
61095740
61139140
61182532
61222628
61267204
61309652
61349851
60818608
60802474
60803037
60802441
60803919
60803692
60802945
60803864
60803896
60803068
60803960
60802786
60803121
60804007
60802948
60802943
60804044
60803119
60789656
60825132
60864852
60906630
60949406
60988729
61029593
61073678
61113254
61154521
61199086
61237793
61282598
61321094
61364982
60807132
60806460
60806935
60805678
60807343
60807103
60806151
60806194
60807266
60806239
60806253
60807303
60806327
60806282
60807281
60806439
60807583
60807479
60806414
60840035
60877873
60915992
60957579
60997234
61041218
61081063
61121423
61162649
61203681
61247005
61288469
61327029
61372382
60807776
60807351
60807997
60806980
60808235
60807245
60807238
60808535
60807565
60808556
60808602
60807952
60808698
60808612
60807964
60808152
60807411
60808851
60801742
60840101
60876491
60920573
60958605
60999310
61038941
61079517
61120093
61163597
61205982
61244793
61286133
61329326
61369933
60808509
60809022
60808102
60809338
60808862
60809328
60808420
60809656
60808607
60809882
60809566
60809010
60809863
60809951
60808895
60809796
60809618
60808918
60802539
60838049
60878759
60915968
60956205
60997061
61037373
61081838
61122621
61155725
61196502
61236357
61277685
61321141
61362741
60809390
60809632
60810304
60810241
60809291
60810377
60809029
60809589
60810386
60809332
60809346
60809340
60809528
60810678
60809999
60810945
60811130
60810212
60803645
60838609
60876010
60914273
60954970
60995282
61039562
61080338
61121114
61162122
61202322
61241930
61286850
61325778
61366849
60810224
60810718
60811755
60811399
60811192
60810309
60811830
60811578
60811202
60811765
60810792
60810680
60810442
60812013
60812041
60810986
60810805
60812129
60802327
60837360
60875203
60910328
60951427
60995384
61036032
61075880
61116456
61160993
61201193
61240603
61285656
61324376
61369352
60811239
60811547
60811128
60812645
60812677
60811961
60812725
60812690
60811804
60812296
60811419
60812961
60812852
60811790
60811745
60812846
60811827
60811731
60803252
60844455
60884133
60925066
60965530
61005953
61045831
61086423
61130610
61171585
61211447
61253771
61295095
61335047
61380208
60813417
60812370
60813578
60812577
60813526
60813723
60813866
60813008
60814310
60813110
60813974
60812992
60812942
60813984
60814279
60813266
60814292
60814212
60802172
60840988
60875243
60916553
60955899
60996403
61037267
61077971
61122163
61163323
61203531
61243139
61287995
61326915
61368251
60813751
60813844
60813534
60814914
60814742
60814918
60813923
60815101
60813865
60815200
60814347
60815133
60813993
60815158
60815070
60814459
60815432
60813979
60797557
60831675
60872659
60912516
60953540
60994100
61034692
61074284
61115100
61156116
61195942
61236915
61282028
61320604
61361987
60814671
60814906
60815834
60815986
60816181
60815190
60814913
60816160
60815025
60816288
60815275
60816373
60816229
60818297
60818938
60818809
60818089
60818830
60800295
60840029
60876421
60912640
60957361
60996697
61037225
61078060
61122524
61162252
61205708
61245772
61290596
61329420
61374276
60834752
60818613
60819346
60818401
60818399
60819661
60818556
60819856
60818921
60819826
60819705
60818886
60819775
60818564
60819073
60819849
60818897
60818873
60809292
60841159
60878801
60922655
60962116
61005121
61045478
61089843
61129658
61173980
61214212
61253790
61298739
61337403
61382393
60819665
60819927
60820507
60820547
60819568
60820668
60819368
60820947
60820605
60819688
60819694
60820048
60821111
60819795
60821095
60820520
60821028
60820877
60810355
60848003
60884211
60924947
60968507
61008363
61048795
61093019
61132635
61173601
61214862
61254581
61299710
61338307
61379859
60821221
60821501
60820556
60820481
60821727
60821836
60821781
60821062
60821984
60821761
60821185
60821833
60820865
60820879
60821988
60820961
60821034
60820846
60817173
60854652
60896207
60936488
60976878
61016158
61057750
61097858
61131645
61172392
61213722
61257124
61297137
61340513
61380745
60822959
60821662
60822785
60822686
60822148
60822872
60822743
60821946
60822947
60821663
60822100
60822935
60821975
60823267
60822481
60823136
60821993
60823264
60814860
60850029
60889828
60930517
60970012
61010118
61054348
61095196
61134919
61179332
61219332
61259335
61304044
61342839
61387884
60822911
60823625
60822325
60823842
60823696
60822971
60824007
60822787
60824062
60824095
60823176
60824116
60824250
60823272
60824314
60824199
60823608
60824562
60824205
60859876
60899705
60930412
60963772
61000996
61036884
61076692
61117260
61158220
61200860
61245108
61288932
61331149
61369004
61409076
60824821
60823598
60824975
60823933
60824915
60824904
60824225
60825099
60824919
60824199
60825565
60824278
60824080
60825020
60824159
60825406
60824604
60804408
60844426
60887564
60926847
60967393
61011478
61051244
61091621
61134845
61175730
61216933
61260114
61300466
61340335
61385466
60826400
60824709
60826034
60826278
60825330
60826415
60826200
60825765
60826296
60825208
60826397
60826462
60826592
60826473
60825810
60826625
60826488
60825840
60821616
60861845
60905098
60945338
60985386
61026168
61070330
61109802
61153186
61192986
61237786
61276570
61321354
61361861
61403882
60825780
60826690
60825653
60825929
60826227
60827392
60825931
60827257
60826384
60827410
60826187
60827399
60826672
60827426
60826496
60827527
60826667
60827540
60833230
60872063
60915381
60954583
60995693
61036355
61077283
61121588
61162683
61201539
61242499
61287355
61327171
61367819
61408531
60827226
60827969
60826728
60828138
60828040
60826972
60828273
60827544
60827005
60827221
60828561
60827599
60828633
60828561
60827804
60828670
60829007
60805989
60842278
60885718
60924398
60965302
61008286
61049006
61092222
61135062
61176158
61220958
61261950
61303374
61345382
61386870
60828038
60827533
60827811
60829194
60828318
60829381
60829196
60829385
60832188
60831118
60831175
60832268
60831249
60831161
60832364
60832422
60832560
60831809
60827304
60871213
60909909
60950440
60994997
61034149
61075405
61115837
61155717
61197149
61237877
61277645
61322621
61361333
61403104
60832113
60833007
60832395
60833159
60832963
60832331
60833204
60833543
60833295
60832428
60832239
60833528
60832668
60833761
60833014
60832686
60833637
60833559
60843830
60885991
60924910
60969415
61008750
61051721
61092526
61133374
61174321
61217719
61257854
61299134
61342351
61382718
60849034
60833205
60834224
60833955
60833530
60834374
60833024
60834291
60834195
60833235
60834293
60834342
60833280
60833294
60834454
60833588
60833500
60834499
60834743
60876693
60917768
60958339
60998233
61038952
61079803
61124009
61162937
61203761
61248281
61287007
61328634
61373463
61412441
60835108
60834088
60835364
60835426
60834524
60835331
60835188
60835546
60834081
60834266
60835512
60834518
60835366
60834406
60834420
60835462
60834545
60834851
60850405
60889550
60932734
60972798
61016824
61056617
61097225
61141369
61181107
61225913
61265737
61306265
61345916
61389580
60835180
60835198
60836193
60835083
60836370
60835701
60836618
60836446
60835781
60836510
60835566
60836718
60836469
60835705
60835552
60836559
60835650
60836929
60829721
60869321
60912910
60951878
60992265
61037206
61078046
61117017
61157593
61201982
61242030
61281913
61326702
61365201
61406936
60835902
60837256
60836185
60836141
60837451
60836510
60837544
60836278
60836276
60836062
60837646
60837492
60836726
60837840
60837771
60836822
60837856
60837835
60847083
60890276
60929195
60973627
61013139
61056083
61100371
61139915
61183275
61227947
61266667
61310275
61353660
61394187
60838312
60837309
60838326
60838174
60837693
60838551
60838197
60837651
60838487
60838419
60837899
60838591
60838456
60837741
60838106
60837344
60837819
60838675
60838705
60881152
60920991
60961371
61002448
61042811
61087298
61127894
61167915
61208955
61249155
61288835
61333611
61375227
61413811
60839197
60839195
60838344
60839487
60838053
60839519
60838549
60839481
60839527
60838885
60839636
60839523
60838883
60839079
60838440
60839888
60839581
60838723
60846646
60889910
60928870
60973409
61013087
61053505
61097409
61137385
61181849
61220304
61264028
61306609
61345057
61386604
60855395
60839542
60838947
60840666
60840465
60840515
60839440
60840698
60840408
60840635
60839416
60840802
60839689
60840925
60840131
60840850
60839734
60841074
60817122
60854422
60894809
60934441
60977777
61019657
61060185
61099641
61140769
61181537
61221281
61262529
61303977
61347353
61388001
60840231
60840391
60841215
60840311
60840274
60841506
60840508
60840479
60841470
60840569
60840575
60841727
60840700
60840765
60841705
60840654
60841981
60840601
60841842
60885032
60925066
60964541
61009126
61048867
61089505
61130353
61170551
61210927
61252289
61294473
61336928
61377168
61417432
60842353
60841731
60842403
60841505
60842530
60841924
60842680
60841620
60842912
60842110
60842781
60841850
60843040
60841998
60842973
60843035
60842385
60843128
60845415
60888582
60928599
60967807
61009103
61049487
61090335
61134767
61175679
61215559
61255415
61295887
61340287
61380567
61420471
60843567
60842658
60843522
60843580
60843177
60843585
60842591
60843853
60843757
60842797
60842712
60842687
60842816
60847460
60846631
60847502
60847517
60824800
60861273
60903679
60943471
60984368
61028553
61069083
61109909
61149725
61190621
61233883
61274043
61315422
61358635
61398886
60846808
60846884
60847682
60846808
60848054
60847783
60847056
60846866
60848026
60847109
60847064
60848114
60847197
60847058
60846975
60847124
60848368
60847836
60845859
60885884
60927911
60968358
61009510
61052542
61096846
61136750
61176457
61220750
61261022
61305662
61344518
61385926
61429174
60848337
60848735
60848100
60848983
60848016
60849094
60848049
60849056
60849003
60848017
60849277
60848649
60847910
60849553
60849399
60848750
60849348
60849283
60859696
60898118
60941752
60981810
61025834
61065514
61105938
61146938
61191298
61230354
61274811
61314794
61358315
61398698
60864948
60849056
60849950
60848579
60850014
60849226
60850297
60849125
60849090
60848886
60850411
60849233
60850359
60849769
60850437
60849625
60850610
60849838
60829231
60869106
60909127
60949180
60989617
61033761
61073241
61114169
61158410
61198145
61239372
61282721
61323033
61365089
61410130
60850874
60849982
60850970
60850892
60850324
60851233
60849673
60850225
60851162
60850143
60850098
60851199
60850290
60850347
60851295
60850343
60850400
60851340
60851268
60891326
60931181
60971565
61016198
61056766
61096317
61137445
61177053
61218085
61261582
61302557
61343950
61384245
61424245
60851689
60852023
60851097
60851927
60850890
60852142
60851717
60852224
60851232
60851305
60852304
60851387
60851385
60852282
60851322
60852431
60852429
60851469
60860509
60900308
60938981
60979565
61023998
61063437
61104485
61148830
61188598
61228525
61273141
61313197
61356646
61398197
61436805
60852825
60851597
60853098
60852238
60853255
60853185
60853165
60852603
60853129
60853340
60853376
60852670
60853571
60853391
60852311
60852564
60852316
60853715
60862723
60905966
60945100
60989544
61028957
61069420
61112717
61153637
61196861
61240253
61280317
61321541
61363973
61408893
60853214
60853696
60854200
60854033
60853176
60854140
60853217
60854343
60853715
60854413
60853404
60854567
60854065
60854653
60854073
60854821
60853990
60854983
60838314
60879101
60918813
60958622
60998685
61042709
61082125
61122965
61163701
61208317
61248109
61291573
61332093
61371437
61416389
60854177
60854935
60853984
60855177
60854522
60855447
60855377
60854664
60854809
60854243
60855669
60855472
60854496
60854451
60854221
60855872
60855820
60854952
Peak: 62108951
Average: 59291064.170128025
