0
216635
258322
258354
258387
259521
259553
259585
259617
259713
259746
259777
259810
259842
259874
259907
259938
260034
260066
260099
260130
260162
260226
260410
260290
260538
260418
260450
260634
260666
260489
260730
260611
260708
260739
260771
260803
260835
260867
263217
260931
261210
261091
261123
261155
261188
261219
261251
261283
261315
261348
261379
261411
261539
261571
261603
261635
261667
261699
261731
261763
261795
261978
261859
264209
262019
262051
262083
262115
262147
262179
262211
262243
262275
262307
262339
262372
262531
262564
262595
262628
262659
262691
262723
262755
262787
262819
262852
262883
262916
262947
262979
263011
263171
263203
263235
263267
263299
263331
263363
263395
263428
263459
263491
263523
263555
263587
263619
263651
263843
263875
263907
263939
263971
264003
264035
264067
264099
264131
264163
264195
264227
264259
264291
264323
264355
264387
264420
264451
264643
264675
264707
264739
264771
264803
264835
265018
264899
264931
264963
264995
265027
265060
265091
265124
265155
265187
265219
265251
265475
265507
265539
265571
265603
265635
265667
265699
265731
265763
265795
265827
265859
265891
265923
266106
265987
266019
266051
266083
266115
266147
266179
266211
266467
266650
266532
266564
266596
266628
266659
266691
266723
266906
266787
266819
266851
266883
266915
267098
266979
267011
267043
269393
267107
267081
267322
267354
267235
267418
267450
269649
267537
267651
270001
270033
267665
270097
267811
267843
267817
267825
267939
267913
267945
267977
268009
268098
268131
268163
268195
268227
268259
268291
268323
268355
268387
268420
268451
268483
268515
268547
268579
268611
268931
268963
268995
269027
269059
269091
118952
Peak: 273942
Average: 262362.62083333335
