0
289139
417457
418459
418340
418537
418569
418600
418633
418728
418762
418945
418825
418858
418890
418922
418955
419050
419081
419114
419146
419178
419210
419242
419274
419371
419402
419434
419466
419498
419530
419562
419594
419690
419722
419754
419786
419818
419850
419883
419914
420042
420074
420106
420138
420170
420202
420234
420266
420297
420330
420362
420394
420522
420554
420586
420619
420650
420682
420713
420746
420778
420810
420842
420874
421002
421034
421065
421098
421130
421162
421194
421226
421258
421290
421322
421354
421513
421547
421578
421610
421642
421674
421706
421738
421770
421802
421834
421866
421898
421930
421962
421994
422154
422186
422219
422250
422282
422315
422346
422378
422410
422442
422474
422507
422538
422570
422602
422634
422826
422859
422890
422922
422954
422986
423019
423050
423082
423114
423146
423178
423210
423160
423274
423306
423338
423370
423402
423434
423626
423658
423690
423722
423755
423786
423819
423850
423882
423914
423946
423978
424010
424043
424074
424106
424138
424170
424203
424234
424458
424490
424522
424554
424586
424619
424650
424833
424714
424746
424929
424810
424842
424874
424906
424938
424971
425002
425034
425066
425098
425129
425162
425194
425450
425482
425514
425546
425578
425761
425642
425675
425706
425739
425770
425802
425833
425866
425898
425930
425962
425994
426026
426058
426090
426122
426154
426186
426218
426250
426282
426314
426602
426634
426666
426697
426730
426762
426793
426826
426858
426890
426922
426954
426986
427018
427050
427082
427114
427146
427178
427210
427242
427274
427306
427339
427370
427403
427433
427617
427498
427530
427562
427594
427914
427946
427978
428161
428042
428225
428105
428138
428170
428202
428234
428267
428299
428329
428362
428394
428426
428458
428490
428440
428554
428586
428769
428650
428682
428714
428746
428696
432424
428842
428874
428906
428856
428970
429002
429034
429386
429418
429451
429482
429514
429546
429578
429610
429642
429592
429706
429680
429921
429802
429834
429866
429898
429930
429962
429912
430026
430058
430090
430122
430154
430186
430218
430251
430282
430314
430346
430378
430410
430442
430474
430506
430538
430570
430602
430634
431169
431050
431082
431114
431146
431179
431210
431242
431274
431306
431339
431370
431402
431434
431466
431498
431530
431562
431594
431626
431658
431690
431722
431754
431786
431818
431849
431800
431914
435560
431977
432010
432042
432074
432106
432138
432170
432202
432233
432266
432298
432330
432362
432394
432810
432842
432874
432906
432938
432970
433002
433034
433066
433249
433130
433162
433194
433377
433409
433290
433322
433354
433385
433418
433450
433482
433514
433546
433578
433610
433642
433674
433706
433737
433770
433802
433834
433866
433898
433930
433962
433994
434026
434058
434090
434122
434154
434186
434219
434250
434281
434314
434794
434826
434858
434890
434922
434954
434986
434936
434968
435000
435114
435146
435096
435210
435242
435216
435306
435338
435312
435402
435376
435466
435440
435530
435562
435594
435625
435658
435690
435722
435754
435786
435818
435851
435881
435914
435946
435978
436010
436042
436074
436106
436139
436170
436202
436234
436266
436298
436330
436362
436394
436426
436458
436490
436522
436554
437016
437130
437162
437194
437226
437258
437290
437322
437505
437386
437418
437450
437483
437515
437546
437578
437610
437642
437674
437706
437739
437770
437801
437834
437866
437898
437848
437962
437994
438026
438058
438090
438122
438154
438186
438218
438250
438282
438314
438346
438378
438410
438442
438474
438506
438538
438570
438603
438634
438666
438698
438730
438762
438794
438826
438858
438890
438922
438954
438986
439018
439050
439082
439114
439873
443368
439786
439818
439768
439882
439856
439888
439978
440010
440042
440074
443720
440289
440088
440353
440385
440208
440297
440272
440304
440545
440577
440609
440432
440522
440705
440528
440769
440649
440624
440656
440897
440720
440961
440784
440816
440848
440880
440912
440944
441185
441217
441099
441281
441313
441112
441377
441409
441441
441473
441355
441537
441569
441601
441424
441665
441697
441579
441610
441793
441675
441857
441889
441921
441953
441985
442017
442049
441931
441963
441995
442667
442699
442731
442763
442795
442826
442859
442891
442923
442954
442987
443019
443051
443083
443115
443147
443179
443210
443243
443275
443307
443339
443371
443403
443435
443467
443499
443530
443563
443594
443627
443658
443691
443723
443755
443787
443819
443851
443883
443915
443947
443978
444010
444043
444075
444107
444139
444171
444203
444235
444267
444299
444330
444364
444395
444427
444459
444491
444523
444555
444588
444619
444650
444833
444865
444897
444929
444811
444844
445025
445057
445089
445121
445003
445185
445008
445099
445281
445163
445345
446081
445962
446145
446177
446000
446032
446273
446305
446337
446369
446401
446282
446465
446497
446529
446411
446384
446625
446448
446689
446570
446753
446635
446608
446849
446672
446764
446794
446977
447009
447041
447073
447105
447137
447169
447201
447233
447032
447297
447329
447361
447393
447425
447457
447280
447370
447553
447585
447617
447649
447472
447713
447594
447777
447809
447691
447873
447755
447728
447969
448001
448033
448065
447947
447979
448011
448043
448075
448107
448138
448171
448203
448235
448267
448299
448331
448363
448395
448427
448459
448491
448523
448555
448587
448619
448651
448683
448715
449547
449578
449611
449643
449674
449707
449739
449771
449803
449835
449867
449899
449931
449963
449995
450027
450059
450090
450123
450155
450187
450218
450251
450282
450315
450347
450378
450411
450443
450475
450507
450539
450571
450603
450635
450666
450699
450731
450763
450795
450827
450859
450891
450923
450955
450987
451019
451051
451083
451114
451147
451179
451211
451243
451275
451306
451339
451372
451402
451435
451467
451499
451530
451563
451595
451627
451659
451691
451723
451755
451787
451819
451851
451882
451915
451947
451978
452010
452043
452074
452107
452139
452170
452203
452235
452184
452299
452331
452363
452394
452427
452459
452491
452522
452555
452586
452619
452650
452683
452714
453643
453675
453707
453739
453771
453803
453835
453867
453899
453931
453963
453995
454026
454058
454091
454123
454155
454187
454219
454251
454283
454315
454347
454379
454411
454443
454475
454507
454539
454571
454603
454634
454667
454699
454731
454763
454795
454827
454859
454891
454923
454896
454928
454960
454992
455024
455032
454735
Peak: 458784
Average: 436143.4081408141
