0
142926
435939
889226
1216428
1675913
2415566
2825507
3115961
3639055
3922892
4408015
5275227
5452312
5794519
6251935
6740262
7186115
7423141
8021404
8392922
8803440
9077102
9401507
9638215
9973906
10737200
11071172
11674232
12479786
12793255
13091844
13597605
14130685
14625274
15172994
15703174
16043140
16359844
16581022
16714346
16779186
17124491
17291798
17580640
17967508
18118531
18349554
19641495
19462085
19639146
19749468
19749700
19984336
20170764
20396303
20680251
21022978
21420513
22017028
22492474
23222340
23464189
23783837
24165381
24471277
24595524
24738600
24957768
25173805
25479345
25884305
26189474
26688783
27065706
27670178
28358642
29238480
29880940
29978217
29983769
29987193
30001194
30008654
30033542
30654302
31275577
31543151
31862518
32024845
32330531
32408350
32491255
32552378
32652755
32685795
33009579
33275674
33731882
34011224
34042077
34403842
34618060
34699721
34745461
34716643
34799011
35107932
35262670
35834979
35926622
36334423
36810760
36881753
37136763
37825885
38041932
38436555
38436554
38436467
38436435
38299154
38750456
38949616
39132399
39199835
43175616
43258730
43470946
43544330
44142286
44218867
44265479
44314994
44372167
44432660
44490479
44542432
44575963
44618619
44683634
44747183
44962751
45053497
45233336
45577882
45694329
45911733
46230244
46754145
46908993
46941683
47139321
47229173
47302459
47519038
47601295
47723491
48049481
48182894
48420528
48624500
48703063
48856434
49538606
49451540
49587796
49665723
49688763
49967076
50096217
50257178
50396414
50420718
50444670
50468350
50493321
50569262
50600461
50781124
50824117
50945585
51130818
51457006
51493051
51629658
51977140
52286665
52549773
52812991
53001884
53443763
53892786
54386789
54591406
54662496
54744985
54735331
54792602
54935018
55073467
55118089
55260810
55171091
55636961
55906961
56020120
56107700
56521409
56983340
57045603
57462784
57535051
59127607
57794713
58069442
58175294
58281733
58390914
58640794
58516368
58618898
58744127
59134780
59818299
59938899
60023027
60090251
60149467
60203350
60354848
60401264
61220702
60845769
60989102
61007391
60800536
60802221
60807263
60806837
60809674
60811646
60812980
60814505
60814694
60817940
60818459
60821451
60825450
60826909
60826258
60828847
60829802
60830530
60830558
60833316
60834494
60833394
60834068
60835683
60837406
60836252
60837864
60839423
60838495
60840321
60841621
60840969
60843153
60844799
60843767
60845464
60850157
60850225
60851954
60851342
60851202
60853905
60853472
60852980
60855724
60856409
60854985
60857665
60858092
60857002
60859264
60858610
60859568
60858759
60858589
60859485
60861241
60862223
60862848
60861252
60863729
60867013
60867700
60866398
60867079
60869899
60868435
60871278
60871970
60870392
60873053
60872862
60874324
60874603
60875239
60876195
60876036
60876135
60877172
60876701
60875956
60878349
60878824
60877868
60879672
60882434
60883720
60882091
60884677
60884181
60883445
60886305
60886711
60884785
60887193
60888144
60886680
60889634
60889393
60889932
60888660
60890911
60890902
60892211
60891017
60893598
60892427
60893731
60894184
60892490
60898764
60898196
60897461
60896616
60899166
60898916
60899937
60899290
60898980
60899381
60901637
60902022
60902519
60901206
60904330
60903524
60903290
60904253
60902660
60905007
60903561
60906134
60907671
60906869
60906962
60910856
60912846
60911661
60910230
60912541
60911629
60911122
60913498
60912081
60914392
60916124
60914955
60917190
60915804
60915913
60916537
60915689
60917273
60916041
60915934
60918199
60916915
60919382
60918984
60919875
60920869
60923323
60923581
60923941
60922730
60926986
60925380
60925160
60926225
60926638
60926875
60925585
60929892
60926321
60926374
60926616
60931286
60929327
60927960
60930111
60930221
60930683
60929481
60934178
60930436
60933012
60933500
60938060
60934338
60938754
60936420
60939687
60937218
60937180
60937978
60937774
60937017
60937433
60942540
60940092
60939867
60940825
60944590
60941492
60941413
60942225
60945398
60941950
60942628
60943679
60946609
60947055
60945721
60947789
60946558
60948682
60948322
60949604
60949466
60950394
60950496
60951570
60951326
60952196
60951020
60952908
60951835
60953602
60952340
60952196
60954571
60958843
60955267
60955139
60956231
60956395
60959457
60958219
60960100
60959099
60960764
60959567
60960393
60960051
60965993
60963302
60967443
60963480
60967922
60962221
60962487
60964644
60969281
60965595
60964102
60966229
60966082
60967017
60967385
60967689
60967963
60971041
60970435
60969541
60970207
60970216
60972322
60977020
60972256
60971688
60973923
60979051
60973628
60974925
60973612
60975667
60975906
60976256
60974705
60977060
60977350
60977724
60977279
60978455
60977887
60979620
60978226
60983101
60982860
60984044
60983776
60984973
60985089
60985637
60985345
60984552
60986529
60985696
60987220
60985958
60988085
60986700
60986556
60988866
60994493
60989493
60990193
60990408
60990847
60989397
60989253
60991192
60992055
60993029
60995588
60995352
60995896
61001833
60994988
61002198
60997289
61002982
60998065
61004228
60998863
60998493
60999711
60999337
61000351
61000416
61000964
61001275
61001676
61001986
61002346
61002408
61002986
61002027
61006311
61004875
61004717
61006939
61013684
61007788
61006217
61008599
61008315
61009359
61008415
61010067
61008940
61010707
61009925
61011373
61010060
61010098
61012341
61013542
61013298
61014172
61013888
61014860
61015215
61015661
61018570
61018930
61025581
61019683
61026481
61019534
61018905
61021153
61019498
61021982
61021591
61022587
61029472
61023296
61030017
61023932
61022426
61024469
61025169
61024601
61023990
61024550
61024624
61025097
61025199
61028403
61037244
61030980
61038143
61031617
61039180
61032497
61039959
61033171
61031535
61033866
61033800
61034656
61034923
61035348
61034373
61036073
61036138
61036563
61035722
61035472
61036672
61037931
61045207
61036740
61038789
61041130
61041866
61042593
61042658
61041841
61041652
61041875
61042817
61043073
61051920
61043352
61045329
61045565
61045969
61044903
61046676
61045549
61047214
61046820
61048049
61047768
61048572
61048929
61049868
61049553
61050532
61052966
61053884
61053620
61054555
61054298
61055291
61053231
61053969
61054191
61054759
61064535
61057141
61065528
61057709
61057189
61056917
61056536
61057611
61057713
61058161
61058353
61060207
61060853
61061430
61061720
61060475
61062551
61073900
61065413
61074535
61066460
61075359
61066833
61067458
61076255
61068092
61068595
61068170
61069163
61069008
61069881
61069555
61070449
61079296
61069134
61080188
61071483
61080647
61072174
61081428
61072763
61082085
61074385
61085492
61076871
61086132
61076972
61078190
61077673
61078990
61077924
61079610
61078926
61080315
61079622
61080833
61080102
61081613
61080708
61082335
61081393
61081017
61082084
61083608
61083098
61084197
61084463
61084837
61087781
61088162
61088284
61088832
61088551
61089373
61090014
61090902
61090539
61089212
61089618
61090144
61090485
61091049
61091049
61091555
61091803
61092344
61094630
61092843
61094439
61105454
61095683
61106062
61096398
61106561
61100620
61110215
61100420
61110868
61100982
61111191
61101622
61112186
61103258
61112687
61103335
61103766
61103479
61103283
61114960
61104687
61115224
61105378
61116149
61106042
61104552
61104919
61105165
61105757
61105768
61106374
61108836
61109921
61110134
61111323
61112647
61112414
61113242
61112883
61113992
61113621
61114437
61112842
61115087
61113444
61115828
61116253
61116399
61116770
61116420
61117424
61128784
61118074
61129232
61118474
61129901
61119087
61133245
61122442
61133792
61123381
61123772
61122272
61124415
61135611
61123896
61125379
61124429
61126115
61136730
61127002
61137834
61125218
61125510
61126868
61128156
61128337
61128769
61128395
61129385
61127708
61130045
61142061
61133455
61144927
61133210
61133620
61135468
61135797
61134631
61136533
61136183
61137125
61149111
61137562
61149415
61139106
61150021
61137247
61137247
61137941
61137962
61138695
61140720
61141102
61140040
61153458
61140154
61140226
61143479
61143479
61144143
61144295
61145266
61146880
61147119
61147646
61147461
61148310
61148197
61149046
61147082
61149443
61161781
61149874
61162615
61150514
61163282
61149517
61150594
61150874
61152371
61152258
61153086
61152850
61155267
61168747
61156674
61169921
61155578
61155910
61156458
61156208
61157293
61157750
61158750
61159886
61172550
61158725
61158862
61159581
61161247
61174119
61161702
61174941
61160870
61163015
61162706
61163682
61162029
61164236
61165435
61167656
61180781
61168886
61166580
61167091
61167207
61167878
61168291
61170265
61170516
61170364
61171152
61169557
61171676
61185691
61173092
61170819
61171487
61171468
61172151
61171730
61174534
61174720
61174959
61175381
61177620
61178493
61176912
61179208
61177627
61179923
61178407
61180419
61194364
61179314
61182654
61182355
61182331
61196765
61181821
61182932
61183460
61184671
61184996
61185493
61185136
61184185
61186429
61186271
61187438
61202156
61188265
61205235
61190036
61190336
61191477
61192765
61208643
61194590
61209327
61194004
61194739
61195213
61195510
61196164
61198310
61198677
61199276
61199614
61200062
61197660
61199302
61200449
61200663
61200728
61200185
61200914
61200497
61203747
61218182
61203897
61218137
61204540
61218217
61203864
61218360
61202181
61218086
61202426
61202423
61203055
61204415
61203629
61203721
61218312
61204837
61202940
61203858
61204275
61218559
61202295
61203282
61202876
61204638
61203850
61204811
61204919
61204899
61202885
61204089
61204964
61204918
61205152
61203064
61204943
61219178
61204801
61218989
61203239
61202999
61203690
61205486
61205320
61205481
61204785
61205753
61203512
61205609
61220152
61205501
61203798
61203901
61203891
61204711
61203859
61205856
61205959
61205283
61205999
61205250
61205761
61203857
61205801
61220344
61205906
61220124
61205734
61220339
61204982
61206213
61220265
61204270
61205495
61203874
61205869
61203938
61205984
61220376
61205767
61220239
61204071
61204325
61204927
61207274
61221353
61207204
61221489
61205481
61207653
61205492
61207436
61221986
61207291
61221715
61205547
61205358
61205899
61207821
61206927
61207837
61222206
61206203
61205950
61206640
61207956
61207859
61207969
61207499
61207677
61206336
61208139
61208153
61206006
61207025
61222363
61208696
61222093
61207947
61221920
61206350
61206107
61206555
61206409
61207078
61208271
61207882
61208386
61222946
61208204
61222631
61206751
61206714
61208228
61208627
61208061
61207571
61223019
61209309
61208691
61207517
61208995
61207190
61208182
61223443
61209157
61207417
61207718
61207523
61208429
61207703
61209657
61209630
61209324
61209646
61206810
61207462
61207330
61208143
61209529
61209353
61209514
61208921
61209441
61207288
61209365
61223491
61209291
61223565
61207544
61208422
61208448
61209681
61209737
61209751
61209107
61209764
61207638
61209633
61224190
61208184
61208024
61209834
61209950
61209312
61209939
61207875
61209955
61224287
61208125
61207954
61210053
61210139
61208126
61210260
61224277
61210040
61224481
61208536
61208757
61210364
61210321
61209974
61210313
61209771
61210414
61209814
61210441
61208261
61210395
61225027
61211154
61224408
61208979
61208610
61209149
61210571
61210005
61210491
61224397
61208706
61210327
61210616
61209892
61210361
61210722
61224880
61209757
61211950
61226381
61211802
61226346
61210427
61211009
61211264
61212126
61211341
61210351
61211670
61211964
61212125
61210037
61212144
61226574
61210331
61210057
61211507
61212447
61210321
61212394
61210401
61212449
61212610
61211777
61212632
61226625
61212310
61210580
61210806
61210933
61211793
61212795
61226684
61212689
61212679
61226885
61212520
61210763
61212291
61212661
61210624
61211715
61212966
61210864
61212118
61227350
61211056
61211008
61211378
61213142
61213164
61213199
61227424
61213349
61227317
61211419
61211331
61213101
61213289
61227675
61213024
61227234
61211445
61211328
61211776
61213615
61212291
61213577
61212840
61213258
61227808
61211610
61211643
61228051
61212093
61213881
61212181
61213798
61211618
61213605
61213969
61212737
61214108
61212115
61214509
61227706
61213081
61214076
61212472
61213945
61213259
61213499
61213572
61213063
61213772
61227859
61212202
61214000
61213924
61213941
61212797
61213897
61214013
61228468
61214850
61228202
61212487
61212522
61214332
61214360
61228722
61214105
61228401
61212782
61214711
61214467
61214505
61212491
61214531
61228855
61212592
61212472
61212937
61214657
61214566
61214652
61212625
61214620
61228924
61212883
61212462
61213451
61214780
61214262
61214762
61228998
61212908
61212910
61214932
61214510
61215023
61228971
61214588
61214934
61228883
61213348
61213441
61215199
61215183
61229657
61215733
61228941
61213598
61215278
61215320
61215283
61229206
61214322
61216870
61231174
61217338
61230591
61215098
61216763
61231026
61216797
61216907
61231023
61216591
61231363
61215285
61216992
61216563
61214733
61216637
61216280
61216895
61230942
61216753
61230814
61215270
61217301
61217108
61217167
61215167
61217028
61231017
61215617
61217306
61215555
61217346
61215145
61216958
61231270
61215598
61217338
61217118
61217255
61231195
61215662
61217426
61216665
61216408
61231374
61215767
61217579
61215501
61217263
61231267
61216345
61217578
61217012
61217580
61215559
61215994
61217680
61217021
61216859
61231938
61215719
61215759
61216585
61217794
61217126
61217714
61231846
61215782
61216297
61216958
61218254
61217846
61218037
61216038
61218006
61232587
61216114
61217934
61232573
61216505
61218242
61216638
61218213
61232549
61218065
61232365
61216681
61216740
61216419
61219187
61232460
61216961
61216787
61218628
61218700
61233100
61218384
61218056
61232784
61218238
61218776
61217175
61218696
61232695
61216832
61217604
61217637
61218877
61216993
61218687
61216845
61217231
61217167
61218970
61219032
61218244
61218976
61233475
61217194
61219021
61217775
61219102
61217102
61219046
61216701
61219128
61219053
61233426
61217522
61219406
61218837
61219281
61233320
61217661
61219401
61218828
61219270
61233245
61217674
61217514
61219338
61219451
61233874
61220151
61233367
61218003
61219627
61219127
61219421
61233872
61217883
61219596
61218108
61219660
61233652
61217789
61217835
61219536
61218676
61233603
61218604
61219738
61217752
61218584
61233708
61218068
61219850
61233774
61218383
61220315
61219996
61220010
61234519
61219916
61234150
61218580
61220351
61219779
61220223
61236207
61221009
61221668
61236208
61219920
61219595
61222052
61222080
61236415
61221986
61235904
61222280
61222253
61236163
61220643
61222407
61220319
61222619
61236288
61220796
61222516
61222334
61221685
61222677
61222464
61222631
61236689
61220563
61221529
61222419
61222583
61236959
61222291
61220715
61222657
61222575
61220807
61221177
61222873
61237218
61222550
61220868
61222054
61222991
61222343
61222881
61237164
61221490
61223114
61237248
61221401
61223285
61222949
61223250
61237316
61221626
61221443
61223085
61223434
61237639
61221673
61223509
61221407
61223128
61221487
61222571
61223583
61221621
61223551
61237515
61221918
61223695
61223144
61222745
61237455
61223769
61223578
61237817
61221793
61223800
61223153
61223655
61237774
61221888
61223847
61237224
61222132
61223551
61222332
61223221
61223660
61221510
61223269
61237449
61222272
61223710
61223000
61222675
61221712
61222448
61223897
61223403
61223718
61224143
61238427
61222397
61224291
61223797
61224139
61237916
61222594
61224352
61222181
61223967
61223221
61223178
61224320
61238829
61222661
61224320
61222395
61224103
61223258
61224250
61224483
61238512
61222335
61222651
61224152
61224650
61239063
61224293
61224756
61222770
61224427
61222902
61223870
61224903
61224145
61224874
61238950
61223758
61224964
61223070
61224702
61222972
61224094
61225044
61239324
61223260
61225072
61224585
61224989
61239030
61223300
61225331
61225162
61225121
61225301
61239352
61224494
61225492
61223376
61225173
61224403
61225296
61225388
61239809
61223432
61224106
61222997
61224200
61225315
61223308
61225118
61224120
61225259
61225273
61239302
61223710
61225348
61224563
61225915
61224214
61225555
61225361
61239459
61223812
61225747
61223539
61225287
61223479
61224338
61225640
61239728
61223660
61225790
61225215
61225714
61223552
61225540
61225468
61223725
61224932
61227717
61242181
61225791
61227840
61227620
61227928
61242170
61226157
61227925
61225826
61226050
61227949
61227239
61225889
61227965
61242198
61227748
61226311
61227492
61227927
61242405
61226118
61228204
61228076
61228049
61242332
61226230
61228176
61228103
61228243
61242234
61226417
61228336
61228051
61227354
61226749
61227212
61229075
61243371
61229147
61228240
61243602
61227858
61229585
61229065
61229585
61227924
61228596
61230449
61244402
61228711
61230636
61229892
61231488
61228962
61230704
61231046
61245105
61229390
61231234
61231122
61231304
61245323
61229484
61231454
61230740
61231295
61230303
61231451
61231414
61245419
61230233
61231685
61231113
61231578
61245501
61230036
61231650
61229612
61231405
61231650
61245799
61229892
61231835
61231204
61230936
61245984
61231185
61231985
61246248
61231826
61230170
61232008
61232093
61246177
61230427
61232230
61246341
61230701
61232448
61246375
61230676
61232413
61230342
61233061
61230445
61232504
61232555
61230418
61232521
61232566
61246832
61230987
61232802
61232247
61233419
61246626
61231218
61232931
61232232
61232751
61231067
61231076
61232951
61231234
61233096
61233359
61231203
61232989
61231190
61231906
61233409
61231336
61233220
61233004
61247170
61230964
61231293
61232980
61233090
61246996
61231503
61233237
61232701
61233272
61231156
61231542
61233231
61231139
61233027
61233241
61232043
61233353
61247547
61231664
61233428
61231350
61232515
61233476
61247459
61231592
61233599
61231323
61231880
61233665
61231617
61233478
61231595
61233616
61233705
61231780
61234374
61231608
61232770
61233779
61233141
61233925
61231877
61233925
61234011
61248037
61232133
61232213
61233914
61233979
61247879
61232475
61234123
61233725
61233166
61247978
61233053
61234286
61248506
61232285
61232341
61234162
61234292
61248681
61232771
61234460
61233699
61234420
61232328
61233866
61234140
61234354
61232405
61232627
61234439
61232562
61234120
61234439
61232684
61234258
61233781
61232631
61234583
61232825
61234688
61232677
61234463
61234797
61248796
61233066
61234797
61234730
61234816
61251253
61235411
61237121
61236384
61236966
61251427
61236053
61237158
61236493
61237078
61251293
61235416
61237171
61237319
61237361
61251600
61235426
61237289
61236630
61236441
61251269
61236171
61237497
61236886
61237157
61251215
61235714
61237424
61236645
61237303
61235309
61236434
61237344
61235317
61236520
61235331
61237370
61237559
61235735
61237186
61237576
61251770
61236109
61237696
61237058
61237640
61251936
61236146
61236058
61237215
61236800
61252203
61236206
61238156
61238049
61237230
61236567
61238406
61238567
61252740
61236494
61238663
61238110
61237684
61252536
61237027
61238785
61238667
61238777
61252925
61236800
61237000
61238725
61238814
61236599
61237929
61238623
61237324
61238880
61239007
61252828
61237506
61239219
61237182
61239005
61237453
61238658
61239140
61237049
61239530
61239479
61253678
61237488
61239486
61238944
61239515
61253583
61237805
61237861
61239555
61239624
61253824
61237770
61237856
61239592
61239667
61253957
61238023
61239838
61237658
61239543
61237810
61239010
61239968
61254122
61238138
61239920
61239429
61239912
61254143
61239866
61237839
61238958
61240209
61254458
61238660
61240233
61238216
61240315
61240264
61238301
61239151
61240432
61238255
61240335
61239343
61239170
61240622
61238466
61240354
61238695
61240566
61240649
61255131
61240534
61239211
61240726
61240836
61254859
61239096
61240833
61238875
61240886
61254888
61239739
61241068
61240420
61241166
61240878
61238903
61240774
61239095
61239996
61241250
61239100
61240964
61239716
61239202
61239594
61241382
61255382
61241437
61241461
61255628
61239813
61241580
61239427
61239645
61241625
61240933
61241765
61239648
61241696
61241710
61255744
61240069
61241833
61241018
61241634
61240816
61241781
61241918
61256118
61240085
61242188
61241517
61241962
61239640
61241914
61242122
61256420
61240499
61242321
61241769
61242217
61256216
61241632
61240701
61242516
61256552
61240776
61242342
61241656
61240725
61242291
61240330
61256672
61242306
61241131
61240504
61241354
61242665
61257078
61242513
61240756
61241438
61242917
61241757
61242866
61242949
61257084
61241215
61243066
61241032
61242732
61241863
61242485
61243095
61257267
61241660
61243414
61241452
61243183
61242834
61257224
61241857
61243214
61242491
61243151
61241501
61242729
61243109
61241480
61243277
61243444
61241376
61244955
61246138
61259800
61244176
61245916
61243865
61245843
61244020
61245142
61246229
61244100
61245961
61244102
61245111
61246386
61260571
61246070
61244366
61246235
61246378
61244423
61246484
61246444
61260956
61244758
61246663
61244741
61246497
61244563
61246662
61246569
61244863
61245563
61246970
61261274
61246943
61246799
61247112
61245007
61245135
61247157
61246474
61247743
61245135
61246335
61247245
61261556
61246953
61245223
61246536
61247378
61245470
61247161
61245370
61246706
61247538
61245576
61247396
61246521
61247660
61247667
61261730
61246312
61247800
61245800
61247610
61245751
61247748
61247888
61262000
61246052
61246183
61261945
61245932
61247906
61247247
61247665
61247906
61245938
61247710
61246004
61246980
61248363
61262440
61246434
61248387
61247626
61248218
61247400
61247797
61248536
61262418
61247242
61248523
61263008
61248381
61248667
61248549
61247798
61262418
61247576
61248662
61246789
61248483
61246702
61247940
61248904
61246823
61248595
61246903
61248999
61249037
61263280
61247057
61249194
61248636
61248036
61262828
61248284
61248762
61249188
61263026
61248258
61249414
61263575
61249104
61247194
61248418
61249352
61263786
61247327
61249571
61249333
61249371
61263631
61247775
61249584
61247431
61249346
61247613
61248336
61249737
61263856
61247938
61249798
61249202
61248977
61247868
61249667
61249557
61247800
61248701
61249856
61247829
61249690
61248845
61263845
61247861
61249745
61247838
61250436
61247819
61247995
61248264
61250193
61248248
61250168
61248140
61248808
61250434
61264748
61250135
61248019
61249500
61250348
61264638
61248473
61248756
61248273
61250398
61248251
61248822
61250559
61249921
61250476
61264481
61249345
61250719
61265102
61248886
61248849
61249094
61249823
61264540
61249234
61250992
61250333
61250733
61248976
61249628
61251035
61248933
61250932
61248848
61265144
61249442
61251176
61265346
61251090
61251053
61265388
61249271
61251197
61265396
61250332
61251320
61265367
61250952
61251036
61250143
61251204
61251389
61265748
61249631
61251488
61249410
61251271
61250348
61251364
61251501
61265714
61249863
61251734
61266034
61249647
61251741
61250959
61251719
61249722
61250895
61251808
61249632
61251196
61251573
61265952
61250099
61251761
61249772
61251708
61250002
61251972
61251890
61265847
61251178
61252037
61266176
61252106
61252730
61250645
61251781
61252075
61266138
61250632
61252240
61251736
61252077
61250555
61250189
61252125
61251259
61251911
61252239
61250464
61251215
61252598
61266720
61250981
61252670
61250643
61252501
61250642
61252738
61252827
61267120
61252652
61252628
61251082
61252613
61255539
61269850
61254387
61255713
61253501
61254261
61255611
61269608
61253976
61255659
61253707
61255507
61253909
61255357
61255047
61253794
61255918
61256007
61270015
61254339
61256073
61253800
61255766
61254036
61255182
61256041
61270454
61254135
61256157
61270673
61254324
61256274
61254148
61256060
61255164
61255729
61256964
61254524
61256371
61270559
61255762
61256108
61254401
61256008
61256416
61254477
61255159
61256573
61271021
61254823
61256653
61271103
61256422
61254820
61255349
61256741
61270984
61255220
61256960
61271023
61255212
61257240
61271500
61257148
61257028
61255274
61256106
61257453
61271729
61255828
61257562
61255487
61257273
61256377
61257468
61257479
61271644
61256530
61257739
61272111
61257457
61255822
61257652
61257793
61256089
61257174
61258393
61255482
61257154
61257685
61256778
61257930
61258050
61255999
61258095
61258109
61271938
61258167
61258058
61256143
61257340
61258250
61272687
61256393
61258308
61272359
61258602
61257052
61257364
61258561
61257672
61272701
61257843
61259224
61273368
61257560
61259468
61257320
61259367
61258543
61259842
61259709
61274127
61257183
61259099
61257421
61259691
61259493
61257768
61259270
61259584
61257776
61259957
61260159
61258023
61259819
61258241
61260011
61260062
61274152
61258431
61260401
61258302
61260088
61258355
61260563
61260454
61258473
61259842
61260358
61258185
61260669
61260663
61258697
61260655
61260726
61258825
61259342
61259911
61274841
61259809
61261055
61275331
61259956
61261175
61274945
61261250
61260966
61261228
61259242
61259590
61261290
61259214
61261269
61261299
61275186
61260058
61261555
61275580
61259766
61261647
61275977
61259488
61261585
61259418
61261343
61259241
61260959
61261623
61259348
61276284
61260512
61261670
61275882
61260886
61261622
61275659
61259795
61261820
61261302
61261699
61260632
61261761
61261775
61259771
61261873
61261785
61276174
61259101
61261170
61259604
61261724
61261813
61275668
61261734
61261925
61259767
61276169
61260697
61262122
61276556
61261926
61260342
61261793
61261988
61262254
61260302
61260383
61262456
61261756
61261366
61276248
61261576
61262547
61277015
61261657
61263177
61260682
61262574
61262585
61276882
61261770
61263031
61277520
61262935
61261197
61263144
61263151
61277318
61261380
61263227
61262629
61263788
61261218
61263081
61261906
61263219
61261567
61262966
61263480
61261483
61262253
61263750
61277763
61262061
61263736
61261669
61262133
61263969
61261895
61263640
61262787
61264111
61264064
61278200
61263586
61263941
61262384
61264235
61263675
61278461
61263119
61264526
61278633
61262578
61264585
61278181
61264376
61264317
61278356
61262796
61264468
61262315
61262545
61263054
61262077
61263016
61262537
61264137
61264381
61278791
61264188
61262431
61264431
61264607
61278834
61263185
61264984
61279048
61263051
61264960
61262855
61262918
61264994
61279431
61264763
61263881
61263512
61264982
61278848
61265112
61265054
61279056
61263574
61268076
61267070
61268086
61268148
61266107
61268316
61268364
61282527
61266767
61268525
61282775
61266956
61269252
61268650
61282961
61266649
61280256
61282070
61280556
61282875
61283219
61298145
61282091
61284293
61282231
61284119
61283185
61284468
61284632
61298938
61283222
61284953
61282851
61285017
61282972
61283657
61285082
61299239
61283321
61285136
61284222
61285518
61283673
61285056
61285060
61299552
61283672
61285382
61284686
61284425
61283401
61284574
61285535
61300020
61283510
61285610
61283238
61284363
61285399
61285554
61283468
61285525
61285618
61284434
61285426
61285683
61299860
61284630
61285812
61300126
61285718
61283999
61284021
61284174
61284135
61286184
61283818
61284175
61286104
61284347
61286296
61286433
61300555
61284816
61286655
61300912
61284480
61284968
61286483
61286634
61300858
61285116
61286949
61286256
61286886
61285074
61285844
61287208
61301382
61301390
61286361
61287456
61301322
61285503
61285538
61287314
61287304
61301327
61286263
61287424
61285496
61287269
61286410
61287689
61287697
61287541
61287734
61285734
61287469
61286597
61287093
61287558
61301646
61287897
61287911
61302078
61286750
61287863
61285761
61287622
61286777
61286385
61286879
61301739
61287137
61287766
61288055
61302244
61286222
61288127
61302581
61287200
61287004
61301918
61287241
61288229
61302549
61286642
61288454
61302666
61286645
61288403
61302768
61288090
61286482
61287885
61288299
61287433
61302953
61286590
61288424
61286723
61288633
61287810
61286684
61288885
61288725
61302892
61288191
61288958
61286921
61288741
61287869
61288810
61289046
61302810
61287836
61289124
61303169
61287483
61289319
61287258
61289102
61303412
61287841
61289626
61289053
61289573
61289602
61289706
61289670
61289715
61303957
61288674
61289626
61289963
61289410
61289746
61290203
61303938
61289170
61290158
61304616
61289911
61304095
61289443
61290476
61304554
61288372
61288449
61290351
61290365
61288273
61290396
61290416
61304676
61288399
61289181
61290702
61304583
61289109
61290798
61288863
61290465
61288735
61289894
61290780
61290945
61290250
61290790
61305026
61289197
61290958
61305350
61288919
61291046
61288917
61290754
61289221
61291086
61290318
61291070
61291383
61291084
61291447
61289559
61290357
61291567
61305884
61290285
61291741
61306097
61289782
61291687
61305962
61291449
61291807
61306001
61290217
61291957
61306316
61291689
61289997
61292004
61291943
61305910
61290908
61292005
61306014
61290055
61292104
61290002
61291774
61290119
61292202
61292205
61306177
61290318
61290326
61292132
61292259
61306228
61292147
61292147
61292538
61290358
61292219
61291453
61292469
61292664
61290578
61292623
61292712
61306748
61290879
61292829
61290792
61291280
61293031
61307132
61291137
61293117
61291080
61292931
61292090
61293403
61293287
61307532
61291742
61293476
61292920
61294115
61293367
61293324
61307042
61292005
61293457
61307573
61291672
61293532
61291304
61293219
61292350
61293339
61293476
61293502
61307786
61293560
61292935
61291710
61293608
61293748
61307685
61293505
61292098
61293801
61293980
61307709
61292934
61293751
61294160
61308036
61293343
61294376
61308384
61292714
61294301
61292223
61294108
61292370
61292923
61294454
61292413
61294533
61294550
61308666
61293481
61294724
61292608
61294360
61294598
61308717
61293077
61294114
61298357
61312355
61296563
61298413
61296212
61298114
61298352
61298258
61298220
61298533
61312799
61296841
61298619
61296606
61299282
61297626
61297555
61298611
61299047
61312845
61298165
61299273
61313352
61297522
61299160
61313594
61297135
61299235
61298471
61298994
61297191
61297208
61297543
61299307
61299028
61298428
61299016
61297184
61297941
61299417
61297301
61297392
61299348
61299548
61313722
61299572
61299675
61313866
61298034
61299822
61299157
61299719
61298631
61299374
61299879
61297763
61298922
61299942
61313856
61298126
61298069
61298508
61300030
61314491
61298471
61300109
61314284
61298429
61299531
61298506
61298172
61300108
61299314
61299821
61300413
61298317
61300192
61300499
61314637
61298909
61300622
61315008
61298584
61298650
61300026
61300636
61298777
61300853
61315215
61298986
61300802
61298762
61300513
61299603
61300670
61300780
61298739
61300859
61300852
61298889
61300808
61301050
61315163
61299139
61301068
61300502
61300824
61299979
61301091
61301081
61314933
61300428
61301348
61315587
61299515
61301540
61299366
61301439
61299521
61315431
61299656
61301321
61315848
61299563
61301598
61299359
61301196
61301581
61300705
61301686
61299944
61316155
61300101
61301838
61299811
61301501
61300752
61301741
61301806
61315815
61301112
61302073
61315827
61300875
61302156
61316320
61300470
61302316
61300228
61302000
61301193
61301768
61301098
61316201
61301216
61302527
61316232
61301584
61302569
61316684
61300948
61302668
61301904
61302349
61300544
61302248
61302660
61316776
61301741
61302873
61300680
61301540
61316792
61301447
61303022
61317048
61301135
61303040
61302450
61303042
61316989
61303063
61303176
61317651
61301535
61303488
61301410
61301501
61303406
61301586
61301432
61303266
61301520
61303054
61303625
61301649
61303398
61303574
61317677
61302317
61303742
61317771
61302002
61303787
61303173
61303418
61303599
61317684
61302864
61303852
61318363
61302576
61304053
61301868
61318279
61302849
61304106
61302113
61304147
61304281
61318211
61302376
61304401
61303735
61304013
61302120
61303749
61304944
61302411
61302490
61302739
61304390
61318655
61302793
61304534
61302473
61304269
61302736
61303865
61304269
61303400
61304467
61303652
61318631
61304762
61304735
61304692
61318718
61303147
61303927
61318807
61303988
61304884
61318861
61303822
61305079
61319372
61319695
61304123
61305108
61319590
61303683
61305553
61319381
61304445
61305430
61319867
61303813
61305673
61319499
61303789
61305577
61319741
61304293
61305577
61303085
61320030
61304078
61305777
61320120
61304150
61305829
61320232
61304150
61305942
61303871
61305848
61305075
61305794
61306091
61305192
61320002
61304508
61306402
61320672
61304793
61306534
61320933
61304909
61306633
61320541
61304995
61306694
61304630
61306443
61304609
61306173
61305282
61307207
61304948
61307627
61307159
61306560
61307138
61320998
61305641
61305368
61306367
61307196
61307860
61307269
61306434
61306981
61305207
61306090
61307330
61321644
61305887
61307627
61305402
61307539
61307614
61305542
61307542
61307635
61305730
61307740
61306778
61305741
61307810
61307803
61305738
61307885
61308103
61322099
61306258
61308022
61322096
61306381
61308019
61305955
61306042
61308166
61306133
61307874
61306365
61307731
61308247
61307156
61308151
61307475
61308269
61308349
61307660
61308217
61308533
61306980
61307753
61306588
61308640
61307774
61308396
61306588
61306591
61308625
61309385
61307410
61306404
61308797
61308934
61323152
61307269
61308982
61323290
61307279
61309085
61306812
61308799
61309013
61307013
61308775
61306550
61308940
61308119
61309185
61306833
61308812
61309452
61323436
61308604
61309619
61323473
61308188
61309565
61323831
61307913
61309763
61307460
61307711
61309712
61309026
61309495
61311749
61311940
61314084
61312421
61312002
61313727
61311482
61312716
61313752
61327725
61312149
61313787
61327685
61313707
61314440
61314009
61328010
61313904
61313969
61327963
61312544
61314041
61328202
61312829
61312281
61313874
61314348
61311997
61313820
61314297
61312140
61314206
61313283
61314187
61314303
61328288
61312755
61314417
61312455
61314200
61312139
61314470
61313713
61328408
61314608
61314707
61329072
61313124
61315011
61314234
61313210
61313059
61314350
61314700
61313574
61312582
61313403
61314865
61314928
61313789
61329312
61313085
61313344
61315324
61313003
61314939
61313276
61315097
61315318
61313588
61315466
61329433
61314850
61313908
61315748
61330083
61313895
61315745
61313718
61313751
61315851
61313992
61313836
61315875
61330183
61313991
61315937
61313873
61315768
61313594
61315492
61316108
61314999
61315653
61315087
61314948
61316084
61316224
61314258
61316156
61316347
61330546
61314665
61316289
61330630
61314555
61316487
61314355
61316240
61314995
61314454
61316327
61314885
61316582
61316726
61330570
61314973
61316750
61330503
61315850
61316774
61330818
61314989
61316891
61331085
61315133
61316990
61331229
61314962
61317079
61316435
61315123
61316079
61315956
61315542
61317022
61316081
61316775
61315360
61316966
61331024
61315345
61317157
61331594
61315372
61317229
61331180
61315591
61317376
61315271
61315399
61317574
61315319
61317279
61316332
61317487
61331627
61316595
61317583
61331411
61316473
61317730
61331843
61316011
61317826
61315735
61317558
61317943
61315783
61318483
61316105
61317798
61317942
61316833
61317747
61315942
61318015
61315862
61317747
61315611
61317494
61317867
61316166
61317563
61318230
61315830
61317835
61317455
61316230
61318377
61318388
61318420
61332717
61316587
61318543
61317803
61318513
61319163
61318763
61332462
61318606
61318746
61332574
61318729
61318770
61332937
61317126
61318962
61333163
61317801
61319031
61333424
61317273
61319133
61317998
61318990
61319127
61333203
61317918
61319319
61333158
61317990
61319343
61333141
61333280
61317509
61319366
61333233
61317714
61319526
61333741
61317950
61319800
61334306
61318087
61319920
61334279
61318279
61320043
61333988
61317796
61319737
61319689
61318012
61317852
61319764
61318180
61317609
61333982
61320161
61318311
61320309
61334623
61318791
61320480
61334449
61319516
61320487
61335017
61318921
61320583
61334884
61319020
61320730
61318714
61318852
61320997
61335110
61319065
61320867
61335390
61319079
61320802
61335175
61319038
61320994
61334883
61319199
61320837
61334972
61318942
61320970
61334873
61319230
61320967
61335153
61319363
61321130
61335243
61319312
61319107
61321111
61335134
61321142
61321289
61319193
61320014
61320412
61320072
61320688
61321998
61321284
61319104
61321094
61318982
61320712
61321112
61319030
61319851
61321432
61319891
61320087
61321178
61321402
61335887
61319668
61321648
61336082
61319668
61321792
61319653
61321538
61322022
61336142
61320189
61321854
61335810
61320138
61321899
61319783
61321681
61320796
61321477
61320689
61321868
61322283
61336127
61321333
61322307
61336172
61320862
61322375
61336345
61321033
61322420
61336680
61321528
61322588
61336524
61321395
61336688
61321688
61322700
61336468
61321611
61321064
61322616
61322929
61322141
61322861
61321197
61323054
61337024
61322189
61323327
61337392
61322387
61323450
61337830
61321536
61323464
61337308
61321772
61323485
61321348
61323345
61323560
61322578
61322972
61323474
61321591
61321583
61323689
61324329
61323762
61321660
61323208
61322112
61323873
61337800
61323880
61323897
61321958
61323507
61322216
61322142
61324170
61322282
61324064
61323064
61324178
61338196
61324212
61324366
61338513
61323669
61324517
61338300
61324530
61324568
61322756
61339144
61323130
61324785
61338791
61323271
61324792
61338847
61324816
61324409
61322864
61325011
61324915
61339053
61325032
61324984
61323086
61324898
61324069
61323379
61325188
61339352
61325079
61324307
61324069
61324586
61325181
61323381
61324586
61325037
61323343
61324877
61325079
61322994
61325322
61324667
61323765
61324874
61325445
61325755
61324952
61325394
61325758
61324612
61325039
61325508
61323724
61324548
61325864
61323645
61324596
61325885
61340247
61325692
61329376
61328276
61329778
61330732
61328759
61328136
61329908
61328687
61344529
61344311
61330284
61330346
61344759
61329373
61330606
61344599
61329394
61330795
61344876
61329017
61330771
61332500
61328404
61328687
61330616
61344906
61328855
61330619
61344682
61329005
61330646
61344693
61329029
61330793
61328763
61330621
61329265
61330395
61330741
61329896
61330509
61330792
61331030
61329027
61330837
61331126
61331209
61329080
61329544
61331182
61329192
61329130
61329570
61331406
61345696
61330221
61331553
61329467
61331485
61331577
61329461
61331595
61331588
61345848
61331715
61331783
61345584
61331739
61331804
61345827
61330619
61331687
61332144
61329871
61330047
61332120
61346004
61330356
61332171
61329988
61331951
61332264
61345996
61331628
61330562
61332296
61330404
61331660
61332231
61332595
61346951
61330954
61332619
61346570
61331604
61332469
61330503
61332500
61332667
61330623
61332220
61332476
61332813
61332004
61332575
61332864
61347247
61332724
61331457
61332827
61347053
61332814
61332985
61331747
61332291
61332187
61332100
61331191
61333062
61333267
61331172
61333124
61333292
61331244
61333292
61333562
61333488
61347901
61331655
61333584
61347946
61331844
61333632
61347567
61331991
61333731
61347871
61332716
61333889
61348009
61332499
61333903
61347725
61333301
61332445
61333781
61334190
61348173
61332997
61334330
61348096
61334286
61334333
61332073
61333752
61334912
61334492
61332216
61332413
61334478
61333615
61334186
61334574
61333927
61335194
61332650
61333906
61334058
61334383
61332247
61334229
61334581
61334819
61348895
61333079
61334819
61348687
61333442
61334771
61332703
61334847
61334942
61348692
61334987
61334277
61332936
61334574
61334592
61334389
61335401
61349188
61334232
61335428
61333281
61335377
61334062
61335214
61333309
61335210
61335306
61333442
61334237
61335515
61333474
61335495
61335617
61334502
61335142
61335467
61333907
61333719
61335529
61335866
61333668
61335553
61333441
61333839
61335673
61335986
61335375
61335745
61333684
61335513
61336242
61336216
61350238
61350238
61336303
61334444
61336411
61350814
61335342
61336575
61334277
61350606
61336754
61336769
61334546
61336256
61336639
61336979
61334993
61336298
61336170
61337049
61337210
61351545
61335696
61337245
61351274
61336008
61337395
61335132
61337271
61336657
61335654
61337429
61336197
61337339
61337192
61337580
61337066
61337274
61337812
61351688
61335976
61337662
61351611
61336453
61337590
61351600
61351923
61337318
61338486
61336049
61337292
61338609
61335638
61336166
61336182
61338279
61336314
61336512
61336088
61338123
61352451
61337736
61338140
61338453
61336457
61336702
61338778
61352754
61337063
61338776
61352758
61337097
61338936
61338863
61339045
61336854
61337003
61339018
61353185
61339096
61339770
61338138
61339079
61353465
61338145
61339253
61353406
61337835
61339298
61353609
61338119
61339260
61337321
61339281
61339123
61339402
61338743
61339161
61339511
61337433
61339304
61339748
61353616
61353992
61337968
61339801
61353854
61338537
61339948
61354093
61338845
61339921
61353913
61340027
61340194
61339909
61338376
61338194
61339725
61340098
61340328
61340521
61338338
61338712
61340501
61354716
61339650
61340662
61338661
61340429
61340586
61339454
61355025
61354955
61340699
61340883
61338852
61340822
61341469
61339406
61340449
61340774
61340940
61340227
61339086
61341159
61340866
61338986
61338961
61341174
61355077
61339574
61341335
61355560
61341420
61339908
61341597
61339535
61340554
61341710
61339669
61341717
61341436
61340704
61341053
61341450
61341465
61341754
61339652
61339945
61341868
61356147
61356699
61342091
61342660
61342079
61340028
61341889
61342277
61340178
61341594
61341970
61342334
61340167
61340412
61342501
61340300
61340401
61342450
61356382
61341625
61342377
61340435
61342456
61342552
61341105
61340588
61340669
61342611
61356783
61341069
61342844
61342787
61341706
61342117
61342565
61340933
61342265
61342603
61343022
61357363
61341309
61343046
61356795
61357297
61341817
61343125
61343123
61357349
61342285
61343205
61342001
61340995
61341284
61343004
61343348
61357291
61343259
61342634
61341345
61343151
61343271
61343611
61345338
61357641
61357628
61342807
61343870
61342029
61357927
61342347
61342802
61342655
61343148
61343617
61344053
61341777
61342056
61344033
61357931
61343991
61342868
61341475
61343331
61343707
61344173
61342072
61342139
61344044
61358269
61342598
61344253
61342099
61344054
61344006
61344319
61358702
61342606
61344412
61358630
61344350
61344987
61342499
61343707
61345059
61344629
61359012
61343440
61344743
61344548
61344861
61342964
61343059
61344995
61358941
61344324
61345046
61343029
61344633
61345742
61343401
61344503
61343198
61345322
61359037
61348401
61349699
61348376
61363976
61349759
61350678
61350151
61348125
61348476
61350261
61364428
61348215
61350282
61348694
61348572
61350497
61350642
61350527
61349302
61364794
61348448
61349358
61348721
61350575
61350706
61349526
61364895
61348039
61348166
61348793
61350205
61348869
61350832
61365262
61350945
61349660
61351060
61365336
61349374
61351148
61364815
61351090
61350919
61349117
61350303
61350823
61351139
61365278
61350064
61351153
61350147
61350523
61350981
61351294
61349230
61350330
61351034
61351374
61350170
61365373
61351129
61350498
61349778
61352066
61351649
61351654
61365422
61365706
61351421
61351662
61350578
61349562
61349765
61351578
61351832
61350773
61351361
61350077
61352119
61366284
61350591
61352232
61366226
61352171
61352297
61350280
61352267
61352890
61352336
61351664
61350318
61352415
61366398
61351422
61352576
61366577
61352372
61352521
61351192
61352200
61352387
61352932
61367192
61350898
61352800
61366858
61351959
61352950
61350690
61352530
61352765
61353078
61352389
61351122
61353297
61367092
61366608
61367201
61351606
61353020
61353271
61351067
61352731
61351302
61353225
61367467
61353184
61353317
61352236
61351343
61351417
61353616
61367497
61351924
61353562
61352433
61353001
61353377
61353765
61368124
61352732
61353730
61367908
61353844
61352810
61352281
61353225
61351964
61354064
61368009
61368194
61353412
61353908
61352345
61368706
61352563
61354266
61353113
61353540
61354033
61354397
61368772
61354383
61353683
61354453
61368890
61352785
61354607
61352439
61368567
61354164
61352759
61354791
61369215
61353126
61354928
61352880
61354979
61354743
61355032
61352984
61354604
61353972
61355064
61353860
61352916
61353263
61355336
61369017
61353989
61354994
61355334
61353178
61353354
61355427
61369330
61354186
61356074
61355531
61369941
61353890
61355654
61353476
61355418
61355118
61355343
61353532
61355560
61355560
61353736
61355177
61355491
61355794
61354052
61370036
61354521
61355874
61353922
61355884
61354409
61356098
61354033
61356108
61355862
61356188
61354175
61354585
61356202
61355097
61354159
61354353
61356121
61356434
61355257
61355797
61356249
61356566
61354485
61354682
61356635
61370640
61355219
61356639
61356338
61354805
61354692
61355088
61356736
61371050
61355578
61356784
61370599
61356695
61356766
61355682
61356123
61354948
61356826
61371257
61355233
61357182
61370839
61357082
61356181
61354929
61355903
61356090
61356039
61356484
61355118
61357215
61371468
61356377
61357399
61355863
61357487
61371579
61356414
61357334
61355053
61356587
61355392
61357492
61371587
61357379
61357474
61356226
61356852
61355520
61357422
61371691
61357187
61355854
61356691
61356423
61356929
61355935
61357724
61371887
61356298
61357864
61357951
61372512
61356348
61358023
61371782
61356850
61357323
61356966
61357445
61357900
61356299
61356019
61356486
61358247
61372027
61358206
61356395
61358351
61356507
61358511
61356374
61358371
61358155
61358546
61372339
61357091
61358444
61357527
61357927
61356657
61358682
61356671
61358148
61358524
61358861
61373182
61357635
61358799
61356806
61358827
61358707
61358996
61373406
61357406
61359191
61373011
61359108
61358886
61357179
61358414
61357277
61359158
61373307
61357589
61359278
61357192
61359120
61359045
61359214
61358181
61357237
61357715
61358482
61359213
61359550
61373792
61359386
61358556
61357539
61359037
61359266
61359756
61373662
61358547
61359555
61357667
61359538
61359544
61359758
61358113
61357429
61357760
61359548
61373450
61359555
61359725
61357849
61359572
61359678
61360165
61374144
61358490
61360087
61374163
61359153
61360237
61358176
61360039
61359902
61360239
61358134
61358546
61360482
61374649
61359726
61358417
61358662
61360720
61358621
61360119
61358567
61360623
61374766
61359414
61360468
61360449
61360749
61358770
61360380
61360107
61360962
61358967
61358882
61359103
61361056
61375007
61361039
61360264
61359338
61359085
61359186
61361286
61374844
61361050
61360855
61361168
61359138
61359335
61361408
61375695
61360010
61361414
61359370
61361021
61361199
61361563
61359533
61359727
61361680
61361784
61361830
61375939
61361840
61362552
61360499
61360901
61375914
61361963
61360216
61362292
61376199
61360966
61362255
61360033
61376694
61360691
61362527
61360431
61376233
61362347
61362162
61360230
61360629
61360806
61362598
61376364
61362499
61362642
61360368
61362087
61362505
61360897
61360829
61361084
61362938
61377255
61362148
61361813
61360716
61361012
61361236
61363264
61377217
61361972
61363237
61361417
61361212
61361652
61363386
61363325
61363501
61361369
61361836
61363570
61361351
61363053
61363228
61363595
61377551
61378013
61362738
61363606
61362525
61378219
61377722
61362898
61362920
61362768
61363393
61363712
61364001
61377885
61362806
61364039
61361953
61363891
61363642
61364030
61378467
61362542
61364344
61362084
61364132
61364198
61362572
61362217
61362534
61364428
61378626
61363635
61364462
61363453
61363805
61364062
61363638
61363786
61363521
61364065
61362732
61364740
61363634
61378882
61379416
61364821
61363308
61364976
61363804
61362933
61364807
61364722
61363312
61363134
61363397
61365131
61379432
61364134
61365206
61365358
61363009
61379633
61364129
61364458
61364302
61363484
61363678
61365709
61363195
61365647
61365446
61365834
61363807
61364073
61366005
61385419
61371145
61371001
61371419
61385583
61369089
61370686
61371011
61371477
61385754
61371409
61371480
61370297
61369281
61369598
61371530
61385526
61370318
61371602
61369321
61371513
61369483
61371703
61385774
61371576
61371722
61370427
61371045
61369785
61371854
61371866
61385828
61370174
61371815
61369869
61371449
61371654
61372063
61386500
61370480
61372076
61369710
61371454
61371854
61372218
61372223
61386366
61372287
61372359
61372070
61372239
61370443
61370118
61370393
61372421
61370233
61371734
61372041
61372474
61386695
61370826
61372450
61372031
61370123
61372273
61372064
61372431
61386865
61370890
61372674
61386614
61371167
61372503
61370892
61372062
61370884
61372813
61386678
61371603
61372919
61370471
61370894
61370998
61372999
61387173
61372948
61372729
61373110
61387441
61372031
61373141
61371144
61371623
61372212
61371564
61373277
61371164
61372743
61374023
61373480
61387935
61371836
61373573
61372372
61387823
61373434
61373311
61373579
61387627
61373494
61374192
61371704
61371623
61372135
61373875
61387588
61373800
61373848
61374055
61388291
61372284
61374010
61372830
61388460
61372353
61374039
61387730
61373682
61373844
61373344
61374148
61388364
61373249
61374196
61388018
61374268
61374086
61374375
61374394
61371950
61388653
61374409
61374498
61374523
61388906
61373355
61374690
61372649
61374014
61374454
61374730
61374353
61388845
61372886
61374483
61374525
61374950
61374158
61374701
61375028
61389024
61374757
61374582
61374628
61374992
61389252
61374093
61375009
61373928
61374325
61373181
61375158
61388999
61373965
61374925
61375340
61389480
61374056
61374401
61374136
61374920
61375176
61373568
61373357
61373701
61375729
61389365
61375493
61375397
61373888
61373656
61374124
61375981
61389876
61375817
61375724
61376109
61390461
61374787
61374442
61375946
61376320
61389950
61376129
61376060
61376380
61390599
61375534
61376325
61374580
61390866
61375268
61376432
61374138
61374397
61374717
61376619
61390819
61375843
61376670
61374267
61375952
61376761
61374943
61376947
61391056
61377016
61376899
61377147
61391178
61376938
61376968
61377281
61391189
61377227
61377219
61375450
61376625
61375460
61376720
61377169
61391578
61377325
61377113
61375868
61377447
61377626
61391865
61376724
61377548
61376590
61375574
61376065
61377748
61392062
61377030
61377970
61376739
61375819
61375995
61378020
61375958
61377435
61377811
61378298
61376210
61376572
61378182
61376134
61378233
61377997
61378358
61392915
61376867
61378580
61376365
61377968
61378303
61378763
61392572
61378613
61378424
61378501
61378769
61392699
61377155
61378841
61376728
61378857
61392675
61378847
61378683
61379037
61393423
61378200
61379089
61377198
61379260
61379339
61379388
61393613
61378523
61379309
61377588
61393796
61377796
61379550
61378384
61378808
61377606
61379655
61393681
61379662
61379686
61378574
61377619
61377973
61379831
61393573
61379738
61378875
61378133
61377826
61378170
61379989
61394372
61377967
61378287
61379690
61380019
61377866
61378282
61378314
61378541
61379046
61378218
61378106
61378426
61380481
61394370
61380379
61380411
61378616
61380590
61378453
61380515
61381213
61380691
61394693
61379451
61379817
61378973
61395205
61379253
61380915
61378877
61380843
61380757
61381142
61395312
61379909
61380909
61381270
61379093
61379554
61381243
61379256
61380897
61381034
61381347
61395250
61381258
61381162
61381454
61395386
61380125
61381464
61379524
61381597
61380172
61380940
61381490
61381728
61395781
61381684
61380936
61379956
61395954
61381836
61381955
61379700
61379780
61380268
61382107
61380951
61381351
61380402
61382136
61380956
61381383
61379972
61380549
61382128
61381047
61380076
61380605
61382208
61380343
61396695
61381348
61382261
61381175
61380198
61380422
61382399
61380337
61381838
61381652
61382123
61382514
61396486
61380229
61380360
61381590
61381554
61382634
61380521
61382542
61382521
61382813
61396911
61381430
61382766
61381726
61382126
61380910
61382986
61397070
61383007
61383055
61381031
61382631
61382908
61383323
61397289
61383207
61382408
61381407
61381134
61381382
61383485
61397430
61383294
61383252
61383511
61397380
61382199
61383504
61381636
61397964
61397996
61382884
61383703
61381919
61383516
61383955
61383977
61384030
61397882
61398301
61381965
61381952
61398328
61398429
61384176
61384872
61384342
61398467
61384287
61384160
61384398
61398376
61384357
61384325
61384601
61398523
61383736
61384628
61382280
61382549
61383061
61384798
61383624
61382779
61383168
61384902
61382816
61384416
61383032
61384982
61398973
61383512
61383013
61385308
61398922
61385048
61384973
61385506
61383179
61399516
61383780
61384160
61383512
61385258
61383356
61383264
61383584
61385461
61383201
61399705
61385057
61385346
61383865
61399473
61384646
61383406
61385506
61384401
61383385
61383849
61385541
61384481
61383605
61383922
61385666
61399323
61385622
61385690
61384630
61383655
61383814
61385791
61383678
61385719
61386513
61386042
61400404
61384374
61386258
61400022
61386142
61386073
61386335
61384172
61384519
61386472
61386477
61386608
61400313
61385996
61384612
61386757
61400987
61386396
61386814
61385604
61384684
61385103
61386936
61384772
61386444
61384943
61387115
61384879
61386404
61384999
61387174
61384959
61400953
61386423
61385173
61387102
61385016
61386544
61385133
61387185
61386101
61385061
61385501
61387382
61385275
61386821
61387152
61387390
61401653
61386133
61386318
61387480
61386446
61387011
61387013
61387651
61387691
61387980
61402236
61387864
61387733
61388139
61402042
61386690
61387927
61388072
61385967
61386506
61388195
61386109
61387935
61388818
61388350
61402870
61387200
61388361
61386688
61402373
61388400
61387652
61387432
61387832
61386667
61388737
61402691
61388627
61388579
61389063
61403051
61388024
61387913
61387859
61387081
61388363
61387315
61389244
61387110
61388594
61387090
61387530
61387298
61389350
61387186
61388738
61387474
61389499
61403383
61388986
61389293
61389630
61403741
61388717
61388606
61387738
61409842
61394517
61395633
61393333
61409586
61394818
61395833
61409535
61395803
61395669
61396023
61410197
61395866
61396629
61396107
61410568
61394973
61395209
61395077
61394123
61394429
61396457
61394272
61395770
61394440
61394042
61396002
61394019
61396111
61396170
61396185
61394360
61396361
61394354
61396043
61396255
61394908
61396388
61396704
61394704
61394672
61395030
61396794
61410862
61396667
61396568
61396857
61395690
61397116
61411526
61396240
61395996
61394785
61394961
61395524
61397213
61395199
61396817
61395289
61397389
61395405
61411375
61411781
61412015
61397383
61397276
61397664
61395607
61396044
61397736
61395844
61395585
61395977
61397813
61396612
61395692
61395841
61397965
61397071
61397479
61399388
61399803
61413939
61399861
61399707
61400014
61414013
61399904
61399682
61398317
61414378
61399133
61399046
61400133
61399477
61414533
61399442
61398511
61398231
61400400
61399178
61398200
61398715
61400311
61398410
61399720
61398408
61400454
61414713
61400573
61400289
61400653
61414868
61400738
61401249
61399114
61398379
61398358
61398723
61400702
61398654
61399458
61400627
61400981
61414778
61399839
61415287
61400484
61399220
61401125
61399247
61400622
61399214
61401300
61415152
61401112
61401064
61401449
61415451
61400150
61401431
61399584
61415870
61400619
61401590
61400054
61401842
61399929
61401140
61400116
61401898
61415761
61399561
61416116
61402089
61402027
61402274
61402153
61416473
61402067
61400520
61402308
61400126
61402444
61400430
61400436
61400924
61402586
61401409
61400516
61400833
61402741
61401465
61400572
61400841
61402821
61400810
61402882
61400895
61400911
61401279
61403034
61401050
61402647
61402852
61403165
61417500
61401548
61403299
61401264
61402714
61401395
61403427
61417480
61403365
61401530
61403555
61401418
61417976
61401640
61402146
61403533
61403952
61418034
61403866
61403233
61403124
61402090
61403857
61402112
61418398
61403150
61403964
61404140
61401902
61402753
61402422
61402543
61403972
61404336
61402376
61404199
61404127
61404608
61418640
61403224
61404584
61404719
61418717
61419236
61404833
61405548
61404981
61418833
61403536
61404998
61405167
61402990
61403365
61405092
61402708
61404489
61403551
61405346
61403311
61405332
61406025
61405549
61419908
61404725
61404549
61403359
61403463
61403951
61405715
61403602
61405322
61403719
61405915
61404053
61403770
61404039
61405995
61420090
61405783
61405721
61406133
61420020
61405196
61405194
61403689
61404101
61404319
61404608
61404448
61406377
61406457
61404643
61404462
61404848
61406489
61405384
61420504
61404561
61406625
61406379
61406818
61421067
61406715
61406717
61405949
61406725
61407038
61421451
61406128
61406352
61405166
61406574
61406842
61406967
61405020
61406973
61407053
61421295
61406991
61406810
61406787
61407168
61407231
61421682
61405614
61407334
61405173
61421615
61421887
61406381
61407550
61407701
61421633
61422020
61407634
61406104
61407745
61405536
61407047
61406071
61408047
61406050
61407394
61405928
61408011
61406069
61422100
61422431
61406862
61408089
61407090
61406087
61406599
61408291
61408204
61408308
61422139
61422331
61408353
61408203
61408639
61422707
61408454
61408547
61406483
61422427
61423185
61408649
61407006
61408927
61407727
61423318
61406927
61407398
61409090
61408971
61409261
61423377
61408806
61409035
61409450
61423390
61409057
61409605
61408421
61409518
61409690
61423761
61409567
61409423
61409685
61423706
61409644
61409812
61407697
61424268
61408367
61409145
61408531
61424057
61412000
61407571
61407861
61408311
61409904
61407887
61409230
61407894
61410096
61408813
61407934
61408432
61408690
61408345
61410445
61409367
61408367
61409941
61408622
61410759
61424499
61410572
61410438
61410778
61410787
61408639
61408720
61409022
61411153
61425289
61411218
61410870
61409409
61425695
61409586
61411258
61410126
61410615
61409601
61411349
61409403
61410798
61411181
61411515
61425679
61411364
61411271
61411987
61411634
61409497
61410949
61409840
61411782
61410503
61409794
61411811
61410641
61412017
61412036
61426227
61410771
61411813
61412238
61426025
61411999
61411924
61412486
61411162
61426196
61426714
61412153
61411457
61411445
61412278
61413100
61412736
61412621
61411393
61410569
61410927
61412691
61410640
61412141
61410781
61411265
61412598
61412924
61426904
61412910
61413622
61413151
61412507
61411713
61413083
61426989
61413083
61413696
61413289
61427436
61412209
61413033
61411548
61411381
61413032
61412073
61413516
61413743
61427824
61413510
61413325
61413395
61413749
61413877
61427739
61413795
61414494
61414069
61428203
61413678
61413693
61414080
61428207
61427972
61413378
61412525
61414029
61413023
61412171
61412491
61414280
61412395
61413841
61414170
61413626
61414190
61414362
61412792
61412703
61413099
61414733
61412855
61428953
61413937
61413936
61414818
61429019
61414790
61415526
61414997
61413708
61413147
61429342
61415253
61414871
61415300
61429056
61414862
61413993
61414488
61416085
61415494
61429952
61414415
61415528
61415790
61413788
61413306
61429717
61414436
61415565
61415540
61415904
61430068
61415874
61415778
61416057
61430402
61416140
61415072
61416149
61414518
61416570
61415773
61414206
61430348
61414951
61416030
61414247
61413892
61413912
61414014
61414451
61415327
61416199
61416279
61415088
61414625
61430396
61416351
61416231
61416632
61430224
61416034
61414670
61416620
61414547
61416069
61414836
61416816
61415615
61415647
61431338
61416890
61416647
61416909
61430799
61416560
61416700
61416989
61430946
61414882
61431505
61416273
61417084
61417280
61415116
61416596
61415294
61417340
61417320
61417421
61431408
61417472
61417133
61417446
61431464
61417121
61415713
61417615
61415627
61416951
61415813
61417955
61431855
61417842
61417145
61416847
61418025
61418130
61432023
61417517
61416181
61417981
61416122
61418204
61418158
61416368
61416286
61416508
61418416
61417243
61416445
61416827
61418445
61416727
61432400
61416526
61417934
61416547
61417008
61418676
61418780
61432712
61432569
61418634
61419352
61418967
61433151
61418799
61418604
61418968
61432812
61418551
61418756
61419141
61433273
61419038
61418873
61419258
61432966
61419025
61418926
61419314
61433502
61419273
61419102
61419511
61433342
61419425
61419323
61419519
61434028
61418211
61419615
61419644
61433833
61417641
61434340
61419814
61419659
61419921
61434241
61434255
61417958
61418494
61420060
61418339
61420343
61418329
61418387
61418683
61420372
61418483
61418374
61418835
61420476
61418827
61420718
61420822
61434946
61420410
61418802
61420851
61418765
61420177
61419201
61419065
61420744
61421043
61434882
61420663
61419170
61421184
61419095
61420739
61419517
61421347
61419162
61420803
61419419
61421441
61419420
61420842
61419414
61427754
61426487
61428214
61426310
61427957
61428557
61428151
61426843
61428327
61427648
61428012
61428561
61427507
61428676
61442702
61428614
61443053
61428212
61443261
61428789
61428717
61429132
61426985
61427981
61443278
61427997
61428957
61429423
61427208
61428849
61427541
61429589
61428382
61427534
61427865
61429646
61427334
61427673
61428069
61429737
61427981
61443528
61428675
61443875
61429778
61429518
61429946
61443771
61429996
61427885
61444006
61429921
61429253
61430054
61430056
61428320
61430145
61430289
61428568
61444224
61430289
61428307
61444619
61430232
61429007
61428655
61430111
61430424
61429319
61428303
61428644
61430528
61428517
61430060
61430241
61430605
61444433
61444345
61430175
61428884
61430717
61429591
61445108
61429585
61429872
61430952
61445116
61430938
61430818
61431131
61445298
61430940
61430895
61430876
61431363
61430135
61429113
61429649
61431433
61429528
61445985
61430683
61431596
61429937
61431859
61433793
61445437
61430193
61429793
61431927
61445647
61431232
61445920
61431872
61431677
61432055
61429969
61431449
61430161
61432327
61431013
61430086
61430550
61432252
61430521
61446441
61432401
61432929
61432584
61446268
61432006
61430735
61432496
61431514
61430624
61430945
61431351
61430591
61432691
61431586
61430815
61431007
61432723
61431005
61447151
61432830
61432584
61432921
61432799
61431793
61447124
61432689
61432889
61433127
61433132
61433403
61431344
61431350
61431722
61433414
61431573
61431478
61431952
61432552
61433594
61447587
61433143
61431708
61433596
61431483
61433110
61431840
61433697
61432547
61447659
61433759
61433496
61433761
61431777
61433729
61432127
61433994
61432787
61431938
61432348
61434020
61432422
61448438
61433014
61432879
61432310
61448580
61433098
61434286
61432317
61433907
61447827
61433711
61432385
61434271
61434106
61434296
61432322
61433700
61432529
61434451
61432403
61433992
61432687
61434448
61432491
61434591
61434715
61432599
61434555
61434476
61434820
61433725
61448799
61449017
61434172
61433394
61434861
61434917
61435117
61433055
61434412
61433583
61435251
61435325
61435353
61435508
61435530
61435733
61449918
61435321
61435336
61435823
61449456
61435166
61433971
61436040
61433932
61449988
61435860
61435654
61435635
61436026
61433780
61450462
61435987
61435942
61436183
61450668
61435318
61435947
61436311
61436466
61450661
61434918
61436264
61436577
61434395
61436737
61450590
61436813
61436628
61437030
61434745
61436339
61435106
61437140
61435888
61435159
61436100
61437173
61435716
61451387
61436225
61437089
61437381
61451582
61437367
61437196
61437598
61451597
61437581
61436537
61435589
61437550
61451854
61436387
61437419
61437882
61451841
61437842
61435893
61436800
61437869
61436028
61452084
61438018
61438698
61438241
61452117
61438145
61436330
61438277
61437237
61452801
61436458
61436765
61438841
61436732
61452990
61452862
61438376
61437194
61438934
61439014
61453154
61438802
61436915
61438988
61437560
61436832
61437266
61438883
61439062
61453106
61438450
61437234
61439313
61437122
61438896
61437314
61439543
61438250
61437183
61438247
61439418
61438443
61439260
61439624
61437586
61439096
61439792
61439103
61438223
61439864
61439896
61454093
61439957
61437975
61440198
61438898
61454538
61440253
61439935
61440245
61454541
61438655
61438372
61440157
61439127
61454674
61439471
61440100
61440536
61454751
61440546
61440225
61440598
61440525
61440605
61438570
61439999
61439023
61438293
61440280
61438167
61440170
61438656
61440756
61454649
61439249
61440582
61440922
61438799
61440412
61439204
61440933
61439110
61440151
61441143
61440942
61441265
61455130
61441063
61440919
61440951
61441082
61441392
61439215
61455549
61441307
61440975
61441363
61441422
61439943
61440676
61439735
61441403
61439733
61455890
61440639
61441436
61441581
61456079
61441574
61439790
61441890
61440652
61456178
61439588
61440027
61441425
61440453
61440128
61442089
61441928
61442289
61440104
61440325
61442252
61442274
61442443
61440865
61442482
61442511
61442608
61442698
61440548
61440652
61441076
61441843
61442561
61442924
61441723
61456907
61442296
61441200
61442868
61442973
61457091
61443171
61442914
61443227
61441028
61442385
61441891
61442055
61443079
61443443
61457348
61442612
61441684
61443574
61443617
61441394
61445696
61443399
61457288
61457746
61457921
61442994
61442025
61443632
61441863
61458002
61458106
61441910
61443964
61443656
61442370
61443950
61444101
61458531
61443004
61443988
61444373
61458427
61443555
61443543
61442864
61444296
61444622
61458714
61444217
61444328
61444590
61442453
61442575
61443574
61444619
61444668
61458661
61458823
61444138
61442854
61444570
61442465
61459009
61443359
61445270
61444799
61458480
61444528
61442761
61444919
61458525
61444427
61442992
61444921
61442808
61444360
61443390
61444986
61445009
61444791
61444946
61459054
61444956
61444720
61445180
61458864
61444540
61443304
61445089
61445220
61459579
61444348
61444445
61459794
61443781
61445378
61459596
61444453
61445498
61442994
61445627
61444439
61443521
61445572
61459472
61445247
61443884
61445902
61443768
61445067
61444146
61445787
61445966
61460106
61445908
61445492
61445482
61446013
61459939
61445397
61446052
61460437
61444896
61445955
61446217
61446300
61446302
61444192
61445590
61444737
61444735
61444712
61446494
61446598
61460783
61446171
61444893
61446609
61444813
61460711
61446608
61446440
61446752
61460734
61446207
61444755
61446759
61445582
61444611
61445603
61446750
61446943
61461332
61446929
61446710
61447068
61445350
61460971
61447068
61445107
61447108
61447188
61445395
61447067
61447444
61460978
61446634
61445541
61446490
61445794
61447394
61447704
61461743
61447409
61445721
61447725
61445761
61461970
61462025
61462249
61447767
61446378
61447842
61446119
61448085
61447922
61448239
61447164
61462739
61462894
61447774
61447235
61448211
61448524
61448515
61462483
61446723
61447235
61448306
61447810
61448639
61448883
61447829
61465641
61450644
61450939
61464740
61450312
61448681
61449924
61451395
61449297
61449150
61450079
61451208
61465269
61449315
61465482
61465502
61449401
61450545
61451268
61451001
61451502
61451661
61451255
61451136
61450445
61451490
61451884
61450554
61465834
61450293
61450095
61451925
61451984
61466015
61450528
61450047
61452137
61450953
61466404
61466721
61466413
61452326
61450566
61450783
61451442
61453052
61452697
61450536
61450514
61451019
61452609
61452686
61452871
61451763
61451056
61451960
61452904
61451351
61466916
61452375
61451090
61453040
61453144
61450863
61467586
61453162
61453235
61452627
61451785
61453490
61453581
61451455
61451495
61452004
61452649
61452660
61453555
61453868
61451905
61452723
61467965
61453364
61452439
61453186
61454232
61468046
61453377
61452634
61452046
61454137
61452363
61453619
61454332
61452459
61453128
61452760
61453475
61454473
61454533
61454774
61454409
61452466
61468303
61452437
61453421
61454442
61453874
61454468
61454856
61452403
61452960
61453654
61452939
61454227
61453363
61455178
61455330
61455150
61455313
61453287
61469399
61454674
61453879
61455479
61455583
61453395
61453588
61455191
61455893
61455816
61454022
61455886
61454360
61455837
61456273
61456069
61456409
61456359
61455319
61454251
61470741
61470487
61470497
61454185
61455500
61457060
61456466
61454662
61456591
61456524
61455484
61456629
61455524
61456679
61456872
61454988
61454953
61456155
61457624
61457033
61455456
61457696
61457303
61456075
61471471
61455204
61457035
61456195
61456854
61455438
61456268
61457501
61457500
61457460
61455206
61456417
61457771
61455904
61471874
61464926
61463734
61465204
61465377
61464347
61479532
61465471
61465440
61463894
61464550
61465481
61463966
61464495
61463862
61465012
61466028
61465728
61463796
61480276
61480198
61463930
61464388
61465895
61466184
61464980
61466197
61466431
61466541
61480596
61466007
61465681
61466347
61466711
61465596
61480959
61466719
61465082
61466939
61465311
61481210
61466287
61465314
61466719
61467008
61465508
61464914
61465300
61466807
61467048
61465820
61464903
61465504
61466936
61467225
61465997
61481382
61467107
61465254
61467231
61467311
61467322
61465107
61465126
61466291
61466971
61467260
61465208
61465176
61466240
61466377
61465879
61465359
61465943
61467081
61467263
61465895
61467977
61467739
61467627
61467848
61466476
61481596
61467592
61465682
61467779
61466318
61482245
61467835
61465931
61468056
61466581
61482291
61482855
61482267
61467755
61467201
61467986
61468541
61466029
61482506
61468358
61466563
61468404
61468446
61466285
61466231
61466331
61482435
61468278
61467403
61466670
61467468
61468556
61482224
61467779
61466686
61468447
61468602
61468665
61468810
61466846
61482641
61466461
61482981
61468013
61467936
61468565
61467351
61467078
61469079
61469176
61467063
61483447
61467218
61483324
61468615
61468860
61468724
61469348
61468826
61483756
61467587
61469753
61469394
61469809
61469821
61469883
61469960
61467796
61484495
61470041
61469873
61470210
61468172
61468092
61468851
61469882
61470373
61467980
61484526
61469713
61468566
61470207
61468541
61468717
61468725
61468853
61468939
61468456
61470250
61484720
61470683
61484957
61470566
61470141
61468705
61470615
61469023
61471018
61471013
61469061
61471148
61469358
61471372
61471302
61470122
61485485
61471180
61469516
61471226
61471484
61485128
61469531
61470374
61485846
61485609
61485902
61470536
61470496
61469496
61471817
61485642
61471136
61485893
61485773
61471744
61469889
61472106
61471974
61471387
61485537
61470099
61470839
61470413
61469631
61470247
61470211
61472192
61470429
61470240
61470272
61470315
61471501
61472232
61472515
61470653
61486396
61486949
61486827
61472255
61471687
61473447
61472993
61470511
61486642
61470606
61486972
61487161
61471092
61487349
61471730
61473245
61472109
61472114
61471625
61473525
61473369
61473583
61473636
61471676
61471641
61472390
61473496
61473932
61473892
61487680
61471811
61471755
61471770
61471802
61473863
61472020
61473952
61473844
61473780
61474061
61474138
61472052
61474103
61474077
61474516
61474422
61472107
61488498
61472357
61472866
61474534
61474720
61473457
61474818
61473556
61489363
61474970
61473399
61475016
61473319
61489427
61475267
61475079
61475443
61473736
61475388
61473598
61489649
61474011
61473656
61475537
61475665
61473357
61473690
61473784
61474973
61475575
61474162
61475738
61476102
61476035
61475797
61490094
61474011
61476075
61475818
61474559
61476283
61476329
61476426
61475320
61490621
61476533
61474736
61476580
61474578
61476267
61476607
61476588
61474567
61474637
61475006
61475609
61476285
61476351
61476688
61474936
61490751
61476603
61476094
61476228
61476921
61475059
61476110
61475819
61476699
61477012
61474721
61491313
61476630
61475342
61476164
61477166
61475155
61475147
61475920
61475283
61476605
61475962
61477133
61477518
61475656
61491864
61477536
61477242
61477609
61475741
61491827
61477542
61475902
61477615
61477839
61477922
61476571
61491638
61477892
61475707
61475699
61476496
61476971
61477627
61477995
61475482
61491938
61492349
61491831
61476099
61477363
61477525
61476933
61478053
61478393
61477165
61492600
61476904
61476789
61477641
61478797
61476612
61476577
61477790
61477880
61478981
61492590
61477232
61492750
61492545
61476742
61478793
61478699
61478006
61478584
61478910
61476872
61476871
61478125
61479645
61479108
61477001
61478167
61493732
61478925
61478241
61479323
61479561
61477836
61493587
61479128
61479597
61479061
61478109
61480435
61479919
61478694
61493840
61479701
61478181
61480034
61480162
61480266
61494118
61479955
61494251
61479547
61478670
61480259
61480363
61494194
61478499
61479114
61480234
61480496
61478451
61478392
61479721
61481187
61480749
61478676
61478692
61494945
61480162
61479138
61480731
61480794
61480912
61480948
61479712
61494893
61480545
61479312
61480717
61480118
61481000
61481231
61481314
61480182
61495821
61481319
61479398
61481471
61479616
61481491
61481523
61495423
61495458
61495949
61481070
61480942
61481608
61481935
61480792
61479590
61479999
61480154
61481190
61482654
61482108
61482372
61481644
61481803
61481965
61496166
61481427
61480663
61482251
61480707
61482365
61482641
61496341
61480553
61481367
61482471
61482653
61481439
61496751
61480509
61481968
61482630
61481004
61482891
61482948
61496657
61480830
61482915
61482747
61483135
61481944
61497250
61483046
61481204
61483347
61481238
61483191
61483945
61483461
61481623
61497508
61482958
61481931
61483366
61483628
61481576
61481592
61483704
61483856
61482968
61483621
61484033
61497987
61482272
61482127
61481990
61483268
61483934
61484313
61482283
61498012
61498428
61482221
61483018
61484138
61484403
61483427
61482422
61483246
61484226
61484611
61482677
61498402
61499006
61484165
61483842
61484416
61483014
61484841
61483112
61484815
61484919
61483837
61499226
61484385
61483804
61484924
61484973
61482962
61482889
61484129
61484809
61485047
61483233
61483857
61485095
61484406
61484811
61484747
61484838
61484870
61483669
61498954
61484609
61483193
61485005
61485007
61498838
61483036
61484242
61484967
61485314
61485373
61485446
61485462
61483499
61483477
61484199
61485308
61485578
61484123
61485453
61485670
61485884
61484081
61484807
61499864
61483988
61484761
61485956
61486372
61486548
61484577
61500475
61484449
61485686
61486352
61486665
61484731
61500845
61486125
61485684
61486697
61487021
61500907
61485019
61485915
61486912
61487348
61486075
61501293
61487311
61485466
61486251
61487293
61487421
61485287
61501572
61486823
61486399
61487379
61503006
61488610
61488094
61489190
61489670
61487362
61504184
61489675
61487980
61489902
61490133
61490110
61487720
61504308
61489360
61488466
61489155
61490286
61488224
61504361
61490153
61488918
61488446
61489450
61490479
61489227
61504718
61490138
61487946
61489813
61488286
61490352
61490456
61488343
61504805
61488507
61490629
61490451
61490866
61489539
61505182
61488723
61490934
61490691
61491048
61489936
61491191
61505328
61490323
61491304
61489552
61489262
61489774
61491459
61491464
61490250
61505351
61489403
61491456
61490760
61492207
61491740
61489800
61489740
61489799
61490270
61491918
61492077
61490924
61506471
61491572
61491198
61490573
61492156
61492510
61490685
61506801
61491946
61491674
61492327
61492691
61492658
61490609
61507096
61492498
61490987
61490766
61492787
61492864
61490751
61490719
61492780
61491044
61492856
61492984
61491879
61507279
61491021
61492687
61491031
61493230
61493249
61507423
61490964
61493062
61492996
61493210
61491958
61507278
61492829
61492989
61492908
61493221
61491332
61507223
61507500
61491167
61492431
61491564
61493394
61493505
61492256
61491495
61507982
61506912
61492715
61491612
61493229
61493285
61491185
61492733
61492193
61493429
61493557
61491344
61491285
61492225
61493369
61493583
61491793
61507716
61493642
61491660
61493651
61493909
61491823
61491774
61493948
61492472
61494239
61494316
61492295
61492237
61494012
61492445
61494257
61492573
61508466
61494295
61492457
61494405
61494547
61508269
61493692
61492761
61494453
61494594
61493452
61508625
61494476
61492668
61494693
61493482
61508801
61494663
61492804
61493560
61493015
61494831
61492833
61494748
61495061
61495042
61493865
61509108
61495076
61493382
61495023
61495202
61508979
61494569
61494145
61494875
61495116
61494065
61509233
61494443
61495091
61493622
61495359
61493275
61495180
61495493
61493637
61509788
61494796
61494324
61496132
61495568
61495638
61493357
61493681
61509822
61509563
61495108
61494602
61495750
61493244
61493530
61495809
61494022
61495622
61495908
61493998
61509804
61495997
61494073
61495954
61496034
61494980
61510431
61496035
61494211
61496187
61496380
61510578
61495637
61494604
61496409
61494691
61510486
61496407
61495906
61494583
61496572
61494579
61496619
61495565
61496490
61496851
61496804
61510694
61494901
61495688
61496709
61497022
61495902
61511105
61496355
61495798
61495374
61497121
61497167
61495091
61496639
61495595
61497263
61497433
61495227
61495243
61496408
61495304
61497281
61497029
61498040
61497422
61497050
61497400
61497606
61497495
61497558
61497830
61495657
61506321
61503891
61520561
61505905
61504566
61505330
61506359
61504270
61504286
61505216
61506117
61506481
61506414
61504194
61506577
61504248
61520562
61504576
61506610
61504658
61506686
61506712
61520522
61505914
61505369
61520708
61504634
61520780
61508755
61506560
61506582
61506628
61506667
61506729
61506854
61504872
61506798
61507049
61507166
61520802
61505958
61520994
61505266
61505676
61507399
61507445
61505460
61521408
61506824
61506747
61507362
61507627
61506525
61522065
61507101
61506901
61507581
61507894
61505930
61506561
61508024
61507954
61505823
61508141
61508218
61506135
61506025
61522404
61506236
61507677
61509084
61506500
61508378
61508793
61506778
61523024
61508237
61508016
61506936
61508961
61509086
61522906
61508234
61507405
61508714
61509105
61506989
61523493
61508997
61507189
61509067
61509273
61507184
61523404
61523781
61523423
61509243
61509323
61508145
61507961
61509366
61509559
61509738
61509791
61509799
61507737
61523972
61507805
61509804
61509026
61508241
61509673
61509894
61509981
61510078
61510151
61508310
61508135
61508990
61510235
61509143
61508283
61524863
61508376
61524018
61509861
61508362
61508857
61510192
61509035
61524496
61509618
61509151
61509903
61510369
61509114
61524548
61510121
61508515
61510238
61510356
61524147
61508211
61510051
61508614
61510539
61510616
61524434
61508498
61510801
61508620
61508631
61510250
61510775
61509761
61509041
61509580
61508721
61510564
61510733
61510943
61510715
61510204
61511087
61511228
61509006
61525475
61510600
61509741
61509488
61510920
61511349
61511395
61509231
61511459
61511656
61510186
61525588
61511068
61510113
61511353
61511693
61510513
61525927
61511636
61510817
61512353
61511738
61510618
61525775
61510201
61510164
61510924
61511946
61510622
61511887
61512063
61509943
61509908
61510667
61511787
61512151
61510947
61526586
61511988
61510540
61512130
61512162
61510049
61510167
61511284
61511961
61512301
61509969
61510083
61511168
61510318
61526232
61509819
61526517
61511382
61511582
61511190
61510412
61511248
61512167
61512288
61509932
61526431
61510213
61512212
61511628
61512023
61512380
61511686
61510710
61510793
61512746
61512658
61512834
61512958
61512939
61512896
61512979
61510655
61526794
61527165
61526939
61527201
61527084
61527388
61513272
61512089
61527079
61511173
61512908
61512885
61511641
61527892
61512903
61513072
61513747
61513742
61513948
61512566
61513024
61513948
61513908
61512949
61513578
61513963
61514025
61513797
61514037
61514069
61514074
61514099
61514029
61511734
61528132
61528359
61512047
61513708
61512967
61512767
61512196
61514063
61514280
61512703
61513108
61512620
61514327
61528639
61512431
61514552
61514578
61512884
61514316
61513795
61514637
61514597
61512559
61528733
61512532
61514327
61528583
61529007
61512749
61514727
61513471
61512849
61514808
61514990
61528628
61512719
61513884
61514477
61512878
61513714
61514743
61514796
61513057
61512642
61513638
61528791
61513019
61514270
61514848
61515239
61513984
61529334
61515100
61514339
61513657
61515024
61515364
61515396
61514291
61515422
61514275
61513463
61529664
61513543
61515087
61514273
61513828
61515377
61515669
61515722
61515754
61513916
61513676
61530020
61515167
61515737
61514484
61515825
61514329
61514265
61516159
61516130
61516162
61514937
61530177
61514049
61516236
61514329
61516285
61516338
61515065
61514249
61530329
61514565
61516034
61514873
61517062
61516765
61514681
61530430
61516058
61515490
61516575
61516799
61516855
61514554
61530953
61531298
61531255
61530910
61514977
61531553
61516294
61515036
61515119
61516355
61517113
61515521
61515193
61517272
61517343
61517303
61514998
61531502
61515267
61531462
61516779
61531839
61515400
61516926
61517478
61517385
61531521
61531518
61531269
61515444
61517561
61517623
61517538
61517615
61517698
61517706
61531564
61515738
61516924
61517604
61517914
61516138
61531764
61515917
61517140
61517745
61518058
61518111
61515977
61515985
61518162
61517129
61518226
61518166
61516121
61518322
61518354
61518437
61518514
61518597
61518506
61517278
61518546
61516654
61517473
61517460
61516556
61516465
61516548
61533100
61532985
61518810
61518617
61516991
61518752
61518730
61516898
61516946
61519075
61519056
61517356
61519012
61516967
61517015
61533039
61517089
61518105
61519301
61519357
61519269
61519897
61517334
61519317
61519161
61519430
61519458
61519559
61517769
61533959
61518988
61519783
61517852
61519665
61519714
61517924
61533636
61519912
61519869
61517756
61517700
61519764
61519868
61518231
61519537
61519805
61519957
61520037
61520021
61518769
61533873
61534399
61517933
61517979
61520042
61520029
61520106
61518433
61533967
61533819
61519899
61518243
61519426
61534468
61534078
61520212
61520241
61520674
61518477
61520173
61519965
61520278
61520371
61520116
61520531
61520204
61520523
61519712
61520330
61520571
61520552
61520584
61520664
61519951
61520752
61518743
61518931
61520899
61520982
61520556
61520172
61518842
61534973
61535175
61534754
61519087
61520992
61520668
61520885
61520247
61521075
61521080
61519191
61519115
61520909
61521208
61519384
61519362
61521237
61535312
61535682
61519205
61520008
61521256
61519661
61521371
61521690
61520345
61535574
61535969
61520414
61521682
61521663
61519774
61520450
61520068
61520076
61519796
61520871
61521791
61520238
61535766
61520777
61536212
61521607
61520326
61521977
61522221
61522202
61536411
61521631
61520940
61520321
61521993
61522306
61522491
61522448
61521292
61536268
61521493
61520493
61536584
61537107
61522016
61522387
61522683
61522917
61521209
61521014
61522683
61521927
61520923
61520804
61522880
61522888
61521646
61537070
61522273
61521801
61522702
61522991
61523088
61521983
61537311
61522507
61522389
61523069
61523286
61521421
61537458
61523208
61521685
61523251
61523468
61521360
61537613
61522932
61522381
61523258
61523571
61521884
61523340
61523701
61523675
61537629
61522932
61522080
61523344
61523671
61523665
61537723
61521595
61521620
61521615
61523530
61522117
61523570
61523811
61522144
61537536
61521705
61522629
61524516
61524000
61522012
61538026
61521962
61522831
61522068
61523334
61524101
61522225
61537872
61523393
61523381
61524890
61524275
61523047
61538391
61524208
61522695
61525018
61524467
61524126
61524551
61523049
61538707
61524350
61522916
61525105
61524637
61522820
61538799
61539050
61522652
61524751
61522942
61524916
61524972
61538759
61522954
61523634
61524754
61525190
61524576
61524923
61522796
61539156
61539028
61524535
61524263
61523951
61523924
61523532
61525002
61525315
61525323
61539541
61523382
61524557
61525084
61525421
61525480
61539212
61539939
61525348
61523804
61525287
61525672
61525653
61525623
61523582
61523642
61524505
61523710
61525715
61525819
61523567
61539849
61524206
61524019
61524705
61525761
61523726
61540206
61525652
61524115
61523756
61523843
61525820
61526143
61524151
61524307
61526078
61524014
61526064
61525173
61525925
61526238
61524334
61540488
61526037
61524349
61526236
61526289
61524329
61540949
61524275
61525720
61525422
61526248
61526561
61525022
61540695
61524605
61526343
61524882
61525688
61526463
61526886
61525781
61541246
61526969
61525240
61525736
61527129
61527147
61527142
61525979
61541246
61525166
61526929
61525523
61527506
61525575
61526507
61527587
61525811
61541565
61525555
61527531
61526610
61525822
61527394
61527734
61527814
61541823
61526641
61542103
61527609
61526607
61541732
61528048
61527949
61528101
61528202
61527988
61542269
61528421
61528367
61528303
61528112
61528069
61527453
61527096
61528422
61526443
61526454
61526435
61528147
61543062
61543046
61526635
61527267
61543358
61543220
61528340
61527048
61529091
61527919
61528932
61529194
61543081
61543756
61528754
61527703
61529399
61529448
61528062
61528384
61527791
61543413
61527546
61528346
61529391
61529755
61529763
61527725
61544133
61529343
61543763
61544372
61529669
61528245
61529701
61530134
61528200
61544089
61529433
61529254
61529944
61530308
61530289
61530201
61530452
61529173
61544453
61528414
61530499
61528568
61530449
61530604
61528602
61544378
61528456
61530469
61528655
61530590
61530739
61528554
61528621
61529384
61530490
61530779
61528341
61530894
61529002
61545138
61529279
61544984
61530440
61529629
61530602
61531075
61530998
61544748
61529055
61545240
61545050
61530646
61529855
61529250
61530441
61531331
61529808
61545608
61529347
61531357
61531165
61531427
61529589
61531599
61530464
61545482
61530807
61530338
61531284
61531723
61530456
61545628
61531632
61529989
61531661
61531843
61532450
61532153
61532011
61529874
61529992
61530841
61531858
61532096
61532149
61530093
61529983
61532095
61530122
61531495
61531367
61532126
61532388
61530475
61530576
61547101
61531935
61531612
61530597
61532676
61532675
61546544
61530817
61531123
61532477
61532581
61532822
61530967
61547219
61532241
61531731
61530944
61532921
61533100
61533006
61533147
61530869
61532074
61531098
61547405
61531241
61532563
61533286
61532481
61531710
61531382
61533123
61533179
61533540
61531801
61547403
61531331
61547967
61531569
61533626
61531097
61533226
61531602
61533346
61533693
61533588
61547374
61532712
61532424
61534072
61533655
61533578
61531460
61531776
61531801
61547574
61533147
61532906
61533556
61533797
61533979
61532963
61531936
61532019
61534121
61534198
61533031
61532127
61533095
61532535
61534368
61534400
61533172
61548297
61533764
61532740
61534152
61533105
61532377
61532364
61534018
61533183
61532708
61535071
61533579
61534608
61534640
61534720
61534707
61534790
61534720
61533615
61532583
61534901
61535005
61534938
61535042
61533871
61532967
61558756
61558711
61542401
61544516
61544722
61542785
61544433
61544441
61544688
61544789
61544770
61544826
61558486
61559055
61558580
61558657
61559196
61559249
61542895
61544439
61544817
61544025
61543071
61545021
61545214
61545253
61545213
61545221
61543993
61559009
61559770
61544751
61543895
61545458
61543689
61543337
61545153
61545544
61544985
61545417
61545470
61545502
61543990
61545542
61545595
61544541
61560022
61543724
61544606
61543837
61545793
61545921
61544165
61559753
61544001
61544058
61544646
61546192
61546121
61544331
61546161
61546439
61545252
61560436
61545821
61545160
61544339
61546418
61546444
61546650
61560288
61544505
61545302
61544662
61546774
61544915
61545775
61546927
61545699
61560934
61546825
61545340
61547590
61547061
61547202
61544990
61561361
61545766
61561414
61546727
61546210
61547046
61547359
61545446
61561307
61545280
61547365
61545413
61546438
61545837
61545704
61547349
61545967
61545783
61547533
61547514
61545837
61547578
61548496
61547961
61547921
61546065
61546002
61548116
61548199
61546161
61562251
61547626
61548058
61547024
61546642
61548098
61548393
61548470
61548502
61549096
61550158
61548617
61550062
61550279
61550441
61550356
61564222
61548415
61563863
61549290
61547946
61564614
61550214
61548615
61549465
61550572
61548677
61548720
61550777
61550432
61550847
61551009
61549794
61565041
61550541
61550119
61550915
61551207
61551770
61551326
61551259
61549197
61549186
61551315
61549569
61551199
61551413
61551547
61549332
61565277
61565885
61549672
61550352
61551370
61551748
61549886
61565760
61549748
61551935
61549867
61551769
61552143
61550130
61565876
61550163
61552104
61552205
61552141
61552143
61551501
61550391
61552076
61566210
61553031
61566657
61552204
61566337
61550508
61551444
61550996
61550857
61551372
61552722
61552550
61552783
61566926
61567276
61552233
61552884
61552044
61550910
61552558
61550943
61552773
61552901
61551111
61550871
61566868
61567210
61550876
61552639
61551913
61551787
61551371
61553094
61553239
61553271
61553354
61551193
61567179
61567633
61551198
61553012
61552054
61552809
61553406
61551859
61552654
61552044
61551808
61553247
61553570
61553657
61553624
61553707
61551675
61568128
61553198
61553757
61552944
61553000
61552301
61552203
61554570
61554033
61553853
61553950
61554194
61554322
61554331
61552624
61554303
61568626
61554530
61554511
61553232
61554449
61554567
61553390
61569129
61554178
61553920
61554521
61555022
61554866
61553090
61552641
61555082
61552514
61568725
61568858
61552870
61554913
61555017
61554126
61553074
61555308
61553268
61554865
61555133
61555288
61555371
61552996
61553116
61569241
61569327
61553182
61554945
61555377
61554718
61555420
61554593
61556260
61555639
61553382
61553743
61555842
61553980
61555419
61555502
61555668
61555762
61555989
61555624
61555964
61556164
61556138
61556314
61554278
61553870
61570230
61555817
61554584
61556002
61556233
61556460
61554083
61556401
61570226
61554317
61555554
61556261
61556570
61554702
61556218
61554122
61570404
61555887
61555564
61556244
61556512
61556718
61556648
61554807
61556921
61556830
61555283
61554659
61570712
61571219
61571425
61556505
61556958
61556367
61557046
61557164
61556607
61555349
61557013
61556079
61555823
61555516
61557301
61558085
61557683
61557654
61557737
61557820
61557876
61556795
61571709
61556039
61572116
61557646
61556874
61556104
61558129
61558356
61558316
61555875
61557096
61556168
61558345
61557168
61556315
61572726
61572411
61556395
61557963
61558088
61558523
61557635
61556902
61558059
61558614
61558711
61558791
61557778
61556967
61558543
61558599
61558816
61558947
61558928
61559008
61558944
61559062
61559033
61557009
61558014
61557110
61573470
61573563
61558538
61559240
61559224
61559379
61558567
61557474
61559290
61559633
61559480
61559772
61559811
61559792
61557930
61558749
61573663
61574370
61557842
61557925
61558378
61573770
61574418
61559406
61558837
61558815
61558274
61559922
61560187
61560240
61560344
61559194
61574087
61574896
61574338
61574930
61559821
61560571
61559912
61574495
61574464
61574895
61574709
61558744
61559530
61575035
61560401
61560878
61560859
61560295
61559302
61560926
61561078
61561233
61559883
61575350
61560809
61561409
61559283
61559503
61559549
61561210
61561570
61561255
61560045
61560053
61560136
61561452
61561423
61561663
61561699
61561843
61561424
61561418
61561723
61561875
61561832
61561864
61561872
61561976
61561936
61562019
61562072
61562018
61560007
61576532
61561862
61561500
61560962
61560097
61561033
61560329
61562312
61562365
61562065
61562501
61562078
61562158
61562519
61561836
61562289
61576921
61560690
61576459
61561040
61562657
61562542
61562742
61560640
61560888
61562515
61562496
61562809
61562841
61561736
61577190
61576931
61560907
61563108
61562136
61561598
61562724
61562986
61563018
61576956
61577484
61562581
61561941
61561250
61563241
61563492
61561846
61577310
61577846
61561575
61563660
61561756
61563661
61563789
61561724
61577956
61561827
61564044
61562227
61564659
61564705
61564258
61564369
61562714
61578398
61578240
61578830
61564328
61562897
61564223
61564665
61564571
61563384
61578509
61563912
61564823
61563231
61564550
61564781
61564898
61563598
61579103
61562740
61564774
61563038
61565433
61565040
61564915
61562904
61562950
61579629
61565082
61563685
61565871
61565311
61565453
61564272
61579635
61563425
61564259
61563595
61565572
61565598
61565520
61565467
61565735
61565928
61565882
61565842
61563985
61580081
61565374
61565331
61565989
61564901
61564474
61565882
61564370
61566018
61566289
61566417
61566521
61564103
61580422
61564284
61565987
61564722
61566383
61566549
61566129
61566267
61564344
61565143
61580315
61565712
61565099
61564531
61566433
61566588
61580369
61580981
61565935
61566532
61564988
61565092
61567506
61566912
61566883
61564947
61581445
61566511
61566167
61566820
61567061
61567312
61564791
61581183
61566639
61566316
61566972
61567473
61567454
61581214
61565309
61567407
61565604
61567455
61567558
61567648
61566434
61581801
61567150
61566030
61566158
61568294
61567759
61567900
61566110
61582144
61567310
61566814
61566123
61568110
61568132
61568140
61568244
61566833
61582671
61566336
61568421
61566490
61568542
61566443
61566774
61568415
61566934
61582950
61567316
61582696
61582801
61568036
61568339
61567559
61568460
61568797
61567037
61582818
61568172
61567604
61568532
61568845
61568979
61566791
61566984
61567065
61567773
61567167
61568294
61569163
61569297
61583046
61567180
61569353
61567306
61569211
61569421
61568791
61569035
61567933
61583325
61568796
61567679
61570016
61569417
61569486
61568380
61583360
61567558
61568409
61567694
61569739
61569655
61567739
61583400
61567552
61568775
61567911
61569618
61569958
61567928
61584160
61569258
61568186
61570517
61570057
61568114
61583845
61567821
61569957
61568416
61569893
61570093
61568026
61584109
61568072
61570082
61568397
61570066
61570337
61569034
61584379
61568213
61569498
61570243
61570658
61568817
61584960
61570014
61570744
61570617
61570954
61569777
61585037
61570962
61569233
61571045
61571173
61569353
61569877
61585512
61571134
61569700
61571834
61571342
61571412
61569059
61585420
61570797
61571078
61570606
61571235
61571613
61571645
61569620
61569674
61571796
61571628
61572016
61572069
61585771
61571223
61572120
61570108
61572040
61572267
61572162
61569998
61586604
61572231
61571070
61571072
61571728
61572041
61570179
61586065
61586575
61571763
61570684
61572065
61572405
61572611
61586193
61570419
61571243
61572275
61572588
61572620
61586510
61570625
61571419
61571155
61572674
61572829
61571668
61587092
61572295
61571381
61572206
61573174
61571016
61587547
61572471
61572999
61571705
61572897
61573224
61573286
61572103
61571337
61573446
61571703
61573423
61573715
61573942
61587585
61571612
61572774
61573368
61573783
61571253
61571531
61571816
61573761
61573518
61573845
61573839
61571572
61588179
61573506
61573145
61573811
61574087
61572975
61587940
61572284
61572510
61573966
61574357
61574338
61588319
61572436
61573273
61572669
61574495
61574582
61588504
61574233
61572949
61572436
61574656
61574808
61572742
61572833
61574881
61573001
61574063
61575034
61573888
61589305
61573075
61573878
61574998
61572783
61574783
61574911
61572822
61589299
61575125
61573489
61574996
61575110
61575269
61573163
61573193
61575315
61573384
61575281
61575409
61573482
61589382
61573296
61575432
61573689
61574501
61575527
61574350
61589428
61575037
61574055
61576370
61575827
61573438
61589969
61575949
61574408
61576250
61576321
61576381
61590439
61574212
61575036
61574512
61576288
61576384
61574652
61590301
61574513
61575437
61576324
61576565
61576720
61576848
61574763
61574707
61576922
61574984
61576632
61576969
61575467
61591602
61577042
61575344
61577231
61577308
61575518
61591352
61575288
61577461
61575543
61577513
61577563
61575309
61591991
61577542
61575862
61577674
61577751
61577804
61575807
61575823
61576647
61578545
61578080
61576801
61592146
61577658
61576439
61577441
61578259
61576483
61577227
61592894
61578402
61576789
61576777
61576977
61577950
61578304
61578377
61592208
61577720
61577585
61578285
61578598
61576560
61576549
61578763
61576733
61578788
61578814
61579071
61576907
61576947
61577645
61576780
61579075
61579179
61577031
61593607
61579033
61577564
61579927
61579357
61577465
61593419
61578670
61579495
61577775
61579488
61579616
61578497
61593609
61579118
61578532
61579433
61579797
61579764
61578638
61593675
61593825
61577881
61578750
61578038
61580002
61580106
61578244
61593826
61577968
61580053
61578293
61580109
61580209
61580190
61579050
61594574
61579668
61579352
61580032
61580447
61580493
61579316
61594597
61578599
61580633
61579071
61580422
61580762
61580880
61594671
61578765
61580053
61580593
61580892
61579054
61595173
61578738
61580925
61579024
61580950
61581092
61579908
61595322
61578989
61581009
61579108
61581205
61581309
61595346
61578627
61595530
61579262
61581196
61579128
61581252
61581209
61578928
61579330
61580295
61581247
61581611
61579743
61595399
61579597
61581237
61581660
61579903
61581784
61581888
61580636
61595850
61581352
61580706
61581658
61582046
61579986
61596344
61581466
61580908
61582791
61582371
61582259
61596491
61580248
61582319
61582076
61582467
61582445
61596465
61580249
61582463
61580641
61582225
61582667
61580610
61596705
61596903
61582010
61582740
61581025
61582559
61582848
61582853
61580866
61597250
61582874
61581375
61582756
61583048
61583108
61583263
61581027
61597603
61581702
61582253
61583056
61583246
61583350
61582296
61597576
61597749
61582904
61581853
61584141
61583649
61581706
61597869
61583093
61582770
61583378
61583691
61583723
61582693
61598291
61598245
61583848
61582298
61584637
61584094
61584198
61581992
61598184
61583408
61597954
61583237
61583974
61582505
61595535
61594989
61594997
61594008
61609411
61593113
61595082
61593195
61595271
61595340
61595345
61609259
61593476
61595306
61595141
61595556
61593088
61609844
61594819
61594515
61595395
61595834
61595815
61593539
61609688
61593791
61595978
61595609
61595973
61596077
61610088
61595489
61594952
61595955
61596169
61594372
61610189
61594415
61596373
61594812
61595559
61596653
61595151
61610729
61611134
61596468
61595715
61596653
61596915
61596896
61594858
61611485
61596298
61596259
61595039
61595978
61597160
61597168
61595055
61610939
61595113
61596750
61596361
61596990
61597405
61597386
61595209
61611516
61596844
61597321
61595444
61597499
61597648
61595345
61595495
61612054
61595622
61597745
61596160
61597602
61597864
61596132
61612193
61597375
61597993
61596171
61598022
61598085
61598182
61600045
61597758
61597972
61595870
61611949
61597429
61596549
61597981
61598198
61598414
61598446
61596261
61596253
61597626
61597410
61598260
61598597
61598680
61597524
61612975
61598263
61597868
61598446
61598632
61598793
61598750
61597275
61596627
61613114
61598926
61597154
61598993
61599165
61597266
61612929
61597025
61599182
61597505
61598988
61599277
61599258
61598204
61613271
61597503
61599537
61597455
61599480
61599533
61597671
61613225
61597372
61599610
61597772
61598843
61599671
61597633
61614233
61599371
61598794
61599437
61599617
61600029
61600071
61598945
61614028
61599432
61599276
61599980
61600293
61600400
61599100
61614110
61598287
61600321
61598393
61600394
61600498
61614211
61598479
61614479
61598417
61600553
61598814
61600632
61600733
61598817
61614371
61598545
61600681
61599718
61600644
61600906
61599041
61614940
61599291
61614716
61600469
61599904
61600784
61600923
61601239
61615532
61599183
61600792
61600418
61601173
61601531
61601628
61599483
61616052
61601171
61601657
61599856
61601419
61601794
61601856
61615912
61616024
61601310
61600749
61600023
61601935
61602151
61600974
61616452
61601471
61602164
61600291
61602247
61602300
61602380
61616255
61616417
61600424
61601391
61602252
61602565
61600148
61616839
61600551
61602599
61600898
61602498
61602803
61602814
61616896
61602058
61601648
61602522
61602848
61601397
61616916
61602348
61601626
61601833
61601077
61603245
61603298
61602172
61617464
61601414
61601848
61602324
61603076
61603491
61603479
61601424
61617736
61601520
61603540
61601602
61603695
61603793
61601318
61617766
61601625
61602627
61604378
61604025
61603985
61601821
61618325
61601910
61604155
61601909
61604054
61604158
61602981
61603498
61602602
61617667
61603224
61602629
61603649
61604006
61604154
61602041
61602057
61602830
61603950
61604263
61604367
61618177
61602306
61604364
61602454
61604126
61604415
61604563
61603359
61618708
61603884
61603752
61602981
61605197
61604705
61602817
61618464
61618777
61604252
61603943
61604497
61604837
61604934
61602939
61619047
61602790
61604977
61603125
61604945
61605004
61605101
61618942
61619577
61603790
61604464
61605042
61605142
61605533
61605521
61619736
61603505
61605467
61603560
61605564
61605767
61603609
61619877
61603613
61605749
61604038
61605645
61605934
61605942
61619781
61603998
61606069
61605792
61606002
61606105
61606015
61604814
Peak: 62233759
Average: 60832987.33415211
