0
136822
171175
536038
871008
1197285
1656572
2369092
2667967
3035062
3539502
3902792
4383895
5154347
5566089
5714912
6200180
6679946
7165385
7415115
7807678
8354018
8580481
9008034
9358025
9450467
9602095
9961406
10677800
10991837
11662255
12197501
12632276
12892177
13365368
14094622
14458069
14796016
15437693
15820869
16269544
16501042
16622212
16729644
17094173
17246746
17529398
17905815
18035220
18217915
18315985
19614039
19416119
19613695
19720086
19722890
19938816
20010164
20162647
20310166
20465348
20845867
21323505
21394917
21934515
22342339
22670323
23273090
23520005
23903349
24226441
24442831
24467306
24614000
24774029
24973738
25144713
25456635
25748397
26077185
26645877
26903560
27388627
28036651
28669229
29513028
29956007
29958079
29963863
29966003
29980548
29991697
30142764
30583259
31251198
31511261
31750188
31928325
32097046
32339789
32383432
32448263
32578736
32585397
32657987
32833924
32984718
33441229
34363234
33888122
34382290
34501906
34677450
34720579
34738620
34777072
35096720
35188427
35770025
35901392
36231209
36860849
37089814
37510133
37805845
38021372
38415858
38415945
38415779
38416048
38276277
38702970
38787776
39055475
39137718
39245222
43192078
43208713
43507594
43537516
44140120
44125555
44185776
44226415
44276457
44351384
44379131
44432379
44481985
44562466
44589744
44669218
44664278
44900799
45121374
45198716
45673799
45846105
46103167
46641479
46843896
46879189
47060027
47144893
47214790
47401304
47488470
47607391
47664252
47982070
48120543
48358565
48565901
48648453
48796175
49076639
49207181
49242579
49263643
49265663
49371244
49374673
49376213
49379569
49382033
49385277
49387680
49390113
49391565
49395054
49397431
49399905
49402476
49404208
49407409
49378992
49515802
49639091
49696772
49940378
50157053
50238716
50332403
50356163
50374739
50407075
50422050
50495204
50525580
50707988
50739268
50865837
51053510
51210326
51414017
51558659
51906452
52216326
52473719
52686817
52945467
53229067
53699483
54316115
54530087
54611070
54613481
54649759
54689930
54911672
54994934
55011232
55083212
55192387
55101064
55278180
55574390
55929149
56009930
56101248
56524856
56919267
56974580
57379859
57446451
57974429
57750097
57959785
57981116
58194589
58214454
58130032
58406195
58466800
58489834
58577975
58877439
59197066
59784356
59884180
59966156
60025420
60081148
60124776
60294573
60331559
60903696
61834864
60908756
61761856
64093223
66421254
68917469
71245918
73574466
76068592
78396552
80891849
83218404
85545108
88040492
90367436
92693595
95021630
97515335
99842492
102169113
61135784
60930025
60933234
60933888
60934869
60934343
60936022
60935951
60936160
60935057
60936288
60936618
60936937
60936253
60936108
60935533
60935682
60937322
60936971
60937021
60915351
62577040
64405788
66899640
69558533
72218736
74878564
77538135
80197945
83025096
85683776
88342599
91003072
93329375
95657709
97984289
100312368
102638864
60939601
60940587
60940929
60940859
60941042
60941206
60939996
60940399
60940450
60940378
60941239
60941504
60940252
60940251
60941369
60941509
60941696
60940340
60940556
60940256
62748689
65241598
67900878
70392920
73052311
75711823
78371420
81031438
83691512
86352828
89011602
91671860
93997498
96325134
98651642
100980096
103306584
60941984
60943471
60943752
60942470
60943596
60943724
60942547
60943396
60943148
60942553
60944102
60944340
60943336
60942933
60943700
60944580
60944481
60944504
60943402
61754239
63913482
66406782
69065230
71725262
74384950
76546126
79205726
81864589
84691934
87350838
90010982
92669694
94997726
97324278
99652678
102146446
60944346
60945267
60945669
60944804
60944803
60945870
60946093
60946213
60946147
60945355
60945328
60946048
60946300
60946431
60946482
60945128
60946251
60946385
60946497
60945556
62419857
64913444
67405076
70065764
72723948
75383551
78043482
80703079
83530290
86189115
88848296
91675698
94001092
96330292
98656841
100985095
103311454
60946452
60946676
60947463
60947793
60946452
60946596
60947608
60947689
60947927
60947848
60947136
60947008
60947953
60946680
60947104
60947286
60947273
60946945
60947982
60926850
62919722
65578813
68239740
70731829
73391076
76050895
78710297
81537512
84197358
86857272
89515304
92175595
94504531
96831137
98990267
101318444
103789890
60949739
60948422
60948819
60948855
60949685
60949856
60949745
60948649
60949729
60949922
60949967
60948662
60949473
60949470
60949182
60949969
60950197
60950178
60950099
61924590
64584120
67076538
69903438
72562896
75221329
77881008
80708155
83367930
86026824
88851745
91513298
93838576
96166651
98326834
100490099
102649196
60951212
60950998
60951056
60950257
60950172
60951031
60951119
60949894
60951254
60951290
60951365
60950038
60951398
60950746
60951756
60951984
60952147
60952242
60951095
60950718
62925163
65251023
67910729
70570102
73228345
75888265
78547745
81207633
83867165
86527465
89353585
92013817
94341502
96668353
98994814
101323110
103793428
60952906
60951793
60952188
60952275
60951905
60953727
60953228
60952067
60952221
60953717
60953481
60953454
60953477
60952680
60953072
60952833
60953071
60953616
60952902
61763721
64089254
66416308
68742468
71403119
74063240
76722958
79382506
82041754
84701707
87360790
90021426
92680421
94842532
97169204
99495631
101825089
60969325
60956200
60955627
60955769
60955044
60956474
60956839
60956825
60955766
60957089
60957160
60957293
60957462
60957342
60957057
60958220
60958191
60958303
60958259
60957222
62266299
64591995
67252159
69911657
72403999
75063337
77723319
80382830
83042603
85704140
88362883
91023143
93348392
95676540
97670641
99998794
102326618
60959155
60959332
60958169
60958298
60959365
60959609
60958293
60959351
60959646
60959621
60959630
60959185
60958950
60958988
60958537
60959909
60959571
60960128
60958895
60958929
62268224
64593718
67086697
69747078
72406585
75066129
77725758
80384326
83044158
85704383
88363255
91023719
93183646
95179663
97173735
99335151
101330951
103157895
60959721
60959932
60959519
60961288
60961115
60961345
60961303
60960250
60961427
60961693
60961813
60960438
60961222
60961205
60961010
60961907
60962055
60962927
60961657
61107231
63267240
65760184
68420251
70912224
73571592
76232507
78724934
81384627
84045598
86538451
89197142
91857702
94185131
96345781
98672302
101000563
103328382
60963343
60962700
60964019
60964133
60964194
60964400
60964534
60963845
60963595
60964870
60965006
60965030
60963848
60964040
60964402
60964309
60964019
60965179
60965268
60942813
63103066
65263959
67756841
70416187
73076579
75736135
78395738
80888215
83547954
86375461
89034325
91694498
94021032
96181791
98508311
100836799
103162981
60965173
60965952
60966167
60966321
60965283
60965040
60966253
60966416
60965242
60965944
60965706
60965472
60966525
60966775
60966767
60965856
60965648
60966736
60966774
61276792
63437097
65929873
68590137
71082289
73742441
76403233
78728636
81056015
83549659
86210020
88868663
91529831
93856175
96184505
98511956
100672667
102999176
60968389
60968471
60968498
60967570
60967631
60967218
60968712
60968710
60967506
60967599
60967356
60968596
60968708
60968804
60968916
60968923
60968067
60968014
60968304
60967675
62775558
65100990
67760022
70419350
73079814
75739430
78399046
81058782
83718686
86211310
88870150
91530758
93856982
96185086
98511582
100839966
103166534
60968913
60968755
60968530
60969309
60969478
60969520
60968456
60968543
60968535
60969693
60968578
60969945
60968553
60968716
60969804
60969936
60970187
60968874
60969274
60969045
61945179
64437688
66930905
69423356
72083401
74744274
77403818
79896397
82556464
85215075
87875088
90536446
93027978
95189953
97516578
99845944
102005270
60971702
60970644
60970285
60971645
60971417
60970285
60970327
60970094
60971436
60971468
60971633
60971640
60971187
60970936
60970939
60970611
60971656
60971906
60971983
60970801
62446821
64605718
67098708
69757984
72417497
75077529
77737976
80397784
83057639
85717693
88376657
91036867
93528449
96189033
98516566
101009801
103518719
60971926
60971970
60973022
60973333
60973303
60972348
60972580
60972460
60973434
60973625
60973651
60972426
60972719
60972305
60973481
60973621
60972484
60973228
60972972
61615976
63943791
66436639
68928162
71588711
74081481
76741041
79401055
82059770
84720895
87381019
90040078
92532764
94861238
96855158
99015606
101344891
103815233
60974752
60974719
60974720
60974061
60973997
60973712
60974800
60974367
60975076
60974004
60973989
60974970
60975110
60975281
60975252
60975275
60974584
60974747
60974445
61451363
63778111
66105416
68598400
71257776
73750798
76411539
78903445
81564171
84056514
86716610
89375602
92035746
94363706
96690274
99016794
101344971
103816665
60975969
60976038
60974789
60975389
60975584
60975093
60976155
60975604
60976423
60976411
60976456
60975210
60976231
60976371
60976563
60975309
60976053
60976117
60975743
61784621
64112708
66606519
69097870
71759224
74251737
76912310
79571001
82230723
84723358
87383609
90043773
92536468
94698429
97024851
99352700
101513465
103818879
60978264
60978441
60977515
60977591
60978367
60977519
60977473
60978113
60977665
60977359
60978513
60978441
60978679
60977513
60977704
60977523
60978619
60978751
60978946
61455862
63782912
65941769
68434877
71095423
73587855
76248371
78740785
81400441
84060313
86554017
89212980
91874393
94201016
96361603
98688233
101016443
103343171
60979063
60978798
60979759
60980083
60978799
60978829
60979770
60979875
60980038
60978765
60979205
60979157
60979589
60979162
60980187
60979951
60980443
60980542
60980498
61125186
63285778
65778519
68270722
70930909
73423201
76082723
78576241
80737554
83231130
85892322
88551186
91211384
93536652
95865002
98192489
100353730
102680208
60981467
60980210
60979988
60981627
60981283
60981359
60980177
60980865
60980774
60980609
60980281
60981543
60981699
60981717
60980535
60980847
60980719
60981692
60981840
60981976
62621216
64781551
67274542
69935087
72427119
74920638
77581302
80074806
82734616
85393760
88053784
90714050
93039762
95367432
97527808
99855998
102183881
60982858
60982736
60982787
60982417
60984209
60983850
60983991
60982801
60982790
60982830
60984203
60983065
60983920
60984003
60984202
60984491
60984421
60983247
60983561
60983113
61127865
63289332
65782449
68274397
70933388
73594175
76253850
78746172
81573418
84233108
86892021
89550890
92211194
94539271
96865518
99192368
101520298
103825696
60985023
60985156
60983885
60984327
60984583
60984327
60985242
60985229
60985437
60985587
60985429
60984317
60985400
60985691
60985811
60984674
60984985
60985279
60985185
61794716
63955049
66447518
69106258
71767616
74427229
77086839
79745775
82406465
84898012
87558105
90218141
92710847
95039110
97034293
99193285
101522805
103827101
60986480
60986566
60986891
60985848
60985855
60985492
60986769
60986890
60985708
60985853
60985827
60986843
60986948
60987127
60987333
60986114
60986412
60986372
60986764
61796643
63956458
66449200
69108963
71601368
74261376
76921032
79581944
82073322
84733411
87393264
90054747
92547368
94375610
96703472
99029968
101358251
103828534
60988043
60986879
60987606
60987609
60987409
60986950
60988635
60988378
60988466
60988540
60987291
60988256
60988447
60988452
60988679
60988572
60988715
60987725
60987714
61298267
63626072
65619197
68112109
70771346
73431961
76091649
78751265
81410777
83903484
86563902
89223781
91883997
94210421
96372316
98699106
101027263
103353753
60989560
60990384
60990633
60990692
60989489
60990504
60990748
60990860
60989488
60989998
60990064
60990002
60990789
60990942
60991121
60991110
60991146
60989943
60990975
61302034
63461080
65954124
68613162
71273771
73766493
76426458
79085930
81745223
84404685
87064673
89558474
92217962
94545632
96872243
99200034
101528289
103832387
60991698
60990516
60991029
60990991
60991007
60991175
60991423
60991143
60991931
60992036
60992418
60992195
60991142
60992056
60992137
60992303
60992399
60992414
60991854
61302178
63796416
66287874
68780640
71439939
73934003
76593867
79254635
81913623
84573366
87233366
89893652
92385028
94713072
97039644
99367234
101528190
103833688
60992877
60993097
60993140
60992296
60992565
60992416
60992082
60993213
60993302
60993451
60992264
60992493
60992151
60993311
60993378
60993719
60992406
60993694
60992838
61636794
63630074
66122890
68615802
71274994
73935258
76428666
78922634
81082626
83743746
86402434
89061723
91721717
94048584
96377453
98703901
100864783
103191669
60994490
60993698
60993677
60993189
60994782
60994759
60993512
60993741
60993481
60994657
60994797
60994983
60993734
60994075
60994064
60994464
60994197
60994259
60993851
60973674
62967023
65459805
68120053
70611951
73271231
75930942
78591711
81251542
83911366
86404251
89062962
91723248
94050118
96377930
98705397
101033615
103192826
60994716
60995108
60995757
60996074
60996263
60996163
60995032
60996340
60997605
60996509
60997482
60996675
60997662
60997965
60997975
60996785
60996957
60996757
60996573
60997805
61972691
64465766
66958108
69618282
72110810
74771797
77263928
79924228
82584860
85243610
87736533
90396676
92889220
95217679
97543858
99873399
102032418
60998868
60997838
60997761
60998671
60998819
60998903
60999117
60999009
60997752
60998776
60998932
60999081
60997819
60998262
60998379
60998425
60998033
60999420
60998760
60999453
62140999
64300484
66793357
69451897
72113269
74605474
77265115
79924911
82585989
85244898
87904876
90565164
93056537
95052399
97213825
99373231
101701204
103840533
60999919
60999960
60999931
60999096
60999229
60998962
60999987
61000178
61000416
61000450
61000151
60999165
61000138
61000256
61000353
61000438
60999256
60999554
60999832
61476405
63969328
66629346
69120884
71780962
74441586
77100080
79761108
82420854
84912480
87572349
90232632
92393064
94722288
96881418
99207866
101537459
103841647
61001066
61001104
61000358
61000266
60999873
61001225
61001408
61001544
61001670
61000343
61000395
61001470
61000868
61001577
61001668
61001649
61000467
61001815
61001767
61311579
63639099
66131512
68790934
71282849
73944221
76604022
79263907
81922658
84582594
87242580
89735324
92394284
94723458
96882543
99209483
101371258
103842883
61002135
61000985
61001596
61001585
61001121
61002388
61002662
61002766
61002688
61002609
61001475
61001425
61002585
61002682
61002853
61002936
61002964
61002286
61002169
61479116
63805910
66465966
69124494
71617002
74277198
76937752
79597536
82256370
84748810
87409034
90069098
92729186
94890042
97216660
99544160
101872306
103844257
61003615
61003771
61003941
61005428
61005468
61005547
61004504
61004827
61004572
61005426
61005617
61005619
61005752
61004503
61005511
61005659
61005795
61004621
61006075
61316902
63476225
65969077
68629106
71120827
73781133
76442108
78934016
81593648
84253149
86914407
89572309
92233491
94561547
96888051
99047221
101375517
103847100
61006545
61006637
61006125
61005978
61005643
61006506
61006671
61006836
61005603
61005981
61005565
61007328
61006851
61007132
61007180
61007216
61005877
61007225
61007061
61150754
62978612
65305555
67798228
70457339
72950991
75112103
77605575
80265271
82926318
85417867
88078963
90571907
93064575
95226319
97553255
99882375
102041617
61008084
61007288
61007236
61006943
61007801
61008186
61008235
61008232
61008145
61007153
61007045
61008039
61008120
61008299
61007074
61007466
61007714
61007813
61007720
61007194
61983982
64143420
66636024
69296094
71788712
74448544
77108296
79768839
82261198
84920505
87581782
90241959
92733330
95062793
97221866
99548300
101877823
103849666
61009036
61008280
61008637
61008010
61009090
61008535
61008589
61008674
61008551
61009474
61009480
61008258
61008819
61008702
61009030
61008886
61008435
61009748
61009845
60987102
62981808
65474307
68134766
70626426
73287219
75779435
78439227
81100165
83760058
86252517
88911443
91571724
93898523
96227437
98386658
100714923
103041250
61010385
61010477
61009447
61009682
61009436
61009023
61010829
61010928
61010712
61010601
61010748
61010795
61009490
61009740
61009487
61010663
61010846
61010907
61009682
61009454
62650123
65143099
67635848
70295315
72954904
75614452
78274296
80933885
83593676
86421157
89079802
91740124
94066690
96227463
98554044
100882168
103209602
61010749
61010833
61010115
61011628
61011697
61010883
61011622
61011822
61011901
61010545
61011678
61011751
61012023
61012055
61010745
61011489
61011385
61011382
61010870
60990559
62985510
65478496
68138676
70630446
73290961
75950901
78610501
81102899
83763078
86422805
88749663
91409510
93736021
96064299
98391908
100718843
102879201
61014364
61014250
61014357
61013610
61013683
61013321
61014925
61014660
61014646
61014809
61014714
61013562
61014594
61014758
61015028
61014767
61014042
61014133
61014192
60993525
62820358
65313249
67972817
70632829
73292253
75951893
78611533
80605325
83099213
85759245
88418085
91078421
93404580
95732629
98060437
100388709
102715229
61015468
61014519
61015514
61015830
61014619
61015053
61015181
61014669
61015918
61015891
61016142
61016161
61014877
61015047
61014780
61015940
61016123
61016200
61016156
61014790
62655666
65149367
67641353
70300634
72961178
75619554
78280362
80772815
83432785
86093107
88751596
91412179
93738189
96066509
98392781
100722353
103048845
61016696
61016777
61015464
61016002
61016410
61015843
61016931
61017210
61017132
61017168
61016115
61015930
61016467
61016109
61016370
61016234
61016419
61016584
61016296
61016731
62159176
64652039
67144711
69636185
72296263
74789808
77449418
80109655
82770493
85429386
88089457
90749640
93075034
95404241
97563519
99892854
102219251
61017444
61017181
61016654
61017982
61018095
61016977
61017310
61017124
61018118
61018268
61018366
61018462
61018608
61017536
61017877
61017661
61017384
61018472
61019043
61018743
62160408
64153918
66646390
69305155
71965155
74625126
77284435
79944438
82771752
85430645
88090661
90750716
93243371
95570493
97730786
99892754
102054375
61018634
61018881
61018776
61018517
61018133
61019544
61019593
61018478
61018520
61019949
61019603
61019833
61018447
61019148
61019017
61019134
61019079
61019127
61018834
61019879
61829410
64322247
66814999
69306637
71966370
74626023
77285663
79946743
82606546
85265500
87925393
90585595
93077115
95406411
97565490
99893955
102220707
61019668
61019344
61020630
61020721
61020809
61019546
61019540
61021210
61020784
61020875
61020901
61021137
61020999
61020013
61021045
61021236
61021479
61020064
61020558
61020632
61663630
63991291
66316587
68478483
70970347
73629795
76292758
78785112
81444938
84106035
86765958
89424902
91917640
94244660
96573598
98732701
101060926
103387659
61023382
61022991
61024036
61024270
61024406
61023389
61023283
61024239
61024338
61024493
61024523
61023803
61023915
61023852
61023337
61025143
61024770
61024890
61023759
61169689
63330104
65822970
68314918
70975062
73467075
76126734
78786362
81447223
83939873
86599939
89258988
91919263
94246924
96574936
98734038
101062268
103388971
61024168
61025640
61025634
61024628
61025960
61025930
61025890
61026125
61025896
61024851
61025816
61026007
61026186
61024910
61025090
61025613
61025410
61025290
61026068
61004777
62997862
65490523
68150158
70810313
73469820
75962124
78621745
81281677
83941391
86270330
88761922
91422215
93915823
96076643
98403215
100731641
103058038
61025589
61026186
61026052
61027498
61027152
61027294
61026319
61025843
61027040
61027239
61027272
61025940
61026492
61026607
61026602
61026215
61027311
61027502
61027753
61004811
63332456
65825244
68484201
71143815
73636175
76295449
78955571
81282841
83777403
86270185
88930227
91589455
93915749
96077583
98404273
100732701
103060165
61026821
61027257
61027415
61027021
61028110
61028407
61027166
61027491
61027240
61027166
61028304
61028385
61028513
61028778
61027379
61027856
61027867
61027877
61027864
61007117
63000118
65494180
67986060
70646364
73138769
75798031
78291914
80952378
83445058
86106330
88765202
91257882
93751791
95912487
98239150
100568587
102727894
61029447
61028000
61029092
61029198
61029275
61029262
61028854
61028664
61028784
61028648
61028240
61030041
61028312
61029070
61029158
61028891
61029025
61028841
61028902
61029281
62004284
64164986
66658295
69317984
71810627
74471486
76963691
79624809
82283693
84776077
87436243
90096438
92755210
95415818
98074682
100735116
103394010
61029300
61031006
61030805
61030808
61030572
61029483
61030486
61030803
61031072
61031032
61029770
61030076
61030359
61030254
61030169
61030166
61029766
61030998
61031226
61008314
63002698
65662914
68154681
70814893
73307418
75967034
78626717
81286240
83947365
86607450
89098791
91759026
94085474
96414847
98575304
100571135
102730231
61030714
61031776
61031607
61031900
61031859
61030990
61031201
61030729
61032492
61032184
61032344
61031023
61031249
61030982
61032027
61032210
61032346
61031022
61031505
61030925
62672027
65164660
67826087
70319045
72979696
75639016
78131402
80792729
83452608
85945217
88603939
91264217
93590669
95920177
98079228
100407412
102733915
61035629
61035338
61034068
61035431
61035475
61035454
61035510
61035541
61035632
61034399
61034785
61034838
61034838
61034929
61034723
61034374
61035822
61035917
61035909
61036037
61677999
64004574
66331102
68824034
71483175
74143745
76804396
79464220
81955865
84615401
87276729
89936871
92428442
94756655
97083188
99409851
101739055
103877083
61036538
61036566
61036726
61035801
61036134
61035824
61035763
61035571
61036675
61036815
61037002
61037208
61036051
61035894
61035841
61036848
61037098
61037218
61037148
61514196
63673617
66166097
68658963
71318545
73978689
76638329
79298003
81956901
84617071
87277103
90104575
92596095
94924079
97250983
99578407
101906687
61036807
61036512
61037734
61036799
61037280
61036665
61037108
61037148
61037409
61037230
61036704
61038462
61038264
61038325
61036990
61037390
61037166
61038045
61038236
61038348
61348172
63842431
66333670
68993848
71486152
74146160
76807040
79467038
82125830
84618211
86945892
89606006
92098641
94428049
96754563
98913947
101242126
103569560
61037536
61038834
61038915
61038036
61037902
61038883
61038958
61037840
61038573
61038664
61038333
61038099
61039144
61039241
61039420
61039452
61039349
61038373
61038235
61183126
63344729
65837492
68329236
70988806
73649095
76141370
78636033
80962559
83622538
86282146
88941002
91601215
93927799
96257121
98583611
100911890
103237108
61039431
61039165
61038825
61039935
61040260
61040596
61039176
61040456
61039509
61039140
61040422
61040450
61040562
61039305
61040651
61039606
61039774
61039481
61040585
61019108
63013533
65505045
67998160
70657029
73317717
75977405
78636749
81296952
83956712
86616784
89275656
91935787
94095075
96424277
98749495
100911583
103238069
61040585
61040001
61041495
61041523
61041326
61040377
61040235
61040115
61041312
61041495
61041741
61041626
61040216
61041405
61041604
61041804
61041858
61041902
61041799
61041999
62516301
64841809
67500459
70161432
72653480
75313216
77973844
80466627
83126040
85786112
88446223
90939025
93433072
95594021
97920322
100249731
102576251
61042561
61042838
61042784
61042701
61042676
61041566
61042657
61042880
61043021
61041707
61042056
61041957
61042371
61042229
61041772
61042932
61042491
61043208
61043457
61043188
62183798
64344242
66837311
69497321
71990082
74649610
77310554
79970420
82630234
85289041
87949049
90609315
93102016
95262645
97258032
99418409
101746691
103884666
61043835
61042639
61043107
61043163
61043037
61042803
61043907
61044224
61044277
61044158
61044114
61043360
61045693
61046564
61046814
61046950
61046923
61046895
61046383
61524029
64017127
66508628
69168690
71661022
74321064
76981243
79641904
82300669
84959319
87620497
90279469
92772014
95101519
97427996
99588815
101915501
61046951
61046920
61047075
61046752
61047178
61047010
61046617
61047772
61048065
61048134
61046807
61047086
61046630
61047985
61048173
61048277
61048317
61048345
61047476
61047575
61357866
63518527
66012459
68504628
71164722
73657075
76316263
78975822
81637061
84129479
86789671
89448538
92108622
94436702
96597016
98923467
101253076
103412156
61048095
61048471
61047715
61048887
61047565
61047775
61047903
61048841
61049120
61049197
61049303
61049187
61048699
61048558
61048533
61048870
61048792
61048686
61048235
61049934
62025141
64184423
66678412
69337231
71997036
74489532
77149460
79808900
82469111
85127780
87621438
90281630
92941727
95102422
97428918
99757166
102083595
61050218
61049197
61049319
61049257
61049560
61049424
61048989
61050416
61050423
61050470
61050655
61049312
61049545
61049482
61049412
61049308
61050417
61050441
61050632
61050717
61526527
63853611
66179963
68672743
71165710
73825974
76486991
78979598
81307183
83799470
86459606
89118286
91946111
94271342
96433222
98759966
101088118
103414774
61049987
61050488
61051481
61051599
61051512
61050504
61050434
61050474
61051439
61051595
61051691
61051731
61051843
61051719
61051079
61051047
61051162
61051176
61050738
61030436
63024679
65517572
68176727
70668538
73329349
75490437
77982602
80643651
83303397
85796334
88455091
91115155
93441643
95769921
98096305
100425769
102585011
61052644
61051443
61051424
61052526
61052772
61052804
61052836
61051603
61052312
61052214
61052166
61051787
61052926
61053007
61053288
61051896
61052267
61052029
61052994
61053285
62359901
64854087
67346930
69839256
72498755
75158226
77818217
80478161
83137410
85797695
88456571
91116787
93610504
95771166
98097755
100425890
102752610
61052904
61054314
61054035
61053995
61052783
61053098
61053391
61053084
61053999
61053625
61053631
61053698
61053490
61053111
61053511
61053111
61054391
61053335
61053711
61053957
61863906
64190558
66516472
69010033
71502185
74163497
76655657
79316857
81808397
84468435
87129347
89789531
92280987
94610283
96769587
99097260
101258038
103895806
61055052
61055108
61055238
61054282
61054164
61053930
61055069
61054745
61055564
61055550
61055502
61055475
61055456
61054384
61054463
61055283
61055490
61055498
61055685
61366692
63692115
66186236
68678240
71337688
73998873
76491102
79318321
81809778
84469768
87129638
89791137
92282678
94611924
96938392
99097396
101425974
103897359
61056299
61056397
61056538
61055654
61055643
61056359
61055914
61055783
61055890
61055599
61056530
61056686
61055533
61056842
61055874
61055634
61056695
61056835
61056904
61366657
63527066
66019856
68512778
71172379
73833491
76325411
78985091
81644360
84304208
86964224
89623787
92283680
94612720
96939283
99098314
101426514
103898142
61056814
61060276
61060461
61060447
61060402
61059980
61059949
61059842
61059522
61060626
61060766
61060929
61061065
61060964
61059745
61059655
61060793
61060352
61061256
61204954
63532495
66025131
68516952
71177455
73669807
76330423
78656403
80817963
83311629
85971611
88464227
91124809
93451091
95779138
98106877
100267781
102594299
61062031
61062072
61060662
61061192
61061860
61060620
61061039
61061164
61061109
61060805
61061973
61062207
61062321
61061190
61061250
61061170
61061037
61062285
61062476
61062663
62369396
64862182
67520964
70014450
72673875
75334746
77826970
80488101
83147995
85639695
88299820
90960838
93286383
95615505
97774749
100102805
102430501
61062522
61063068
61063378
61062044
61062309
61061976
61063331
61063254
61063433
61062217
61062809
61062611
61063607
61063618
61063695
61063633
61063759
61062432
61062824
61062800
61706005
64033540
66359043
69017859
71678302
74171469
76666127
79158508
81818718
84311139
86972199
89631240
92124248
94453443
96612491
98939000
101268251
103427659
61063618
61063149
61064847
61064515
61064694
61063418
61063570
61064535
61064632
61064875
61064869
61064791
61064967
61064191
61064092
61064022
61063673
61064790
61064451
61043584
63202720
65530582
67856242
70516502
73008528
75669462
78161816
80821472
83481696
86142622
88801494
91461710
93786966
95782787
97777046
99938994
102265448
61064851
61064337
61065440
61065648
61064843
61064422
61065614
61065738
61065860
61064568
61065328
61065096
61065328
61065296
61065307
61065192
61065118
61065909
61066049
61066338
62041772
64367328
67027343
69518732
72178926
74672542
77332311
79993285
82653099
85144568
87804882
90464728
92957769
95286677
97446061
99775338
101934463
61065808
61066810
61066089
61066084
61066828
61066917
61067066
61067053
61065816
61066821
61067004
61067087
61066968
61067208
61067148
61067311
61067453
61066177
61067554
61067243
61211247
63537726
66030579
68690721
71350053
73843053
76503653
78995235
81655139
84148867
86809003
89468771
91961851
94289427
96450087
98776695
101105132
103432711
61067282
61067830
61068291
61067093
61067143
61068116
61068154
61068435
61068488
61067092
61067524
61067924
61067489
61067633
61067160
61068489
61068200
61068594
61068896
61046029
63206447
65699207
68358301
71018717
73678093
76170597
78830141
81490143
84149703
86810103
89468783
92128719
94456917
96617314
98943901
101272634
103600009
61069364
61069419
61069359
61069186
61069359
61069498
61068369
61068419
61069384
61069585
61069654
61068381
61069202
61068844
61068919
61068959
61068940
61068620
61069775
61048298
63208683
65534079
68193101
70853645
73345627
76006599
78666281
81158764
83819835
86479727
88971500
91631471
93958002
96287329
98446858
100608763
102603955
61070379
61070484
61069321
61070237
61070503
61069142
61069937
61069862
61069836
61069473
61069578
61070585
61070560
61070721
61070936
61070946
61071058
61071001
61071169
61071107
62045660
64705920
67197336
69690378
72351320
74345071
76838535
79498237
82157459
84818195
87478337
90138470
92629803
94959243
97118410
99445195
101774379
103912307
61071646
61070535
61071248
61071130
61070823
61071716
61071982
61072051
61072095
61070911
61071868
61072016
61072136
61070954
61071375
61071335
61071407
61070940
61072623
62046884
64373706
66867627
69359420
72020441
74512661
77173245
79665752
82325021
84984741
87647990
90309371
92802164
94962637
97290515
99617053
101778031
103917085
61076162
61075030
61075591
61075453
61074895
61076342
61076350
61076375
61076282
61075750
61076496
61075260
61076734
61075282
61075682
61076750
61076584
61076648
61076736
61076899
61553693
63713929
65873312
68367289
70859588
73352857
76012511
78673424
81166024
83825976
86486960
89145816
91806032
94132464
96293624
98620680
100781743
103108239
61076173
61076809
61076497
61076577
61076133
61077221
61077597
61077634
61077805
61076655
61076808
61076536
61077559
61077793
61077913
61076632
61077213
61077138
61077042
61076572
62883269
65043434
67536439
70197204
72689214
75348959
78008665
80502208
83162064
85989521
88149801
90643833
92969048
95297209
97625001
99786065
102113609
61077593
61078525
61077634
61077760
61077245
61078693
61078831
61078892
61078988
61077826
61077784
61078663
61078376
61079027
61079088
61078135
61078287
61078247
61077986
61079597
61888488
64381338
66872854
69532670
72025552
74685062
77344758
80005875
82665684
85157151
87817222
90477513
92970600
95298474
97626210
99954543
102281056
61079288
61078496
61079593
61079802
61079986
61078929
61078588
61079892
61079999
61080078
61080276
61078955
61078707
61080432
61080153
61080281
61079168
61078997
61080057
61080348
61390189
63550484
66043225
68536391
71196644
73688753
76182143
78842023
81502028
84161596
86822708
89481585
92141788
94301561
96629009
98789342
101117577
103445324
61080388
61079889
61080951
61081144
61081300
61080304
61079987
61080988
61081238
61081366
61081347
61081319
61080717
61080615
61080799
61080634
61080191
61081461
61081442
61060015
63219208
65546014
68038798
70698276
73357429
76018359
78676872
81336627
83996634
86657945
89316492
91976910
94136152
96464126
98791966
101120225
103279284
61081895
61080945
61082122
61082043
61081562
61081972
61082220
61082294
61082375
61081802
61081287
61082506
61082611
61082516
61081479
61082873
61081909
61082771
61082705
61081412
62722340
65214950
67875294
70367190
73026344
75686093
78345945
81005801
83665561
86325481
89151951
91812051
94138545
96134378
98460745
100789065
103115644
61083444
61082161
61082676
61082789
61082616
61083346
61083682
61083645
61083610
61083777
61082363
61084041
61083754
61082497
61082670
61083001
61082414
61083985
61083941
61061437
63553895
65880504
68207231
70534120
73027600
75687480
78347952
80840378
83500419
86327699
88986571
91479579
93973283
96133965
98460437
100788918
103115574
61084320
61083527
61083788
61083076
61083821
61084538
61084553
61083406
61084371
61084539
61084561
61083580
61084105
61084313
61083619
61084838
61085080
61085157
61084012
61228959
63556632
66048238
68541144
71200452
73861972
76353892
79013076
81673036
84332892
86992986
89652982
92312078
94639918
96966414
99292934
101621384
103926687
61086042
61084752
61085159
61085058
61085894
61086116
61086105
61085038
61084969
61086226
61084873
61085979
61086202
61086220
61084944
61085394
61085410
61084962
61085894
61894364
64221367
66548050
69040613
71700371
74361495
76853657
79513486
82172748
84833482
87326306
89986159
92479317
94808404
96967443
99295172
101456062
103927577
61087032
61085731
61086177
61086284
61085839
61086948
61087235
61086104
61086044
61086253
61086154
61087279
61087376
61087400
61087646
61087603
61087559
61086983
61086772
61397566
63557812
65387343
67381023
69540374
72034186
74693956
77353529
80013645
82673322
85332194
87494917
89988109
92480388
94808668
97135026
99295308
101623684
103928994
61088397
61088437
61087016
61087464
61087669
61087643
61088255
61088660
61088707
61087660
61087251
61088593
61088786
61088775
61087526
61087982
61088182
61087974
61088723
62064550
64390104
66883157
69542272
72201920
74862800
77522440
80014789
82842163
85333534
87993710
90654127
93151471
95311982
97639903
99801015
102128495
61093874
61092498
61092133
61093019
61093416
61093571
61093480
61093545
61093587
61093501
61092421
61092355
61093387
61093551
61093612
61092601
61092641
61093488
61093738
61093887
61570763
63896427
66222633
68882890
71374873
74035202
76695122
79354442
82013643
84674443
87334443
89993491
92653531
94814299
97140782
99301059
101629290
103934768
61093787
61094335
61094427
61094538
61093604
61094049
61093587
61093297
61093959
61094762
61094785
61093852
61093897
61093689
61094718
61094962
61094959
61095017
61094182
61572008
63897525
66390214
69050150
71542366
74203686
76696046
79356201
82014622
84674454
87334809
89994865
92654782
94815413
97142118
99469734
101797910
103936007
61094242
61095670
61095918
61095895
61094619
61095406
61095294
61095029
61095880
61095482
61096148
61096290
61096400
61095058
61094751
61096322
61096299
61096352
61095348
61739258
63898876
66557713
69050105
71709542
74370161
77030638
79689230
82348230
85007894
87667953
90495446
92821065
94984097
97143337
99469969
101798217
103937124
61096610
61096639
61096878
61096105
61096310
61096096
61095870
61097025
61097130
61097247
61097270
61096153
61095867
61097166
61096843
61097383
61096244
61097545
61097028
61574549
64067201
66560095
68885866
71213793
73705967
76366711
79026399
81518985
84179012
86838737
89498793
92158996
94318691
96646351
98972800
101302127
103628609
61098095
61098115
61098109
61096659
61097862
61098128
61098333
61098246
61097284
61097377
61097020
61098325
61098424
61098557
61097548
61097361
61098326
61098541
61098696
61574503
63902508
66393660
69053932
71713350
74373572
76865926
79525936
82184711
84844541
87504518
90164681
92657580
94985505
97313183
99472353
101800735
103939864
61099331
61098249
61098535
61098119
61099466
61099427
61099518
61099499
61099531
61099622
61098389
61098533
61099463
61099758
61098541
61099264
61098953
61098935
61098527
61741517
64235915
66728798
69220202
71880144
74373746
77033456
79694331
82185763
84845720
87506917
89999679
92659813
94820524
97146938
99473461
101635747
103941044
61100342
61099134
61100065
61099867
61099638
61100569
61100919
61100917
61099612
61099748
61100678
61100893
61101077
61100955
61100227
61100171
61099648
61100458
61101167
62241376
64402078
66894638
69553779
72214753
74707094
77367857
80027696
82520043
85178983
87840227
90500584
92993192
95321303
97646612
99976002
102135463
61100818
61100735
61100491
61101495
61101588
61100400
61101697
61101729
61101849
61101926
61102080
61100797
61101740
61101966
61102102
61102150
61102237
61101237
61101570
61101290
61745404
64237166
66730113
69390125
71882847
74543497
77203282
79695680
82355048
85014737
87675729
90335905
92828625
94989408
97315768
99476104
101804504
103943560
61101825
61102691
61102008
61102315
61101746
61103290
61103083
61101588
61101823
61102948
61103080
61103216
61103256
61103450
61102073
61103067
61103266
61103351
61102177
61129019
62760612
65255038
67746199
70407178
72899302
75559183
78219706
80214881
82707208
85367391
87860019
90519996
93012764
95342247
97501337
99829452
102156095
61121486
61121092
61121645
61122073
61121446
61122423
61123359
61123357
61122172
61123427
61123678
61123922
61122761
61124207
61123410
61123496
61123243
61122995
61124785
61124289
62098974
64426978
66752318
69245147
71906249
74398544
77058610
79718201
82378267
85038000
87530871
90190792
92683804
95012896
97171976
99498727
101827021
103966037
61125523
61125716
61125678
61124901
61124815
61125521
61125420
61125883
61125957
61124732
61125060
61125973
61125592
61126192
61124951
61125101
61126133
61126214
61126508
61436174
63762730
66422989
68914953
71574557
74235655
76728147
79387898
82047890
84540556
87201552
89693544
92020846
94348596
96509328
98835846
101165251
103324335
61126526
61126596
61125997
61127192
61127414
61127403
61126466
61126381
61127922
61127627
61126608
61127511
61127001
61127321
61126985
61128036
61128245
61128341
61128291
61273254
63432795
65926474
68418263
71078654
73570740
76064253
78723856
81384954
84044766
86537368
89196199
91856718
94184317
96012450
98172797
100501376
102828554
61129025
61127943
61128421
61129216
61129391
61128454
61128477
61128509
61128281
61129275
61128892
61129645
61129626
61133977
61132710
61134025
61133844
61132756
61133361
61132668
63106751
65265951
67758655
70251815
72911309
75404655
78064534
80725655
83218007
85879330
88370817
91031256
93524914
95685735
98012405
100340421
102667018
61133737
61134750
61134837
61133575
61134708
61134991
61134946
61134999
61135006
61134115
61134297
61133833
61135163
61135330
61134113
61134147
61133971
61135168
61134064
61135376
61777429
64271671
66430556
68924708
71584071
74076871
76570609
79230156
81723228
84382799
87044039
89702919
92195849
94525087
96851562
99010940
101338938
103666623
61136066
61136256
61136265
61135348
61135268
61136123
61136279
61135172
61135451
61135729
61135673
61135404
61136441
61136640
61135495
61135663
61136483
61136841
61136695
61613561
63773302
66267258
68758760
71252112
73913426
76405224
79064868
81558245
84218097
86712061
89371955
91866002
94191306
96353481
98513640
100841816
103002371
61136363
61137220
61137444
61136232
61136255
61136070
61137281
61137445
61137549
61137581
61137597
61136313
61137585
61136970
61137343
61136618
61137893
61138022
61136840
61137133
62444865
64771538
67265586
69757352
72250872
74911816
77403978
80063904
82724932
85216382
87876623
90536942
93030546
95191488
97517748
99847228
102006517
61137801
61137851
61137659
61138162
61138135
61138293
61138210
61138047
61138927
61139009
61139145
61139212
61139252
61139224
61138332
61139093
61139217
61139337
61139526
61138707
61615547
63942397
66602370
69094075
71754413
73748390
76242708
78902370
81396084
83888712
86548805
89208587
91701611
94027856
96357200
98516577
100844579
103172399
61140176
61140249
61140251
61139716
61139531
61139294
61140174
61140343
61139147
61139529
61139420
61140673
61140753
61139408
61140669
61140781
61139903
61140082
61139570
61139490
62946495
65440395
68099651
70591641
73251238
75910614
78570566
81231182
83723806
86383657
89042542
91703998
94030542
96191393
98351520
100680102
103007454
61140681
61140344
61141662
61141819
61141828
61141283
61141150
61141062
61141849
61141875
61141586
61142041
61142012
61142191
61142282
61141006
61141145
61142134
61142325
61142445
62783009
64942008
67434946
69928375
72587909
75248433
77740954
80401606
82894226
85221027
87881994
90374786
92867646
95029520
97357293
99516544
101678368
103983867
61142755
61143388
61142034
61142498
61142630
61142414
61142254
61142142
61143518
61143495
61143583
61143606
61142510
61143628
61143607
61143794
61142620
61142955
61143080
61785658
64113884
66439073
69099261
71591147
74252738
76744943
79238701
81897407
84557732
87218581
89711386
92037749
94033309
96027775
98355614
100516329
102676951
61144396
61144455
61143479
61143162
61142979
61144477
61144424
61144550
61143223
61143797
61143837
61143786
61143602
61143405
61144802
61144664
61143511
61143954
61143543
61144288
62451550
64944312
67437270
70097843
72589779
75249449
77742966
80404090
83063863
85555561
88215783
90876822
93202113
95530244
97690806
100020018
102179123
61145690
61144502
61144630
61145395
61145510
61145670
61144408
61144664
61144469
61145681
61145809
61145824
61145935
61145151
61145074
61144895
61145002
61146019
61146072
61146201
61456361
63782887
66275514
68768022
71427577
73921809
76581442
79242220
81733683
84393806
86887409
89546491
92206501
94368380
96695156
98855118
101184716
103511283
61146310
61145749
61147295
61147059
61147040
61147178
61145902
61147187
61147207
61145877
61146309
61146362
61146530
61146410
61147146
61147480
61147449
61147473
61146232
61292392
63451537
65945489
68437362
71097727
73589673
76250619
78742977
81402911
84063757
86723807
89382615
91875620
94203231
96363874
98691615
100852407
103179103
61146870
61148145
61146890
61147232
61147392
61147395
61147059
61148045
61148277
61148313
61147021
61147357
61147157
61148504
61148436
61148623
61148660
61147272
61147827
61147299
63121658
65446996
68106411
70766472
73258656
75918115
78578948
81071777
83732538
86392473
88883944
91544088
93871009
96198848
98359229
100687619
103013936
61149131
61149332
61149326
61149338
61149450
61149414
61149518
61148777
61148780
61149414
61149554
61149654
61149737
61149773
61148708
61148617
61149649
61149775
61149901
61148759
62623144
65116829
67608475
69769371
72096629
74590174
77250863
79743415
82403453
84895760
87555885
90049857
92542702
94871981
97030989
99358749
101519557
103991205
61150351
61149319
61150650
61150642
61150595
61149652
61149551
61149273
61151095
61150845
61150775
61150790
61150894
61149974
61150123
61150131
61149832
61150855
61151046
61128426
63288773
65782761
68274619
70934835
73427299
75920626
78580033
81073886
83733513
86394908
88886506
91546621
93873095
96034937
98361641
100690941
102850248
61151727
61150515
61151573
61151663
61151008
61151137
61150787
61151212
61150883
61151270
61155566
61156459
61156542
61156647
61156826
61156897
61155708
61156788
61156866
61156970
62796841
64956791
67450368
69942708
72603380
75096076
77256714
79751690
82243370
84904183
87398101
90058207
92549802
94711633
97038469
99198517
101526870
103998404
61157709
61156513
61157259
61157238
61156798
61156512
61158193
61158154
61158354
61158160
61157107
61158021
61158037
61158279
61158356
61158321
61156978
61158469
61157778
61800519
64127440
66621252
69113778
71605728
74267258
76760744
79253308
81912060
84240730
86568314
89061076
91721294
93880462
96209754
98368943
100697338
103023712
61157687
61158943
61159118
61158168
61158314
61157799
61159068
61158624
61159392
61159432
61158492
61158046
61159273
61159456
61159517
61159760
61159682
61158729
61158727
61158203
62965235
65459172
67950893
70443805
73104499
75596858
78257615
80750030
83411132
86071127
88562861
91222812
93549472
95878628
98037863
100366393
102692694
61160128
61160429
61159238
61160232
61160344
61160401
61159162
61159374
61159652
61159941
61159399
61160540
61160623
61160191
61161014
61160982
61160844
61160111
61160172
61160108
61804112
64297409
66622705
69282641
71775258
74436093
76928365
79589456
82081185
84741930
87234858
89894855
92387565
94716852
96876121
99202517
101530758
104002258
61161537
61160378
61160867
61160837
61160352
61161504
61161625
61161991
61160614
61160880
61161733
61161803
61162011
61161988
61161271
61161105
61160740
61162471
61161983
62136469
64297265
66791116
69282527
71943656
74435872
77096630
79589502
82248458
84909206
87401722
90063260
92554560
94884109
97209648
99369656
101199350
103359672
61161890
61161969
61161445
61162860
61162931
61161977
61162071
61161788
61162933
61162586
61163303
61163123
61161941
61163170
61162709
61162490
61162466
61162533
61161951
61141927
63134943
65627774
68120883
70781129
73273101
75934007
78426156
80920012
83581032
86240935
88732900
91394017
93720556
95881312
98207692
100369629
102364091
61163208
61163380
61163252
61162846
61164014
61164322
61164354
61164405
61163173
61163010
61164229
61164377
61164454
61163264
61163728
61163810
61163717
61163490
61164442
61164059
61807869
64133726
66461012
68953930
71613332
74106119
76765970
79425627
82085736
84578093
87239365
89899641
92391019
94720379
96879699
99207291
101535481
104005966
61165600
61165492
61164673
61164865
61164404
61165499
61165620
61165689
61164606
61165571
61165948
61165866
61164794
61165503
61165246
61165118
61164867
61165870
61165983
62307699
64467263
66959826
69452744
72113581
74607285
77099580
79760607
82252124
84911943
87405920
90066255
92558868
94887973
97047084
99373597
101702996
104007227
61166563
61165286
61165752
61165943
61165700
61166911
61165830
61166006
61165921
61165355
61166027
61166963
61167024
61167048
61166006
61165619
61167097
61166951
61167208
61643173
63970221
66462856
68956589
71282307
73942654
76603562
79263308
81755202
84415862
86908493
89568626
92061360
94389317
96550114
98877612
101038520
103365262
61167869
61166968
61167806
61167916
61168087
61168110
61166776
61166922
61166695
61168168
61168123
61168226
61166934
61168331
61167395
61167707
61167448
61167222
61168216
61145994
63140488
65634207
68125723
70786328
73279543
75939157
78598495
81091362
83751011
86412388
89071183
91564121
93890695
96219826
98379073
100707095
103034017
61168975
61169204
61169232
61168428
61168372
61168239
61169291
61169236
61169297
61168199
61168426
61168407
61168525
61168146
61169250
61169323
61169459
61168336
61169573
61168520
62311429
64803808
67129701
69789633
72282482
74943144
77435478
80096413
82588864
85247711
87741540
90401667
92894565
95056497
97382887
99543209
101871622
104010683
61170047
61170143
61170298
61168901
61170284
61169306
61169423
61169671
61169479
61169607
61169364
61169756
61169455
61169063
61171094
61170741
61169470
61169892
61169649
61481903
63476117
65801469
68461877
70953993
73446899
76107761
78434115
80596407
83088857
85748954
88241441
90735675
93229471
95390336
97717897
99878840
102206548
61170587
61171712
61171852
61170923
61170808
61170467
61172142
61171816
61171873
61171977
61171949
61170840
61171880
61172106
61171288
61172099
61172059
61172227
61172178
61171682
61815278
63974815
66467311
69126496
71786816
74279687
76939197
79432865
82091576
84752836
87245580
89905600
92398295
94726416
97052941
99380701
101541412
104013099
61172755
61171584
61171901
61172234
61172018
61171576
61173016
61173069
61172993
61173209
61173105
61171711
61173125
61173273
61173393
61173441
61173319
61172332
61172525
61318220
63477571
65970034
68463013
71123150
73615699
76275550
78934778
81595788
84088398
86748352
89408402
92068614
94229022
96390881
98217790
100379702
102706170
61173996
61174055
61172823
61173070
61173831
61174073
61174354
61172962
61173663
61173553
61173366
61172958
61174220
61174309
61174539
61174477
61174798
61174575
61173479
61174401
62315259
64808106
67300796
69961643
72454956
75114451
77606958
80267779
82760236
85253004
87913028
90574394
92733706
94563540
96723418
99051178
101211994
103538564
61174698
61174352
61174674
61174720
61174608
61174959
61174813
61174743
61175641
61174412
61174489
61175769
61175877
61176003
61175925
61175229
61175893
61175941
61176010
61174794
61819283
63978986
66305076
68466132
70792737
73286402
75613408
77940712
80434583
82761787
85088358
87749616
90076250
92407931
94571116
96564028
98724749
100720451
102881033
61182063
61181283
61182024
61182219
61182228
61182378
61182241
61181368
61181683
61181419
61182291
61182482
61181235
61181464
61182741
61181462
61181494
61181813
61181789
61182951
61493610
63486997
65980713
68306462
70633261
72960303
75121460
77448702
79611145
81604322
83765597
86259314
88585928
90913800
93406792
95403383
97563631
99556781
101553736
104024079
61183545
61183616
61183384
61183194
61183279
61183230
61183270
61183555
61183371
61183524
61183638
61183576
61182872
61183793
61184136
61183831
61182898
61182743
61183132
61183026
61993414
63986609
66479205
68973260
71465233
74125790
76786311
79111852
81439495
83766974
86260633
88754383
91082239
93242553
94738719
96732606
97896108
99559061
101553880
103382852
61184384
61183378
61184610
61184642
61183919
61184073
61184691
61184854
61184204
61183504
61184878
61183691
61184878
61183934
61183733
61184403
61184465
61185154
61183730
61184957
61183826
61184131
61162807
63322824
64984594
66979165
68474976
70303196
72133087
73794784
75456329
77451324
79447438
81440286
83436767
85263590
87259977
89088017
91248549
93408910
95570806
97898401
100060573
102219665
61185039
61185483
61185464
61185192
61185053
61186205
61186128
61186358
61186398
61186320
61186526
61186490
61185265
61186305
61186469
61186573
61186732
61186739
61186577
61186473
61165242
62992492
65486424
67979287
70471331
72964496
75624252
78117341
80777315
83437200
86264518
88755878
91249861
93577706
95738547
97899912
100061203
102221205
61187561
61186633
61186580
61186603
61186774
61186998
61186912
61187096
61187716
61186608
61187897
61187074
61187065
61187857
61186714
61186746
61186760
61188159
61188110
61188041
61187898
61166545
62827686
65154907
67315428
69474512
71802001
73963222
76290046
78618275
80778560
83272369
85598699
88259856
90586792
92746721
95074797
97069331
99230679
101392614
103552955
61187656
61188619
61187791
61187978
61187799
61188633
61188722
61188893
61188764
61189021
61189058
61188396
61189223
61189132
61189101
61189096
61188467
61189179
61188032
61189106
61188434
61189382
61333046
63327092
65155118
67315583
69309559
71470455
73797903
76125042
78286266
80945978
83773216
86433288
89092214
91585037
93911777
96240883
98399843
100562021
102888755
61190131
61188800
61189467
61190222
61190249
61190291
61190298
61190329
61190200
61189096
61189070
61189494
61190529
61189185
61190474
61190498
61190485
61190366
61190751
61190479
61190650
61500759
63994643
66319875
68149505
70476282
72637130
74798218
76959461
78952237
81279804
83608506
85768893
88262682
90589613
92916002
95078237
97071906
99232461
101561714
104032064
61191113
61191253
61191410
61190137
61190756
61190670
61191355
61191481
61191419
61190492
61191577
61190942
61191831
61191812
61190533
61190616
61191967
61191078
61191184
61192004
61192057
62665609
64659261
66819805
68814134
71307078
73302035
75630390
77956302
80284302
82777510
85437643
87930518
90591742
93084366
95245035
97571659
99733594
102060131
61191569
61191377
61191854
61191797
61191319
61192557
61192838
61191860
61192973
61191724
61192850
61192882
61192992
61193163
61193203
61193226
61192781
61192431
61192490
61192026
62169058
64329672
66655324
69147775
71474580
73802692
76130276
78290126
80285492
82279700
84607180
87100951
89760247
92420988
94081638
95247740
96409959
98237756
99567174
101397119
103392228
61192721
61194046
61193997
61193069
61194256
61193129
61192844
61193513
61193885
61193073
61194423
61193723
61194644
61194628
61194427
61193323
61193939
61193979
61194206
61194846
61193558
61193649
61671993
63831332
65492971
67487188
69481572
71475988
73636911
75964198
78291486
80785164
82614102
84774559
87268284
89428871
91922975
94083108
96246172
98072756
100235308
102395243
61195650
61195455
61195364
61195557
61194727
61194722
61194762
61195010
61195210
61195189
61195143
61195933
61195776
61196276
61194801
61195750
61194879
61195214
61195305
61195505
61195270
61672152
63999948
65826946
67988412
69814863
72142612
74469835
76464056
78625356
80621508
82947732
85109337
87103503
89263734
91260597
93253443
94916875
96912259
98906438
100568913
102563017
61196022
61196800
61196862
61196975
61196927
61196084
61195814
61197111
61196001
61196904
61196171
61197209
61197298
61196077
61197288
61197396
61196029
61196598
61196621
61197400
61197462
61196472
61175016
63336529
65163439
67491087
69485348
71645019
73806362
75800907
78295267
80123309
82450772
84611160
86606607
89099066
91262110
93255037
95416778
97246095
99238987
100736336
102399380
104038824
61198187
61198023
61197515
61197109
61198328
61198127
61197371
61198595
61198376
61197345
61197918
61198609
61198510
61198714
61198826
61198731
61197807
61197884
61198841
61198635
61198233
61198952
62505875
64501300
66660973
68821112
70982935
73309000
75303970
77464770
79793507
81620569
84115135
86110538
88271014
90597922
92758066
94921106
96582930
98743306
100905354
103064653
61198505
61198459
61199605
61199721
61198562
61198743
61199086
61199995
61199328
61199301
61198737
61199284
61198956
61200065
61199705
61200113
61200139
61200434
61200402
61199531
61199096
61199281
61344230
63505607
65498629
67493944
69820485
71647898
73809232
76136048
77964869
80292304
82286453
84115672
85777835
87606536
90101597
91928386
93756327
95752162
97581360
99408061
101071570
102900864
61199806
61201001
61201055
61200116
61200498
61201054
61200644
61201335
61201352
61201398
61201447
61200833
61201648
61201510
61201720
61201658
61200409
61200761
61201753
61200694
61201017
61201787
61200549
63007448
65002312
66995876
69156176
71150759
73644968
75640176
77800114
79795474
81291992
82953645
84449082
86611856
88770954
90767816
92928032
94591561
96253240
97914008
99243308
100740869
102736139
61201554
61201811
61201995
61201990
61202666
61202701
61202658
61202879
61202637
61201900
61202222
61202893
61202882
61203032
61202968
61203212
61202435
61203026
61203211
61202223
61202329
61201872
62676648
64836644
67163309
69157446
71318358
73645398
75474348
77802874
80136308
82296635
84290569
86618437
88946014
90940265
92768521
94431278
96260878
98253734
100416062
102576253
61209836
61209945
61209886
61209787
61209850
61208844
61209039
61209363
61209403
61209195
61209147
61209296
61208925
61209317
61210405
61210191
61210355
61210197
61210483
61209107
61209432
62850607
65177232
67502694
69664190
71990622
74484231
76811420
79472662
81964232
84457665
87118584
89610611
92271831
94431898
96594040
98753448
100915249
103241710
61210984
61211075
61210386
61210993
61211076
61211146
61211352
61211553
61211547
61211499
61211539
61211430
61210921
61210940
61211044
61210742
61210919
61210409
61211569
61211703
62020335
64347823
66840493
69332855
71825277
74153305
76480884
78806961
81466810
83794558
86454156
88948084
91442202
93768628
95930654
98089801
100251791
102412380
61211617
61211044
61212246
61211817
61212570
61212660
61211260
61212620
61211730
61211645
61211490
61212497
61213073
61212604
61213108
61212911
61212117
61211865
61212031
61213292
61211906
62187288
64514231
66674600
69168284
71660382
73988277
76481258
79140586
81801690
84294238
86955060
89447013
92108178
94267372
96429367
98757084
100917832
103078349
61212762
61213553
61212371
61212906
61212975
61212628
61213868
61213645
61212686
61212848
61212829
61212848
61213230
61213137
61213134
61213243
61213206
61212907
61214168
61214157
61214239
62521283
65014150
67506731
70000769
72328137
74821643
77313822
79642467
81967985
84462716
86790431
89115678
91610885
93603827
95600915
97428898
99255824
101252445
103079403
61213765
61213657
61214490
61213654
61215059
61215114
61214189
61214381
61214477
61214247
61214213
61214281
61214441
61214473
61214420
61214337
61214132
61214257
61214636
61214783
61214927
61692750
63852840
66179859
68505723
70999427
73325525
75819054
78312674
80973560
83467280
85959943
88619990
91112952
93273221
94936713
96432452
98426511
100588695
102749036
61216287
61216338
61215499
61215655
61216507
61215633
61216411
61216515
61215429
61216841
61216756
61216186
61216137
61215757
61217121
61217060
61216023
61216229
61216306
61216167
61215937
61216321
61215685
63023749
65349514
67841982
70335208
72828444
75155635
77316791
79810472
82470515
84962924
87456965
90118269
92610914
94772611
96931853
99092349
101420533
103581331
61216909
61216803
61216870
61216563
61217578
61217615
61217749
61217714
61218040
61218173
61217900
61217991
61218066
61216819
61216910
61218205
61217438
61217026
61217024
61218039
62525400
65017784
67511579
70003991
72496924
74990446
77484061
80145095
82637580
85130506
87791438
90284609
92778054
94939270
97099133
99259613
101589068
104059421
61218907
61217585
61218073
61218185
61217989
61218534
61218369
61218206
61217921
61219161
61218711
61219370
61219504
61219661
61219481
61219551
61218428
61218299
61219485
61363128
63855540
66349540
68842517
71334330
73828884
75323970
77651378
80145249
82638812
85298799
87792683
90285755
92778122
94774077
96601899
98430035
100427052
102087449
104060609
61218979
61220087
61219711
61219319
61219431
61219628
61219457
61219281
61219292
61219743
61220759
61220691
61219682
61219924
61220840
61220804
61220708
61220074
61219917
61219770
61220965
61219605
63027698
65187040
67347082
69507526
71834806
74162656
76322859
78817450
81143761
83472522
85798345
88292844
90619518
92613632
94609322
96769975
98930067
101259536
103418992
61221636
61220985
61220893
61220962
61221818
61220992
61221413
61221289
61221422
61222063
61220958
61221043
61222167
61222199
61222435
61222212
61222460
61222284
61222375
61222530
61200868
63359704
65852878
68345466
70838786
73499271
75991414
78484845
80978710
83639650
85632538
87462050
89622280
92116054
94276510
96438336
98598821
100760871
103088592
61222942
61221786
61221682
61221865
61223245
61223126
61222045
61222178
61222418
61222364
61222594
61222466
61223386
61223427
61223510
61223815
61223244
61222429
61222683
61222669
61223694
62199048
64359648
66352730
68513492
71007344
73333264
75827872
78155009
80648915
83308841
85800710
88460321
90954571
93280749
95442929
97104584
99266105
101428224
103587279
61223630
61223735
61223030
61223105
61224435
61223616
61223682
61224409
61224390
61224437
61223235
61223781
61223893
61224864
61224790
61224932
61224345
61223592
61223997
61223943
61224034
62864609
65024462
67351313
69845080
72005551
74332615
76827381
79319711
81812549
84473507
86800244
89127691
91621809
93780871
95942917
98270575
100432645
102591873
61225552
61225881
61225703
61224391
61224487
61224689
61224569
61225555
61225754
61225823
61225863
61225661
61225685
61225784
61225924
61226060
61226075
61226271
61226142
61226348
61203399
63531473
65856945
68183735
70178051
72671634
75164922
77658228
80152116
82812679
85305593
87799533
90292231
92785889
94947861
97108532
99268825
101429848
103590052
61226082
61225510
61225571
61226703
61226256
61226885
61226763
61225587
61225736
61226085
61226400
61226504
61226379
61226186
61227419
61227330
61227109
61226251
61227581
61227808
61204836
63366357
65693329
67853443
69847203
72174453
74668876
77161172
79654815
82314964
84807260
87467404
90128836
92621532
94782228
96942493
99270302
101431046
103758830
61227492
61226863
61228092
61227531
61227398
61227558
61227521
61227561
61227579
61227229
61227003
61228350
61228396
61228479
61228645
61228749
61228824
61228848
61227572
61228860
62370811
64696351
67189005
69681945
72175617
74668954
77162554
79323751
81650522
84311245
86638957
89131647
91624367
93786051
95780656
97941112
100102975
102097322
61228582
61228133
61229453
61229530
61229352
61228278
61228563
61229893
61229829
61229381
61229826
61229691
61230195
61229704
61229728
61228958
61229096
61229163
61229155
61229432
61229363
61872280
64366369
66859005
69018187
71179438
73506116
75667435
78161908
80655582
83148283
85640908
88134884
90628606
93122610
95283356
97443908
99604300
101765948
104071434
61230598
61230537
61230700
61230804
61230615
61230655
61230730
61229408
61230810
61229495
61231183
61230221
61230194
61231136
61231278
61231433
61231348
61231310
61231465
61230359
61873308
64034174
66360447
68854425
71347616
73839912
76334062
78660332
81155300
83482730
85809294
88135897
90463534
92790249
94953255
97112358
99272858
101434976
103262792
61230738
61231359
61231028
61231197
61232099
61232013
61231980
61231476
61232097
61232093
61232079
61232316
61232364
61232456
61231159
61232626
61231769
61231743
61231970
61231754
61231743
61231195
63205435
65530829
68023998
70517928
73010378
75503522
77996767
80490592
83151456
85476893
87805798
89966411
92460120
94453700
96616218
98776474
100772298
102765601
61233071
61232639
61233230
61233299
61232410
61232417
61232748
61232284
61233404
61232841
61232172
61232260
61233672
61233741
61232340
61232404
61233686
61232787
61232870
61233795
61239625
63047255
65372805
67864961
70026436
72520618
75013119
77506771
80167416
82659750
85152655
87813616
90306448
92800456
94962080
97122773
99281998
101611375
104081682
61240596
61241230
61241148
61239816
61241231
61241059
61239921
61240293
61240176
61241295
61241408
61241419
61241392
61241322
61241391
61241506
61241650
61241575
61241712
61241583
61385635
63712820
65706092
68033972
70359748
72854070
75347502
77840966
80334576
82827050
85319734
87813510
90307734
92800358
94963510
97122710
99282878
101444950
103772606
61242153
61242241
61242289
61242430
61242432
61241170
61242457
61241639
61241358
61241544
61241572
61241427
61241572
61242853
61242893
61241390
61241998
61241704
61242222
61242441
61885387
64213273
66373356
68534074
70693787
72854653
75347867
77675039
80003925
82496473
84990266
86984310
88978428
91141340
93300583
95462670
97623287
99783108
101945405
104084453
61243588
61242422
61243421
61243929
61242490
61243787
61243623
61242967
61242961
61243012
61243073
61243145
61243287
61244131
61244184
61244208
61244021
61244263
61244044
61243303
61221899
63381883
65376568
67370293
69697107
71692792
73187970
75348967
77177869
78839543
81334520
83494728
85988408
88314879
90642987
92969352
95131232
97291538
99619320
101780080
104085534
61244863
61243552
61244293
61244131
61244435
61244483
61245111
61245047
61245335
61245266
61245260
61243963
61244457
61244654
61244924
61244862
61245537
61244969
61245605
61245530
61887390
63881794
65711458
67371876
69366348
71360916
73356752
75351821
77180482
79173870
81002314
83163771
84991673
86988206
89148544
91144017
92970867
94800363
96462418
98290445
100287265
102114247
104087164
61246163
61246121
61246262
61246430
61245904
61246517
61246704
61246714
61246754
61245481
61246801
61246985
61246078
61246347
61246387
61246360
61247000
61245715
61246890
61247033
62887280
65212475
67706476
70032594
72525563
75019365
77512867
79675151
82001714
84328225
86655484
88982101
91477461
93636613
95632216
97793826
99788065
101617668
103610604
61246520
61247599
61247545
61246371
61247587
61247926
61247780
61247017
61247156
61246943
61247286
61247947
61247476
61247046
61247907
61248142
61248073
61246916
61248086
61248195
61246940
62887811
65214267
67706644
70199969
72693657
75186889
77847574
80340330
82833554
85326594
87820098
90314322
92806874
94969205
97129266
99456810
101617618
104089280
61248648
61248886
61248816
61248942
61247658
61248818
61248801
61248992
61247933
61247927
61247980
61248565
61248093
61249462
61249049
61248463
61248642
61249341
61249169
61249209
61226961
63387338
65714142
67873947
70035158
72196193
74689531
77183861
79677903
81838212
83998149
86492229
88985147
91478757
93639213
95800977
98128665
100290861
102283773
61250262
61248713
61249244
61249321
61249440
61249480
61249726
61249718
61249795
61249512
61249496
61249240
61250343
61250070
61250676
61250745
61250734
61250817
61250806
61250910
61228318
63554952
65881422
68374190
70868596
73361860
75855241
78348705
80674885
82836609
85329330
87990200
90150745
92644523
94806569
96633705
98793751
101123328
103117483
61250220
61251573
61251615
61251499
61250424
61250816
61250965
61251140
61251040
61251639
61251728
61251974
61251963
61251981
61252085
61251994
61252026
61252037
61252045
61251967
61252264
62892565
65217825
67711620
70205012
72696979
75190563
77683970
80345000
82837456
85330088
87824079
90485360
92810850
94972650
97132912
98960962
101123024
103118360
61252549
61252567
61252592
61251792
61251853
61251701
61252144
61252824
61252652
61251433
61251875
61252969
61252881
61252149
61253212
61252312
61252501
61253205
61253326
61252089
61253174
61563021
63723381
66049968
68543317
71036108
73362990
76023914
78515979
80677396
83004789
85497541
87991381
90651568
93144278
95140320
97301583
99460971
101790200
104094327
61252511
61253665
61253783
61254030
61254097
61254072
61254032
61254191
61253848
61252897
61254230
61254301
61254137
61252728
61253297
61254386
61253569
61253550
61253910
61253155
61254575
62561276
64721763
66549614
68212055
70206570
72534690
74861966
77355206
79681660
82175451
84501860
86995863
89322252
91817533
93810588
95973634
97966712
99628491
101458107
103618400
61254521
61254493
61254532
61254581
61254151
61255538
61254751
61254546
61254807
61254687
61254546
61254275
61254820
61254657
61254825
61254476
61255593
61255733
61255875
61255850
62230232
64556909
67049968
69542535
72203704
74695894
77355544
79849263
82508465
85002000
87663049
90155896
92648592
94810592
96970748
99132404
101294452
103287390
61256434
61256851
61256920
61256582
61256675
61256814
61255458
61256738
61256242
61255783
61256090
61256202
61256031
61255623
61256893
61256460
61257118
61257209
61257391
61257417
62231973
64725724
67051188
69212603
70707852
72703640
75195695
76858330
79185097
81346362
83175511
85170485
87497879
89492362
91320790
93314604
95144319
97139543
98967306
100629817
102624041
61275155
61257885
61256963
61256491
61257884
61257794
61257024
61257267
61256672
61258036
61258076
61256803
61257133
61257296
61257400
61257200
61257440
61257523
61257416
61257483
61257566
61256989
63064864
65390755
67883232
70376426
72870902
75364400
77857782
79353200
81514867
83842268
86169830
88661360
91156622
93315576
95478814
97637966
99798410
101961607
104099578
61258775
61258957
61258981
61258968
61257906
61257930
61258360
61258392
61258733
61259228
61259319
61259243
61259275
61259439
61258890
61259039
61258911
61259392
61258416
61258983
62235280
64561089
67054661
69381116
71706884
74034740
76528756
79021423
81514825
84175879
86668426
89328619
91821260
94149269
96310059
98637464
100798578
103126096
61259231
61259082
61260141
61259207
61260365
61259054
61260291
61259567
61260311
61260301
61260392
61259504
61259840
61259317
61260410
61259779
61260839
61260667
61259453
61260214
61260951
61404614
63565903
65394178
67554258
69879602
71708400
73536922
75366612
77194210
79188863
81515974
83512188
85671278
87832846
89995692
92322140
93982750
95978549
97974061
99634573
101796757
103625861
61261595
61261622
61260617
61261567
61260254
61260966
61261062
61261789
61261189
61261103
61262003
61262043
61261387
61261256
61262036
61262093
61262040
61261944
61261976
61261355
61261089
61261531
62071416
64065044
66392337
68385670
70712737
72873485
75202043
77529265
79524526
82017096
84178531
86338774
88666470
90494578
92821064
94651906
96478771
98140358
99802729
101467040
103294919
61262033
61262961
61263129
61263212
61263333
61263276
61263119
61263297
61262034
61262058
61262221
61263260
61263343
61263906
61263466
61263562
61263536
61263533
61263557
61263718
61242133
63401451
65728155
68221248
70714128
73207344
75036053
76865188
78195522
79690938
82184916
84678531
87171372
89663955
91991694
94151978
95982767
97975676
99971492
101965668
104105025
61264333
61264447
61264335
61264315
61263279
61263380
61264663
61264775
61264603
61264859
61263805
61263442
61264731
61264767
61264934
61263927
61264069
61264160
61264295
61264111
61263611
62905349
65064318
67058654
69385081
71545918
73706846
75701766
77862928
79858094
82018745
83847304
86341593
88169134
90497008
92492374
94320478
96316174
97977137
99804654
101800542
103462537
61265082
61265752
61265473
61264442
61265741
61265779
61264239
61265233
61264408
61264523
61264515
61264774
61265908
61265177
61266227
61266279
61265076
61266368
61266210
61264948
61265460
61264867
62739578
65065729
67060427
69220507
71547533
73708511
76202123
78363250
80524422
83018279
85178677
87007443
89001545
90997449
92991460
94821333
96815145
98809304
100805133
102799489
61266475
61266968
61265524
61265955
61267118
61273564
61273951
61273898
61274869
61273581
61274901
61274916
61273924
61274992
61274877
61274887
61274951
61275077
61274781
61274915
61274179
61273768
63080695
65574698
68067320
70560399
72887589
75048685
77208832
79536026
82028678
84689731
87016466
89675095
92170369
94330703
96492577
98486823
100481377
102641699
61274679
61275087
61275185
61275041
61275173
61275795
61275818
61274663
61275836
61275724
61275699
61275095
61275169
61275281
61276137
61274878
61276124
61276119
61276051
61275251
61274952
61253947
63414180
65908079
68067639
70560759
73053895
75714543
78206695
80701816
83027973
85354493
87349813
89843725
92171661
94331981
96492837
98820325
100981613
103141749
61275672
61276946
61276981
61277114
61277117
61277192
61277138
61275924
61276223
61276401
61277508
61277562
61277559
61276291
61276294
61276131
61277630
61277650
61277537
61276720
61276456
61919921
63582717
65077257
66906733
68733782
70894558
73221429
75714993
78209493
80203716
82530625
84857687
87352775
89845525
92505710
94498692
96494679
98488611
100650609
102644886
61278429
61277965
61278412
61277596
61277712
61278546
61277240
61277355
61278788
61278749
61278047
61278827
61278702
61279038
61278059
61278992
61278051
61277930
61277845
61277690
61278807
62586872
64581507
66906778
69067037
71061785
73389083
75716160
77711415
80038665
82034073
84361537
86355384
88350034
90677514
92839157
94834860
96828975
98655829
100818112
102479926
61280084
61279767
61279727
61279651
61280117
61279669
61278760
61279959
61280020
61279993
61280076
61280298
61280258
61280239
61280132
61280266
61279505
61280575
61280230
61280219
61280259
62088894
64415572
66742092
68902590
71230568
73557659
75883907
78211198
80373558
82699760
85026264
87520331
90014140
92508092
94670037
96829150
98989754
101318959
103477991
61281027
61280091
61280354
61280489
61280317
61279926
61281074
61281003
61281253
61281142
61280088
61280510
61280504
61280314
61280066
61280264
61280253
61280776
61280720
61280421
61924703
64251615
66744432
69236888
71397856
73226352
75220291
77381146
79709944
82202640
84696296
87022655
89682736
92176856
94336272
96498147
98658269
100821520
102814643
61282098
61282579
61282147
61282659
61282690
61282250
61281941
61282322
61281499
61282633
61282561
61282442
61281735
61282021
61282104
61282757
61281541
61281471
61282862
61281875
61281973
61261407
62922205
64916453
67242943
69569626
71564556
73558907
75387860
77382519
79710087
82370262
84364079
86692000
89185728
91013773
93008261
94837710
96666778
98659849
100489540
102318573
104124242
61282704
61283905
61283814
61283030
61283307
61283853
61283965
61282938
61284047
61284080
61283595
61283993
61283329
61284159
61282838
61284078
61284094
61283155
61283153
61284206
61283390
61284487
61284438
61262855
62924099
64253510
66248463
67908805
69737150
71733094
73560394
75722714
77551484
79545491
81373522
83202786
85031608
86693359
88687594
90516954
92512200
94340248
96169768
97664302
99492032
101155938
102485082
61284237
61285259
61284155
61285402
61285135
61285175
61285277
61285645
61285270
61284029
61284458
61285242
61284292
61285499
61285391
61284735
61284506
61285734
61284924
61284439
61285581
61284503
61285800
61284409
62592781
64754388
66914855
68741711
71236021
73230707
75224696
77385792
79380624
81874592
83869496
86029975
88356472
90353272
92678896
94507848
96336039
98497624
100327256
102320672
104127182
61286726
61285290
61285872
61286729
61286726
61285578
61285757
61286942
61286719
61286853
61286362
61286234
61286968
61285813
61285829
61285791
61287198
61287099
61286239
61286546
61287055
61431159
63592112
65420654
67746862
69741158
71901974
74229854
76056549
78551350
80545205
82706558
85033006
87028646
89354894
91516502
93344477
95506486
97334381
99494798
101658086
104128428
61287938
61288036
61288097
61286679
61288042
61287583
61287184
61287211
61288428
61288469
61288093
61287835
61288216
61288486
61287262
61288479
61287208
61287406
61287576
61287283
61288752
61288908
61267216
62928230
64756103
66584015
68744543
70574039
72734063
74894807
76724807
78883838
81046458
83040335
85200802
87363415
89854834
92182721
94176895
96340039
98166972
100163908
102157020
104129938
61289117
61289323
61289359
61288170
61288514
61289625
61288352
61288821
61288757
61289673
61289633
61289927
61288416
61288781
61288706
61288984
61289860
61289900
61289808
61290007
61299308
Peak: 104138033
Average: 70340148.44514422
