0
136686
197466
556943
881312
1604743
2187629
2614940
3045266
3629268
3913105
4398228
5279694
5442480
5784806
6244326
6709757
7176581
7425987
7823851
8386889
8803050
9078608
9390855
9544723
9716808
10081222
10747688
11178855
11757777
12474436
12750608
13060794
13556959
14116655
14611291
15215458
15689060
16036939
16354244
16578750
16711181
17038559
17217573
17524770
17915355
18052879
18287591
18487989
19139780
19465216
19665649
19740961
19744857
20025840
20184704
20398061
20777715
21185012
21415016
22011990
22492904
23216589
23456857
23775853
24157096
24462002
24485344
24645789
24791161
24990644
25161015
25472890
25840463
26182342
26686703
27065060
27681181
28521600
29170607
29791167
29976900
29981964
29984620
29999074
30003082
30029798
30536694
30970965
31451004
31646342
31946063
32125486
32378038
32417389
32485633
32545878
32646814
32759127
33007004
33628648
34010056
34040296
34392126
34512357
34688648
34734412
34705730
34786649
35095838
35203580
35823211
35922991
36346662
36799078
36870276
37100529
37814588
38034861
38424329
38424335
38424368
38424430
38360291
38741632
38938921
39122934
39186298
43161017
43245494
43517999
43534910
44123619
44170625
44217663
44273301
44337635
44371683
44445297
44484935
44547908
44590716
44656471
44710759
44913417
45003639
45155873
45536383
45645105
45873734
46419410
46809712
46893058
46967399
47168467
47221663
47408215
47499542
47591353
47682325
47989195
48125877
48368056
48570464
48654897
48801678
49081250
49411258
49383495
49521024
49644289
49731564
49919342
50172340
50260103
50346488
50370288
50384608
50417552
50458366
50523219
50502686
50720575
50757032
50867957
51080583
51436042
51539993
51850558
52107913
52464671
52554157
52899001
52951491
53678693
54180275
54421542
54531578
54603391
54644195
54726699
54909135
54963209
55017029
55061030
55209053
55160944
55581989
55909944
55981568
56114996
56568266
56957207
57003807
57221871
57426173
57504881
58351725
57961068
57988776
58151364
58259111
58345901
58473752
58495839
58580816
58933382
59669972
59844292
59934916
60009108
60065892
60111440
60301881
60338945
60913022
61844215
60904990
60946124
60960029
60972515
60985125
60996947
61009075
61020533
61032575
61044349
61056382
61067580
61079415
61092307
61102257
61116146
61126979
61137742
61147317
61157769
61170712
61181216
61191677
61205554
61216175
61225599
61238319
61250287
61260847
61271431
61284679
61295239
61306119
61316607
61330239
61339511
61349449
61359975
60998393
60796097
60799232
60798963
60800213
60802184
60802933
60802650
60803676
60804089
60803543
60804608
60805017
60804204
60805324
60763091
60775722
60784923
60796786
60809524
60821529
60833013
60845699
60858551
60869928
60881872
60892564
60903219
60915519
60927065
60939179
60949673
60961979
60972545
60983555
60996130
61004625
61015617
61029193
61039753
61050337
61063129
61073689
61084025
61095529
61108081
61118713
61129225
61142857
61153513
61164073
61174633
61516671
60815515
60814345
60816076
60815642
60814937
60815409
60815832
60814565
60815540
60815941
60815250
60815808
60816085
60815388
60777015
60786708
60798480
60809399
60820361
60829753
60841060
60852330
60863934
60874807
60886048
60899446
60908085
60921175
60931900
60943990
60954550
60964990
60975680
60986278
60998622
61009175
61019876
61032607
61043844
61053881
61066745
61077482
61087858
61102424
61111116
61121877
61132444
61146314
61156639
61167384
61178088
61520533
60819764
60818889
60820362
60820031
60819131
60819755
60820210
60819096
60819796
60820105
60820036
60818310
60819870
60818708
60780876
60790154
60800912
60812586
60823630
60832879
60844144
60855938
60868475
60879216
60890742
60900741
60911306
60923158
60933816
60945845
60956184
60968694
60979169
60990989
61003548
61012817
61023587
61036029
61046992
61058510
61071121
61081618
61092525
61105779
61116382
61126676
61137422
61151092
61161726
61172294
61181271
61523427
60822764
60821924
60823469
60822987
60822323
60822846
60823162
60822484
60822932
60823396
60822656
60823109
60823499
60822380
60782913
60794943
60805254
60816142
60827214
60836488
60847164
60859564
60869271
60879996
60892364
60902796
60913300
60926372
60936932
60948956
60959516
60970047
60981646
60990512
61002728
61013272
61023920
61037832
61048376
61057104
61070206
61080736
61092192
61105442
61115928
61126494
61135216
61148728
61159488
61169906
61181726
61526110
60825731
60825400
60824492
60823693
60825638
60825528
60824213
60824091
60825553
60825992
60824633
60823934
60826064
60825947
60784089
60792113
60803802
60813996
60825309
60834733
60846191
60857577
60867799
60880565
60892085
60903797
60914299
60924415
60934967
60947071
60957631
60969997
60980279
60991085
61003429
61015253
61025819
61039069
61049623
61060181
61072967
61083599
61094123
61107371
61117933
61128267
61139045
61152669
61163309
61174028
61184654
61529001
60828325
60827414
60828056
60828431
60827320
60826373
60827718
60828121
60826843
60828208
60828687
60828478
60827321
60826812
60785636
60796457
60805490
60815611
60824290
60835298
60848442
60856946
60869643
60879034
60890626
60902450
60913475
60925379
60935867
60944882
60956466
60967098
60978653
60989283
61003035
61011538
61022226
61034770
61046570
61057082
61065909
61078651
61090451
61099026
61112626
61123706
61134562
61143316
61158153
61166707
61177560
61189022
61531078
60830391
60829291
60828691
60830339
60829533
60829476
60830842
60831174
60830101
60829240
60831297
60831168
60829651
60831588
60790206
60802335
60812911
60822225
60833921
60843137
60854407
60865735
60878615
60889103
60900623
60912407
60922967
60934871
60945431
60955684
60966172
60978324
60989148
60999740
61012148
61022561
61033213
61047117
61057746
61068328
61079374
61090020
61100514
61113627
61124445
61135132
61145769
61159233
61170195
61181515
61192075
61534295
60833595
60832736
60834116
60833720
60832879
60833264
60833660
60833595
60833272
60832243
60833756
60833871
60833059
60833907
60793107
60802496
60811364
60821649
60834260
60845377
60856842
60868090
60877820
60888300
60899792
60911012
60921230
60932549
60943174
60953577
60964312
60974859
60987841
60998433
61010913
61021473
61032033
61044777
61055609
61067161
61080090
61090650
61098394
61109047
61123592
61134083
61142940
61153657
61168145
61178840
61189395
61200020
60836384
60837603
60837835
60836919
60838420
60837952
60837153
60837639
60837942
60836946
60836079
60837963
60837775
60836313
60838697
60798569
60809108
60818884
60829807
60842160
60853288
60862678
60873996
60885724
60896308
60908866
60920588
60931152
60943042
60952376
60964802
60975020
60986646
60995538
61007406
61018046
61028727
61039154
61052116
61062624
61074186
61087060
61097568
61108273
61119384
61131936
61141247
61151272
61164736
61175294
61185840
61196614
61540512
60839851
60839855
60840118
60838950
60840146
60840167
60839208
60838262
60840384
60840129
60838868
60840319
60840707
60839549
60797885
60809377
60819139
60829731
60840993
60850499
60861747
60874239
60884743
60896373
60905917
60917719
60928343
60940451
60951984
60964069
60974608
60986926
60997435
61008013
61020528
61031045
61041684
61054334
61065015
61074583
61088459
61098784
61108347
61122808
61133381
61143881
61154421
61168101
61178737
61189294
61199813
61544175
60843385
60842619
60844037
60843480
60842828
60843302
60843778
60842689
60843529
60843920
60842860
60841980
60843920
60844023
60803688
60811798
60821968
60830030
60840629
60851550
60864258
60871225
60881970
60894646
60904359
60916010
60927644
60936326
60948388
60959946
60970031
60981044
60994221
61004716
61013375
61025930
61037485
61047218
61060374
61069163
61080831
61092961
61103521
61112416
61125556
61137237
61146094
61154211
61164139
61177995
61189475
61200035
61210523
60845773
60845027
60845797
60845838
60845088
60845629
60845913
60845816
60844395
60845875
60845435
60845459
60846796
60845510
60845558
60810393
60822133
60832723
60841460
60852645
60865758
60876407
60887758
60899314
60910834
60921546
60931543
60944514
60952996
60966418
60977037
60987568
60997786
61009688
61022258
61030843
61041308
61054130
61065634
61076448
61085933
61098389
61109818
61120402
61133578
61142162
61152746
61163378
61178346
61188912
61199424
61208196
61549933
60847630
60847841
60849190
60849286
60848245
60849015
60849336
60848183
60849122
60849435
60848738
60849293
60849451
60848506
60808523
60817853
60829633
60840544
60851572
60862767
60872074
60883492
60896290
60906868
60918322
60928071
60938917
60950764
60961307
60973387
60985283
60997499
61006211
61018046
61029771
61037611
61047478
61060043
61071945
61080627
61093924
61102612
61113140
61124964
61136083
61146643
61157419
61167853
61181419
61193321
61203940
61214387
60849155
60851247
60850888
60849723
60851248
60851280
60850042
60851379
60851443
60850540
60851399
60851531
60850375
60851322
60851752
60813270
60824823
60834790
60846633
60857745
60866913
60878485
60891041
60902603
60912210
60922674
60934415
60946236
60958164
60968862
60980893
60991519
61003765
61012429
61023215
61035453
61046013
61058839
61070374
61081165
61091671
61102549
61114367
61124933
61136463
61147023
61157829
61169287
61181749
61193453
61204063
61214629
61555157
60854434
60853235
60854077
60854484
60854453
60852650
60853475
60854347
60852954
60854271
60853034
60853133
60854426
60854846
60813207
60822588
60833058
60845268
60856103
60865278
60876636
60889222
60900724
60909653
60921101
60932629
60943291
60956447
60967101
60979197
60989757
61002003
61010661
61021669
61033433
61041989
61052621
61065245
61075877
61086437
61100493
61109961
61121702
61132203
61143447
61154235
61164717
61174685
61186837
61198523
61209035
61217603
60854912
60856489
60854849
60854984
60856519
60856641
60855731
60856583
60856671
60855747
60856427
60856767
60855774
60856491
60856822
60818475
60828843
60837182
60848322
60860378
60871442
60880910
60893466
60905076
60914248
60925360
60937249
60947471
60960769
60971353
60983401
60992059
61004499
61014977
61025553
61039297
61049857
61060441
61071131
61081907
61093433
61107633
61116267
61126809
61141321
61150041
61160497
61172313
61184393
61193731
61204393
61216289
61560577
60859825
60859747
60859720
60858887
60859586
60859889
60858893
60858033
60860047
60858462
60858435
60859776
60858456
60858617
60816550
60826380
60836194
60846157
60858796
60868560
60879251
60891098
60901610
60914026
60925487
60937229
60946432
60957549
60966490
60979501
60988701
60998656
61012275
61022962
61033301
61044149
61054539
61068531
61079043
61087635
61100547
61111332
61121747
61132315
61146940
61157468
61168084
61178644
61192204
61202764
61213396
61223884
60860566
60861144
60861569
60860421
60859709
60861511
60859999
60860090
60859903
60860012
60859676
60861830
60860148
60860282
60861822
60818914
60830058
60839356
60847865
60859057
60871361
60882683
60894100
60903217
60915483
60927065
60936886
60948751
60960554
60969390
60981633
60991849
61002777
61016063
61026607
61037113
61047683
61059663
61072352
61082930
61093449
61106319
61116879
61127451
61138129
61149327
61159983
61171852
61182123
61196116
61206611
61216881
61227829
60863018
60862125
60863829
60863307
60862209
60861430
60862172
60862966
60861683
60864033
60861975
60862217
60863249
60863672
60863297
60825709
60835953
60843511
60853655
60864671
60875671
60886199
60895553
60907169
60919057
60928537
60941721
60952209
60964185
60974793
60986775
60997359
61009647
61021447
61031991
61044567
61053081
61063921
61077665
61088345
61097129
61110241
61120591
61132215
61145463
61155951
61166535
61177271
61189575
61199665
61209985
61220985
61566921
60866307
60865001
60866197
60866298
60865300
60864436
60865742
60866124
60864864
60866277
60864997
60865045
60866316
60866680
60825754
60833924
60842883
60854423
60864053
60875215
60885947
60895007
60905423
60916829
60927749
60939463
60951103
60963007
60973639
60985663
60996295
61006855
61017437
61027837
61041563
61052104
61060613
61074603
61085133
61093725
61107925
61116733
61127154
61137600
61150031
61162021
61170678
61181576
61196069
61204919
61215466
61225967
61568373
60867702
60866532
60867498
60867862
60866762
60866146
60866922
60867625
60866270
60867694
60866473
60866454
60867385
60866334
60824657
60834633
60846725
60857523
60866634
60877511
60890199
60901479
60911327
60921617
60933143
60946219
60954699
60967927
60978415
60990511
60999346
61011391
61021951
61032767
61046447
61057007
61067567
61080263
61089514
61101335
61114199
61124831
61135359
61145074
61157279
61168255
61178671
61190199
61202519
61215143
61224391
61570195
60869533
60868277
60867765
60869274
60869662
60868466
60867735
60869769
60868122
60868297
60869830
60869826
60868950
60869845
60827487
60839201
60848039
60859103
60869591
60881973
60893223
60902879
60914551
60926031
60937549
60947241
60958295
60970207
60983127
60995191
61005735
61018023
61028655
61037379
61051081
61061569
61072129
61084801
61095361
61104139
61116817
61127377
61138123
61151395
61161931
61172563
61182937
61197857
61208369
61217219
61227515
61573274
60872723
60871524
60872323
60872673
60871530
60872514
60872906
60873070
60871445
60871567
60873086
60873171
60872263
60873137
60830555
60842508
60852629
60863526
60874302
60883656
60896140
60907446
60916933
60927590
60940511
60952239
60962805
60972717
60985275
60997430
61008076
61020229
61030960
61039605
61052103
61062970
61073204
61087134
61097700
61108260
61119060
61131039
61141605
61152999
61163473
61174056
61185797
61199488
61210048
61220536
61231184
61575568
60874953
60873992
60874750
60875216
60874143
60873278
60875287
60873727
60873641
60875119
60875475
60874401
60873513
60875637
60834075
60845528
60854417
60866507
60875662
60887953
60897287
60908735
60921135
60931919
60941657
60953527
60965055
60977040
60986282
60997890
61008354
61021971
61030806
61041558
61055012
61065566
61076126
61086662
61097552
61107860
61122060
61132566
61141350
61153054
61166295
61175072
61185374
61195284
61210174
61218934
61229438
61241174
60875494
60877123
60877312
60877153
60876300
60875534
60877616
60876031
60876056
60877677
60877548
60876803
60877516
60877730
60876835
60838362
60849331
60858100
60869896
60879198
60890483
60902812
60912088
60923782
60935502
60947039
60957030
60968895
60980839
60991351
61001706
61012266
61024751
61036231
61046911
61057474
61067935
61078738
61091607
61103015
61113671
61124522
61136367
61147015
61160287
61170799
61179370
61190391
61204943
61215431
61224266
61234634
61581955
60881133
60879512
60881040
60879154
60881348
60879508
60879823
60881200
60881122
60880297
60881161
60881397
60880295
60881097
60838442
60848503
60860224
60869468
60880382
60892483
60902147
60913182
60924981
60935277
60946797
60959779
60970414
60980590
60991102
61003270
61013830
61025974
61036438
61047030
61059523
61071347
61081907
61094507
61105067
61115627
61126614
61138443
61149027
61160550
61170955
61182779
61190582
61202419
61215979
61226611
61237099
61247659
60881012
60880522
60882483
60880796
60881132
60882390
60882398
60881645
60882189
60883109
60881145
60881624
60882352
60882869
60882515
60844897
60856631
60866119
60877847
60888983
60898575
60909741
60920869
60933629
60945077
60954325
60967421
60979253
60987911
61000223
61010783
61021194
61033437
61045365
61057862
61068429
61077157
61089805
61101563
61112195
61123373
61134096
61145523
61156107
61167565
61178053
61188493
61199053
61212757
61224291
61235069
61245659
60884150
60882483
60883875
60884126
60884080
60882485
60884101
60884288
60882852
60884380
60884382
60883050
60884449
60884593
60883460
60843496
60855490
60863938
60874686
60886947
60898011
60907694
60918687
60931572
60942061
60951837
60963737
60975307
60987280
60995958
61008012
61018988
61030997
61042756
61053324
61065876
61074318
61085172
61098170
61108719
61120224
61131018
61143642
61154130
61165338
61177312
61187806
61196739
61210138
61222027
61232599
61243235
61586777
60886185
60885210
60885807
60886163
60885951
60884503
60886933
60886422
60886146
60884639
60886489
60884874
60885087
60886542
60843741
60853743
60865665
60874641
60885555
60897585
60908041
60918875
60930123
60942005
60953526
60963420
60974062
60987116
60997664
61009694
61020343
61031260
61041350
61051918
61065494
61076108
61084694
61097372
61107932
61118684
61131510
61143340
61153852
61167124
61177702
61186294
61198780
61210592
61224158
61234812
61243398
61254464
60888072
60889533
60889980
60889864
60888152
60890071
60888518
60888706
60890131
60890101
60888780
60890227
60890229
60888884
60890239
60855120
60864062
60872767
60884775
60895839
60905079
60916879
60928983
60938535
60950423
60961743
60971783
60982711
60993495
61004423
61016735
61025615
61038879
61048703
61058567
61069079
61079911
61091463
61102359
61113095
61124575
61137439
61146223
61157095
61171239
61180504
61192383
61202937
61216599
61227087
61235733
61246817
61258185
60891503
60891773
60891605
60890106
60891583
60892089
60890845
60890197
60892097
60890517
60890781
60892163
60892369
60890911
60892380
60855715
60865827
60875844
60886357
60895652
60906692
60919244
60928855
60940615
60953075
60961749
60975446
60986030
60997958
61008565
61018605
61029357
61041645
61052205
61065037
61076373
61087021
61097917
61109621
61120157
61130717
61141805
61152293
61163101
61177317
61187877
61198461
61209021
61220677
61231333
61243085
61253669
61594309
60893504
60892626
60893325
60893646
60892640
60891778
60893715
60893567
60892111
60894386
60894118
60892869
60893698
60894054
60851853
60862801
60872818
60881788
60893852
60904988
60914716
60926244
60935228
60946098
60957546
60967348
60975532
60987578
60997449
61008153
61021393
61030713
61044265
61054825
61067337
61077849
61087162
61099642
61109849
61121634
61131898
61145074
61153625
61165521
61178769
61187481
61199274
61207801
61221553
61232425
61243905
61254417
61595858
60895193
60894291
60894954
60895385
60894336
60893501
60894516
60895286
60893930
60895290
60893951
60893999
60895343
60895648
60853480
60863898
60873993
60884769
60893820
60906188
60917645
60928997
60938663
60949415
60961933
60973645
60984211
60993383
61002367
61015853
61024661
61035128
61047365
61059219
61069920
61080755
61092235
61104847
61115413
61125973
61137130
61147887
61158109
61169895
61181247
61191757
61203595
61214251
61226406
61237661
61248245
61257024
60897167
60896226
60897009
60897268
60896128
60895488
60897460
60897416
60895627
60897577
60897280
60898109
60899863
60898322
60898501
60858171
60870570
60879035
60890827
60899466
60910179
60920505
60932943
60942489
60953241
60965012
60977711
60988295
60998361
61008767
61020959
61031513
61043807
61055710
61065570
61075882
61085714
61094483
61107041
61118841
61127547
61141561
61150081
61160713
61172513
61183715
61195804
61206282
61214874
61229818
61240324
61250258
61259523
61602187
60901277
60900087
60901002
60901484
60900427
60899643
60900096
60899712
60901341
60901779
60901463
60900247
60901822
60901752
60857791
60866789
60875752
60887521
60896184
60907664
60919651
60930219
60941344
60953954
60965474
60976057
60985778
60997802
61008194
61020386
61032298
61042929
61053280
61064369
61074800
61085312
61097208
61108520
61118680
61130377
61137376
61151480
61162105
61170824
61183880
61195881
61204320
61214976
61229848
61239168
61250984
61261633
61603737
60902830
60901846
60902663
60902861
60902831
60901383
60903652
60901602
60901669
60902921
60903320
60903159
60903060
60901756
60859395
60868171
60879107
60887747
60898403
60910292
60922844
60934100
60943158
60954363
60966987
60975566
60987542
60999670
61011148
61021211
61032043
61043667
61054035
61064947
61078116
61086771
61098715
61109907
61119804
61128307
61139267
61152763
61161571
61172331
61186788
61197300
61206452
61214907
61229875
61238395
61249092
61259596
61605203
60904603
60903562
60902797
60904584
60903120
60903696
60904514
60904886
60904784
60903200
60904875
60904995
60903594
60905036
60862063
60872274
60884176
60893047
60903990
60916390
60927699
60937250
60948616
60960481
60971926
60982385
60992467
61004387
61015032
61028061
61038655
61050949
61059784
61070157
61082872
61093293
61105021
61117806
61126533
61135544
61148402
61159085
61170856
61181357
61193369
61205123
61215742
61226237
61237984
61248646
61260470
61270243
60906148
60905976
60904474
60906821
60906519
60906479
60905443
60906184
60906495
60906472
60904776
60906355
60905161
60905016
60906357
60867303
60879046
60887349
60899606
60910598
60921718
60933046
60942269
60954125
60965574
60976206
60989097
60998500
61009659
61022257
61034337
61043019
61055552
61066974
61077566
61090070
61100630
61111197
61123886
61134518
61143790
61157894
61166629
61177005
61190656
61200165
61210773
61221648
61235086
61246910
61257470
61267982
61608582
60907797
60906861
60910080
60910253
60909190
60908414
60910035
60910426
60910353
60908702
60910742
60910674
60909358
60910589
60867875
60877992
60889752
60899099
60910768
60921904
60931475
60942744
60954144
60966033
60976437
60987410
60997964
61011267
61019781
61031883
61042533
61056067
61065451
61077213
61089716
61098453
61109013
61121619
61133477
61144067
61156859
61165637
61176443
61187877
61199355
61209813
61221635
61232267
61243973
61253901
61264709
61276123
60911299
60910669
60911274
60910231
60912433
60910867
60910989
60912650
60912446
60911573
60913230
60912703
60911589
60912314
60911335
60872173
60882459
60893007
60904626
60913724
60925058
60937458
60948714
60960452
60969247
60980772
60993620
61002407
61014127
61026028
61038046
61048743
61061055
61071615
61080919
61093495
61104110
61118588
61128044
61138628
61150388
61161374
61171940
61183684
61195137
61205612
61216377
61228783
61240401
61250764
61261881
61272468
61614631
60913879
60912723
60913646
60913937
60912931
60912016
60912753
60913755
60912523
60913840
60914145
60913128
60912256
60914257
60873613
60882304
60892384
60903384
60914043
60924764
60935169
60946254
60959217
60969696
60979496
60992170
61002766
61012689
61023214
61035310
61046355
61058312
61070142
61080752
61091919
61101872
61112334
61125352
61135971
61147398
61160321
61170846
61181406
61191072
61203888
61212408
61224310
61234875
61246654
61257118
61267672
61279406
60915386
60915575
60913799
60915482
60914414
60914143
60915481
60914187
60914569
60913843
60916312
60915616
60914461
60916191
60916284
60879210
60888090
60898299
60909843
60920883
60932019
60941387
60954051
60965620
60975083
60985643
60996715
61006686
61018390
61030163
61042259
61052813
61065173
61073957
61084477
61096765
61108814
61119267
61130693
61140752
61151475
61164115
61175845
61186428
61197619
61208203
61218883
61229509
61243251
61253811
61264339
61276011
61618064
60917199
60916171
60916920
60917300
60916170
60915627
60917477
60915866
60915925
60917183
60915962
60916104
60917330
60916127
60875981
60885889
60895801
60907906
60916769
60929097
60938553
60951090
60960553
60971444
60982578
60993545
61005538
61015385
61025873
61039281
61049793
61059201
61070444
61079953
61093642
61102265
61114049
61126058
61134665
61146369
61155233
61169082
61177681
61189481
61201121
61212626
61221129
61232953
61244521
61255569
61267050
61275801
61619647
60918822
60917445
60917539
60918622
60919120
60918876
60917329
60919349
60919221
60917875
60919250
60919362
60918217
60919070
60878014
60888102
60896905
60909136
60918040
60929032
60941690
60952992
60962837
60973411
60985971
60997608
61008198
61022753
61031328
61043619
61054200
61066410
61076736
61088800
61101291
61110081
61120817
61133217
61143328
61153220
61165747
61177642
61188261
61196907
61210453
61221915
61232540
61243051
61254805
61265502
61276048
61287766
60923394
60922668
60923180
60923367
60923505
60921815
60923588
60922111
60922113
60923497
60923974
60922684
60921905
60923893
60923547
60886968
60895058
60905857
60917599
60928681
60937825
60949117
60960564
60973282
60984755
60995380
61005289
61015906
61027591
61037411
61048833
61057913
61071447
61080705
61090841
61103473
61114045
61124593
61138257
61148811
61159401
61172205
61181030
61191602
61204666
61216620
61224818
61233578
61244132
61258914
61269539
61280056
61288810
60925030
60923903
60924190
60925332
60924357
60925131
60925438
60924418
60923578
60924766
60925266
60924586
60923692
60925868
60924106
60886139
60896090
60907725
60918663
60927832
60940064
60951464
60962863
60974252
60983266
60994360
61007452
61018000
61029969
61040422
61052518
61063108
61073751
61084247
61094639
61108584
61119079
61131744
61142279
61152817
61163377
61174481
61185290
61195791
61210096
61218688
61229177
61239924
61254727
61265215
61273782
61284540
61627654
60926870
60925474
60926060
60926833
60927213
60927092
60925401
60927379
60926966
60925755
60927396
60927519
60926097
60927574
60884953
60896215
60905471
60913913
60926373
60937503
60948896
60958370
60970074
60979245
60989762
61000071
61012258
61024991
61035694
61047718
61058278
61068927
61079909
61090109
61102459
61113091
61123418
61136315
61146875
61157435
61171491
61182123
61190637
61201269
61214637
61226365
61234885
61247502
61261069
61268211
61275821
61286011
61629574
60928502
60927500
60926526
60928053
60928864
60927282
60927508
60928607
60928875
60929105
60929062
60927719
60928952
60929166
60885631
60893918
60904749
60913461
60925221
60936429
60946293
60956853
60968375
60979797
60991381
61003117
61014781
61025445
61037245
61047471
61058212
61069122
61081110
61092938
61105405
61114021
61124589
61137495
61147988
61158628
61172762
61183250
61192629
61202660
61216986
61227546
61238146
61248690
61262250
61270908
61283394
61291884
60929170
60930457
60930622
60929816
60930691
60930771
60929554
60930439
60930771
60929754
60928815
60930814
60929451
60930987
60929986
60889930
60899143
60908388
60920460
60931260
60942370
60951798
60963012
60975921
60986428
60996604
61007874
61018440
61030562
61042042
61054155
61063338
61075380
61086836
61097356
61107926
61118564
61130364
61141247
61151717
61163458
61176315
61185028
61195394
61207220
61218674
61230372
61240866
61249578
61263168
61274962
61285539
61294124
60930283
60932326
60932556
60931047
60932489
60932526
60931599
60932648
60932748
60931651
60932436
60932749
60931750
60932539
60932943
60893316
60903803
60912475
60922341
60932913
60943452
60954703
60963997
60975709
60986173
60998929
61008859
61019305
61031395
61042761
61055159
61065778
61077935
61086774
61097440
61112638
61124483
61134995
61146355
61156373
61167076
61181019
61191507
61201236
61212717
61224188
61234651
61246155
61257070
61270654
61281227
61289675
61300313
60935260
60935608
60937130
60937173
60936334
60937123
60937268
60935990
60935414
60936046
60936252
60937442
60936329
60937292
60937557
60898256
60906366
60918072
60927228
60938378
60950403
60959692
60971212
60982764
60992228
61003771
61014721
61025144
61037184
61047632
61058081
61068583
61080614
61091343
61101935
61115678
61126303
61136887
61149487
61158206
61168766
61181599
61193399
61202046
61212606
61225854
61236734
61247887
61258695
61270710
61281270
61292807
61303367
60938566
60937603
60938611
60938708
60937806
60938419
60938834
60937764
60938571
60938975
60937953
60937126
60937743
60938683
60937593
60900351
60910715
60922588
60932993
60944009
60953177
60964691
60976339
60988748
61000220
61010721
61020425
61031075
61043057
61054875
61066977
61077489
61089947
61099113
61112937
61121654
61132406
61144916
61156740
61167300
61177884
61190676
61199411
61209979
61223035
61233697
61244587
61256145
61268343
61278350
61290252
61300812
61641289
60940486
60938935
60940118
60939566
60940527
60940701
60939841
60940476
60940840
60939842
60938927
60940915
60940724
60939196
60899600
60906948
60916961
60927198
60939770
60949006
60960142
60970575
60981181
60992617
61002175
61013091
61025749
61037725
61048291
61058539
61068907
61080797
61093097
61101797
61114189
61126083
61136571
61147323
61159171
61169441
61179181
61192457
61202939
61213499
61225123
61236651
61245822
61255794
61270654
61281136
61289776
61300768
61642893
60942149
60941344
60940321
60942246
60940771
60940714
60942157
60942532
60941244
60940548
60942576
60942245
60941058
60942751
60902049
60909962
60921220
60929508
60941264
60953314
60962776
60974073
60986833
60997345
61008865
61020577
61031193
61041593
61049776
61062793
61073353
61082000
61094584
61106160
61118568
61129233
61137864
61150416
61162377
61171761
61185753
61196313
61204912
61215592
61229984
61240544
61249064
61259288
61272032
61282592
61294361
61304849
60942491
60943690
60942172
60944064
60944109
60942748
60944173
60944245
60943278
60943310
60944369
60943253
60944021
60944361
60943344
60904551
60911835
60923762
60932862
60943893
60956086
60967283
60976571
60988299
61000099
61011571
61021291
61031875
61045196
61055740
61066059
61076678
61088933
61100604
61109253
61122876
61130627
61142445
61155117
61165677
61174461
61187133
61199094
61209654
61218181
61231557
61243181
61253813
61264373
61276245
61286781
61297589
61309110
60945268
60945744
60944563
60943835
60945858
60945604
60944094
60946114
60944406
60944467
60945988
60946138
60944725
60946001
60946231
60908743
60917160
60926538
60937200
60949534
60960592
60970138
60981312
60992896
61004696
61016200
61027985
61038569
61048547
61061057
61071371
61081931
61094119
61105117
61116724
61129132
61137963
61149345
61161432
61172960
61182040
61192355
61202463
61211413
61221709
61236143
61245028
61255522
61266322
61280797
61291447
61300170
61310713
60947534
60946576
60947325
60947708
60946728
60945788
60947662
60947427
60946128
60948430
60946369
60946275
60947651
60946524
60946427
60909128
60919457
60931074
60941532
60950954
60963100
60974380
60985813
60997252
61008837
61017510
61029590
61039828
61052612
61066788
61078880
61087457
61099839
61110495
61121365
61134825
61145437
61158015
61166930
61177353
61188023
61201927
61212552
61223064
61234471
61246197
61256829
61266655
61278848
61288621
61298005
61309693
61653250
60952548
60951474
60952416
60952773
60951977
60952499
60952828
60951806
60950813
60952841
60952897
60951126
60951873
60952851
60911762
60922912
60932992
60943762
60954658
60964090
60975154
60986648
60999344
61008106
61019626
61031186
61042133
61054970
61065458
61076331
61088210
61098600
61108408
61118278
61131920
61140569
61151264
61165086
61175670
61186152
61197105
61207872
61218608
61230070
61243352
61253990
61263166
61273088
61286998
61298544
61309182
61317696
60954165
60953653
60952713
60954011
60952849
60952766
60954193
60954429
60953524
60954364
60954580
60953555
60954363
60953134
60953182
60915916
60926070
60938018
60947437
60959564
60968804
60980066
60991604
61003034
61015794
61026463
61038050
61046695
61058666
61069130
61081629
61093122
61105491
61114066
61124810
61138467
61149051
61161747
61172307
61182819
61193451
61204402
61214770
61225426
61239938
61250498
61261074
61271706
61283226
61294050
61304442
61315163
61656969
60956273
60955194
60955866
60956332
60955216
60954354
60955593
60956473
60956446
60955423
60956280
60956413
60955414
60956208
60915091
60924390
60933110
60944622
60955961
60965070
60976795
60988990
61000576
61011193
61022648
61033686
61042688
61053075
61064489
61076650
61085593
61097137
61109360
61119886
61132449
61143009
61152338
61165065
61176856
61185801
61199480
61210070
61220761
61229408
61242470
61253120
61263686
61275633
61287136
61297777
61308280
61320182
60956360
60957753
60957853
60956878
60956565
60957836
60957033
60957688
60956120
60958087
60956326
60958333
60957283
60958150
60956660
60958734
60958365
60914507
60924641
60933004
60940347
60950471
60961418
60973818
60983089
60994531
61006131
61018832
61029403
61038986
61049899
61061860
61072246
61084633
61096243
61108524
61119049
61128460
61140459
61150803
61164739
61175233
61184011
61194499
61207404
61218171
61229788
61242993
61253677
61264179
61274828
61286547
61296908
61307491
61318059
61660754
60959660
60958902
60959478
60959965
60958857
60957899
60959887
60959790
60958262
60959776
60958582
60958520
60959813
60960335
60919314
60928360
60935950
60947499
60955947
60966355
60975851
60986857
60998281
61010969
61020724
61031356
61042972
61056140
61066700
61078748
61088237
61100021
61110390
61120836
61134678
61145238
61155756
61166580
61177212
61187604
61200740
61212364
61222852
61233430
61244966
61255460
61265846
61276881
61291446
61300038
61310724
61322428
60960049
60961145
60959582
60961370
60960344
60960143
60961721
60961750
60960429
60961525
60961672
60960970
60960663
60961783
60960932
60919700
60929284
60939856
60950152
60960952
60973238
60984566
60995912
61007425
61017950
61026040
61037062
61048862
61058857
61069502
61081809
61093302
61103862
61116219
61126758
61137329
61147824
61158600
61171014
61181736
61192638
61206430
61216984
61227561
61238134
61249432
61259974
61270552
61282446
61296078
61306584
61315433
61325736
60962816
60961775
60963476
60962997
60962161
60963625
60963267
60962519
60962918
60963199
60963483
60963405
60962406
60963188
60963482
60924088
60934425
60942641
60953970
60965857
60975098
60987648
60999049
61008780
61019155
61031905
61041817
61053572
61065404
61074267
61086243
61095243
61108099
61117989
61128515
61140995
61149779
61160339
61172915
61183475
61195227
61208091
61218747
61229259
61238019
61252427
61260907
61271659
61282243
61297083
61307667
61316187
61326939
60964526
60963136
60963160
60964488
60964895
60963812
60962998
60965007
60964619
60963475
60965165
60965154
60964419
60965124
60965292
60926677
60936234
60949250
60960098
60971099
60982154
60994739
61006139
61015530
61026426
61038938
61050787
61061299
61073138
61083787
61095883
61104402
61116834
61127346
61138154
61150579
61161418
61171538
61182386
61193826
61204523
61217339
61226034
61236498
61249770
61261723
61272235
61282802
61294538
61305026
61315954
61327499
61671008
60970175
60968954
60969091
60969094
60970428
60970428
60969680
60970337
60970698
60969589
60970374
60970703
60969261
60970301
60929109
60937533
60946437
60958033
60969350
60980438
60989901
61001477
61011669
61024485
61035957
61045819
61056512
61068385
61078808
61091065
61101832
61113913
61125801
61136433
61148825
61159409
61170041
61180680
61191608
61201824
61214640
61225296
61235856
61246032
61258737
61267600
61277960
61289712
61303272
61311923
61324475
61333259
60970142
60971955
60970463
60970583
60972050
60972235
60971396
60972286
60972411
60971343
60972095
60972421
60971550
60972204
60972415
60934722
60943995
60953583
60964496
60973634
60984597
60996965
61008589
61018443
61029104
61041569
61051270
61062281
61075054
61085620
61095856
61106638
61119787
61128600
61139440
61152781
61162086
61172047
61184877
61196357
61207022
61217984
61228533
61240275
61251735
61262037
61273997
61284574
61293552
61305632
61317094
61324605
61333424
60973272
60971966
60973417
60973829
60972654
60971806
60974045
60973831
60972220
60974222
60972562
60972612
60974197
60974184
60972833
60932959
60944002
60954098
60964912
60975736
60985027
60996205
61007928
61019176
61031000
61042486
61054288
61064845
61076808
61085373
61097502
61108424
61120440
61132328
61142872
61153546
61164009
61174647
61187343
61199167
61209727
61220706
61231188
61242074
61255026
61265746
61276306
61288130
61301714
61312274
61320839
61331498
61676312
60975385
60974304
60975270
60975526
60975321
60975217
60974297
60975581
60975888
60974852
60975849
60975899
60974433
60975880
60935085
60944368
60954371
60965219
60976102
60987231
60996539
61008112
61019771
61031299
61042797
61054526
61065152
61077014
61087640
61097794
61110274
61120981
61131469
61142185
61154481
61166356
61176940
61189540
61200261
61210756
61223651
61232714
61241498
61252898
61265258
61276122
61286346
61298176
61311825
61322385
61330934
61341496
60975251
60976972
60975457
60975393
60976838
60977060
60976056
60975118
60977234
60977091
60975416
60977316
60977067
60977380
60977245
60939731
60950471
60959276
60969964
60982061
60993125
61002420
61013940
61025592
61038256
61048800
61058671
61069407
61082279
61093003
61103055
61113567
61125855
61136635
61148354
61160971
61171483
61184155
61192946
61203223
61215291
61228090
61238667
61249162
61260882
61271018
61282987
61293434
61305362
61315586
61326586
61336874
61679496
60978813
60977810
60978558
60978922
60978327
60978697
60979085
60978364
60978836
60979221
60978151
60977284
60979149
60979175
60939100
60948336
60957157
60967495
60978615
60988167
61000198
61011685
61023294
61031989
61043373
61056502
61067046
61078902
61089397
61099717
61110349
61122864
61134357
61144973
61154749
61165846
61174421
61186358
61198110
61206613
61219429
61229309
61241270
61249773
61264349
61272773
61284806
61293517
61308205
61316917
61328662
61337309
61681227
60980262
60978856
60980159
60979122
60979646
60980585
60980384
60978917
60981146
60979104
60979069
60980477
60980750
60980782
60980867
60946092
60953085
60963114
60974904
60986009
60995106
61006643
61019091
61027994
61036360
61047128
61059984
61070512
61080486
61090998
61103248
61114008
61127425
61137937
61148529
61159048
61169680
61180120
61192843
61204753
61215313
61228129
61236824
61247288
61260689
61272489
61283001
61291520
61302088
61317137
61327681
61336208
61346888
60980329
60982699
60980557
60981154
60981935
60982224
60981386
60980436
60982604
60982339
60980935
60982649
60982689
60981255
60982683
60946477
60955564
60967319
60977535
60988919
60998113
61009487
61022079
61033527
61043303
61053863
61064591
61073784
61084954
61095778
61107944
61119595
61129856
61140632
61151218
61163614
61174168
61184816
61197382
61207936
61217960
61230704
61242528
61253046
61264434
61275022
61286784
61297400
61309395
61320864
61331382
61342008
61684830
60983954
60982916
60983788
60984028
60983938
60982122
60987441
60988000
60986687
60988047
60986920
60986815
60988151
60988515
60947698
60955151
60966932
60975807
60986600
60999006
61008558
61016676
61027302
61038900
61051684
61062284
61072313
61085150
61095710
61107804
61117076
61127238
61139454
61149962
61163604
61174260
61184754
61195566
61206090
61216668
61230500
61241362
61251868
61260692
61273700
61285644
61296162
61304934
61318730
61330276
61340901
61349500
60989512
60988470
60989489
60989901
60989884
60988018
60990092
60988413
60988509
60989982
60990065
60988968
60990116
60990220
60989368
60950181
60958370
60968864
60979733
60991893
61001518
61010957
61022278
61033192
61043960
61056374
61066251
61076805
61087638
61096294
61109501
61118319
61129022
61141071
61151863
61165471
61176071
61186687
61197422
61208006
61218742
61231334
61243174
61253806
61264318
61277631
61286278
61297158
61307243
61322335
61332823
61343407
61354039
60990616
60991238
60991554
60991476
60989999
60991513
60990313
60991011
60989891
60991892
60991520
60990352
60992055
60992071
60990639
60951425
60961840
60970683
60982630
60991672
61002694
61015417
61026679
61036280
61047233
61059620
61071343
61081923
61092045
61102599
61114955
61125495
61138884
61149431
61156672
61169272
61180976
61191536
61202096
61212824
61224630
61237570
61248143
61258649
61269346
61280876
61291305
61302178
61313599
61327225
61337802
61348369
61356889
60991545
60991841
60993306
60993306
60992424
60993032
60993350
60992410
60993154
60993470
60993434
60991661
60993301
60993553
60993772
60956031
60965507
60974948
60986092
60997036
61006323
61017667
61030196
61041716
61052260
61063852
61075575
61086076
61098004
61108588
61120756
61129342
61141769
61152636
61162930
61176634
61187146
61199818
61208537
61219025
61229212
61240234
61250674
61260705
61273761
61285786
61296386
61306858
61318625
61329137
61339601
61350161
61695799
60994917
60993971
60994686
60995034
60995052
60993300
60994932
60993706
60993663
60995023
60995483
60994241
60993526
60995477
60954601
60963962
60974013
60984934
60993557
61005283
61017435
61028715
61040229
61049123
61060475
61073427
61084011
61095843
61106427
61118523
61129230
61141483
61150731
61160733
61173333
61183731
61194291
61208299
61218877
61229365
61240446
61251085
61261541
61275981
61286606
61295325
61306246
61314411
61328693
61337581
61348134
61359971
60996318
60996806
60996792
60995058
60996939
60997022
60996874
60995383
60996668
60997083
60995573
60995639
60997203
60997211
60996372
60955828
60965221
60977122
60986104
60996963
61009417
61020691
61030178
61041506
61053434
61063082
61074818
61085210
61098426
61109003
61119322
61129810
61142074
61152634
61164490
61176963
61185490
61196074
61209162
61220642
61231202
61242579
61251635
61258658
61268538
61281795
61293714
61302946
61314842
61328467
61336994
61347626
61358626
60997112
60998369
60998140
60997463
60998201
60998750
60998642
60996756
60998747
60997129
60997302
60998770
60998973
60997990
60998919
60956609
60966294
60977404
60985804
60998324
61007726
61020132
61031412
61040363
61051931
61063172
61076148
61086708
61098564
61109228
61119382
61130094
61142598
61154012
61164604
61175230
61185934
61196332
61210196
61220756
61229606
61242206
61254108
61264756
61275316
61286862
61297078
61308980
61319508
61331318
61341860
61352084
61361932
61000184
60998494
60999891
61000207
60999022
60998403
61000362
60999378
61000426
60999246
60998459
61000592
61000209
60999017
61000535
60958460
60967003
60977684
60987643
60999014
61009884
61022404
61031939
61043219
61055212
61066732
61078396
61087788
61100884
61109651
61121699
61132630
61144580
61156332
61164835
61177508
61189308
61199892
61210387
61221019
61231740
61245548
61254491
61265334
61276820
61290156
61300716
61309171
61319923
61333524
61345348
61355908
61364555
61001732
61001151
60999954
61000869
61001716
61000377
61001788
61002235
61001940
61000460
61002197
61002309
61000873
61002801
61000308
60961636
60970919
60981291
60992067
61003198
61015195
61024603
61035824
61047806
61059272
61070860
61082507
61091291
61103003
61113984
61127053
61137702
61150007
61160574
61169198
61181646
61192454
61202766
61215518
61227342
61237926
61250783
61259382
61269870
61282249
61293574
61302094
61311918
61322606
61337454
61347942
61358591
61367134
61003124
61002033
61003613
61003664
61002853
61003785
61004028
61002792
61003645
61004028
61003936
61002248
61004664
61004129
61003040
60966437
60975366
60985094
60995550
61006006
61016830
61026238
61036958
61048702
61059926
61069774
61081974
61091806
61103710
61114222
61124326
61135190
61145382
61157286
61167782
61181470
61192014
61200726
61213518
61225174
61235758
61246774
61257334
61269102
61279590
61290942
61301870
61312086
61323903
61335686
61346254
61361390
61373118
61008003
61009896
61009679
61008479
61010179
61010291
61008844
61010221
61010280
61009495
61010240
61010368
61009535
61010324
61010429
60971897
60980960
60991423
61003439
61013191
61023671
61035343
61047663
61057864
61067800
61079440
61089552
61099504
61110728
61121536
61133560
61145176
61157392
61167976
61178592
61191007
61199032
61208792
61222728
61231440
61242072
61255936
61266568
61275280
61285752
61299328
61310880
61321440
61329895
61343784
61354520
61366000
61376560
61011644
61010729
61011560
61011795
61010884
61011607
61011832
61011084
61011658
61012046
61010914
61010036
61010554
61010455
61010452
60975832
60983777
60995145
61003600
61014728
61024928
61036520
61047872
61059200
61072206
61082766
61092373
61102957
61114861
61125789
61138845
61149429
61159069
61167981
61179885
61190397
61201053
61212029
61225542
61236174
61244629
61257949
61268421
61279901
61293221
61301877
61312405
61322949
61337982
61348542
61357814
61367773
61713947
61013178
61012169
61013127
61013499
61012399
61011543
61012731
61013325
61011983
61013343
61012173
61012154
61013431
61012175
60971810
60982096
60992028
61003700
61012718
61023732
61036391
61047797
61057567
61068083
61080808
61092488
61103032
61113087
61124632
61134384
61146032
61155327
61168152
61176711
61189594
61201152
61211680
61223680
61230658
61240503
61251063
61265328
61275816
61284415
61297752
61309552
61320064
61330624
61342698
61352920
61363770
61375328
61715869
61015349
61014267
61015038
61015432
61015364
61013705
61015265
61013988
61014046
61015422
61015676
61014480
61013987
61015748
60974792
60981950
60993174
61003446
61014726
61024261
61036534
61047814
61059334
61068144
61079609
61092585
61103097
61115073
61123720
61135984
61146409
61159961
61169249
61179200
61191928
61202072
61212793
61226745
61237217
61245816
61258800
61269536
61281129
61289648
61300904
61312601
61321448
61331753
61346577
61357137
61365856
61376416
61015352
61016535
61014996
61017047
61017094
61015631
61017057
61015565
61015639
61017289
61015489
61015633
61017264
61015679
61015761
60975846
60986212
60997922
61007018
61018755
61028346
61039963
61049459
61060307
61071998
61081801
61093334
61105086
61115005
61125654
61139094
61147640
61158633
61171758
61180245
61192849
61203510
61215257
61226129
61237774
61247009
61259230
61271017
61279544
61291510
61304686
61313601
61323934
61335793
61347601
61357937
61366358
61376449
61719363
61018543
61016970
61018277
61017673
61019153
61018541
61017655
61016911
61019287
61017258
61017474
61018623
61019083
61018879
60975511
60985575
60995078
61004014
61014814
61026166
61038758
61050014
61058606
61070526
61082942
61093598
61103926
61115590
61126078
61139166
61149814
61160374
61170814
61181406
61193790
61205590
61214998
61226734
61237630
61248294
61262054
61272638
61281422
61291982
61305198
61316998
61327510
61336294
61350150
61361630
61372118
61380782
61019427
61019735
61020024
61019053
61018530
61019413
61020083
61020398
61019215
61018482
61020205
61020242
61018826
61020191
61020614
60978188
60986435
60996697
61006211
61018209
61029849
61039401
61050633
61061193
61074009
61085497
61097265
61105857
61117881
61128273
61141785
61152329
61160777
61173137
61185065
61196338
61206065
61216649
61229393
61241211
61251777
61262793
61273257
61285057
61295705
61306889
61317539
61329369
61339857
61351521
61362081
61373977
61384561
61020626
61021788
61021881
61020944
61021675
61021951
61022006
61020243
61021816
61020531
61022180
61021456
61020373
61022128
61020714
60980103
60991511
61000117
61012337
61023267
61032554
61043690
61056303
61067810
61076639
61088128
61101032
61111592
61121583
61132215
61144272
61156096
61168384
61178955
61189560
61200186
61210607
61222391
61233346
61243762
61254304
61268491
61277667
61287762
61299218
61311415
61323239
61333799
61344383
61358114
61368723
61377250
61387930
61021481
61023466
61023233
61021969
61023333
61023933
61022456
61022810
61021746
61023750
61023661
61022285
61023578
61024044
61022832
60986192
60996238
61004358
61014516
61023582
61033873
61046530
61056329
61068554
61077444
61089997
61101012
61109580
61122754
61131631
61144746
61153511
61164308
61177372
61185978
61199788
61208398
61220180
61231234
61242737
61251276
61265308
61275224
61285759
61294428
61308856
61317502
61327454
61339205
61351148
61362663
61371392
61382930
61725818
61025206
61023679
61024335
61024948
61025379
61025199
61023559
61025384
61023831
61024047
61025472
61025696
61024282
61025598
60983101
60993542
61002228
61012772
61025164
61034223
61045725
61056260
61065567
61078060
61087708
61098172
61111285
61123117
61133701
61143940
61154388
61165044
61177332
61189188
61201596
61212180
61220772
61233636
61244372
61254725
61268781
61279365
61289925
61298444
61311884
61322420
61334244
61344804
61356588
61368301
61377533
61387973
61025549
61026707
61025288
61026924
61027103
61025998
61026813
61027252
61026069
61025301
61027287
61027120
61025675
61027077
61025848
60985314
60995192
61005436
61016164
61028276
61037444
61048820
61060189
61072877
61082175
61093214
61105102
61116647
61128551
61139135
61149254
61159750
61172062
61182622
61193510
61207054
61217542
61226134
61238998
61250767
61259222
61273398
61281918
61292670
61303126
61317751
61328335
61336982
61348686
61362318
61372830
61383462
61392174
61033485
61032353
61034069
61033953
61033403
61034178
61034378
61033175
61034714
61034310
61033208
61034002
61034264
61034234
61032674
60995210
61007376
61016457
61026638
61038183
61050202
61059540
61069394
61080078
61090765
61102285
61115202
61125858
61136443
61148274
61158436
61169007
61181754
61193204
61203826
61214158
61225077
61235812
61248154
61259972
61270490
61281428
61291999
61302850
61317076
61326228
61334981
61346620
61360258
61368964
61379511
61391234
61401700
61035282
61035669
61034620
61034061
61035850
61034341
61034400
61035644
61036110
61034852
61034295
61036064
61036141
61034750
61036106
60998129
61007930
61018780
61030289
61041508
61050881
61062190
61073713
61086188
61097692
61108282
61119994
61129220
61139546
61148073
61161441
61171979
61182478
61192865
61203667
61216212
61226539
61238369
61249794
61259884
61270457
61283419
61294977
61305531
61318801
61329450
61339939
61348801
61362630
61374124
61382585
61395202
61738031
61037273
61036440
61035293
61036289
61037075
61035829
61037264
61037604
61037538
61035743
61037753
61037319
61036250
61037731
60996890
61006977
61015068
61027156
61036043
61046993
61059710
61069076
61080724
61092393
61103875
61115701
61124156
61136324
61146657
61160212
61170713
61183012
61193644
61204123
61213113
61224937
61233774
61246761
61256521
61267081
61278163
61288548
61298500
61310329
61323505
61332283
61342657
61353355
61366969
61377729
61389353
61399865
61037723
61038485
61037378
61039038
61039316
61038229
61039297
61039302
61038263
61039023
61039277
61038177
61037412
61038392
61039159
60999378
61006637
61016788
61027463
61039664
61048242
61056095
61063159
61072410
61084295
61094817
61106327
61116137
61127924
61139864
61148449
61160682
61171207
61184775
61195384
61205928
61218343
61227066
61238831
61251503
61260154
61269962
61281466
61291264
61302976
61313495
61324810
61335607
61345967
61357791
61369706
61380442
61391839
61402423
61039765
61038853
61040353
61040792
61039424
61039038
61040930
61039396
61039580
61040997
61041072
61040209
61041225
61041422
61040375
61000194
61010394
61021075
61030106
61042185
61052020
61062867
61074092
61086721
61095404
61107377
61119972
61130425
61140530
61151079
61163706
61171883
61181312
61193786
61205528
61218026
61226594
61237106
61249856
61261667
61270320
61283467
61294960
61305506
61316104
61327443
61337251
61347236
61356347
61369323
61379691
61390275
61402033
61743348
61042459
61041297
61042164
61042512
61042597
61040845
61042394
61042667
61042587
61041101
61042865
61042929
61041624
61042830
61074536
Peak: 62182667
Average: 59965959.2353902
