0
316105
770131
1040743
1564918
2304443
2714878
3006065
3628058
3811778
4411444
5199670
5341012
5797644
6151686
6633319
7074079
7322869
7717636
8277836
8692316
8973506
9306940
9525144
9862933
10634117
11071637
11731478
12369016
12699460
13014292
13487672
14029332
14513337
15117692
15603957
15932035
16248160
16470341
16600042
16840808
17009990
17173799
17463091
17850637
18006067
18226356
19524217
19356550
19524262
19631899
19635191
19891492
20074766
20283121
20744325
21235214
21354078
21903452
22404437
23108298
23349276
23667764
24049678
24355944
24482913
24625349
24859227
25116325
25421392
25800639
26189154
26581445
26985092
27564803
28244263
29105783
29765283
29864323
29870223
29872231
29886979
29898899
30145852
30736278
31237239
31499867
31763214
31906718
32245992
32324021
32386311
32427674
32529330
32642838
32962428
33230706
34269514
33800275
34291867
34506726
34587836
34633768
34605102
34687248
34995490
35149646
35722608
35819893
36222173
36699064
36770041
37026411
37624730
37724555
37930762
38325230
38325348
38325488
38325526
38221609
38602696
38802262
39007392
39069608
43048581
43079404
43372156
43799295
44034845
44077691
44143691
44226502
44282997
44344970
44394473
44472084
44535126
44579030
44733206
44811037
45008563
45331139
45547953
45757696
46319005
46716342
46779658
46885355
47038375
47124014
47305684
47397780
47492760
47583688
47902277
48050525
48239734
48472250
48706331
48984262
49115768
49299415
49406662
49539819
49646603
49839563
50105198
50175655
50263079
50288911
50314567
50341164
50421288
50418992
50620186
50701217
50783630
50996277
51325484
51466113
51763796
52023689
52402064
52559496
52868838
53152614
53622806
54239172
54453218
54494604
54596832
54621545
54644077
54786785
54925305
54949804
55111514
55022279
55487763
55757859
55872255
56029497
56482707
56869436
56917844
57135687
57305672
57396183
57918285
57802387
57932751
58111820
58156069
58488050
58492916
58516603
58515489
58798685
59378459
59713570
59830674
59912202
59976546
60024667
60209585
60246472
60821480
61752783
60826475
60851337
60648161
60653122
60655980
60658443
60660455
60663356
60666956
60669007
60671027
60672776
60672611
60676004
60677453
60679295
60680896
60682507
60684062
60686750
60686800
60689654
60689697
60691241
60692256
60693252
60692687
60693300
60695380
60696324
60696551
60696469
60695871
60698655
60699018
60697674
60702749
60702007
60702838
60704288
60703558
60704530
60705771
60705401
60705476
60707960
60707430
60708181
60709998
60709621
60710849
60710382
60710376
60713841
60715806
60716695
60716869
60716178
60715921
60718291
60718783
60718333
60718343
60719815
60720317
60720912
60719634
60721565
60721120
60722893
60725704
60726201
60727431
60726955
60727066
60727988
60727187
60726562
60729029
60729647
60729168
60730514
60729370
60731547
60731159
60731610
60731694
60733129
60736341
60735100
60735674
60737303
60737927
60738214
60737144
60737495
60737479
60739919
60740802
60740100
60739987
60741705
60742309
60742790
60743210
60743742
60744386
60747047
60746024
60747673
60750058
60748574
60746789
60749178
60748125
60750196
60750400
60750728
60751189
60751587
60750120
60752634
60752757
60753149
60756727
60757157
60757478
60757705
60756499
60757506
60757295
60757751
60758822
60762895
60760796
60763647
60760851
60762043
60762329
60761056
60761109
60763718
60765564
60764836
60767312
60767953
60768267
60768697
60769040
60769764
60770043
60770654
60770639
60769210
60771874
60770668
60775983
60777395
60774265
60780681
60778031
60778799
60779146
60778308
60779393
60779855
60781865
60782100
60782829
60782225
60787932
60784699
60784633
60785296
60787029
60788136
60794686
60792008
60792572
60793176
60791981
60792983
60793349
60794806
60794432
60799621
60796187
60795149
60795178
60797508
60797276
60795997
60798594
60800777
60799656
60802144
60802633
60803258
60803497
60803683
60818103
60818398
60819944
60821961
60823082
60828333
60824379
60823047
60825101
60830490
60826491
60825075
60828398
60829052
60835762
60829657
60830087
60832463
60831821
60832818
60833593
60834410
60834798
60833990
60833712
60836376
60835698
60836230
60839900
60839213
60841793
60847761
60842614
60843242
60843552
60844207
60844299
60843513
60843977
60851299
60846030
60846864
60852538
60853190
60847687
60847343
60849739
60851759
60852484
60851534
60852922
60859327
60853916
60860087
60852367
60853627
60855061
60854404
60855560
60856232
60855048
60857226
60855856
60858010
60867412
60860274
60868259
60860854
60861704
60861806
60862574
60864312
60871145
60863768
60857435
60858209
60858358
60865871
60859643
60859987
60867375
60859139
60864145
60864743
60863957
60865940
60865433
60865659
60866447
60866894
60867546
60867870
60877491
60871004
60871373
60872039
60870449
60871696
60871878
60873900
60876935
60879220
60878061
60878836
60877521
60879334
60887562
60880618
60880989
60881419
60880901
60882486
60883083
60881496
60891472
60884123
60884045
60887549
60886746
60896159
60896537
60887159
60889367
60889991
60890124
60898440
60890726
60891577
60890229
60899912
60892379
60900902
60894781
60893412
60893660
60893865
60894614
60895172
60896981
60897014
60897007
60897609
60899123
60899470
60899883
60899010
60898571
60898773
60901262
60901603
60901066
60911273
60902656
60901598
60903566
60905514
60905334
60907277
60916530
60907983
60906277
60908979
60908403
60909741
60920193
60909240
60911391
60911759
60912010
60912656
60922547
60912636
60923060
60914014
60917058
60926866
60917465
60917329
60916890
60918721
60928880
60919740
60920109
60920589
60918713
60921225
60920329
60932349
60921080
60921179
60923718
60923699
60925236
60926513
60927325
60928332
60927430
60939847
60929905
60930406
60929332
60930071
60932488
60932216
60932394
60934255
60935219
60933373
60946157
60938275
60939464
60940183
60940329
60940930
60940776
60940240
60953034
60942400
60942955
60942250
60943756
60944260
60942370
60942861
60945334
60944273
60947595
60947429
60949384
60949159
60950321
60950313
60950606
60949735
60950151
60950506
60963897
60951512
60950781
60951137
60963120
60952164
60966624
60954652
60954924
60957442
60957553
60960018
60958443
60957453
60971105
60971460
60971857
60960677
60960201
60961588
60973887
60960014
60962487
60961648
60964913
60978490
60964822
60966212
60966707
60968110
60968556
60967099
60969397
60969864
60968717
60970614
60971108
60971347
60971574
60984920
60971450
60974919
60975346
60976486
60976827
60977447
60977928
60978146
60977765
60978649
60979313
60978405
60993061
60980464
60979683
60994221
60981654
60981974
60985194
60985425
60998992
60999646
60984616
60987134
60987295
60986310
61001757
60988750
60989207
60989609
60988544
60990635
61004288
60990872
60990399
60994644
60994938
60995569
60995879
60996142
61010088
60996949
60996055
60996824
60997584
60997734
60999090
61013450
60999870
60999638
61013930
61014576
61014886
61004076
61004710
61004739
61004010
61005714
61006930
61006129
61005481
61007391
61008067
61008876
61023284
61011180
61009893
61009652
61010550
61009463
61026267
61013752
61029723
61030207
61013918
61016053
61015629
61032125
61017213
61016158
61033226
61016750
61019243
61034124
61017706
61020622
61035513
61019665
61023113
61024354
61024718
61025082
61023938
61041262
61026277
61026357
61027156
61027918
61026678
61026689
61028730
61028684
61029097
61028686
61028636
61028974
61031862
61033503
61032770
61034139
61034582
61034960
61033825
61035243
61051941
61036365
61036762
61053047
61037699
61037880
61037249
61038739
61038905
61037407
61038838
61040705
61042009
61043483
61044235
61060666
61044668
61043540
61045051
61046185
61047028
61045159
61045310
61048012
61048192
61046333
61048895
61048986
61066273
61050684
61053154
61053516
61053870
61054392
61053320
61071879
61054658
61054339
61054973
61073624
61054941
61057468
61058825
61058780
61076783
61059735
61062924
61080516
61063701
61064086
61064386
61064556
61065151
61083221
61064952
61066630
61066885
61075495
61069041
61069760
61087311
61070961
61071004
61072891
61074421
61092259
61075245
61074470
61076172
61074686
61077044
61095221
61077541
61095895
61077176
61077671
61079348
61079692
61079952
61080670
61080092
61083168
61083689
61084696
61083182
61085545
61084844
61084180
61086405
61105183
61087219
61087025
61106617
61088499
61087657
61087560
61089437
61108267
61090248
61092111
61093669
61092895
61093040
61094937
61094508
61114547
61095286
61096522
61095756
61096205
61095213
61097603
61096500
61098259
61098891
61099498
61099841
61100897
61103382
61101731
61103010
61103024
61124412
61105710
61105837
61125941
61104726
61105831
61107612
61106658
61107791
61107484
61128419
61108059
61112164
61112329
61112547
61111770
61113018
61133408
61113958
61112578
61114466
61114987
61135563
61115642
61136173
61116428
61115650
61137190
61117000
61116991
61120640
61121724
61123107
61121753
61123942
61124261
61123066
61123471
61125694
61125822
61126481
61127206
61147607
61127426
61126856
61128157
61126901
61127258
61130791
61153231
61131828
61133161
61130037
61131487
61132102
61131345
61131836
61131937
61131516
61132650
61155307
61134746
61132900
61134081
61136120
61137898
61139175
61138788
61139908
61161943
61139615
61141149
61141062
61141858
61143922
61142573
61164417
61164919
61143239
61144194
61144115
61144856
61144879
61144406
61144350
61145839
61146889
61149269
61149877
61150037
61149644
61149634
61151127
61151525
61150336
61152315
61152530
61151653
61151545
61153664
61154047
61152316
61154735
61154091
61156660
61157566
61181596
61159342
61158115
61158774
61158758
61160649
61159947
61161344
61160694
61162200
61161707
61161757
61161366
61161300
61163634
61186624
61164994
61166622
61168067
61168527
61169026
61169357
61168051
61168999
61170591
61170794
61169538
61171836
61170569
61172737
61171891
61173395
61197193
61173037
61174428
61201010
61176619
61178389
61180228
61202270
61179424
61178774
61180402
61203828
61179203
61181551
61181455
61181869
61182597
61181796
61181739
61182350
61207467
61182948
61187966
61212582
61187733
61189096
61189700
61190136
61213999
61190859
61191092
61190199
61215615
61192109
61192630
61193041
61217651
61192609
61194383
61192383
61195980
61198069
61198270
61197485
61199114
61200770
61200115
61201736
61226779
61202154
61201175
61202521
61203840
61204493
61204534
61205261
61230091
61206190
61209186
61209600
61234729
61210171
61235494
61210346
61210322
61211593
61212071
61212815
61211866
61215045
61212339
61214175
61239753
61212791
61214087
61214338
61216488
61217397
61219376
61218806
61218549
61217015
61216920
61216952
61217035
61218835
61219634
61219982
61219678
61219102
61221263
61220489
61248111
61221676
61224018
61225992
61226405
61226591
61225967
61225783
61227449
61254163
61227091
61228289
61255325
61228127
61228875
61230446
61230678
61257416
61231869
61230458
61261341
61234453
61235644
61234569
61235381
61263383
61235038
61237490
61236799
61236237
61237142
61237969
61239331
61238598
61267086
61240158
61239333
61244036
61243132
61243235
61243236
61245396
61245460
61273295
61245389
61246850
61246251
61247484
61246324
61247603
61247376
61247289
61276567
61249927
61250034
61252340
61253732
61281545
61254391
61253705
61253950
61254496
61254563
61256190
61256698
61255893
61255812
61257007
61257787
61258442
61286683
61259464
61259756
61290940
61264471
61264753
61264669
61265644
61266007
61294662
61266540
61267412
61265429
61267837
61296249
61268342
61268640
61269172
61267997
61268083
61273207
61272323
61273568
61274026
61273923
61273624
61274006
61274522
61304649
61278000
61277220
61275558
61306227
61276201
61278578
61279076
61278251
61279392
61311314
61282691
61282289
61283746
61282777
61284460
61284218
61283812
61314867
61286414
61315965
61287301
61286383
61287739
61287765
61318323
61288865
61291949
61322010
61291648
61292919
61292463
61293815
61293667
61294852
61294971
61296923
61295482
61296026
61296826
61326681
61296997
61295688
61297842
61296923
61301434
61301714
61300743
61300508
61302712
61301606
61333770
61304171
61304475
61303095
61304363
61305417
61305779
61336712
61306944
61306847
61307030
61306380
61340781
61310465
61308619
61308181
61309177
61308942
61310115
61340583
61309985
61308940
61340319
61310156
61309253
61340442
61308866
61308367
61309351
61310011
61340075
61310031
61310136
61340171
61310128
61310149
61340407
61307801
61309311
61311755
61309955
61308014
61310470
61309945
61310135
61309204
61309288
61310189
61310117
61310009
61309718
61307971
61340273
61309792
61308658
61308417
61308239
61309477
61309694
61340007
61309704
61308648
61311673
61310620
61311396
61310316
61341959
61310455
61311910
61313384
61311723
61311731
61311907
61310098
61311827
61341978
61310458
61311967
61311930
61342372
61310804
61312063
61312130
61312463
61311069
61311626
61313579
61313734
61312586
61343919
61313576
61311972
61311878
61311712
61313621
61313469
61311450
61313029
61312035
61313354
61313333
61313101
61313336
61311962
61343452
61311885
61312970
61343188
61313160
61313308
61343546
61313184
61312976
61311671
61312295
61312979
61311455
61312770
61312577
61311713
61310956
61312659
61312043
61311094
61312788
61311459
61310720
61311715
61311075
61312917
61312801
61312773
61311168
61311688
61312700
61313063
61311597
61310807
61311515
61310868
61311654
61312299
61313049
61312662
61314716
61312902
61311983
61343636
61312402
61311479
61343468
61313256
61313021
61343438
61313079
61311692
61343115
61312817
61312966
61311185
61343289
61312970
61312246
61343374
61312748
61312472
61313058
61312638
61311155
61312911
61312238
61343286
61312761
61311233
61343155
61312881
61312584
61313167
61313001
61343427
61311233
61313091
61312086
61311248
61313276
61312323
61343801
61313617
61313386
61313682
61313579
61312302
61313102
61343638
61312125
61312086
61313180
61312557
61313375
61313246
61311736
61312029
61343628
61313228
61311919
61312183
61311411
61312145
61343772
61312369
61313248
61313096
61312528
61311646
61343434
61313229
61312528
61311396
61311167
61313109
61312897
61311052
61312100
61312122
61312933
61311052
61312992
61312380
61312558
61310624
61312740
61311125
61312335
61310632
61312683
61310131
61311010
61310658
61310937
61311964
61312280
61312004
61311177
61311822
61311911
61311223
61311962
61312336
61312023
61342329
61312024
61310733
61342031
61311990
61311788
61342281
61311877
61309684
61311680
61309542
61311567
61310061
61310475
61310207
61311933
61315263
61312313
61313436
61313488
61312303
61313421
61343735
61313427
61313411
61312937
61311394
61313276
61312097
61313503
61312284
61312339
61344036
61313650
61313487
61312230
61313129
61343466
61313181
61343494
61311623
61311937
61312965
61311451
61313304
61313663
61313349
61343658
61313171
61312348
61343393
61312973
61311907
61312948
61312299
61311869
61313064
61312295
61343437
61311169
61312883
61311434
61312949
61312682
61311756
61311062
61312723
61311452
61312386
61312853
61313129
61311944
61310824
61342947
61312619
61312061
61311002
61342925
61311173
Peak: 62091082
Average: 57558071.39441747
