0
81877
511974
773761
1505453
2088371
2515696
2945793
3449577
3812931
4459534
5169748
5346653
5680637
6138361
6590113
7076484
7326313
7722424
8289687
8701252
8978621
9313101
9443113
9595060
9950699
10628940
11078192
11656501
12374135
12701582
13021447
13501234
14310817
14705350
15348146
15744442
16255990
16480554
16615917
16943157
17124674
17429210
17741523
17902372
18013091
18240557
19538634
19359598
19538813
19645955
19650087
19899159
20087973
20306654
20680183
21087139
21317046
21913626
22414766
23117522
23360133
23804139
24186032
24364081
24387125
24550750
24721342
24974129
25124477
25436393
25784310
26102342
26596531
27000040
27571385
28259180
29120896
29785968
29879705
29884921
29887537
29902517
29914153
30161071
30750763
31353813
31549431
31843077
32035659
32278831
32343284
32404517
32451519
32548903
32585306
32908503
33167092
33528908
33842300
33806979
34288816
34504216
34586301
34632138
34603703
34685572
34993682
35147957
35712736
36118460
36698126
36769318
37027404
37623372
37724999
37934299
38323746
38323930
38323919
38323779
38219212
38637963
38838130
39022635
39105404
43095358
43108542
43380675
43446278
44037175
44106297
44145199
44215173
44276002
44320688
44396216
44422562
44486302
44558775
44615792
44611161
44847934
45059911
45146524
45569672
45766804
46049802
46632473
46793251
46832598
47026781
47112439
47186489
47414985
47488565
47610530
47928248
48062223
48304959
48509051
48590754
48740924
49175739
49179114
49183273
49185331
49186747
49412149
49322637
49460032
49583601
49671228
49860393
50108367
50199987
50286663
50309967
50323983
50356663
50390262
50462837
50444515
50663782
50719229
50809179
51022004
51350407
51487310
51794456
52047946
52425978
52567837
52888837
53176852
53646971
54263274
54448823
54539256
54622008
54647246
54747468
54813791
54920397
54972706
55049354
55490554
55784620
55897685
55984369
56390388
56858613
56922119
57339440
57441220
59216867
57733481
57916024
58075809
58122341
58299878
58519417
58394728
58497580
58616613
58932404
59697828
59818076
59902940
59970444
60029660
60077467
60249489
60293669
60863112
61788203
60847287
60884274
60891575
60899949
60904710
60910593
60916734
60922631
60925984
60932504
60910963
60708604
60709157
60711826
60710831
60712667
60713784
60701772
60706535
60710487
60712765
60716459
60720048
60725427
60729735
60732853
60736128
60713242
60714882
60713360
60714789
60715158
60715257
60715766
60706715
60710264
60713758
60715936
60721214
60725257
60728118
60733896
60738352
60716488
60715364
60715237
60716065
60716785
60717009
60715787
60706869
60710871
60714490
60718023
60722324
60727725
60731893
60734957
60739546
60718817
60718049
60719238
60717444
60719149
60719010
60718411
60707806
60713036
60714930
60720021
60722980
60726722
60732314
60735508
60741445
60718658
60718812
60720238
60720198
60720515
60719728
60720609
60710593
60712551
60716452
60721242
60725022
60728990
60732252
60737086
60741225
60744636
60721323
60721346
60721885
60720523
60721906
60720279
60722068
60711499
60716502
60720069
60722464
60727382
60730038
60734359
60739934
60743054
60721454
60723110
60722737
60721336
60722921
60721713
60721609
60713017
60715389
60720796
60723581
60727296
60732506
60735413
60741142
60744605
60724534
60723483
60724042
60724339
60723461
60724643
60724383
60713722
60716565
60721376
60725044
60727544
60731559
60735711
60740213
60744423
60746956
60725431
60725745
60724039
60725782
60723975
60725824
60724535
60716057
60718681
60721634
60725280
60730543
60734521
60738697
60742871
60746293
60726148
60724613
60726622
60725702
60726608
60724688
60726631
60716095
60719677
60722147
60727518
60730064
60735508
60738764
60744019
60748532
60750935
60728260
60726884
60726637
60727339
60728191
60728305
60716075
60719542
60724346
60726480
60730815
60734415
60738656
60743011
60747324
60751482
60728121
60729238
60728042
60727777
60729283
60729070
60728070
60719961
60722486
60724936
60729609
60733537
60737537
60741697
60744947
60749114
60752526
60730049
60729370
60730187
60729807
60730235
60729940
60717846
60721172
60726001
60729157
60733397
60737385
60741565
60745845
60750773
60754101
60731180
60731631
60730210
60731574
60730296
60730575
60730726
60720013
60725244
60728313
60730805
60734837
60738997
60743063
60747239
60751645
60730758
60731180
60732092
60731099
60732126
60730696
60732093
60720903
60724220
60726215
60729763
60733361
60739219
60743565
60747647
60751089
60754035
60731953
60732749
60731523
60732885
60733226
60732899
60732037
60721414
60726253
60729495
60733279
60737351
60741381
60745653
60749583
60754287
60732109
60731552
60733640
60733291
60732702
60733861
60732161
60721370
60725842
60728339
60731759
60735589
60740949
60745781
60748685
60754423
60756255
60734758
60734646
60734778
60734243
60734871
60734614
60734860
60723833
60727270
60732082
60735673
60739668
60742189
60746696
60750907
60755125
60741700
60734362
60735209
60734387
60735449
60735368
60735623
60722713
60726193
60729699
60734057
60738515
60741353
60745879
60748121
60753919
60756865
60736230
60736232
60736844
60734876
60735386
60735681
60736448
60724456
60727468
60732217
60734666
60739934
60742684
60746880
60751034
60756746
60760210
60736837
60736965
60736966
60737082
60736262
60737301
60737032
60727112
60731319
60733512
60737213
60741104
60746459
60749706
60753824
60757970
60737542
60736258
60736618
60738220
60738015
60738215
60737096
60728163
60731463
60733643
60738375
60742403
60746367
60750561
60754925
60759277
60737092
60736828
60738874
60736819
60738597
60737672
60738763
60726047
60729567
60733944
60735742
60739448
60745428
60749694
60752500
60755791
60759844
60738227
60737261
60738837
60739192
60737588
60738318
60739715
60739260
60728559
60733045
60735841
60739026
60743059
60747315
60751280
60756932
60760124
60738461
60738930
60739689
60739461
60739891
60739594
60738823
60728654
60733329
60735174
60738729
60742917
60746661
60751064
60755433
60759662
60763156
60740338
60739587
60740548
60738516
60740539
60738780
60739252
60730881
60733912
60738910
60742422
60746982
60751166
60752874
60758106
60761906
60739574
60741092
60740353
60741147
60741392
60740585
60741567
60731329
60733328
60738043
60741464
60744168
60748279
60752574
60756742
60761434
60764724
60741845
60741871
60741938
60742302
60740953
60742445
60741240
60731802
60736481
60740029
60743407
60747393
60752191
60755577
60758593
60762797
60742360
60741852
60742606
60741521
60742744
60741259
60741048
60732558
60736414
60738232
60743279
60745951
60749917
60754029
60758111
60762487
60747565
60741552
60743452
60741514
60743212
60743320
60743316
60731580
60734664
60737299
60742026
60745654
60748946
60753404
60757471
60763313
60765518
60743823
60742210
60743902
60742320
60743636
60743949
60742777
60734802
60737177
60740479
60744024
60749433
60754244
60756502
60760841
60766044
60744486
60743285
60744158
60744403
60743261
60745317
60745967
60733522
60738128
60740708
60744151
60748073
60752096
60757805
60762003
60764983
60744423
60744187
60745872
60744172
60745743
60745850
60745790
60733987
60738215
60740289
60743616
60747918
60751792
60756056
60760406
60766068
60769580
60745311
60744383
60746422
60744850
60746205
60746494
60746348
60737279
60739734
60744247
60747369
60751659
60755745
60759929
60764175
60768553
60745707
60747086
60746815
60745572
60747185
60746285
60745640
60736859
60739083
60743578
60746445
60750051
60753989
60759440
60763456
60766561
60769802
60746202
60747723
60746494
60746668
60746621
60747641
60746642
60738300
60741944
60745634
60747880
60751842
60756880
60760443
60765798
60769046
60748117
60746852
60746750
60748312
60747981
60747558
60747650
60737102
60740358
60743514
60747228
60750949
60755995
60760441
60763888
60769232
60772191
60747564
60749134
60747758
60749137
60748286
60749285
60748171
60739666
60744531
60747081
60750234
60754227
60759249
60764049
60767969
60771729
60748999
60751118
60749335
60750570
60748777
60750612
60748856
60739138
60743027
60747125
60749897
60754169
60758193
60761997
60766607
60770713
60749798
60749440
60751434
60749503
60751146
60751471
60751346
60739331
60742354
60745952
60750158
60754470
60758546
60761438
60765855
60771470
60774622
60751751
60750644
60751724
60750788
60751596
60751866
60751705
60740409
60743680
60748430
60750772
60754633
60758553
60762862
60767866
60770858
60774092
60752406
60752069
60752382
60752162
60751452
60752493
60750781
60743291
60746794
60749201
60753975
60758061
60762887
60765513
60769673
60773804
60752921
60752222
60753065
60752808
60753042
60752836
60752255
60742760
60744595
60748218
60752157
60755957
60760111
60764585
60768359
60774077
60776540
60753734
60752932
60753759
60754346
60753858
60753538
60742546
60745672
60747855
60751247
60756819
60760829
60765111
60768359
60771167
60775509
60754223
60752509
60754004
60755170
60755251
60755348
60754131
60743851
60748805
60752108
60754590
60758646
60762956
60766925
60772479
60776959
60755750
60756435
60755963
60755692
60754844
60756085
60754275
60744030
60747176
60750648
60754282
60758062
60763681
60768007
60770846
60775432
60780283
60756245
60755415
60756425
60754649
60756557
60754576
60743941
60747004
60751475
60753745
60757787
60763171
60767441
60770371
60773531
60779049
60756964
60756225
60755451
60757008
60756795
60756313
60756338
60745313
60750531
60751775
60755674
60759104
60763213
60767421
60771637
60776101
60779637
60756692
60757604
60755818
60757618
60757339
60756563
60757837
60747874
60752314
60755810
60759278
60763950
60768238
60772452
60775864
60780230
60757889
60756571
60758012
60756162
60758121
60756319
60757920
60746578
60751667
60753412
60758550
60762564
60765370
60769565
60773802
60779704
60758400
60758457
60758726
60758465
60757782
60758745
60757067
60748013
60751132
60753295
60756973
60760910
60764697
60769299
60773521
60778855
60780956
60759042
60757901
60757184
60758794
60759093
60758874
60758406
60748266
60753087
60756645
60758787
60763125
60766887
60771371
60775403
60781146
60759468
60760962
60761389
60761169
60761486
60759947
60761001
60749187
60753827
60755931
60759929
60765118
60769226
60772040
60777130
60781562
60783716
60759507
60761357
60761363
60761233
60760439
60760675
60761500
60752981
60756067
60759602
60761689
60765681
60770585
60775275
60779447
60782474
60760519
60762116
60760674
60761961
60760936
60762027
60761917
60750308
60753421
60757935
60761689
60764543
60767729
60771713
60776329
60779327
60785159
60762291
60760989
60763074
60761816
60762605
60761079
60762779
60753532
60757136
60760722
60763048
60766992
60771922
60775518
60779610
60783894
60761448
60762872
60762221
60763219
60761441
60763429
60761488
60752353
60757361
60759601
60762961
60767016
60771336
60776723
60780209
60784121
60763650
60762687
60763633
60763814
60761903
60763862
60761946
60753149
60756445
60758759
60762471
60766129
60770316
60774594
60780122
60784578
60787974
60762655
60764038
60763550
60764221
60764510
60763543
60764621
60756244
60758229
60761469
60765487
60769968
60773919
60778390
60782041
60786362
60764635
60764859
60763587
60764940
60763197
60765092
60763277
60754147
60758099
60761165
60764697
60770249
60775063
60778473
60781475
60785841
60765359
60764614
60765425
60765152
60765559
60765224
60764443
60754503
60758104
60761586
60764978
60768988
60773248
60778707
60782728
60787400
60765874
60767290
60765634
60767318
60765597
60767050
60767315
60756738
60760625
60762594
60767508
60771586
60775665
60779875
60782899
60787359
60766328
60766043
60767894
60766284
60767644
60767097
60767875
60757167
60759534
60764327
60766735
60770623
60774711
60779186
60783328
60789101
60767276
60766721
60768490
60766740
60768483
60768544
60768526
60757735
60760020
60763250
60767226
60770998
60775056
60779299
60785008
60789450
60767560
60767281
60769068
60767318
60768879
60769007
60768912
60758265
60760422
60765123
60767937
60771641
60775641
60781327
60784585
60788777
60768003
60769162
60769670
60769233
60768681
60769725
60767982
60757787
60762383
60764665
60768392
60772328
60776142
60780688
60786077
60790603
60793931
60770143
60768314
60770000
60769264
60769897
60770157
60757416
60761194
60764451
60767506
60772122
60777132
60781322
60785536
60790031
60793404
60771252
60770751
60770378
60769581
60770795
60769175
60770918
60761424
60763378
60768126
60770230
60774494
60779484
60783620
60786679
60790812
60769844
60770185
60771345
60770543
60771353
60771336
60769516
60770246
60761781
60766169
60768191
60771992
60776391
60781901
60786135
60789559
60794059
60771766
60769895
60770153
60771456
60771855
60771064
60771814
60761193
60764153
60766233
60771381
60775142
60779460
60783684
60787895
60791009
60794537
60770455
60772224
60772319
60772267
60772331
60771122
60772510
60762587
60765650
60770673
60775643
60779089
60783641
60787641
60792507
60795846
60774036
60773631
60774371
60773201
60774369
60773009
60774579
60762519
60766930
60768954
60772658
60776914
60781944
60786022
60790330
60794818
60798250
60773695
60774840
60773212
60774976
60773139
60774825
60774970
60766362
60768425
60772797
60775167
60779533
60784341
60787443
60791587
60796947
60773983
60773857
60773524
60775413
60773519
60774425
60775596
60763584
60768040
60770022
60774079
60777806
60781963
60787456
60791698
60795030
60798378
60775796
60775040
60775873
60774008
60776017
60775668
60764648
60767746
60769731
60772979
60776940
60782780
60787046
60790040
60794376
60798036
60776524
60774804
60776393
60775019
60775056
60776471
60776185
60766443
60770769
60773057
60777840
60781997
60786757
60788943
60793087
60797627
60776869
60776147
60777038
60774915
60777154
60776782
60776045
60765790
60769999
60772331
60776906
60780746
60784854
60787918
60793272
60797664
60800696
60777789
60776146
60777911
60776205
60777445
60777792
60777812
60768468
60770776
60774036
60777406
60781494
60785712
60789762
60794090
60799916
60777879
60777231
60778274
60776586
60778197
60776607
60778098
60768005
60771231
60773466
60778365
60782381
60786469
60790671
60794879
60798128
60777382
60777025
60778816
60777305
60778574
60778915
60778862
60766714
60769939
60773439
60778366
60782245
60786333
60790479
60794779
60798037
60801811
60778524
60779293
60779395
60777458
60779329
60779359
60778310
60769043
60773531
60776973
60779361
60784569
60789417
60792873
60795884
60800577
60779098
60778682
60779846
60779783
60779820
60778582
60778350
60769525
60772623
60774641
60781225
60783972
60787825
60793251
60797383
60800367
60804247
60780321
60781977
60780459
60782027
60781255
60782240
60782021
60773592
60776450
60779978
60783522
60786425
60791305
60795094
60799059
60803377
60782172
60781801
60782524
60780877
60782568
60780860
60782359
60772250
60775392
60777426
60781420
60786148
60789896
60792824
60796920
60802872
60806312
60781902
60783147
60781548
60783096
60781524
60782756
60782077
60773235
60776183
60781048
60783328
60787736
60792417
60796218
60801364
60805822
60783119
60782540
60782714
60783665
60781974
60783544
60782039
60772455
60777218
60778906
60782570
60786860
60792320
60796558
60799539
60803997
60783987
60784636
60784023
60783805
60783008
60784163
60782332
60772085
60776713
60780059
60782091
60787315
60790265
60794416
60798376
60802920
60807528
60784369
60784727
60783365
60784688
60784527
60782991
60783316
60773090
60777518
60779833
60783428
60787386
60791768
60796816
60801042
60805486
60807784
60783121
60783638
60784946
60785193
60783792
60785359
60784144
60775509
60778166
60782938
60786406
60789713
60794461
60797607
60803175
60807483
60783852
60784077
60785647
60785465
60785764
60784747
60785868
60775176
60778233
60780265
60784068
60788259
60792027
60796247
60800849
60805001
60808759
60784818
60786345
60785049
60785992
60785576
60786335
60786412
60776626
60778927
60782441
60787172
60791292
60793923
60798155
60802051
60807764
60785363
60786480
60785455
60786653
60786876
60785928
60786653
60786937
60775724
60778727
60781687
60785591
60789301
60793317
60798909
60803189
60806397
60810038
60787318
60785962
60787358
60787130
60787437
60788073
60776126
60778146
60780944
60785516
60787854
60792920
60796776
60801307
60806992
60810432
60787893
60786274
60788056
60786365
60787682
60787931
60787959
60777690
60780661
60784300
60787796
60791876
60796292
60800196
60804335
60810444
60789897
60788981
60790432
60788622
60790308
60788671
60789938
60779664
60782019
60785342
60789992
60793993
60796799
60802308
60805285
60810299
60813779
60790903
60789646
60790954
60789600
60789298
60790922
60789396
60780413
60785032
60786985
60790700
60794708
60800069
60804290
60808498
60811762
60789556
60791340
60791501
60791259
60791423
60790179
60791706
60780853
60783409
60786337
60790106
60795306
60799346
60803554
60807762
60812266
60815690
60790535
60791973
60790345
60791964
60790236
60791858
60791885
60782601
60786313
60788432
60793466
60797659
60802524
60805942
60810238
60813375
60792401
60791053
60792507
60790967
60792516
60791694
60792671
60780713
60783994
60787447
60792375
60796319
60799093
60803413
60808008
60812400
60816671
60790895
60791402
60792741
60791533
60792094
60792156
60793206
Peak: 62126552
Average: 57650159.03457447
