0
150343
150512
151886
150609
153682
153712
153744
153776
153872
153904
153938
153969
154002
154032
154064
154097
154192
154225
154257
154288
154322
154504
154386
154417
154514
154545
154577
154609
154642
154674
154705
154739
154833
154865
154897
154929
154962
154935
155025
155057
155185
155159
155249
155223
155464
155287
155377
155410
155442
155415
155447
155537
155666
155698
155671
155761
155944
155826
155857
155889
155921
155953
155985
156018
156296
156177
156360
156241
156424
156305
156337
156369
156401
156433
156465
156498
156657
156840
156721
156754
156936
156817
156849
157032
157064
156945
156977
157009
156983
157224
156694
118516
Peak: 359908
Average: 153160.74193548388
