0
289347
418559
418591
418775
418885
418974
419158
419190
419133
419166
419141
419173
419414
419295
419327
419359
419455
419487
419670
419493
419734
419766
419798
419830
419717
419807
419990
419813
420054
420086
419967
419999
420246
420127
420310
420190
420165
420255
420229
420261
420365
420630
420662
420543
420517
420607
420790
420671
420645
420677
420709
420799
421078
420958
420991
421023
421206
421087
421061
421302
421125
421157
421398
421430
421558
421381
421471
421503
421453
421567
421750
421573
421814
421695
421669
421910
422070
422102
421925
421957
422198
422021
422053
422143
422175
422207
422239
422271
422303
422277
422285
422550
422710
422742
422774
422597
422605
422870
422902
422934
422966
422998
423030
422911
423094
422975
423158
423190
423231
423414
423213
423478
423277
423391
423423
423606
423487
423461
423702
423583
423766
423647
423830
423711
423743
423775
423807
423839
424031
424063
424095
424127
424159
424133
424165
424255
424229
424319
424351
424383
424416
424447
424479
424511
424543
424575
424607
424639
424863
424895
424926
424959
424991
425023
425055
425087
425119
425151
425183
425215
425247
425279
425311
425343
425375
425407
425439
425471
425503
425535
425718
425600
425856
425888
425920
425952
425984
426016
426048
426080
426112
426144
426176
426208
426240
426272
426304
426336
426368
426400
426432
426464
426496
426528
426560
426592
426624
426656
426689
426720
427008
427040
427072
427104
427136
427168
427199
427232
427264
427297
427328
427360
427392
427424
427456
427488
427520
427552
427584
427616
427648
427679
427712
427744
427776
427808
427840
427872
427904
427853
428118
428150
428320
428502
428534
428566
428598
428421
428453
428694
428517
428549
428640
428671
428704
428735
428768
428950
428832
429014
428896
428845
428901
429142
429024
428973
429238
429270
429302
429334
429216
429398
429280
429312
429494
429526
429558
429590
429942
429974
430006
430038
430070
429951
430134
430166
430048
430230
430053
430294
430326
430207
430240
430422
430454
430277
430368
430400
430432
430464
430495
430528
430560
430592
430624
430655
430688
430720
430751
430784
430816
430848
430880
430912
430944
430975
431008
431040
431424
431456
431487
431520
431552
431584
431616
431648
431680
431712
431744
431775
431808
431840
431872
431904
431936
431968
432000
432032
432063
432096
432128
432160
432192
432223
432256
432287
432320
432352
432383
432415
432448
432480
432511
432544
432576
432608
432640
432672
432704
432736
432767
432800
433216
433248
433280
433312
433344
433376
433408
433439
433472
433654
433536
433568
433599
433631
433663
433695
433728
433760
433791
433824
433856
433887
433920
433952
433984
434016
434048
434080
434112
434143
434176
434208
434240
434272
434304
434336
434368
434400
434432
434464
434496
434528
434560
434592
434624
434656
434687
434720
435200
435232
435264
435296
435328
435360
435392
435424
435456
435488
435520
435552
435584
435616
435648
435680
435711
435744
435776
435808
435840
435872
435904
435935
435968
436000
436032
436064
436096
436128
436160
436191
436224
436256
436288
436319
436352
436384
436416
436448
436479
436512
436544
436576
436607
436640
436672
436704
436736
436768
436800
436832
436864
436896
436928
436960
437504
437536
437568
437600
437632
437663
437696
437727
437760
437791
437824
437856
437888
437920
437952
437984
438016
438048
438080
438112
438144
438176
438208
438239
438272
437892
186852
Peak: 443154
Average: 426884.2541322314
