0
136686
195989
546215
881311
1604802
2186557
2615058
3045339
3629239
3913121
4399471
5265559
5442347
5789429
6266456
6733169
7285979
7426571
7823740
8385705
8795001
9067520
9380777
9533230
9706611
10080634
10718451
11168047
11751008
12464367
12745193
13059236
13554490
14117468
14609730
15213837
15688606
16042034
16356950
16583848
16716995
17041907
17222846
17524789
17837594
18001205
18112613
18340779
19639009
19453245
19636563
19744453
19748301
20005986
20187029
20397094
20777848
21343902
21437632
22010772
22487046
23213853
23456518
23775793
24156275
24460974
24485149
24632981
24791264
24990729
25160941
25471164
25840659
26180304
26682633
27061081
27666792
28354567
29215920
29880709
29973943
29979335
29981743
29996483
30008304
30158913
30600151
31267849
31537098
31857837
32026350
32316185
32404813
32480983
32551061
32620956
32689426
33026589
33011633
33632517
34012490
34043486
34390615
34604544
34686494
34732618
34704146
34786042
35094440
35200463
35821186
35912347
36320989
36798372
36869433
37124453
37814197
38029755
38424344
38424328
38424447
38424443
38346338
38738857
38939653
39118140
39198795
43155382
43207341
43489999
43535186
44123052
44170735
44207428
44283356
44336677
44360629
44445602
44468852
44520275
44601521
44656913
44712308
44889675
45130772
45207718
45650667
45856340
46111897
46650397
46850697
46885029
47072309
47138500
47210993
47408813
47496151
47615352
47672304
47998339
48151381
48369391
48576746
48657542
48805022
49215962
49266557
49270336
49272680
49274703
49381686
49383526
49386734
49388743
49391470
49394169
49396939
49399338
49402133
49404216
49406220
49408782
49411510
49414162
49416186
49418705
49420759
49459512
49486647
49387411
49525550
49649114
49736228
49923191
50169716
50264487
50350224
50372920
50386632
50419008
50444386
50516196
50508696
50727620
50782794
50872612
51085136
51395117
51430332
51568141
51920996
52224679
52487387
52740772
52929265
53383430
53768066
54358156
54511238
54600638
54682411
54671407
54803425
54873324
54977656
55027728
55109074
55574634
55844655
55957330
56045306
56452884
56920035
56983760
57401119
57471808
59169912
57733193
58009182
58138108
58185044
58137886
58456026
58577877
58456628
58579956
58915530
59672776
59845425
59934625
60009225
60065729
60112543
60298233
60335366
60907624
61839007
60900401
60942156
60956089
60968480
60979217
60990984
61002766
61014589
61026793
61040625
61052122
61063331
61075606
61087879
61097548
61111309
61124077
61135805
61148964
61160758
61173116
61183867
61195366
61209017
61219776
61232609
61246973
61256620
61267883
61280103
61293703
61304315
61314810
61325413
61339061
61348360
61360224
61369602
61006718
60800763
60803344
60805111
60806796
60807256
60807973
60808272
60808665
60807313
60808622
60808732
60807397
60809271
60807610
60807582
60769597
60781575
60790220
60801180
60813407
60824696
60834246
60845702
60857283
60867974
60879367
60892255
60902820
60914724
60925284
60937380
60946700
60959326
60969470
60980574
60993908
61003084
61015278
61025630
61036702
61048188
61061119
61071628
61082140
61093729
61104025
61114558
61125730
61138750
61149463
61161236
61170556
61512397
60811704
60811618
60809941
60811979
60810763
60810788
60812164
60810853
60810912
60812254
60812690
60811358
60812350
60812814
60772245
60781728
60790920
60802702
60813430
60823326
60833989
60845469
60856981
60867406
60878926
60891878
60902438
60914366
60924926
60937046
60947606
60959822
60970634
60981671
60992148
61002748
61013410
61027378
61037954
61048557
61061378
61072010
61081901
61089929
61102233
61112553
61123185
61135122
61146980
61157348
61168159
61178940
60815395
60814277
60816136
60814363
60814547
60816157
60816240
60814841
60816243
60816232
60815479
60816237
60816357
60816297
60816547
60778271
60790382
60799318
60809652
60822224
60833438
60842765
60854147
60866056
60877288
60887936
60898971
60909475
60921520
60932080
60944145
60953987
60966200
60976776
60988640
61001120
61011748
61024376
61034936
61045496
61056056
61068964
61079524
61090108
61101784
61113297
61123881
61134444
61146200
61155811
61166193
61174899
61519590
60818974
60818655
60819130
60818186
60818472
60819661
60819422
60818057
60819417
60818231
60818094
60820484
60819900
60818666
60776267
60787022
60796263
60807439
60818695
60829903
60841183
60850693
60864146
60874706
60886226
60897978
60908522
60919350
60929485
60942443
60951010
60963514
60975234
60985810
60996594
61008139
61016762
61030650
61039146
61049978
61063875
61072498
61083282
61094810
61106378
61117955
61126706
61138234
61150154
61161851
61171099
61181010
61522054
60821627
60821303
60821793
60820656
60820112
60822127
60821579
60821757
60821617
60820159
60820901
60821697
60820337
60823129
60821588
60787881
60798042
60807019
60818579
60827157
60838667
60849699
60861275
60872795
60882309
60893093
60904805
60915613
60927083
60938293
60949877
60960509
60972797
60983357
60996163
61006454
61017014
61030926
61040126
61052070
61064886
61070454
61077309
61087614
61095632
61108918
61121262
61130678
61142510
61156062
61164861
61175149
61185710
60823530
60824028
60822902
60822345
60824224
60824264
60822911
60824361
60824349
60824422
60824497
60823157
60824585
60824526
60823754
60782900
60793227
60803755
60815836
60824723
60835987
60847315
60858571
60870379
60881011
60892179
60905131
60915691
60927515
60938199
60950288
60960917
60973957
60984429
60995021
61007277
61018133
61028693
61041357
61051989
61061309
61075413
61084733
61095272
61109805
61120365
61130925
61140309
61155045
61165677
61174997
61185317
61527422
60827035
60825951
60825157
60826676
60826836
60825537
60826921
60827237
60826196
60825442
60827564
60827397
60825570
60827532
60785888
60795886
60804188
60812955
60823412
60836436
60847764
60857916
60869708
60881156
60892676
60904460
60915044
60926876
60937508
60949532
60959892
60972404
60982964
60992148
61002670
61013323
61023862
61036483
61046895
61057604
61071708
61082292
61092801
61103396
61114555
61127172
61137804
61146331
61160452
61170604
61181219
61191724
60829138
60829184
60828796
60827788
60829176
60829243
60828431
60829990
60830094
60829111
60829850
60830270
60829098
60829922
60830462
60792295
60801363
60812198
60821772
60833707
60844859
60856402
60864572
60877391
60888094
60899621
60911398
60921910
60933894
60944511
60954785
60965345
60977833
60988249
60998913
61011752
61023253
61033813
61046205
61055085
61067709
61078784
61089365
61099621
61113285
61122421
61133877
61144437
61154253
61166725
61178413
61188973
61197573
60832161
60832175
60832621
60833509
60832031
60833516
60832052
60833734
60833725
60833503
60832567
60832373
60833961
60833821
60833007
60794846
60805309
60815711
60826689
60835716
60846890
60858290
60869618
60882450
60893013
60902714
60914234
60926165
60934568
60943896
60954165
60964426
60975874
60988162
60998682
61009981
61020469
61032354
61043091
61053626
61065370
61078242
61089674
61098437
61108842
61123330
61131917
61142469
61153525
61167946
61176709
61187178
61199018
60835522
60834760
60836333
60836708
60836563
60835765
60834693
60836402
60836806
60836787
60835746
60836608
60836175
60835368
60835328
60793562
60803028
60813007
60823028
60835821
60845221
60856365
60868885
60879533
60889669
60902501
60914285
60924925
60936797
60947406
60957469
60968352
60980397
60992237
61000789
61013277
61023901
61034197
61044901
61056701
61065552
61079525
61090062
61100622
61109349
61122405
61132885
61144853
61155413
61166917
61177549
61189365
61198360
60836866
60838108
60836785
60838407
60838490
60837414
60838458
60838690
60837783
60839209
60838792
60838205
60838548
60838864
60837855
60798911
60809754
60818466
60830245
60839901
60850234
60861634
60873554
60883370
60894949
60906518
60916445
60926933
60939013
60950573
60962669
60973232
60983749
60995453
61004829
61018557
61030008
61040576
61051464
61061997
61072333
61086552
61095077
61105696
61119085
61129544
61140181
61151997
61161805
61173309
61183328
61195077
61204917
60840935
60841072
60840791
60839705
60841021
60841141
60840186
60839586
60841007
60841422
60841109
60839847
60841550
60841304
60840801
60800951
60811223
60822922
60831826
60842859
60855227
60864733
60875930
60888714
60897234
60908762
60921867
60932427
60941450
60951426
60964779
60973629
60985731
60997555
61006290
61019834
61029154
61038885
61051906
61062139
61072082
61086154
61094946
61105594
61117211
61128698
61140322
61150882
61161459
61173034
61183618
61194315
61206067
60842478
60842965
60842743
60841650
60843178
60843041
60842043
60841240
60842856
60843233
60843367
60842355
60843923
60843185
60843072
60802155
60812372
60824143
60834991
60843912
60855120
60867784
60879340
60890877
60901372
60910996
60924015
60934575
60946551
60957128
60969000
60977679
60991351
60999943
61009855
61023551
61034144
61044399
61054063
61064919
61072351
61085447
61097031
61105527
61116159
61127831
61137183
61148807
61158615
61171519
61180231
61191911
61202399
61212191
60845720
60845771
60846190
60846153
60845424
60844499
60844307
60846455
60846434
60846331
60845350
60844595
60846637
60846599
60845899
60808218
60817305
60827245
60837468
60848676
60860890
60870353
60882909
60892564
60904237
60914116
60925613
60937349
60949253
60957892
60969804
60981765
60994053
61004317
61013223
61027069
61037557
61046452
61060181
61070610
61079388
61092404
61102004
61112428
61127077
61135775
61146564
61157132
61168677
61182013
61190692
61201588
61212300
60846250
60847607
60847885
60847684
60846983
60847899
60847084
60846340
60847143
60847799
60847839
60848085
60848208
60848015
60846618
60806870
60816000
60824808
60835080
60847648
60856887
60868274
60879751
60892264
60902744
60914131
60923943
60934783
60946927
60958392
60969259
60979819
60991895
61002375
61013960
61026392
61035162
61045495
61058312
61070104
61080592
61093456
61104091
61112696
61124579
61137768
61146546
61157287
61167490
61182448
61192928
61203520
61212127
60849518
60849021
60848573
60849699
60848767
60850260
60849653
60849023
60849511
60849956
60849976
60849069
60851033
60850850
60851166
60810511
60821029
60830693
60841205
60852301
60864677
60875927
60887385
60898886
60909437
60918925
60930687
60942616
60954487
60965086
60975807
60985896
60998269
61008815
61019173
61033126
61043541
61053510
61064351
61075085
61086559
61097479
61108183
61118743
61131661
61142709
61153269
61164677
61176399
61187341
61197621
61209192
61552930
60852352
60851465
60852129
60852383
60851377
60850478
60851258
60852421
60850913
60850657
60852701
60852567
60851100
60852848
60812041
60820572
60832556
60843476
60852308
60863540
60876100
60887380
60896844
60908788
60920236
60930172
60940796
60952788
60963412
60975236
60986076
60999212
61009852
61020372
61032876
61041540
61051964
61065196
61075756
61087172
61100036
61108820
61119268
61133772
61144276
61153060
61163620
61178396
61188980
61199604
61210060
61554530
60852042
60854045
60852453
60854324
60854372
60852944
60854356
60854321
60853323
60852389
60853501
60854188
60852772
60854263
60853308
60818223
60829829
60840189
60851053
60860364
60872484
60882757
60895325
60904924
60916477
60928277
60938060
60950220
60960772
60973781
60984397
60994957
61005276
61015756
61029701
61038960
61048927
61062517
61073397
61083957
61095528
61105439
61117333
61127909
61139052
61149812
61160172
61170764
61185800
61196829
61206888
61215327
61557882
60857327
60856966
60856150
60855814
60857327
60857442
60856574
60857449
60857471
60856358
60858011
60857666
60856555
60857366
60814760
60824874
60836779
60845578
60856499
60868891
60878397
60890883
60902419
60911572
60922635
60935587
60944146
60956067
60966555
60980035
60990547
61000795
61011835
61023331
61033754
61044619
61054338
61067219
61078707
61089267
61100002
61110562
61121227
61131883
61146283
61156867
61165650
61176251
61191051
61201611
61212171
61220698
60858665
60858759
60857289
60857553
60858823
60858906
60858196
60859059
60858994
60858057
60859633
60859098
60858388
60858967
60859210
60819149
60829029
60840397
60849757
60861517
60871965
60881344
60893941
60903565
60915293
60925269
60937869
60946696
60959605
60968232
60980269
60990854
61002813
61014269
61023008
61035277
61045165
61057021
61067685
61079509
61088109
61102277
61111285
61122733
61131261
61145813
61154757
61166205
61174760
61187957
61199477
61208421
61219821
61561238
60860595
60859879
60860386
60860734
60859685
60858698
60860648
60860653
60859031
60859538
60860891
60860963
60860047
60860950
60820307
60830207
60839492
60849902
60860702
60871812
60884340
60895660
60905508
60916236
60928652
60940316
60948980
60960940
60972774
60984822
60995382
61005830
61016276
61026868
61040676
61051236
61061748
61074420
61084980
61093702
61106844
61118318
61127502
61140094
61150654
61161342
61173255
61186764
61195502
61205430
61217292
61227788
60861773
60864138
60863683
60862618
60863490
60863712
60862797
60863554
60863894
60862973
60863626
60862488
60862378
60863797
60864265
60830457
60840097
60848851
60860748
60869954
60883028
60891591
60903884
60914375
60926492
60936988
60946847
60959991
60968697
60979311
60992567
61003633
61013783
61025303
61037815
61047122
61057009
61069711
61080175
61090103
61100991
61114839
61125327
61134121
61148271
61158831
61167769
61178490
61193175
61201758
61212318
61224151
61566183
60865553
60864426
60863648
60865392
60864016
60864090
60865356
60865731
60864588
60863833
60865733
60864153
60864447
60865907
60825119
60835101
60843903
60854815
60865607
60876127
60888762
60898776
60910858
60919386
60932370
60942859
60952795
60964504
60976392
60988498
60997698
61011363
61019882
61031546
61044355
61054834
61063426
61076610
61088082
61096538
61109538
61121362
61129954
61141778
61153666
61164226
61176098
61184690
61199722
61210250
61219571
61229538
60867297
60867224
60865677
60867173
60865952
60865880
60867288
60867540
60866707
60867365
60867761
60867384
60865989
60867753
60866240
60830821
60838246
60848025
60858662
60870646
60880076
60891425
60901249
60912569
60919692
60929820
60938811
60950639
60962486
60974195
60986225
60996843
61007409
61017937
61028284
61040153
61050491
61062521
61075195
61085761
61096321
61105788
61117625
61129529
61140097
61151617
61163273
61173825
61184385
61198060
61208585
61217164
61227740
60867458
60868663
60867070
60868858
60867254
60867320
60868932
60868975
60867552
60869063
60868980
60867691
60869154
60869132
60867803
60830093
60840460
60850735
60859831
60870721
60884742
60894820
60906148
60917132
60927700
60939562
60952006
60962342
60974542
60985105
60997201
61006532
61018820
61028700
61040606
61051260
61062822
61071500
61085398
61094228
61104548
61118702
61129313
61139577
61151268
61161828
61172821
61182849
61197743
61208238
61216932
61227465
61573030
60872310
60871229
60872077
60872513
60871592
60872200
60872604
60871832
60872304
60872625
60871928
60872542
60872823
60871963
60831985
60841957
60853450
60862328
60874562
60885698
60895079
60906426
60917343
60928970
60939237
60950450
60960914
60973818
60983373
60994724
61005421
61017698
61028258
61038922
61052298
61061925
61071685
61084933
61096282
61106938
61118477
61128360
61139389
61153466
61163978
61174538
61185098
61194828
61207381
61217933
61228501
61240125
60874814
60874322
60873257
60874132
60874528
60873697
60874271
60874482
60873726
60874297
60874637
60873561
60872614
60874586
60830838
60842309
60851437
60862605
60873893
60883789
60894492
60906061
60918573
60927773
60938796
60950477
60961037
60973885
60984741
60995525
61005484
61017645
61028621
61040077
61052629
61061877
61071716
61084580
61095140
61105597
61118461
61129076
61139780
61150509
61164725
61173372
61184245
61194461
61208045
61218197
61228341
61239557
60875768
60875025
60873828
60875733
60875662
60873934
60875738
60875834
60874335
60876161
60876072
60875945
60874353
60876219
60876296
60839322
60848024
60859992
60870464
60881595
60890984
60903384
60913443
60925536
60937056
60947587
60959256
60968512
60979752
60991707
61003784
61014352
61024704
61036576
61047241
61059656
61068899
61082088
61090867
61102576
61113145
61124056
61135987
61146512
61157731
61168688
61179248
61190704
61202368
61212896
61223936
61234416
61578128
60877471
60876454
60877297
60877618
60876561
60875654
60877693
60877588
60875929
60877863
60877497
60876260
60877703
60877965
60838369
60848648
60860395
60869438
60880235
60891494
60904062
60913446
60926110
60936742
60948190
60957934
60969639
60981774
60992262
61003207
61014942
61025526
61035822
61047750
61058883
61069559
61080060
61092062
61103958
61114476
61125494
61136054
61146614
61160955
61171587
61182190
61190758
61204476
61215019
61226835
61237403
61581683
60881112
60880116
60880799
60881104
60879988
60880777
60881173
60880351
60879164
60881133
60881106
60881541
60880046
60881434
60838942
60849214
60859798
60870638
60879542
60891918
60903198
60913375
60924465
60935025
60946473
60958113
60968929
60980553
60991321
61004473
61015033
61025281
61035929
61047948
61060340
61070892
61081500
61092137
61102697
61113265
61126324
61138020
61148580
61161820
61172329
61181252
61191812
61202553
61217132
61227612
61237452
61246356
60882430
60881017
60882877
60882839
60881502
60882815
60882847
60882275
60882949
60883216
60882105
60882860
60883106
60881841
60882905
60848030
60858214
60866998
60878823
60888174
60900030
60911678
60922974
60933247
60943958
60954710
60966382
60979454
60990086
61000863
61010750
61021278
61033622
61045454
61056086
61067854
61078366
61089246
61099606
61111558
61124415
61132918
61143926
61155374
61168550
61177863
61187710
61198406
61213206
61221926
61232294
61242918
61584686
60884028
60884118
60882379
60884234
60884102
60882540
60884201
60882873
60882822
60884190
60884495
60884206
60882870
60884583
60844198
60852729
60864558
60875414
60884601
60896863
60908191
60917465
60929505
60938849
60951615
60961329
60973142
60983169
60993657
61007071
61015761
61028193
61039686
61049018
61061097
61071313
61083215
61095887
61106375
61115233
61127838
61139638
61150191
61158841
61173103
61183671
61193202
61203449
61217854
61226497
61237185
61248935
60884110
60885972
60886023
60884665
60886039
60885932
60884742
60885948
60886020
60884995
60884310
60886102
60884625
60884590
60886803
60847150
60858014
60869641
60878697
60889057
60901593
60912857
60924257
60933993
60945329
60957129
60968834
60977505
60990617
61000881
61013201
61022497
61034209
61046761
61058521
61071066
61080257
61090961
61104137
61113417
61123969
61136281
61148057
61158609
61171850
61180649
61191017
61202833
61216401
61224969
61235617
61247345
61590209
60889631
60889307
60889646
60888131
60889746
60889818
60888827
60889723
60889860
60888659
60889614
60889916
60889195
60889667
60848908
60856702
60867286
60877110
60888550
60900711
60912111
60921497
60933286
60943486
60956319
60967983
60978607
60988414
60999046
61011142
61021702
61035383
61045806
61056422
61067198
61077686
61088254
61102191
61110438
61119198
61133126
61143751
61154239
61162766
61176142
61186782
61198470
61208807
61222727
61233230
61243750
61252238
60889542
60891402
60891436
60890355
60891099
60891404
60890715
60891262
60891602
60890878
60891267
60891711
60890761
60891516
60891869
60854326
60865071
60875687
60884839
60897287
60906510
60917838
60929486
60940727
60953511
60963999
60974399
60987615
60998239
61010335
61020895
61031455
61041910
61052470
61064990
61075790
61086206
61099911
61110495
61121055
61132607
61142774
61153190
61164046
61178279
61188839
61198039
61209911
61221950
61232510
61242318
61252479
61593639
60893031
60891998
60891326
60892931
60891534
60891601
60893798
60892063
60891743
60893092
60891761
60891699
60893027
60891873
60853545
60862802
60871887
60883610
60893243
60903891
60915027
60926443
60939112
60949672
60959598
60971016
60981659
60994672
61005232
61017368
61027992
61038360
61048808
61059576
61073216
61083768
61094336
61105355
61115987
61126251
61140139
61149635
61159467
61173203
61183419
61195171
61205803
61214323
61227787
61236787
61248283
61256883
60894687
60894670
60893145
60894654
60893468
60893409
60895491
60893516
60893446
60894830
60895170
60894121
60893142
60895266
60895022
60857443
60867580
60875851
60887115
60899140
60908275
60919612
60932132
60941595
60952163
60963812
60976716
60985443
60997331
61009143
61019278
61029766
61042094
61053950
61064542
61075390
61086847
61095422
61109487
61118062
61128982
61142743
61151751
61162174
61175007
61184942
61196783
61207343
61216990
61230735
61241295
61249798
61261622
60896012
60895175
60896493
60896608
60895908
60896539
60896557
60895775
60895733
60896800
60895783
60896567
60896915
60895887
60896623
60860159
60869201
60878710
60889233
60900399
60912662
60924127
60933609
60945129
60956441
60968279
60982367
60990942
61003046
61013534
61025583
61036430
61049623
61058198
61069486
61082534
61093100
61105635
61114526
61125169
61135958
61148975
61156726
61168454
61179670
61190718
61202159
61212678
61224318
61235254
61245671
61257334
61600870
60900450
60900233
60899310
60898579
60900396
60900557
60899230
60898731
60900243
60900588
60899435
60898827
60900695
60900398
60857347
60867512
60876119
60887760
60898344
60908127
60919847
60930816
60942648
60954096
60963759
60974727
60985863
60999192
61009752
61021776
61032408
61041202
61053674
61065256
61077728
61088320
61098872
61110824
61121408
61131896
61144832
61155344
61164098
61174458
61189056
61199560
61210128
61220704
61232274
61242983
61254840
61263351
60900632
60902457
60900885
60900946
60902553
60902526
60901237
60902555
60902598
60901341
60902582
60902576
60902080
60902611
60902822
60864434
60873385
60884757
60895572
60906677
60915767
60927431
60938615
60950180
60962805
60973405
60985036
60995661
61005479
61016293
61028245
61039093
61051570
61061792
61073559
61084487
61093365
61103925
61117752
61128312
61138831
61149618
61160266
61170762
61184160
61195919
61206544
61217056
61230623
61241248
61249762
61262327
61604555
60903859
60902986
60904487
60903995
60902975
60903671
60904008
60903295
60903759
60904174
60903333
60903946
60904227
60903656
60862620
60872511
60884293
60895036
60906069
60915087
60926557
60937223
60950005
60958636
60971333
60981199
60991852
61004733
61013436
61026733
61037228
61047711
61059404
61068207
61081748
61090476
61102148
61113031
61123412
61135341
61146119
61158037
61166631
61177551
61191581
61200271
61212109
61220540
61235501
61244141
61253772
61264812
61606301
60905774
60905506
60904698
60904015
60905867
60905998
60904618
60905982
60906043
60904685
60906100
60906134
60905226
60906070
60863679
60874841
60882720
60894313
60904425
60916801
60926504
60937577
60950409
60960961
60972473
60982160
60994017
61004441
61012952
61024992
61035603
61047577
61057760
61068552
61081390
61092801
61103361
61116033
61126609
61137161
61148048
61158672
61169480
61180040
61194273
61204825
61215401
61225993
61237584
61248160
61258840
61270681
60908051
60907585
60906488
60905672
60907585
60907288
60905976
60907772
60906085
60906253
60907790
60907962
60906469
60907873
60907950
60871126
60879057
60889918
60898821
60910189
60922278
60933646
60944958
60956478
60966318
60977758
60987661
60998037
61011310
61021894
61032216
61042704
61054741
61066614
61075317
61087757
61098454
61110182
61122950
61132126
61142173
61154966
61166774
61176017
61188816
61199214
61209774
61221598
61233029
61244165
61255678
61268830
61612465
60911825
60910757
60911536
60911833
60911072
60911616
60912076
60910936
60911814
60912025
60911323
60911950
60912196
60911582
60871362
60881344
60890287
60902095
60912943
60922039
60931991
60943232
60953559
60965968
60977488
60987362
60998066
61010992
61021480
61031794
61042405
61053213
61066475
61077019
61087621
61098077
61109914
61120589
61131315
61143051
61155867
61166491
61175277
61185765
61200163
61210723
61219493
61229861
61244755
61254070
61263901
61274611
60912480
60911675
60913280
60913213
60913304
60913641
60913526
60913732
60913740
60913801
60913734
60912361
60912224
60913592
60912312
60912360
60874325
60884481
60895022
60905993
60917879
60928950
60938577
60949825
60961327
60974014
60984703
60996343
61005615
61017519
61027350
61039646
61050337
61062575
61074302
61084975
61096063
61106014
61118590
61129295
61139790
61151679
61164471
61173057
61183721
61198247
61208791
61219310
61228615
61241534
61253391
61262249
61272614
61615946
60915246
60914042
60914876
60914935
60915066
60913375
60915023
60913423
60915114
60913503
60915312
60915440
60914663
60915210
60914298
60876247
60885368
60895505
60904374
60915136
60927608
60937552
60948160
60959907
60971788
60981897
60993174
61003566
61015579
61027372
61039460
61049659
61060691
61070915
61082838
61093915
61104096
61114779
61128108
61138875
61149476
61160429
61170971
61181662
61196037
61206588
61215157
61226011
61236339
61251292
61261918
61270643
61280923
60915022
60916890
60916768
60915109
60916953
60916725
60915269
60917035
60915587
60916941
60915499
60917335
60915672
60915760
60917353
60882848
60889754
60899810
60910279
60921432
60933875
60945155
60956483
60966731
60977490
60988466
61001146
61013050
61023562
61035658
61044322
61056802
61067122
61077946
61090770
61101258
61112731
61125403
61134675
61145307
61157498
61168058
61178659
61189219
61203635
61214219
61224851
61235363
61247683
61257714
61268442
61279811
60917200
60918156
60918595
60917764
60918346
60918710
60918346
60918747
60917895
60918675
60918803
60917927
60918003
60918955
60917887
60877720
60886995
60896851
60909017
60919881
60929700
60940555
60952953
60964401
60972987
60984707
60996632
61006776
61018680
61029401
61042465
61053249
61065313
61074347
61085184
61098625
61109145
61119777
61130331
61141155
61151488
61164768
61176313
61186913
61200073
61210633
61221217
61231777
61244097
61254612
61264739
61275560
61620809
60920223
60919465
60920849
60920405
60919577
60920121
60920415
60919758
60920195
60920575
60919675
60920280
60920612
60920014
60880624
60888507
60900479
60910146
60920185
60932676
60943983
60953273
60965057
60975473
60986985
61000047
61010607
61022514
61033095
61043941
61055775
61068140
61078765
61089381
61101861
61112445
61123005
61133903
61144212
61155023
61168978
61179562
61190122
61201575
61212135
61222876
61233028
61248066
61258626
61269189
61279525
61622578
60921874
60921638
60920350
60922510
60920430
60920505
60924892
60923556
60923505
60925681
60923628
60923719
60924947
60923691
60883572
60892532
60904428
60913363
60923971
60936500
60947852
60959180
60968659
60979299
60992239
61003959
61014471
61025063
61035006
61047151
61057711
61071319
61081879
61091111
61102774
61113438
61124167
61138087
61148647
61159159
61170118
61180678
61191310
61205759
61216023
61226895
61237455
61249799
61259766
61269790
61280214
61290727
60924825
60927054
60926744
60925545
60926374
60926706
60925630
60926416
60925144
60925243
60926520
60926897
60925835
60926702
60925821
60890661
60901462
60912070
60922630
60931869
60943765
60954701
60965734
60978454
60988721
60999214
61010360
61022237
61032797
61045213
61056750
61067238
61079630
61088445
61100832
61111661
61122141
61135854
61146430
61154861
61167736
61178773
61189030
61199877
61214102
61224598
61231749
61243550
61255320
61265829
61276422
61286990
61628782
60928233
60927829
60927136
60926360
60928487
60928129
60926865
60928487
60928524
60927128
60928516
60928580
60927216
60928553
60886461
60895249
60907154
60915641
60926833
60939274
60950522
60960017
60971465
60982114
60994874
61006586
61015786
61026945
61037537
61050049
61061586
61073802
61083122
61092969
61106778
61117410
61125937
61139001
61149258
61161098
61171817
61182577
61193313
61203945
61218098
61228658
61237313
61247873
61262858
61273402
61281929
61292425
60929786
60928808
60929832
60929849
60928717
60929573
60929945
60929062
60929685
60930183
60928741
60929883
60930196
60928872
60929952
60894035
60904018
60914699
60923362
60934434
60946867
60958131
60969459
60979090
60991818
61002378
61012250
61023178
61034667
61046275
61057267
61067242
61079498
61091250
61103834
61112426
61123114
61135747
61146307
61156122
61167107
61179250
61189738
61198474
61211859
61223611
61232787
61242778
61256706
61268106
61278755
61287482
61632195
60931617
60930744
60932256
60931646
60931067
60931539
60931825
60930859
60931678
60931889
60930875
60929736
60931908
60931947
60891960
60899269
60911089
60919888
60930897
60941168
60952840
60965225
60974736
60986577
60996040
61007822
61019573
61029437
61037869
61048200
61059534
61067989
61080269
61090310
61100021
61113070
61120197
61129901
61143126
61151725
61163518
61175661
61185534
61195342
61205109
61216421
61228117
61236981
61248669
61260437
61272133
61281374
61291285
61633870
60932911
60932919
60933203
60932210
60931407
60933157
60933277
60931679
60933975
60931890
60931847
60933247
60933512
60933503
60891327
60901418
60911466
60921666
60931434
60941418
60952498
60960242
60970106
60981065
60992696
61002567
61015480
61026080
61037896
61046623
61059976
61070536
61082923
61091471
61103264
61115752
61124279
61134967
61148768
61157503
61167920
61182136
61192608
61201351
61214464
61226416
61236976
61247560
61259096
61269712
61280816
61291440
61635766
60935130
60934161
60934868
60935114
60935156
60933276
60934980
60933433
60935257
60935937
60935413
60935568
60934396
60934572
60933876
60896248
60905728
60917393
60925600
60936992
60946357
60958040
60967376
60978363
60988285
61000809
61011685
61020597
61033529
61042312
61055413
61064150
61074608
61087056
61098816
61109523
61119824
61131696
61144384
61152899
61163782
61177664
61188232
61198808
61209376
61220512
61232520
61243096
61252019
61265608
61277144
61287712
61296411
60938488
60938447
60938636
60940088
60940250
60939337
60939478
60940315
60939247
60940261
60940333
60939913
60939284
60938476
60940402
60900547
60909171
60919923
60931651
60940914
60952059
60964651
60975907
60986771
60997430
61008662
61018816
61029397
61042422
61052934
61065038
61075758
61086662
61096701
61107165
61120014
61131574
61142118
61154750
61165374
61173901
61186694
61197414
61209182
61221174
61231133
61241837
61252494
61267086
61277742
61288254
61298814
61642446
60941913
60941002
60939847
60941003
60941578
60940381
60941663
60942169
60940874
60940119
60942179
60940543
60940668
60942318
60900268
60910233
60922113
60930873
60943129
60952273
60962993
60974129
60986985
60996305
61006977
61020089
61030577
61040713
61051345
61064497
61075153
61087377
61095897
61106825
61120377
61129577
61141514
61152417
61162713
61174609
61186185
61198057
61206577
61217329
61230545
61242369
61252929
61261377
61276393
61284913
61296737
61307297
60943333
60943364
60941711
60943428
60943172
60941908
60943252
60943640
60942525
60941676
60943755
60943501
60942087
60943835
60943856
60905917
60915600
60927541
60938005
60947088
60958539
60970901
60982229
60993701
61003314
61013109
61025117
61035477
61048514
61057349
61069197
61079930
61093458
61103970
61112845
61125074
61136962
61149586
61158547
61169179
61179467
61193506
61204018
61214650
61226173
61236450
61247330
61258882
61272514
61283098
61293658
61304242
61645602
60945133
60944058
60944965
60945243
60944127
60943482
60944323
60945061
60943711
60945122
60943850
60943890
60945210
60944072
60903812
60914527
60923279
60934551
60946335
60957399
60966759
60978287
60989823
61001519
61013023
61022847
61033407
61045191
61057215
61069239
61079143
61089919
61099751
61110343
61120719
61131543
61142279
61155935
61166423
61175274
61189215
61199775
61208631
61219231
61233496
61243872
61254575
61263634
61278111
61286976
61297263
61309088
60945959
60945188
60944994
60946960
60946912
60946255
60946880
60947222
60945988
60946815
60946893
60947096
60945583
60945783
60947208
60904629
60914475
60925619
60934205
60945371
60957755
60967051
60979715
60991219
60999970
61011563
61022213
61032915
61044213
61055931
61066214
61077891
61086573
61099715
61108733
61122363
61131045
61142755
61151896
61162363
61172347
61184126
61196283
61205037
61216667
61228037
61239811
61248806
61260203
61273107
61283595
61292259
61302218
61313891
60948365
60948260
60947685
60946823
60948600
60948632
60947540
60946962
60948001
60948586
60947258
60948618
60948846
60947938
60946991
60909395
60921182
60929788
60940449
60951526
60963854
60975254
60986606
60996193
61007964
61018713
61031302
61040521
61051996
61062508
61074534
61086334
61096641
61108406
61117185
61130822
61139449
61151214
61161881
61173718
61182561
61196414
61205185
61215009
61229390
61238457
61249782
61258705
61270142
61282241
61293590
61302217
61312121
60948894
60949058
60950365
60950180
60948801
60950161
60949093
60948819
60950182
60950538
60950411
60948595
60950650
60948955
60949075
60911258
60922901
60931917
60943653
60954645
60964013
60975285
60987805
60999285
61008205
61019501
61032453
61042965
61053438
61063589
61076949
61087501
61097829
61108765
61120237
61132669
61143341
61153813
61166581
61177141
61187725
61200629
61211173
61219885
61234317
61244894
61255389
61263989
61278949
61287525
61297349
61308045
61652709
60951911
60951761
60950894
60950385
60952130
60952165
60951118
60951854
60952277
60951494
60951993
60952440
60951380
60952038
60910246
60921415
60930575
60942255
60951474
60962639
60974952
60984274
60995943
61007671
61019215
61029079
61039447
61051511
61061322
61073367
61085303
61097575
61106338
61116759
61130503
61141096
61151575
61162279
61173255
61184735
61195778
61207495
61220407
61230602
61244799
61255383
61264319
61275775
61287439
61298071
61309823
61319727
60956570
60955631
60957268
60957632
60957519
60956281
60957626
60957770
60956972
60957650
60957786
60956886
60958377
60957871
60957700
60916583
60928870
60937393
60948130
60960351
60971527
60981396
60991791
61004199
61012831
61024471
61036087
61047903
61059815
61069080
61080503
61093135
61103497
61116015
61126559
61137071
61147631
61159468
61172192
61180852
61191575
61205479
61216063
61224564
61239148
61248980
61259599
61268119
61278703
61293580
61302984
61314784
61323676
60957546
60958831
60959321
60957878
60957262
60959202
60957649
60957814
60959311
60959354
60958633
60957396
60958386
60959129
60957964
60922223
60933116
60944620
60955132
60966268
60976212
60986764
60999428
61010948
61022460
61031167
61043079
61054671
61065727
61078596
61089164
61099892
61110175
61120975
61133308
61143860
61155676
61167039
61177135
61187687
61200448
61210223
61220775
61232604
61243935
61254503
61266260
61276900
61288631
61299175
61309687
61321540
60959377
60960612
60959078
60960807
60960869
60959486
60960933
60960930
60960014
60960662
60960935
60960022
60960844
60961066
60960121
60920510
60932753
60941241
60953241
60962233
60974625
60985953
60995313
61006961
61017529
61030241
61041953
61052473
61064489
61073713
61085145
61095777
61109321
61118705
61130497
61142929
61153489
61164073
61175049
61185537
61196345
61208857
61220609
61231257
61244505
61253033
61263625
61274313
61289209
61299769
61309034
61319001
61663034
60962471
60961510
60963132
60962565
60961257
60962238
60962618
60961639
60962377
60962631
60962052
60962462
60962727
60962062
60922297
60932660
60944076
60954852
60965868
60975103
60986436
60999028
61008716
61019524
61031884
61043668
61052933
61064324
61074828
61088188
61098452
61111068
61121588
61132229
61143988
61154548
61163068
61176005
61186396
61198124
61210788
61221676
61232220
61243831
61254319
61265047
61276540
61290100
61300684
61311316
61321828
61664708
60964146
60963070
60963862
60964183
60963486
60964009
60964413
60963316
60964097
60964453
60963681
60964193
60964525
60963825
60924262
60936256
60944904
60956720
60965800
60976984
60989400
60999032
61010288
61020824
61033000
61044704
61053232
61065144
61077097
61087425
61098136
61109696
61119208
61131008
61141656
61152080
61163904
61174440
61185104
61196920
61209856
61218376
61228944
61240896
61252296
61264000
61274560
61283152
61297976
61308673
61317265
61329000
60964239
60965885
60964313
60964446
60965957
60965938
60964649
60966171
60966251
60965572
60965962
60966221
60965201
60966023
60966314
60927201
60937761
60946473
60958145
60969225
60980378
60989649
61001273
61013644
61024495
61034239
61046312
61056343
61066183
61077887
61088687
61100335
61111159
61121655
61132135
61145871
61154791
61163719
61176672
61185399
61196207
61209959
61220551
61231127
61241751
61253159
61263719
61274175
61285991
61299567
61310143
61320519
61329495
60967255
60967348
60965852
60967137
60966111
60965926
60967286
60966057
60966116
60967457
60967840
60966558
60965753
60967826
60967785
60930996
60938524
60947957
60958933
60971085
60980301
60991925
61004205
61013661
61024669
61037077
61046837
61057829
61070557
61079878
61091269
61102237
61115445
61124621
61134629
61146573
61156877
61168765
61181437
61190157
61200613
61214717
61223429
61232485
61243501
61255101
61266509
61275317
61285125
61299885
61310149
61319173
61330877
60967850
60968897
60967961
60968269
60969341
60969129
60967593
60969318
60969022
60967777
60970081
60967921
60968079
60969415
60969843
60927708
60936970
60948719
60959567
60970439
60978323
60990808
61002088
61013608
61022291
61034251
61045560
61057312
61069288
61079800
61091984
61102616
61113740
61125528
61136104
61148536
61159096
61167819
61180787
61190995
61201664
61215704
61224483
61236184
61246672
61259264
61269752
61278331
61290209
61302368
61309531
61321184
61330051
61671675
60971053
60970793
60969318
60970729
60969535
60969390
60970876
60971090
60970057
60970814
60971221
60969766
60970918
60969780
60931356
60938571
60948827
60958396
60970852
60982100
60991558
61002643
61014356
61026116
61037700
61049356
61059924
61069803
61080651
61092747
61103339
61115459
61130179
61142164
61154644
61165156
61173755
61186555
61197291
61207923
61221764
61232340
61242900
61252459
61264860
61276636
61287220
61297708
61309443
61320323
61330731
61342348
60975248
60977614
60977036
60977041
60975448
60975896
60975315
60977303
60975552
60975728
60977244
60977399
60976272
60976363
60975408
60938840
60948168
60957784
60968643
60977535
60988895
61001328
61012680
61022135
61032895
61044663
61056088
61067912
61079840
61090400
61102576
61113160
61125448
61134103
61145056
61157136
61167911
61179520
61190015
61200719
61211239
61223480
61235304
61245723
61257071
61267663
61278487
61289295
61303899
61314392
61324976
61335536
61679096
60978569
60977531
60978446
60978692
60978624
60977054
60978520
60978951
60977275
60977358
60977822
60977147
60979074
60979012
60936600
60945262
60954950
60965534
60974141
60986053
60998598
61009878
61020510
61030165
61041941
61052493
61064886
61077014
61087582
61099750
61110414
61120926
61133214
61143830
61154571
61164773
61175550
61189174
61197997
61208509
61222750
61233254
61242037
61252677
61266990
61277622
61288134
61296845
61310293
61322246
61332814
61341293
60978582
60980372
60978784
60978968
60980495
60980553
60980556
60980564
60979251
60980583
60980687
60979867
60979989
60980716
60979923
60939800
60947125
60957638
60966232
60976088
60987600
61000270
61011326
61022110
61031837
61043165
61055061
61066797
61078405
61087966
61099632
61110093
61120565
61133261
61144830
61155205
61165965
61176693
61190357
61200910
61209629
61222229
61234262
61244886
61255470
61267029
61279230
61289830
61299078
61311925
61323885
61334373
61342973
60980283
60982081
60981984
60980663
60981743
60982177
60981026
60980189
60982032
60982007
60980375
60980995
60980746
60980813
60983109
60941015
60953160
60961651
60973787
60984643
60993754
61005426
61017731
61028083
61038034
61050763
61062467
61071675
61082858
61093418
61106923
61117483
61127938
61139715
61148234
61162043
61170594
61182435
61192978
61204867
61213531
61227563
61236498
61247795
61256546
61268994
61279970
61291515
61300210
61312922
61324811
61336195
61343266
61684299
60983697
60982851
60983456
60983769
60983846
60982043
60982841
60983560
60982299
60984528
60982392
60982376
60983768
60982512
60942042
60953091
60963083
60972173
60984123
60995259
61002477
61012554
61023523
61036339
61047787
61056586
61068171
61080091
61091931
61103715
61114659
61125243
61137459
61146269
61158859
61169219
61181043
61193459
61202170
61213163
61226995
61237507
61246170
61258715
61270181
61280669
61291211
61303035
61316595
61325194
61336539
61346386
60983418
60985315
60983794
60983871
60985360
60985384
60984103
60985467
60985539
60984679
60985558
60985643
60984904
60984803
60985768
60947978
60957446
60967054
60975965
60986926
60997325
61008877
61021254
61030829
61041478
61054118
61063845
61073742
61085382
61094109
61107334
61115893
61127782
61139998
61149118
61162438
61172998
61181581
61195206
61206014
61214669
61227614
61237982
61247909
61257086
61269597
61280157
61291918
61301206
61314205
61326030
61336590
61347102
61687702
60987180
60986163
60987723
60987260
60986470
60986947
60987351
60986393
60987196
60987450
60986769
60987273
60987613
60986768
60946077
60955335
60967135
60976736
60987039
60999464
61010711
61020207
61031527
61043464
61053696
61064863
61075319
61088528
61099047
61109912
61120464
61132447
61143639
61152320
61164072
61174632
61185079
61196320
61206767
61218304
61229263
61239087
61249527
61261415
61272615
61283183
61295080
61305567
61317359
61328352
61338512
61350199
60987664
60986909
60988025
60988611
60987197
60988629
60989087
60987947
60987088
60989271
60988893
60987416
60989276
60987707
60987776
60947863
60957613
60968358
60978581
60989437
61001966
61013222
61024574
61034205
61044661
61057278
61069286
61079790
61089661
61100293
61112757
61123381
61136654
61145854
61156446
61168485
61178805
61187982
61199968
61210485
61219246
61230926
61241489
61252081
61262037
61276414
61284933
61295517
61306301
61321161
61331753
61342182
61350789
60989364
60990339
60990633
60989595
60988723
60990612
60990539
60988920
60990675
60989216
60989208
60990568
60990964
60989752
60989059
60952517
60960635
60971620
60980387
60990291
60999099
61009156
61016083
61026051
61037588
61047243
61060236
61069939
61081780
61093612
61102259
61115700
61126260
61136563
61147180
61158996
61169635
61179931
61191892
61204516
61215076
61223723
61237884
61248428
61256875
61270187
61280019
61289875
61299116
61310124
61323684
61332331
61344188
61352603
60991308
60990758
60990585
60992648
60990913
60991086
60992567
60992669
60991938
60992758
60992848
60991804
60992901
60992840
60991967
60952680
60960998
60972575
60981542
60993679
61002953
61014446
61026751
61041158
61052791
61062278
61073926
61085591
61095790
61105502
61117471
61125990
61137863
61150167
61158990
61172303
61183159
61193671
61204633
61215015
61226839
61238359
61248150
61258806
61269366
61283935
61294495
61303775
61314030
61327231
61337209
61347638
61358847
61699375
60998899
60997823
60996892
60998848
60998762
60997263
60998815
60997589
60997546
60998812
60999133
60999170
60997559
60999205
60958395
60964939
60974931
60985140
60997676
61008884
61018243
61029924
61040156
61052908
61062371
61074236
61085284
61097140
61105739
61118252
61129708
61140292
61152588
61161283
61175036
61185508
61194107
61206835
61218668
61227868
61240204
61251948
61261124
61271100
61285604
61294852
61304692
61315740
61328916
61338796
61349796
61359892
61701052
61000567
61000278
60999382
60999022
61000578
60998646
61000596
60999035
60999326
61000877
61000826
60999987
61000884
61000935
60957284
60966487
60976066
60986794
60997375
61006774
61017689
61026857
61039343
61048871
61060807
61071119
61084018
61094511
61104625
61114929
61127543
61137898
61151375
61161722
61174490
61185055
61195610
61208239
61218903
61229487
61242314
61250870
61261673
61272206
61285615
61296255
61307727
61318370
61330094
61340951
61351167
61362999
61702775
61002140
61001139
61001915
61002220
61001155
61000035
61002279
61002225
61000603
61002139
61002514
61002540
61002292
61000950
60959855
60967534
60979599
60989930
61001162
61010433
61021593
61033289
61043921
61056399
61066634
61077657
61088369
61100273
61110665
61123050
61134786
61143889
61155721
61166633
61179954
61190514
61199161
61213058
61223674
61234186
61245065
61255577
61267578
61278090
61289514
61301242
61311754
61320473
61334329
61345802
61356402
61365081
61002610
61003781
61004035
61002895
61001975
61004003
61003930
61002260
61003908
61002564
61002884
61004010
61004229
61003207
61003039
60963596
60971118
60981991
60990086
60998390
61010487
61022278
61032903
61042462
61054118
61066606
61077255
61088926
61100823
61111407
61121526
61134151
61144735
61155783
61165774
61178574
61189062
61200607
61213279
61223726
61232318
61245374
61255903
61266470
61277175
61289494
61300318
61311126
61322599
61336159
61344950
61355438
61367207
61004614
61005342
61005679
61004531
61003643
61004909
61005467
61003955
61006334
61004297
61004340
61005590
61006050
61004409
61004673
60966666
60974508
60984016
60994725
61006966
61017989
61027325
61038707
61050334
61059934
61069274
61082438
61092950
61104854
61113581
61126950
61137438
61148086
61160126
61170926
61181437
61192005
61202717
61215350
61227150
61237654
61248757
61259253
61269922
61280634
61293726
61305422
61315982
61324501
61338314
61348938
61360614
61370950
61007189
61007343
61005556
61006536
61007156
61005703
61007164
61006555
61007464
61007228
61006015
61008231
61006087
61006095
61007554
60967283
60978610
60988282
60999050
61008778
61019330
61031826
61043113
61054684
61063268
61076108
61087772
61097109
61110260
61119167
61130157
61138871
61151045
61162909
61173340
61183993
61194684
61205100
61217772
61229653
61240172
61253036
61261700
61272308
61283044
61297349
61307981
61316700
61327380
61340788
61352476
61363036
61371884
61009162
61008110
61009128
61009259
61008637
61008983
61009352
61008532
61009004
61009392
61008620
61009159
61009472
61008648
61007535
60972515
60982558
60991926
61001757
61012949
61025270
61036526
61047886
61057677
61068925
61080886
61092550
61103110
61113253
61123741
61135870
61147694
61159910
61168573
61180430
61192902
61201166
61210093
61221965
61233254
61244054
61255237
61265869
61277470
61288813
61299181
61311134
61321438
61335278
61343741
61354445
61366261
61374966
61010608
61009103
61009634
61009005
61010768
61009215
61009527
61010976
61010896
61010095
61010233
61011008
61009938
61011639
61011179
60973531
60982970
60991601
61003410
61014370
61023537
61034801
61046290
61059098
61069650
61080906
61090916
61103418
61113284
61123988
61136049
61146897
61160290
61170874
61181426
61193978
61203242
61213769
61226033
61237634
61248210
61261010
61269570
61279754
61292490
61303122
61313634
61322145
61335938
61347762
61357498
61366137
61377001
61010771
61013120
61012566
61011397
61010624
61012606
61012339
61011027
61012804
61012868
61011424
61012828
61012953
61011984
61011908
60977769
60986337
60996617
61005721
61016171
61028649
61039905
61051257
61060976
61072347
61083111
61096023
61106575
61117258
61127235
61139163
61149884
61163412
61172059
61182620
61196044
61204795
61217459
61229428
61237942
61248563
61262708
61273268
61281859
61296436
61304115
61315252
61324014
61334611
61346268
61354847
61365059
61374494
61012773
61014338
61013505
61014103
61013309
61012796
61013305
61014204
61014565
61013372
61012537
61014610
61013076
61013188
61014835
60972596
60981043
60991193
61001286
61013943
61023742
61034553
61045998
61058623
61069102
61078638
61090486
61101087
61114206
61124815
61136862
61147559
61158487
61168670
61180230
61192727
61202074
61211814
61224926
61235207
61246959
61257921
61269154
61279177
61290006
61304142
61313407
61323967
61333926
61348790
61359399
61368599
61378534
61016040
61015089
61014841
61014588
61016034
61016117
61014836
61016141
61016336
61015425
61016224
61016365
61015396
61016143
61016370
60976472
60987892
60996187
61008412
61019315
61029012
61041123
61052492
61062019
61077948
61090571
61102372
61111716
61122803
61133571
61144907
61155451
61169068
61179491
61190172
61200747
61211307
61220939
61232451
61242212
61253835
61264899
61275427
61285948
61296011
61310388
61320811
61331460
61339987
61353739
61364619
61374691
61386659
61022834
61022260
61022756
61023008
61023044
61021217
61022245
61022943
61022937
61021719
61022196
61022953
61021673
61022199
61023132
60982718
60991836
61002257
61013914
61022929
61034353
61046602
61057986
61068121
61078153
61089553
61102658
61113105
61125074
61135665
61145857
61156425
61168665
61179225
61189978
61203650
61212290
61224049
61236714
61245169
61255825
61268833
61280666
61291226
61302633
61313041
61323585
61334306
61349113
61359690
61368193
61378777
61725217
61024711
61023550
61024508
61024805
61023756
61022814
61024904
61024724
61023086
61025505
61023355
61023403
61024790
61024985
60984235
60992660
61002346
61009625
61019305
61030721
61042362
61052452
61063666
61076490
61086097
61096889
61109514
61121418
61130217
61143482
61152482
61160945
61174602
61183481
61195098
61205610
61217362
61226137
61239866
61248665
61260258
61271226
61282730
61291969
61304337
61314762
61324657
61336434
61346906
61359882
61369130
61379034
61388833
61025986
61026531
61026097
61024665
61026480
61026418
61025129
61026557
61026522
61025889
61026490
61026669
61025748
61026393
61026738
60985304
60996371
61007059
61016035
61026883
61039396
61048612
61057723
61070612
61079286
61090774
61103654
61114246
61124967
61134734
61146918
61157462
61170190
61181711
61192255
61204535
61215319
61223846
61236958
61247374
61258926
61269798
61282374
61291230
61301718
61314999
61324886
61335446
61346254
61360806
61371294
61380158
61390438
61027825
61026971
61027798
61028079
61026944
61025976
61028055
61027803
61026478
61028873
61026710
61026667
61028035
61028458
61027259
60990073
61001361
61012049
61022465
61031816
61042776
61055344
61065107
61075187
61085372
61096531
61109123
61119707
61131539
61140884
61152507
61163067
61175603
61187148
61197740
61208860
61218867
61229451
61242027
61252787
61264339
61275307
61285867
61296443
61311092
61321652
61330107
61340931
61355635
61366147
61376779
61385299
61730252
61029682
61028852
61030305
61029789
61029143
61029658
61029858
61029137
61029617
61029930
61029241
61029855
61030034
61029250
60988137
60999927
61009279
61018119
61030320
61041414
61050677
61059541
61070257
61080449
61091232
61103048
61114857
61126753
61135288
61147560
61159329
61167864
61181521
61190328
61202505
61212320
61224144
61235032
61246648
61255664
61267177
61279248
61288593
61298816
61311091
61322849
61331542
61343190
61354835
61364616
61375584
61385737
61396904
61031425
61031488
61030053
61029835
61031625
61030064
61030254
61031855
61031965
61030582
61031764
61032050
61031043
61031895
61032119
61066964
Peak: 62177417
Average: 59917522.80610219
