0
216483
257811
257844
257877
258552
258584
258616
258649
258745
258777
258810
258841
258873
258905
258937
258969
259065
259098
259129
259193
259225
259257
259290
259321
259417
259449
259481
259513
259545
259577
259609
259641
259737
259770
259801
259833
259866
259897
259929
259962
260089
260121
260153
260185
260217
260249
260433
260313
260345
260377
260409
260441
260512
260601
260633
260665
260697
260729
260761
260793
260825
260857
260889
260840
261049
261081
261113
261145
261178
261210
261242
261192
261306
261338
261371
261402
261562
261594
261626
261658
261841
261722
261754
261786
261818
261850
261883
261832
261946
261978
262010
262042
262202
262234
262266
262298
262330
262362
262394
262344
262609
262491
262522
262554
262586
262536
262650
262600
262874
262824
265256
262971
263003
263034
262984
263098
263131
263162
263194
263144
263258
263290
263322
263355
263386
263418
263450
263482
263674
263706
263738
263770
263802
263834
263866
263899
263930
263962
263994
264027
264058
264090
264122
264154
264186
264218
264251
264224
264657
264539
264570
264602
264634
264666
264849
264730
264762
264945
264977
265009
265041
264922
265105
265137
265018
265050
265233
265113
265088
265329
265361
265393
265498
265472
265713
265536
265777
265809
265841
265722
265905
265937
265969
266001
266033
266065
266097
265978
266161
265984
266074
266048
266289
266171
266202
266234
266208
266216
266481
266513
266801
266833
266865
266746
266929
266961
266842
267025
266906
266938
267121
267153
267185
267217
267249
267281
267104
266783
Peak: 269536
Average: 261444.12328767125
