0
289451
418562
418594
418569
420831
420711
420745
420776
420872
421055
420936
420968
421001
421032
424678
421014
421192
424838
421256
421439
421471
421270
421384
421417
421663
421544
421576
421608
421639
421590
421704
421736
421832
421864
422047
421929
421959
421992
421942
421974
422184
422216
422249
422280
422230
422495
422294
422408
422591
422472
422505
422536
422582
422696
422728
422760
422791
422825
426470
422888
422920
422894
423135
423016
423144
423094
423208
423158
423273
423304
423487
423286
423401
423432
423464
423496
423656
423688
423720
423752
423784
423967
423848
423880
423912
423944
423976
424008
424040
424072
424104
424136
424296
424328
424360
424392
424424
424456
424488
424520
424552
424584
424616
424648
424680
424713
424744
424776
424886
425001
425032
425064
425014
425129
425160
425192
425224
425256
425288
425321
425352
425535
425416
425448
425480
425512
425544
425577
425919
425800
425983
425863
425896
425928
425959
425992
426024
426056
426088
426120
426152
426184
426216
426248
426222
426312
426344
426376
426600
426632
426665
426696
426728
426911
426791
426824
427007
427039
426920
426952
426984
427016
427048
427080
427112
427144
427176
427126
427240
427272
427304
427336
427534
427624
427807
427839
427719
427752
427783
427816
427848
427880
427912
428095
427977
428159
427982
428014
428255
428137
428110
428351
428174
428264
428238
428328
428511
428334
428366
428607
428895
428776
428959
428758
428872
429055
428878
429119
429151
429183
429215
429014
429279
429311
429134
429223
429256
429288
429471
429503
429326
429415
429447
429480
429512
429544
429727
429608
429640
429672
429703
429736
430056
430088
430271
430152
430184
430134
430166
430280
430312
430345
430377
430408
430440
430472
430505
430687
430568
430600
430632
430664
430696
430728
430760
430792
430824
431007
430806
430920
430952
430985
431016
431049
431080
431054
431295
431327
431470
431502
431592
431775
431807
431606
431662
431903
431726
431816
431766
431880
431854
431862
431976
432159
432191
432223
432103
432287
432319
432351
432383
432415
432447
432270
432511
432543
432575
432607
432489
432462
432703
432585
432617
432648
432831
432713
432895
432927
433161
433193
433375
433257
433289
433471
433353
433385
433417
433449
433631
433513
433545
433494
433526
433558
433823
433705
433654
433769
433951
433833
433864
434047
433870
433961
433993
433942
434057
434089
434121
434154
434185
434217
434249
434281
434313
434344
434377
434409
434441
434473
434504
434537
434954
434985
435017
435049
435081
435113
435145
435177
435209
435241
435273
435305
435337
435369
435401
435433
435465
435497
435529
435561
435593
435625
435657
435689
435721
435753
435785
435816
435849
435881
435913
435945
435977
436009
436041
436073
436105
436137
436169
436201
436233
436265
436296
436329
436361
436393
436425
436457
436936
436969
437001
437032
437065
437097
437129
437160
437193
437225
437257
437289
437321
437353
437385
437417
437449
437480
437513
437544
437577
437609
437641
437672
437705
437738
437769
437801
437833
437864
437897
437929
437961
437992
438025
438057
438088
438122
438153
438335
438217
438249
438281
438313
438345
438377
438409
438441
438473
438504
438537
438568
438601
438633
438665
438697
439241
439272
439304
439337
439368
439401
439433
439465
439497
439529
439561
439594
439626
439657
439688
439721
439753
439785
439817
439849
439881
439913
439945
439978
440009
440041
440073
440104
440137
440110
440200
440174
440206
440238
440329
440361
440393
440425
440457
440488
440521
440552
440585
440617
440649
440681
440713
440745
440777
440809
440841
440874
440904
440937
440969
441001
441033
441066
441038
441070
441078
441193
441224
441257
441865
442047
441929
442111
442143
442175
441998
442030
442271
442094
442126
442158
442249
442222
442254
442286
442318
442350
442591
442472
442655
442478
442510
442601
442633
442664
442697
442729
442761
442793
442825
442857
442889
442921
442953
442984
443016
443049
443081
443113
443145
443177
443209
443241
443273
443304
443487
443369
443401
443433
443465
443497
443529
443561
443592
192193
Peak: 448443
Average: 430765.6533795494
