0
152945
153008
153041
153073
153240
153273
153304
153335
153432
153465
153495
153527
153559
153592
153623
153656
153752
153785
153816
153848
153881
153913
153944
153976
154073
154105
154137
154168
154201
154234
154264
154298
154393
154424
154488
154521
154553
154736
154617
154648
154776
156119
154840
154872
154904
154937
154968
155001
155032
155065
155097
155128
155256
156599
155322
155352
155384
155416
155448
155480
155512
155545
155728
155609
155737
155770
155719
155833
156016
155486
111267
Peak: 357745
Average: 151771.68055555556
