0
82812
378046
805269
1075951
1924492
2339468
2749813
2978807
3568507
3846452
4327027
5203299
5375992
5718232
6178201
6639407
7112016
7361736
7763499
8325813
8738054
9016373
9324679
9560748
9777011
10446490
10740718
11127398
11687439
12405407
12697861
12996354
13501982
14061372
14547556
15151630
15626179
15963934
16280078
16505060
16632560
16704556
17048780
17213324
17500370
17887611
18037069
18265932
19560640
19369061
19562209
19672300
19672220
19913653
20098973
20245282
20412983
20794388
21339713
21723896
22134523
22562961
23219441
23483915
23935604
24245256
24390006
24413189
24550156
24720195
24920500
25091417
25403163
25692561
26111507
26607706
26990048
27590182
28278973
29087158
29713244
29899376
29904512
29906640
29905009
29923046
29935233
30183062
30773639
31376251
31572938
31856745
31945000
32258907
32325498
32384078
32524882
32544841
32606490
32823812
32930530
33384920
34309103
33832803
34324435
34501650
34621367
34667290
34638903
34720985
35025511
35134518
35754747
35847454
36259101
36732323
36803527
37055395
37748674
37964677
38359147
38359068
38358991
38359380
38221272
38672629
38873181
39052705
39114468
39278017
43182829
43397442
43468350
44057004
44103552
44150606
44187000
44269129
44312899
44378254
44402351
44482186
44526815
44564406
44627500
44855966
45064585
45141911
45568080
45788843
46045585
46634619
46781033
46825879
47021932
47128605
47280515
47452662
47529871
47605941
47923577
48058733
48301469
48510345
48593095
48737459
49331558
49318761
49415572
49579184
49640980
49853160
50099772
50195077
50281714
50305266
50319434
50352418
50391445
50458558
50439472
50658570
50696000
50803562
51016625
51372245
51486502
51783972
52041673
52420178
52555000
52851321
53050275
53639851
54256360
54459900
54510983
54542157
54629951
54660797
54804490
54943357
54985162
55040164
55505981
55776400
55888944
56033134
56464318
56887780
56920895
56951731
57315404
57378587
57943433
57690557
57911005
58076198
58138296
58069343
58350893
58508688
58388340
58490187
58613397
58923765
59690081
59809465
59894609
59980849
60041408
60225727
60262948
60838839
61881939
60839366
61299981
61864238
62430576
62961410
63527668
64058065
64590573
65154672
65719312
66248897
66813321
67341202
67871786
68433782
68964472
60943039
60737761
60739590
60740486
60741295
60740817
60741840
60741236
60742385
60741364
60741558
60742825
60742161
60742939
60741855
60743134
60742215
60743416
60743346
61052783
61616454
62177313
62739729
63337334
63899028
64496110
65057996
65654030
66250310
66812388
67409350
68005278
68567685
69164110
60745043
60744597
60745919
60745284
60745721
60745910
60745874
60744929
60745892
60746119
60746225
60745589
60746216
60746384
60746401
60745528
60746331
60746491
61088455
61584407
62146535
62743215
63305506
63901436
64464658
65060391
65656596
66252876
66849239
67445887
68006728
68603760
60746923
60747243
60746798
60746987
60747701
60747849
60747404
60748442
60748677
60748768
60747838
60748745
60748716
60748936
60749405
60749047
60747801
60749135
60749124
61124079
61621685
62149785
62746529
63309334
63872072
64469460
65031356
65627331
66189740
66787565
67349268
67946702
68509777
69106229
60752448
60752815
60753998
60752523
60752753
60752920
60754221
60753995
60754235
60752995
60754456
60753339
60754204
60753793
60754203
60754507
60754469
60753950
60963702
61461152
62023120
62584838
63181424
63742963
64340984
64901931
65497728
66095088
66657259
67252376
67849410
68411701
69007626
60755610
60754725
60755715
60754872
60755907
60755993
60754752
60755192
60756132
60754794
60756137
60755418
60756556
60755114
60756415
60755119
60755913
60756692
60767727
61263370
61792982
62355143
62918411
63481235
64043845
64641140
65203116
65765910
66362260
66924300
67521412
68083276
68680940
60756934
60757123
60757830
60758024
60758183
60758144
60757538
60758165
60756961
60758248
60757436
60757465
60758287
60757215
60758503
60758607
60757303
60758726
60757135
61133163
61630417
62158401
62754825
63318281
63879729
64443012
65038724
65635041
66196873
66794561
67322385
67853953
68381785
68979673
60758514
60759695
60758873
60759690
60758488
60760185
60759544
60760129
60759059
60760279
60759435
60760241
60760358
60759773
60759518
60759182
60760605
60759246
60870256
61367741
61896187
62493380
63055366
63652640
64216120
64778092
65341634
65939227
66501942
67064044
67661818
68223294
68821411
60765372
60765565
60766456
60765274
60766553
60765968
60766420
60765411
60766690
60765888
60766702
60766811
60766679
60765534
60766112
60766659
60766836
60765731
60766879
61108343
61671383
62233287
62795911
63292127
63822919
64351494
64946887
65509682
66072863
66670335
67231554
67794815
68390879
68953338
60767254
60766067
60768074
60767467
60766962
60768212
60766594
60766893
60767228
60768270
60766932
60768283
60767527
60768294
60767375
60768395
60767436
60768263
60779314
61242166
61805552
62333845
62897061
63494046
64056814
64618518
65181384
65744787
66340878
66903304
67466627
68062790
68625528
69187307
60769803
60770055
60769834
60769902
60769137
60769933
60768754
60769957
60770122
60769298
60768853
60770289
60769073
60769164
60769254
60770552
60769670
60770428
60814588
61311581
61873520
62434472
62997344
63560168
64156889
64718883
65282073
65879391
66440465
67003651
67601329
68162009
68760081
60770025
60770564
60771549
60770498
60771885
60771621
60770902
60772258
60771535
60772477
60771621
60771074
60772598
60773038
60771463
60771893
60772694
60771532
60772631
61114350
61644378
62172402
62734674
63332242
63894962
64456690
65019706
65615842
66177834
66741378
67337146
67899794
68497730
69058434
60772178
60773606
60772411
60772485
60773913
60772571
60774100
60774240
60774059
60773372
60774186
60772890
60773975
60774197
60773382
60774116
60773095
60774223
60773554
61148660
61712106
62273196
62836203
63434453
63997677
64559433
65122745
65685489
66247825
66810889
67408767
67969510
68534454
69096462
60775183
60775674
60775796
60775635
60776597
60775862
60777073
60775516
60776077
60775873
60775413
60776785
60775528
60776892
60776243
60776768
60775782
60777091
60920816
61417464
61945109
62507877
63070533
63667365
64230117
64791965
65389061
65950893
66514188
67109349
67673312
68234896
68699501
60776837
60777180
60777948
60778151
60778062
60777444
60778020
60777007
60778151
60777007
60777620
60776988
60778467
60777775
60778523
60777692
60778332
60777354
60778455
61119874
61649058
62211302
62773278
63336606
63899638
64462373
65058374
65621694
66183934
66747062
67343222
67906054
68401641
68965409
60779065
60778840
60779088
60777928
60778006
60779344
60779321
60778554
60777994
60779489
60778517
60779608
60779644
60778343
60778287
60779600
60778685
60780123
60779777
61155472
61684450
62212284
62808726
63371472
63801372
64364696
64926825
65489897
66087256
66650608
67211326
67809266
68371272
68935072
60780533
60780516
60780379
60780050
60780439
60779335
60781424
60780255
60780932
60781583
60780407
60781492
60781749
60780913
60780316
60781883
60781729
60781684
60781101
61155924
61719157
62281285
62842789
63406189
63968829
64565853
65128821
65690773
66252893
66850309
67413901
67974941
68538469
69100428
60781454
60781579
60782420
60782704
60782705
60781854
60781243
60782810
60782550
60781572
60781969
60782807
60781913
60782362
60782915
60782182
60782294
60781675
60793469
61257186
61785207
62347720
62910907
63473718
64036597
64634124
65195948
65760348
66288364
66818271
67381656
67945157
68508979
69070269
60783799
60783925
60783268
60783819
60782963
60784234
60783295
60784061
60783067
60784575
60784220
60783340
60783777
60783119
60784212
60784571
60783639
60783835
60828747
61325013
61852701
62415781
62978893
63540553
64103353
64666580
65263665
65825937
66387531
66985265
67547473
68109732
68673666
60783731
60784911
60783908
60784751
60783945
60785829
60785006
60785073
60785097
60785992
60785215
60786056
60786158
60785121
60786264
60785078
60786233
60785419
60786190
60994856
61523725
62085860
62648819
63245349
63808125
64371893
64932597
65495837
66058780
66656600
67218589
67780845
68343120
68941037
60786650
60786882
60785742
60787085
60786246
60785809
60787224
60785772
60787119
60786449
60787030
60786052
60787204
60786132
60786521
60787357
60786580
60787386
60765035
61227449
61723353
62252601
62849289
63412705
63974193
64571569
65067193
65629377
66192617
66756060
67352284
67915884
68478332
68941543
60787033
60788440
60788511
60788493
60787509
60787580
60788830
60787615
60788864
60788042
60788797
60789003
60787887
60788986
60787821
60788284
60788930
60789033
60789080
61096993
61625891
62187988
62751726
63280529
63844026
64406777
64969225
65466028
65963366
66458940
66923379
67487961
68049995
68613820
69141566
60788961
60789629
60788503
60789715
60789018
60789745
60788728
60789948
60789045
60788498
60790001
60788715
60790116
60789429
60791043
60789869
60790946
60789976
60933230
61462331
62024627
62588325
63151029
63614597
64143448
64706109
65270421
65832365
66395645
66959045
67522725
68083461
68647648
69209277
60791879
60790708
60791801
60790772
60791089
60791416
60790970
60792055
60792312
60791532
60792151
60791071
60792322
60792281
60791473
60792268
60792555
60792483
60869359
61365662
61893227
62455608
62953632
63482408
64045136
64608165
65171133
65734189
66296437
66859580
67457621
68019661
68583429
69144325
60791912
60793377
60791763
60792899
60793178
60792355
60791902
60793210
60793238
60793142
60793386
60792606
60793262
60792284
60793326
60792307
60793570
60793006
60770291
61234165
61795039
62358795
62887629
63450766
64013460
64576638
65141017
65703112
66266281
66829659
67357765
67921243
68485028
69046980
60794060
60792878
60793566
60794198
60793104
60794248
60793297
60793578
60794561
60793597
60794582
60793896
60794522
60793493
60794570
60793549
60793895
60794798
60837319
61335004
61896067
62459116
62987939
63550946
64113722
64678052
65241154
65804316
66366365
66929741
67493305
68055405
68619307
69181136
60794724
60795471
60794435
60795633
60794895
60795406
60796592
60796696
60795367
60796746
60796148
60795609
60796960
60795745
60796965
60796076
60795948
60797235
60839659
61302881
61866016
62427022
62991481
63553619
64117193
64680273
65243265
65806562
66368666
66932006
67495592
68057612
68621456
69182323
60796687
60796802
60796304
60797434
60797678
60796970
60797632
60797817
60797602
60797846
60797016
60796772
60797845
60796732
60798011
60796921
60796577
60798195
60874947
61303571
61866169
62428212
62992330
63555187
64117037
64679844
65242912
65805952
66402305
66964693
67528321
68057039
68588964
69150975
60797551
60798356
60798604
60798541
60798008
60797312
60798740
60797525
60798804
60797922
60798731
60798932
60798693
60797650
60797996
60798883
60798935
60798933
60874871
61404241
61967432
62528789
63091393
63654616
64217116
64814206
65377301
65940415
66502617
67098837
67661468
68223273
68821126
60798336
60798196
60799051
60799242
60799267
60798476
60798132
60799437
60798551
60799378
60799665
60798423
60798410
60799659
60798597
60799766
60799602
60799734
60799789
60942385
61438551
61967535
62530026
63093723
63589508
64086438
64650740
65213826
65775722
66338716
66902163
67464757
68026812
68591062
69186857
60799773
60800670
60799507
60800930
60799877
60800666
60799586
60799711
60800376
60800997
60800313
60801052
60801076
60800376
60802361
60801425
60801436
60802397
60845978
61308933
61871164
62432919
62996255
63559039
64155820
64718023
65280764
65843959
66405983
67002316
67565871
68162212
68724938
60802044
60802928
60802027
60803006
60801710
60803054
60801774
60802379
60803150
60803059
60802947
60803191
60802203
60802160
60802610
60803255
60803410
60802297
60803415
60913907
61443176
62005216
62566584
63129504
63691923
64254832
64817800
65380760
65945096
66507184
67070525
67633733
68195117
68758645
69401773
60802517
60802821
60803838
60803803
60803920
60803120
60804154
60802990
60804277
60803408
60804078
60803049
60803014
60804115
60804292
60803710
60804211
60804371
61080635
61609953
62137865
62700065
63263889
63826641
64389225
64951073
65514225
66077233
66674641
67236025
67799185
68361588
68959329
60804548
60804624
60804597
60804961
60804001
60804954
60803780
60803747
60804891
60805084
60804520
60804299
60805094
60805330
60805286
60805139
60805367
60804857
60805553
61081749
61543047
62106317
62635147
63197576
63760203
64323064
64886208
65448904
66012128
66575792
67137384
67701144
68262967
68861024
60804785
60805238
60805841
60806044
60805938
60804903
60805249
60804855
60806211
60806335
60806402
60806260
60805409
60806320
60805450
60806368
60805567
60805396
60806544
61048178
61577549
62139911
62703311
63265935
63794407
64357655
64920335
65483295
66046311
66609663
67171647
67735407
68331543
68895279
60806490
60806096
60807169
60807307
60806020
60808797
60808209
60807886
60809161
60808815
60809083
60808710
60808378
60809215
60809065
60809017
60808158
60809053
60809257
60886679
61381765
61944980
62506916
63070004
63632852
64195636
64757660
65320284
65883652
66445500
67041900
67605727
68168748
68731524
60808531
60808512
60809505
60809606
60809638
60809742
60808654
60809861
60808553
60809895
60809406
60809734
60808662
60809790
60808769
60809457
60809902
60810202
60810395
61185481
61680388
62209452
62806052
63368239
63931087
64528440
65090082
65686392
66248376
66812967
67373655
67937544
68535271
69097215
60809946
60809528
60809839
60809817
60810814
60810029
60810819
60810101
60809821
60811019
60811157
60810879
60811166
60810327
60809911
60811217
60809986
60810045
60811251
61152979
61681571
62243964
62807516
63370892
63933572
64496612
65059580
65621588
66184828
66747004
67309343
67872663
68468772
69031260
60811772
60811692
60811912
60810946
60810967
60811264
60812011
60812123
60812223
60812018
60812219
60812183
60811556
60812103
60812470
60812383
60812301
60812443
60811527
60921862
61451399
62013252
62575906
63138738
63701549
64298555
64860613
65391317
65854346
66383146
66980607
67543015
68105303
68703055
60812101
60812293
60812962
60813115
60813459
60811923
60812422
60813223
60812350
60813255
60813430
60812507
60813553
60813513
60813350
60813631
60812915
60813480
60813673
61156048
61652014
62179986
62775781
63339941
63901423
64464415
65026308
65589402
66186823
66750103
67312175
67875791
68437775
69000336
60813973
60812887
60814128
60813481
60814009
60814300
60813811
60814546
60813140
60814504
60813260
60814547
60813572
60813457
60814584
60815252
60816243
60815415
60793424
61224771
61686627
62248547
62812268
63375808
63938565
64501485
65064509
65625349
66188397
66751805
67348093
67910397
68473053
69070437
60816509
60816660
60815620
60816674
60815637
60816722
60815634
60816301
60816869
60815840
60816874
60815802
60816183
60817137
60816274
60817209
60817303
60816650
60828123
61258740
61820062
62383060
62945999
63507948
64070892
64633796
65197788
65759707
66321991
66919525
67481967
68076828
68674925
69235831
60818036
60817934
60817163
60816870
60818234
60816833
60818295
60817684
60818126
60818362
60818453
60817481
60818394
60817822
60817206
60818498
60818577
60818473
60929008
61458535
62020472
62582224
63144472
63707254
64270051
64867420
65430323
65992243
66555611
67117841
67715679
68277687
68841227
60818354
60818420
60818026
60819056
60817850
60819222
60818624
60819206
60818357
60819305
60818821
60818133
60819513
60818342
60819545
60818798
60819503
60819607
60819762
61193771
61689875
62218942
62781262
63344750
63908743
64471711
65032479
65595503
66159022
66722074
67284193
67847609
68443890
69007698
60819992
60820180
60820323
60820404
60820208
60820376
60819670
60820575
60819499
60820368
60819296
60819693
60820604
60819793
60820727
60820915
60819696
60820777
60819707
61129977
61658988
62221188
62783532
63312027
63909700
64472668
65033740
65596420
66159523
66757300
67318340
67881748
68477908
69041652
60821289
60820075
60821519
60820659
60820264
60821615
60820235
60821679
60821736
60821065
60821587
60821895
60820830
60821824
60820544
60820949
60821865
60820854
60821951
61162922
61692145
62288632
62851040
63414432
63942850
64505815
65068757
65564871
66128031
66692420
67253148
67851119
68412162
69009919
60822321
60822578
60821383
60821380
60822554
60821977
60822470
60821745
60822746
60822041
60822745
60822964
60822877
60822145
60821470
60823045
60824697
60824900
60802155
61298304
61828484
62356430
62919160
63482093
64079321
64642181
65204312
65767277
66363502
66926797
67489304
67984912
68548741
69145166
60824647
60825192
60825491
60825415
60824648
60825363
60825515
60824887
60824691
60824512
60825778
60824622
60825732
60824952
60825592
60824614
60826238
60824627
61002426
61465095
61894661
62423212
62986471
63583573
64145964
64709228
65271020
65834567
66397484
66959564
67523380
68085087
68648839
69211151
60825312
60826618
60826468
60826588
60826062
60826963
60826710
60826620
60826195
60825829
60826728
60826836
60825715
60826849
60825819
60826811
60825723
60826875
60936350
61433027
61961913
62524129
63086694
63650013
64213701
64776741
65339838
65902222
66464653
67028293
67557645
68119717
68683384
69245325
60827324
60827454
60827937
60826380
60827100
60827553
60827802
60826532
60827853
60827225
60827062
60826897
60827981
60826801
60828037
60826905
60826761
60828125
60871436
61367432
61929712
62491272
63054440
63617648
64180649
64743689
65306713
65836609
66332233
66895641
67459329
68054778
68619290
69180009
60827784
60828021
60827577
60828724
60827995
60828651
60828768
60828764
60828347
60827600
60829007
60827750
60829063
60828291
60828998
60827918
60829003
60829222
61004560
61501835
62029661
62592415
63155036
63718234
64280882
64843591
65440983
66004159
66566271
67029250
67393927
67858303
68353975
68916935
60828919
60828528
60828560
60830214
60829774
60828931
60829911
60829000
60829725
60829030
60830036
60830246
60828840
60830199
60829329
60830326
60830316
60829421
60830294
61072326
61601105
62163668
62725815
63288458
63852560
64416296
64977128
65541336
66070079
66633415
67195935
67759128
68321136
68884872
60830224
60830063
60830919
60831305
60829946
60831171
60830658
60830103
60831238
60830191
60831344
60830433
60829982
60831499
60830177
60830156
60831502
60830671
60831952
61106334
61569156
62130897
62694969
63256321
63819097
64315748
64812603
65309673
65872625
66434841
66998289
67561761
68157929
68721665
60830864
60831297
60830446
60831809
60831723
60831840
60833182
60834050
60832966
60834135
60833342
60832910
60834397
60833009
60834322
60833521
60832982
60834426
60833190
61175888
61672758
62200582
62763454
63325640
63889176
64452312
65048737
65611393
66173456
66737024
67333241
67895545
68457649
69022617
60835103
60833881
60834028
60834388
60835349
60834330
60835486
60835420
60834681
60835391
60835525
60835607
60835554
60834466
60834812
60835605
60834871
60835655
60834543
61144960
61674391
62236584
62798893
63362350
63925054
64488082
65050219
65613074
66142050
66738906
67301707
67865322
68426179
68989986
60835874
60836520
60836931
60836568
60835675
60836700
60835510
60836772
60836051
60836683
60836843
60836164
60836971
60835947
60837047
60835875
60837036
60836107
60848333
61309944
61840310
62302312
62831648
63395426
63957846
64520729
65083826
65645978
66209055
66806687
67367786
67931135
68529096
69090322
60837873
60837581
60836368
60837676
60836326
60836521
60836789
60837692
60836710
60836931
60837715
60837891
60836896
60837980
60836918
60838146
60837417
60836755
60848164
61311415
61840415
62402287
62965783
63495167
64058194
64621175
65183999
65747565
66309269
66873863
67435880
67999487
68563269
69124093
60838403
60837970
60838525
60838794
60838826
60837592
60837919
60838931
60837997
60838851
60838114
60837444
60837797
60838925
60839058
60838215
60839102
60838274
60915178
61411931
61974840
62535552
63099000
63661397
64224413
64787525
65350405
65913573
66475605
67039029
67602597
68198758
68762493
60838556
60838270
60838534
60838686
60839741
60838404
60839805
60839169
60839088
60839890
60839879
60839903
60839052
60840110
60839191
60840075
60840322
60839676
60840079
61015564
61480032
62007648
62537000
63100176
63663945
64226745
64789641
65352745
65915129
66477913
67041289
67604833
68166841
68730577
60853785
60839885
60839944
60840868
60841011
60841358
60839704
60840080
60840901
60839902
60839736
60841129
60841267
60840285
60841595
60841265
60840168
60841292
60840198
60950377
61347517
61843567
62406968
62969424
63532936
64095784
64625696
65088391
65617295
66180575
66778080
67339143
67902279
68498720
69061079
60840681
60841829
60841945
60840801
60842027
60841847
60841999
60841063
60842096
60840924
60842173
60841380
60842492
60842247
60842200
60841348
60841055
60842376
60885399
61382930
61911084
62473787
63035771
63599820
64164835
64727803
65290897
65854025
66416033
66978145
67541676
68103916
68701753
69262585
60844958
60843972
60845057
60844087
60844177
60845515
60844330
60845435
60845615
60844463
60845509
60844439
60845528
60844383
60845135
60845818
60845143
60845023
60822999
61254224
61783435
62345507
62873794
63436970
64000827
64564026
65127058
65689090
66252178
66815602
67377610
67941178
68503114
69066986
60845040
60846267
60845112
60845395
60846545
60845368
60846652
60845805
60846512
60845424
60846044
60846829
60845741
60846694
60846976
60847192
60845616
60846088
60856940
61353106
61816225
62346378
62908818
63472274
64000897
64563641
65126617
65688993
66251946
66815298
67377377
67940945
68503409
69100978
60846385
60847472
60846663
60847257
60847433
60846789
60847508
60846521
60847401
60847476
60847589
60846436
60846431
60847701
60846921
60846527
60847933
60846740
60847968
61223117
61751129
62314297
62876689
63405993
63968769
64531857
65094657
65656729
66221065
66784417
67346377
67909993
68472001
69035801
60848220
60847128
60848240
60847313
60847835
60847216
60848572
60847358
60848679
60847864
60848504
60848748
60847507
60848643
60847622
60847968
60848796
60848974
60848876
61156884
61686026
62248291
62811899
63374115
63937771
64501100
65063059
65626099
66188019
66751299
67313323
67910947
68472283
69002611
60849145
60848702
60849487
60848859
60849591
60849095
60848433
60849840
60848727
60849896
60848793
60848657
60849976
60848761
60850048
60849455
60848836
60850029
60849169
61192060
61688207
62216552
62778808
63341360
63905937
64468905
65030977
65593969
66157057
66720409
67282489
67846033
68407769
68970625
60849708
60850778
60849533
60850626
60850910
60849994
60849538
60851012
60849728
60850813
60849690
60850138
60850915
60851114
60851133
60851174
60850034
60850186
60851155
61093140
61656762
62218946
62780177
63343761
63907298
64435905
64998329
65561217
66125506
66688858
67249626
67813441
68375481
68938865
60851202
60850839
60851806
60850946
60851795
60850938
60851778
60850698
60850850
60851923
60852115
60852118
60851418
60850722
60852179
60850994
60852302
60851594
60852162
61060716
61590288
62153193
62716034
63244381
63807349
64370053
64933093
65496125
66059565
66622525
67184805
67748005
68310293
68873837
60852229
60852900
60851999
60852894
60851808
60852799
60852938
60852289
60852865
60851820
60852913
60851785
60852265
60853066
60852241
60853272
60852353
60852484
60852586
61128216
61624325
62187024
62749007
63311925
63875669
64439405
65001413
65564445
66126365
66689674
67251682
67815498
68377299
68941026
60853335
60853093
60853162
60853866
60852821
60853906
60855477
60855933
60856683
60855933
60856774
60856003
60856178
60856781
60855674
60857333
60857088
60856248
60856987
61132046
61628310
62156632
62720850
63249334
63812086
64375078
64937902
65500947
66064107
66627459
67189852
67752771
68315115
68878659
60856993
60856706
60856864
60856589
60858009
60857022
60857976
60857784
60858087
60857451
60858037
60857997
60857928
60856805
60857296
60858105
60858280
60858088
60857008
60967397
61496784
62060096
62588442
63151210
63713770
64276546
64839585
65270410
65833554
66396867
66960275
67522410
68084626
68682450
69243360
60858634
60858860
60858135
60857925
60857683
60858961
60857709
60859081
60858165
60858869
60857797
60859043
60857923
60858360
60858521
60859344
60859284
60859424
61035811
61497793
62061097
62623441
63151875
63714806
64277590
64840711
65404983
65968143
66529375
67092727
67657103
68219079
68782815
60873111
60858936
60858453
60859908
60859830
60859990
60859139
60860079
60858958
60860186
60860150
60859454
60859123
60860297
60859148
60859169
60860271
60860530
60860343
60969798
61467266
61995248
62558282
63087146
63650138
64212706
64777059
65340075
65903163
66465243
67028595
67592163
68152931
68716938
69278810
60861509
60861142
60861340
60861101
60860066
60860439
60861248
60860487
60861413
60860641
60859958
60861474
60860022
60861479
60860614
60860521
60861575
60860513
60971854
61501329
61996178
62525042
63088114
63651030
64214898
64778054
65340782
65904138
66466146
67029554
67593066
68155139
68718810
69279746
60861949
60862081
60861905
60862256
60861663
60861340
60861493
60861434
60860980
60861165
60862363
60861519
60861183
60862488
60862375
60861287
60861692
60862485
60905703
61403774
61931463
62493607
63056543
63653711
64215215
64778384
65375460
65938685
66500628
67064004
67627548
68188316
68752317
69315348
60862467
60862143
60863200
60862327
60863103
60863263
60862779
60863608
60862542
60863545
60862424
60863617
60863019
60863579
60862483
60863552
60862488
60863089
61072457
61568591
62097392
62660013
63222613
63785456
64348253
64911213
65474253
66038677
66602029
67164037
67727285
68289589
68786117
60863364
60864109
60864311
60863426
60864744
60864457
60863520
60864325
60864612
60863848
60864960
60863349
60864477
60864836
60863941
60864589
60863560
60864629
60863659
61040541
61570785
62131481
62661169
63224937
63786497
64349289
64912249
65475617
66038521
66602161
67163825
67727297
68323794
68887481
60864578
60865549
60864618
60864763
60864258
60864309
60865534
60864389
60864861
60864525
60865750
60864688
60865806
60865077
60864576
60864661
60865840
60866008
60865216
61041705
61570460
62132262
62695035
63291996
63854764
64416692
64914412
65477492
66039308
66637028
67197732
67795700
68356364
68920187
60865609
60865296
60866689
60866611
60866780
60866910
60865944
60866841
60865728
60866932
60866419
60865715
60865712
60867387
60865776
60866368
60865728
60867041
60867136
61141941
61671063
62200264
62762728
63359438
63925888
64487680
65083984
65646008
66210136
66740432
67268160
67831632
68427950
68990576
60869409
60870721
60869320
60869566
60869942
60870735
60869598
60870742
60870999
60870046
60870126
60870862
60869782
60870934
60871127
60870478
60869822
60870534
60870449
61079775
61542708
62105101
62667379
63230363
63793011
64355902
64952776
65515816
66077819
66675523
67171347
67668779
68164747
68662371
69190198
60871299
60870581
60871886
60870773
60871958
60871165
60871920
60870813
60872216
60872117
60871333
60872158
60871312
60872198
60872365
60871469
60872294
60871437
60915341
61412029
61973949
62535445
63098629
63661701
64224501
64787461
65350432
65913381
66475437
67038973
67602509
68198742
68762413
60887782
60871523
60871920
60872748
60871560
60872755
60872932
60873019
60871739
60872419
60872974
60871859
60871990
60872570
60873300
60872715
60872486
60873163
60873479
60916985
61379431
61943128
62504009
63066956
63629689
64159484
64656649
65219401
65782497
66344713
66908033
67505801
68066553
68630361
69226433
60872928
60872608
60873812
60873864
60873876
60873408
60872755
60874025
60872760
60874132
60873403
60872894
60874236
60872878
60874247
60874518
60873566
60874463
60917510
61381827
61909633
62471849
63069230
63630897
64193785
64790905
65353945
65915873
66479121
67041236
67604996
68201105
68697756
69193644
60874305
60873721
60874962
60875092
60874945
60875194
60874457
60874568
60874284
60875205
60874428
60874343
60875464
60874300
60875463
60874603
60874115
60875607
60918555
61415224
61944265
62507114
63070202
63633122
64195866
64757529
65320548
65883865
66445804
67043401
67605641
68202074
68765802
69327801
60875913
60874826
60875960
60875231
60875887
60874858
60875992
60876247
60875159
60876208
60875015
60876264
60875599
60876218
60875087
60876239
60875218
60875666
61019094
61581228
62110243
62674003
63170636
63699236
64163932
64726893
65288692
65851772
66413796
66977172
67540924
68137149
68700820
69262892
60876163
60877178
60875790
60876015
60876401
60877210
60876310
60877274
60876422
60876142
60877447
60876321
60877490
60876684
60876260
60877658
60876481
60877709
61019988
61483345
62012339
62574176
63104369
63667067
64229953
64794161
65357185
65920294
66482318
67045670
67609214
68171222
68734966
69297062
60876993
60878287
60878323
60878205
60877195
60877776
60878349
60878694
60877314
60878459
60877381
60877927
60878567
60877471
60878623
60878072
60878736
60877583
60855558
61319916
61814678
62378110
62906334
63469948
64032478
64596729
65158958
65687556
66250817
66814110
67376201
67939686
68501561
69099646
60879146
60878240
60878269
60879358
60879361
60879232
60879415
60878227
60878488
60878542
60879580
60878656
60879548
60879080
60878347
60879799
60878816
60878371
60878691
60879707
60879980
61286824
61749827
62313395
62875746
63439131
64001907
64563707
65126602
65688901
66251893
66849603
67410363
67973837
68536098
69134043
60879155
60880407
60879801
60880438
60880631
60880502
60879396
60880481
60879401
60879849
60880642
60879801
60880706
60880868
60880009
60880861
60880092
60880876
60881133
61256179
61785141
62312868
62875359
63405759
63968714
64531567
65093908
65657813
66220973
66784325
67346037
67908637
68470669
69034684
60881367
60880337
60881465
60880737
60880644
60881800
60880812
60881749
60880799
60880599
60881984
60884117
60885438
60885335
60884703
60884143
60885411
60885539
60884359
61194523
61723622
62285952
62848320
63411632
63940106
64503082
65065202
65662571
66225731
66789091
67317747
67814307
68343298
68907146
60885065
60885001
60885239
60885996
60886119
60884998
60886079
60885401
60884913
60886263
60886366
60885607
60885137
60886438
60885574
60886359
60885430
60885767
60886518
61062281
61525346
62054106
62616995
63179824
63743481
64305017
64869217
65432257
65995417
66557449
67120801
67684345
68244904
68809008
60886226
60887312
60886483
60887260
60887320
60887216
60886128
60886488
60887369
60886480
60887444
60886976
60886531
60886841
60887609
60886488
60887585
60887705
60886523
61030093
61527331
62055041
62552155
63082346
63610804
64173780
64736540
65299564
65863140
66425276
66988106
67551860
68147724
68711756
69272964
60886854
60888089
60887944
60886915
60887334
60888287
60887115
60888351
60887723
60888211
60888396
60887395
60888460
60887795
60887214
60888564
60887163
60888612
61031087
61560473
62123715
62686388
63249036
63811812
64374588
64937556
65466575
66029479
66593188
67155239
67718375
68280439
68844423
60904629
60889312
60888430
60889324
60888131
60889367
60888726
60888711
60888489
60889342
60889490
60889630
60888838
60889078
60888657
60889703
60888590
60889877
60888958
61032237
61595510
62123191
62685903
63248799
63812704
64374015
64937391
65534440
66096583
66659895
67256056
67818503
68414728
68945520
60889184
60889502
60890185
60890353
60890300
60889271
60889777
60890439
60890557
60889401
60890613
60890116
60889332
60890784
60889535
60890907
60891007
60889927
60890952
61166027
61662695
62190455
62754471
63317031
63879879
64442583
65005551
65568591
66131847
66693946
67255847
67853863
68414535
68978278
60890879
60891227
60891433
60890269
60890309
60891478
60890656
60891381
60891566
60891446
60890433
60890916
60891809
60890470
60891678
60890636
60891113
60890705
60891925
61134773
61662837
62225005
62787336
63350237
63912798
64477766
65039782
65568616
66131848
66695200
67257208
67820683
68382784
68946515
60892741
60891665
60892356
60892568
60892497
60891358
60892102
60891889
60892682
60891622
60892791
60892100
60891620
60892903
60891668
60893053
60892281
60892886
60891806
61134905
61696938
62260375
62822639
63383879
63948799
64511767
65073847
65636831
66199972
66629852
67193100
67756636
68317812
68881430
60908530
60893503
60892279
60893641
60892266
60893630
60892901
60894061
60892504
60894112
60892517
60892957
60893838
60892845
60893798
60893029
60892901
60893985
60893136
61235572
61731547
62260364
62822909
63385832
63948984
64513192
65075329
65638321
66201481
66764833
67326841
67890337
68452345
69014977
60893735
60894554
60893839
60894074
60894808
60893872
60894905
60893776
60894961
60894288
60894856
60893843
60894928
60893856
60894304
60894676
60895280
60894681
60894264
61269295
61798359
62360455
62922847
63486146
64049066
64613186
65176251
65738259
66301419
66864771
67426707
67990275
68552290
69116090
60894378
60895615
60894535
60894991
60894783
60895880
60894631
60895888
60896115
60895276
60895388
60895519
60895188
60896005
60895188
60896021
60896292
60895196
60896221
61104478
61633542
62196694
62725350
63288078
63851822
64413398
64976365
65540550
66103782
66667150
67227926
67791398
68353416
68951574
60895489
60895958
60895377
60896792
60896836
60896783
60896960
60896087
60896124
60896909
60895980
60896973
60897228
60896212
60897160
60895948
60897092
60897277
60897372
60914049
61322345
61885641
62446935
63009470
63572866
64135695
64698479
65295552
65859024
66420195
66983168
67546842
68143016
68705512
69267915
60915225
60915911
60915736
60917087
60915886
60917169
60916580
60916185
60917341
60916228
60917571
60916762
60917563
60916517
60921573
60921635
60920827
60921679
60965068
61495381
62023148
62586221
63115156
63712205
64275005
64837973
65401005
65963269
66525036
67088439
67651924
68213991
68744599
69307909
60921433
60921963
60922132
60921121
60922325
60921489
60922215
60922459
60921007
60922552
60921749
60922483
60921575
60922539
60921754
60921757
60922686
60921840
61000397
61462207
61991119
62553008
63116240
63680216
64208863
64771776
65235527
65765840
66294776
66859296
67420088
67984800
68546896
69110704
60923381
60922506
60923672
60922767
60923766
60922557
60923873
60923069
60923760
60922605
60923797
60923842
60923109
60923926
60922885
60924185
60923488
60922856
60967836
61431223
61959182
62555535
63118695
63681471
64242986
64806097
65368994
65932249
66494281
67091847
67654207
68216241
68779790
69376247
60924675
60924648
60924800
60924000
60924873
60923819
60924907
60923711
60924231
60924863
60923791
60924911
60923847
60924487
60923823
60925136
60924026
60924418
60969713
61398814
61927944
62457009
63019415
63582871
64145991
64708752
65272152
65834825
66396969
66928506
67456321
68019857
68617753
69178650
60924815
60926161
60925315
60926301
60925403
60926356
60925579
60925350
60926642
60925537
60925398
60925838
60926631
60925758
60926671
60925890
60925842
60926875
60970180
61433269
61996702
62558566
63087357
63650392
64213264
64776160
65339133
65902293
66464301
67027677
67591221
68153037
68751190
69313318
60926357
60927424
60926079
60927566
60926976
60927579
60927823
60926744
60927648
60927621
60927822
60927296
60927848
60926699
60928347
60926771
60927270
60928122
60971612
61468033
61996783
62558719
63121999
63684780
64281773
64844741
65407773
65969757
66532965
67095077
67658951
68220551
68784591
69380717
60927473
60928811
60928870
60927744
60928857
60927731
60928985
60928408
60928195
60928864
60929041
60928155
60929011
60929204
60928483
60928411
60929198
60929332
61006878
61502980
62031980
62559606
63122766
63719860
64282588
64845628
65341652
65904884
66466428
67029888
67593288
68188353
68753401
69314376
60929192
60929107
60929260
60929027
60930044
60930123
60929475
60928886
60930084
60928923
60928931
60930140
60929003
60929555
60930246
60930380
60929267
60930566
60929571
61304408
61833280
62395432
62958168
63521552
64083984
64647119
65244304
65707144
66204264
66667410
67164048
67693592
68256544
68786447
69348375
60931218
60930990
60929904
60931089
60931256
60930488
60931083
60929944
60931224
60931388
60930451
60930126
60931455
60930358
60931492
60930691
60930499
60931596
60974874
61503877
62034045
62561869
63124772
63721925
64184525
64748453
65277133
65874717
66435757
66998789
67596629
68158709
68721133
69283437
60931371
60931952
60932358
60932183
60931398
60931342
60932391
60931278
60932439
60931833
60932326
60931254
60932382
60932566
60931758
60932478
60931414
60931393
61008929
61505121
62068346
62597250
63093058
63656330
64219882
64782874
65311673
65874770
66438018
66966985
67529748
68092578
68656458
69219626
60933337
60932135
60932575
60933392
60932452
60932453
60933452
60932508
60933592
60932735
60933655
60932423
60932951
60932815
60933664
60933843
60933752
60933855
60933751
61242768
61771859
62299842
62862403
63424849
63989513
64552553
65114625
65677593
66240777
66769891
67333081
67896329
68457457
69022457
60933524
60933156
60933217
60933829
60933633
60933713
60934897
60934653
60933716
60934597
60934801
60933721
60934682
60933889
60935129
60934850
60934217
60935257
60933713
61209944
61738725
62302198
62864462
63427129
63990673
64553641
65114745
65677796
66240625
66805217
67367153
67930825
68492801
69056601
60934690
60935582
60934498
60935616
60934975
60935578
60935720
60935841
60935886
60934765
60935787
60934618
60935594
60935885
60935994
60935890
60934877
60935376
60936045
61144456
61640975
62169446
62732259
63294660
63857604
64421548
64984588
65547620
66110004
66639739
67201806
67765483
68327550
68891148
60935542
60935872
60936755
60935659
60936752
60935664
60936483
60936977
60937167
60936158
60936998
60937199
60936729
60936457
60937393
60937437
60936193
60937514
60936697
61046494
61575633
62137761
62700393
63264178
63826978
64389754
64918497
65481314
66045858
66607890
67170466
67700369
68197626
68728306
69290378
60941347
60941942
60940952
60942209
60941296
60942051
60940971
60942638
60942283
60941526
60942351
60941486
60942471
60941678
60941302
60942661
60941193
60942658
61053048
61582286
62111214
62638926
63169101
63698765
64262822
64791565
65355766
65884558
66447878
66976862
67540206
68069382
68634430
69162277
60943033
60943011
60943235
60942249
60943239
60942540
60943469
60942625
60942252
60942300
60943420
60942364
60942761
60943562
60943682
60942769
60943746
60943081
60920897
61350615
61879514
62408695
62904973
63401577
63965522
64494889
65056761
65621242
66150260
66713410
67276730
67839978
68402282
68966106
60957105
60943011
60943675
60944147
60944348
60943147
60944527
60943630
60944407
60943286
60944489
60944530
60943998
60944518
60944694
60943390
60943526
60944153
60944758
61153152
61716566
62244475
62808219
63369619
63932731
64495562
65058210
65621123
66184355
66747979
67310147
67873349
68469515
69032147
60944467
60945429
60944593
60945442
60944785
60944225
60945677
60944564
60945698
60944761
60944583
60945786
60944593
60946016
60945821
60945865
60945057
60945858
60946081
61253825
61716723
62245241
62809337
63337752
63900385
64464473
64993024
65556569
66120529
66683126
67211744
67775086
68337438
68902230
60945367
60945407
60946421
60945392
60946105
60946059
60945571
60946879
60945507
60945579
60945702
60946403
60946075
60946948
60946083
60947063
60946270
60946171
60947124
61122495
61651295
62213256
62777304
63305519
63868367
64431128
64994128
65557239
66120399
66683751
67245672
67809184
68371327
68935207
60946385
60947032
60947607
60946570
60947655
60947951
60946546
60948011
60947274
60948101
60948141
60947906
60948075
60947253
60947530
60946941
60948325
60948323
60947117
61024335
61554781
62082541
62645597
63174412
63737613
64300141
64864349
65427381
65956196
66518415
67081700
67645244
68207252
68771060
69333084
60948541
60948658
60948646
60947818
60947530
60948755
60947562
60948739
60947637
60948261
60948896
60949081
60948885
60949113
60948413
60949512
60947917
60949045
61058399
61555811
62083491
62645531
63209635
63738486
64301386
64864413
65427386
65990474
66552410
67016666
67580627
68143411
68707147
69269219
60949720
60948595
60949879
60948507
60948686
60949126
60949449
60949038
60950050
60949249
60949399
60949270
60949126
60950231
60949126
60950330
60950382
60949758
60927451
61357719
61886679
62415526
62977990
63541374
64104222
64667209
65230233
65792182
66355258
66918610
67480734
68044663
68607447
69171247
60949928
60950696
60950069
60950781
60949677
60950920
60950982
60950061
60951027
60949939
60951032
60951217
60950555
60950013
60951270
60951349
60951165
60951393
60950149
61358244
61821308
62383829
62813436
63377488
63940192
64503040
65066008
65629040
66190984
66754264
67316151
67913464
68474976
69038847
60950959
60951840
60950698
60952057
60951467
60952003
60950880
60952240
60952243
60951443
60952228
60951459
60952243
60952393
60951795
60952406
60951224
60952435
60952620
61294651
61789314
62352680
62880559
63443704
64008152
64571144
65098943
65662018
66225248
66789640
67351672
67915216
68477152
69041024
60952141
60952214
60953079
60953073
60953215
60952094
60953183
60953358
60952494
60953303
60952390
60953447
60953479
60953567
60953705
60952625
60953666
60952753
60953553
61030991
61526194
62055058
62617106
63179922
63743989
64306789
64869829
65432861
65995973
66558053
67121405
67684949
68247013
68810781
69372789
60952743
60954174
60954096
60954256
60953376
60954415
60953371
60954436
60953720
60953008
60954532
60953368
60954537
60954032
60953544
60954751
60953707
60954633
61098291
61561463
62089495
62651031
63214479
63777306
64340015
64937071
65498935
66062231
66625398
67221775
67783999
68380383
68942807
60954250
60954195
60955150
60955303
60955319
60954206
60955434
60954638
60954078
60955535
60954214
60955543
60954865
60955454
60954374
60955561
60954497
60955044
60955873
61164588
61693433
62256674
62819450
63382098
63944578
64506410
65069722
65632434
66195866
66758874
67320833
67918794
68479514
69043265
60956204
60955467
60956327
60955294
60956506
60955836
60956484
60956660
60956756
60956767
60955967
60956693
60955916
60956765
60955996
60955724
60956965
60955852
60957181
61332041
61826968
62390193
62952609
63516001
64077465
64607400
65204777
65765569
66329897
66759928
67321936
67885409
68447689
69011104
60956648
60957334
60957502
60957431
60956838
60956345
60957725
60956417
60957730
60957212
60957700
60958003
60957772
60956684
60957116
60957952
60957052
60957349
60957239
61298764
61862021
62389780
62952460
63515645
64078572
64641335
65204928
65766533
66330933
66894285
67456298
68019826
68581538
69145634
60958460
60957395
60958583
60957942
60958502
60958662
60958666
60957521
60958201
60962212
60963685
60962284
60963693
60963039
60963620
60962524
60963719
60963845
60941416
61338818
61867834
62396602
62959314
63488473
64051341
64615386
65143257
65706498
66270554
66832594
67295457
67825873
68388346
68952770
60977121
60963145
60963761
60964433
60964508
60964388
60964550
60963598
60964834
60963366
60963734
60964623
60964214
60963625
60964954
60963638
60964946
60964166
60964806
61173239
61736434
62265434
62793956
63356441
63919409
64481921
65079378
65642434
66204354
66767634
67329593
67927554
68489514
69052146
60964648
60965199
60965276
60965264
60964471
60964567
60965602
60965560
60964578
60965650
60964421
60965117
60965570
60965950
60964434
60965835
60965114
60965789
60966161
61275129
61769915
62300347
62828394
63390867
63953987
64516491
65080699
65609477
66172426
66736114
67298122
67861522
68423482
68987365
60965515
60965893
60965707
60966435
60966655
60965390
60966668
60966718
60966150
60966713
60966847
60965734
60966823
60966046
60965918
60967015
60965969
60967282
60966350
61143559
61672311
62234543
62797207
63359895
63922695
64485399
65048143
65544119
66108503
66671599
67233903
67797151
68358215
68921935
60966351
60966648
60966504
60967660
60966795
60967838
60967814
60967065
60967842
60966934
60967215
60968129
60967057
60967994
60966969
60968079
60967201
60968006
60968250
61209652
61773314
62301252
62864587
63427576
63990417
64554094
65116161
65646193
66142099
66706496
67267264
67831217
68393160
68956574
60967902
60967990
60968571
60968787
60968660
60968361
60967585
60968983
60968841
60967710
60968158
60968346
60967782
60968985
60969102
60968302
60969170
60969358
60969210
61343477
61839358
62369646
62897717
63461523
63990138
64553882
65115675
65680043
66208978
66772363
67335507
67864634
68426691
68990587
60968722
60968990
60969142
60969927
60970030
60969985
60970269
60969425
60969428
60970325
60970345
60970161
60970405
60969516
60970257
60969279
60970487
60970497
60969769
61112722
61610014
62137773
62666917
63229742
63726806
64256182
64819317
65382069
65945510
66507446
67072062
67635534
68197614
68761350
69322238
60970101
60970164
60970003
60970895
60970169
60970062
60970983
60969905
60971006
60971271
60970462
60970249
60971199
60971310
60971190
60971383
60970438
60971353
60981844
61444843
61973459
62536747
63099835
63628298
64159083
64621867
65118061
65615995
66145219
66675107
67238427
67767603
68329683
68894675
60986986
60971490
60970829
60972401
60972179
60971056
60971504
60972380
60972433
60972524
60971243
60972532
60971883
60971112
60972636
60971400
60972764
60972064
60972688
61248445
61709908
62238788
62801549
63365373
63927853
64456628
65019668
65582957
66147053
66709229
67272413
67801612
68363639
68927420
60985844
60972456
60971760
60973132
60972995
60971982
60972379
60973239
60972395
60973287
60972451
60972366
60973564
60972366
60973468
60972811
60972310
60973572
60972446
61248686
61777532
62273331
62837084
63365499
63928476
64492220
65020963
65584868
66114011
66677740
67240356
67769851
68332123
68863828
69359788
60973249
60974097
60973001
60972929
60974322
60974473
60973588
60974729
60974565
60973537
60974455
60974589
60973767
60973855
60974599
60974768
60974876
60974671
60974797
61315549
61845749
62373772
62935925
63499381
64063397
64626365
65154439
65718301
66281533
66844885
67406893
67936073
68498121
69061993
60974321
60975207
60974085
60975166
60974005
60974429
60975265
60974499
60975404
60975624
60974544
60975505
60974664
60975596
60975171
60974539
60975721
60974659
60975980
61316621
61846821
62374629
62938309
63433917
63930237
64460229
65024165
65552900
66117325
66645556
67208389
67773173
68300764
68864957
60975184
60975467
60975539
60976273
60976579
60975756
60976432
60975504
60976521
60975710
60976076
60976766
60975686
60976740
60975729
60975726
60976823
60976022
60975801
61186547
61714430
62243630
62807310
63369894
63898325
64461293
65024261
65587206
66150334
66714030
67275766
67840254
68368173
68931877
60990378
60977518
60976603
60977666
60976481
60977663
60977044
60977641
60976494
60978102
60976542
60976934
60977869
60976926
60977825
60977887
60977102
60977110
60977967
61285875
61814787
62344082
62907467
63435787
63999875
64528554
65091394
65654651
66218707
66747965
67309699
67874627
68402442
68966091
60977419
60977579
60977710
60978023
60978738
60977473
60978642
60977833
60977569
60978861
60977697
60978914
60977761
60977684
60978997
60978969
60978916
60979173
60978444
61188763
61684742
62212432
62776532
63304947
63867580
64430428
64993396
65556428
66120852
66684132
67246140
67809756
68371820
68935516
60978711
60978371
60979035
60979774
60979763
60979587
60980091
60978582
60978971
60979966
60980015
60980047
60979094
60979935
60980169
60979305
60979474
60980297
60980305
61056399
61586905
62114521
62677793
63206728
63770433
64299136
64862248
65425481
65989609
66517224
67080768
67644169
68207489
68771225
69333025
60980903
60980018
60981258
60980895
60980907
60980151
60979935
60981099
60979986
60981179
60980370
60980386
60981254
60980290
60981347
60981410
60980640
60981323
61025787
61488668
62016364
62579804
63108739
63671748
64235441
64798433
65361393
65924553
66452539
67015617
67479769
68009184
68571321
69134849
60981671
60980609
60981929
60980977
60980764
60981997
60980868
60982061
60981383
60982015
60981427
60982602
60987578
60986837
60987571
60986802
60987710
60987949
60965056
61395752
61923471
62486840
63015127
63578368
64142456
64705352
65268480
65830488
66359159
66922847
67484783
68048624
68610560
69174432
60988148
60986998
60988260
60987697
60988465
60988505
60988429
60988498
60988577
60987764
60988747
60987721
60988597
60987753
60987756
60988723
60987796
60988736
60966474
61428708
61891595
62420604
62885172
63413516
63977642
64540418
65069089
65632106
66195410
66758930
67321906
67885450
68447386
69011282
60988307
60988377
60989233
60988137
60989439
60989628
60988468
60989557
60988444
60989688
60988628
60988500
60989653
60988532
60988535
60989869
60988932
60988703
60989861
61198264
61727438
62290478
62853254
63381734
63944302
64507350
65070182
65600070
66163278
66727033
67288638
67853422
68415430
68979254
61003374
60990616
60989714
60990585
60989456
60989261
60990713
60989552
60990000
60990726
60989893
60990857
60990102
60989688
60990141
60989848
60991038
60989917
60991049
61100684
61596449
62158326
62687757
63250969
63814510
64377342
64940414
65503382
66066542
66628550
67157445
67721161
68283246
68848174
69410254
60991437
60991758
60991687
60991794
60990910
60990782
60991967
60990833
60991951
60991022
60991878
60990806
60992465
60990870
60991326
60992119
60992353
60992167
61101288
61597417
62126488
62688640
63251737
63815660
64377196
64941404
65504436
66067652
66562227
67125556
67689100
68251401
68814865
69378233
60992004
60992511
60992790
60992659
60991530
60992848
60992901
60992101
60992894
60993069
60993001
60992517
60991893
60993134
60992037
60993214
60992621
60992040
61003803
61433259
61996273
62524225
63088025
63651396
64214004
64777236
65340196
65903428
66465364
66994475
67590820
68154364
68718100
69279204
60993774
60993152
60993957
60992885
60993956
60994093
60993157
60994381
60992837
60993981
60992893
60993533
60994069
60994297
60993365
60994149
60993045
60993605
60971168
61401382
61964447
62526647
63054982
63618626
64181402
64744063
65308263
65870047
66334335
66863319
67425470
67988966
68585199
69081790
60995080
60994050
60994913
60994005
60995057
60994320
60993760
60995145
60993904
60995193
60994480
60995179
60994048
60995235
60994096
60994779
60995304
60995472
60995352
61270269
61799779
62362859
62890978
63453459
64017179
64581211
65143219
65671866
66235138
66798562
67360427
67924387
68487291
69051115
60994954
60995702
60994888
60996177
60996091
60996323
60995134
60995102
60996230
60995150
60995606
60996474
60995633
60996569
60995888
60995184
60996649
60996512
60995719
61337395
61900692
62363868
62893004
63455620
64018468
64582132
65144300
65707268
66269252
66832540
67394500
67958246
68554348
69118220
60996135
60997091
60996125
60997294
60996314
60997154
60996074
60997312
60997509
60996616
60997489
60996560
60997494
60996728
60996549
60997625
60996592
60997769
60975305
61438940
61900587
62429604
62993332
63522491
64086436
64614915
65177108
65740172
66304572
66833699
67396876
67927348
68456340
68985772
60997114
60997306
60998146
60996999
60998386
60997386
60997619
60998529
60997453
60998454
60997661
60997913
60997357
60997872
60998716
60997765
60998745
60997885
60997741
61175380
61703196
62266372
62761555
63324364
63888353
64451129
65013801
65542640
66105784
66667945
67231649
67795265
68356929
68921993
60998186
60998582
60999393
60999578
60998657
60999724
60999752
60998697
60998316
60999714
60999609
60998556
60998993
60999770
60998929
60999850
60999065
60998761
61000018
61241289
61770523
62332764
62896276
63458892
63987638
64550734
65113692
65676244
66240700
66804020
67364788
67928532
68490676
69054140
60999604
60999358
60999369
61000543
60999494
61000730
60999809
60999516
61000906
61000697
61000933
61000335
61000938
61001055
61001167
61001084
61000132
61001085
61001367
61343135
61805111
62334102
62896159
63459183
64022863
64585359
65148727
65677567
66175583
66704639
67266790
67830417
68392174
68956105
61014381
61000311
61000983
61001487
61001691
61000749
61001702
61000874
61000602
61001859
61000746
61001974
61001229
61001877
61001171
61002338
61000794
61001309
61002043
61311199
61772506
62301434
62864223
63426946
63990018
64553762
65116794
65612481
66109386
66638361
67203002
67765330
68327266
68891209
61001456
61001909
61002659
61002760
61002664
61002841
61002120
61002795
61001664
61002792
61002960
61002168
61003004
61002040
61003068
61002608
61001904
61003209
61002048
61278198
61807051
62369302
62931379
63527852
64091908
64653708
65215636
65778675
66341982
66905283
67467291
68030835
68592702
69156475
61003498
61002681
61003396
61002543
61003092
61003660
61003917
61002834
61003923
61002730
61003314
61002898
61004059
61004179
61003058
61003566
61003002
61003482
61003485
61214034
61708781
62271970
62834754
63364282
63859705
64423722
64952380
65549650
66078497
66640618
67205210
67734457
68296431
68861527
69389134
61003898
61005142
61003954
61005118
61004669
61004037
61005337
61004173
61005393
61005272
61005374
61004437
61005336
61005462
61004357
61005446
61005541
61004960
61016830
61446537
61975409
62537537
63065667
63629121
64192385
64756201
65284936
65846873
66410105
66974697
67502432
68065977
68629225
69158680
61005639
61006087
61005939
61005463
61004818
61006166
61006045
61004874
61005370
61006155
61005378
61006203
61005778
61005189
61006438
61005274
61006451
61005514
61017846
61479694
61975182
62504302
63033829
63597142
64161182
64689997
65253222
65816134
66345093
66908445
67470310
68035190
68597262
69160998
61005685
61006018
61006888
61006255
61007067
61006389
61007147
61006779
61006075
61006238
61006510
61007468
61006059
61007612
61006363
61007638
61007963
61006331
61007179
61007595
61006435
61007211
61117161
61514804
61910622
62373620
62803708
63234412
63665820
64096444
64491859
64923916
65320772
65717358
66214132
66711372
67075067
67538027
67970492
68466340
68995987
69606148
61008288
61007047
61007882
61007698
61007882
61007770
61008026
61007914
61007786
61007386
61007282
61007437
61008083
61008021
61007554
61008787
61014811
61014843
61013978
61014018
61290924
61753436
62215108
62711246
63208516
63704876
64201611
64698307
65128107
65626396
66023252
66452918
66885084
67280579
67746220
68108598
68572748
68905135
69333628
61014518
61015599
61015086
61016030
61015711
61015041
61014401
61015721
61015052
61014564
61015876
61016239
61015948
61016045
61015308
61015551
61015172
61014988
61016175
61015476
61016660
61016492
61015796
61016488
61224807
61689045
62151885
62547421
62911716
63343253
63772608
64236191
64732991
65230253
65593700
65991437
66455589
66885477
67216293
67546575
68012253
68474029
68938567
69435621
61016127
61016296
61016416
61016347
61017217
61017257
61017303
61017227
61016251
61016224
61016256
61016339
61017600
61017505
61017593
61017548
61017499
61017472
61016440
61016392
61029103
61424597
61887399
62384957
62879824
63376308
63907282
64402585
64932877
65463762
65926649
66456706
66952634
67449018
67946090
68441892
68974010
69616058
61018196
61018356
61018555
61018562
61017546
61017559
61017303
61018547
61017517
61018770
61017490
61018626
61017949
61018843
61017666
61018234
61017690
61019067
61018931
61017706
61019133
61030332
61426098
61856930
62286522
62715554
63146490
63577906
63973466
64370890
64834682
65332922
65761417
66258442
66722721
67219834
67650018
68113218
68542345
69007098
61034486
61019465
61019532
61019615
61018539
61019831
61019523
61018899
61018862
61019718
61019054
61018950
61019473
61018844
61019894
61019118
61020023
61020159
61020191
61020129
61019617
61019762
61020358
61020361
60998492
61262799
61559446
61890560
62253495
62617431
62981503
63312930
63677257
64042194
64372266
64672026
65100706
65498394
65862098
66260194
66624834
67022906
67485674
67950050
68345954
68643306
68942995
69339690
61020069
61020955
61019829
61021131
61020090
61021298
61020643
61021378
61021262
61020568
61020021
61020421
61021497
61021469
61021632
61021681
61020280
61021686
61021477
61020597
61020949
61021798
61020808
61020501
61196856
61528943
61891662
62288031
62718447
63149911
63580719
64009263
64507239
64937911
65434903
65896838
66393550
66858903
67255631
67719183
68181678
68678815
69142551
61021290
61022282
61021786
61022346
61021293
61022475
61022458
61021586
61022667
61021858
61022635
61022138
61022846
61022790
61022749
61021805
61022982
61022968
61022189
61023197
61023005
61023249
61023528
61022024
61000634
61397093
61794243
62223611
62720795
63183963
63681555
64143851
64640779
65137915
65634763
66097538
66593330
67057723
67554755
68019131
68480885
68945493
69441330
61023666
61022821
61022773
61023921
61022816
61024040
61023993
61022984
61024136
61024316
61022928
61024372
61023304
61023003
61024320
61023016
61024364
61023499
61023312
61024032
61024476
61024620
61023728
61135077
61465891
61828546
62225339
62622115
63019003
63416339
63813906
64245659
64642123
65039123
65371731
65669267
65967907
66265467
66563131
66860738
67192299
67488947
67788130
68119016
68416248
68715255
69047224
69377888
61025342
61024713
61025407
61025415
61025476
61025516
61025590
61025673
61024694
61024697
61024945
61024665
61024684
61025810
61025906
61025385
61024833
61024729
61025970
61026125
61025540
61025343
61025423
61026159
61026276
61026389
61333919
61731631
62095591
62458383
62788854
63153233
63583866
63981098
64445442
64875161
65373106
65836018
66298649
66762954
67258922
67756353
68286402
68784098
69280058
61026725
61026083
61026898
61025694
61026193
61027015
61026180
61027028
61026439
61027229
61025916
61026556
61027711
61026428
61027485
61027764
61026327
61026660
61026276
61027420
61027605
61027007
61027749
61027824
61104986
61335386
61601074
62030370
62492994
62922841
63419261
63950293
64479941
65009853
65505727
66036176
66565232
67063248
67558192
68056472
68518144
69016296
61027153
61026939
61026867
61027291
61027043
61028426
61028340
61027164
61028345
61028493
61028570
61028594
61028473
61027732
61028733
61028829
61027583
61028749
61028700
61028948
61027708
61029029
61029048
61171372
61634191
62063973
62559885
63057573
63554832
64049760
64546152
65043218
65539999
66036986
66566520
67030154
67526247
68023738
68519503
69018360
69481160
61028955
61029698
61029591
61030022
61028900
61028761
61029617
61028857
61029754
61028569
61029329
61028553
61029944
61030025
61030074
61028977
61030021
61030476
61030181
61030226
61030033
61028905
61029444
61030325
61030188
61172718
61470413
61835557
62263908
62727237
63157637
63588293
64017884
64481685
64946725
65410517
65873357
66303004
66767308
67231093
67661468
68124509
68588389
69053021
69628957
61029962
61031187
61031237
61030349
61031349
61031174
61030325
61031441
61030533
61031345
61031440
61030589
61031333
61031510
61031550
61030605
61030360
61031520
61030864
61031622
61030517
61031656
61030709
61031006
61031913
61240490
61604059
62033781
62497158
62961219
63424739
63887237
64383750
64881795
65211234
65676323
66107243
66535802
66999987
67429986
67894550
68358227
68788306
69251331
61032172
61031599
61031854
61032423
61032310
61031289
61032441
61031593
61031430
61032958
61031974
61032751
61032550
61031521
61032716
61031932
61032920
61032948
61032903
61032268
61033016
61033144
61032212
61109290
61473197
61902837
62332902
62763118
63194646
63590933
64020746
64385531
64718035
65048523
65380163
65676613
66008643
66306002
66636939
66935699
67232866
67564771
67896003
68260571
68623467
68955290
69353339
61033242
61032913
61033796
61033828
61033876
61033198
61032862
61032878
61033999
61034186
61032902
61032942
61033892
61034212
61034364
61033868
61033156
61034439
61034636
61033311
61034509
61033772
61034704
61034752
61034039
61077877
61375517
61674328
62069600
62466746
62898096
63328472
63757984
64222715
64652206
65116299
65546139
65976610
66440811
66870771
67300626
67766171
68194715
68624642
69090299
61034224
61034072
61035364
61034555
61035755
61035293
61035534
61035604
61034304
61035636
61035115
61034651
61035115
61034603
61034622
61035710
61034643
61035884
61035958
61035852
61035294
61035996
61035867
61036123
61035998
61178419
61542706
61972322
62435888
62832357
63264032
63693301
64124331
64520714
64951387
65416432
65879344
66343264
66806480
67269048
67734664
68163218
68626178
69090752
69634872
61035763
61036850
61035622
61036158
61036815
61036982
61037329
61036116
61037021
61036244
61037169
61037265
61036012
61037084
61037197
61037381
61037341
61036159
61036516
61036823
61015750
61411709
61841252
62303767
62733828
63197687
63562108
64092293
64588103
65118805
65548324
66012781
66509573
67005917
67535045
68031885
68562173
69092917
61054939
61038030
61037464
61037227
61037920
61038113
61038200
61036736
61038172
61038284
61037051
61037507
61037771
61037051
61038399
61038540
61037587
61038422
61038628
61037710
61412861
61916173
62411509
62940439
63504237
64032580
64596733
65125463
65688437
66252789
66714317
67278981
67808151
68370509
68935405
69463215
61045944
61044815
61045837
61045983
61045348
61044623
61045933
61044796
61044740
61046029
61046165
61045644
61045372
61046108
61046344
61046300
61046794
61046336
61046464
61255900
61752385
62247016
62776712
63306240
63835921
64365808
64895736
65425587
65989977
66519001
67049225
67578233
68107873
68636560
69201406
61046208
61046931
61047036
61045859
61046983
61047146
61046257
61046374
61046337
61047537
61047368
61047340
61047244
61047464
61047580
61046855
61046308
61047512
61046367
61090521
61553346
62049265
62578289
63140946
63671140
64235290
64764044
65327421
65890266
66419057
66982546
67511596
68076242
68603905
69167917
61047083
61048026
61047105
61048097
61048210
61048146
61048266
61048290
61047828
61047500
61047097
61048349
61048498
61047292
61048453
61048586
61047849
61047721
61048457
61058833
61522835
62017435
62547803
62976861
63506426
64070515
64598995
65128835
65658914
66223235
66752363
67281373
67846027
68373739
68937539
69466587
61047908
61049095
61047966
61049086
61049314
61048895
61048572
61049257
61049434
61048577
61049404
61049610
61048777
61048745
61049540
61049658
61048785
61048420
61049741
61423581
61886877
62416821
62946189
63474405
64004076
64567317
65131109
65659845
66156893
66619804
67184101
67713679
68275605
68840653
69368703
61050355
61049417
61050223
61050398
61050222
61050450
61049870
61049700
61050377
61050570
61049345
61049396
61050578
61050821
61049697
61049913
61050657
61050877
61050921
61325802
61822434
62317042
62846857
63376385
63905945
64470034
64998706
65562978
66092186
66655090
67184562
67714537
68277978
68807297
69369834
61051321
61050576
61051259
61051404
61050486
61051393
61051717
61051089
61050860
61051545
61051730
61051889
61051633
61051802
61051969
61051121
61051009
61051345
61050697
61194364
61723757
62219557
62748165
63278189
63808028
64371997
64900741
65430788
65995045
66523232
67052932
67616325
68145716
68708893
69238324
61052426
61052563
61052438
61052599
61051366
61051897
61051897
61052617
61052649
61051977
61051540
61052786
61052986
61051969
61052841
61052989
61053428
61052929
61051833
61053146
61228648
61725782
62187525
62716237
63279589
63843566
64406294
64934965
65497990
66061502
66624478
67153365
67717374
68279254
68844086
69406158
61053511
61052901
61052634
61053490
61053726
61052546
61053003
61052434
61053018
61052602
61053763
61053955
61052554
61053990
61053050
61053205
61053874
61054123
61054181
61295676
61825896
62353655
62916632
63479403
64041847
64604810
65167399
65764872
66328032
66890416
67452282
67916528
68478639
69042482
61053681
61053691
61053755
61054826
61053897
61054961
61055053
61054321
61054284
61055149
61055228
61054220
61054556
61054356
61055215
61055357
61054412
61055284
61055477
61054144
61363057
61893354
62422458
62950377
63513185
64075818
64639482
65202994
65765930
66327850
66892442
67454450
68018018
68580026
69143826
61054699
61055098
61054671
61056230
61055218
61056066
61056187
61055450
61055250
61056179
61055026
61055170
61056410
61056371
61055621
61055680
61055165
61056529
61056737
61100880
61530579
62026499
62455498
63019035
63547682
64110970
64675107
65237107
65798995
66363331
66926683
67488691
68052259
68613371
69176618
61055861
61057193
61056190
61057370
61057486
61056726
61056193
61057383
61056222
61056209
61057506
61056345
61056921
61056814
61056830
61056638
61056353
61058086
61057703
61067770
61563743
62060704
62555647
63085032
63616616
64146264
64676248
65204144
65735200
66265304
66795600
67324480
67820695
68383992
68914016
69409295
61058154
61057487
61058231
61056998
61057438
61057630
61057305
61058265
61058378
61057684
61057657
61057265
61058468
61058610
61058565
61057649
61057716
61057884
61057604
61058708
61333746
61796531
62292322
62823043
63352659
63848058
64377842
64907634
65437802
66000818
66597123
67160499
67722731
68284667
68848467
69410624
61058618
61059160
61059345
61058163
61058062
61059455
61059492
61058278
61058723
61059588
61058483
61059732
61059598
61058979
61059611
61059804
61059683
61059774
61059883
61059903
61235621
61764332
62326197
62890165
63452733
63981164
64544119
65107100
65670191
66233589
66797837
67359845
67889165
68452341
69016093
61059237
61059709
61060320
61059563
61060452
61059627
61060526
61060643
61060604
61059899
61060678
61060838
61060826
61060374
61060798
61059726
61060862
61060975
61061106
61403021
61831685
62261253
62758437
63221260
63718087
64214487
64711463
65208589
65605124
66103341
66565012
67062093
67558172
68089829
68584413
69116173
61060373
61061603
61061014
61060918
61061161
61060958
61060998
61060670
61060681
61061798
61061822
61062029
61061983
61062087
61062242
61062135
61062290
61062279
61062247
61062263
61039284
61436263
61899135
62429349
62924237
63453909
63984869
64447116
65011373
65540181
66071525
66600533
67129364
67659020
68223221
68752589
69314733
61061667
61062802
61063038
61063073
61063104
61062184
61062576
61062435
61061984
61063128
61062585
61063249
61063332
61063281
61063248
61063296
61062163
61062440
61062680
61062720
61206262
61670094
62166014
62660561
63191918
63721606
64217232
64747104
65311310
65840262
66336080
66866366
67395318
67926008
68454728
69019822
61078940
61062761
61063548
61063444
61063252
61064228
61064036
61064119
61064119
61063701
61064229
61064325
61064445
61064376
61064340
61064367
61064375
61063736
61064672
61063426
61063415
Peak: 69670030
Average: 61897809.823423676
