0
76540
76605
76638
76668
77089
77121
77155
77186
77283
77314
77346
77378
77411
77442
77475
78097
77601
77667
77698
77730
77762
77794
77828
77859
77954
77986
78018
78050
78084
78114
78146
78179
78274
78306
78338
78370
78402
78433
78468
78650
78626
78660
78690
78722
78754
78786
78819
78850
78882
78914
78946
78979
79106
79138
79170
79204
79235
79267
79299
79330
79362
79394
79426
79610
79586
79619
79651
79682
79714
79747
79778
79810
79843
79874
79906
79938
80098
80130
80164
80195
80227
80259
80291
80323
80356
80387
80419
80452
80483
80515
80547
80730
80740
80772
80805
80836
80868
80900
80933
80964
80995
81027
81059
81092
81124
81155
81187
81219
81411
81444
81476
54269
Peak: 121000
Average: 78253.34513274336
