0
147055
151909
151965
151997
152139
152277
152203
152267
152387
152501
152532
152565
152598
152628
152661
152587
152790
152715
152854
152779
152916
152843
152981
153013
153110
153035
153067
153204
153238
153163
153302
153227
153430
153460
153493
153525
153557
153483
153620
153547
153780
153707
153739
153771
153827
153859
153867
153923
153955
153963
154101
154027
154261
154187
154243
154251
154389
154421
154347
154379
154517
154549
154581
154507
154868
154691
154932
154755
154869
154795
154827
154859
154891
155029
154955
154987
155253
155179
155317
155243
155299
155331
155339
155477
155403
155541
155573
155605
155637
155669
155701
155627
155893
155843
155851
155907
155915
155947
155979
156011
156149
156181
156213
156139
156195
156309
156341
156267
156459
156491
156756
156661
156693
156619
156756
156683
156715
156853
156779
156811
156867
156875
157013
157045
156971
157003
157035
157067
157259
157291
157323
157355
157387
157419
157451
157483
157621
157547
157579
157717
157643
157675
157707
157972
157795
157803
157835
157867
158091
157813
82552
Peak: 261868
Average: 153532.25657894736
