0
216059
257866
257898
257954
261465
261443
261475
261612
261708
261635
261691
261699
261785
261870
262028
261881
261923
262011
262041
262073
262157
262316
262115
262201
262298
262331
262361
262444
262425
262458
262459
262467
262563
262595
262682
262714
262797
262828
262755
262892
263021
262947
262979
263065
263043
263131
263163
263163
263225
263203
263235
263267
263501
263481
263483
263598
263629
263611
263694
263852
263758
263791
263715
263747
263930
263907
263939
264079
264059
264091
264067
264207
264237
264396
264302
264251
264494
264419
264451
264507
264572
264547
264685
264611
264643
264783
264813
264739
264878
264803
264835
264867
265084
265167
265324
265123
265155
265187
265219
265251
265339
265315
265347
265379
265411
265467
265582
265507
265699
265731
265763
265795
265851
265915
265891
265978
265955
265987
266019
266158
266083
266115
266147
266285
266268
266243
266382
266363
266499
266639
266563
266701
266627
266659
266691
266830
266862
266787
267052
266851
266939
266939
266971
267034
267011
267043
267075
267107
267331
267471
267501
267451
267483
267491
267523
267555
267820
267643
267651
267739
267739
267747
267886
267811
267949
267899
267931
267939
268077
268027
268035
268300
268323
268355
268387
268419
268451
268591
268572
268547
268685
268717
268749
268675
268707
268739
268795
268827
268835
268867
268923
268931
269069
269101
269051
269166
269091
269229
269155
269242
269475
269531
269563
269571
269627
269868
269667
269699
269839
269763
269795
269933
269966
269997
270031
270063
270093
270019
270051
270083
270222
270202
270234
270211
270243
270275
270413
270445
270371
270403
270541
270467
270787
270819
270851
270883
270915
270947
270979
271117
271043
271075
271107
271139
271171
271203
271235
271267
271299
271331
271363
271395
271427
271459
271491
271523
271661
271587
271619
274075
271683
271715
271747
271779
271811
271843
271875
271931
272259
272291
272323
272355
272387
272419
272451
272483
272515
272547
272579
272611
272643
272908
272707
272739
272771
272803
272835
272867
272899
272931
272963
272995
273027
273059
273091
273123
273155
273187
273326
273359
273338
273423
273454
273487
273411
273443
273475
273740
273891
273923
273955
273987
274019
274051
274083
274115
274147
274179
274319
274243
274275
274307
274339
274371
274403
274435
274467
274499
274531
274669
274703
274627
274659
274691
274723
274810
274787
274819
274875
275116
274939
274947
274979
275011
275043
275075
275107
275139
275171
275203
275235
275267
275683
275715
275747
275834
275811
275843
275875
275907
275939
276077
276003
276035
276067
276099
276131
276163
276195
276227
276259
276291
276323
276355
276387
276419
276451
276483
276515
276547
276579
276666
276643
276675
276707
276739
276795
276803
276835
276867
276899
276931
276963
276995
277027
277059
277091
277123
277155
277187
277667
277699
277731
277763
277901
277851
277859
277891
277923
277955
278093
278019
278051
278083
278115
278380
278179
278211
278243
278299
278307
278339
278371
278403
278435
278467
278499
278531
278563
278595
278627
278659
278691
278723
278755
278787
278819
278851
278883
278915
278947
278979
279011
279043
279075
279107
279139
279171
279203
279235
279267
279299
279355
279363
279395
279427
279971
280003
280035
280067
280099
280155
280163
280195
280227
280259
280291
280323
280355
280387
280419
280451
280483
280515
280547
280685
280611
280643
280781
280707
280739
280771
280803
280835
280867
280899
280931
280963
280995
281027
281083
281091
281123
281155
281187
281325
281251
281283
281315
281347
281379
281517
281443
281475
281507
281539
281571
281603
281635
281667
281699
281731
281763
281795
281827
281965
281891
281923
281955
281987
282595
282627
282659
145495
Peak: 287667
Average: 270977.4419047619
