0
289139
414508
418840
419001
419245
419359
419285
419422
419437
419469
419584
419742
419596
419573
419605
419661
419757
419819
419797
419853
419966
419893
420031
420063
420077
420190
420117
420173
420205
420237
420269
420383
420479
420512
420491
420575
420606
420639
420565
420597
420958
420757
420895
420821
420853
420885
420917
420949
420981
421013
421045
421131
421205
421237
421269
421301
421333
421421
421397
421453
421461
421493
421758
421557
421685
421717
421749
421781
421813
421845
421877
421909
421941
421973
422005
422037
422303
422229
422261
422293
422349
422357
422389
422421
422453
422485
422517
422549
422814
422613
422645
422677
422837
422869
422957
422933
422965
422997
423029
423061
423093
423125
423181
423189
423221
423253
423285
423317
423509
423541
423573
423605
423870
423669
423701
423733
423765
423797
423829
423861
423893
423925
423957
423989
424021
424053
424085
424117
424309
424341
424373
424460
424437
424469
424501
424766
424565
424597
424629
424661
424693
424725
424757
424789
424821
424853
424885
424917
425374
425173
425205
425261
425269
425301
425333
425365
425397
425429
425461
425493
425525
425557
425822
425621
425653
425685
425717
425749
425781
425813
425845
425877
426133
426165
426197
426229
426261
426293
426325
426357
426389
426421
426453
426485
426517
426549
426581
426613
426645
426677
426709
426741
426773
426805
426837
426869
426901
426933
426965
426997
427285
427317
427349
427381
427413
427445
427477
427509
427541
427573
427605
427637
427669
427701
427966
427821
427797
427829
427861
427893
427925
427957
427989
428021
428053
428085
428117
428149
428181
428446
428245
428277
428597
428629
428661
428693
428725
428757
428789
428821
428853
428885
428917
428949
428981
429013
429152
429184
429165
429197
429280
429312
429343
429377
429407
429441
429421
429452
429484
429516
429601
429633
429664
429644
429729
429760
429740
429825
430177
430207
430133
430165
430253
430229
430261
430293
430325
430357
430389
430477
430561
430485
430624
430657
430689
430719
430753
430785
430814
430849
430830
430912
430837
430869
430901
430933
430965
430997
431029
431061
431093
431125
431157
431189
431221
431253
431285
431424
431809
431789
431873
431904
431935
431917
432001
432031
431957
431989
432021
432160
432085
432117
432149
432181
432213
432478
432277
432309
432341
432373
432405
432437
432469
432501
432533
432565
432597
432629
432661
432693
432725
432757
432789
432821
432853
432885
432917
432949
432981
433013
433045
433077
433493
433525
433557
433589
433621
433653
433685
433717
433749
433781
433813
433845
433877
433909
433941
433973
434005
434037
434069
434101
434133
434165
434197
434462
434285
434293
434325
434357
434389
434421
434453
434485
434517
434549
434581
434613
434645
434677
434709
434741
434773
434805
434837
434869
434901
434933
434965
434997
435477
435509
435541
435573
435605
435637
435669
435701
435733
435765
435797
435829
435861
435893
435925
435957
435989
436021
436053
436318
436117
436149
436289
436320
436245
436277
436309
436341
436373
436405
436461
436469
436501
436533
436565
436597
436629
436661
436693
436725
436757
436789
436821
436853
436885
436917
436949
436981
437013
437045
437310
437109
437141
437173
437205
437237
437781
437813
437845
437877
437909
437941
437973
438005
438037
438069
438101
438133
438165
438197
438229
438261
438293
438325
438357
438413
438421
438453
438485
438517
438549
438581
438846
438645
438677
438709
438848
438880
438911
438943
438975
439008
439039
439072
439104
439135
439168
439200
439232
439264
439295
439329
439359
439391
439424
439455
439487
439520
439551
439583
439617
439649
439628
439662
439743
439775
439809
439840
439873
439905
440512
440543
440469
440501
440533
440565
440597
440629
440661
440693
440958
440757
440789
440821
440853
441118
440917
440949
440981
441013
441045
441077
441109
441141
441173
441205
441237
441269
441301
441333
441365
441397
441429
441461
441493
441525
441557
441589
441621
441653
441685
441717
441749
441781
441813
441845
441877
441909
441941
441973
442005
442037
442069
442101
442133
442165
442197
442229
442261
442293
442325
442357
442389
442421
442453
442485
442517
442549
442814
442613
442645
442677
443349
443381
443413
443445
443477
443509
443541
443681
443711
443743
443669
443701
443840
443871
443903
443936
443969
444001
444031
444063
444096
444127
444160
444193
444225
444257
444289
444319
444353
444383
444416
444365
444479
444513
444493
444576
444609
444639
444621
444705
444737
444767
444693
444725
444757
444789
445054
444853
444885
444917
444949
444981
445013
445045
445077
445109
445141
445173
445205
445237
445269
445301
445333
445365
445397
445429
445461
445493
445525
445790
445589
445621
445653
445685
445717
445749
445781
445813
445845
445877
446613
446878
446677
446709
446741
446773
446805
446837
446869
446901
447166
446965
446997
447029
447061
447093
447125
447390
447189
447221
447253
447285
447317
447582
447381
447413
447445
447477
447509
447541
447573
447605
447637
447669
447701
447757
447765
447797
447829
447861
447893
447925
447957
447989
448021
448053
448085
448117
448149
448181
448213
448245
448277
448309
448574
448373
448405
448437
448469
448501
448533
448565
448597
448629
448661
448693
448725
448757
448789
448821
448853
448885
448917
448949
448981
449013
449152
449077
449109
449141
449197
449205
449237
449269
449301
449333
449365
449397
450229
450261
450293
450325
450357
450389
450421
450453
450485
450541
450549
450581
450613
450645
450677
450709
450741
450773
450805
450837
450869
450901
450933
450965
450997
451029
451061
451326
451125
451157
451189
451221
451253
451285
451317
451349
451381
451413
451445
451477
451509
451541
451573
451605
451637
451669
451701
451733
451765
451797
451829
451861
451893
451925
451957
451989
452021
452053
452085
452117
452149
452181
452213
452478
452277
452309
452341
452373
452405
452437
452469
452501
452533
452565
452597
452629
452685
452693
452725
452757
452789
453054
452853
453118
452917
452949
452981
453013
453045
453077
453109
453141
453173
453205
453237
453269
453301
453333
453365
453397
454325
454357
454389
454421
454686
454485
454517
454549
454581
454613
454878
454677
454709
454741
454773
454805
454837
454869
454901
454933
454989
454997
455029
455061
455326
455125
455157
455189
455221
455253
455285
455317
455349
455381
455413
455445
455477
455509
455541
455573
455605
455637
455669
455807
455733
455765
455797
455829
455861
455917
455925
455957
455989
456021
456053
456085
456117
456382
456181
456213
456245
456277
456309
456341
456373
456405
456437
456469
456501
456533
456565
456597
456629
456661
456926
456725
456757
456789
456821
456853
456885
456917
456949
456981
457013
457045
457310
457109
457141
457173
457205
457237
457269
457301
457333
457365
457397
457429
457461
457493
457758
457557
457589
457621
457653
457685
457717
457749
457781
457813
457845
457877
458933
458965
458997
459029
459061
459093
459125
459157
459189
459221
459253
459285
459317
459349
459381
459413
193693
208169
Peak: 464421
Average: 437997.4762865792
