0
288678
590942
682461
1627550
2251472
2641766
2956059
3539907
3823413
4423236
5271294
5352535
5695370
6145104
6605210
7089220
7326245
7734441
8295005
8713974
8991771
9321346
9539312
9877838
10654257
11091940
11664454
12382695
12736504
13029004
13508650
14034809
14520971
15125138
15610319
15941997
16256411
16479319
16610467
16936669
17113750
17423779
17816892
17956863
18192958
18912296
19044606
19369426
19584081
19641680
19645028
19921896
20084313
20294621
20679583
21086862
21316977
21914295
22390938
23122577
23361939
23754648
24062087
24368860
24489453
24637004
24855400
25073403
25380718
25786452
26108759
26583637
26963842
27568887
28257631
29119174
29784955
29878174
29883282
29885898
29900316
29911898
29930930
30505714
31173594
31443162
31760113
31919086
32219281
32296592
32384854
32440702
32564032
32580340
32903633
33242803
34282131
33811970
34297234
34418182
34594047
34639987
34611090
34693499
35001855
35161342
35729107
35826159
36228497
36705587
36776840
37032482
37640650
37734501
37938591
38333272
38333167
38333214
38333048
38209740
38610193
38809789
38991730
39053189
43047090
43111602
43373698
43402796
43993555
44049780
44108409
44193653
44242352
44283982
44350636
44403354
44449787
44497490
44562029
44580126
44816638
45034234
45337238
45582912
45781164
46325490
46726566
46810943
46891375
47083260
47157905
47393142
47460046
47582012
47907906
48036008
48280110
48484577
48714981
48993149
49124349
49303554
49347409
49363413
49365613
49370772
49382525
49393707
49396907
49307505
49416084
49548823
49664048
49852630
50093769
50231944
50272191
50298703
50333799
50364489
50444286
50425686
50648745
50712300
50791033
50993462
51333695
51483227
51833537
52143213
52408062
52669124
52863557
53300549
53768261
54304472
54433202
54483993
54601225
54626209
54649027
54791672
54930432
54974690
55131453
55150421
55501228
55830857
55902693
56028605
56488150
56876007
56909010
56902561
57320548
57412033
57603966
57811703
57948591
58120987
58178391
58412388
58602851
58464853
58627327
58501516
58882916
59617280
59786072
59882280
59958184
60020040
60201816
60263186
60308383
61310440
60722974
60857853
60886713
60687388
60692119
60696907
60699341
60699890
60700747
60701863
60702402
60704545
60705234
60706417
60708712
60709839
60710786
60709640
60714497
60716127
60716989
60715977
60716808
60719766
60720513
60719741
60720732
60722253
60723121
60723106
60724164
60725039
60725993
60725678
60724380
60726923
60726343
60727986
60728592
60727816
60729947
60728464
60730247
60731884
60732453
60734326
60736601
60737242
60737122
60736970
60736614
60738936
60737475
60740038
60738481
60740853
60741350
60740983
60742286
60743540
60743311
60744096
60745464
60744081
60745431
60743816
60744402
60747721
60746388
60745685
60748124
60746404
60749877
60753062
60751072
60753796
60753544
60753198
60753880
60752447
60754781
60754858
60755423
60756405
60754556
60756841
60757191
60756985
60756252
60756414
60758714
60760406
60757289
60759814
60760100
60758391
60760250
60760952
60761666
60759925
60760799
60764483
60765787
60767076
60768175
60766800
60765355
60767518
60765624
60769784
60767549
60767171
60769148
60768307
60771643
60769302
60770779
60771159
60769480
60773530
60772175
60770598
60771055
60773227
60775450
60771751
60772553
60773391
60776268
60775212
60778232
60778707
60779022
60777178
60779279
60778298
60780251
60780595
60782257
60783428
60781389
60781735
60780155
60784176
60782965
60781506
60783917
60784357
60786167
60784793
60785239
60785846
60786562
60784958
60785279
60787264
60788088
60787115
60789491
60790811
60794871
60792163
60793405
60796489
60794554
60795243
60793507
60795379
60796305
60798876
60796899
60795735
60797890
60796143
60797997
60798705
60796861
60798872
60799557
60798092
60803646
60800444
60799519
60801558
60804042
60800884
60802415
60807797
60804391
60805943
60804597
60804747
60805187
60807539
60806468
60807581
60806946
60808852
60809649
60808836
60810676
60813705
60810350
60812051
60813001
60812724
60813119
60811561
60811853
60814262
60817874
60814044
60813583
60816029
60819773
60820294
60819352
60820017
60818448
60821091
60824882
60826072
60822639
60823617
60823716
60821666
60827437
60824201
60824145
60824423
60824160
60825640
60824209
60826199
60826581
60830146
60826942
60827224
60826560
60828485
60826555
60826931
60827323
60829799
60829939
60830405
60836673
60833388
60832595
60832320
60832458
60833024
60835354
60833779
60833941
60836120
60836847
60841062
60836954
60837372
60836197
60836091
60836418
60838897
60839217
60838499
60843422
60838173
60838836
60840789
60838980
60839335
60839885
60842091
60848812
60845212
60844770
60843731
60844086
60844596
60846898
60845032
60844976
60852411
60848577
60849047
60847151
60847418
60848035
60848338
60850325
60851015
60851385
60856118
60851349
60850092
60851473
60852554
60850978
60853515
60857972
60853499
60852456
60852565
60855806
60858275
60858652
60858969
60863807
60857423
60857814
60858540
60860530
60865674
60860368
60859149
60861564
60866617
60862072
60862479
60860726
60862548
60861835
60864028
60868991
60862343
60869822
60865158
60865233
60863653
60863928
60864515
60867397
60868729
60869769
60868040
60869712
60868647
60870751
60871855
60871705
60869703
60877239
60870440
60871641
60871607
60873440
60871711
60880024
60872522
60873754
60875107
60873484
60873774
60874331
60876516
60882707
60875587
60876120
60878319
60883890
60878115
60879833
60882230
60882457
60880982
60883154
60888795
60881732
60890550
60883871
60884241
60884866
60890764
60885277
60886341
60886154
60886522
60892898
60884827
60885592
60887845
60893715
60895015
60895487
60902871
60901578
60903624
60903304
60905516
60903830
60904264
60907758
60909798
60910252
60908601
60910859
60912262
60912250
60910644
60919250
60913315
60913476
60913969
60914482
60913514
60922200
60908081
60908681
60909310
60916484
60909281
60908466
60910638
60908866
60918307
60911524
60911687
60912379
60919960
60910863
60923188
60916282
60916814
60917310
60917367
60916374
60916687
60918754
60916991
60919661
60917778
60927042
60919381
60927823
60921202
60920430
60922818
60920990
60930305
60930926
60923483
60922706
60923056
60924043
60924262
60923876
60926203
60924926
60933815
60926373
60925602
60930461
60928720
60938990
60930306
60931854
60930651
60939429
60932035
60931425
60933252
60931320
60941605
60932067
60941691
60942470
60935276
60933677
60936092
60934219
60944686
60936807
60936940
60937477
60945293
60936238
60936902
60936658
60938792
60939925
60942673
60940905
60951790
60943829
60944129
60944340
60942676
60943439
60943277
60945609
60946079
60946443
60945964
60947188
60947359
60947818
60948287
60948605
60948911
60949407
60950289
60949928
60949454
60951253
60950970
60951444
60950531
60960019
60950225
60952638
60951111
60955957
60956183
60956506
60956901
60957139
60957554
60957920
60958311
60958757
60956876
60968285
60968343
60969129
60960346
60959619
60961497
60961991
60961931
60962498
60960703
60972335
60963389
60961685
60964065
60963002
60973452
60964714
60964906
60965456
60963487
60977721
60966813
60967126
60968616
60970419
60970269
60979092
60968775
60969527
60971429
60969354
60980623
60971864
60970888
60972748
60973065
60982154
60983181
60983652
60972296
60973453
60974812
60975464
60984280
60985655
60975994
60974752
60976633
60975120
60986202
60979840
60978696
60980796
60980065
60981307
60990522
60991805
60982087
60980529
60982647
60982305
60980506
60992647
60981168
60981457
60983623
60982391
60984235
60982548
60994252
60995033
60995724
60995636
60984248
60985459
60984817
60987144
60986207
60997832
60987215
60989620
60990784
60991313
60989666
60992045
60991006
61002201
60990697
60991398
60992381
60993650
61003905
60992153
60992891
60993659
60993550
60995506
60995769
61006656
60996340
60996588
60996857
60996368
61008028
60997951
60997071
60999017
60997800
61010493
60997982
61012906
61002533
61001303
61002316
61003754
61004270
61002513
61015553
61016027
61003317
61004886
61005833
61006509
61006652
61006835
61005142
61018811
61007254
61006275
61008396
61006960
61008782
61009178
61007356
61021089
61020572
61008388
61021460
61021497
61009177
61012959
61012628
61014770
61013869
61015587
61013540
61027508
61016025
61014728
61016664
61017008
61028863
61015541
61016167
61015859
61018101
61016952
61029567
61018477
61017663
61018595
61020062
61020355
61020606
61031927
61032922
61021218
61019839
61021798
61020194
61036989
61023092
61037078
61025125
61024824
61026157
61024834
61026790
61027319
61025497
61039876
61027671
61026777
61028709
61028834
61029085
61029573
61029780
61028876
61042070
61028561
61029925
61031691
61031511
61029682
61043453
61031616
61030860
61031127
61032961
61036702
61036694
61037205
61037382
61037626
61038082
61050318
61036449
61038839
61038625
61038534
61039509
61038114
61040101
61041729
61040825
61054119
61040364
61041500
61043521
61043419
61041385
61056751
61043658
61044365
61045204
61044976
61057244
61058484
61058401
61046575
61046874
61049140
61047836
61049833
61050088
61062521
61063424
61050727
61049437
61051434
61051635
61064689
61065477
61052397
61050826
61053001
61053358
61051304
61052558
61053854
61051957
61066781
61052614
61053468
61054560
61055642
61068398
61069051
61055926
61057561
61059656
61059876
61073548
61074092
61060703
61060431
61060706
61061615
61061690
61062318
61060421
61076527
61062626
61061732
61063558
61063800
61076860
61077930
61077717
61077813
61063064
61064595
61065426
61065965
61065004
61079722
61064542
61064964
61065352
61069834
61070623
61068818
61070551
61071258
61071769
61070848
61072258
61071583
61071079
61073231
61073385
61072271
61086974
61073392
61073429
61074441
61074994
61073148
61073857
61075810
61073937
61090083
61074465
61076919
61076916
61077432
61076238
61091586
61076049
61076366
61081316
61081732
61081831
61080433
61083269
61083004
61083304
61083603
61081845
61098517
61082264
61084072
61084413
61084493
61084711
61084863
61085617
61085936
61085829
61085161
61086119
61087498
61085788
61103103
61086471
61087620
61088946
61089550
61090051
61090262
61090366
61093446
61091501
61109077
61109098
61108953
61092864
61094997
61093261
61095649
61093973
61111248
61111581
61096498
61095208
61097195
61097430
61112111
61095987
61096304
61098067
61097592
61098877
61099454
61097646
61114772
61098376
61115122
61115690
61100382
61100368
61103853
61104484
61103147
61120312
61120910
61105559
61104016
61105129
61106436
61104443
61121925
61106401
61106540
61107347
61108352
61108046
61108387
61123493
61106725
61107477
61109115
61109719
61107911
61125529
61109865
61109851
61109339
61109632
61111646
61111973
61130139
61130281
61113225
61130931
61113726
61114097
61114294
61115145
61115334
61117074
61116970
61117810
61116044
61133673
61116513
61117465
61118712
61119340
61118502
61117691
61136230
61119710
61119283
61118886
61121103
61121498
61121562
61119649
61138240
61120104
61125028
61123665
61125652
61126051
61124171
61142552
61124750
61125875
61127177
61127617
61127889
61128386
61126577
61126392
61144797
61127150
61129539
61127947
61130150
61130378
61128495
61147032
61129023
61130169
61131559
61131962
61132001
61132434
61130562
61149030
61152934
61135492
61134678
61136459
61136889
61136071
61154453
61135701
61138025
61136273
61138626
61138848
61137986
61139446
61141070
61139962
61158642
61139653
61142056
61140369
61142606
61142947
61141149
61143700
61143999
61144226
61142241
61161755
61142881
61145086
61143631
61148361
61148927
61165565
61167040
61148920
61148157
61149880
61150460
61148522
61168347
61150686
61150286
61152406
61152298
61149953
61170430
61150973
61152992
61151768
61153611
61154161
61152412
61171747
61172764
61172495
61173201
61155000
61155850
61156074
61153966
61176917
61176655
61177725
61178089
61159611
61160526
61158811
61161133
61161375
61159553
61179870
61180557
61162365
61160910
61161986
61163381
61161559
61181695
61182468
61163362
61182340
61182902
61163175
61165380
61164076
61165799
61166301
61164377
61184406
61164895
61169965
61168236
61170436
61170753
61188705
61171397
61170459
61169806
61169893
61190364
61190722
61171178
61173284
61171692
61172949
61174143
61172273
61174800
61175027
61193009
61194095
61173580
61175084
61174402
61174690
61177356
61177050
61177390
61175445
61196160
61197110
61178844
61200642
61199884
61200732
61181417
61201428
61200841
61202052
61182607
61181802
61183375
61183965
61181776
61202812
61203298
61182770
61184431
61183375
61185597
61184354
61185934
61186552
61184754
61205553
61185282
61187388
61187927
61187628
61188423
61188536
61189041
61191977
61192260
61192535
61192417
61192949
61211965
61212553
61191597
61192798
61192309
61193624
61194805
61193881
61214251
61214495
61193615
61195967
61196001
61196578
61196566
61197001
61196806
61199517
61199928
61197635
61199592
61200172
61198022
61219912
61220800
61203900
61202891
61223408
61224686
61202759
61204457
61204149
61203521
61205858
61206133
61225846
61226899
61204948
61207300
61205831
61206965
61208211
61228502
61208755
61207807
61207081
61229132
61207596
61209903
61208548
61210172
61210728
61211000
61211214
61211476
61211769
61212602
61235525
61235579
61235379
61213552
61235912
61216196
61216492
61237043
61215259
61215187
61217775
61217951
61216078
61238595
61216692
61238962
61240109
61239501
61240374
61240205
61241141
61218328
61220458
61220907
61220342
61219810
61219617
61221655
61221924
61222312
61222694
61225531
61246095
61246618
61224336
61226339
61224928
61247130
61226113
61248071
61248084
61225919
61228342
61227089
61228713
61229341
61229742
61250313
61250721
61230558
61228717
61231099
61231302
61231640
61252415
61253428
61230267
61232588
61231099
61231121
61232932
61255111
61257745
61258012
61235086
61237411
61237211
61235988
61237655
61238468
61237266
61238914
61239003
61239601
61238255
61238305
61238457
61240321
61240805
61241063
61241425
61241775
61241783
61242363
61241026
61242674
61243251
61241554
61265688
61265477
61242158
61244298
61243061
61248186
61246088
61246822
61246437
61247671
61247605
61247839
61249399
61249719
61250018
61250392
61248424
61248792
61273229
61250141
61251676
61249701
61273671
61252577
61250588
61275393
61275412
61269190
61253915
61254911
61255390
61255891
61256145
61256489
61256815
61256738
61257195
61257539
61258546
61259630
61261081
61261338
61259400
61284608
61285009
61262012
61261949
61262804
61260870
61261472
61261583
61265463
61265776
61264356
61264550
61266987
61266682
61266858
61265295
61267429
61267934
61266525
61266615
61268455
61269059
61269454
61269558
61269899
61269941
61272778
61273396
61273702
61271606
61274263
61274535
61273153
61274900
61275389
61275668
61276559
61276852
61274683
61275847
61275096
61276653
61276881
61277594
61275954
61301821
61276467
61277531
61277248
61277232
61303117
61303504
61278019
61278484
61278569
61304419
61303936
61304165
61307011
61307534
61284874
61285173
61285147
61283875
61285530
61285754
61286301
61286223
61309879
61310631
61311124
61311154
61285975
61287005
61286382
61311787
61287294
61287874
61312447
61312920
61314209
61313376
61313741
61291101
61291448
61289503
61314958
61290232
61290804
61292746
61292927
61295856
61296002
61296287
61296507
61296703
61296797
61297292
61297711
61297911
61298183
61298589
61298522
61298756
61299128
61299649
61297208
61298007
61298114
61299882
61298983
61299533
61299469
61301093
61300335
61301166
61302361
61301221
61302354
61327567
61327170
61327912
61302042
61304835
61307217
61307366
61307673
61308051
61307509
61306269
61333550
61306771
61309287
61309535
61309807
61310055
61308335
61334646
61308822
61310955
61336109
61336400
61336048
61337330
61337406
61337718
61337345
61311000
61312862
61312366
61314036
61313047
61314494
61312785
61339825
61313222
61318409
61318483
61318744
61318721
61317916
61318194
61318065
61317841
61319876
61318316
61318642
61320337
61321102
61319393
61346318
61319836
61322325
61320618
61320846
61321100
61322712
61348740
61348724
61322764
61324196
61324191
61322799
61325017
61323914
61323359
61325694
61325754
61325978
61326336
61327193
61328099
61329840
61355193
61355080
61330728
61331030
61331203
61331346
61329913
61331802
61331961
61358353
61357612
61330655
61333160
61333124
61331873
61333700
61333924
61332065
61334410
61336489
61335892
61335429
61336951
61337510
61337800
61338017
61338234
61338571
61338527
61337077
61340071
61340316
61340372
61342257
61342481
61341842
61341121
61341396
61369969
61341884
61343130
61369932
61371086
61371092
61343194
61345447
61345178
61343970
61344422
61344595
61346184
61345101
61346834
61347650
61347279
61345048
61372325
61372923
61344484
61345705
61345559
61345220
61350298
61350426
61350752
61351104
61349335
61349991
61349837
61350099
61350398
61352121
61350905
61351013
61379491
61379845
61380136
61352320
61354441
61354552
61354858
61355171
61353697
61355228
61355895
61354073
61382913
61383779
61354705
61357090
61357491
61357613
61357762
61357996
61356635
61361174
61360865
61388793
61389348
61360215
61362533
61362808
61363056
61363243
61362354
61390188
61364120
61364330
61364294
61364023
61363329
61365001
61364908
61363836
61393139
61365639
61365012
61366775
61365165
61364684
61394333
61367786
61368157
61367394
61368418
61368700
61396294
61396617
61367548
61371393
61400205
61400719
61373579
61373737
61373985
61372699
61374510
61372842
61403106
61402741
61375734
61375982
61374250
61374465
61376479
61376703
61376913
61377408
61377803
61378116
61377128
61376546
61378956
61379009
61379298
61379663
61378934
61378796
61380267
61378657
61378803
61380587
61384030
61383396
61382748
61384618
61385024
61383642
61384735
61383823
61401958
61387318
61387506
61387944
61388484
61386799
61417706
61418181
61387798
61389982
61418329
61418503
61419564
61419668
61389566
61389864
61391024
61390336
61392883
61393113
61393433
61393660
61393624
61392010
61394120
61397271
61395646
61397789
61397305
61396363
61398684
61398323
61399043
61398839
61427863
61428070
61428542
61399370
61399625
61429675
61429655
61399557
61401735
61400441
61401193
61401826
61402871
61402455
61401338
61401511
61403719
61402935
61433296
61433622
61433637
61433364
61437144
61406022
61436758
61437217
61406924
61409139
61409387
61438884
61438441
61438881
61438990
61410849
61411032
61411256
61440022
61441356
61440858
61412422
61412742
61412867
61411058
61415483
61415429
61415814
61415783
61415822
61416584
61446463
61445847
61446362
61415643
61417960
61416842
61451018
61419258
61420970
61421858
61420458
61421676
61421863
61422487
61423186
61422487
61421973
61423815
61422166
61423820
61453847
61422810
61423109
61454575
61455690
61424844
61426232
61426367
61426690
61425281
61427057
61427493
61425606
61458081
61457716
61458729
61426564
61426758
61458499
61462131
61430164
61432431
61432470
61433139
61433414
61433429
61431938
61432689
61433617
61433967
61432704
61465256
61464895
61465413
61434658
61436019
61435498
61436368
61434704
61437134
61435050
61437363
61435426
61437952
61468730
61437224
61467991
61436834
61438333
61469609
61439342
61438595
61437869
61438982
61470471
61440838
61443309
61443177
61443401
61443247
61442195
61444123
61442814
61443075
61443286
61445029
61445773
61445563
61444449
61444632
61446365
61447174
61446598
61445878
61447701
61448233
61446786
61448730
61447890
61448812
61477599
61445335
61478340
61478415
61446326
61448555
61447965
61447143
61450349
61451370
61450958
61450845
61452195
61453396
61453695
61453724
61453006
61452291
61454660
61454966
61454237
61454672
61487256
61487394
61487599
61454114
61454437
61456803
61457078
61457275
61455602
61455847
61457711
61457407
61458007
61490495
61456935
61459304
61459593
61459749
61458165
61462984
61463208
61463456
61463834
61462880
61495326
61495645
61496781
61462773
61497357
61496816
61496794
61497546
61464219
61466541
61466663
61466986
61467001
61465849
61466842
61466372
61467969
61467178
61467038
61467689
61469161
61469399
61468751
61468119
61469009
61470482
61470604
61472365
61471821
61471905
61471945
61472255
61507207
61472802
61474832
61475389
61475011
61475290
61476010
61476415
61476581
61476326
61475093
61476207
61476232
61477870
61478126
61478586
61478930
61476896
61511896
61511397
61512629
61477965
61480231
61479053
61478764
61479770
61483480
61483807
61484407
61484805
61484455
61483218
61483442
61485130
61485895
61518559
61519527
61518911
61520017
61485060
61485707
61487681
61487936
61486716
61486426
61488666
61488890
61487506
61489241
61487709
61523352
61522714
61523283
61523456
61490008
61490146
61489379
61524742
61524427
61528222
61493074
61494811
61495164
61493903
61494127
61494372
61494671
61494766
61496601
61495409
61530966
61531595
61498385
61500614
61499667
61501284
61501032
61534558
61499800
61499734
61502592
61502768
61502992
61503192
61503440
61503784
61504104
61502644
61502383
61537855
61505072
61507957
61508174
61506638
61507050
61507028
61509170
61507352
61506834
61508268
61507439
61507831
61543813
61543933
61508859
61510965
61510045
61510025
61511080
61510888
61511125
61512583
61510850
61547656
61511567
61548219
61548280
61548367
61548131
61514860
61515094
61515778
61513669
61513975
61517759
61517337
61518609
61518847
61519744
61519935
61520330
61519865
61520052
61520916
61555240
61555992
61556045
61556694
61520171
61557144
61521644
61523114
61523311
61523422
61522563
61521875
61524251
61524364
61524449
61524490
61523168
61525075
61525709
61525831
61560491
61561208
61564177
61527501
61527684
61564857
61564414
61528446
61530272
61531009
61529609
61529596
61531430
61531914
61532435
61532618
61531657
61567211
61567600
61531443
61533651
61534019
61532211
61568944
61569184
61533088
61534849
61570612
61571134
61571374
61534489
61536559
61535054
61536358
61574443
61574845
61575789
61575315
61576502
61576051
61576747
61539484
61540778
61540098
61577198
61540656
61540456
61542740
61541238
61541836
61541484
61579561
61544288
61544440
61544476
61544874
61543889
61543207
61580500
61580716
61581756
61544081
61581564
61544630
61547013
61547186
61547448
Peak: 62102944
Average: 58719257.039636664
