0
216683
257329
257361
257393
258885
258917
258949
258981
259053
259109
259117
259173
259288
259237
259350
259277
259397
259405
259461
259469
259501
259638
259672
259702
259693
259725
262181
259789
259928
259853
259885
259917
260013
260045
260310
260109
260141
260173
260205
260237
260365
260397
260429
260694
260493
260525
260557
260822
260621
260653
260685
260717
260845
260877
260909
260941
260973
261005
261037
261069
261101
261133
261165
261197
261325
261357
261389
261421
261453
261485
261517
261549
261581
261613
261645
261677
261837
261869
261901
261933
261965
261997
262029
262061
262093
262358
262157
262189
262221
262253
262285
262317
262477
262509
262541
262573
262605
262637
262669
262701
262733
262765
262797
262829
262861
262893
262925
262957
263149
263181
263213
263245
263277
263309
263341
263373
263405
263437
263469
263501
263533
263565
263597
263629
263661
263693
263725
263757
263949
263981
264246
264045
264077
264342
264141
264173
264205
264237
264269
264301
264333
264365
264397
264429
264461
264493
264758
264557
264781
264813
264845
264877
264909
264941
264973
265005
265037
265069
265101
265133
265165
265197
265229
265261
265293
265325
265357
265389
265421
265686
265485
265517
265773
265805
265837
265869
265901
265933
265965
265997
266029
266061
266093
266358
266157
266189
266221
266253
266285
266317
266349
266381
266413
266445
266477
266509
266541
266573
266605
266637
266925
266957
266989
267021
267053
267085
267117
267149
267181
267213
267245
267277
267309
267574
267373
267405
267437
267469
267501
267639
267565
267597
267629
267661
267693
267725
267757
267789
268054
267853
268118
267917
268237
268269
268301
268333
268365
268397
268429
268694
268493
268525
268557
268589
268621
268653
268685
268950
268749
268781
268813
268869
268877
268909
268941
268973
269005
269037
269069
269101
269133
269165
269197
269229
269261
269293
269558
269357
269709
269741
269773
269805
269837
269869
269901
269933
269965
269997
270029
270294
270093
270125
270157
270189
270221
270253
270285
270317
270349
270381
270413
270445
270477
270509
270541
270573
270605
270637
270669
270701
270733
270765
270797
270829
270861
270893
270925
270957
271341
271373
271405
271437
271469
271501
271533
271565
271597
271629
271661
271693
271725
271757
271789
271821
272086
271885
271917
271949
271981
272013
272045
272077
272109
272141
272173
272205
272237
272269
272301
272333
272365
272397
272429
272461
272493
272525
272557
272589
272621
272653
272685
272717
273133
273165
273197
273229
273261
273293
273325
273357
273389
273421
273453
273485
273517
273549
273581
273613
273645
273677
273709
273741
273773
273805
274070
273869
273901
273933
273965
273997
274029
274061
274093
274125
274157
274189
274221
274253
274285
274317
274349
274381
274413
274445
274477
274509
274541
274806
274605
274637
275117
275149
275181
275213
275245
275277
277733
275341
275373
275638
275437
275469
275501
275533
275565
275597
275653
275661
275693
275725
275757
275789
275821
275853
275885
275917
275949
275981
276013
276045
276077
276109
276141
276406
276205
276237
276269
276301
276333
276365
276397
276429
276461
276493
276525
276557
276589
276621
276653
276685
276717
276749
276781
276813
276845
276877
277654
277453
277718
277517
277549
277581
277613
277645
277677
277709
277741
277797
277805
277837
277869
277901
277933
277965
277997
278029
278061
278093
278125
278157
278189
278221
278253
278285
278317
278349
278381
278413
278445
278477
278509
278541
278573
278605
278637
278669
278701
278733
278765
278904
278935
278967
279001
279031
279063
279097
279129
279159
279192
279223
279257
279287
279319
279351
279383
279416
279447
279479
279511
279543
280151
280183
280215
280247
280279
280311
280343
280375
280407
280439
280471
280503
280535
280567
280517
280631
280663
280695
280727
280759
280791
280717
280855
280887
280919
280951
280985
281015
281047
281079
281111
281144
281175
281207
281239
281271
281303
281335
281367
281399
281431
281464
281495
281527
281559
281591
281623
281655
281687
281719
281751
281783
281815
281847
281881
281911
281943
281975
282007
282039
282071
282103
282135
282167
282199
282232
282263
282297
282327
282361
145038
Peak: 287210
Average: 269903.1266891892
