0
178275
245382
309460
539141
800040
993113
1253134
1814120
2284611
2590493
2712877
3121597
3281136
3707191
4033687
4379599
4846487
5398877
5674168
5808211
6144300
6342020
6660602
6878481
7275057
7509507
7524441
7817539
8232250
8447941
8555101
9007764
9174402
9465545
9549817
9741767
9885200
10187243
10780617
10998549
11274672
11763390
12207735
12572225
12804444
12995784
13226439
13628550
14219641
14509851
14740686
14904623
15304396
15704617
15922813
16231312
16449174
16621128
16676082
16775080
16839438
17127307
17209080
17341923
17576592
17661903
18007104
18076935
18178650
18293513
18416734
18467282
19723991
19586816
19558900
19724945
19819794
19832861
19834773
19832952
20064717
20121643
20273024
20360226
20484689
20662421
20943560
21107239
21503227
21700168
21938509
22299420
22669556
23144581
23384359
23549164
23796977
24123907
24255182
24551987
24563505
24674841
24809246
24888747
25046574
25172372
25256130
25502323
25628768
25830987
26061787
26296071
26614158
26788853
27014874
27404383
27769647
28148365
28734110
29310727
29754578
30066924
30069060
30071028
30075444
30076948
30078812
30092035
30093395
30104713
30123449
30353161
30701785
31062820
31425247
31595907
31742184
31970512
32071972
32215234
32349954
32447547
32502469
32548980
32597940
32624347
32676316
32763097
32767326
32893670
33101597
33101863
33470824
33724690
34478576
33992724
34495342
34625520
34798470
34793855
34841502
34853498
34938413
35046832
35195106
35302201
35409282
35896790
36013204
36318202
36501938
36888607
36903002
36974018
37138413
37231314
37680711
37930283
38134211
38529016
38528996
38529303
38529555
38529499
38529301
38529278
38392494
38816073
38887490
39043473
39170658
39249571
39283666
39358880
43291278
43332602
43337206
43584601
43621165
43726283
44233879
44241086
44275973
44311120
44328886
44371470
44415915
44442758
44476335
44511829
44526255
44586970
44619986
44652903
44685896
44708927
44723832
44758785
44792565
45003523
45015147
45109145
45232963
45312530
45634326
45768409
45916333
45980067
46218302
46572600
46850921
46935297
46985728
46999235
47150117
47216664
47250700
47314457
47454394
47571822
47606749
47663208
47756287
47794573
48079297
48239273
48292425
48463165
48665943
48708585
48746115
48803972
48916671
49196769
49323168
49325367
49520461
49534079
49592903
49594657
49598352
49604797
49609558
49511686
49586047
49662623
49734812
49776830
49921771
50069542
50180877
50294597
50365874
50449250
50469933
50489077
50498989
50508901
50537685
50549228
50598418
50645928
50626688
50830688
50849312
50911698
51002251
51188773
51177960
51522484
51619786
51685343
51966086
52213499
52360176
52610104
52623833
52870388
53069813
53238591
53801663
54179076
54545071
54686803
54687395
54742254
54808191
54861061
55008707
55031562
55111589
55160236
55333505
55353450
55704427
56033112
56105862
56225763
56656620
57049923
57106964
57511734
57581741
58216719
57854558
58100266
58110537
58293110
58380717
58468293
58596244
58618458
58703654
59085979
59812265
59975812
60065532
60139348
60196772
60234183
60421529
60458587
61030275
61961913
61022337
61077209
60871470
60875679
60880670
60880726
60881896
60884461
60886948
60888474
60889886
60889281
60890576
60893224
60893983
60898357
60898645
60898173
60900798
60901257
60902825
60902247
60904354
60903312
60905188
60905426
60905645
60908461
60908990
60910185
60911036
60912010
60910946
60911077
60913460
60913531
60914705
60915438
60914219
60916645
60920124
60919197
60919119
60922568
60922400
60923181
60923074
60924127
60923484
60925223
60924028
60924253
60924504
60927018
60927397
60927208
60926270
60928572
60928820
60929744
60930171
60930521
60929280
60929430
60931760
60935402
60935552
60935442
60936424
60936888
60937715
60936874
60936764
60937008
60939419
60938689
60940486
60939379
60939539
60941993
60943126
60944113
60942083
60944539
60945196
60945579
60946164
60944962
60945050
60947327
60951072
60950905
60949691
60952168
60951874
60953048
60953080
60954123
60955522
60954749
60955990
60955806
60957481
60955972
60955548
60958173
60958114
60959206
60959140
60960347
60959174
60961120
60961434
60962344
60962511
60963203
60966032
60966273
60967846
60967094
60968948
60967949
60969917
60968690
60970654
60969715
60971532
60970609
60972646
60971375
60973677
60972519
60974670
60973364
60975282
60974139
60974579
60974338
60974289
60975775
60977415
60976123
60978860
60979492
60981425
60979683
60982206
60980711
60983174
60981617
60983053
60982462
60984972
60983486
60985772
60988011
60984870
60987037
60987391
60987751
60987601
60988545
60988246
60989178
60987583
60989920
60992173
60990463
60995901
60992276
60994518
60993685
60995196
60995456
60995867
60995600
60996905
60995208
60996855
61000665
60998075
61000905
60997030
60997246
60997975
60998209
60999562
61000722
60999721
61001509
61001380
61002083
61002211
61002704
61003674
61005967
61009235
61006658
61009613
61007133
61010352
61006109
61006239
61006917
61007216
61008372
61009869
61008076
61010163
61013456
61009030
61009623
61011283
61012792
61015168
61010968
61013038
61011573
61013746
61017461
61017031
61020471
61016236
61018299
61018804
61019191
61018913
61019782
61018198
61019569
61024290
61020949
61024688
61020240
61022244
61022483
61022845
61022711
61023536
61023210
61024230
61028344
61024661
61028707
61023760
61024070
61028175
61029526
61030387
61030845
61029264
61030860
61035744
61031977
61036065
61033069
61033248
61037743
61034583
61038309
61032819
61032963
61033627
61033861
61034901
61036398
61041147
61036843
61035090
61036466
61038121
61036904
61041350
61046040
61042640
61046590
61040774
61040627
61041444
61043459
61041850
61042602
61044579
61044866
61045233
61045013
61045838
61044141
61046478
61051176
61047037
61051840
61046189
61048310
61047547
61049029
61053630
61048043
61050193
61058121
61053398
61058572
61052650
61053000
61054493
61055782
61056065
61056613
61054950
61057255
61062113
61057577
61062929
61056799
61058934
61059259
61059591
61059211
61060149
61065633
61058779
61059372
61060684
61062011
61061774
61065084
61070438
61065590
61071830
61065530
61067651
61067999
61068250
61066626
61067869
61069350
61069575
61070051
61068234
61070534
61076454
61071013
61069432
61071556
61072357
61078231
61071025
61071292
61072049
61074026
61073191
61077442
61075771
61077947
61084091
61077145
61079222
61077467
61079726
61085649
61078924
61080901
61080029
61081517
61079762
61082205
61088709
61081293
61083372
61082449
61084101
61082359
61083562
61085161
61091610
61085445
61083971
61085189
61089629
61087676
61089320
61090660
61090373
61091126
61097667
61089862
61092124
61091932
61092771
61099569
61093249
61094001
61092039
61093378
61094926
61095158
61095590
61102608
61095976
61102931
61095358
61097295
61097585
61098010
61095905
61101356
61101760
61101410
61102306
61109646
61101091
61101174
61102478
61104075
61103688
61104633
61112615
61104272
61104525
61105231
61107259
61107498
61107916
61106160
61108566
61115659
61107371
61109492
61109803
61110244
61108376
61113199
61120711
61112381
61114423
61114708
61115103
61113303
61115458
61123323
61114554
61116617
61124467
61115657
61117713
61117326
61117369
61125848
61117325
61119302
61119296
61119897
61127773
61120301
61118806
61119614
61121591
61122976
61124782
61133072
61125165
61133320
61125198
61126115
61124622
61125495
61127421
61135873
61126591
61128568
61128622
61129163
61137306
61128121
61130356
61130509
61130975
61139232
61129915
61132218
61132262
61132687
61130894
61133142
61144358
61135015
61136972
61135761
61137546
61146550
61138148
61136972
61138967
61139392
61137599
61139919
61148527
61139029
61141057
61140807
61141625
61142126
61142385
61142848
61151539
61142100
61143727
61141975
61144231
61153093
61143378
61148009
61147810
61148665
61157618
61149018
61148280
61150856
61151260
61149314
61151544
61149949
61151316
61152864
61151047
61153288
61162506
61152398
61154477
61154665
61155066
61164099
61154062
61155937
61156104
61156577
61166310
61159665
61158121
61159481
61160927
61160663
61161399
61171150
61160419
61162468
61171759
61161648
61163750
61163845
61164396
61173990
61163190
61163455
61165755
61166094
61164301
61166491
61176408
61165717
61167745
61177542
61167088
61168858
61181387
61171223
61172536
61182628
61171060
61171050
61173855
61174151
61172358
61174486
61172942
61175401
61175805
61186284
61176113
61174620
61175326
61177354
61177394
61178013
61188543
61176764
61177156
61179237
61179624
61190482
61178634
61183345
61183195
61183760
61194619
61182731
61185068
61185286
61185609
61183865
61186272
61186601
61197778
61187064
61185520
61186571
61188370
61188122
61187985
61200233
61188605
61190132
61188430
61190817
61191369
61189493
61192561
61190349
61194222
61195519
61195118
61196220
61207313
61195193
61197279
61195393
61197853
61198206
61197525
61200533
61199869
61211397
61200269
61198766
61200012
61201660
61201296
61202241
61213817
61201409
61203523
61203310
61203289
61215704
61206245
61207850
61219595
61206417
61209009
61207785
61209393
61221051
61208307
61210537
61210653
61211054
61223031
61209870
61212309
61224078
61211319
61213231
61213125
61213826
61226070
61212784
61214833
61213209
61214592
61215984
61227993
61218959
61217350
61218624
61220060
61232253
61219012
61221242
61220571
61221673
61233568
61221309
61222636
61234995
61221483
61223446
61223189
61223212
61236606
61223083
61225125
61224789
61224455
61238001
61225488
61226785
61226542
61227254
61228189
61229879
61231002
61229260
61232198
61229854
61231163
61232578
61230771
61233815
61231379
61232990
61234331
61247370
61233002
61235318
61232972
61234685
61235910
61234168
61236242
61249309
61236297
61237661
61237805
61238192
61238669
61240864
61241686
61254861
61240477
61242793
61242619
61243402
61256511
61242153
61242647
61244745
61245112
61243305
61245583
61244121
61246052
61246636
61260383
61247009
61246404
61247914
61248355
61246562
61248738
61247248
61248757
61249968
61250791
61252970
61251528
61252800
61255288
61269183
61255650
61254106
61255151
61256867
61255190
61257175
61255682
61256778
61258406
61272093
61257087
61259358
61258155
61259800
61274037
61259658
61260883
61259220
61261167
61259322
61264250
61264924
61278855
61264639
61265850
61264240
61266151
61266776
61281095
61265615
61267910
61267472
61268472
61282699
61267547
61269473
61269209
61268984
61270631
61268729
61270771
61270972
61270836
61270510
61271844
61269115
61271252
61271341
61271889
61273791
61272034
61273682
61273972
61272280
61273583
61274442
61288694
61272631
61274592
61274423
61274584
61288977
61273203
61274964
61274408
61274191
61289417
61273462
61275175
61274568
61274365
61289444
61274078
61275434
61273370
61274252
61275588
61290019
61273611
61275660
61275197
61275730
61275807
61274492
61274244
61289615
61275310
61275922
61289935
61275967
61276005
61273999
61274076
61276221
61275980
61276243
61290162
61274431
61276288
61275811
61275471
61290579
61274916
61276766
61291169
61274782
61274838
61290994
61275259
61277023
61274996
61276812
61274953
61276177
61277189
61291132
61275973
61277251
61291261
61275394
61277476
61276599
61275325
61277389
61277529
61291389
61277533
61276631
61277173
61276336
61291170
61276379
61277656
61275681
61277505
61275894
61277721
61277875
61292176
61277065
61276105
61278274
61277353
61279251
61277545
61279518
61279583
61293870
61278117
61279888
61277666
61279462
61277668
61278554
61279890
61293963
61278027
61279884
61277816
61279700
61278875
61277888
61279800
61280113
61279338
61280040
61278128
61280108
61280101
61294402
61278672
61280232
61279532
61280843
61278295
61279345
61280415
61294444
61278572
61280633
61279917
61280619
61281121
61279128
61281173
61281457
61295539
61279429
61281430
61280802
61281178
61279295
61280519
61281531
61279365
61281256
61279462
61280686
61281719
61279583
61281416
61279928
61279449
61281801
61280927
61295707
61280712
61281996
61279904
61281765
61280110
61282080
61282220
61281639
61281162
61282589
61279874
61281149
61282123
61296374
61280379
61282280
61296477
61281091
61282304
61296468
61281143
61282397
61296423
61280684
61282397
61282377
61296925
61280976
61282536
61280359
61283039
61281477
61282401
61282613
61296687
61280777
61282736
61281975
61282519
61280673
61282694
61282831
61297268
61282641
61281732
61282820
61283032
61297079
61281292
61283053
61280999
61282884
61283296
61283004
61283192
61297219
61281735
61283397
61281319
61283180
61281719
61283165
61283550
61297643
61281831
61283565
61281477
61283351
61281818
61283543
61283704
61297932
61282100
61283864
61283250
61282975
61284161
61298123
61282499
61284305
61281981
61283842
61282579
61283718
61283364
61297984
61282824
61284324
61282233
61284615
61282265
61283540
61283682
61282388
61284310
61284355
61283798
61284596
61286004
61300540
61284030
61286127
61284649
61286221
61284036
61300358
61286370
61286277
61284789
61286493
61286432
61300879
61285010
61286699
61284621
61286407
61284737
61286721
61286677
61300537
61285898
61286910
61284716
61286614
61285758
61286846
61286959
61301025
61285417
61287304
61286492
61287868
61285204
61286458
61287392
61287451
61286612
61287988
61287523
61301356
61287524
61287541
61301657
61285958
61287671
61285446
61287307
61285550
61286283
61287749
61287798
61301969
61286916
61287976
61302143
61286034
61288065
61287370
61287934
61302204
61286372
61288208
61285973
61287885
61286250
61287967
61288080
61302353
61286511
61288419
61287661
61289034
61286373
61287178
61288456
61302521
61288301
61288004
61288061
61302080
61287058
61288495
61302800
61286392
61288465
61287867
61288411
61287512
61288528
61288754
61302713
61286993
61288898
61288191
61287062
61288847
61288226
61288654
61286849
61287647
61289010
61303053
61287246
61289130
61288530
61289132
61287281
61289180
61289204
61303195
61287635
61289492
61288676
61289176
61287302
61289347
61289385
61303751
61287408
61289538
61289650
61288899
61289344
61287587
61288422
61289649
61304029
61287827
61289735
61288974
61289671
61287436
61289839
61289898
61304037
61303973
61288245
61290057
61287849
61289747
61288953
61290092
61290079
61304428
61288561
61290196
61288155
61289979
61288222
61290318
61290314
61304550
61288742
61290520
61288437
61290431
61290520
61304732
61288783
61290742
61289968
61290461
61290364
61304620
61288774
61290528
61288423
61290260
61288175
61290718
61290705
61304825
61289153
61290849
61304864
61288971
61292583
61292032
61291548
61290432
61291796
61292836
61290693
61292499
61290640
61292893
61292807
61306739
61290995
61292903
61292918
61307328
61292725
61290757
61292597
61293009
61307290
61292111
61293286
61291061
61293778
61291230
61293200
61293361
61307504
61293282
61293371
61307547
61291777
61293658
61292948
61293759
61292518
61307830
61292494
61293703
61291574
61293435
61291794
61293866
61293853
61293861
61292858
61293823
61293933
61308148
61292367
61294080
61293319
61294007
61292198
61293330
61294356
61292190
61294218
61292369
61294451
61294510
61308448
61292773
61294486
61292548
61308907
61293713
61295039
61309019
61293209
61294374
61293563
61294716
61294899
61308702
61293148
61295083
61309343
61293055
61294981
61294337
61294898
61309076
61293662
61295254
61309579
61293164
61295241
61294161
61294693
61295178
61293608
61295435
61309779
61295505
61293928
61293661
61295673
61295475
61295536
61294638
61295783
61295864
61295905
61295070
61295837
61310297
61296132
61294381
61295260
61294056
61296134
61295090
61310282
61296131
61295912
61296096
61310389
61296289
61295938
61296159
61310568
61296246
61295770
61294422
61296647
61294902
61295846
61296596
61296583
61295710
61311070
61296840
61294914
61294685
61294289
61296763
61295145
61310988
61296962
61296775
61296911
61311302
61297049
61295040
61297028
61310952
61297202
61295580
61295279
61297462
61311663
61295868
61297493
61295350
61297262
61295736
61297440
61297580
61311402
61296491
61297724
61311562
61297064
61297416
61295659
61296429
61297793
61311992
61296056
61297422
61296604
61297569
61297679
61311593
61296127
61297965
61295877
61297622
61295828
61297900
61297938
61311934
61296242
61298020
61295848
61297509
61297937
61296245
61298225
61298218
61312570
61296724
61298485
61296209
61297449
61298160
61298524
61297808
61298352
61296434
61297283
61298660
61314777
61298843
61300505
61299870
61301184
61298606
61300753
61300746
61315006
61299126
61300938
61298734
61300646
61298510
61299368
61300903
61315190
61299433
61301146
61315607
61300516
61299961
61300324
61301336
61315204
61299661
61301378
61299293
61299490
61301330
61300723
61301168
61299346
61300216
61301640
61315367
61299602
61301531
61299327
61300991
61302223
61299834
61301712
61301648
61300906
61300770
61301256
61301560
61300051
61301704
61301745
61316107
61300584
61302192
61299579
61300438
61301812
61316072
61300075
61301989
61299850
61301711
61299875
61300711
61302074
61316145
61302176
61302149
61316132
61300600
61302491
61300259
61302874
61300298
61302384
61302479
61316367
61300688
61302429
61316689
61301280
61302343
61300343
61301178
61302555
61316319
61301151
61302579
61316511
61300839
61302579
61300436
61302338
61300530
61301359
61302811
61302843
61316762
61301301
61302912
61300885
61302774
61301106
61302943
61303079
61317094
61301472
61303332
61301230
61303030
61301208
61302020
61301702
61303391
61317243
61302673
61303583
61301570
61303407
61303658
61301594
61302496
61303251
61317835
61302617
61303836
61301874
61303633
61303994
61303387
61303825
61317989
61302886
61304017
61301888
61302413
61304024
61301461
61303276
61302935
61304135
61318238
61302251
61304108
61303538
61304965
61302481
61304236
61304257
61302226
61303399
61304309
61318171
61302770
61304367
61318613
61302496
61304425
61303815
61304239
61304514
61302961
61304527
61302441
61303703
61304609
61318989
61302667
61304654
61304095
61304827
61303416
61304728
61304868
61318805
61303662
61305149
61319096
61304075
61305180
61319518
61303206
61305279
61304689
61305918
61303329
61305452
61305439
61319371
61303750
61305696
61303495
61305380
61303623
61304431
61305883
61319924
61305579
61304035
61305820
61319915
61304158
61305973
61319969
61304632
61306069
61320377
61304155
61306039
61319972
61304278
61305991
61303899
61305760
61304068
61304750
61306113
61320184
61306113
61306188
61306138
61305438
61305958
61305858
61319985
61305017
61306090
61303961
61307948
61306140
61307135
61308400
61322804
61306711
61308547
61322909
61306738
61308523
61306370
61308333
61307563
61308675
61308662
61322703
61308745
61308820
61322696
61307080
61308865
61308272
61308986
61323062
61308939
61308983
61307262
61308476
61308846
61309210
61307097
61309114
61309128
61322988
61308186
61309320
61323730
61307364
61309560
61308771
61309127
61307591
61309148
61309285
61307244
61308133
61309271
61323131
61308014
61309466
61323756
61307633
61309511
61308750
61309345
61307564
61308802
61309712
61307532
61309348
61307642
61308375
61309776
61324026
61308261
61309848
61307886
61309771
61309851
61309395
61310661
61308050
61310100
61309192
61323764
61309338
61310350
61324593
61308524
61310244
61308041
61308774
61310267
61324158
61308478
61310301
61308172
61310111
61310512
61324601
61309821
61308554
61310592
61310071
61310491
61308358
61310738
61310776
61324925
61309069
61310878
61308777
61310689
61308918
61309744
61310957
61325127
61309507
61311227
61309139
61310996
61309263
61310696
61310404
61311964
61311568
61310896
61311396
61309457
61311608
61311632
61325854
61310066
61311704
61309640
61311398
61309692
61311713
61311627
61326031
61310148
61311912
61309783
61311657
61309852
61311897
61311986
61326129
61311049
61312082
61309946
61312564
61310023
61310756
61312157
61326690
61310441
61312154
61312288
61311500
61312098
61310160
61312225
61312263
61326206
61310961
61312239
61326265
61311033
61312434
61326394
61311497
61312509
61310455
61312367
61312084
61325963
61311121
61312456
61310429
61313047
61310969
61312666
61312789
61326777
61311761
61313066
61310995
61312920
61310692
61311513
61313099
61327020
61312810
61313130
61327513
61311242
61313349
61312842
61311458
61313469
61327426
61311486
61311933
61313622
61328005
61311669
61313742
61313224
61313706
61327641
61312377
61313949
61328308
61313681
61314042
61313353
61312740
61314093
61311980
61313919
61314083
61327932
61312943
61314200
61312085
61313983
61312226
61314284
61314360
61328486
61312606
61314501
61328330
61313727
61312641
61314440
61312240
61312531
61312890
61314569
61314663
61328622
61314683
61314416
61314841
61314884
61328987
61313195
61314945
61312909
61314728
61313097
61314869
61315081
61329208
61314261
61315102
61329195
61313632
61315297
61313236
61314891
61315093
61313154
61314876
61316636
61331324
61316652
61317715
61331612
61315927
61317726
61317054
61317706
61317565
61317854
61331628
61317861
61318001
61332110
61316635
61318108
61332353
61316470
61318193
61316385
61318014
61316192
61317099
61318388
61332630
61316784
61318637
61316457
61318294
61316653
61318602
61318216
61318654
61318065
61317732
61318697
61318837
61332692
61333321
61318097
61319037
61333119
61317708
61319160
61333402
61317492
61319205
61333468
61317578
61319366
61333489
61317633
61319462
61318698
61319143
61317408
61318825
61319571
61318442
61319376
61319513
61333424
61318282
61319598
61333899
61318026
61319777
61334211
61318040
61320443
61319905
61333733
61319873
61318299
61333741
61319864
61319929
61333991
61318696
61320121
61319591
61318823
61320373
61317799
61319206
61319612
61319999
61320055
61319232
61319752
61317849
61318127
61320175
61320336
61334602
61319161
61320431
61334354
61318756
61320552
61334866
61318479
61320579
61318371
61320441
61318629
61320636
61320739
61320829
61334887
61319616
61320901
61335154
61319288
61320950
61320339
61320794
61318921
61321096
61321038
61335165
61319983
61321318
61335346
61319420
61321407
61319240
61321009
61321445
61335470
61321147
61321089
61319717
61320857
61321472
61319496
61320253
61319757
61321830
61335938
61320162
61321768
61335879
61320127
61321816
61335684
61320264
61321912
61319834
61321644
61320084
61319756
61321372
61321052
61322064
61336266
61320773
61322198
61336098
61320605
61322318
61320165
61322026
61320856
61322300
61321604
61322074
61336200
61320509
61322273
61336622
61320646
61322359
61320305
61322166
61322659
61321898
61323175
61323378
61322886
61322197
61322731
61321770
61322916
61323019
61321083
61323111
61323084
61323099
61322564
61322937
61320760
61323231
61322365
61321235
61322062
61323177
61337152
61322408
61323273
61337152
61322466
61323543
61338049
61321683
61323663
61321575
61321707
61323660
61321674
61323446
61321971
61323638
61322938
61337563
61322873
61323960
61338159
61322302
61324056
61321849
61323785
61321598
61323611
61324673
61322137
61324124
61324186
61338244
61324247
61324363
61338195
61323478
61324490
61338523
61322822
61324607
61338921
61322483
61324583
61322403
61324315
61324604
61322478
61322812
61324946
61322687
61324778
61324487
61324759
61322671
61324583
61324146
61322012
61324138
61323353
61323024
61323888
61324432
61322056
61324500
61324363
61324734
61338987
61322794
61323115
61324876
61338881
61323211
61324972
61338926
61323197
61324958
61338853
61324147
61325057
61339008
61323389
61325153
61339048
61323417
61325202
61339414
61323392
61325249
61323144
61325005
61326037
61327843
61328004
61342116
61326095
61328102
61328159
61326542
61327588
61328057
61328247
61326183
61326321
61328418
61327767
61328126
61328391
61326279
61328163
61328473
61342739
61327683
61328716
61342859
61327632
61328593
61342756
61326979
61328692
61342678
61327078
61327811
61328652
61342600
61327494
61328844
61342702
61327979
61328964
61343284
61328851
61327077
61329057
61343539
61327416
61329225
61342992
61329142
61329146
61343049
61328124
61327299
61329145
61343217
61328331
61329466
61327185
61343815
61329463
61329514
61327807
61329231
61330391
61329848
61329234
61329723
61330057
61327709
61329710
61329948
61327897
61328111
61330112
61327969
61329830
61330259
61329519
61330015
61328513
61344433
61330212
61330280
61344132
61330383
61330437
61328410
61330356
61330482
61328404
61330551
61330640
61344372
61330572
61330599
61344715
61329806
61330767
61344659
61329598
61330818
61345180
61330025
61330962
61344675
61330022
61331034
61345204
61329681
61330959
61344920
61331075
61331092
61345181
61330272
61331332
61345547
61330144
61331479
61345307
61330488
61331521
61345701
61330023
61331620
61345780
61330611
61331497
61345828
61330707
61331449
61345444
61331572
61331644
61329617
61331747
61331767
61329723
61345511
61330082
61331295
61331608
61345463
61331645
61330635
61330533
61331317
61331600
61330112
61331173
61331648
61330088
61331471
61331847
61329967
61332005
61331871
61332160
61330072
61330210
61332334
61330195
61332090
61332454
61331868
61332200
61332636
61332046
61333301
61330957
61332654
61332750
61330733
61332805
61332870
61330853
61332853
61332966
61330925
61333089
61333086
61331021
61333086
61332901
61331272
61332549
61332829
61331355
61332371
61333648
61333231
61332480
61332949
61330864
61332789
61333257
61347165
61332117
61333548
61347691
61332168
61333497
61347520
61332360
61333497
61347763
61332552
61333722
61331644
61333630
61333644
61347931
61333723
61333794
61347793
61332974
61334055
61348260
61332579
61334052
61348185
61332367
61334080
61332077
61332198
61333914
61331715
61333856
61334061
61348009
61333305
61334293
61348559
61332778
61334556
61348348
61332799
61334621
61348407
61334621
61334488
61332346
61332624
61332589
61333152
61334817
61349107
61334051
61335050
61349031
61333368
61335081
61349256
61334565
61334973
61334976
61335330
61333126
61333398
61335327
61333273
61333559
61335536
61349611
61334234
61335560
61349695
61333940
61335615
61349686
61335574
61335605
61334572
61335129
61335478
61333342
61335687
61335783
61333595
61333962
61335798
61335750
61336049
61335302
61335859
61334416
61335744
61336328
61334450
61335696
61336904
61334632
61335549
61334360
61336505
61350936
61335395
61336529
61350635
61335712
61336649
61350539
61334579
61335016
61336705
61350904
61335136
61336849
61351088
61335685
61336969
61336528
61336048
61336434
61334755
61336714
61335194
61334838
61336935
61350779
61335359
61336767
61337125
61351007
61337142
61339958
61338470
61339489
61340033
61338566
61338118
61340081
61338665
61339780
61341071
61338407
61340527
61340472
61340549
61354829
61339684
61340723
61338610
61340723
61339955
61338870
61340703
61339792
61339714
61340289
61340573
61339235
61340382
61340686
61340975
61338897
61340758
61341071
61340519
61340950
61341352
61339211
61340702
61340543
61341179
61341581
61339262
61341420
61341575
61340415
61340098
61341447
61339788
61341930
61356121
61340679
61341837
61341719
61340022
61339670
61341582
61341943
61356223
61340110
61341919
61339831
61341729
61340190
61342095
61356550
61340488
61342225
61356529
61340632
61342423
61356577
61341047
61342338
61344424
61340161
61340402
61342324
61356412
61341476
61342590
61356607
61342287
61342641
61342790
61342894
61340758
61340986
61342860
61356757
61341596
61343021
61357301
61341418
61343247
61357398
61342854
61341244
61343194
61357231
61341553
61343317
61357741
61341440
61343348
61357697
61341721
61343359
61357348
61341697
61343423
61357614
61342507
61343238
61343551
61341617
61343293
61343606
61343101
61343515
61343835
61341790
61343744
61343839
61343698
61344011
61341872
61342024
61344097
61358548
61342357
61344220
61358308
61342617
61344501
61358760
61342761
61344511
61358956
61342713
61344714
61358970
61342785
61344642
61359125
61343028
61343540
61344349
61343172
61344986
61344695
61345008
61359308
61345015
61345119
61343239
61345007
61345334
61343361
61345368
61345149
61345534
61359057
61343760
61344209
61343175
61345104
61345230
61359394
61344393
61345477
61359216
61344704
61343817
61345479
61345552
61344945
61345369
61343588
61345677
61345492
61343684
61344467
61344957
61359531
61344943
61345925
61359537
61345880
61345781
61343770
61345733
61345822
61360075
61344950
61345887
61359958
61344998
61345959
61360201
61345993
61345959
61343942
61345942
61345822
61346189
61344084
61345945
61346381
61345778
61346205
61346443
61344320
61346248
61344488
61344835
61347153
61346601
61360974
61345032
61346796
61360936
61345152
61346892
61360792
61345608
61347009
61344926
61346920
61346964
61344948
61347037
61347190
61345030
61347143
61347143
61345242
61347215
61347030
61345638
61346743
61347044
61347381
61345300
61345270
61347346
61361641
61345702
61347442
61347112
61361461
61345488
61347409
61361488
61346297
61347482
61361738
61347465
61347496
61361660
61346546
61347776
61361697
61347622
61347690
61361875
61347748
61347840
61362055
61347044
61348005
61345919
61347943
61347056
61348037
61345999
61348074
61347296
61345743
61348009
61347334
61346463
61348160
61348061
61346744
61347976
61348259
61346864
61348328
61347486
61348545
61346869
61348070
61349398
61346392
61348614
61348904
61346655
61348840
61348929
61362869
61347699
61348929
61347824
61347480
61348792
61349300
61348512
61348840
61347475
61347040
61349067
61349043
61347456
61348640
61348992
61349326
61348582
61349163
61349425
61347416
61349235
61349500
61347395
61347619
61349593
61363616
61347976
61349805
61363904
61348747
61349734
61363650
61364125
61349838
61347717
61349737
61363970
61348069
61349922
61363827
61348985
61349946
61363771
61349889
61349025
61363774
61349922
61348276
61348109
61350158
61350011
61348269
61350332
61350005
61348106
61350299
61350074
61349741
61350596
61350577
61364724
61350495
61350488
61348522
61353818
61354581
61352210
61353373
61354479
61352258
61351998
61352325
61354182
61367818
61354120
61354086
61367965
61353869
61354134
61352141
61354441
61354305
61352227
61354316
61354316
61352206
61354596
61368756
61354660
61354735
61352711
61352792
61353089
61354898
61368801
61354833
61355500
61355029
61354196
61352932
61355026
61369092
61353337
61355050
61369289
61354284
61355143
61369287
61369255
61355301
61355897
61355443
61353341
61353497
61355450
61369730
61354436
61355597
61369833
61355063
61355119
61353777
61355853
61353724
61354913
61355976
61355562
61369556
61355572
61355742
61370001
61355882
61355800
61353769
61355793
61355960
61354930
61355594
61353967
61356067
61353962
61355772
61356136
61354058
61354300
61356184
61370519
61354591
61356400
61370260
61356424
61354664
61356507
61370407
61355656
61356654
61354528
61356439
61356483
61356782
61354691
61354912
61356827
61370991
61355135
61357094
61370612
61356889
61356937
61370734
61356999
61357094
61354999
61357074
61357187
61355211
61357119
61357071
61356079
61356664
61357187
61357449
61355272
61355493
61357569
61371730
61355815
61357579
61371615
61356768
61357576
61356351
61357066
61357346
61357694
61355678
61355693
61357721
61371896
61356091
61357828
61371638
61357773
61357865
61371773
61356771
61357636
61357990
61356888
61355872
61357095
61358056
61355653
61355669
61357870
61358014
61356058
61358058
61358034
61356648
61357691
61356390
61358398
61372795
61356907
61358504
61372215
61358463
61358531
61372391
61357413
61357072
61358498
61358811
61356706
61356978
61358931
61373392
61357221
61359078
61372986
61357410
61359195
61373362
61358299
61359267
61373183
61359243
61359257
61358152
61357211
61359021
61359436
61357259
61388878
61370317
61372526
61372839
61371949
61372820
61373243
61371612
61372562
61374065
61372331
61374240
61374553
61374582
61374698
61375020
61388998
61373460
61375333
61373306
61375245
61373641
61375593
61375744
61389767
61374778
61375864
61390254
61373969
61376031
61390240
61374106
61376011
61373933
61375770
61374549
61375760
61376259
61390102
61375589
61376717
61391055
61375103
61377134
61376380
61375488
61376960
61391012
61375364
61377279
61376093
61377499
61375271
61375348
61377541
61391729
61375564
61377397
61375343
61375635
61377762
61377091
61377453
61375531
61377400
61377876
61392184
61377969
61377996
61375811
61392048
61377536
61377888
61375766
61392390
61376859
61378260
61392526
61376542
61378485
61377823
61377996
61376756
61378760
61393116
61393076
61377778
61378998
61393237
61377069
61378998
61378339
61378846
61377113
61377961
61379178
61393537
61377705
61379367
61393100
61393584
61378245
61379580
61393990
61377781
61379665
61393952
61377939
61379652
61393744
61394091
61378792
61380002
61393696
61378238
61380023
61377761
61379700
61377841
61379940
61380029
61378067
61379212
61380224
61394593
61378467
61380327
61378177
61379987
61379091
61379857
61378382
61380133
61394139
61378642
61380328
61378600
61380454
61394734
61379793
61380601
61395005
61378912
61380721
61380059
61380684
61378913
61380913
61381002
61394932
61395450
61380743
61379596
61381470
61395856
61379653
61381624
61379399
61381260
61381672
61380932
61381335
61379823
61380935
61381308
61379500
61380438
61381699
61395965
61380185
61381898
61379848
61381719
61381984
61381573
61382630
61380891
61381651
61380651
61396065
61380897
61382329
61396595
61380715
61382404
61382385
61396784
61382473
61382545
61382155
61396867
61382108
61380968
61382972
61382959
61380980
61382378
61382881
61383194
61382813
61383753
61381526
61382943
61382394
61380993
61383463
61383546
61397660
61381857
61381553
61383656
61381574
61381517
61383069
61383517
61383881
61381639
61383565
61383476
61381434
61397863
61383723
61387513
61385848
61387634
61388052
61401839
61402039
61387797
61388395
61386296
61388293
61388324
61402451
61387545
61388581
61402646
61386809
61388468
61402929
61387934
61386687
61388709
61402961
61387194
61388894
61403188
61387095
61388955
61403140
61388063
61389034
61386921
61386988
61387812
61389216
61402819
61387836
61388102
61387174
61389274
61387145
61387273
61389421
61388664
61387427
61389572
61387385
61389321
61387809
61388897
61389335
61388514
61389479
61388503
61387396
61387784
61389289
61389497
61388615
61389778
61388867
61403676
61389688
61389912
61404042
61388803
61390170
61404460
61388563
61390334
61388116
61390079
61388346
61389194
61390370
61388268
61390306
61390422
61404274
61389653
61390628
61405072
61388898
61390429
61390159
61390663
61390473
61390698
61388681
61388730
61391065
61391082
61391135
61405027
61389741
61391040
61391701
61389949
61390938
61391130
61389235
61391119
61391280
61389167
61391338
61390919
61389511
61391426
61390716
61391161
61389628
61391401
61391490
61405441
61391225
61391613
61389521
61405980
61391071
61391580
61391818
61389782
61391005
61391805
61392166
61391730
61390586
61392450
61406699
61390768
61392522
61390482
61390494
61392529
61390465
61390539
61392591
61391769
61392429
61391482
61392546
61391768
61390768
61392765
61392922
61406757
61392976
61392891
61407042
61392895
61392792
61393078
61407341
61391464
61393212
61407502
61391595
61393410
61407160
61392456
61393270
61407237
61392716
61393340
61393408
61392204
61393257
61393305
61391073
61392950
61393497
61393165
61407479
61392336
61393548
61391518
61391721
61393845
61393434
61393628
61393910
61393368
61393891
61391584
61393419
61393993
61394225
61393515
61393888
61391985
61392235
61393856
61395048
61393257
61394017
61394383
61392414
61393399
61394715
61408701
61393369
61392808
61394696
61392658
61394733
61394781
61409041
61393836
61395018
61408729
61394217
61394723
61393321
61394881
61393961
61395080
61395325
61393329
61395149
61395476
61393251
61395190
61395439
61395639
61394881
61394630
61395567
61394520
61395560
61394700
61395691
61409782
61395709
61395541
61393788
61395924
61394374
61395768
61396156
61393979
61395864
61396228
61393965
61395816
61393680
61396032
61396148
61394151
61394884
61396326
61410032
61395087
61396347
61396205
61394263
61396359
61396427
61397013
61396043
61410257
61396540
61396656
61394594
61396615
61394955
61396785
61394433
61396107
61396640
61395187
61396521
61397546
61395008
61397051
61395357
61395399
61396967
61397288
61396441
61395163
61397301
61397576
61411473
61396196
61397306
61397420
61411561
61397034
61397359
61397648
61395137
61411738
61397711
61397680
61395673
61397033
61397391
61395962
61397984
61395817
61398107
61396327
61398208
61412585
61396540
61398325
61412391
61396591
61398325
61396397
61396618
61398537
61398583
61396494
61398406
61398665
61398130
61397595
61396220
61398731
61412919
61398639
61398728
61412927
61398386
61398567
61398846
61398283
61399509
61396869
61398971
61398800
61397264
61413335
61399085
61398931
61396655
61399045
61399161
61397321
61413451
61398725
61399248
61399534
61398906
61399303
61399525
61397337
61399508
61399501
61413537
61399706
61399648
61397658
61399709
61399927
61413901
61398657
61398114
61399843
61399965
61414287
61399941
61398322
61399819
61398537
61400164
61400271
61398057
61398243
61400364
61400388
61398361
61400382
61400474
61414487
61400220
61400680
61400719
61398592
61400589
61400568
61399621
61400712
61399144
61400960
61401030
61400197
61400768
61399749
61400341
61400809
61401023
61398798
61399341
61400333
61399360
61401142
61399013
61401106
61399718
61399839
61402082
61400238
61401343
61401281
61399910
61401511
61400512
61401464
61401702
61399566
61399704
61401750
61399662
61399766
61401806
61402528
61400133
61401382
61401785
61400246
61401902
61400481
61401221
61402110
61400117
61402213
61402302
61402080
61402414
61416773
61400824
61402486
61400268
61402282
61402354
61401167
61401888
61402264
61402628
61416935
61416756
61401732
61403146
61416760
61402056
61403044
61417358
61402080
61402996
61416987
61402326
61401329
61403213
61417329
61401873
61403306
61417422
61402539
61403304
61403163
61403462
61401272
61403184
61405856
61407635
61407751
61405731
61407881
61407895
61421792
61407116
61408063
61422371
61406128
61408084
61422145
61406467
61408228
61422278
61406752
61408177
61422395
61406021
61407415
61406346
61408323
61408283
61406576
61406244
61406382
61408527
61408583
61422757
61408525
61408515
61422928
61407848
61408614
61408937
61406640
61408501
61408892
61407757
61423229
61408880
61408924
61422730
61408925
61408942
61409159
61407054
61407381
61409262
61407204
61408891
61406806
61408782
61409125
61407389
61409339
61408990
61409103
61409258
61423566
61407692
61409480
61409467
61407047
61407353
61407433
61407924
61409760
61423873
61408593
61409887
61423770
61408469
61409870
61407640
61423818
61409891
61409076
61408011
61410011
61410165
61409968
61408074
61410071
61409235
61407951
61408325
61409778
61410154
61410518
61409795
61410274
61410563
61409942
61408552
61410748
61408509
61410398
61410786
61409998
61410494
61409273
61425169
61408758
61409998
61410846
61409473
61410988
61409635
61411124
61409070
61409363
61411292
61409395
61409651
61411313
61425809
61409849
61411423
61425617
61411214
61410324
61411540
61425614
61411595
61411708
61425608
61411739
61410481
61411600
61411865
61425875
61409737
61411838
61411760
61410030
61410766
61412133
61426057
61412161
61410380
61412378
61411321
61411817
61411916
61412135
61426300
61411468
61412121
61412581
61426753
61411053
61412715
61410572
61410850
61411218
61412907
61413032
61412325
61412920
61413158
61411005
61412968
61411198
61427657
61412358
61413442
61427251
61411726
61413460
61411331
61411798
61413460
61427688
61411870
61413508
61411454
61427480
61413612
61413701
61411643
61413681
61413777
61411828
61413732
61411801
61412289
61414053
61428439
61412996
61412132
61413999
61414199
61428067
61413446
61414217
61412406
61414147
61414292
61412172
61428628
61412223
61413709
61412407
61412401
61414228
61414476
61412371
61414358
61412942
61414550
61414789
61412745
61414790
61414824
61412615
61413378
61415450
61414976
61415101
61412940
61414345
61414807
61415075
61413388
61414524
61414948
61413604
61414582
61415020
61415234
61413132
61413548
61414810
61413390
61415374
61429694
61415264
61414407
61429160
61414190
61415482
61413438
61415510
61415575
61413487
61415855
61430076
61414993
61415895
61413766
61414665
61415039
61416010
61430081
61414468
61414112
61414495
61416246
61430023
61414704
61416360
61416925
61416481
61430720
61414648
61416484
61414457
61414330
61416526
61430600
61415245
61416478
61430402
61414717
61416430
61430789
61414786
61416577
61431014
61414915
61416700
61431005
61416509
61416629
61414229
61416184
61416464
61414589
61416713
61414747
61416349
61417333
61416790
61414880
61416621
61415424
61416365
61416741
61417003
61416317
61416690
61417102
61416656
61416957
61415400
61416557
61417032
61415575
61416779
61417087
61415482
61416759
61431982
61417439
61416752
61416433
61417473
61417576
61415624
61431254
61432000
61417487
61417408
61417785
61416997
61415712
61417884
61432246
61416144
61417833
61431664
61416576
61417857
61431602
61416843
61416066
61418043
61415930
61417954
61418012
61415893
61417517
61417214
61418065
61416048
61418062
61417757
61416069
61418305
61418209
61417163
61417590
61418337
61419011
61416368
61418293
61418197
61416784
61418470
61417577
61416512
61418461
61418577
61416509
61417440
61418625
61416277
61418598
61418045
61433070
61417915
61418852
61432947
61418913
61418756
61416691
61417550
61418984
61417753
61418294
61418673
61416765
61417037
61418846
61418726
61416945
61418798
61418828
61417374
61418473
61418849
61417953
61417345
61418017
61418540
61419060
61419346
61418537
61419161
61417665
61419525
61419458
61433217
61419451
61419434
61417430
61419653
61417423
61419580
61417519
61417828
61419693
61433764
61433724
61418732
61419893
61434108
61418773
61420003
61434197
61420016
61419958
61433906
61419965
61418088
61418384
61420211
61434162
61419146
61420433
61434819
61418717
61420433
61434580
61420245
61419405
61420280
61420542
61418426
61420287
61420627
61418423
61420359
61418871
61419884
61418770
61420795
61434929
61419082
61420918
61419229
61435344
61419320
61420917
61435297
61419304
61421129
61435474
61419453
61421040
61421168
61435068
61419999
61421195
61419294
61421130
61421719
61421296
61419136
61419339
61421423
61420624
61421134
61419811
61421411
61421556
61419502
61421363
61421802
61419638
61421448
61421662
61420901
61421472
61421710
61419656
61421592
61421939
61419766
61419976
61422049
61419954
61421685
61420378
61435838
61420853
61421889
61436131
61421899
61421103
61419793
61421793
61421073
61420188
61422165
61436001
61420476
61422285
61436158
61421100
61422261
61436190
61420956
61422264
61436121
61422319
61422231
61422560
61425535
61441185
61427253
61427252
61441209
61427397
61425511
61441716
61427421
61425772
61441668
61427517
61425919
61441684
61427565
61427391
61427476
61425513
61427672
61427665
61441537
61427696
61427558
61441745
61427765
61426116
61442006
61427813
61427513
61425733
61426601
61428458
61427266
61426721
61427753
61427871
61442018
61428150
61427232
61426072
61428225
61426837
61442565
61428270
61426624
61426265
61428369
61428130
61428208
61426709
61428141
61428421
61427256
61427634
61428612
61427014
61429254
61427990
61426700
61428655
61427249
61426707
61428751
61428831
61427062
61443037
61427130
61428870
61443322
61427387
61429103
61443072
61427987
61429148
61427045
61428973
61429264
61427216
61429213
61429360
61429200
61442938
61427985
61429290
61427198
61429147
61429150
61427219
61429321
61429366
61427495
61429390
61429324
61429562
61427508
61427681
61429682
61444041
61427996
61429949
61443873
61428455
61429815
61443772
61444282
61429362
61429840
61428250
61429536
61430586
61430201
61427898
61429861
61428394
61429523
61429971
61427886
61430115
61429535
61428589
61444578
61430342
61430058
61430494
61444746
61428689
61430460
61444798
61444673
61429977
61430346
61430298
61430587
61444295
61430270
61430012
61444431
61430587
61430384
61430482
61430822
61445085
61429013
61430846
61431224
61430375
61431826
61429734
61431788
61431163
61430013
61431928
61432800
61432271
61431770
61432204
61432308
61432573
61446364
61432511
61432538
61430749
61431293
61432653
61432524
61433158
61431933
61432351
61432829
61432792
61432597
61433002
61431101
61431397
61433412
61447630
61433275
61432316
61433283
61433626
61448125
61431808
61432895
61433658
61432984
61433928
61431775
61431916
61434170
61447882
61448237
61433443
61432467
61434166
61448480
61433023
61434124
61431844
61432092
61432645
61434382
61432347
61434324
61433597
61434589
61432364
61432697
61434626
61432449
61432745
61434674
61448558
61433430
61434629
61433518
61433870
61432705
61434778
61432748
61434145
61434742
61434649
61434962
61449030
61433801
61434962
61448790
61434822
61433353
61434997
61432858
61448883
61449513
61435110
61435065
61434249
61434549
61433321
61449702
61434974
61434534
61435337
61435530
61433513
61433604
61434014
61435703
61436423
61435918
61450226
61434106
61436062
61450205
61435578
61435979
61433962
61435863
61434800
61435561
61433834
61435728
61435950
61433912
61435987
61436065
61435005
61435549
61436000
61434659
61435627
61434504
61436337
61450333
61435560
61436521
61436649
61434547
61436006
61436529
61436703
61434598
61436210
61435124
61436927
61434510
61434830
61435033
61435062
61437315
61437191
61451644
61436233
61437176
61436993
61437504
61451364
61436690
61437420
61435502
61437421
61435619
61437527
61437596
61437768
61451694
61451937
61437202
61437441
61437808
61451999
61436561
61437596
61435415
61435585
61435836
61437789
61452001
61437676
61437796
61435721
61437796
61437505
61437920
61437129
61435865
61438034
61451838
61437985
61437715
61438103
61435947
61436243
61438148
61452435
61438206
61438214
61436376
61438335
61436263
61452692
61437844
61436611
61438454
61438596
61436510
61436376
61436624
61438022
61436573
61438436
61438585
61436640
61437063
61438797
61436690
61438394
61437803
61437623
61436696
61437098
61437085
61438973
61439132
61453224
61438472
61439000
61437480
61437911
61439263
61453687
61437708
61439383
61437335
61439308
61439311
61437412
61438778
61439223
61439587
61439828
61453933
61439841
61439756
61439932
61454178
61438909
61439747
61439731
61439979
61453858
61439794
61440506
61438258
61439301
61438109
61440209
61454205
61439242
61440227
61453887
61439016
61439251
61438210
61440210
61440374
61438354
61440402
61440474
61439311
61439851
61440255
61440732
61454437
61440571
61440619
61439086
61439904
61440424
61440761
61440003
61438790
61440836
61454717
61440624
61439179
61440745
61440801
61454584
61440883
61440978
61454797
61439088
61455392
61439872
61441129
61455392
61454899
61440871
61440949
61439386
61441065
61454890
61439444
61455163
61439923
61441266
61440199
61440612
61439687
61439524
61441552
61441656
61439573
61441458
61442146
61441699
61439450
61439896
61441726
61455543
61441538
61441421
61441778
61439676
61439921
61441826
61455952
61441737
61440676
61439979
61439658
61439865
61441818
61456043
61440187
61441972
61439698
61441746
61441698
61441915
61439799
61441660
61442476
61442104
61442142
61439951
61441630
61441981
61442117
61440152
61440541
61442339
61456274
61442315
61442168
61440328
61441768
61442144
61442368
61440304
61456605
61441956
61442164
61442579
61440300
61440788
61440538
61442629
61456487
61442615
61442396
61441785
61442122
61442594
61442853
61457085
61441116
61442904
61456947
61441287
61442976
61456976
61442928
61442791
61442700
61440755
61442615
61440574
61442560
61442535
61441143
61456607
61440730
61442839
61442711
61442922
61456988
61441335
61443080
61456846
61441729
61442785
61443094
61443273
61443200
61457281
61443158
61443038
61443327
61457734
61441686
61443406
61457590
61443382
61443399
61441382
61442814
61443262
61443636
61457749
61441766
61443452
61457235
61441403
61442974
61441861
61443660
61457705
61443591
61443416
61443373
61443820
61458011
61442569
61443844
61441707
61443823
61444521
61442136
61443388
61443747
61443995
61441945
61442179
61449532
61463699
61447747
61449433
61463723
61449402
61449484
61447537
61447370
61448266
61447729
61449709
61463521
61449682
61449795
61448649
61447722
61448018
61449639
61449986
61464001
61449090
61449914
61463742
61450092
61450147
61448429
61448053
61448256
61449793
61448448
61449708
61450069
61450410
61449720
61450288
61450611
61448523
61448765
61450455
61450592
61464484
61450353
61449517
61448667
61450530
61450500
61449457
61449929
61450510
61451028
61449142
61449185
61451011
61448874
61450888
61448906
61450985
61465200
61450168
61451111
61449336
61448984
61449205
61451185
61464968
61451216
61451233
61448888
61449160
61449531
61451460
61465894
61449840
61451200
61451342
61451524
61451529
61449440
61449456
61451469
61450051
61451418
61450819
61451814
61451822
61451878
61450123
61465672
61449683
61450168
61452004
61449870
61451829
61451846
61450287
61451450
61450189
61452289
61466358
61452245
61452163
61451130
61451623
61452050
61452363
61466174
61451253
61452363
61450322
61451891
61450490
61452446
61466312
61452347
61452180
61450327
61450909
61450757
61451902
61450396
61466556
61450611
61452460
61450296
61451267
61452347
61452612
61467169
61451672
61452735
61450424
61452222
61452520
61453007
61450608
61452709
61452623
61452909
61450478
61452217
61451289
61453111
61450940
61452639
61453800
61453174
61467479
61451989
61453393
61451400
61451917
61453229
61453614
61451515
61451952
61453665
61451603
61453525
61453330
61453670
61467844
61453537
61452782
61451884
61452996
61451945
61453808
61451644
61453124
61453486
61453877
61468089
61453563
61453515
61453828
61453180
61452279
61454221
61468272
61453230
61453060
61451941
61453965
61453923
61454185
61468558
61452592
61454326
61468520
61454366
61452939
61454535
61452457
61452720
61454641
61454550
61468394
61453589
61454652
61452539
61454485
61454602
61453541
61454067
61453054
61454136
61454578
61468913
61453159
61454851
61452816
61454690
61454800
61453664
61452723
61452968
61454849
61468816
61454900
61454763
61455073
61453015
61453171
61455247
61468891
61455038
61455699
61455156
61469569
61453467
61455070
61453077
61455176
61455104
61453483
61454595
61454470
61455243
61455487
61453235
61453627
61455412
61469720
61454371
61455556
61453559
61455481
61455721
61455722
61453548
61454012
61455650
61453977
61453457
61455572
61455414
61455676
61469936
61454467
61455601
61453246
61455201
61455652
61455911
61453833
61454345
61456130
61453945
61455972
61455870
61456251
61470384
61454394
61455073
61454401
61456222
61454447
61456331
61470030
61455094
61456247
61454274
61455167
61454408
61454831
61456640
61470804
61455375
61456677
61454660
61456663
61456591
61456952
61456452
61455947
61456481
61456924
61454860
61455348
61457109
61471039
61455926
61456955
61457241
61471504
61456488
61455419
61457354
61456372
61455418
61455714
61457626
61471361
61456983
61455980
61457870
61455604
61457685
61457508
61456170
61455838
61455980
61457981
61472070
61456625
61457954
61456012
61457618
61457916
61458226
61472318
61457065
61458373
61472278
61458345
61456726
61458343
61456428
61457998
61458203
61458618
61456500
61456713
61458858
61473268
61457142
61458766
61456691
61458680
61458608
61458966
61473110
61457517
61458822
61457816
61456889
61457778
61458857
61456611
61456904
61457341
61459105
61457016
61459019
61458869
61459223
61473411
61458158
61459298
61473126
61459182
61459249
61459519
61457166
61458834
61457649
61459835
61473687
61459681
61459516
61457717
61459214
61459261
61459517
61457650
61458025
61459912
61474061
61458693
61460004
61458011
61474013
61474360
61459891
61459795
61459964
61460328
61474527
61460335
61460192
61460559
61458259
61458651
61460676
61474501
61459875
61460448
61458544
61460668
61474613
61459840
61460307
61458776
61460873
61474701
61459523
61460876
61475016
61461030
61460661
61460974
61458851
61458976
61461056
61475148
61461039
61461107
61461321
61460550
61459317
61461407
61475694
61460764
61460516
61461340
61459793
61460946
61459631
61461639
61475590
61460066
61461741
61476096
61460887
61461762
61459704
61461758
61461874
61460783
61461413
61460176
61462112
61462171
61460052
61461501
61460220
61462331
61462500
61462299
61476434
61461421
61462269
61476447
61462392
61462269
61462520
61460384
61460509
61462565
61460259
61462278
61476189
61461907
61461047
61462504
61460542
61460794
61462723
61477105
61462647
61462691
61461607
61461959
61462452
61462826
61477219
61461034
61462942
61477120
61462026
61463059
61463136
61460862
61477393
61461043
61461497
61463351
61463180
61463442
61461364
61461513
61463610
61477627
61463466
61462722
61463625
61478035
61462134
61463745
61478038
61463276
61463876
61463640
61464127
61478053
61463064
61464004
61462920
61463539
61463956
61464296
61464263
61462147
61463843
61464126
61464521
61462269
61462685
61464521
61464454
61464534
61478402
61463829
61462829
61464542
61462453
61464405
61464518
61462357
61463957
61464405
61464742
61462568
61464528
61464886
61462736
61462810
61464005
61463769
61465022
61479459
61465005
61463362
61465177
61463776
61464397
61463451
61465227
61479013
61464981
61478949
61464981
61465121
61464214
61463150
61463422
61465450
61463343
61464630
61464598
61465254
61465669
61479753
61463974
61465690
61465818
61464716
61463802
61464185
61465912
61480164
61465686
61465689
61466570
61466147
61464922
61465247
61464178
61466158
61480018
61464967
61466107
61464018
61466066
61466679
61466259
61464109
61464354
61466187
61480130
61466071
61466320
61466339
61464114
61465999
61466363
61480415
61465438
61466476
61464363
61466014
61466590
61466320
61466803
61480967
61465761
61466770
61465593
61466212
61464849
61466986
61481291
61465359
61467112
61465926
61466415
61466887
61467162
61481350
61466287
61467785
61467122
61464777
61465121
61467043
61467404
61481691
61465901
61467254
61465189
61467189
61467333
61467358
61481333
61466125
61467286
61481117
61481209
61467069
61466949
61467334
61481555
61467323
61467206
61467495
61481659
61465782
61467519
61465433
61473302
61473470
61471234
61471390
61471720
61473649
61471440
61473553
61474214
61473770
61487619
61472952
61471856
61473809
61487520
61473795
61472850
61474008
61473169
61473666
61472919
61472941
61471953
61471759
61472037
61474056
61488357
61473557
61472957
61472465
61474480
61474416
61472358
61472360
61472944
61474569
61474500
61474840
61474818
61472855
61472745
61473137
61474970
61472713
61472920
61474317
61473338
61474982
61475223
61475269
61489080
61473940
61475132
61475274
61473169
61473246
61475433
61475200
61475513
61473459
61474475
61474700
61473523
61474040
61490032
61474432
61475574
61475585
61475943
61473919
61490019
61475321
61474396
61476106
61473518
61475350
61474257
61476309
61478001
61489734
61474606
61476030
61476185
61475427
61474307
61476257
61476166
61476276
61490080
61473991
61475648
61474748
61476252
61474726
61474713
61474374
61475926
61474702
61476745
61490408
61476536
61477117
61476756
61491083
61476760
61476517
61477052
61477081
61475435
61491229
61476477
61475555
61477172
61477864
61477446
61491365
61476826
61475367
61477536
61491408
61477423
61477354
61477691
61477836
61475771
61477696
61475843
61476043
61478006
61478004
61477889
61478007
61478063
61492326
61476758
61478138
61477153
61477696
61476580
61478379
61476215
61478403
61478167
61478456
61492575
61478271
61478876
61478464
61492963
61477551
61478536
61478684
61492831
61478534
61478942
61478686
61476598
61477086
61478710
61492698
61478819
61478713
61479009
61493245
61477361
61479009
61477036
61478318
61477139
61477775
61478458
61478805
61479032
61492836
61478820
61478823
61479180
61476886
61493704
61493518
61479241
61477334
61479350
61477350
61479474
61493713
61479409
61479391
61479629
61493663
61479027
61478301
61478723
61478594
61477711
61479218
61479587
61478072
61480049
61477915
61479912
61479768
61480105
61494509
61479264
61479272
61478637
61480265
61479256
61480366
61479224
61494846
61479179
61480554
61478797
61480678
61479532
61478592
61478744
61480841
61495224
61479677
61480934
61478845
61480517
61480749
61481191
61481209
61481286
61495723
61479615
61481283
61480274
61480599
61479479
61481555
61480378
61479698
61495792
61481557
61481362
61481702
61495944
61481726
61481638
61480125
61481705
61480128
61479742
61480617
61481696
61480475
61482092
61482196
61496387
61481256
61482169
61482324
61482401
61480363
61496311
61482225
61482112
61482557
61496625
61481708
61482447
61480499
61482693
61480580
61497111
61481420
61481773
61481124
61480748
61481236
61482976
61480914
61482911
61482767
61483053
61480989
61481552
61483221
61483085
61483446
61497161
61483210
61483905
61483461
61497633
61482586
61483536
61482575
61483215
61481858
61483955
61498105
61483767
61484437
61484046
61484082
61481945
61483729
61482284
61484165
61482127
61483847
61482652
61484269
61484373
61482193
61482759
61484250
61482257
61482379
61484450
61484354
61484739
61482637
61483211
61484828
61483434
61484325
61484002
61485661
61485169
61499579
61484229
61483239
61484304
61485326
61499634
61485258
61485162
61485355
61499447
61485293
61485095
61483391
61499644
61484346
61485486
61485566
61485718
61499954
61485749
61485592
61485857
61484108
61485591
61499830
61485632
61484816
61484147
61486083
61483915
61486052
61484456
61484173
61486270
61500261
61486352
61487016
61486384
61500532
61485181
61487740
61486409
61486165
61488199
61487929
61486905
61488587
61487605
61488443
61488651
61488988
61487862
61503376
61489068
61487185
61489234
61503444
61503328
61488944
61487656
61489978
61504083
61489803
61490499
61490194
61487996
61488279
61490355
61504289
61489275
61490116
61489086
61489534
61490102
61490487
61489238
61504788
61489766
61490417
61490569
61488974
61490433
61490668
61490874
61490786
61488393
61488589
61490951
61505166
61488870
61489205
61491048
61488739
61490326
61490822
61491083
61489053
61489349
61490997
61491379
61505386
61489282
61489527
61491480
61491563
61489262
61489582
61490598
61490412
61491775
61489559
61491269
61490084
61491869
61491475
61505710
61491744
61490065
61491833
61492272
61505980
61492012
61490204
61492328
61506217
61492301
61492298
61489958
61491767
61490578
61492532
61490583
61491827
61490700
61492865
61506954
61491622
61492988
61493110
61506983
61493147
61492976
61493128
61507388
61491589
61493080
61493170
61491177
61492729
61491345
61493586
61507780
61492174
61493503
61491496
61493462
61493523
61493812
61492629
61491685
61492635
61493653
61493942
61492293
61493558
61492501
61494217
61492664
61508554
61492965
61494160
61494473
61508472
61494306
61494997
61494502
61494534
61508968
61493693
61494606
61493528
61492659
61494479
61494795
61508669
61493528
61494833
61493548
61492801
61493183
61494800
61492495
61492829
61493290
61495092
61492839
61492927
61495060
61495423
61495280
61493006
61494667
61493373
61494485
61495006
61493877
61494325
61493242
61495185
61493198
61494521
61493383
61495456
61493435
61495432
61495414
61495745
61494864
61493771
61495796
61509627
61495483
61496448
61496044
61493792
61494307
61495938
61494601
61494006
61494473
61496234
61493902
61495526
61496108
61496445
61494254
61494468
61495253
61495223
61494292
61494654
61496103
61496392
61493924
61496201
61496057
61496445
61510759
61510952
61496341
61496583
61496677
61510943
61494940
61496584
61495575
61496016
61496509
61496819
61495010
61495149
61496953
61495498
61511100
61497087
61497135
61495554
61495076
61495447
61497451
61511599
61496532
61497448
61496664
61497667
61496504
61497099
61495920
61497688
61497830
61495752
61496196
61496837
61498618
61498244
61512188
61497953
61497791
61498221
61512152
61496158
61497361
61496317
61498399
61512372
61498276
61498108
61498544
61496174
61512243
61498374
61496692
61498642
61512598
61497395
61498727
61496911
61497295
61498631
61498893
61496812
61497300
61499235
61496821
61497107
61498868
61497381
61499341
61497132
61499156
61499036
61499226
61513430
61499195
61498409
61499356
61497203
61497517
61499278
61513047
61499250
61497333
61499505
61496951
61499282
61497543
61499478
61499555
61513434
61499525
61499528
61497965
61513525
61498435
61499529
61499835
61513563
61514168
61499693
61497909
61499913
61497827
61499749
61499855
61499931
61514031
61499866
61499053
61497551
61500012
61514368
61500190
61500091
61498588
61498161
61498481
61500359
61514390
61500222
61500027
61498707
61500273
61499192
61499640
61500160
61500640
61514623
61500575
61500404
61500813
61515049
61499531
61498575
61500579
61498469
61499976
61498733
61500740
61514784
61500624
61500504
61500793
61514631
61499765
61500913
61498878
61498792
61499379
61501133
61514978
61499971
61515615
61500329
61501239
61499463
61499354
61499195
61501345
61499568
61501387
61515493
61501322
61501969
61508160
61522399
61508109
61507671
61507376
61508214
61507293
61507656
61506680
61508208
61506050
61506322
61507775
61508223
61508635
61508879
61508764
61522734
61508682
61508774
61506563
61508897
61523163
61508216
61507261
61507997
61507979
61508808
61509121
61523014
61507834
61509241
61508136
61507216
61507728
61507819
61509213
61509649
61523447
61509560
61509710
61508018
61523497
61523635
61507701
61508639
61509704
61507287
61509122
61509244
61508158
61509566
61509981
61523899
61509827
61509808
61509957
61510747
61508510
61507546
61509624
61509552
61510155
61524244
61507911
61524428
61509279
61510021
61510457
61524621
61508645
61509450
61510246
61510631
61524234
61510374
61510372
61510572
61510407
61510747
61524880
61509483
61509951
61508899
61508651
61508763
61510195
61509034
61511038
61525018
61510467
61509083
61511194
61525015
61509178
61525709
61511354
61511498
61511571
61510844
61509875
61510037
61509856
61511531
61511930
61525971
61511691
61512360
61511857
61525941
61511104
61511918
61512035
61526418
61510881
61512189
61512307
61510127
61512126
61512051
61512411
61512461
61509979
61510350
61510868
61512479
61511470
61510389
61512384
61512553
61511717
61512633
61510739
61512213
61512715
61512902
61527093
61511672
61511114
61511867
61513182
61527180
61513182
61513051
61513388
61527627
61527635
61513030
61511691
61512606
61512910
61513427
61513498
61527962
61512446
61513377
61513663
61528022
61512094
61513783
61511891
61513943
61514074
61528412
61513198
61514079
61512176
61513892
61514209
61514436
61514413
61512457
61512422
61512883
61514633
61514692
61512531
61514603
61514408
61514844
61529011
61514734
61514590
61514777
61529112
61529099
61514399
61513292
61515040
61528673
61514191
61512944
61513364
61515131
61513068
61515243
61529503
61514484
61515186
61513636
61515379
61514175
61513142
61513684
61515490
61513254
61514651
61513353
61515145
61515602
61529307
61515390
61515375
61515466
61515817
61530173
61514898
61515793
61515894
61515926
61514857
61513872
61515208
61514085
61516038
61513901
61514701
61515754
61516115
61515965
61516216
61529852
61515734
61515915
61516316
61530184
61516282
61516015
61516406
61530807
61530436
61515315
61516282
61514660
61515850
61514703
61516680
61514249
61515879
61516314
61516825
61530670
61515952
61516108
61516559
61516841
61531292
61515340
61515030
61516938
61514977
61514889
61515096
61517213
61516838
61517151
61531068
61516525
61515199
61516058
61517308
61514912
61531657
61531424
61517321
61517150
61517439
61517549
61515532
61516961
61515958
61517362
61517685
61515585
61517759
61531710
61516398
61517103
61515914
61517963
61516188
61515829
61516128
61518081
61532389
61517962
61517845
61518206
61516155
61516640
61518374
61518278
61518534
61532272
61518496
61519160
61518668
61532880
61517373
61516648
61517061
61518750
61517197
61516725
61517165
61519059
61516837
61516800
61533274
61518306
61517480
61519361
61532938
61518731
61518978
61518120
61519357
61519607
61519636
61533404
61518976
61517043
61518597
61518190
61519555
61519368
61519620
61533704
61519364
61518689
61519109
61519865
61519914
61517825
61519825
61519719
61520042
61534168
61518763
61519873
61518567
61520208
61519076
61534335
61518993
61518415
61520019
61520332
61520340
61520444
61518283
61519742
61518523
61520603
61518466
61519943
61518730
61520659
61518546
61534553
61519945
61518863
61520832
61534861
61535357
61520252
61519225
61520962
61534993
61521074
61521810
61521339
61535572
61520252
61521810
61521221
61519065
61520268
61520442
61519510
61519134
61519697
61521355
61521384
61535548
61521244
61521148
61521618
61521575
61521597
61535788
61519503
61520036
61521407
61520062
61520070
61519787
61521836
61535784
61521179
61521601
61522033
61521800
61522236
61535920
61536480
61536536
61520206
61521406
61522308
61522303
61536494
61521124
61520700
61520206
61521253
61522366
61520108
61520409
61520825
61522616
61520868
61520506
61520802
61522806
61522615
61522874
61521207
61522172
61521404
61522909
61523013
61537399
61537438
61521050
61521731
61521382
61523009
61523213
61537105
61522577
61523057
61523233
61523027
61523456
61537778
61523402
61523921
61523451
61523603
61523614
61522482
61521691
61522152
61523742
61522281
61537578
61537583
61521589
61522101
61522780
61523849
61538151
61522294
61523942
61522823
61523397
61522264
61524029
61522900
61521904
61537951
61523436
61522337
61523906
61522835
61524103
61538219
61523635
61523918
61524296
61538511
61524070
61538699
61524319
61524103
61524389
61538641
61523185
61524265
61522647
61524744
61522951
61538879
61523788
61523479
61523260
61524837
61525026
61522774
61523286
61524954
61523012
61523022
61522391
61522670
61522831
61523292
61525059
61524545
61524347
61524516
61525834
61526883
61526908
61526930
61526938
61540996
61527163
61526882
61527420
61527407
61525493
61526826
61525613
61527665
61541784
61527620
61527459
61527697
61542079
61527686
61525731
61527855
61541659
61526641
61527622
61527846
61528001
61526845
61525808
61526759
61527865
61528047
61525942
61526478
61528146
61527990
61528399
61526190
61525894
61542812
61527124
61527610
61528632
61542940
61528543
61528423
61528482
61528912
61526778
61528741
61529597
61529214
61543306
61528434
61528504
61527689
61529029
61529270
61528230
61527299
61527640
61529329
61529333
61529485
61527306
61527564
61529028
61527836
61529522
61529557
61543772
61528333
61529263
61529699
61543965
61529613
61529496
61529659
61544000
61528381
61528819
61528030
61527548
61528033
61527656
61529365
61528356
61528944
61527584
61529746
61543774
61529657
61529358
61529345
61528033
61530208
61530233
61528120
61528688
61530176
61529139
61530495
61528750
61528347
61544696
61530395
61528512
61530571
61544591
61530758
61545117
61529907
61530608
61530852
61544979
61530233
61530758
61528974
61530816
61529146
61530207
61529306
61531040
61544916
61530903
61528959
61531155
61530247
61531195
61529306
61544996
61530137
61545483
61531380
61531248
61529659
61531259
61545923
61531577
61531390
61531521
61531430
61546011
61530248
61529816
61531667
61529939
61529686
61529862
61530104
61531940
61530168
61546317
61531042
61531958
61532011
61546421
61530946
61532131
61531014
61530098
61530600
61532217
61531037
61546567
61530615
61532417
61531175
61530159
61530722
61532315
61530567
61546847
61531060
61530708
61530692
61532268
61532461
61530695
61529875
61530110
61530331
61532287
61530174
61530742
61530561
61532646
61531388
61530474
61530860
61532418
61532710
61531205
61530798
61531221
61532790
61532870
61546714
61532682
61533351
61533001
61531749
61530925
61530885
61532048
61532082
61533112
61532869
61533350
61547033
61531898
61533227
61530957
61531328
61531666
61533420
61533425
61547818
61531784
61533545
61532443
61548049
61548118
61533708
61531856
61533785
61531764
61533316
61531867
61533940
61531902
61533225
61532208
61533993
61534076
61532950
61531931
61532392
61534081
61532408
61531942
61533525
61533981
61532125
61534184
61548029
61533674
61533999
61534353
61548462
61532364
61532432
61532773
61534622
61533343
61533914
61532797
61534349
61534525
61534763
61548567
61534664
61534530
61534898
61548565
61534795
61534699
61534059
61534853
61534977
61534890
61549012
61534732
61534639
61534949
61548817
61534316
61533004
61534909
61548842
61533716
61534823
61535139
61549079
61534937
61534814
61535154
61532924
61535314
61534140
61533825
61533091
61533583
61533282
61535259
61533420
61533552
61533849
61535162
61533865
61535855
61550169
61535718
61535694
61535977
61549920
61533909
61534089
61534461
61536030
61543697
61558029
61542805
61543721
61542096
61541887
61542953
61543023
61543919
61541879
61542326
61544141
61543057
61544206
61558189
61543771
61542213
61544241
61558405
61543113
61544196
61544482
61558115
61542889
61544222
61544586
61544690
61558484
61542508
61543799
61544691
61542950
61559051
61543024
61544788
61543608
61543984
61543169
61544855
61558798
61544187
61543139
61544948
61545079
61559243
61543384
61542960
61545180
61542888
61545271
61544840
61559175
61543250
61544966
61543885
61559429
61543617
61545354
61559371
61545391
61545169
61545632
61543345
61544873
61543465
61545613
61545617
61545697
61559475
61545102
61543667
61543963
61545710
61545855
61559595
61545793
61543715
61545826
61544687
61559804
61545967
61545762
61546027
61546097
61546324
61560293
61560386
61544149
61545018
61546176
61544728
61560180
61546194
61544386
61546411
61560674
61544408
61545837
61545215
61546577
61546630
61546611
61560754
61560909
61546030
61544540
61545845
61546649
61546773
61560745
61546786
61546199
61545268
61546858
61547061
61547120
61545817
61561433
61561321
61546452
61545428
61547144
61545462
61561204
61561581
61547277
61545538
61547419
61546173
61561755
61546440
61547433
61545808
61561605
61547424
61547445
61547539
61561731
61547402
61547237
61548034
61547459
61547348
61547616
61546042
61547590
61547776
61547661
61547813
61547862
61546740
61561627
61546824
61545954
61545933
61547901
61547157
61546893
61546647
61548052
61548293
61548373
61548350
61547173
61546258
61562663
61562306
61562741
61562386
61547890
61548514
61546922
61548354
61548575
61549250
61548670
61548788
61548834
61548715
61548819
61547680
61562862
61562868
61546613
61563196
61563100
61546895
61563278
61548283
61549003
61548091
61547203
61549094
61549143
61549370
61549255
61549335
61549388
61549324
61549383
61549511
61547786
61563840
61547658
61549240
61564012
61549068
61548954
61549075
61550043
61564069
61550168
61549895
61550034
61564036
61550122
61548092
61550165
61550293
61550264
61564274
61550229
61550133
61550412
61550475
61548372
61549623
61548674
61550579
61548394
61548451
61550291
61548734
61550793
61548468
61564668
61550562
61549791
61548740
61550637
61548268
61549588
61565351
61549258
61551204
61549043
61550571
61549931
61551126
61551329
61549254
61550638
61549635
61549790
61551506
61549315
61565857
61551553
61551447
61551835
61565844
61551779
61551513
61551887
61549914
61566007
61551895
61550012
61552010
61550894
61549883
61566072
61552097
61550869
61551842
61552302
61566102
61550123
61551881
61552057
61552404
61552319
61549947
61550444
61551453
61550762
61552304
61550775
61550315
61551087
61550521
61551006
61552719
61550657
61552165
61551141
61552909
61550653
61551251
61566862
61552747
61551017
61550875
61552876
61553017
61567209
61552897
61567205
61553040
61552855
61553202
61567513
61553116
61553044
61553368
61567401
61551252
61567559
61553212
61553528
61553581
61554143
61553661
61567588
61553548
61553527
61551964
61553821
61553925
61553599
61568039
61553098
61551786
61552373
61554110
61552858
61568333
61568407
61554034
61553338
61552258
61552482
61554174
61554532
61568496
61554439
61554295
61554615
61554541
61554720
61554752
61554928
61552775
61553239
61554955
61552631
61569364
61553319
61555043
61553005
61553021
61569378
61555042
61555010
61555395
61553159
61554447
61553132
61554085
61555223
61555491
61569556
61555338
61555274
61555002
61553957
61555595
61554500
61569924
61554362
61555579
61555793
61553568
61553991
61555584
61555784
61570183
61554560
61555763
61555953
61569949
61553677
61570098
61555323
61554233
61555970
61553932
61555474
61554327
61555904
61556093
61555881
61556344
61570001
61556269
61556084
61556418
61554146
61570445
61555816
61555653
61554835
61556336
61556625
61554615
61555934
61554862
61556653
61556627
61556915
61558642
61570465
61555911
61556050
61555104
61556721
61556787
61557008
61556965
61554520
61555905
61571455
61571313
61554940
61556190
61557062
61555228
61557266
61557318
61557385
61571224
61555328
61555854
61557540
61571344
61557120
61555846
61556056
61555793
61557863
61555960
61572147
61555760
61557406
61556457
61557958
61558185
61558211
61558171
61572055
61555898
61558294
61572458
61558236
61558260
61558237
61558269
61556303
61557738
61556732
61558496
61558480
61575022
61559826
61560025
61560327
61558319
61558389
61560426
61561165
61560681
61574765
61560533
61560509
61560040
61559011
61561108
61559360
61575553
61561105
61560886
61561095
61561124
61561413
61560993
61561426
61560263
61575783
61559399
61560796
61561567
61561426
61561763
61560079
61561899
61560178
61576090
61560597
61576114
61575628
61559840
61561907
61560285
61561885
61561776
61560687
61562561
61560007
61562155
61562160
61561010
61562329
61560278
61576483
61562262
61576600
61561795
61561025
61561447
61563027
61562275
61562591
61560771
61560462
61561625
61576656
61562499
61562675
61562758
61562539
61562944
61560932
61577434
61562884
61562863
61561012
61562886
61563151
61563207
61577491
61562526
61561275
61563490
61561559
61563573
61563321
61563583
61563666
61563674
61563727
61561665
61563856
61578126
61563185
61562552
61563710
61563889
61564223
61564279
61578422
61563526
61563630
61563358
61564781
61562478
61562647
61562514
61562831
61563595
61564699
61564560
61564739
61564891
61578476
61578525
61563645
61579021
61564744
61563032
61564767
61564943
61563087
61564944
61564893
61564871
61565286
61565318
61579191
61564026
61563733
61579236
61565223
61563655
61564463
61565391
61563871
61566114
61565605
61563504
61565481
61565681
61565358
61563121
61565490
61563428
61563396
61580087
61563566
61565651
61565623
61566035
61564058
61580453
61565889
61580394
61564184
61565356
61566132
61566301
61564253
61566392
61566571
61564308
61565788
61564839
61565396
61566567
61566712
61566388
61565677
61566781
61564668
61566848
61567024
61581167
61566559
61565874
61567559
61566989
61566836
61567015
61567068
61565132
61581537
61581566
61565035
61565934
61567003
61566667
61566411
61567856
61567426
61565388
61581398
61567618
61581782
61567218
61566101
61567718
61565915
61566163
61567039
61567908
61565870
61565715
61566883
61567913
61567681
61566292
61567817
61568335
61581971
61567582
61567494
61568283
61567443
61568051
61568364
61567235
61582419
61566875
61566862
61568491
61567822
61568526
61568507
61568868
61568828
61582784
61568919
61566491
61583420
61569170
61568930
61569189
61569357
61568985
61567465
61567099
61569115
61567430
61568764
61569562
61569217
61569605
61567420
61583951
61569599
61567695
61569747
61569677
61583618
61567511
61568724
61570250
61569803
61568506
61584091
61569866
61567990
61569808
61569960
61568762
61569986
61568857
61584278
61570021
61569879
61569391
61569774
61569994
61570256
61570288
61570399
61570393
61570460
61584590
61568349
61569211
61570547
61570647
61569494
61568451
61569790
61570460
61569560
61568747
61570652
61570705
61570874
61584558
61568732
61569726
61570635
61571013
61570665
61571101
61571130
61571066
61571050
61569209
61571617
61571146
61570962
61585217
61569561
61570464
61570520
61571195
61571048
61571347
61569309
61569274
61570424
61571959
61571633
61569568
61569523
61570299
61572232
61571766
61571884
61571991
61569854
61571320
61570406
61572002
61572055
61572084
61570070
61570766
61569839
61570612
61571708
61572072
61572248
61570527
61586104
61571629
61572349
61570716
61571631
61572715
61571634
61587016
61587175
61571957
61572725
61571133
61572866
61573012
61573044
61570903
61572499
61571736
61572144
61572960
61573215
61572062
61587287
61572854
61571614
61573405
61573465
61587176
61572766
61571859
61572735
61573676
61573783
61571619
61572952
61572638
61573638
61573995
61587849
61571850
61573925
61573064
61573861
61574174
61574230
61573957
61588453
61573701
61572677
61573970
61574432
61572570
61588599
61574464
61574605
61574318
61574771
61573433
61572537
61573481
61573881
61574620
61574967
61573841
61572890
61574862
61573396
61574726
61575039
61573174
61573305
61589687
61575028
61573535
61574940
61574972
61575381
61574204
61589097
61589794
61575506
61573534
61575562
61575656
61574404
61574907
61573236
61574170
61575756
61575415
61574310
61589453
61575145
61574172
61575604
61575708
61576031
61576015
61590209
61575272
61576047
61575271
61576000
61576361
61574173
61575547
61575443
61576147
61576388
61576460
61576582
61591032
61576010
61574983
61576726
61576621
61576770
61590574
61575993
61575137
61577425
61577015
61577010
61575959
61591319
61575754
61576874
61577211
61577219
61584066
61599695
61585566
61583878
61585783
61585887
61583836
61585378
61584504
61584282
61586140
61586230
61584202
61585535
61585245
61586073
61586400
61585233
61584018
61600628
61585992
61586031
61584953
61586409
61586701
61584649
61586009
61585695
61587356
61586915
61586910
61585829
61601290
61586973
61585429
61586291
61587184
61587452
61585216
61585157
61586893
61585858
61586598
61587627
61586508
61602045
61587211
61587722
61585965
61587853
61585757
61587713
61587889
61586555
61585672
61586960
61586189
61587915
61588142
61586944
61602461
61588153
61586441
61588209
61588460
61602648
61588487
61586532
61588492
61586600
61602904
61588555
61586840
61586522
61588595
61588798
61602802
61588271
61587772
61588655
61588989
61587839
61602930
61588791
61588868
61587348
61589095
61589171
61586946
61587003
61587937
61589675
61589185
61589303
61603052
61587151
61588340
61589793
61589308
61587223
61588682
61589310
61587337
61589311
61589391
61603093
61588576
61587696
61588164
61589506
61603358
61588774
61587739
61587579
61588628
61589681
61588504
61588416
61603480
61587562
61588802
61589557
61589849
61589950
61587758
61587750
61589301
61588602
61588210
61590597
61590078
61590203
61590211
61604330
61589434
61588869
61590010
61589994
61590454
61590425
61588288
61589699
61604066
61588150
61590271
61588809
61590416
61590510
61588885
61604667
61590411
61588507
61590553
61590513
61604569
61590010
61589058
61590675
61590745
61604587
61590174
61590921
61590705
61591042
61589177
61605262
61590561
61589468
61590925
61591237
61591023
61605406
61591129
61589342
61591113
61591255
61605118
61590512
61589707
61591235
61591401
61590275
61605720
61591371
61589827
61591468
61591548
61589500
61589427
61591604
61590081
61591640
61591689
61589702
61606110
61589737
61590987
61591544
61591956
61591967
61605936
61591307
61590232
61591832
61591908
61591961
61605829
61591280
61590728
61591736
61591891
61592153
61590702
61590104
61591457
61592110
61592426
61590238
61590216
61591555
61592211
61592473
61592556
61606168
61590264
61591518
61592198
61592655
61592577
61590323
61590404
61591966
61590942
61591624
61592639
61592254
61592447
61590268
61606697
61592053
61591294
61592465
61592679
61592714
61590505
61606927
61592202
61591243
61593008
61593012
61591267
61606923
61592397
61591260
Peak: 62300429
Average: 60340456.39637036
