0
83252
362384
815548
1086150
1615236
2349807
2675163
2988769
3577232
3856549
4341272
5223138
5385969
5728651
6188151
6668459
7120618
7370348
7764129
8324342
8739351
9019207
9333406
9485129
9658164
10032145
10669124
11118495
11701225
12414474
12691181
13001666
13497653
14061758
14551749
15155858
15630769
15979833
16293590
16520789
16653312
16719905
17063727
17228464
17515210
17903901
18057499
18277790
19575983
19391270
19574806
19681562
19689886
19935518
20123820
20334897
20616576
20964392
21357023
21953693
22430133
23157128
23398190
23791453
24098545
24404134
24427307
24587494
24732917
24933192
25102331
25448037
25819211
26140278
26632956
27013802
27609575
28297818
29159299
29819446
29917047
29922743
29925043
29939353
29950859
30102154
30544185
31212148
31476111
31710355
31901957
32098833
32307444
32401280
32464225
32516284
32611942
32743480
32951952
33408152
34328725
33852065
34338383
34458432
34637258
34680052
34651270
34733065
35038604
35145276
35734284
35856595
36184623
36745088
36816073
37067343
37759643
38369408
38369696
38369818
38369698
38264021
38683548
38883592
39066484
39128887
43104849
43187048
43449490
43478920
44066104
44114494
44151243
44227379
44281018
44324859
44379303
44438613
44481291
44524761
44588713
44644196
44846587
44947659
45100471
45480822
45589024
45818462
46363511
46754046
46836005
46921499
47101277
47166273
47352495
47439885
47535912
47615025
47942106
48071599
48313833
48521389
48600886
48748009
49027935
49415077
49329554
49467438
49590657
49678153
49867005
50114392
50207087
50293874
50316210
50328954
50360930
50380603
50454701
50483442
50643555
50706362
50827527
50995676
51384515
51495606
51802549
52055909
52434028
52574929
52884833
53068839
53654511
54271093
54484883
54565730
54570205
54637641
54749523
54820027
54927587
55002954
55056132
55521687
55791674
55905143
56049531
56480648
56878648
56936252
56929840
57337990
57441236
57631158
57840866
57956630
58147908
58203486
58169307
58419534
58442759
58526994
58879417
59617822
59790478
59880742
59954934
60011718
60057176
60250356
60288480
60859956
61791720
60852391
60890102
60899592
60908145
60917849
60925774
60932995
60940134
60946624
60955358
60961250
60968170
60976688
60984750
60990333
60999383
61004210
61013778
61019890
60923451
60719618
60722580
60725334
60724488
60725230
60727603
60726157
60710085
60715401
60723036
60732078
60739621
60747762
60754970
60761728
60770866
60779453
60785813
60793476
60800495
60806502
60815855
60822007
60827250
60835844
60739269
60740313
60739186
60741038
60740531
60739576
60738758
60740770
60721328
60728203
60734311
60740022
60746459
60753850
60762119
60769040
60776306
60783484
60789768
60795688
60803402
60811083
60819207
60825442
60830256
60838136
60759885
60743339
60743296
60744988
60745303
60744232
60745517
60745466
60726532
60733039
60737373
60745460
60750932
60757500
60764320
60771021
60779394
60786434
60792540
60799838
60804239
60811390
60817592
60825071
60830954
60838842
60844916
60746865
60746747
60746685
60746798
60747024
60747276
60746046
60726340
60732817
60739570
60746029
60752560
60759481
60766379
60772152
60779120
60786455
60792368
60799684
60807284
60814747
60821386
60827701
60833901
60841640
60747678
60748056
60748981
60749109
60749023
60749378
60748014
60749457
60731769
60738689
60743389
60749511
60756154
60763391
60768887
60775121
60782093
60789489
60795354
60803766
60809004
60814970
60821043
60828649
60834733
60842472
60848617
60750695
60750490
60749056
60750774
60750848
60749661
60751057
60729267
60735116
60742440
60748808
60755152
60761808
60767400
60773971
60780757
60787029
60794472
60801704
60807925
60815349
60821360
60829117
60835197
60842888
60849398
60752226
60750973
60752636
60752702
60751538
60753342
60752732
60731246
60736774
60742621
60747341
60753904
60761138
60768117
60775088
60781623
60789706
60796811
60804043
60810147
60814963
60822355
60829971
60836024
60842285
60848853
60753925
60754887
60754765
60754832
60754781
60755145
60753799
60755195
60737599
60742782
60750172
60756228
60762884
60770364
60776148
60783292
60790260
60797372
60803541
60810773
60818197
60824789
60831229
60837245
60843247
60851071
60756490
60755139
60756593
60757000
60756852
60755582
60756962
60757061
60739068
60743250
60749508
60755166
60762220
60768036
60773876
60782046
60789229
60795365
60801063
60809656
60815808
60821991
60827978
60835700
60841942
60851134
60857214
60757721
60757817
60757022
60757895
60757611
60757603
60757647
60738154
60743257
60749474
60755546
60760994
60767706
60774626
60781469
60788541
60794974
60803357
60810621
60816749
60824141
60829237
60837413
60842821
60850181
60854957
60757210
60757111
60759027
60757303
60759080
60757929
60759637
60737812
60743838
60751099
60755858
60762605
60770163
60777076
60784013
60790781
60797157
60804302
60811534
60817762
60825277
60830111
60837661
60844030
60851861
60858085
60759530
60761241
60760077
60760329
60761417
60760128
60761561
60739544
60745478
60752308
60756854
60763537
60770037
60777108
60785401
60792584
60798755
60805792
60811959
60818003
60825709
60831656
60839590
60847150
60853525
60860939
60760974
60761248
60762775
60762505
60760875
60762807
60761222
60740036
60747579
60753126
60758475
60763556
60771794
60778793
60783752
60790634
60798503
60803980
60810146
60818627
60824527
60830579
60839309
60843722
60850274
60859073
60763837
60763150
60763382
60764799
60764866
60763982
60764694
60764919
60745957
60750306
60755834
60763090
60769906
60776586
60781386
60788970
60794610
60800522
60807906
60816026
60822154
60829666
60835676
60843443
60849523
60857210
60863322
60763797
60763826
60765574
60764423
60766103
60765410
60765405
60743239
60748878
60756569
60762937
60769329
60775985
60781593
60788433
60795537
60801937
60808825
60815776
60822137
60829569
60835673
60843185
60849289
60857625
60864545
60766240
60765522
60766374
60766120
60766208
60766349
60766226
60744462
60750452
60756132
60763785
60770130
60776922
60783754
60790602
60797658
60803802
60809602
60816442
60822474
60829980
60835756
60844114
60848490
60857970
60864122
60765680
60768077
60768108
60766709
60768179
60767882
60767890
60745245
60750595
60757325
60762204
60768036
60776508
60783356
60788868
60796407
60803514
60810578
60817810
60822334
60829887
60836375
60843631
60849977
60855815
60864921
60767857
60767978
60768802
60768922
60768866
60769206
60768058
60769465
60750661
60756213
60763669
60769354
60774468
60782012
60787194
60795348
60802413
60809522
60815602
60822971
60829059
60835267
60841323
60848931
60855251
60862917
60768811
60770066
60768610
60769334
60770318
60769480
60770294
60769989
60750202
60757734
60763982
60769934
60776582
60783278
60790134
60797006
60804233
60811214
60817318
60823374
60831014
60836990
60844742
60850654
60858449
60866273
60769593
60769752
60770554
60770586
60770625
60770895
60769657
60771002
60753854
60758014
60765807
60771238
60777775
60785687
60791623
60799538
60806578
60813669
60819764
60827142
60834623
60838566
60847439
60853695
60859783
60867583
60771284
60770941
60771133
60772695
60772389
60772448
60772439
60770711
60753482
60759837
60765605
60771778
60778170
60785741
60791698
60799117
60804901
60812693
60818845
60826005
60830827
60839533
60845685
60851917
60857877
60865469
60871725
60772301
60772930
60773211
60771965
60773377
60773224
60773109
60753065
60759127
60764583
60770957
60777878
60784234
60792346
60799188
60804946
60810162
60817403
60824490
60831002
60838010
60844026
60851762
60858226
60865698
60872740
60774266
60774293
60773230
60772561
60774263
60773433
60774174
60752300
60759104
60764961
60770688
60775911
60782509
60790691
60797480
60802367
60808987
60817285
60824469
60829077
60837685
60843285
60848880
60854968
60861885
60868119
60773912
60773602
60773804
60775277
60775237
60773508
60776253
60775892
60756303
60763576
60769873
60775851
60780857
60788031
60793614
60800399
60808769
60815815
60821823
60827580
60833519
60841036
60847047
60854756
60860767
60868740
60874753
60775747
60775178
60776977
60776143
60776948
60777058
60775705
60756183
60761837
60768216
60774876
60782217
60788809
60795715
60802383
60809622
60814121
60821383
60828615
60834760
60842119
60848018
60856975
60863041
60870994
60877033
60777841
60778065
60778292
60778008
60776272
60778287
60776694
60757402
60761179
60768729
60774523
60781442
60788049
60794879
60801791
60808910
60814926
60821941
60829360
60835430
60842781
60847635
60855165
60861017
60868857
60874967
60779002
60779104
60779011
60779216
60778455
60779315
60778994
60756871
60763543
60768329
60775543
60782326
60788934
60795871
60802791
60809855
60815935
60821670
60829023
60835258
60842964
60848719
60856532
60862636
60870244
60878061
60778843
60779701
60779720
60778120
60780170
60779270
60780114
60758308
60763336
60770902
60774310
60780017
60787465
60796505
60803377
60809385
60814801
60822833
60829209
60836393
60843889
60848225
60855972
60861993
60868121
60877209
60780600
60781845
60781773
60781829
60781803
60782055
60781428
60782165
60765306
60769598
60775985
60782232
60788942
60796996
60803137
60809044
60816012
60822998
60829668
60836684
60844132
60851765
60859441
60865529
60873324
60879463
60782496
60782856
60783290
60781891
60783228
60783075
60783011
60760283
60765607
60772418
60778613
60784805
60792053
60799046
60805902
60810766
60817014
60824865
60829409
60837777
60843540
60849705
60858513
60862908
60868950
60878172
60884156
60783367
60782433
60784038
60784357
60784407
60782642
60784588
60762631
60768394
60774356
60780580
60788682
60795397
60802334
60809204
60816294
60821131
60828061
60835576
60840844
60848542
60854614
60862262
60868301
60876268
60882348
60785008
60785102
60783629
60783536
60785260
60784608
60785088
60762863
60769728
60774292
60780314
60786829
60795223
60802095
60807199
60814765
60820687
60828725
60836016
60840863
60849485
60854540
60861724
60868204
60873264
60880420
60784449
60785673
60784217
60785921
60785993
60785750
60785790
60785792
60768133
60773208
60780158
60784781
60790377
60796969
60805145
60811005
60817885
60823893
60831104
60838120
60845961
60853409
60859561
60865881
60873297
60879817
60887209
60788119
60787038
60787913
60787894
60786244
60788158
60787253
60766566
60773632
60778123
60784624
60790808
60797817
60804945
60811601
60820172
60826276
60833412
60840668
60845852
60853044
60859193
60866833
60874516
60882324
60888073
60787614
60788873
60788943
60787377
60787377
60788922
60788321
60767385
60774563
60779049
60785449
60791935
60798599
60805550
60812281
60820756
60825760
60833999
60841159
60847335
60854752
60859975
60866069
60872156
60879840
60887239
60789667
60789005
60789517
60789779
60788866
60789784
60789912
60766916
60772064
60777184
60783425
60789584
60798080
60805044
60811909
60818061
60825216
60832280
60839512
60845616
60852007
60857946
60865369
60873280
60881023
60887264
60789255
60790587
60790658
60790375
60790394
60789040
60790841
60767678
60773149
60779938
60783929
60789504
60797331
60803585
60810845
60817705
60824803
60830660
60836627
60844075
60851234
60859075
60865108
60872810
60879051
60886859
60790274
60791486
60791388
60791339
60789655
60791624
60790770
60791608
60772660
60780039
60784723
60790659
60798513
60803885
60810425
60817680
60825667
60832754
60838870
60846177
60853507
60859742
60867364
60874756
60880903
60888648
60792391
60793519
60793308
60793429
60791900
60793795
60792652
60793534
60775038
60781828
60786564
60793731
60799139
60807945
60812955
60818675
60826899
60830556
60838999
60846099
60852195
60859730
60864842
60872545
60878322
60886300
60893866
60793584
60794128
60794405
60793529
60794418
60794308
60794260
60774325
60779096
60786272
60792699
60797892
60804088
60812679
60818393
60826790
60832876
60839934
60847172
60853270
60859558
60865833
60874559
60880663
60888393
60894568
60795329
60795053
60793343
60795363
60793794
60794395
60794797
60773906
60779416
60785168
60791003
60797481
60804228
60811076
60817961
60825050
60831199
60838140
60845303
60853014
60860648
60866741
60874391
60878331
60885335
60893152
60796705
60795864
60795931
60796169
60795502
60796268
60794723
60773426
60780431
60786322
60790559
60796773
60804362
60812058
60818890
60825042
60832034
60839146
60846330
60852399
60859946
60866122
60873690
60879842
60887602
60893778
60795889
60797172
60796902
60795286
60795804
60795617
60797534
60774278
60779987
60784808
60789920
60797390
60804142
60811566
60817374
60824518
60831614
60838678
60844847
60852103
60859527
60865559
60871849
60877711
60883961
60891879
60796626
60796574
60796730
60798126
60797987
60796568
60796377
60798213
60779319
60783326
60790372
60796484
60803020
60808796
60816548
60822452
60829444
60837556
60842347
60849579
60855668
60862975
60869127
60877175
60883255
60892055
60899599
60800296
60800290
60798988
60800606
60798976
60800529
60799754
60779080
60784532
60790292
60796660
60803564
60810137
60816948
60823975
60830644
60837068
60844993
60851020
60856980
60864545
60870556
60878268
60884348
60892647
60899300
60799556
60800951
60801264
60800063
60799399
60799786
60799802
60780212
60783594
60791443
60796088
60801520
60808472
60815920
60822024
60828944
60836019
60843075
60849155
60856419
60862150
60867758
60875923
60881587
60887691
60895595
60800528
60801889
60801276
60801927
60802165
60801383
60802272
60802052
60783365
60788258
60794566
60800478
60807601
60814830
60821137
60827974
60834606
60841678
60848033
60855217
60862881
60868573
60877974
60884126
60888982
60896814
60801771
60802761
60802681
60802700
60801105
60803077
60801921
60803002
60784624
60789884
60797182
60803256
60809589
60817341
60822367
60830754
60836560
60843600
60848420
60856721
60862754
60870195
60875144
60883989
60890056
60897864
60904044
60802823
60804308
60803918
60802879
60803819
60802338
60802130
60784727
60790258
60794816
60801862
60808721
60815438
60822241
60829137
60836215
60842254
60849320
60856724
60861660
60870227
60876351
60884004
60888881
60897825
60902601
60804767
60804654
60803810
60804718
60804608
60804493
60804520
60784453
60788316
60795596
60801956
60808372
60813892
60820668
60827478
60834793
60840969
60847672
60856665
60861804
60870420
60874364
60881547
60886716
60895388
60901548
60804520
60805339
60805534
60804088
60805598
60804477
60805357
60782589
60787755
60792771
60800251
60806427
60813659
60820531
60827443
60833547
60839227
60847619
60854611
60861059
60868507
60874611
60883859
60889963
60896555
60903899
60807129
60807755
60807973
60806260
60807973
60806436
60807900
60784881
60791865
60795617
60803260
60807656
60814841
60822052
60830535
60836639
60843679
60849503
60856695
60863119
60870567
60878047
60885463
60891863
60899703
60905823
60808622
60807717
60808533
60808826
60807785
60808841
60808649
60807661
60792322
60797378
60802301
60808141
60815085
60822341
60830682
60836869
60843933
60850997
60858253
60863253
60870637
60877981
60885637
60891701
60899461
60905637
60808808
60809482
60808017
60807809
60809912
60808191
60809736
60786666
60790971
60798231
60804407
60810263
60817815
60824695
60831583
60837687
60842415
60850519
60856399
60862687
60871087
60876575
60883743
60890154
60897759
60905591
60808940
60810608
60810400
60809187
60809000
60810713
60809621
60810761
60790706
60796603
60803036
60808930
60815170
60822122
60827330
60834306
60842586
60848690
60855763
60862930
60869099
60876634
60882682
60890026
60896402
60902426
60908666
60811088
60811249
60810424
60811313
60811468
60809739
60811444
60790775
60794914
60802210
60808685
60815117
60821789
60828661
60835565
60842325
60848397
60855757
60863013
60869189
60875253
60882741
60890381
60896413
60904221
60908588
60811797
60810389
60812102
60811104
60811995
60811963
60810355
60790099
60794710
60800403
60806396
60814412
60819324
60827588
60834484
60840516
60845918
60854268
60858323
60864716
60873308
60879412
60887124
60893228
60899332
60907140
60811332
60812797
60812712
60812570
60811005
60813073
60812320
60813308
60794470
60799663
60806624
60810592
60818450
60825229
60830848
60837485
60844357
60851541
60858893
60866125
60872221
60879677
60885781
60893349
60898205
60907333
60913365
60812328
60812525
60813680
60812368
60812149
60813993
60813093
60793895
60797687
60803462
60811178
60817669
60824277
60831261
60838061
60845181
60853125
60860245
60867405
60873509
60881029
60887061
60894773
60900789
60907765
60913069
60815786
60816978
60816668
60815611
60816636
60816764
60815331
60816922
60799411
60804934
60809563
60817207
60823951
60831407
60837543
60844415
60851444
60858519
60863383
60871943
60879356
60884159
60891940
60897903
60904423
60911911
60817202
60815756
60817092
60817095
60815444
60817445
60816332
60817574
60799040
60805378
60809705
60815889
60823705
60830385
60837297
60844169
60849568
60856625
60862897
60870441
60877537
60884449
60890553
60898209
60904233
60910657
60916561
60818035
60816678
60817216
60818072
60816835
60816678
60818476
60796450
60801501
60808841
60815137
60819768
60826713
60833561
60839825
60846401
60851664
60858977
60866545
60873843
60881283
60887171
60895107
60899827
60909035
60915075
60818273
60817214
60818747
60818958
60818790
60819226
60818374
60819234
60800962
60805555
60811803
60819115
60825803
60833227
60838115
60845382
60852051
60859462
60865427
60872734
60880246
60887787
60895427
60901515
60906363
60914347
60819796
60817755
60819863
60818785
60819903
60820111
60818441
60820298
60801258
60806846
60814399
60818902
60825511
60831687
60834761
60839145
60844927
60853125
60858956
60864988
60873484
60877924
60885652
60891696
60900404
60906573
60914405
60920501
60819887
60819816
60820992
60819507
60821012
60819875
60820771
60800204
60806060
60811382
60817943
60824544
60831320
60839368
60846218
60852071
60860296
60866473
60873808
60879847
60885210
60892576
60900216
60906242
60912409
60918626
60821296
60821775
60820875
60821832
60820204
60819983
60822070
60801048
60805202
60812650
60819018
60825498
60832178
60839010
60844145
60851546
60857378
60864930
60873082
60879194
60886642
60892666
60900314
60906490
60912821
60918738
60822383
60822573
60821012
60820796
60822827
60821607
60822497
60799435
60806422
60811428
60817298
60823474
60830730
60837629
60844501
60850661
60857661
60864861
60872133
60878205
60885645
60891749
60899405
60905413
60910503
60917861
60823315
60822336
60823195
60823457
60821874
60822511
60822803
60826294
60805932
60813145
60819415
60825489
60832226
60839657
60845673
60852615
60859697
60866673
60872898
60880097
60887529
60893721
60901361
60907465
60913569
60919649
60824866
60824623
60824978
60826315
60826141
60826141
60826146
60826192
60807667
60811660
60818461
60825060
60831692
60838338
60844002
60849522
60856586
60862738
60870162
60877146
60883378
60890620
60896730
60904299
60910543
60918369
60924609
60827226
60826944
60826829
60826904
60827006
60827396
60826330
60806562
60811121
60817407
60823775
60830167
60836581
60843823
60850609
60857808
60863754
60870629
60878336
60884264
60891512
60898842
60906467
60910040
60917061
60923469
60826529
60827587
60826512
60827964
60828097
60826749
60828327
60827912
60808303
60815242
60819789
60826125
60833747
60838566
60844853
60852978
60858234
60864602
60871580
60880057
60886172
60893548
60899724
60905767
60911796
60920868
60926900
60827591
60826892
60828872
60828639
60828743
60828813
60827081
60806402
60812285
60819265
60825699
60832067
60838812
60845629
60852582
60859646
60865677
60872864
60878950
60885334
60892717
60898619
60906259
60912294
60920171
60926411
60828038
60828717
60828895
60829524
60829853
60829052
60829984
60807376
60812080
60818179
60825211
60831987
60837208
60845139
60852011
60856587
60863851
60871875
60876568
60884016
60889832
60897100
60902113
60910419
60914992
60923923
60930091
60830511
60829478
60831088
60830382
60830323
60830695
60829827
60810448
60814960
60822320
60828688
60833413
60840149
60848349
60855221
60862285
60868400
60875528
60881465
60888816
60894592
60900631
60909648
60915752
60923512
60928080
60830279
60829746
60831544
60829935
60830674
60830857
60831353
60809000
60814455
60822091
60828407
60834834
60839770
60846746
60854823
60861931
60867962
60873359
60880807
60886762
60894298
60901642
60909210
60915379
60921423
60927783
60831470
60830272
60832267
60830763
60830678
60832399
60831275
60832407
60812953
60819057
60825228
60831466
60838139
60845390
60851545
60858553
60865744
60872800
60878842
60887280
60893098
60900824
60908577
60914664
60919579
60927240
60832030
60833107
60831746
60833230
60832924
60832985
60833105
60833065
60813707
60820969
60825634
60831666
60838277
60845082
60853057
60859922
60866977
60874162
60880349
60887482
60894962
60901066
60908642
60914810
60920922
60928681
60834831
60836207
60836063
60836111
60836105
60836477
60835660
60836260
60816608
60823707
60828275
60834443
60841027
60847644
60854748
60861676
60868668
60875738
60881842
60889170
60896426
60904266
60911914
60918010
60923154
60930626
60849831
60836949
60836928
60837099
60836970
60837299
60836592
60837449
60818971
60824236
60831516
60837776
60844456
60851944
60858056
60864928
60871992
60877952
60885216
60892480
60899936
60906040
60913680
60919784
60924648
60933784
60836597
60836408
60838113
60837296
60837369
60838375
60836783
60838352
60819859
60825115
60832317
60838457
60845145
60852623
60858288
60865257
60870489
60878503
60884677
60891913
60899347
60903763
60909468
60918351
60924457
60932348
60938449
60838154
60839476
60838960
60837671
60839126
60838871
60838858
60818474
60825455
60830927
60835599
60842304
60848999
60855962
60862612
60869946
60876378
60882841
60890105
60897946
60905394
60911490
60919210
60925306
60933146
60939242
60838889
60839361
60839650
60838825
60839808
60838263
60837999
60819886
60825918
60830543
60836903
60843046
60849563
60856739
60864716
60871780
60876067
60883518
60890451
60896563
60904148
60911052
60916694
60923940
60931691
60937924
60840423
60839638
60840265
60840669
60839737
60840653
60840415
60817670
60823287
60830455
60836298
60843122
60849823
60856786
60863653
60870797
60876901
60884029
60891336
60896200
60903605
60909981
60917765
60923381
60931456
60937624
60841298
60839921
60841464
60840161
60841137
60841287
60841362
60819254
60824317
60830092
60836076
60844445
60849573
60856392
60863456
60871560
60876872
60882272
60889720
60895632
60903424
60909184
60917016
60924600
60932432
60938600
60840554
60842366
60840797
60840762
60840797
60841542
60841330
60842157
60823573
60829456
60835632
60841664
60846792
60853547
60860203
60867083
60874203
60882587
60888667
60895923
60903443
60909547
60917115
60921979
60927803
60935707
60857641
60841472
60841854
60843017
60843121
60842267
60843191
60843260
60823113
60830385
60836548
60842580
60848012
60856031
60862903
60869847
60876911
60884047
60890151
60897335
60904855
60909719
60917359
60923319
60929911
60937463
60842420
60843698
60843664
60843747
60843771
60844070
60843168
60844177
60826604
60832050
60837458
60841938
60848426
60855146
60862018
60869082
60876146
60883202
60889378
60896706
60904154
60909986
60917826
60923730
60931578
60939467
60843264
60844639
60844415
60844514
60844471
60844776
60843983
60844950
60825287
60831594
60838283
60842815
60849442
60856125
60862834
60869700
60876827
60883963
60890067
60897491
60904867
60910971
60918491
60925083
60930699
60938939
60844121
60847859
60846339
60846734
60846561
60848381
60847166
60847119
60828707
60836103
60840796
60846615
60854607
60861306
60868113
60874991
60880068
60885487
60893607
60900863
60906967
60912722
60918895
60926466
60932746
60941714
60947882
60848803
60849059
60848167
60849197
60849270
60847989
60849312
60828327
60832774
60838808
60846452
60852900
60859553
60865036
60871665
60878785
60886129
60893332
60900470
60906633
60912330
60918641
60926556
60933556
60941092
60947484
60849840
60848688
60848978
60849999
60848659
60850106
60849988
60827200
60833577
60838233
60844146
60852119
60857617
60865713
60872569
60879641
60885759
60892865
60900186
60906290
60913746
60919418
60925717
60930626
60936202
60944055
60849186
60850842
60849612
60850719
60850906
60850001
60851008
60851045
60830499
60836104
60842102
60848405
60855037
60861755
60868486
60877102
60884070
60891270
60897078
60903734
60910907
60918614
60926254
60931118
60937558
60944974
60850075
60851631
60851423
60851479
60851491
60851855
60850515
60851868
60833363
60838019
60845435
60850254
60856637
60863133
60870029
60877056
60884155
60891142
60897533
60904825
60912164
60918062
60925895
60932071
60937981
60945801
60850971
60852451
60852248
60852671
60852644
60852027
60852713
60851141
60832358
60839765
60844526
60851613
60858301
60864981
60870132
60878653
60885717
60892885
60899104
60906245
60913701
60919797
60927437
60932229
60939677
60947517
60851787
60851846
60851715
60853363
60852218
60854045
60853285
60853229
60835853
60840284
60845860
60851676
60859743
60866455
60873268
60880127
60885567
60893031
60898791
60907287
60914735
60920839
60925199
60932260
60938151
60947223
60953319
60854168
60853994
60854026
60854082
60854076
60854442
60853622
60832958
60839572
60843898
60850134
60856541
60861483
60869752
60874815
60881269
60889366
60894806
60901254
60909334
60915245
60921279
60930231
60936198
60940765
60949873
60853661
60854996
60853646
60854951
60855041
60853693
60855089
60854966
60834554
60842445
60846933
60852982
60860006
60866365
60873326
60880542
60887462
60895630
60900494
60907891
60915593
60921646
60929213
60934974
60941205
60949186
60854411
60855660
60855562
60855602
60853850
60855907
60855163
60856009
60837585
60843499
60849675
60854428
60861028
60867884
60875660
60882510
60887133
60895423
60900071
60907263
60913663
60922302
60928463
60936038
60942078
60948660
60954758
60855027
60854905
60856698
60855649
60856853
60856973
60855350
60836794
60841247
60848522
60854818
60861354
60866401
60873479
60880073
60887618
60894178
60899687
60906871
60912841
60920495
60926393
60934098
60940618
60948442
60954618
60856121
60858027
60857227
60855619
60857599
60856606
60857677
60890564
Peak: 62130084
Average: 58759879.87189359
