0
79497
79511
79544
79576
80609
80641
80672
80705
80801
80833
80865
80898
80929
80963
80993
81026
81122
81153
81186
81217
81250
81281
81313
81345
81442
81506
81537
81570
81601
81785
81666
81698
81793
81827
81858
81889
81921
81953
81984
82017
82145
82177
82209
82241
82273
82306
82338
82369
82401
82433
82465
82497
82625
82657
82689
82721
82753
82785
82818
82850
82881
82914
82946
82977
83105
83138
83321
83201
83233
83265
83297
83920
83362
83393
83425
83457
83617
83649
83681
83713
83745
83720
83809
83841
83873
83905
83939
83970
84002
84035
84066
84099
84259
84291
84473
84354
84387
84418
84450
84483
84514
84546
84579
84610
84643
84675
84706
84738
84932
84964
85145
85027
85058
85008
85122
85154
85187
85218
84839
Peak: 85928
Average: 82141.73333333334
