0
215963
269811
550445
982054
1693113
2274958
2703324
3133557
3717424
4001306
4647999
5449448
5530636
5869733
6322197
6797747
7266123
7515777
7914644
8476007
8895057
9169038
9502472
9737926
10117679
10819322
11156584
11759398
12294433
12731284
12998096
13470788
14191104
14554493
14892296
15535047
15930505
16442523
16667033
16800173
16863108
17207253
17372805
17660995
18051679
18202425
18427031
18463041
19232606
19560027
19771964
19829103
19832831
20107674
20272282
20492289
20865317
21272041
21502125
22099166
22575401
23303675
23545200
23869305
24244856
24550130
24573152
24755349
24907522
25125284
25250706
25561192
25967492
26284979
26778368
27152528
27756672
28444587
29305982
29877996
30063692
30068904
30072032
30085584
30097120
30215020
30688650
31356164
31625600
31942873
32110966
32402670
32481472
32572515
32643099
32697098
32754886
32988992
33464106
34470718
33994070
34481027
34601151
34777424
34820211
34838575
34876998
35182737
35290106
35902261
36001968
36329209
36889372
36960558
37202969
37666363
38087335
38513396
38513346
38513408
38513208
38375354
38826699
39026714
39206972
39288330
43265393
43330503
43561169
43622632
44198163
44246081
44303012
44338609
44411811
44462654
44520426
44581401
44614804
44668111
44712482
44785891
45001267
45091772
45272501
45616698
45733077
45950248
46268150
46831960
46954527
46982984
47178294
47268451
47341404
47556932
47644967
47762174
48087991
48216293
48458684
48662673
48731768
48893516
49475127
49612569
49735859
49823243
50010589
50264725
50352809
50438843
50461707
50475267
50507395
50532964
50604412
50629185
50814217
50866432
50963126
51142065
51530689
51643907
52005320
52316240
52579479
52843177
53034120
53474114
53858983
54449686
54606196
54657663
54774437
54799567
54895164
54964546
55103082
55147317
55291725
55303065
55324909
55676107
56004106
56076082
56202212
56662177
57051085
57082120
57076362
57493526
57595569
59373750
57893324
57995069
58098284
58174628
58319944
58457468
58589340
58674409
59011462
59765288
59939171
60058107
60150019
60204437
60388979
60437134
61476848
61017843
61032385
61053874
61071312
61091301
61110238
61127893
61145813
61164210
61182405
61197428
61215385
61234250
61251131
61270421
61285616
61304269
61323486
61341001
61359684
61375886
61396119
61414616
61429213
61449933
61465591
61483046
61502282
61521152
61536865
61555550
61572593
61590701
61607737
61623293
61642294
61660556
61677813
61694816
61713408
61730035
61746974
61765011
61781843
61802518
61819350
61834190
61850950
61867782
61884614
61905670
61922377
61939385
61957297
61972927
61988996
62011169
62027095
62042855
62059811
62078051
62092842
62110741
62125259
62147644
62165726
62180318
62198321
62213010
62229553
62247577
62262220
62286249
62303009
62318669
62333757
63471543
60936730
60943918
60944145
60946493
60947255
60946473
60948205
60948352
60948732
60948541
60948951
60948876
60949093
60948980
60949207
60948971
60949215
60874990
60890889
60905844
60923927
60938991
60955079
60971743
60987937
61006911
61022615
61039207
61053489
61071351
61088327
61103311
61120327
61138303
61155663
61170439
61185823
61205687
61221415
61235743
61255919
61271591
61285991
61302591
61322391
61336855
61352607
61371138
61388895
61404567
61419327
61437670
61455807
61470135
61488207
61502943
61521967
61539783
61554175
61569927
61587879
61603279
61621767
61637599
61653215
61671103
61685687
61703663
61722247
61740375
61754791
61772791
61788495
61803007
61825687
61841479
61855991
61873943
61888679
61906359
61920847
61936751
61957679
61975559
61990295
62005703
62023655
62038071
62056071
62070879
62092383
62110342
62125454
62140893
63278367
60952768
60953495
60952288
60953897
60953953
60953611
60953721
60952344
60952466
60953053
60952621
60953869
60954372
60952788
60954362
60954469
60870187
60885311
60903357
60918429
60934055
60952509
60967885
60984141
61000797
61017677
61034277
61048933
61065453
61081671
61098140
61116085
61133325
61147645
61165156
61183101
61197597
61215181
61230839
61248797
61266613
61282277
61296739
61314661
61332811
61347195
61361987
61379891
61395653
61413619
61429251
61448075
61463707
61479651
61495579
61511211
61529475
61544805
61562691
61578395
61593955
61613523
61629147
61643547
61659203
61675179
61690581
61705914
61728347
61744051
61759707
61774099
61789659
61805277
61825864
61842507
61859523
61873915
61889843
61905317
61923203
61938907
61959939
61975571
61991219
62006963
62021339
62037157
62054971
62070699
62091290
62109307
62123627
62141699
63282860
60957470
60958177
60958365
60957243
60958249
60958603
60958177
60958707
60957104
60958651
60958763
60958728
60958784
60958792
60957263
60958915
60880770
60896728
60911088
60926783
60945328
60961643
60977379
60993715
61012739
61028443
61043731
61062947
61078683
61094402
61112483
61128299
61146435
61162067
61178291
61195115
61212739
61227187
61242882
61262923
61277395
61293000
61311099
61327795
61343514
61361547
61379795
61395499
61410091
61425637
61446619
61461147
61476765
61494715
61510419
61529507
61545139
61559627
61575174
61590941
61608891
61628459
61643787
61658403
61674035
61689861
61707763
61726451
61742205
61760083
61775523
61791443
61806270
61823272
61844323
61858779
61874269
61892411
61907827
61922502
61938005
61961539
61976075
61991635
62007461
62025267
62039739
62056635
62072195
62086659
62108498
62126435
62142219
63286849
60961963
60963124
60961536
60963247
60963362
60963238
60963313
60963373
60963373
60963290
60963365
60963121
60963367
60963166
60963442
60963270
60884198
60898002
60915795
60930523
60948979
60965291
60980782
60996845
61015870
61031318
61046902
61064110
61081822
61097509
61114318
61133998
61148445
61166494
61183550
61198182
61215758
61231325
61248134
61267262
61282878
61297342
61312910
61330933
61348934
61364574
61381790
61397392
61415350
61431078
61445470
61464110
61479749
61497582
61513222
61531710
61546997
61565078
61580806
61596462
61610917
61630485
61648350
61662830
61678504
61696462
61712190
61731142
61746798
61762078
61778958
61794646
61808934
61824509
61844957
61863158
61878806
61893302
61908885
61926846
61943246
61963350
61978869
61995494
62012470
62026845
62044854
62060558
62075021
62092942
62113753
62129214
62144917
63291925
60966338
60967397
60967376
60967716
60966107
60967687
60966166
60967994
60967786
60967842
60967815
60967823
60967887
60967823
60968042
60967879
60887669
60904408
60918904
60934674
60950559
60969144
60985616
61000712
61017314
61035416
61050776
61069992
61084600
61101519
61119528
61135528
61151095
61169232
61186520
61201016
61218490
61234219
61250042
61268672
61285616
61300080
61316952
61333688
61349226
61367376
61384608
61400167
61418176
61432992
61448287
61469376
61483832
61499575
61517584
61535712
61550887
61569168
61583615
61601624
61616003
61635575
61653584
61668000
61683711
61701728
61716232
61736127
61753848
61769816
61784136
61799719
61817864
61838080
61853520
61869095
61884872
61900495
61918504
61933031
61950992
61972096
61986496
62002183
62020208
62034952
62052672
62068400
62083184
62104602
62122696
62137008
62155088
63296257
60970868
60971899
60972012
60971822
60971971
60971701
60971945
60971824
60971049
60971823
60971139
60971855
60972104
60971919
60971176
60972117
60890209
60906055
60923904
60938683
60957064
60973344
60988626
61007328
61023696
61038715
61055039
61074128
61089832
61105504
61121122
61140760
61155160
61173224
61189416
61205143
61225072
61239451
61254919
61273995
61291011
61305525
61323403
61341339
61357043
61372747
61389755
61407603
61422283
61437850
61459019
61474739
61489483
61507139
61521595
61540770
61558787
61573107
61591171
61605643
61623643
61641939
61660115
61674491
61692491
61707147
61722701
61744835
61760531
61775117
61792931
61808627
61822955
61843394
61861523
61877187
61892811
61907139
61924003
61938747
61955066
61975885
61994059
62008515
62024005
62042155
62057851
62072438
62090323
62110851
62126515
62142210
62160211
63300049
60974655
60975362
60975218
60975668
60975681
60975413
60974881
60975560
60974828
60975616
60975041
60975699
60975156
60975822
60975231
60975851
60894912
60910911
60928825
60943675
60959612
60975948
60994751
61011194
61027858
61042613
61059053
61078018
61092490
61109645
61127530
61143466
61159493
61174874
61194482
61208938
61226650
61244578
61260282
61276986
61292405
61307986
61323869
61344002
61359634
61374501
61392778
61408376
61426146
61440933
61457410
61476114
61490736
61508546
61524331
61539914
61560251
61575818
61590226
61606986
61623954
61642354
61658106
61675938
61690402
61705890
61724106
61742722
61758210
61776426
61792098
61806474
61822154
61840106
61859442
61875002
61893002
61907483
61923074
61941283
61955610
61976762
61994642
62009106
62024858
62042810
62058234
62072970
62090994
62111730
62129530
62144266
62159650
63304314
60978317
60978043
60978880
60978408
60979741
60979186
60980977
60980795
60981033
60980878
60981014
60980981
60981116
60980805
60980172
60980901
60901942
60915277
60933150
60947886
60966358
60982638
60997798
61014261
61033158
61048886
61064174
61083390
61098206
61114909
61132854
61148790
61166926
61181462
61198837
61216806
61234430
61249126
61264557
61283374
61300318
61314646
61330333
61350646
61366430
61382086
61400334
61414798
61430454
61446208
61464110
61482814
61498518
61514150
61529814
61548822
61563566
61578981
61596926
61611382
61627064
61646437
61664286
61678974
61695846
61711406
61727038
61746894
61762526
61778254
61793894
61809518
61825078
61840782
61861222
61875606
61891174
61907029
61922520
61938381
61956246
61977254
61992958
62007350
62022918
62038760
62054285
62072294
62087926
62102398
62120790
62136144
62154294
62169062
63308574
60982528
60982160
60983104
60982371
60983235
60982875
60982934
60983911
60983015
60982575
60982567
60984235
60984248
60984207
60984208
60984071
60902853
60915864
60932880
60947568
60963634
60979783
60998488
61014888
61029632
61046066
61063592
61080632
61095040
61108168
61126400
61140864
61158016
61173584
61191016
61206703
61222367
61241143
61256775
61272480
61290103
61305543
61321463
61337791
61355103
61371768
61387472
61405744
61421448
61437144
61452800
61467120
61486232
61501448
61517202
61532720
61551736
61567456
61581823
61599960
61615664
61631224
61650768
61666400
61680792
61697688
61712360
61727648
61747426
61763071
61778826
61796832
61812464
61828192
61843752
61864256
61879888
61894216
61912280
61927984
61942600
61958167
61981408
61997112
62011567
62029504
62044320
62058256
62074096
62088344
62105360
62125896
62141464
62159528
62175232
63312656
60986683
60986443
60987056
60986872
60987063
60988015
60987375
60987959
60988079
60988556
60986877
60988550
60988644
60988513
60988676
60988432
60906997
60921618
60937362
60953402
60968402
60984218
61001797
61019450
61033946
61050732
61069570
61084162
61100796
61120162
61135794
61150178
61168466
61185482
61201652
61219674
61235338
61251954
61267369
61285306
61303146
61317538
61333220
61350985
61369202
61384914
61399226
61417481
61434330
61450178
61465714
61481186
61497666
61513330
61528770
61543365
61563786
61579426
61595010
61609562
61625146
61640714
61660725
61678250
61693890
61708698
61723961
61742074
61761930
61777650
61791970
61807596
61825725
61841402
61860802
61876340
61894226
61909890
61924274
61939985
61958082
61972890
61993481
62011578
62025970
62042929
62060882
62076610
62090922
62109002
62130874
62145602
62160953
62178898
63317747
60991707
60991406
60992141
60991982
60992302
60992987
60992566
60993041
60993234
60991762
60993154
60993446
60993166
60993452
60994067
60991723
60908980
60923844
60939465
60954865
60969433
60986388
61002665
61020601
61037073
61052737
61068897
61087073
61102841
61118513
61137737
61152057
61170396
61187369
61203601
61219209
61237257
61253553
61269377
61287249
61303825
61319321
61337529
61355417
61369913
61385497
61403569
61421961
61436481
61454425
61470193
61487681
61503433
61521393
61536993
61552633
61570897
61586137
61601993
61619865
61635561
61655129
61669593
61685153
61700785
61716561
61734513
61753105
61771201
61785617
61803617
61818081
61833857
61848121
61868593
61884225
61899929
61914369
61931009
61948025
61962369
61980441
62000137
62015892
62033985
62048497
62066377
62080985
62098865
62113449
62137497
62152081
62170121
62185681
63320777
60994676
60994956
60995980
60996171
60996160
60996219
60996251
60996345
60996417
60995862
60996534
60996456
60996642
60996229
60996642
60996367
60914529
60927961
60945994
60959570
60974290
60991738
61006898
61022908
61039057
61056642
61074538
61088938
61108154
61123858
61139716
61157666
61174858
61189372
61207874
61223722
61241474
61257922
61269850
61285690
61303250
61321386
61337018
61353650
61369217
61387490
61402234
61420265
61438202
61452666
61468097
61489394
61505130
61519458
61537610
61554610
61572730
61590530
61606314
61620785
61638722
61657026
61672713
61690730
61705122
61720897
61738842
61757458
61773156
61791237
61805434
61823629
61839282
61853602
61876482
61892210
61906665
61924674
61939121
61957066
61971874
61992524
62010634
62025386
62043122
62057586
62073273
62091210
62106042
62122386
62145474
62159826
62177898
62192362
61071258
61000312
61000368
60999127
60999319
60999434
61000263
60999503
60999023
61000407
61000656
60999071
61000688
60999167
61000760
61000792
61000864
60919222
60936367
60950842
60966415
60984656
61001192
61017584
61030431
61047280
61063904
61079608
61094824
61114112
61129947
61147888
61163675
61179658
61197675
61215059
61229506
61247587
61265195
61279883
61295301
61315427
61329819
61345434
61363397
61380307
61395875
61411517
61432219
61446683
61462301
61480315
61497779
61513493
61531507
61545899
61561626
61583107
61597915
61615571
61630035
61645653
61663979
61677154
61695267
61709659
61725699
61740997
61763331
61778987
61794643
61807890
61823419
61841515
61855979
61876466
61894411
61910067
61924459
61940242
61958187
61972651
61990202
62011747
62027451
62041898
62059843
62074651
62092307
62106771
62122333
62146643
62161331
62179083
62193891
63328611
61002404
61002722
61003095
61003511
61003863
61002327
61003855
61002848
61003866
61004115
61003778
61004203
61002669
61004211
61004323
61004315
60923311
60938064
60954768
60970840
60985496
61002120
61018255
61036992
61053656
61066888
61080256
61094255
61113448
61129216
61145232
61160671
61178928
61194632
61211999
61230064
61244623
61263192
61279912
61294528
61312258
61330440
61345104
61362682
61380792
61396888
61412575
61433208
61448912
61463359
61481352
61498888
61514599
61532544
61548248
61565008
61584192
61598584
61614168
61630015
61648032
61667504
61681896
61697511
61713098
61728802
61746864
61766816
61782448
61798104
61812424
61828183
61843688
61859664
61879879
61897824
61913552
61927944
61943664
61959248
61974938
61993048
62014056
62028720
62042935
62057264
62074136
62088944
62104170
62122328
62142888
62158671
62176656
62190960
63333296
61006998
61006838
61007457
61007078
61007569
61007289
61008097
61007353
61008041
61007889
61008017
61008946
61008434
61008810
61009170
61008099
60927090
60944376
60959840
60974432
60990688
61006779
61023056
61041960
61058624
61074280
61090936
61105328
61122488
61140352
61152336
61168075
61185662
61201091
61218318
61234203
61252027
61269587
61284043
61299862
61318595
61335515
61350318
61367979
61384531
61401555
61417203
61434331
61449150
61461907
61477611
61496243
61514307
61530043
61544771
61560270
61581619
61597331
61611910
61629803
61644539
61662187
61681715
61696307
61714195
61727507
61740795
61752707
61773891
61790675
61805414
61822067
61837627
61855787
61870366
61893059
61907651
61923083
61938715
61956803
61971278
61989251
62009219
62027155
62041507
62059651
62074179
62092059
62106710
62124531
62145339
62163203
62179739
62194862
63336779
61010674
61010362
61011293
61010508
61011329
61010977
61011220
61011180
61011065
61012220
61011201
61012504
61012437
61010353
61012137
61010665
60928948
60942496
60958195
60973992
60992481
61007569
61025138
61041634
61056081
61072476
61089428
61107177
61124018
61138834
61155417
61171605
61189465
61202769
61220129
61235761
61250209
61269001
61284633
61300354
61316858
61332434
61348145
61363753
61381705
61397628
61415441
61433833
61449465
61463793
61479706
61498409
61513852
61531930
61547634
61562001
61581113
61597097
61612409
61630116
61647929
61663561
61683105
61697586
61713154
61729258
61744652
61760121
61780353
61796081
61811476
61825722
61838881
61854865
61870273
61890924
61906514
61922506
61938081
61953548
61969017
61987113
62002769
62023865
62039497
62055177
62069562
62085242
62100844
62119018
62134650
62155145
62170713
62186396
62204409
63342035
61016452
61016940
61016222
61016947
61016302
61015857
61017364
61015953
61017337
61016060
61017436
61016033
61017641
61016148
61017633
61016268
60935141
60949852
60965577
60981628
60997425
61014028
61030169
61047697
61062353
61079116
61095625
61111404
61130321
61147369
61161785
61177545
61197041
61212761
61227649
61240841
61255441
61270569
61288665
61304297
61322065
61337625
61353353
61369049
61385833
61401508
61417161
61437569
61453545
61469201
61484833
61499321
61519153
61533617
61549508
61565105
61584292
61599916
61616417
61633385
61649153
61664793
61684193
61698937
61714476
61730977
61747945
61763681
61782297
61798420
61813585
61829492
61846089
61862961
61878593
61894225
61905089
61919673
61935116
61950993
61968881
61984609
62000193
62019977
62034609
62050348
62067057
62080329
62098297
62114049
62128569
62144009
62168217
62183025
62200793
63345401
61019155
61018886
61019521
61019033
61019617
61019182
61019598
61019196
61019738
61019383
61019743
61019402
61019882
61019471
61020005
61019626
60941171
60956832
60972304
60987079
61005464
61021680
61036816
61053467
61071056
61088008
61103376
61120274
61138280
61155280
61169786
61189280
61203720
61219538
61239168
61253856
61272424
61286872
61302560
61317032
61334826
61350250
61368368
61386392
61401211
61418816
61437200
61451595
61469624
61485360
61499739
61520904
61535360
61551034
61569024
61588176
61602610
61620672
61635080
61650626
61668744
61687040
61702810
61720776
61735075
61750642
61768824
61787504
61803250
61821216
61835624
61853392
61869440
61888595
61906600
61917599
61933226
61951184
61966824
61981346
61996874
62020272
62035083
62052824
62067120
62083058
62100968
62115368
62131154
62149128
62170984
62185530
62202128
63348257
61022203
61024062
61024806
61024510
61024633
61025575
61025170
61025623
61025716
61026096
61025679
61026056
61024960
61026171
61026297
61026302
60946285
60957003
60973051
60991378
61006111
61022650
61038782
61057538
61073255
61089898
61106495
61122071
61139031
61155242
61170513
61188474
61205663
61219975
61237626
61253009
61271210
61288695
61304359
61317766
61332982
61347354
61364247
61382322
61397975
61412430
61428006
61446540
61464399
61480087
61494914
61513345
61531207
61546943
61562607
61577399
61596367
61611886
61629898
61645518
61661221
61675824
61697595
61711992
61727746
61745691
61761328
61775643
61795671
61813683
61828096
61843791
61861779
61877432
61896552
61913496
61929160
61943536
61959203
61976027
61992896
62007787
62028322
62046456
62060843
62076691
62094480
62110216
62123376
62138978
62162016
62178888
62193339
62208799
63353696
61027604
61027359
61027992
61029276
61029252
61029188
61029327
61029397
61029387
61029143
61029320
61029253
61028600
61029208
61029476
61029371
60945055
60959357
60974946
60993306
61008234
61024602
61040818
61059538
61075178
61090882
61107418
61125338
61141322
61160386
61174642
61194346
61209074
61226949
61243370
61261085
61276754
61293002
61311138
61326722
61343162
61358976
61377061
61392426
61408178
61423810
61438234
61456594
61474618
61490266
61504546
61525914
61540506
61558373
61573970
61588794
61607610
61625562
61641298
61656962
61671509
61693341
61705282
61721005
61736682
61752314
61766706
61786634
61802386
61820194
61835826
61851554
61867154
61881898
61901946
61917893
61935746
61951450
61967218
61981802
61999602
62013986
62037538
62051930
62067682
62085634
62101266
62115994
62131218
62146973
62168690
62184594
62200050
62216746
63356754
61031046
61031614
61031673
61032275
61032272
61032202
61032179
61030378
61030290
61030832
61030576
61030995
61030707
61031219
61030998
61031874
60950074
60963378
60978076
60991218
61009210
61026018
61040170
61055874
61072274
61088554
61100778
61118626
61135442
61149946
61169208
61183696
61200792
61218864
61234632
61250744
61266608
61286504
61301168
61316672
61334272
61352368
61367864
61382480
61402952
61417344
61434168
61450160
61463362
61481448
61496184
61511640
61530344
61548248
61563976
61578728
61599912
61615544
61630128
61648032
61662424
61678272
61700040
61715768
61730208
61748232
61762816
61782952
61801560
61817202
61835368
61849968
61867944
61882360
61902864
61920888
61935232
61950922
61968936
61984640
61998888
62015056
62036016
62051424
62067248
62080480
62096336
62111752
62128384
62144088
62159840
62183936
62198352
62216352
62229544
63362280
61035815
61035626
61036317
61035947
61036464
61036227
61036995
61036315
61037131
61036886
61036819
61037955
61037292
61037854
61037404
61037972
60956905
60972770
60988317
61003109
61019248
61035480
61054176
61070538
61086317
61101591
61119416
61137477
61153066
61168930
61185658
61204154
61218554
61234365
61253930
61269682
61284090
61301594
61317429
61334010
61353138
61368690
61384418
61401101
61419165
61434850
61450474
61467562
61482397
61496677
61513314
61532090
61547666
61562117
61577709
61593621
61613637
61630653
61645397
61660888
61678773
61696933
61712589
61728501
61746322
61760730
61776309
61798706
61813162
61831242
61845960
61863722
61878125
61895922
61915754
61931053
61948842
61963458
61981306
61996042
62014106
62034285
62049717
62067626
62082114
62098000
62115762
62130464
62148330
62162738
62184776
62202538
62217168
62234962
61103258
61040227
61040334
61038985
61038670
61039276
61039031
61039607
61039156
61039588
61039343
61039644
61039426
61040116
61041176
61041136
61041139
60959857
60971978
60989058
61003799
61019858
61036103
61053431
61071143
61086775
61103375
61120007
61135695
61152503
61166919
61184247
61199695
61216727
61234727
61252087
61266551
61282151
61299783
61315770
61331375
61349975
61366943
61382671
61399391
61415295
61431711
61448767
61465831
61481642
61499463
61515207
61533967
61547215
61562895
61578551
61594207
61613231
61628935
61644583
61659335
61674671
61692703
61712183
61726679
61742247
61757930
61775943
61790471
61811527
61825847
61843991
61859647
61874007
61886023
61901727
61922183
61937943
61953303
61971255
61987183
62001647
62017327
62039263
62056239
62071943
62086183
62101938
62120031
62135679
62150175
62165743
62187719
62205671
62221375
62236999
63368480
61042252
61042850
61042706
61043816
61043982
61043818
61043972
61044624
61043996
61043840
61044167
61043998
61044137
61043952
61044330
61044123
60961809
60974015
60989983
61005396
61023972
61040252
61056580
61070124
61086228
61103196
61119556
61135532
61151951
61167807
61184807
61202692
61218623
61235444
61252949
61267359
61279658
61298295
61313860
61328340
61346356
61361903
61379839
61394180
61412303
61427903
61445623
61464196
61478508
61494314
61512244
61531148
61545919
61561300
61578076
61590260
61606964
61625756
61640911
61658444
61674148
61689796
61708372
61723847
61741735
61757463
61773068
61787876
61810274
61828004
61843684
61859455
61873796
61890700
61905020
61925690
61943548
61959252
61973794
61989255
62006103
62022996
62043060
62058450
62076492
62090956
62106834
62122271
62140364
62155151
62170724
62192167
62210231
62225916
62239036
63374186
61048081
61047943
61048692
61048284
61048636
61049322
61048583
61048213
61049554
61049752
61049525
61049907
61048322
61049864
61050049
61050032
60969767
60983225
60996749
61012730
61031050
61045986
61062370
61078808
61094458
61112362
61128954
61144706
61161498
61175882
61192845
61210765
61226954
61242658
61262386
61278042
61292466
61310074
61326034
61341314
61359170
61375158
61391653
61410920
61426530
61440858
61456706
61475123
61492922
61508616
61523074
61543058
61557538
61573218
61589154
61605794
61623650
61639309
61652570
61668229
61683874
61698642
61717962
61735858
61751546
61768370
61782888
61798482
61820554
61835242
61851170
61869002
61883738
61901466
61920730
61938802
61953144
61971218
61986922
62001301
62019456
62035130
62054842
62072989
62087418
62105418
62119970
62135576
62153618
62168058
62192146
62206882
62217493
62228821
62241650
63377914
61051699
61052345
61052439
61053176
61053350
61053217
61053364
61053340
61053383
61053308
61053487
61053289
61053441
61052452
61053591
61052716
60970567
60986327
61001082
61017010
61029157
61045018
61062002
61077642
61094042
61110658
61127248
61142906
61159682
61175370
61191122
61206717
61224050
61240800
61259437
61273778
61289882
61307370
61322901
61340730
61358570
61374218
61388970
61405138
61424626
61440282
61455930
61472946
61488530
61504509
61521149
61539810
61556554
61572506
61587242
61602709
61621634
61639642
61655346
61668514
61684258
61699890
61719362
61735018
61749402
61765066
61781066
61796533
61817325
61834202
61848810
61865538
61882394
61896786
61912565
61935362
61950994
61965861
61981234
61995402
62010098
62025554
62046602
62062277
62080370
62096002
62110682
62126050
62144122
62158501
62174426
62198378
62214034
62229762
62245442
63380466
61054192
61054054
61054833
61054839
61054951
61055644
61055180
61055655
61055863
61054420
61055767
61056021
61055740
61056085
61054607
61056304
60974835
60990956
61006474
61021490
61039618
61055850
61072274
61087370
61103890
61120714
61138714
61154373
61172330
61188058
61206122
61222122
61240122
61254586
61272229
61290026
61306610
61322108
61340114
61356818
61374618
61389045
61403489
61422592
61438434
61453130
61473570
61489218
61503893
61521706
61536394
61557266
61571917
61589802
61605434
61623493
61641306
61658138
61672538
61690626
61705277
61724778
61739210
61754650
61770330
61786020
61804122
61821449
61839586
61855218
61869962
61885533
61900833
61918746
61939402
61953802
61969757
61987594
62003354
62017730
62033562
62054316
62072418
62088122
62102474
62118129
62136218
62151922
62166250
62182157
62206202
62220666
62236557
63383362
61057662
61058407
61058535
61058773
61058428
61058824
61057637
61058682
61058684
61056964
61061647
61060103
61061762
61060151
61061727
61060319
60979754
60992454
61007734
61023398
61042022
61058286
61074710
61089726
61105622
61122097
61141150
61156734
61172622
61188422
61207406
61222062
61239110
61257103
61274543
61290191
61304743
61323439
61340383
61354711
61372506
61390583
61405031
61424231
61439887
61454631
61470039
61490631
61506327
61521167
61536519
61556223
61573239
61587735
61603343
61621360
61640399
61654799
61672935
61688591
61703039
61724919
61738319
61753730
61771775
61784967
61799455
61812687
61831439
61847159
61862839
61877583
61894175
61908639
61925855
61946999
61961815
61977095
61995119
62009447
62025303
62042159
62063255
62077607
62095808
62111327
62127079
62142735
62158423
62174151
62188471
62210463
62228359
62243791
62259655
61063671
61064121
61064075
61063298
61063439
61064204
61065104
61065424
61065379
61065379
61065119
61065202
61064127
61063954
61064639
61065579
61065694
60980438
60991529
61008265
61024041
61038577
61054892
61071356
61089729
61106185
61121465
61138260
61154841
61173009
61186169
61200881
61218905
61234833
61250644
61270265
61284657
61300500
61318969
61335969
61350289
61369233
61386201
61400793
61416907
61436601
61451409
61466611
61487385
61503017
61518761
61533297
61554249
61568737
61584283
61602417
61618121
61636089
61654041
61668457
61684065
61699830
61717897
61737425
61751841
61767593
61785569
61799961
61815545
61835441
61848849
61864564
61880161
61895940
61911321
61926977
61947425
61963161
61978889
61994473
62011369
62025761
62041593
62062401
62077953
62093772
62109321
62125313
62140601
62156556
62174305
62189961
62211809
62227465
62243049
62258705
63392601
61066539
61066350
61067110
61066790
61067249
61067985
61067089
61066713
61067931
61068340
61066742
61068495
61068450
61068391
61068452
61068444
60985978
60999392
61016309
61029552
61045909
61063229
61079621
61093997
61111645
61128280
61142405
61158237
61175088
61190517
61207997
61223325
61241757
61256213
61273509
61289341
61304877
61322357
61339253
61353525
61372661
61386933
61401541
61419541
61437477
61453093
61466589
61484741
61501621
61517277
61531685
61547245
61565208
61580741
61596453
61612237
61627757
61646645
61662453
61678093
61693749
61709437
61728693
61744517
61760213
61775805
61791293
61809301
61829157
61844589
61859245
61873773
61889349
61905085
61920693
61936341
61950805
61966365
61982269
61997861
62013413
62028917
62044661
62065813
62081365
62097141
62112565
62128448
62144088
62162021
62177685
62193357
62215149
62230845
62246469
62262109
63395925
61069869
61069573
61070600
61069680
61070485
61070307
61070422
61071510
61070931
61070115
61070099
61071681
61071737
61071667
61071748
61071560
60989069
61003589
61019309
61035373
61051229
61067429
61083837
61100309
61115933
61132605
61149197
61164853
61181581
61196045
61212965
61228719
61245935
61264037
61281405
61295829
61311599
61326588
61343396
61359092
61376844
61391428
61407012
61427212
61442924
61457412
61473092
61493652
61509364
61524124
61539722
61558279
61576292
61590783
61606204
61622183
61642295
61659212
61673620
61689212
61707380
61721836
61741356
61759300
61774175
61791772
61807492
61822167
61844140
61859868
61874276
61891100
61904332
61919988
61940591
61956156
61970460
61986519
62004359
62018756
62034508
62052460
62072572
62088004
62105908
62124860
62139452
62155172
62173068
62187612
62209439
62227452
62241764
62258639
63402196
61076142
61077752
61077878
61077790
61077779
61077889
61077832
61077787
61077926
61076958
61078038
61077751
61077912
61077703
61077971
61077815
60996557
61007830
61024699
61039222
61057691
61073923
61090347
61106675
61121059
61138939
61155587
61170315
61186682
61204883
61220587
61238723
61254643
61270494
61290035
61304491
61320085
61340155
61355811
61370227
61390483
61404875
61420710
61438670
61456587
61472243
61486886
61507395
61521811
61539811
61554670
61573182
61591027
61606819
61621126
61639235
61657355
61672894
61690883
61705606
61719771
61737006
61752662
61770483
61786211
61800555
61816173
61838555
61853035
61868581
61886667
61901550
61917062
61934907
61952899
61968571
61984203
61998523
62014430
62030014
62047979
62062371
62083307
62101379
62117035
62131427
62147045
62165131
62180859
62195179
62217358
62235187
62250843
62266499
63405123
61078908
61078578
61079192
61078885
61079215
61078823
61079935
61079050
61079743
61079738
61079837
61079586
61079666
61080669
61079904
61079424
61002377
61015985
61031436
61047425
61062409
61078369
61094828
61111551
61125665
61142273
61156625
61174569
61191331
61206073
61224009
61238404
61255559
61273716
61291129
61305521
61321473
61338934
61355553
61371097
61390212
61405876
61421537
61439467
61453939
61469684
61485110
61503454
61519241
61535956
61552833
61570641
61586110
61604025
61619585
61634105
61653548
61669015
61684607
61702580
61718169
61732964
61752364
61770105
61785809
61800129
61818036
61831742
61851550
61867137
61885123
61900761
61915132
61931119
61951604
61968100
61985049
61998193
62013873
62029628
62044017
62059828
62082860
62097489
62109532
62126345
62141220
62156644
62174516
62190273
62204652
62226465
62244465
62258985
62276988
61082105
61083496
61083637
61083541
61083725
61083719
61083645
61083559
61082978
61083569
61083818
61083598
61083917
61083694
61083879
61083750
61084061
61004204
61021344
61036688
61052656
61068744
61082736
61098936
61116672
61133312
61148976
61165488
61181144
61198000
61214976
61228488
61244150
61261259
61277032
61294456
61309840
61326672
61344248
61359888
61375224
61393192
61408920
61424560
61442496
61458072
61473802
61488176
61503003
61518536
61534464
61550120
61570984
61586640
61601112
61616872
61633440
61653936
61668515
61684219
61701968
61716504
61732003
61753928
61769704
61784000
61802072
61816880
61832392
61852008
61870250
61885896
61900312
61916115
61934000
61954579
61970232
61984552
62002624
62018368
62033040
62048450
62064000
62085080
62099400
62115058
62133128
62147664
62163378
62181248
62195712
62211288
62234280
62251232
62265824
63411488
61085310
61085062
61085865
61085630
61085614
61086633
61085542
61086577
61085782
61085436
61085842
61086973
61087291
61087186
61087235
61087874
61006003
61019107
61035130
61051098
61065738
61082090
61100738
61117234
61132890
61149506
61166170
61180619
61197654
61213393
61232426
61246991
61266354
61282130
61298431
61316309
61331997
61348381
61364076
61382085
61399877
61414285
61430076
61450245
61464709
61480301
61498389
61516845
61531613
61549261
61563725
61582453
61598008
61613772
61631837
61646581
61665380
61683093
61698973
61713424
61729028
61750933
61766661
61780989
61796559
61814797
61830525
61849335
61867141
61881597
61894925
61910557
61926237
61940552
61961220
61979125
61993968
62011573
62026037
62041591
62059829
62074645
62095423
62108621
62124117
62139836
62155375
62171031
62189173
62203829
62225525
62241268
62259277
62273741
63414733
61088644
61088268
61089388
61088695
61089159
61090002
61089479
61090005
61090170
61088770
61090031
61090395
61090130
61090467
61088895
61090614
61010375
61021424
61037008
61053264
61071416
61091352
61102896
61115056
61126616
61141104
61156472
61175536
61190352
61209160
61225160
61242984
61260168
61273416
61287040
61305320
61320960
61336544
61351696
61367507
61385496
61403248
61417976
61433192
61451144
61467072
61484944
61500688
61519024
61533504
61549072
61565032
61583440
61599408
61615952
61631600
61647240
61666320
61680720
61696376
61712208
61727944
61743296
61762960
61778608
61794288
61810016
61825608
61843560
61863416
61874331
61887464
61901864
61913960
61924880
61939224
61951176
61971808
61988784
62004304
62019824
62037880
62053616
62067928
62089187
62107024
62121584
62137216
62152864
62167608
62183096
62198464
62211848
62233496
62249320
62264896
62280752
63421712
61095371
61095046
61095734
61095265
61096292
61095474
61096319
61095578
61096271
61096151
61096287
61096213
61096261
61097162
61096232
61097216
61018509
61032088
61045053
61063365
61079405
61095645
61112061
61126045
61144189
61160853
61177469
61191989
61209832
61226821
61242432
61262013
61277749
61292125
61309413
61325325
61343205
61360872
61376453
61391205
61408541
61424240
61442269
61460205
61474693
61490445
61508461
61526805
61541317
61559197
61573661
61592317
61608389
61621205
61638173
61653853
61671629
61689701
61705405
61719749
61737821
61756565
61774149
61788885
61806685
61822405
61836989
61859093
61873509
61889069
61907237
61921853
61937429
61955333
61974453
61990253
62008325
62022685
62040917
62055317
62073389
62093085
62111229
62125549
62143645
62159349
62173709
62189437
62203973
62221925
62243725
62258261
62276237
62290557
63424589
61099201
61099737
61099869
61099971
61100070
61099939
61100048
61100062
61100158
61099233
61100283
61100127
61100275
61100421
61100372
61100184
61018917
61031224
61044570
61058896
61075864
61090840
61108200
61123344
61140008
61158912
61175568
61189971
61209216
61224099
61240602
61258704
61275072
61292736
61310096
61324584
61340176
61357786
61375800
61391520
61406760
61424856
61440560
61457256
61472808
61488696
61504320
61524664
61540616
61556192
61571992
61589480
61605336
61620648
61636544
61654424
61672296
61689240
61704872
61720544
61734840
61750744
61769904
61786760
61803864
61819512
61833768
61849472
61869616
61887448
61903144
61918808
61933296
61948808
61969376
61987336
62000568
62013952
62029672
62045194
62063280
62078832
62098704
62114264
62132432
62148064
62162504
62178098
62196184
62210616
62223952
62245728
62263672
62279336
62294920
63427726
61102258
61102773
61102800
61103119
61103183
61103052
61103108
61101232
61101216
61101928
61101432
61102046
61101635
61102691
61101862
61102750
61019782
61032118
61047630
61065481
61081961
61096873
61113168
61130208
61146648
61163240
61178616
61194448
61213472
61229128
61244888
61260544
61277883
61293448
61311003
61327520
61344520
61361872
61377824
61391080
61407624
61423256
61438912
61454632
61472568
61486960
61502520
61520840
61538936
61554568
61568976
61585907
61605784
61620248
61636075
61653976
61671744
61687408
61705480
61720072
61735483
61753672
61772075
61789976
61804547
61820408
61835675
61853792
61873648
61887968
61904104
61919571
61937400
61953152
61973584
61987832
62003803
62019547
62037376
62053032
62067520
62083267
62104379
62119784
62137864
62152328
62168131
62186056
62200448
62216032
62240248
62255952
62268115
62283747
63430760
61104545
61104394
61105050
61106150
61106308
61106241
61106324
61106294
61106270
61106278
61106433
61105494
61106459
61106456
61106449
61107109
61025094
61036014
61050813
61068564
61085001
61101158
61117510
61133276
61149393
61166316
61182921
61198430
61215238
61230894
61247942
61261331
61278299
61295249
61313873
61329510
61345198
61361510
61377315
61393940
61413020
61428625
61444230
61462214
61478006
61493566
61509262
61527590
61543246
61558945
61574454
61593190
61608838
61624582
61638982
61654638
61673670
61689619
61707556
61723078
61738814
61754462
61769139
61785966
61800558
61816001
61831819
61849756
61869625
61885230
61900025
61915499
61931083
61946515
61962005
61985110
62000734
62015046
62030817
62046435
62064585
62080190
62100030
62115945
62131515
62146899
62165036
62180630
62195046
62210923
62228825
62250329
62265369
62280819
62296428
63433814
61107715
61107505
61108503
61108276
61108409
61113241
61112362
61113295
61112492
61112154
61113452
61112143
61113556
61113961
61113629
61113853
61032377
61045757
61063545
61078769
61094675
61110979
61129716
61146065
61161761
61175883
61189921
61206929
61222587
61239297
61257660
61272313
61291569
61307305
61323353
61341561
61358425
61374800
61392833
61407088
61426169
61441864
61459913
61477849
61493572
61507833
61523489
61544273
61559905
61575585
61591377
61608865
61624603
61642513
61658153
61672961
61691835
61708417
61725457
61739849
61755425
61775107
61791785
61808868
61823577
61838971
61856961
61876841
61891339
61909233
61924961
61939305
61954896
61973049
61993649
62007993
62026081
62040553
62056243
62074281
62088601
62109835
62127801
62142113
62158027
62175945
62191577
62206075
62224089
62238553
62260289
62278377
62292841
62308579
61114882
61116247
61114713
61115326
61114948
61116404
61116669
61116324
61116685
61115151
61116749
61115293
61116816
61116864
61116936
61116904
61116925
61032858
61049730
61065610
61080610
61098658
61114938
61131290
61147762
61162154
61178770
61195298
61211122
61227962
61244810
61262810
61278514
61294458
61310186
61327426
61343122
61361226
61377674
61393242
61408930
61426853
61444754
61460386
61478322
61493906
61508378
61524181
61542501
61560426
61574906
61591666
61607954
61623658
61641730
61657362
61673082
61691290
61706586
61724658
61738970
61754877
61776546
61791010
61806909
61823541
61840442
61855005
61877058
61891794
61907106
61925178
61940882
61955634
61971165
61992482
62007050
62021578
62036338
62054066
62068482
62084066
62101170
62123034
62139178
62156930
62171250
62189458
62204098
62221898
62236706
62260506
62276253
62290650
62306469
63443770
61118411
61119035
61119073
61119190
61119487
61119040
61119168
61117432
61119112
61117683
61119200
61117664
61119315
61117720
61119296
61117803
61034786
61049405
61067461
61082261
61100549
61116813
61133165
61148741
61163885
61182989
61199653
61214069
61230781
61250269
61265925
61281021
61299973
61314349
61331909
61349805
61364581
61381652
61399853
61413117
61429661
61443981
61462069
61480085
61494845
61512653
61527021
61545485
61563461
61578189
61593605
61614357
61629389
61646861
61662797
61677317
61696349
61714397
61729061
61744541
61761133
61782005
61796669
61812317
61830221
61844637
61860461
61882493
61898149
61912541
61930613
61946341
61961077
61976581
61999189
62014917
62029429
62047381
62063101
62077805
62095517
62116621
62130909
62146607
62164765
62180421
62194933
62212885
62228541
62243053
62267101
62282805
62297317
62315197
61120502
61122008
61122064
61121496
61122094
61120378
61120991
61121119
61120741
61122267
61122441
61122363
61122283
61122435
61122402
61122411
61123114
61037622
61054721
61070482
61085429
61103258
61119682
61136202
61151384
61167130
61185986
61202795
61218386
61233941
61251978
61269032
61284754
61300650
61318829
61334898
61350690
61368618
61384994
61400778
61418690
61436434
61450842
61468898
61486946
61501538
61517117
61535162
61553482
61568018
61585888
61600362
61619026
61635850
61652867
61667402
61682802
61703010
61720042
61735674
61750074
61768170
61787712
61802117
61817762
61833434
61846514
61864765
61884570
61898970
61914890
61930250
61946077
61964053
61979682
61999218
62014362
62030258
62048226
62062690
62078370
62096386
62116210
62131821
62149914
62164330
62179906
62195786
62213738
62228322
62246202
62266858
62284834
62299690
62314957
63450107
61124458
61125106
61125403
61125679
61125377
61125714
61124142
61125869
61124233
61125890
61124297
61126053
61125839
61125622
61125839
61125828
61042520
61056696
61072648
61090801
61106841
61123049
61139497
61155881
61171612
61188177
61204769
61219153
61232393
61249201
61266249
61281889
61299161
61313553
61331289
61346656
61364649
61382297
61397953
61412409
61430017
61445808
61461400
61481793
61497497
61511913
61527409
61547105
61561521
61577113
61592920
61614001
61629633
61645353
61659793
61675385
61694472
61712537
61728265
61742657
61758368
61774008
61793304
61811537
61827169
61842913
61857241
61872825
61892928
61910865
61926569
61941001
61956680
61974617
61995145
62009561
62025337
62041937
62056977
62072185
62087976
62105913
62126993
62141609
62157104
62175081
62189593
62201448
62217417
62232712
62248464
62272785
62287361
62302656
62320817
63453513
61127040
61126931
61127389
61127091
61127528
61127227
61127886
61127379
61128131
61127982
61128254
61128057
61128329
61128929
61129510
61129245
61046514
61062110
61075621
61093867
61108950
61125013
61143654
61160139
61175771
61191171
61207826
61223501
61242683
61259771
61274277
61293699
61309355
61325075
61341317
61359219
61374955
61391291
61407061
61422861
61440557
61458435
61474179
61490859
61506589
61524539
61539971
61558587
61573003
61592235
61605419
61621771
61635075
61649661
61667539
61683195
61701374
61716797
61732710
61749171
61764883
61779699
61798947
61814643
61831291
61845877
61863827
61879507
61898126
61913997
61931915
61946766
61962069
61980067
61994731
62015085
62032763
62047782
62063229
62081131
62095619
62111262
62132301
62150379
62164966
62182795
62197611
62215259
62231003
62245501
62269523
62284382
62299637
62317643
63461163
61135072
61134819
61135897
61135061
61135874
61135650
61135591
61136567
61136090
61136640
61135735
61136562
61136922
61137212
61136960
61136995
61056579
61070011
61085590
61103836
61118628
61135060
61151396
61167588
61184204
61199771
61217612
61235708
61250236
61267251
61285196
61301140
61319372
61335044
61351211
61369236
61386860
61401679
61416830
61437068
61451716
61467193
61485244
61503204
61517710
61535668
61554076
61568860
61586516
61602252
61617900
61635292
61651099
61669100
61684772
61702740
61718526
61735116
61751996
61766524
61782092
61801625
61819684
61834148
61852148
61867892
61882292
61904604
61919132
61934911
61951404
61968452
61984068
61998476
62018979
62036956
62052676
62067551
62083207
62099479
62116484
62137492
62151956
62167532
62185636
62200156
62216028
62231294
62249460
62263836
62285580
62301355
62319444
63464076
61138833
61138289
61138564
61139142
61138793
61139287
61139572
61138237
61139570
61138250
61139626
61138376
61139679
61139872
61139599
61140129
61059657
61075435
61091118
61109164
61124049
61141484
61157945
61171971
61188556
61204137
61220907
61237643
61253384
61272673
61288305
61305505
61320436
61335590
61354164
61371060
61386748
61402372
61417438
61435601
61453273
61469025
61484681
61501412
61517123
61532638
61550737
61569121
61583537
61599283
61614998
61635956
61651601
61666396
61681667
61697454
61716531
61734489
61750121
61764844
61780318
61799827
61815182
61833332
61849001
61864585
61880164
61900257
61915913
61930660
61945985
61962857
61977692
61995108
62014537
62030355
62048265
62063921
62078427
62096385
62110865
62126708
62147598
62165553
62180004
62198113
62213745
62228347
62246220
62261889
62282924
62300508
62316177
62330972
63466969
61141398
61141086
61141553
61142020
61141324
61142528
61142226
61142611
61140975
61142814
61141200
61142715
61142830
61142932
61142862
61142955
61061400
61077297
61095036
61111108
61125911
61142140
61159804
61176204
61192724
61208380
61224772
61241852
61257484
61274484
61290140
61306268
61321799
61337458
61354777
61370697
61388615
61406239
61420655
61436274
61454145
61472127
61487687
61505719
61520135
61535754
61551465
61569881
61586514
61601004
61619119
61637847
61653551
61668346
61683586
61699204
61720687
61736391
61750879
61766439
61783239
61800340
61815849
61831604
61847449
61863009
61878737
61895564
61913889
61929785
61945441
61960932
61976729
61992322
62012754
62028423
62044450
62060090
62075343
62092239
62107895
62123551
62144487
62160191
62175775
62191479
62207111
62222695
62238399
62254031
62268623
62290199
62305919
62321538
62337610
63469885
61144460
61145020
61144948
61145296
61145002
61145288
61145422
61145499
61145440
61145550
61145617
61145523
61145587
61145440
61145654
61144627
61065780
61081596
61095820
61114108
61129972
61145588
61161596
61179228
61195956
61211564
61226988
61244044
61259364
61278844
61293436
61310478
61328500
61342964
61360374
61378412
61396020
61410348
61428452
61445012
61460494
61478644
61493044
61513484
61529116
61543523
61564220
61579628
61594204
61612340
61626804
61645499
61663532
61679260
61694916
61712878
61729591
61746500
61761348
61776582
61793548
61812980
61828686
61846708
61861028
61879100
61894828
61912203
61930340
61944596
61960315
61978548
61994132
62013700
62031420
62045884
62061451
62077148
62092764
62108678
62126556
62147588
62163236
62178964
62193332
62211428
62227060
62241828
62259548
62280156
62295867
62313884
62328398
63473125
61146926
61146630
61147577
61147417
61147529
61147356
61147810
61148463
61147623
61148351
61148626
61147194
61148599
61147258
61148786
61147456
61069662
61086962
61101553
61119434
61134770
61150930
61167113
61185826
61202514
61218186
61233378
61252674
61267410
61284028
61302186
61319378
61334178
61350180
61369226
61384890
61402514
61418242
61432698
61450578
61466247
61481721
61499666
61517674
61533338
61548066
61566177
61581634
61597338
61612826
61628729
61647385
61663089
61681002
61696642
61715730
61730194
61745953
61761396
61779642
61794122
61814698
61829530
61844873
61860388
61878474
61892938
61915234
61929609
61947626
61962114
61977666
61993330
62009113
62031882
62047514
62062250
62077593
62095698
62111402
62125794
62146857
62164826
62180530
62194905
62211682
62228666
62243066
62261066
62275730
62297292
62315354
62330186
63475794
61150162
61149962
61149954
61150968
61150460
61151005
61150516
61151034
61150239
61151055
61151343
61151577
61149895
61151539
61151571
61151592
61072972
61088753
61102841
61121265
61136209
61152769
61168705
61185201
61202075
61218641
61236473
61252025
61267864
61287153
61301617
61318945
61336809
61351273
61368793
61385649
61401873
61417456
61435585
61453401
61468985
61483417
61501473
61518241
61533995
61551985
61570289
61585033
61600435
61617084
61633969
61651857
61667224
61685241
61700865
61718657
61734363
61752369
61767201
61782723
61800673
61820169
61834611
61852593
61867057
61888032
61905961
61924649
61940427
61958377
61974009
61989665
62004179
62026889
62041353
62057144
62075001
62089465
62105219
62123169
62137913
62158779
62176729
62191401
62209121
62222585
62238104
62256113
62270785
62294649
62309153
62324716
62342865
63483978
61157849
61157521
61158447
61158279
61158455
61159386
61158423
61159143
61159533
61159769
61159207
61159648
61159303
61159704
61158154
61159910
61079297
61097111
61112580
61128564
61143708
61159916
61175924
61192348
61209028
61224771
61243684
61260548
61276204
61293180
61308828
61326004
61340748
61356044
61373467
61389259
61404910
61422262
61438059
61454900
61471396
61487023
61502620
61520756
61536310
61551902
61569908
61587132
61603932
61618735
61633908
61652747
61670764
61686420
61702044
61716444
61735452
61751366
61766870
61784876
61798030
61817699
61833126
61848788
61864756
61880476
61897084
61912724
61932508
61948204
61963844
61979492
61995132
62008334
62028894
62044348
62060118
62075755
62091343
62106844
62122628
62138716
62160628
62176268
62191900
62207476
62223188
62238812
62254476
62270060
62285756
62307580
62323188
62338828
62353127
63487084
61161585
61162199
61162229
61162472
61162710
61162646
61162568
61162747
61162659
61162592
61162768
61161918
61162993
61162727
61162872
61162623
61083099
61099079
61114484
61129326
61147668
61163887
61180300
61196668
61213340
61228127
61244311
61261262
61277836
61296148
61311876
61327740
61345887
61360292
61377707
61395815
61413364
61428183
61443550
61463679
61478084
61495004
61509396
61527751
61543102
61561119
61579463
61595124
61609943
61627599
61642004
61660822
61677479
61694436
61708815
61725622
61746012
61760383
61776150
61794167
61809764
61827983
61846068
61860484
61876302
61894188
61908652
61928447
61945279
61962188
61976983
61992254
62010383
62024988
62045447
62061062
62076622
62093327
62110212
62124790
62142687
62162468
62178238
62196196
62210919
62226719
62244316
62259111
62274478
62298343
62314212
62329855
62345588
63490212
61164062
61163967
61164660
61164519
61164460
61165404
61164703
61165450
61164655
61165471
61165607
61165896
61165543
61165880
61164359
61165984
61087278
61103030
61117230
61135582
61150726
61166757
61183081
61199400
61218542
61234174
61249550
61266528
61284326
61301374
61315766
61335374
61351118
61365430
61383910
61400958
61417494
61433048
61449614
61468670
61481821
61500102
61515790
61532414
61549294
61565030
61583350
61597670
61613325
61631454
61645934
61664702
61680357
61698270
61713958
61731806
61747454
61763221
61781094
61796870
61812510
61831014
61846302
61862454
61877453
61895662
61911390
61931246
61945990
61961421
61979294
61995014
62010574
62025038
62045774
62061261
62079206
62094854
62110486
62124886
62140822
62161566
62177349
62192941
62208637
62224149
62242310
62257942
62272262
62287910
62309872
62325261
62343510
62359078
63492982
61167689
61168193
61168108
61168528
61168686
61168670
61168686
61168603
61168779
61167585
61168795
61169429
61168846
61168570
61167835
61168682
61086860
61102663
61118290
61136399
61152527
61168735
61185135
61201551
61216895
61232498
61249095
61268319
61283959
61299719
61317783
61335087
61349503
61365263
61382519
61400615
61416279
61432519
61449575
61463983
61481655
61497543
61512967
61533335
61549047
61563815
61579295
61597551
61613071
61628831
61644223
61665431
61681135
61695583
61711223
61726807
61745823
61761559
61779655
61795359
61810114
61829418
61847311
61861639
61877223
61894239
61908751
61930655
61946503
61961039
61976583
61994719
62009047
62025010
62047631
62062103
62077858
62095855
62110591
62125799
62143967
62163719
62181807
62196087
62213119
62229839
62245671
62263639
62280399
62294991
62319103
62333695
62349055
63496279
61170512
61171334
61171300
61171594
61171701
61171420
61171350
61169950
61169785
61170246
61169998
61170494
61170185
61171246
61170404
61171145
61087401
61100799
61116695
61131834
61148077
61166882
61183327
61199055
61214170
61231157
61247749
61260829
61277429
61291911
61311362
61325682
61343183
61361066
61377669
61392978
61410882
61428530
61442925
61460946
61477522
61493138
61510978
61527970
61543813
61561698
61576061
61594564
61612602
61627469
61642794
61662546
61676978
61692634
61707098
61722909
61741970
61758602
61775546
61790082
61808034
61822626
61843037
61858819
61874565
61892482
61907053
61924962
61944914
61959434
61977418
61992125
62007378
62025522
62044666
62062810
62077242
62095226
62109618
62126533
62142458
62160202
62180042
62198042
62213858
62230618
62244002
62258338
62274098
62292042
62312730
62330674
62344994
62363162
63499451
61173368
61173150
61174046
61173870
61173960
61173752
61173944
61174699
61174936
61173515
61174907
61175153
61174808
61175357
61174982
61175300
61094002
61109973
61125437
61140197
61156509
61172349
61188957
61205157
61221308
61239813
61256429
61272133
61288981
61305957
61320629
61336117
61353295
61371173
61388629
61403021
61418748
61436383
61451964
61467599
61485367
61503381
61519013
61537045
61552605
61567133
61583893
61600973
61615407
61631047
61647109
61664309
61679965
61695597
61711293
61723324
61743685
61758005
61773780
61791805
61807437
61823021
61841669
61857084
61872527
61890685
61905149
61920788
61943029
61958701
61973132
61991101
62005589
62021012
62044093
62058757
62074260
62092277
62107005
62122404
62140389
62156101
62175924
62193941
62208261
62226357
62240821
62256367
62274549
62289285
62310597
62328813
62344533
62358980
63502389
61176217
61175943
61176449
61176001
61177047
61176695
61176620
61177684
61176788
61177778
61177655
61177960
61177781
61177965
61178150
61177927
61096975
61110199
61123769
61142039
61156895
61172886
61189382
61208167
61223727
61240415
61257007
61271471
61288583
61304454
61321911
61338903
61356143
61370463
61387982
61405919
61420378
61439287
61453679
61469239
61489447
61505151
61519567
61537558
61554314
61571135
61586863
61604287
61619630
61635217
61653303
61670767
61686343
61702038
61717697
61735711
61754799
61768073
61783887
61797287
61812774
61830719
61854874
61871767
61887471
61903127
61918687
61934391
61954271
61968663
61985559
62000367
62015511
62032383
62045671
62066143
62079286
62096162
62113055
62128711
62143519
62158862
62179753
62197839
62213543
62228231
62243519
62259151
62274807
62290566
62305934
62327857
62345943
62361575
62377343
63511215
61185183
61185002
61185818
61185650
61185770
61186645
61185770
61186576
61185832
61186589
61186864
61187017
61186765
61187199
61185560
61187118
61106026
61119527
61137389
61153389
61169349
61185637
61200677
61216159
61231732
61248311
61264999
61280503
61299661
61313367
61332333
61348005
61365229
61380861
61398189
61413877
61429469
61445845
61460277
61473624
61491364
61506992
61522656
61539255
61556316
61574261
61588789
61608309
61623933
61639573
61655229
61673933
61689557
61705221
61720853
61735245
61755589
61769989
61785621
61801205
61818141
61832661
61852069
61867773
61883429
61899053
61914621
61930325
61950205
61964589
61980672
61995872
62011572
62027360
62042919
62063448
62078876
62094735
62110295
62128181
62143845
62159541
62175101
62196269
62211893
62227557
62242352
62257636
62273327
62288783
62306869
62328661
62344373
62359957
62375661
63514285
61188231
61187962
61189223
61189702
61188152
61189678
61189817
61189801
61189750
61189820
61189956
61189825
61190138
61189995
61190090
61188278
61105550
61121557
61137325
61153109
61171293
61187501
61202613
61219272
61237085
61253701
61268989
61287125
61304005
61319928
61337781
61354997
61369661
61385221
61403605
61420549
61434941
61454917
61469381
61485437
61502773
61520877
61536565
61553376
61571261
61586989
61602464
61622069
61636557
61652376
61670213
61687749
61703592
61721477
61735869
61751965
61772973
61787437
61802080
61816605
61833285
61851501
61866301
61882773
61898477
61914149
61928877
61948437
61966453
61981069
61996429
62014501
62028917
62046989
62066253
62082168
62099981
62114405
62130237
62148117
62162429
62183661
62201613
62216005
62231765
62249725
62264189
62279965
62297917
62312429
62334112
62352205
62366453
62384669
63517317
61191094
61190817
61191662
61192380
61192575
61192696
61192830
61192792
61192974
61192902
61192939
61192890
61192974
61192722
61192990
61192802
61112048
61124207
61141346
61156426
61171962
61188194
61205778
61216513
61234218
61250906
61267498
61282234
61299930
61314509
61333730
61348194
61365549
61380881
61400818
61415210
61430834
61448444
61466522
61482194
61498762
61515570
61531282
61548250
61563730
61579466
61597330
61615602
61630109
61645666
61661514
61680282
61696778
61713738
61729442
61744245
61762933
61778374
61796569
61812153
61826612
61843305
61864249
61878641
61894292
61910209
61925601
61938681
61961113
61976793
61991161
62006908
62024793
62040513
62055257
62075497
62093377
62109073
62123425
62141489
62157217
62171681
62190225
62207121
62221849
62239641
62254401
62269817
62287721
62302449
62317681
62341977
62356441
62372484
62387657
61194203
61195587
61195694
61195488
61195710
61194624
61195884
61195830
61196069
61195750
61195932
61195696
61195012
61195851
61195193
61195923
61194991
61116548
61132624
61147722
61166080
61182104
61197184
61213536
61228768
61245288
61261143
61279976
61296835
61311326
61330683
61345147
61362453
61380411
61395230
61412109
61430291
61446691
61462246
61480259
61498163
61513803
61528115
61543707
61561842
61577426
61591907
61605162
61623498
61639061
61657075
61672507
61691435
61706171
61721483
61737242
61755259
61774347
61788835
61804450
61822395
61838123
61857683
61873315
61887762
61905731
61921435
61937067
61955762
61970053
61987035
62002595
62018299
62033931
62049515
62070067
62084387
62101259
62116987
62132619
62148339
62162731
62178283
62199811
62215010
62230645
62246106
62264387
62280019
62295675
62310171
62331898
62347413
62365571
62379963
63523516
61197904
61198651
61197742
61198518
61198798
61198983
61198761
61199232
61199117
61198916
61198985
61197353
61199020
61197642
61198977
61197497
61115843
61131546
61147322
61162250
61178082
61194355
61210690
61226906
61242546
61259155
61275933
61291637
61310699
61326410
61343370
61357690
61375500
61393026
61410090
61426107
61440466
61457946
61473794
61489498
61509194
61525210
61540907
61558802
61573218
61588978
61606922
61625266
61639682
61655307
61671077
61692042
61707835
61723402
61737722
61753506
61774906
61790538
61805090
61820907
61836429
61858218
61873955
61888362
61904114
61922155
61937722
61950842
61969594
61986466
62002026
62014234
62029874
62047818
62068274
62082522
62100666
62116458
62130978
62148922
62163698
62181427
62201130
62219226
62233955
62251741
62267418
62281930
62299810
62314426
62338218
62353346
62370995
62386674
63526611
61200521
61200201
61200646
61200318
61200742
61200505
61201385
61201268
61201265
61202225
61201329
61202092
61201641
61202076
61201265
61200975
61119976
61136427
61152664
61167768
61185832
61202040
61218464
61233963
61250258
61265735
61284824
61299328
61316072
61332152
61347698
61360863
61376903
61392546
61409863
61425495
61441107
61458773
61474218
61490205
61507677
61525704
61540184
61559128
61575059
61590712
61606336
61624656
61640371
61655960
61671616
61690248
61705952
61721536
61737240
61752872
61771984
61786376
61803248
61818059
61833699
61848939
61868597
61886483
61902203
61917776
61933480
61949136
61967752
61983371
61999082
62014704
62030349
62047200
62059306
62079688
62096448
62112152
62126544
62142200
62157819
62173781
62191098
62210232
62228211
62243856
62259488
62275208
62290840
62305256
62321283
62342643
62359560
62374347
62389571
63529448
61203936
61204526
61204801
61205120
61204724
61204994
61203516
61205221
61205192
61205272
61205339
61205229
61205322
61205154
61205413
61204458
61123239
61138765
61152377
61170587
61185611
61201499
61220339
61236752
61252328
61268091
61284614
61302435
61317992
61335211
61353104
61369435
61384603
61402760
61420120
61434536
61450510
61470232
61485848
61500312
61518064
61533624
61549590
61569715
61584120
61600171
61615646
61633915
61650520
61667327
61681815
61700647
61716202
61734175
61749879
61764271
61783778
61799135
61817111
61832743
61847279
61866743
61884695
61900351
61915218
61930567
61948471
61968399
61983218
61998498
62016447
62032175
62046759
62063279
62085095
62098207
62111663
62127103
62145215
62159663
62175415
62193383
62213247
62230007
62245799
62261418
62279463
62293975
62311927
62326271
62347975
62363802
62381847
62396642
63532503
61206325
61206686
61206737
61208045
61208224
61208021
61208104
61207844
61207178
61207849
61208278
61207999
61208154
61208012
61207547
61208183
61126085
61140807
61154548
61169644
61186134
61203510
61219830
61235470
61251942
61268486
61285150
61300710
61311390
61325726
61340421
61358702
61374662
61390222
61405854
61423310
61438870
61452184
61476405
61490997
61504317
61523150
61538814
61554478
61572342
61585544
61601397
61617021
61635582
61651142
61666926
61683390
61702086
61717670
61733374
61747905
61764662
61782374
61796893
61815030
61830686
61846390
61862022
61881446
61897078
61912734
61925966
61936893
61948813
61963286
61978302
61990430
62006102
62020589
62038598
62054166
62069894
62090246
62106086
62120526
62136070
62151798
62167430
62182990
62196213
62217093
62235302
62251009
62266662
62282262
62297950
62312414
62328270
62349821
62365277
62383502
62399142
63542654
61216730
61217923
61217918
61218552
61217803
61216339
61217937
61216304
61217891
61216376
61218046
61216488
61218024
61216488
61218115
61217675
61133463
61145746
61159242
61173642
61186922
61199386
61211954
61229554
61245258
61261682
61278274
61294866
61310514
61327226
61343002
61359101
61374524
61393986
61408450
61425738
61441567
61459498
61477074
61492810
61508442
61524946
61540946
61556348
61574249
61592194
61607642
61623482
61641802
61657530
61672266
61687345
61706396
61722970
61739938
61755642
61770034
61789346
61804761
61820410
61837370
61851690
61867449
61887068
61904962
61919354
61936274
61950938
61966412
61986233
62004178
62019906
62034298
62050044
62065500
62088386
62104114
62118850
62134180
62149786
62165628
62181201
62199218
62220178
62235810
62251538
62265858
62283930
62299586
62314394
62330157
62347465
62369578
62383970
62399681
63545560
61219891
61219939
61220105
61220809
61220054
61221195
61221036
61221341
61219705
61221346
61221560
61221445
61221450
61221471
61221533
61221439
61137786
61154642
61170490
61186426
61202354
61213794
61228946
61244722
61262290
61278906
61292332
61308634
61325842
61341330
61358106
61375077
61392245
61407885
61422333
61439629
61455365
61472861
61488501
61504165
61522069
61537645
61553277
61568709
61586869
61602573
61618229
61633861
61652181
61665196
61681084
61696797
61715661
61731293
61746997
61762317
61778149
61798301
61813933
61829581
61845285
61860917
61880413
61896045
61911605
61927261
61942893
61956095
61971927
61991597
62008493
62024197
62039781
62054173
62071045
62089119
62104820
62120511
62136397
62151685
62163895
62180677
62193797
62208525
62229447
62244879
62260735
62278621
62294349
62309981
62324301
62340143
62364173
62379829
62395461
62409925
63548589
61222643
61222462
61223219
61222990
61222953
61223833
61223102
61222638
61224170
61224287
61223950
61224370
61224455
61224418
61224399
61224471
61144749
61158152
61173637
61189533
61205608
61221693
61238101
61254525
61268981
61285573
61302269
61317876
61336965
61354093
61369725
61384469
61401245
61419309
61436765
61452325
61468061
61485637
61500381
61515685
61533556
61550181
61564732
61580317
61596084
61614021
61629677
61646757
61662476
61680413
61696045
61713605
61729228
61747237
61762965
61777493
61796396
61814469
61828869
61846957
61862749
61881077
61896772
61914661
61929125
61944820
61961541
61982709
61997164
62015125
62029525
62047621
62062117
62077612
62099333
62116277
62130652
62148829
62163293
62178788
62196877
62211309
62229805
62246845
62261292
62279309
62294965
62309484
62327357
62341964
62365973
62380500
62398485
62413149
63551613
61225495
61225127
61225631
61225346
61226242
61226114
61226818
61227340
61227230
61227219
61227251
61227163
61227323
61226334
61227406
61227382
61145500
61159919
61176599
61192599
61207351
61222466
61240023
61255183
61270743
61289850
61306463
61321215
61337855
61357055
61371455
61389559
61405543
61423543
61440679
61455735
61471055
61490975
61506631
61522263
61538775
61556935
61571407
61589263
61607439
61621823
61637415
61658239
61672983
61688335
61706359
61723743
61739607
61757575
61773215
61787647
61808863
61823471
61841615
61855959
61873807
61892423
61909111
61926127
61940639
61957415
61973047
61991743
62007063
62021730
62039823
62054343
62072239
62086559
62107138
62125231
62139583
62156359
62172143
62187623
62205871
62225903
62242327
62259423
62274002
62289487
62305071
62319583
62337586
62353191
62373855
62391871
62407231
62422018
61228277
61229732
61229941
61229880
61230088
61229882
61230080
61230005
61230082
61229825
61230286
61229967
61230286
61230012
61230205
61230151
61230258
61152969
61167732
61183143
61199060
61213863
61228916
61245380
61262948
61278383
61292956
61309484
61325071
61341788
61358772
61373727
61386735
61404964
61420548
61437980
61451279
61466839
61484412
61501236
61516940
61534612
61549103
61566047
61581679
61598452
61611623
61628527
61646847
61662479
61678135
61693767
61708111
61726815
61743759
61757047
61772607
61788575
61807343
61823399
61838607
61854751
61870383
61889452
61905095
61920847
61936503
61953143
61968815
61990039
62005540
62021244
62035660
62051279
62067055
62083695
62105452
62119868
62136615
62153596
62168095
62186111
62200935
62218599
62239644
62254215
62272095
62287764
62302335
62317727
62331116
62346644
62366063
62384076
62398543
62414255
63557660
61232251
61232816
61232787
61233071
61233122
61233187
61233082
61231271
61232988
61231516
61233186
61231650
61233266
61231700
61233212
61231724
61150121
61163316
61178190
61193494
61209606
61226198
61242619
61258326
61274582
61290931
61307862
61325799
61342668
61357060
61373980
61389771
61409252
61424884
61442340
61456732
61472484
61489956
61505723
61521286
61541436
61557140
61572812
61590660
61605092
61620820
61636452
61653532
61669188
61684875
61700451
61719307
61732684
61749236
61762555
61779188
61796228
61815316
61829763
61845483
61863500
61877892
61897364
61915388
61931116
61945780
61961126
61979164
61999092
62013828
62029219
62047236
62061964
62077267
62095356
62115788
62130259
62148276
62163996
62178515
62196412
62211076
62231963
62249908
62265612
62280004
62298028
62313660
62328148
62343907
62356926
62380052
62394788
62410059
62428172
63560796
61234216
61234134
61234753
61234409
61235015
61234588
61235020
61234807
61235476
61235327
61235607
61236404
61235580
61236215
61235903
61236605
61154604
61167556
61184513
61200577
61215612
61231353
61247849
61264580
61279860
61296876
61313017
61328959
61345716
61363521
61378388
61393828
61413377
61429081
61446465
61460793
61477649
61496537
61510929
61526588
61544529
61562105
61578137
61596049
61610785
61626449
61641716
61660177
61675841
61693777
61709401
61728137
61742457
61758249
61776252
61791817
61809737
61825593
61843393
61859097
61873793
61893244
61908753
61925401
61942273
61956825
61972716
61989564
62010417
62024809
62040641
62058508
62072913
62088732
62110236
62122228
62137729
62153457
62171601
62186145
62204089
62218417
62241961
62256281
62274441
62289113
62306985
62321249
62339457
62353937
62378017
62392609
62410577
62423809
63563633
61237587
61237457
61238260
61238052
61238247
61239012
61238607
61238956
61238263
61239130
61239316
61237922
61239319
61237935
61239412
61238176
61159864
61172193
61187926
61204033
61222134
61238366
61254846
61271246
61286894
61302318
61318942
61334646
61351265
61370742
61386302
61401273
61418110
61435982
61453414
61468254
61483609
61503590
61515606
61528721
61546550
61562134
61580206
61598254
61612630
61628249
61646286
61664678
61679302
61694785
61711598
61730318
61744697
61762790
61777174
61793017
61812982
61830014
61844401
61862414
61876966
61896545
61914454
61929329
61944438
61962582
61977377
61997097
62015022
62030582
62046302
62060689
62078702
62094382
62114814
62130518
62146230
62160809
62176273
62194278
62209990
62225574
62245686
62261441
62276881
62294774
62310422
62324822
62340382
62356025
62380254
62395982
62411534
62426401
63567135
61241865
61241959
61240580
61241028
61242060
61241172
61240751
61249674
61250057
61249768
61250107
61248611
61250230
61250233
61250313
61250246
61165665
61178924
61192097
61208264
61223528
61240080
61256016
61273608
61290080
61306600
61322256
61337608
61355696
61371296
61387024
61403904
61421120
61436867
61452448
61469883
61484112
61503099
61518640
61534387
61552048
61567787
61583355
61599024
61617048
61632616
61646944
61666417
61680984
61697944
61713520
61729232
61747872
61763504
61779256
61794808
61810432
61829592
61845160
61860880
61876536
61887456
61907976
61923688
61939328
61955040
61969448
61985008
62001072
62020712
62036168
62054248
62069944
62085536
62101160
62121664
62137248
62152880
62167368
62183187
62198891
62216656
62232360
62253456
62267784
62284600
62301584
62317200
62331960
62347307
62365336
62387120
62401528
62417259
62435184
63577480
61251198
61251098
61252477
61252795
61252918
61252822
61252993
61253126
61253081
61252767
61252925
61252748
61252997
61252820
61253037
61252924
61170978
61185524
61199030
61217236
61233100
61249380
61265804
61279044
61294236
61310780
61327444
61341958
61358715
61376716
61393772
61408225
61427783
61442111
61459553
61477508
61492228
61509753
61527431
61542140
61559913
61575603
61593548
61610316
61626027
61644044
61659700
61676780
61692684
61707988
61723635
61744868
61759260
61774820
61790534
61806180
61826436
61839710
61857796
61873452
61889076
61903412
61922964
61938713
61954297
61972388
61988068
62002444
62022428
62038070
62053715
62070327
62087316
62102948
62122055
62140156
62155796
62170260
62186102
62201593
62219636
62234036
62255060
62270809
62288836
62304412
62319228
62334307
62352604
62367348
62388894
62406804
62422508
62437327
63580388
61254291
61253958
61255019
61254134
61255065
61256024
61256035
61255863
61255960
61255882
61256142
61255906
61256147
61255860
61255269
61255948
61171715
61188508
61204335
61220316
61234972
61251380
61268852
61284028
61299575
61316380
61332887
61348540
61365676
61381027
61398035
61414711
61433212
61448868
61465332
61480980
61496427
61514011
61530687
61547580
61561724
61570195
61581316
61594331
61612204
61625508
61639955
61655892
61674292
61689532
61705092
61721172
61736507
61755019
61770726
61788884
61804604
61823684
61839372
61855004
61869484
61884980
61900547
61920094
61936940
61953836
61969540
61985212
62000924
62019908
62035331
62050966
62066470
62082068
62097827
62112196
62130051
62147124
62161444
62177222
62192939
62208454
62226468
62240932
62261892
62278711
62295668
62310420
62325838
62342599
62359540
62372716
62394428
62410347
62426908
62443852
63583772
61257742
61257366
61258465
61257636
61258524
61258279
61259218
61259536
61259464
61259373
61259552
61259431
61259587
61259284
61259493
61259380
61178307
61192852
61206210
61222223
61239223
61256767
61273180
61288340
61303996
61320754
61339631
61354036
61370986
61388959
61405908
61420932
61439860
61454404
61471836
61488396
61505436
61519302
61533734
61551892
61568484
61584039
61602124
61618892
61634727
61652620
61667012
61685607
61701108
61717700
61734716
61752380
61768172
61783454
61801564
61817196
61835012
61853068
61867604
61884356
61899988
61918292
61933940
61952012
61967716
61982060
61998892
62019788
62034676
62052476
62068220
62082524
62100596
62115084
62135767
62153588
62168076
62183622
62201636
62216196
62231742
62255204
62270860
62285596
62303324
62319044
62333615
62351532
62366268
62383924
62405724
62420116
62438188
62453916
63586540
61259995
61260188
61261740
61261890
61260420
61262136
61262088
61262240
61262109
61262173
61262184
61262034
61262216
61261980
61262256
61262076
61180244
61193524
61211591
61227679
61242727
61258519
61275070
61292543
61309423
61326095
61341799
61357071
61374975
61393039
61408103
61423830
61442943
61457415
61474847
61492791
61508327
61526095
61540911
61556151
61573881
61590687
61607687
61625551
61641279
61655743
61671167
61690195
61707647
61722039
61739007
61757415
61773295
61788111
61803319
61820287
61839375
61855023
61870727
61886359
61901943
61920287
61933519
61946798
61964735
61980439
61996095
62011655
62031607
62046071
62061855
62077337
62095287
62111015
62131375
62147103
62161847
62177118
62192969
62210847
62226575
62241089
62264343
62279183
62295519
62312487
62326959
62343639
62360679
62375062
62398039
62411225
62427287
62442527
63589655
61263448
61263115
61264265
61263294
61264006
61263846
61264020
61264969
61264535
61264999
61265330
61263716
61265092
61265352
61265309
61265223
61184463
61198970
61212584
61228282
61246594
61262826
61279306
61294810
61309962
61325642
61342130
61357730
61373338
61388906
61406122
61423994
61441274
61455589
61475453
61491122
61505546
61523157
61538954
61554381
61574586
61589050
61604669
61623698
61640714
61655066
61673130
61691586
61706002
61721634
61737290
61754618
61770402
61788541
61804106
61818530
61837541
61854386
61871410
61885773
61901514
61918557
61939005
61953418
61969178
61987138
62002770
62018450
62037253
62055074
62069890
62085197
62103266
62117514
62138189
62156186
62170698
62188725
62203346
62218821
62236786
62252482
62272402
62290274
62303498
62318362
62334882
62349410
62367274
62381725
62403466
62421610
62436205
62454098
63592714
61266435
61266182
61266614
61266286
61267236
61266532
61267508
61266628
61267423
61267244
61267444
61268284
61267287
61268247
61267783
61268207
61188530
61200674
61215535
61231389
61247557
61263493
61281157
61297557
61313189
61329733
61346325
61362005
61378853
61394421
61411493
61426221
61442981
61458709
61476124
61491756
61507372
61524996
61540597
61556429
61573973
61589701
61605333
61624533
61640117
61655821
61671405
61689749
61704181
61717509
61730887
61747389
61764989
61780621
61796380
61811908
61828792
61849157
61864789
61880493
61895253
61910583
61930020
61946725
61962440
61979397
61995029
62009445
62029284
62045074
62060575
62077301
62094245
62109053
62124616
62145917
62162957
62177752
62193060
62211005
62226709
62241053
62264501
62278989
62294604
62312621
62328053
62342741
62359512
62376469
62390813
62412647
62430733
62446453
62461189
63595909
61269796
61269345
61270457
61269556
61270444
61270354
61270423
61270231
61270498
61271247
61270778
61271539
61271718
61270664
61271560
61271587
61189349
61202445
61219606
61232958
61248598
61262686
61279705
61296246
61312703
61326870
61342526
61359449
61377107
61392817
61409737
61425377
61441257
61456948
61472513
61491225
61506953
61523225
61538857
61554495
61571249
61586875
61602417
61618043
61635985
61651713
61667345
61682905
61701243
61716873
61732566
61749273
61769369
61784953
61800651
61816295
61832026
61851121
61866681
61882337
61898033
61913633
61933169
61947553
61963209
61978841
61994409
62010179
62030236
62045769
62062513
62075745
62089321
62105763
62121473
62142000
62157567
62171944
62188023
62203432
62219095
62236967
62252599
62273703
62289263
62304991
62319655
62335015
62351039
62366463
62382015
62398671
62421759
62437487
62451935
63599031
61272819
61272520
61273542
61272777
61273433
61273158
61273345
61274342
61273721
61274233
61273430
61273052
61274516
61274709
61274385
61274754
61193823
61206805
61222640
61239901
61255813
61269661
61283733
61300614
61316997
61331181
61348957
61364621
61381397
61397037
61413989
61429621
61445686
61461317
61473645
61491909
61507517
61525101
61540870
61556533
61572165
61589861
61605565
61619950
61638189
61653477
61669109
61684752
61703078
61719981
61735685
61751317
61770045
61784502
61800069
61815773
61831464
61850597
61866214
61882848
61899821
61915518
61935037
61950357
61966285
61980741
61996254
62011893
62031893
62048598
62065549
62081133
62095597
62111157
62126998
62148432
62165317
62181110
62196677
62211405
62226653
62244725
62259117
62280264
62298357
62312701
62330910
62345165
62363261
62377990
62394437
62416421
62433294
62445224
62460856
63601941
61275777
61275561
61276532
61275585
61276618
61276301
61276455
61277367
61276399
61277338
61276658
61277183
61276562
61277255
61276583
61277351
61198033
61212573
61229373
61244101
61260053
61276536
61292813
61309501
61323963
61341365
61356845
61373685
61389560
61406371
61422957
61439677
61456133
61471536
61491317
61506989
61521413
61539232
61557248
61572773
61589429
61605588
61621752
61641013
61655840
61671149
61689144
61707477
61722304
61737699
61754304
61774349
61789152
61806800
61822469
61838093
61854789
61868005
61886149
61900541
61916483
61938136
61953792
61968536
61984027
62001840
62017493
62036133
62052003
62068600
62085493
62099872
62115651
62133664
62154184
62169693
62185421
62201032
62216685
62231496
62247043
62264784
62294336
62308677
62324547
62342456
62357200
62372491
62390576
62404941
62426955
62444840
62459205
62474760
63613565
61287830
61287561
61287900
61288617
61287801
61287399
61288906
61289259
61288888
61289230
61288944
61289152
61287741
61289334
61287813
61289336
61206958
61221583
61239572
61254361
61269140
61283028
61299591
61315340
61331796
61348396
61364572
61381481
61395740
61410364
61427388
61445281
61462473
61477001
61494463
61510012
61526673
61545577
61561265
61576009
61593409
61610169
61627113
61644257
61659596
61675252
61693273
61711297
61727249
61741748
61758329
61778441
61792905
61808417
61825177
61842121
61861305
61876041
61891209
61909353
61925073
61939737
61959009
61974665
61990425
62008297
62023729
62038524
62060665
62075129
62090889
62108785
62123249
62139265
62159705
62174945
62191913
62207569
62223180
62238873
62252145
62268777
62291193
62305585
62322273
62339241
62353761
62370417
62387433
62401753
62423553
62441401
62456113
62471865
63616449
61290283
61289955
61290990
61290105
61290961
61290892
61290940
61290828
61290964
61291766
61291369
61291785
61291161
61291849
61292201
61290705
61210278
61227265
61241761
61257345
61275753
61290673
61308385
61324561
61341473
61357105
61373737
61388457
61404888
61421720
61437489
61453257
61470137
61484825
61502137
61517761
61533440
61552137
61569073
61583625
61601225
61619369
61632640
61648121
61665065
61679481
61695096
61713593
61729216
61745849
61762745
61781449
61797177
61811425
61827264
61842720
61864313
61880041
61895673
61909993
61925737
61941304
61961993
61978937
61993257
62009040
62027057
62042465
62061401
62077041
62092672
62108184
62125009
62141977
62162481
62176897
62192665
62208304
62226249
62240777
62256569
62271936
62294089
62311105
62326737
62342393
62356713
62373473
62390441
62405249
62426688
62444705
62460409
62476065
63619489
61294094
61294849
61294748
61294914
61295109
61294106
61294847
61293601
61293292
61293860
61293553
61294332
61294180
61294116
61295137
61294186
61211840
61226529
61239964
61255457
61274057
61289097
61305521
61321529
61337604
61356313
61371961
61387737
61406841
61421625
61440625
61455433
61472337
61488193
61505313
61518393
61536633
61554217
61568537
61586601
61604513
61618833
61636929
61654937
61669449
61687425
61701817
61721401
61735993
61751545
61769521
61786985
61802761
61820641
61836345
61851033
61869969
61887849
61902337
61918089
61934817
61955601
61970113
61988017
62002897
62017969
62034937
62046929
62068065
62082561
62100585
62116241
62130825
62148633
62168265
62185993
62200681
62216185
62234137
62248617
62266617
62281105
62302164
62320185
62334649
62352673
62367289
62382841
62400793
62415209
62439353
62455081
62469665
62487545
63622593
61296749
61296616
61297670
61297967
61298023
61297959
61298063
61298055
61298157
61298074
61298162
61298023
61298306
61298138
61298338
61298250
61216576
61232080
61247705
61263640
61279697
61294648
61311072
61328545
61345520
61362105
61377808
61393168
61412409
61428168
61443728
61458240
61475352
61490760
61508456
61524080
61539688
61553608
61569312
61584880
61602848
61620784
61636496
61654384
61669192
61684432
61700187
61719512
61736552
61752184
61766600
61785713
61800960
61816657
61832224
61847928
61868089
61884992
61900761
61914944
61930736
61946563
61966992
61984073
61998600
62013984
62029739
62047760
62067705
62082032
62097616
62113368
62126672
62139859
62155545
62174752
62189056
62207128
62222784
62237168
62255248
62271105
62287344
62307520
62324601
62338976
62355640
62372656
62387096
62403760
62420776
62440091
62458208
62472520
62488449
63625720
61300144
61300704
61300793
61301002
61301058
61301021
61301205
61301148
61301042
61300972
61300448
61301055
61301194
61301025
61301336
61301105
61218133
61233612
61247311
61262679
61279135
61295519
61312767
61328471
61344799
61361466
61378007
61393711
61410479
61425015
61441938
61457613
61477175
61492839
61509133
61525671
61542647
61560375
61574839
61589186
61605767
61621463
61637071
61653562
61670730
61686482
61704362
61722695
61737090
61752730
61770826
61788303
61804114
61822018
61836818
61852114
61873730
61889303
61903778
61921850
61936658
61951826
61973751
61988170
62004914
62020631
62038714
62054634
62075119
62089938
62107831
62122378
62140391
62154794
62175226
62192050
62205306
62222250
62237919
62252226
62268002
62286098
62305807
62321450
62339594
62353951
62370770
62386402
62403258
62419306
62441818
62457938
62474322
62491263
63628765
61302682
61302231
61303332
61302452
61303319
61303146
61303303
61304223
61303322
61304063
61303685
61304160
61303386
61302882
61304346
61304643
61223467
61239406
61254859
61270880
61285667
61301819
61318403
61334899
61352406
61369371
61385638
61400707
61417153
61434129
61452206
61469342
61484201
61499441
61517988
61534926
61549334
61566873
61582835
61600664
61614806
61629275
61644835
61662848
61678483
61694128
61708600
61726963
61743044
61760571
61776216
61794936
61809667
61825091
61843051
61858656
61876555
61892387
61909035
61925984
61940363
61957227
61978011
61993657
62008403
62023742
62041699
62056112
62075907
62094051
62109624
62125360
62139739
62155635
62176083
62192579
62209547
62225120
62239624
62255352
62270984
62285480
62306403
62322227
62337803
62353366
62370148
62387048
62401440
62418344
62438936
62454931
62470267
62485923
63631688
61306316
61306775
61305884
61307120
61307155
61307059
61307238
61306305
61307179
61307015
61307275
61307973
61307331
61307079
61307347
61307183
61225287
61239645
61255493
61272733
61287829
61303693
61320598
61338885
61352159
61371205
61387797
61402141
61420053
61438485
61452998
61472518
61487312
61502598
61522438
61537030
61553590
61572510
61586950
61604974
61622502
61637246
61654998
61672054
61687694
61703206
61718902
61737222
61751750
61767542
61783094
61801702
61818390
61835430
61850166
61865574
61886934
61901398
61917046
61933806
61950822
61969414
61984902
61999206
62012326
62028158
62043614
62060774
62079390
62097198
62112830
62127318
62142936
62160974
62180238
62195942
62212670
62229686
62244006
62262102
62276566
62292150
62314286
62331326
62345766
62361280
62378062
62392686
62408342
62423840
62445846
62463726
62479430
62495014
63634974
61309301
61309045
61309024
61310080
61309536
61310035
61310272
61309036
61310294
61310588
61310310
61310577
61310253
61310823
61309324
61310780
61227336
61243112
61258629
61275134
61293011
61309237
61325643
61340869
61356491
61373003
61389523
61404195
61420971
61435363
61452419
61469051
61487627
61502371
61519435
61537403
61553139
61569603
61585107
61603251
61621086
61635347
61652099
61671443
61686179
61701547
61719483
61737948
61752643
61765590
61781190
61799803
61817965
61833619
61849251
61863637
61882691
61899443
61916555
61932179
61946579
61963443
61983851
61998883
62014302
62032187
62047915
62063894
62084531
62099371
62117019
62131507
62149501
62163907
62185483
62201597
62217094
62234850
62249486
62267467
62281787
62304019
62319995
62335387
62353523
62368166
62384739
62399243
62414797
62430531
62451117
62469091
62483555
62499131
63637875
61312210
61312837
61312918
61313271
61312984
61313364
61313396
61313621
61313540
61313393
61313561
61313457
61313697
61313643
61313746
61314264
61231429
61245900
61261676
61278886
61294894
61309862
61327526
61342966
61358433
61375185
61393886
61409654
61425406
61442169
61460206
61475910
61491953
61509862
61526054
61542258
61558430
61577454
61592270
61607465
61627622
61643326
61658974
61675670
61691441
61707038
61722513
61740929
61756625
61774609
61789065
61804409
61819697
61835406
61851089
61865382
61885862
61901542
61916926
61931718
61947190
61962822
61982294
61998001
62014702
62031713
62047294
62063022
62081566
62099697
62115294
62130102
62145350
62161156
62182585
62199582
62215214
62230630
62245254
62261129
62276542
62292356
62314412
62331393
62346982
62361801
62377129
62392878
62408238
62423977
62442017
62463822
62479478
62493790
63640926
61315423
61314986
61314914
61316029
61315659
61316145
61315363
61315095
61316296
61314890
61316435
61316550
61316269
61316716
61316609
61316480
61233279
61249308
61264867
61281002
61299111
61315386
61331807
61348304
61363863
61380455
61397136
61411396
61429509
61447729
61462471
61478410
61497311
61513072
61529562
61544778
61560436
61580465
61594856
61610650
61630761
61645199
61660945
61679847
61696928
61711362
61727111
61746349
61763250
61778882
61794618
61812138
61827765
61843410
61858857
61874757
61894970
61910530
61926338
61941914
61957546
61975874
61991621
62007284
62023858
62040898
62056522
62075133
62090989
62107549
62124640
62140138
62154914
62171426
62191858
62206290
62221975
62240002
62255722
62270229
62287067
62302602
62323562
62341685
62356122
62371861
62389818
62404594
62421061
62437962
62458858
62475245
62492226
62506540
63644082
61317796
61317725
61318490
61318146
61318381
61319384
61318603
61319189
61318480
61317976
61319317
61319716
61319328
61319788
61318085
61319782
61237309
61252304
61267685
61284225
61302016
61318197
61334669
61349757
61365680
61382336
61398880
61416752
61433672
61450589
61464904
61483256
61500296
61514624
61532331
61550072
61565709
61582133
61594363
61611085
61627560
61643379
61659107
61679283
61694901
61709360
61727403
61745709
61760267
61776923
61793533
61811459
61829427
61843781
61859579
61876235
61896525
61910976
61929123
61942243
61956963
61978760
61993104
62011235
62026853
62041355
62059317
62078339
62096029
62111627
62127256
62145400
62159752
62177837
62197219
62215125
62230683
62247613
62262315
62280203
62294552
62318067
62332408
62350643
62365075
62382909
62397371
62415469
62430051
62447957
62468683
62486589
62510651
63656373
61330196
61329930
61331479
61331755
61331878
61331886
61331918
61332033
61332143
61331993
61332346
61332033
61332222
61332054
61332284
61332142
61250010
61263226
61280314
61295002
61310874
61328306
61345722
61362122
61376915
61393490
61409970
61428114
61444978
61461042
61476258
61494346
61511514
61525938
61544418
61561434
61576226
61593626
61611522
61627226
61644106
61659379
61677386
61695419
61709746
61725330
61743538
61761882
61776474
61794314
61808762
61827738
61844178
61861194
61875938
61893610
61912770
61927122
61944018
61960994
61975722
61993778
62008458
62022402
62037114
62055123
62070690
62089258
62104890
62123074
62137794
62155450
62171243
62185618
62207154
62224098
62238346
62254258
62272210
62287642
62302330
62318010
62338994
62357066
62372722
62387050
62403842
62420770
62435170
62451018
62475034
62490698
62505082
62520786
63659595
61333404
61333274
61334018
61333309
61334229
61333976
61334133
61335053
61333813
61334939
61335155
61333672
61335061
61335364
61334989
61335374
61254411
61270283
61284363
61301675
61317715
61333059
61347963
61364638
61379875
61396579
61409542
61425539
61442086
61458723
61477019
61491910
61508595
61526739
61542963
61558451
61574126
61592819
61609835
61624643
61642099
61657827
61674387
61692323
61709291
61724995
61739763
61757667
61773491
61790091
61807091
61825819
61840563
61855803
61872555
61889571
61908387
61919531
61933979
61945027
61956915
61971259
61982427
62001659
62017315
62032059
62047499
62063347
62078555
62100875
62115691
62131051
62149067
62164699
62179171
62197115
62216827
62233091
62250211
62264643
62282363
62297291
62313763
62336123
62351515
62363731
62379811
62397459
62413203
62427515
62444267
62461323
62482195
62497515
62514187
62531227
63662715
61336844
61337756
61336868
61337607
61336986
61338025
61337858
61338235
61337818
61338401
61336736
61338310
61338476
61338535
61338457
61338521
61257220
61270743
61286439
61303319
61320671
61336807
61353303
61368663
61384247
61400767
61417303
61434015
61452111
61468394
61483874
61503151
61518887
61533194
61551711
61568727
61583183
61600855
61617423
61634511
61652255
61667007
61682159
61701335
61718335
61732927
61748431
61764351
61780279
61795719
61811151
61830983
61848023
61862759
61878263
61896071
61915255
61929695
61945327
61963367
61977831
61997671
62015327
62029791
62045639
62063519
62078247
62100159
62114663
62127879
62145879
62161607
62176047
62193999
62214455
62228967
62247015
62261335
62279471
62293887
62312031
62332159
62349895
62364511
62382383
62397159
62413559
62429263
62445039
62462991
62483551
62499111
62517255
62531719
61339243
61340773
61341003
61340918
61341116
61341092
61341188
61340313
61341284
61341180
61341404
61341185
61339488
61340600
61340240
61340181
61341296
61376872
Peak: 63698271
Average: 61000685.617993645
