0
83357
362503
815652
1086084
1934670
2352235
2760081
2989120
3572973
3856855
4341888
5209473
5386171
5888386
6372617
6770721
7353812
7663270
8275476
8528703
8956053
9319106
9396377
9548986
9987000
10667849
11117348
11696444
12413307
12693205
13004412
13510497
14065705
14554690
15158535
15633340
15979408
16369805
16522427
16653555
16720560
17064828
17227456
17516352
17905544
18062529
18282211
19580377
19386738
19586199
19687281
19690905
19939463
20133094
20279130
20433578
20813975
21360101
21745062
22155442
22582774
23239486
23504103
23955885
24271264
24410515
24475451
24680455
24899240
25115284
25420901
25826652
26146390
26641162
27044743
27615838
28303773
29165181
29830137
29923489
29929105
29931465
29945957
29957467
30107680
30547824
31215896
31482900
31812553
31992688
32312434
32373792
32435680
32521330
32611105
32803399
32954429
33589195
33956225
33987970
34339648
34553950
34635455
34681223
34652736
34734961
35043172
35154900
35761302
36170408
36745874
36816801
37038398
37760518
37975159
38370229
38370062
38370151
38370197
38655659
38743305
39014443
39127569
39204197
43140283
43222583
43441997
43884469
44084017
44141043
44171062
44256592
44295609
44343803
44417015
44471214
44525515
44591854
44638277
44818160
44950243
45104515
45474900
45591324
45820752
46365597
46764113
46821830
46928978
47084044
47168964
47351816
47443124
47538727
47629689
47944707
48070277
48312722
48515929
48750805
49029725
49387153
49429250
49331711
49441306
49592471
49680014
49867783
50115038
50209350
50295807
50318807
50332591
50365023
50395679
50467727
50453965
50673030
50728513
50818337
51030888
51246785
51377722
51514563
51862552
52171825
52433739
52698251
52890758
53329524
53714941
54304555
54458548
54548218
54630564
54655620
54751407
54821189
54959551
55003740
55056501
55522245
55792650
56049513
56481070
56878910
56930306
57347431
57449036
59252450
57746517
57938625
58061480
58168687
58173697
58522035
58384769
58443752
58528269
58880469
59617526
59792384
59881840
59956032
60012816
60058268
60242132
60279180
60852782
61784343
60844250
60884205
60896535
60904712
60914003
60920169
60929514
60935722
60943533
60949427
60958155
60964179
60971896
60978390
60985059
60994035
60999273
61007235
61015011
60921302
60714947
60717195
60718643
60719072
60720147
60720823
60721754
60701773
60709157
60716800
60723133
60732154
60738878
60747959
60754272
60761751
60770756
60776136
60785232
60792752
60797827
60807169
60811987
60819739
60826390
60731105
60732248
60732357
60732478
60731775
60732788
60731348
60732862
60714682
60721079
60727910
60734105
60742849
60748826
60756994
60762250
60768809
60777535
60784839
60790714
60797400
60804973
60811419
60819756
60826460
60834012
60735764
60736093
60735241
60736111
60734616
60734184
60736316
60715781
60724336
60729274
60735852
60744464
60750665
60758972
60766031
60771981
60780616
60786809
60792751
60801871
60806713
60816196
60821151
60830633
60835614
60740653
60739994
60740048
60740344
60738996
60740421
60740323
60718634
60725177
60731425
60738017
60746012
60751764
60758356
60766879
60772703
60779812
60787063
60792932
60799446
60808231
60814676
60822383
60827100
60836703
60740137
60740871
60741767
60741941
60741783
60742088
60740799
60742200
60725368
60732904
60738104
60744314
60752849
60759673
60765467
60774064
60779328
60786124
60793500
60801035
60807147
60814899
60821619
60829027
60835667
60741547
60741995
60743166
60742459
60742136
60743224
60741569
60743274
60726506
60734219
60739283
60747251
60753225
60759897
60768445
60774524
60780404
60788996
60796220
60801397
60810207
60815117
60824263
60829127
60839232
60743456
60744080
60744928
60744222
60745859
60745300
60744163
60745344
60728277
60734627
60740892
60747830
60755966
60761670
60768662
60777254
60782022
60790734
60798038
60802974
60810189
60818196
60824521
60832348
60839332
60846628
60745056
60746640
60745003
60746669
60745660
60746749
60745300
60728884
60734810
60742681
60747926
60756481
60762492
60770425
60776633
60783041
60790513
60798172
60804145
60813305
60819385
60827279
60832276
60841623
60846327
60747002
60747992
60748385
60746526
60749018
60747340
60749058
60731301
60736449
60744300
60749486
60756840
60765288
60771232
60777448
60785712
60791792
60798744
60804968
60813944
60819088
60826352
60832936
60840672
60846760
60749046
60749825
60749236
60750046
60750220
60748982
60750475
60730899
60736293
60744156
60748932
60755668
60763868
60769412
60777924
60785052
60790852
60798196
60804116
60811507
60819539
60825824
60833640
60840387
60847912
60749457
60751340
60750262
60751209
60751198
60751316
60751518
60728720
60735359
60743104
60749464
60755536
60760829
60769392
60775445
60782077
60790145
60797185
60803630
60811433
60818953
60823886
60833105
60838385
60847377
60751703
60752870
60752721
60753007
60752871
60753133
60751793
60753154
60736068
60742108
60750394
60755746
60762258
60769023
60777546
60783642
60791050
60798146
60805450
60811554
60817639
60825554
60831914
60837959
60847562
60852674
60752848
60753909
60753958
60752736
60754132
60752445
60754100
60734448
60742411
60748587
60753651
60762444
60768076
60775059
60782809
60789881
60795558
60803185
60809086
60818106
60824314
60830623
60836729
60846289
60852393
60754803
60753100
60754856
60753068
60754765
60754114
60754872
60733459
60740252
60747592
60752727
60759380
60767704
60774600
60780725
60787938
60796602
60802771
60810122
60816207
60824099
60830571
60836586
60844362
60850735
60756296
60754699
60756329
60755611
60756408
60756481
60754984
60756596
60739478
60745455
60753384
60758608
60765382
60773974
60779446
60788222
60794398
60800422
60807654
60813541
60822630
60827406
60836710
60841710
60849670
60857206
60755728
60757247
60756147
60757003
60756326
60757369
60757316
60740130
60746429
60751434
60759133
60766445
60772157
60779026
60787645
60793829
60799698
60806805
60814637
60820925
60827074
60836253
60841242
60850669
60856813
60757961
60758208
60756946
60758334
60756714
60758353
60757363
60737790
60744192
60750235
60758226
60764857
60770166
60778914
60784778
60791409
60798881
60804822
60814262
60820610
60826201
60835554
60840422
60849887
60854663
60758515
60759900
60759715
60759753
60759865
60759758
60760055
60737093
60743592
60751363
60757763
60763129
60771477
60777149
60783906
60792617
60798617
60804497
60811961
60819578
60827173
60832009
60841164
60845465
60853369
60759327
60760613
60760466
60760621
60760557
60760819
60759538
60760950
60745086
60750022
60758014
60763478
60769974
60778350
60784054
60791337
60797149
60806022
60813278
60818214
60825782
60833438
60841054
60845870
60853709
60861638
60761044
60761829
60761949
60760236
60762150
60760442
60762067
60742421
60748632
60754888
60760808
60767560
60775224
60782888
60789784
60796848
60802696
60809832
60817384
60823880
60829792
60837216
60845224
60852984
60859184
60762170
60763134
60763086
60761429
60763177
60762392
60763996
60742033
60748287
60753223
60759519
60766002
60774335
60781261
60788279
60795319
60800247
60807285
60814535
60821039
60828303
60835938
60843615
60848407
60856290
60862383
60764285
60764352
60764657
60763411
60764866
60763195
60764732
60746228
60752621
60757688
60763901
60772769
60779665
60785523
60791955
60798792
60805616
60813001
60819110
60827865
60833993
60841673
60846521
60854377
60860494
60764129
60765538
60765465
60765401
60765513
60765382
60765928
60742391
60749104
60755288
60763352
60769955
60775825
60782503
60789588
60798106
60804199
60811271
60818551
60823759
60830996
60838727
60846391
60851255
60859543
60865231
60765442
60766916
60765589
60766565
60766707
60766731
60766926
60747483
60753441
60761313
60766273
60773629
60782165
60789109
60793901
60801061
60809837
60815421
60823221
60830701
60835613
60844944
60850989
60858925
60863741
60765813
60765597
60767590
60766723
60768566
60767733
60768481
60746909
60753515
60759131
60766982
60773742
60779206
60786155
60794278
60801299
60808446
60814526
60820974
60827102
60835830
60842598
60849958
60856134
60862627
60767812
60768181
60769080
60768264
60769069
60769489
60767704
60769524
60753303
60759626
60764623
60770927
60777951
60786250
60793191
60799103
60806815
60813562
60820835
60826986
60833447
60839503
60846841
60854667
60862570
60867491
60769927
60769859
60769723
60769966
60770563
60770186
60768787
60750118
60756450
60762827
60770190
60776910
60784358
60789422
60796002
60803085
60811893
60816362
60823917
60832765
60837885
60845386
60853182
60859774
60865968
60769527
60770847
60770628
60768905
60769393
60769105
60771034
60749062
60755370
60761540
60767973
60773237
60779829
60786805
60793629
60800986
60807226
60815138
60822370
60827218
60834821
60840660
60849986
60856141
60864010
60869338
60770578
60771482
60770361
60771340
60771623
60770819
60771687
60750083
60756764
60764065
60769193
60776126
60782737
60792081
60797713
60805004
60813489
60819569
60825649
60832982
60840873
60847566
60853700
60861153
60869009
60773487
60773068
60773467
60772178
60773582
60772338
60773338
60750404
60756402
60764274
60769330
60775730
60782778
60789421
60797221
60804557
60809469
60816394
60823973
60831498
60838954
60843914
60852650
60858861
60865565
60873205
60774003
60772346
60773987
60773148
60774045
60772599
60772124
60755813
60761065
60767178
60774898
60781650
60788138
60793962
60801077
60807970
60816754
60824010
60828786
60837963
60842746
60850618
60858266
60866098
60871162
60775011
60774259
60775166
60775307
60773586
60775406
60773808
60754480
60760765
60766144
60771933
60780195
60786890
60792605
60801069
60808181
60814438
60820590
60827502
60836529
60841438
60850676
60855852
60863225
60871193
60774479
60774088
60775649
60774667
60775799
60775868
60774155
60775967
60758771
60766211
60771179
60777715
60785971
60791675
60798483
60807187
60812163
60819163
60827691
60832408
60839913
60847754
60855105
60860523
60867936
60874376
60776690
60776649
60775816
60776639
60776713
60775352
60776697
60756558
60763026
60768898
60774874
60781386
60786802
60793853
60801690
60810402
60817538
60822754
60829570
60836074
60844890
60849754
60857498
60865152
60872914
60777178
60776941
60777093
60778633
60778606
60777486
60778670
60778702
60759382
60765684
60773524
60779778
60786114
60792719
60801170
60807344
60813144
60820085
60828680
60833856
60841457
60847059
60854630
60862454
60870350
60875091
60779253
60779228
60777692
60779420
60779201
60779281
60779594
60756727
60763260
60769548
60777599
60782956
60789524
60797991
60804788
60810812
60817204
60825071
60831445
60838802
60845004
60852756
60859221
60866968
60874775
60779061
60779234
60780839
60780218
60780031
60780352
60779055
60780408
60763457
60769481
60777281
60783633
60790289
60795921
60803153
60809753
60815769
60822873
60831425
60837529
60843713
60850185
60857905
60863740
60871572
60879081
60779296
60780964
60780024
60780969
60781089
60779486
60781196
60759814
60766673
60772153
60779761
60786313
60791713
60798681
60805361
60812617
60819700
60825743
60833207
60840922
60848346
60853474
60860791
60868594
60876498
60780712
60781707
60780523
60782076
60782202
60780827
60782231
60782378
60763228
60769303
60775503
60783012
60790340
60797204
60804060
60810164
60817260
60823060
60831749
60837853
60845301
60851381
60858930
60865165
60872701
60877738
60782004
60782563
60782884
60781979
60782970
60782710
60782358
60783133
60767386
60773840
60780485
60786805
60793413
60800501
60808821
60814701
60820995
60829528
60836792
60841704
60849456
60855352
60862786
60870616
60878136
60883200
60784206
60784678
60784967
60783670
60785015
60783966
60785089
60765326
60773308
60779589
60784797
60791421
60800229
60807117
60811926
60819273
60827669
60833189
60841077
60847277
60853253
60862677
60867605
60875557
60883117
60785805
60785266
60785966
60785947
60784658
60786070
60785874
60765026
60769886
60776241
60784129
60790625
60796106
60802790
60811425
60817257
60824473
60830553
60839461
60844260
60851777
60860924
60867180
60872164
60881524
60785255
60785598
60786558
60786662
60786614
60786935
60785638
60786975
60769760
60776102
60783729
60789129
60797049
60802657
60809461
60818169
60824312
60830409
60838640
60843549
60850805
60858833
60866473
60871053
60880745
60886921
60787676
60786019
60785886
60787743
60786646
60787796
60787681
60766838
60773400
60781072
60787112
60792816
60799547
60807792
60813424
60822155
60829200
60835232
60841296
60848987
60856528
60862896
60870680
60878512
60883784
60787282
60788608
60788383
60788340
60788430
60788374
60788679
60765490
60772121
60778137
60786070
60792531
60799211
60806083
60812995
60819987
60826163
60831920
60839168
60844952
60852544
60858421
60866037
60873827
60881731
60887739
60789027
60789230
60789197
60787712
60789240
60789364
60787888
60768755
60774978
60781186
60787546
60792730
60800850
60807893
60814569
60821625
60830482
60834970
60842370
60850002
60856186
60862642
60869986
60877706
60884274
60806271
60791361
60789753
60791754
60790063
60791776
60790876
60791749
60774063
60780199
60786343
60792943
60799623
60806281
60814959
60821951
60828047
60835183
60842498
60847343
60854719
60862186
60869247
60874255
60882351
60888370
60792415
60791515
60792404
60792508
60791219
60792580
60791459
60770313
60778192
60784400
60789880
60796144
60802559
60809840
60816176
60824320
60830352
60837488
60842927
60850824
60856360
60861320
60864975
60870776
60878120
60883952
60889192
60793148
60793367
60791798
60792737
60791822
60791566
60793434
60793591
60773260
60780557
60785997
60791981
60798566
60803694
60810550
60817646
60824334
60830523
60837715
60846499
60851240
60858672
60864768
60872715
60880296
60886800
60892560
60792819
60792206
60794119
60793217
60794006
60794303
60793398
60774964
60779639
60785510
60793190
60799702
60804917
60811517
60818781
60826832
60833896
60840000
60845944
60853856
60861232
60866112
60875449
60880385
60888200
60793517
60795190
60794287
60795013
60795184
60793692
60795240
60795079
60775842
60782034
60788266
60794362
60803315
60810267
60817163
60822027
60829003
60835938
60844914
60851194
60857482
60865195
60872835
60877675
60885549
60893218
60795746
60794486
60795874
60794230
60795818
60795001
60795862
60774030
60781233
60787572
60792577
60799209
60805898
60812783
60821376
60828480
60835544
60840680
60847668
60855367
60861623
60868236
60877104
60882168
60889717
60795157
60796607
60796340
60796436
60796482
60796902
60795108
60796821
60780355
60786563
60791075
60798835
60805888
60814363
60821211
60828323
60834427
60841467
60847555
60853656
60862699
60867611
60875056
60883027
60889867
60895768
60797209
60798962
60797921
60799171
60799208
60797546
60799272
60777640
60783615
60789621
60797622
60804182
60809622
60816707
60824887
60832023
60839023
60843927
60851111
60860456
60865304
60872888
60880655
60885431
60895064
60798357
60799601
60799617
60799737
60799673
60800053
60798748
60800245
60782800
60788699
60793706
60799592
60807112
60814032
60822491
60827331
60834464
60842346
60847166
60854038
60861334
60867489
60875105
60883018
60889530
60895577
60799272
60800853
60799708
60800505
60799705
60801396
60800909
60777865
60783382
60790667
60795006
60803211
60809963
60816835
60822419
60829691
60837355
60843211
60850523
60858219
60865667
60870686
60879827
60884683
60892459
60898747
60802089
60801562
60800796
60801610
60801377
60801428
60801548
60780237
60785539
60791772
60799460
60804307
60810451
60818580
60824588
60831422
60837598
60846142
60852222
60858331
60867439
60873615
60879868
60885974
60894148
60900111
60802196
60802182
60802310
60802230
60802543
60801718
60802591
60781897
60786910
60793579
60799949
60806430
60811934
60819054
60827399
60833183
60839409
60846265
60855257
60860199
60867561
60875429
60883106
60887898
60895698
60903449
60801877
60803497
60802559
60803362
60803479
60804194
60803659
60784736
60789422
60795652
60801581
60809833
60816469
60823381
60830253
60837325
60844381
60850549
60856565
60863949
60871833
60879494
60884374
60890296
60898205
60802754
60802508
60804285
60803495
60804333
60802852
60802543
60804247
60785929
60790543
60797208
60802943
60811216
60817560
60823520
60832056
60838823
60845288
60851695
60858720
60867536
60872320
60879895
60887735
60895640
60900375
60804806
60804974
60804926
60805239
60803958
60805362
60805394
60782187
60788778
60794354
60801834
60806757
60814156
60820988
60827932
60835508
60842717
60849692
60856108
60861924
60870989
60877157
60883901
60889724
60897428
60905183
60807919
60807078
60808098
60806465
60806049
60806529
60806220
60785770
60791498
60798671
60804743
60811335
60818087
60824959
60830903
60834897
60842434
60850402
60857738
60863546
60871290
60877370
60885050
60891114
60897706
60903914
60807870
60808628
60808909
60807604
60809000
60808932
60808732
60785836
60792303
60796767
60802682
60809162
60816343
60824786
60830424
60837897
60843661
60852328
60859648
60864375
60871938
60879698
60887338
60892546
60900031
60906474
60807937
60809627
60808420
60809616
60809685
60808015
60809995
60789466
60793489
60801001
60807383
60813892
60819733
60826229
60834838
60841974
60846758
60853759
60862794
60867687
60875234
60882107
60887919
60895830
60903656
60908536
60808909
60808901
60808789
60810574
60809568
60810408
60810742
60789311
60794603
60802083
60808491
60814915
60820627
60827723
60834326
60841542
60848979
60856115
60862403
60868406
60877355
60882219
60889854
60895877
60905459
60911307
60810683
60811594
60810092
60809812
60810033
60809852
60811722
60792378
60797035
60804915
60810899
60816243
60824739
60830502
60837580
60845963
60852691
60857918
60865366
60874307
60879235
60886798
60894515
60902419
60907211
60811114
60812469
60812169
60810705
60812448
60812450
60811055
60812667
60795139
60799453
60807184
60813360
60819662
60826291
60834766
60840942
60846966
60853963
60862822
60867686
60875131
60882910
60890550
60895459
60904918
60911086
60811537
60813101
60812321
60813173
60811724
60811423
60811780
60791642
60798240
60804547
60810811
60817288
60822736
60830864
60836683
60845256
60851352
60857168
60864351
60872264
60879712
60884504
60893456
60897384
60906528
60911376
60814088
60813817
60813753
60813924
60813919
60814240
60813060
60792731
60798361
60805841
60812209
60818329
60823065
60829828
60836577
60843640
60851540
60858668
60864569
60872476
60878684
60884627
60894100
60900180
60907044
60913009
60814716
60814687
60815064
60813644
60817021
60816010
60817660
60797651
60802538
60809274
60815642
60821010
60828962
60834466
60841410
60850139
60857275
60862211
60869522
60878450
60883386
60890954
60898795
60903731
60911618
60816163
60816018
60817774
60816717
60817744
60817872
60816159
60817979
60800853
60806417
60810789
60816968
60826040
60833016
60839888
60845088
60851820
60859055
60867456
60871716
60878230
60884457
60892166
60899938
60904866
60912581
60817189
60816847
60818603
60817495
60817776
60818755
60817271
60818824
60801969
60807097
60811936
60817840
60824776
60831880
60840489
60845353
60852417
60859481
60867961
60872977
60879345
60886841
60894465
60899617
60905504
60914952
60819032
60817642
60819542
60818513
60819461
60819557
60817844
60818336
60800848
60807968
60814144
60819253
60826501
60834906
60840546
60847200
60855451
60862515
60868675
60874698
60883762
60888690
60896202
60904107
60911939
60916803
60819105
60819233
60818567
60820333
60819412
60820309
60820464
60797564
60804187
60808715
60814637
60823078
60829758
60836750
60842398
60849865
60855758
60864286
60871614
60876606
60885598
60890462
60898038
60905806
60913710
60919033
60821166
60820815
60820823
60820978
60820951
60821277
60819865
60800041
60807256
60811572
60819528
60826048
60831832
60838527
60845159
60852642
60861195
60866338
60873319
60882376
60888480
60895224
60900847
60908760
60915279
60834455
60821689
60821641
60821716
60821700
60821997
60821228
60822053
60803809
60810012
60817178
60823337
60830688
60837463
60844400
60850511
60857640
60864711
60870792
60877175
60884215
60890370
60898210
60905864
60913696
60919880
60822715
60821570
60821634
60822757
60821519
60822864
60822652
60800445
60806114
60812290
60820371
60826539
60833475
60840427
60847299
60854363
60860499
60866347
60873539
60879755
60887090
60894931
60902579
60907435
60915203
60921298
60823397
60823276
60823691
60822791
60823688
60823391
60823471
60805169
60809772
60816493
60822236
60828916
60837999
60843823
60849751
60856943
60865176
60871279
60877639
60884895
60892512
60900224
60905096
60914463
60919479
60823155
60824432
60824263
60824183
60824092
60822535
60824477
60801476
60806522
60812085
60819901
60826734
60833478
60839443
60846142
60854686
60860862
60866878
60875598
60881782
60888299
60893973
60903358
60909526
60916318
60923958
60825125
60823620
60823327
60825924
60825612
60827664
60826551
60808143
60812810
60818770
60826210
60832834
60839546
60845154
60852370
60859154
60866293
60873954
60881210
60887562
60893714
60902906
60909010
60913802
60923010
60826843
60826716
60826500
60828408
60826775
60827365
60827716
60827421
60810013
60816269
60822029
60830501
60835509
60844139
60851005
60856909
60862867
60870133
60878941
60885182
60892565
60897357
60904997
60912845
60919437
60925533
60827434
60829088
60827988
60829101
60827730
60827268
60827676
60809156
60815522
60821395
60827835
60834467
60840011
60846739
60853883
60862419
60869459
60874251
60881622
60890771
60895627
60903395
60911051
60915907
60923867
60828339
60828130
60829979
60829066
60829931
60830037
60828316
60830101
60811994
60819448
60825234
60832154
60837594
60844426
60851490
60858722
60866210
60873354
60879634
60885594
60894586
60899715
60907146
60914866
60922698
60927898
60830504
60830813
60829135
60830832
60829196
60830800
60830684
60810772
60815691
60821491
60829453
60836077
60842767
60848341
60855199
60864080
60870353
60876114
60884922
60891253
60897221
60906740
60911804
60917712
60925403
60830140
60829861
60831566
60830511
60831600
60831669
60830028
60830507
60814232
60820440
60826688
60833676
60841596
60848570
60854565
60862597
60868701
60875757
60883013
60888021
60895397
60901477
60909285
60915321
60924749
60930852
60832221
60832566
60831162
60832740
60832533
60832368
60832413
60811175
60819056
60823608
60830117
60836749
60843528
60851873
60858793
60864553
60873392
60878496
60885600
60894574
60900750
60906976
60914789
60920925
60927912
60832138
60832900
60833160
60832618
60833874
60833497
60832583
60833451
60816772
60822729
60828817
60834436
60841380
60848088
60856504
60863560
60868907
60875840
60882872
60890585
60898105
60902889
60910595
60916768
60924473
60930704
60832324
60833461
60833340
60832455
60834064
60833447
60834767
60812090
60819491
60825707
60832078
60837046
60844846
60851852
60857484
60864735
60872252
60879460
60886716
60892820
60898703
60906300
60913116
60920116
60927876
60934116
60834821
60834652
60834604
60833402
60833143
60834990
60834021
60813242
60819036
60826253
60831580
60837412
60844324
60850407
60855719
60861431
60867487
60874732
60881172
60888284
60895564
60901143
60905469
60913404
60920892
60927549
60933845
60835464
60833783
60835827
60834837
60835832
60834535
60836399
60813818
60821098
60827274
60833642
60840082
60846794
60853738
60860538
60867642
60873998
60880874
60888151
60893092
60900556
60908199
60914599
60922343
60929071
60834917
60836300
60836228
60836311
60836319
60836640
60835780
60836739
60819914
60828795
60833610
60840050
60846858
60853930
60860789
60869389
60875493
60881381
60888557
60896333
60903853
60908645
60916659
60922677
60930552
60936749
60837993
60839821
60839044
60839104
60840163
60838532
60840029
60818709
60825021
60830813
60837109
60843685
60850341
60857357
60865797
60872749
60879901
60884736
60891704
60897677
60905205
60911352
60919365
60925253
60932885
60938973
60839825
60840741
60839121
60838769
60839271
60838924
60840941
60820943
60827541
60833867
60841066
60847818
60855234
60861410
60868282
60875346
60882474
60888578
60895834
60903282
60908146
60916130
60921826
60928674
60935925
60841167
60840191
60841359
60841720
60840543
60839780
60840076
60840124
60824277
60830243
60836419
60842313
60849865
60856697
60863649
60869753
60876817
60882713
60889625
60896585
60904305
60909129
60916726
60922998
60928977
60938193
60841096
60841394
60842065
60842135
60842121
60842442
60841153
60842549
60826167
60832389
60836890
60843706
60850386
60857424
60865963
60873025
60878302
60885222
60894014
60900134
60906342
60912515
60921758
60927862
60934790
60940697
60843142
60843103
60843005
60843232
60842988
60843293
60842004
60822997
60830600
60835816
60841747
60848536
60856120
60863536
60869440
60876403
60884960
60891136
60898443
60904944
60910955
60920067
60924880
60932640
60938851
60842714
60844056
60842884
60843831
60843943
60843887
60844396
60820959
60828253
60834453
60840749
60847197
60852989
60859493
60868160
60873984
60880216
60888816
60896144
60901216
60908752
60916240
60922560
60928872
60938176
60944408
60844007
60844855
60844963
60843458
60845075
60843382
60844935
60826329
60832569
60838441
60844817
60851425
60858905
60863905
60870713
60877654
60884913
60891094
60898262
60905713
60913473
60921113
60926177
60931958
60939921
60844459
60843667
60845719
60845022
60845778
60845430
60845561
60822633
60828695
60834962
60841666
60847714
60854271
60861728
60868239
60875039
60881335
60890015
60897343
60902610
60909986
60915818
60925071
60930879
60938018
60945607
60844843
60844585
60846634
60845670
60846567
60846326
60846401
60881596
Peak: 62122796
Average: 58738030.38839126
