0
216795
256010
256193
256074
256393
256576
256457
256489
256585
256617
256649
256832
256713
256745
256777
256810
256905
256937
256969
257001
257033
257065
257097
257129
257376
257257
257289
257321
257354
257385
257417
257367
257463
257577
257609
257641
257673
257623
257655
257687
257897
257929
258112
257993
258025
258057
258089
258039
258153
258185
258217
258249
258377
258410
258441
258473
258656
258537
258720
258601
258633
258816
258697
258729
258857
258889
258921
258953
258985
259017
259049
259081
259113
259145
259328
259209
259369
259401
259433
259465
259497
259529
259561
259593
259776
259657
259631
259663
259753
259936
259817
260000
260160
260041
260073
260105
260137
260169
260201
260384
260265
260448
260480
260361
260393
260576
260608
260489
260681
260713
260745
260777
260809
260992
260873
260905
260937
260969
261001
261033
261065
261097
261130
261161
261193
261225
261257
261440
261481
261455
261545
261577
261609
261641
261673
261705
261738
261769
261801
261833
261865
261897
261929
261961
261993
262176
262057
262240
262464
262496
262528
262409
262592
262624
262505
262537
262720
262601
262633
262665
262697
262729
262912
262944
262825
263008
262889
262921
262954
262986
263168
263200
263456
263488
263369
263401
263432
263407
263439
263530
263561
263593
263625
263657
263689
263872
263753
263703
263735
263850
263881
263913
263863
263566
118344
Peak: 268879
Average: 257898.8775510204
