0
215907
279514
569437
983399
1692795
2274581
2703037
3133261
3717173
4001055
4647630
5388851
5783160
6202395
6650888
6981432
7503189
7914300
8476525
8886751
9164861
9500557
9722543
10054866
10805380
11147326
11810034
12290555
12727795
12994994
13462777
14187188
14550621
14888717
15531454
15926708
16438641
16667420
16800091
17037923
17207415
17373817
17662274
18054773
18205379
18428716
18503778
19230391
19554712
19769019
19826507
19829747
20113318
20271985
20483615
20865502
21272257
21502982
22100095
22608712
23303003
23543563
23936110
24243158
24549212
24571766
24732298
24878817
25077570
25248049
25558351
25970095
26285646
26782133
27187463
27757457
28445719
29306585
29884068
30064497
30069105
30071657
30086269
30090501
30117370
30690942
31358901
31623333
31950325
32127264
32461086
32519257
32591872
32621441
32739702
32755481
32989710
33469971
34472978
34003119
34482676
34697317
34778433
34824145
34795354
34877627
35183164
35294987
35913083
36004929
36412992
36890024
36961063
37205063
37666617
38087747
38513962
38513774
38513935
38513770
38376217
38828394
39027428
39207910
39278259
43253624
43337930
43550781
43624144
44199737
44257676
44294663
44370525
44425103
44448989
44534089
44573538
44636620
44679543
44744655
44800055
45002353
45093077
45245640
45625547
45734039
45962393
46506936
46903653
46980342
47064814
47244949
47309846
47496351
47584083
47703126
47758910
48085924
48214113
48456330
48659699
48738553
48892401
49302833
49334172
49469737
49474252
49611445
49734793
49822269
50008805
50259317
50351857
50439137
50462937
50477409
50510601
50555486
50616219
50652236
50819055
50877861
50960002
51172787
51528240
51633960
51941626
52199355
52577306
52717886
53039812
53327713
53797917
54414297
54619511
54690057
54772139
54797493
54892808
54963045
55101746
55143432
55289335
55198663
55635410
55932860
56047718
56205133
56658553
57047073
57093124
57311330
57481669
57571727
58012436
57978628
57961460
58130908
58203695
58312869
58453868
58586593
58671204
59024901
59757277
59933349
60023381
60097581
60151557
60208421
60387377
60424452
60996745
61928079
60989509
61034714
61052420
61073743
61090364
61108483
61129139
61147831
61163991
61182461
61201757
61216841
61235528
61252688
61269038
61287016
61300837
61316611
61335319
61353665
61368708
61388518
61403391
61421631
61438688
61455516
61470321
61490477
61504804
61522978
61537423
61558154
61572908
61590629
61605276
61626498
61641475
61658962
61673644
61691378
61709220
61727370
61741700
61759858
61774196
61796186
61810524
61828674
61843076
61861178
61875815
61897938
61912626
61930426
61944919
61962594
61977282
61994615
62015877
62030124
62048274
62062690
62080690
62095444
62113178
62133042
62148727
62166770
62181084
62197090
62213682
62229410
62243724
62267946
62283052
62298386
62314018
63458894
60925067
60932409
60934477
60934836
60933505
60933869
60934950
60935100
60935880
60935371
60936426
60935931
60936714
60936597
60936582
60937606
60850467
60864531
60880019
60895755
60910198
60928022
60944190
60962403
60978030
60997188
61012556
61030834
61048791
61063557
61082636
61097258
61116719
61133479
61149802
61167708
61182362
61202183
61216733
61234588
61251794
61268519
61286455
61303164
61321284
61335759
61356471
61371351
61386591
61403487
61419045
61440164
61456996
61471677
61489519
61505197
61522743
61538695
61553269
61570060
61587860
61606151
61624223
61639005
61656740
61671191
61689359
61708205
61725988
61740634
61758180
61775295
61789687
61812596
61827050
61845063
61859624
61877599
61894359
61909053
61926895
61949090
61963506
61981519
61996093
62014146
62028691
62045354
62063890
62085725
62098091
62113688
62131386
63266598
60940462
60940143
60941175
60940410
60941326
60941021
60941213
60941209
60941366
60942338
60941794
60942363
60941785
60941214
60942728
60941491
60863696
60878283
60894974
60909911
60927031
60939722
60956183
60974941
60990642
61007234
61022605
61040749
61056616
61075629
61089206
61105187
61124168
61138904
61158470
61172760
61190805
61208531
61222749
61240979
61257891
61275429
61291216
61308083
61325925
61340437
61361136
61375771
61393541
61407885
61425341
61442757
61460888
61475445
61491393
61512509
61528355
61542880
61560629
61575272
61593326
61611758
61627091
61645214
61659696
61677648
61691960
61714264
61728728
61744635
61762405
61776789
61794899
61815352
61829747
61847768
61862181
61880232
61894616
61910744
61924819
61946941
61961424
61979424
61995080
62009707
62027616
62042534
62058899
62080870
62096633
62114475
62128803
63271196
60945225
60946399
60946511
60946171
60946763
60945301
60945267
60946159
60946802
60946938
60947280
60947280
60947413
60947508
60947403
60947433
60862067
60875927
60890146
60908335
60923479
60942583
60958146
60975807
60991466
61010031
61025647
61043479
61059215
61078439
61092890
61110967
61127629
61145520
61157976
61169072
61181032
61196491
61211156
61226769
61239236
61253228
61267396
61285460
61298891
61317011
61332574
61347316
61368068
61383796
61398474
61416340
61430876
61451892
61466412
61484284
61499108
61520292
61535036
61552807
61567551
61583004
61600943
61620444
61635204
61650543
61668492
61682956
61698767
61719572
61736516
61750828
61766567
61784364
61799332
61820591
61837556
61852244
61870023
61884436
61900068
61918140
61933796
61953620
61971703
61987356
62001927
62019820
62034340
62052039
62066764
62088700
62107220
62121948
62137172
63278365
60951919
60953010
60953413
60953022
60953942
60951556
60953292
60952863
60952383
60952714
60953531
60952722
60952215
60953664
60954020
60953741
60868698
60885466
60901285
60915626
60934194
60950445
60966917
60982114
60997730
61016434
61032282
61047925
61066997
61082939
61098499
61116643
61132595
61148155
61167955
61183659
61198211
61218003
61233707
61248059
61268235
61283963
61298867
61316353
61334451
61348779
61366843
61384939
61400867
61415734
61430902
61449870
61465454
61483326
61498971
61514662
61531438
61549334
61565003
61579390
61595238
61616891
61631766
61649414
61663819
61679638
61696347
61715003
61730646
61745038
61763211
61777790
61795662
61810054
61832939
61847550
61866190
61880582
61898595
61913174
61928590
61952115
61966918
61982422
61998995
62015683
62031870
62049518
62064110
62081995
62102459
62120686
62137446
63282156
60956533
60957224
60956675
60957150
60956386
60957539
60957549
60957399
60956828
60957600
60957911
60957691
60957875
60957693
60957851
60957840
60876250
60892125
60907821
60922893
60938675
60954725
60971232
60987629
61005605
61022237
61037773
61055669
61071277
61088381
61103749
61119920
61134293
61150125
61169835
61184299
61200315
61217515
61235539
61251251
61269011
61283723
61299246
61319451
61333915
61349691
61367563
61385907
61400350
61418371
61432867
61451835
61469587
61484043
61499726
61517755
61535739
61551206
61569307
61584963
61599475
61621227
61635683
61651459
61669419
61683891
61699667
61721763
61737507
61752078
61770763
61786411
61800811
61816563
61839235
61853707
61869390
61887403
61902134
61917579
61935523
61956267
61970883
61986531
62004683
62019419
62034867
62052835
62068507
62082883
62104798
62122779
62138483
62153179
63286828
60961090
60962021
60960832
60961918
60961179
60960661
60962160
60962436
60960800
60962438
60961562
60962323
60961545
60962261
60962529
60962365
60880508
60896513
60912412
60927076
60945404
60961633
60976972
60995732
61011444
61029041
61044465
61063660
61078281
61095129
61113153
61129324
61147081
61161697
61181321
61195804
61215737
61230324
61248375
61264879
61282964
61297388
61313271
61333340
61347812
61365863
61384196
61398826
61416596
61431311
61452148
61466676
61484743
61499551
61517207
61535055
61550631
61568820
61583204
61601204
61619615
61637292
61652100
61668796
61683300
61701284
61720383
61735700
61753652
61768295
61786196
61800732
61818716
61837820
61855951
61870180
61885711
61901284
61915748
61933791
61948300
61969236
61987324
62001967
62019860
62034263
62052348
62066759
62084844
62105920
62123460
62137972
62155620
63291005
60964728
60965090
60964829
60965872
60965155
60965917
60965280
60965975
60966241
60964930
60966314
60964844
60966335
60966577
60966546
60966323
60885173
60901205
60918978
60933834
60952165
60968394
60984794
60999842
61019101
61033354
61052437
61068181
61086138
61101844
61120134
61136414
61154062
61168550
61188286
61202790
61220374
61238526
61252854
61273113
61287542
61303302
61323550
61339182
61353926
61369409
61389918
61405326
61419942
61438014
61455590
61471393
61489286
61503670
61519289
61540838
61555401
61573361
61587638
61605774
61624286
61642046
61656430
61674270
61688894
61706982
61726022
61743670
61759166
61774006
61791950
61806529
61824374
61843982
61861681
61877062
61891678
61909897
61924374
61942262
61962102
61977734
61995806
62010313
62027974
62042942
62058457
62076414
62090750
62114950
62129838
62147414
62161878
60969476
60970631
60970791
60968894
60970556
60969111
60970713
60969678
60969445
60970226
60969445
60970175
60969690
60970289
60970057
60970337
60970204
60893299
60911115
60926944
60941598
60959888
60975094
60993675
61008771
61025558
61043448
61058896
61075718
61093776
61109843
61127563
61143907
61159206
61178968
61193526
61211443
61229131
61243785
61261547
61278361
61296195
61310825
61330963
61345593
61363451
61377854
61398331
61413257
61431091
61445766
61466731
61481091
61499206
61513995
61531694
61549563
61567635
61582155
61600027
61614670
61636390
61651041
61668827
61683553
61701339
61717043
61735897
61753731
61768361
61786123
61800598
61818683
61834294
61853494
61871579
61887137
61903041
61920963
61937774
61952353
61974467
61992467
62007193
62023787
62041766
62056166
62074251
62091062
62111929
62128491
62146587
62161201
63298465
60972164
60971888
60972425
60972068
60972617
60972249
60972689
60972353
60972713
60972353
60972820
60972403
60972835
60972446
60972867
60972475
60896219
60911164
60926722
60944875
60960089
60975994
60994680
61007462
61024166
61039977
61058881
61074367
61092469
61108193
61126271
61141017
61154289
61172316
61189546
61207734
61222386
61242085
61256842
61272944
61292242
61307031
61322403
61342844
61357048
61375204
61392265
61410342
61424676
61440673
61456182
61477242
61491596
61507458
61525279
61543148
61558965
61576810
61591554
61607149
61625022
61644501
61659875
61674549
61692570
61707227
61722573
61744890
61759347
61775127
61792997
61808636
61823207
61845916
61861540
61876000
61894012
61908476
61926533
61942180
61956591
61977785
61995671
62011310
62025654
62043791
62059430
62073935
62091951
62112839
62128052
62143756
62159399
63302850
60977264
60978171
60978172
60978223
60977891
60978343
60978035
60978310
60976878
60978409
60977326
60978603
60976967
60978661
60978642
60978602
60898429
60914358
60929884
60944740
60963033
60977996
60995516
61013193
61028927
61046697
61063356
61075919
61092164
61111521
61125887
61145540
61159980
61178057
61194348
61210932
61229916
61244257
61260060
61280057
61294385
61311204
61328161
61344868
61361620
61377260
61396937
61411388
61429468
61443873
61459615
61480657
61495265
61513124
61527529
61539748
61558900
61575481
61593540
61607985
61626007
61644623
61662415
61676994
61694871
61711682
61726290
61748431
61763117
61779647
61797730
61812314
61828959
61851767
61866218
61884303
61901114
61915714
61927570
61937245
61948111
61956466
61976474
61994383
62010127
62026874
62042922
62060570
62075098
62093047
62107530
62131730
62146130
62164202
63307677
60982472
60982607
60981620
60982831
60982825
60983197
60982916
60983079
60983160
60983268
60983180
60983348
60982234
60983365
60983245
60983587
60897852
60913015
60931159
60946785
60961816
60980521
60996938
61012059
61027916
61046482
61062518
61080146
61096058
61115245
61130955
61145138
61164915
61179795
61196866
61214803
61230491
61246858
61264795
61280459
61296906
61315035
61330843
61347594
61365555
61380011
61396453
61416419
61431211
61448787
61463675
61481890
61500051
61514539
61530170
61551627
61566443
61581826
61598454
61614187
61629861
61651718
61666475
61681570
61699910
61714306
61732315
61752259
61766714
61784755
61799218
61817259
61831718
61851986
61870147
61885006
61902595
61916930
61932837
61950787
61965242
61988686
62002890
62021171
62036006
62053651
62068099
62086099
62101835
62122325
62140371
62154835
62170413
63311679
60985609
60985147
60985891
60985964
60985916
60985671
60986015
60986978
60986105
60986878
60986330
60986826
60986434
60986971
60986226
60985746
60908842
60923770
60939418
60957626
60973770
60988625
61007581
61024002
61039450
61055123
61074020
61089968
61105488
61124762
61139174
61156377
61174710
61189394
61206545
61222335
61242055
61256603
61272287
61292270
61306883
61322286
61337940
61354393
61369497
61387290
61404383
61420135
61438035
61452683
61470475
61489283
61503725
61521755
61537411
61556754
61574699
61589114
61607326
61621827
61637309
61659235
61674067
61689410
61707427
61723083
61737819
61757386
61773018
61788595
61804227
61819746
61835570
61858414
61874067
61889787
61904042
61919938
61937907
61953243
61967986
61991358
62007086
62022619
62036946
62052725
62068381
62086467
62100947
62117734
62139531
62153867
62169546
63316820
60991088
60991739
60991681
60992172
60990515
60992033
60990557
60992174
60992063
60991942
60992100
60991958
60992234
60992167
60991530
60992209
60908920
60924774
60940478
60958859
60973582
60989886
61008678
61023859
61042870
61057270
61076350
61092035
61108747
61128142
61142827
61159726
61177843
61192486
61212038
61226547
61246609
61258785
61274417
61294401
61310078
61324486
61340113
61360422
61376134
61391574
61411265
61426918
61441337
61459409
61475086
61492753
61510734
61525190
61540798
61562262
61576713
61594742
61609238
61627289
61642033
61663558
61679294
61693697
61710473
61726342
61740900
61760590
61773857
61791942
61806329
61824334
61838838
61852006
61869265
61884521
61896550
61909902
61923033
61935126
61948369
61966350
61986198
62001750
62019910
62034382
62050134
62068137
62083734
62098041
62116241
62136734
62152486
62170441
62186094
63319924
60993806
60994284
60994010
60995074
60994661
60994981
60994328
60995104
60995379
60993936
60995306
60995531
60995309
60995611
60994082
60995742
60914667
60930785
60946119
60962152
60978224
60993192
61009575
61026064
61041680
61058531
61077277
61093046
61109840
61124448
61140068
61155758
61173063
61187544
61205314
61220846
61238633
61256250
61271110
61286411
61304270
61317539
61333093
61351229
61369174
61386475
61400926
61419301
61437187
61452902
61467307
61486171
61501709
61519667
61535454
61551115
61569353
61584781
61602595
61618382
61633907
61648825
61667693
61685867
61701589
61716011
61731840
61749766
61769619
61784049
61799637
61817643
61832166
61847797
61868491
61886318
61900723
61916587
61932101
61950083
61965774
61980107
62001288
62017862
62034747
62049257
62067294
62082963
62096341
62110611
62133638
62149277
62163789
62181675
63325274
60999073
60998634
60999596
60998681
60999517
60998744
60999675
60998883
60999570
60999556
60999548
61000332
60999839
61000244
60999623
61000450
60922128
60935887
60950238
60966379
60982126
61000736
61017136
61033608
61049128
61067021
61082451
61101544
61116468
61135352
61149803
61167106
61185086
61199869
61217145
61235019
61251669
61267008
61284910
61301467
61319545
61335208
61348624
61366336
61382198
61399968
61417529
61432976
61450817
61466466
61481083
61500987
61513019
61528638
61543067
61558961
61580262
61595907
61610537
61628299
61642787
61662513
61680481
61695254
61712918
61727742
61745406
61764273
61782131
61796689
61814595
61830233
61845843
61863953
61883131
61901265
61916218
61932515
61948468
61966267
61983086
62002841
62020867
62037809
62052409
62069019
62087091
62101449
62118539
62142566
62156982
62175142
62189494
63328236
61002045
61001813
61002718
61001805
61002607
61002369
61002636
61003433
61002804
61003316
61002513
61002035
61003585
61002244
61003582
61002332
60925422
60936701
60953301
60965149
60981693
61000269
61015501
61031965
61047549
61064429
61083221
61097685
61114671
61133967
61149623
61164063
61183575
61199303
61215543
61233487
61249231
61266807
61281327
61296967
61317055
61331519
61347199
61367479
61382287
61397503
61415647
61431495
61444903
61462855
61477543
61496103
61514071
61528831
61545247
61561023
61582407
61596799
61614943
61629263
61649159
61667487
61683103
61701303
61715719
61731554
61749375
61768015
61786111
61800503
61818647
61833383
61851039
61865703
61888303
61902791
61917215
61931594
61947311
61964071
61979895
62003223
62017866
62034511
62050359
62068263
62082631
62100815
62115311
62132967
62153727
62171895
62186239
63333560
61007433
61007021
61007703
61007234
61007999
61007673
61007945
61008865
61008908
61007487
61008865
61009149
61008774
61009285
61008940
61009250
60928174
60946379
60960568
60976862
60992531
61011203
61027610
61042728
61061903
61076254
61095273
61110817
61128902
61144643
61161531
61178720
61194600
61214183
61228919
61244269
61264202
61278646
61296744
61313235
61330048
61342234
61358128
61378202
61392611
61410696
61428262
61445794
61460245
61478330
61497034
61509235
61524918
61540496
61558374
61577462
61591913
61609991
61625624
61640051
61655964
61677553
61693209
61707666
61725673
61741312
61755928
61775578
61793721
61809370
61823749
61839579
61857489
61877928
61892380
61908209
61926119
61941788
61956353
61974204
61990008
62011087
62026660
62041538
62059123
62074827
62089573
62104738
62122882
62143424
62159102
62177145
62192814
63336459
61010814
61011507
61011633
61011857
61010212
61011952
61012064
61011753
61011711
61010497
61010500
61010846
61011718
61011712
61012097
61012255
60925163
60940495
60953331
60970147
60984654
61000723
61017126
61033555
61049739
61066550
61084499
61101187
61116659
61133419
61151803
61167574
61183307
61201563
61218982
61233494
61251427
61269054
61283515
61301419
61319310
61333822
61351723
61369638
61383979
61399686
61417854
61434811
61452955
61467518
61485435
61503046
61518747
61536699
61551131
61565614
61583582
61601510
61616043
61633923
61650806
61669179
61687131
61703942
61718283
61736403
61751038
61773091
61787435
61805654
61820179
61838179
61852595
61870739
61892374
61906838
61921227
61936966
61951259
61969403
61984089
62007243
62021830
62039806
62054406
62072331
62087086
62104747
62119382
62137307
62158038
62174750
62192723
62207115
61013681
61014969
61015124
61014983
61014984
61015751
61016230
61017010
61016456
61017071
61016346
61017097
61017306
61017185
61017311
61017249
61017998
60941428
60953700
60969289
60985555
61001619
61017891
61033883
61050525
61069430
61085093
61101685
61118462
61134165
61151219
61165533
61182982
61198782
61216459
61232657
61248390
61268306
61283945
61299612
61314011
61329355
61346292
61360798
61380995
61395452
61411163
61427939
61446491
61464308
61480035
61494678
61515636
61529963
61548052
61563780
61578046
61599676
61614419
61627366
61642998
61661100
61679187
61697332
61712099
61729820
61745483
61759982
61782236
61796763
61814628
61829299
61844739
61862747
61877390
61900172
61914427
61932588
61947076
61962846
61979563
61995310
62018644
62033307
62051036
62065779
62083500
62099163
62113542
62131692
62152507
62170228
62184971
62200270
63345136
61018462
61018383
61018873
61018652
61019345
61019987
61020356
61020415
61020406
61020437
61020467
61020201
61019652
61018499
61020444
61018862
60939618
60953037
60967968
60983720
61001816
61018037
61034437
61049653
61065464
61084328
61100973
61115579
61134584
61151333
61166333
61182341
61201304
61216949
61233093
61248640
61266888
61283205
61298760
61316832
61334621
61349093
61364736
61383088
61398699
61416376
61432045
61449149
61464792
61482923
61498509
61515952
61531592
61549677
61564069
61579739
61601299
61616909
61631389
61647203
61665187
61684637
61697893
61713477
61726765
61742424
61758080
61772472
61794768
61809432
61827320
61841725
61859749
61874248
61897144
61911536
61929632
61944291
61962133
61978952
61994597
62016816
62031400
62049309
62064027
62081909
62096611
62114333
62128931
62146917
62169821
62186712
62201144
63348366
61022239
61022590
61022656
61023619
61022376
61023336
61022664
61023499
61023584
61023884
61022277
61023851
61023987
61023931
61024167
61024139
60941549
60957588
60973124
60989284
61007524
61023756
61040252
61055559
61070034
61086578
61103298
61121354
61138162
61152760
61168498
61186474
61203714
61218474
61235501
61253514
61269250
61285586
61301338
61319322
61337122
61351434
61367280
61387498
61403250
61418906
61433528
61453986
61469714
61484226
61502178
61520906
61535346
61553298
61569090
61583661
61605034
61620690
61635192
61653178
61667800
61689482
61703802
61721898
61736706
61754434
61769994
61788682
61804445
61822410
61837746
61852554
61870506
61887381
61910026
61925842
61940258
61955914
61974010
61988704
62006474
62026170
62044314
62058634
62076778
62092434
62106778
62122338
62138344
62156010
62177914
62192234
62209138
63354051
61028096
61028952
61028808
61029177
61029241
61028960
61028999
61027972
61028235
61028227
61029406
61029449
61029456
61029460
61027905
61027940
60941999
60955711
60972581
60987087
61002992
61018981
61035213
61051912
61068253
61084831
61101026
61119662
61136491
61150995
61167858
61183621
61203235
61217627
61235042
61250773
61266341
61286275
61302030
61316811
61334317
61352230
61367867
61384715
61400254
61416045
61433939
61452406
61466853
61484771
61500427
61517963
61534763
61550419
61566123
61580859
61599709
61615373
61633259
61648987
61663723
61678890
61698637
61716595
61732347
61747979
61762755
61777973
61800347
61815011
61831539
61846027
61861781
61877205
61897741
61915819
61931451
61946291
61961669
61977333
61995291
62010947
62030715
62046525
62064147
62080123
62094515
62110034
62125994
62141688
62159157
62181499
62197155
62211338
63357476
61031301
61031577
61031555
61032783
61032818
61032730
61032874
61030990
61030974
61032411
61032912
61032832
61033081
61033113
61033009
61033171
60946725
60961755
60975173
60992904
61008776
61025016
61040656
61057672
61074096
61090712
61107304
61122952
61139832
61154224
61169946
61185602
61202903
61218295
61238304
61253936
61269600
61286071
61301592
61317602
61335135
61350682
61366447
61382138
61400015
61415738
61431303
61449682
61465135
61480903
61496495
61512282
61530879
61546599
61562303
61578194
61593826
61612562
61628304
61643976
61659592
61675224
61694720
61711616
61727360
61742992
61758624
61773016
61794160
61809744
61825448
61841032
61854242
61870290
61885584
61904799
61922840
61938568
61954320
61968736
61984290
62000362
62015626
62036791
62054736
62070488
62086144
62100650
62117320
62134264
62148698
62172800
62188552
62204304
62218720
63360990
61034738
61034346
61035527
61034545
61035366
61035174
61035294
61036142
61035507
61036078
61035342
61036471
61036586
61036254
61036396
61035940
60952390
60969369
60985217
61001268
61017065
61033345
61048680
61064808
61080400
61097187
61116161
61130625
61147464
61165569
61182513
61197003
61216537
61231280
61248419
61266385
61280809
61299652
61315185
61329928
61347379
61365481
61381209
61397819
61416017
61431633
61446059
61466737
61482492
61496939
61514905
61532420
61547888
61566025
61581804
61596032
61615120
61633084
61648000
61663555
61681428
61701009
61715264
61733228
61749105
61763531
61781572
61801401
61815728
61833977
61849593
61863968
61882057
61897689
61916792
61932376
61950552
61966184
61984465
61999128
62014595
62037865
62053569
62067923
62083507
62101665
62113907
62131801
62146056
62164372
62186153
62200552
62218732
62234225
61039597
61040989
61041090
61040793
61041116
61041042
61040251
61041017
61041234
61041025
61041368
61041083
61041300
61041179
61041407
61041294
61041519
60962060
60978166
60994591
61009302
61025198
61043983
61060383
61075502
61094599
61109063
61125614
61144903
61159214
61178695
61193159
61210262
61228327
61243422
61262543
61276991
61293470
61311487
61327119
61343854
61359230
61375078
61393023
61411007
61426751
61441127
61459766
61475190
61490694
61508831
61524463
61541951
61557710
61573238
61591303
61610463
61624742
61642951
61657343
61674191
61688710
61706967
61722527
61738231
61752854
61768334
61786279
61804967
61820654
61838399
61854351
61870095
61884535
61900222
61922967
61938623
61953294
61968798
61984678
61997982
62014503
62029174
62049886
62065350
62083559
62099263
62113743
62130255
62144806
62160646
62184831
62199574
62215054
62232927
63369253
61042967
61042713
61043550
61043200
61043675
61044232
61043757
61044189
61043453
61044255
61044391
61043031
61044428
61044680
61044611
61044700
60963635
60977403
60994203
61008931
61024851
61041059
61059923
61076323
61090787
61103851
61121379
61136099
61153083
61168646
61187915
61203643
61219718
61237683
61255067
61269718
61287635
61303923
61320718
61337403
61354382
61372203
61386859
61407067
61421659
61437174
61455211
61473531
61488043
61505995
61520435
61541547
61555939
61574035
61588883
61605307
61624870
61642467
61656979
61675027
61689467
61711355
61725758
61743795
61758115
61776347
61790739
61811806
61827443
61843059
61860035
61876782
61892523
61913027
61931051
61947811
61962323
61980347
61994811
62012859
62027299
62048750
62062851
62079651
62091595
62108539
62123003
62138779
62156659
62171182
62195267
62209659
62225387
63372441
61046201
61045795
61046207
61045798
61046694
61045910
61046505
61046108
61046857
61046266
61046892
61046220
61047068
61046372
61047140
61046356
60970228
60983045
60998196
61014334
61030392
61046613
61065403
61081923
61098571
61112885
61131947
61147907
61163550
61182614
61197227
61216614
61231051
61246669
61266483
61280770
61300827
61315694
61330933
61349811
61365587
61381274
61399291
61414821
61432811
61447619
61465578
61483670
61498083
61512507
61525709
61546867
61561355
61576850
61592533
61610619
61628894
61644325
61662291
61678035
61692277
61712979
61728755
61744517
61762486
61777230
61793638
61814827
61829165
61847243
61862051
61879707
61894566
61911362
61932723
61946965
61964891
61980907
61995245
62013323
62028182
62048802
62066843
62082571
62097018
62112469
62126914
62143651
62158261
62176339
62197891
62213907
62228258
63375417
61049374
61049030
61049853
61049592
61049763
61049640
61049781
61050789
61049778
61050696
61049880
61050648
61051000
61051057
61051271
61051739
60968688
60982202
60995719
61012081
61028201
61044978
61061830
61077414
61094094
61110566
61127497
61145260
61162057
61177772
61193436
61210284
61228870
61244451
61260744
61278643
61293150
61310894
61328708
61343244
61361019
61376531
61394537
61411767
61426979
61445027
61459406
61478014
61495894
61511561
61526046
61545900
61562516
61577187
61595217
61610932
61629297
61644577
61661330
61678171
61692697
61713191
61730254
61744688
61762617
61777470
61795134
61815092
61829400
61847515
61862196
61878735
61895404
61910115
61929406
61942526
61960788
61975577
61990993
62007506
62024485
62038899
62062321
62076622
62094772
62109195
62124755
62142988
62157345
62174211
62192448
62209308
62223641
62239446
63381543
61055525
61055165
61055861
61055378
61056084
61055881
61056089
61056981
61056077
61056858
61056173
61056861
61056218
61056911
61057314
61057497
60974688
60989538
61005243
61021419
61037331
61053788
61069950
61086500
61102030
61119844
61136442
61153476
61170284
61185935
61201622
61219700
61236970
61252590
61268566
61284382
61301010
61316412
61330647
61346450
61364341
61380004
61393236
61413607
61428956
61444836
61460564
61477644
61493222
61509988
61527010
61543220
61561364
61576100
61591310
61609476
61628695
61643447
61658628
61674286
61692495
61707158
61726446
61744389
61759980
61774423
61789998
61806834
61828140
61842532
61858714
61876212
61890670
61906230
61929180
61944842
61959174
61974830
61992986
62007572
62023196
62041034
62062102
62076433
62092585
62110359
62126028
62140606
62158468
62173900
62195094
62210598
62228507
62242055
63385188
61059132
61058944
61059685
61059415
61059529
61060372
61059814
61060230
61060518
61059046
61060489
61060765
61060433
61060719
61059351
61060938
60979357
60996620
61011940
61027019
61042822
61061415
61076661
61094322
61109668
61126485
61144394
61159993
61178010
61194025
61210506
61229058
61243652
61261474
61278930
61293657
61313298
61328100
61343524
61361172
61379322
61393601
61410509
61429794
61444228
61462258
61479617
61494916
61513066
61527441
61548602
61563297
61579706
61596746
61611324
61632594
61646985
61665218
61679473
61696298
61713266
61731604
61749594
61764082
61779975
61797810
61812065
61833173
61850082
61864841
61880316
61897061
61913970
61933276
61951306
61966941
61981293
61998178
62013906
62028161
62043948
62067426
62082097
62098565
62114370
62129873
62148098
62162524
62180562
62201012
62216908
62234826
62249242
63387987
61061800
61061476
61062255
61061639
61062988
61063384
61061731
61063517
61063407
61063610
61063685
61063613
61063872
61063567
61063642
61063551
60983752
60996917
61012693
61028733
61043389
61059503
61076415
61092423
61108258
61127168
61142541
61158100
61177448
61193280
61208885
61228448
61242799
61258573
61277265
61294064
61308712
61328555
61342890
61358570
61378784
61391970
61407712
61428059
61442560
61458042
61476128
61493280
61508906
61527072
61542752
61560389
61578339
61592602
61609526
61626408
61644202
61661161
61678008
61691376
61708046
61728808
61743365
61761099
61776704
61791293
61809440
61829392
61843730
61859421
61877440
61892290
61907786
61925672
61945130
61960573
61978688
61993176
62008778
62025566
62041224
62062349
62080379
62094634
62110469
62128499
62144224
62158621
62174277
62192392
62212874
62231075
62245754
63391318
61066083
61065043
61065669
61066734
61065923
61065203
61066668
61066796
61070102
61069957
61069419
61068244
61070039
61068444
61068268
61069052
60987663
61003519
61017247
61033050
61048911
61065007
61083847
61100319
61114711
61131647
61148023
61163719
61180383
61196546
61213159
61228743
61246943
61263983
61281343
61295663
61311679
61330095
61347039
61362791
61380239
61395871
61411527
61428743
61444223
61460863
61477583
61495087
61511831
61526343
61544295
61563063
61577479
61595551
61610359
61625711
61647199
61662855
61677615
61692975
61709615
61730423
61746167
61761783
61776559
61793071
61808703
61828559
61843055
61858671
61876767
61891303
61909231
61923671
61946519
61960959
61978911
61993375
62011375
62026368
62043959
62063655
62080559
62097271
62113415
62129783
62145479
62163631
62178455
62196183
62216671
62233479
62249183
62267287
61072701
61072669
61072433
61072814
61071279
61072882
61072866
61072957
61073099
61072983
61072996
61073557
61072843
61071282
61071117
61071778
61071444
60995767
61007924
61022297
61040569
61056681
61072841
61089337
61105884
61121188
61136916
61155876
61171407
61189652
61204116
61218476
61233159
61251359
61268268
61284567
61301220
61316956
61334447
61352604
61366916
61386004
61401660
61416092
61433868
61449932
61465244
61482188
61500580
61515020
61532996
61548724
61567452
61583108
61597428
61613143
61629916
61650340
61664956
61680447
61698460
61714180
61732340
61748068
61766092
61781820
61796404
61814284
61831700
61849796
61864532
61880023
61897868
61912439
61930428
61949636
61967780
61982292
62000268
62014839
62032460
62047220
62070644
62084964
62103108
62117500
62135596
62150036
62168060
62182655
62198076
62218564
62235508
62250316
62266719
63400837
61074201
61074005
61074529
61074113
61074617
61074388
61075372
61074481
61075107
61074990
61074931
61076009
61074969
61076039
61075899
61076450
60996334
61009955
61027634
61042381
61058773
61074589
61090995
61107533
61126451
61141883
61157573
61174311
61192461
61208298
61226315
61242409
61260217
61274705
61291992
61310256
61327845
61342371
61357905
61378017
61392576
61408317
61426232
61444097
61458543
61474392
61495014
61510791
61525308
61541468
61556957
61572127
61586804
61599614
61615668
61631073
61651148
61666869
61683903
61698580
61713790
61735732
61751501
61765887
61781511
61799607
61815276
61834014
61850604
61867709
61882392
61898051
61915910
61930479
61950968
61968929
61984686
61999198
62017373
62031562
62047350
62063114
62086382
62100941
62118846
62133472
62148900
62167056
62181453
62199704
62220542
62236888
62253933
62268242
63404643
61078497
61078053
61079322
61078239
61078974
61078670
61078966
61079894
61079070
61079814
61079380
61079731
61080075
61080159
61079959
61080290
60998981
61017140
61030542
61046094
61062279
61079751
61095007
61111342
61128049
61146079
61162695
61178577
61193817
61213311
61227678
61246039
61263079
61277454
61298662
61312975
61330559
61344838
61363047
61380815
61395190
61413207
61427950
61445470
61463607
61477934
61496558
61514527
61530255
61544735
61560334
61581423
61595887
61611526
61628255
61648815
61663070
61679895
61696911
61711286
61727017
61747535
61764527
61779935
61794414
61812695
61828351
61846950
61865039
61880695
61896439
61911247
61928855
61948119
61963734
61980647
61994902
62011935
62027591
62043247
62057494
62078582
62094550
62112495
62128151
62142543
62158038
62173838
62189662
62207535
62229383
62245039
62259286
62275070
61081697
61082238
61083066
61081409
61081352
61082270
61082942
61083033
61083343
61083402
61083366
61083496
61081542
61083281
61081737
61083305
61081817
61000795
61015598
61031374
61046030
61064438
61079150
61094670
61110302
61125438
61144494
61161174
61175470
61194766
61209158
61228598
61243334
61262598
61277398
61294646
61312534
61327222
61346750
61361630
61379438
61399750
61414150
61427342
61447742
61462550
61480230
61495862
61513158
61531134
61545646
61563390
61581270
61599222
61613558
61631710
61646070
61667654
61682166
61700118
61714390
61732606
61750790
61768862
61783542
61801398
61815790
61834022
61852590
61870734
61885246
61901982
61920054
61934398
61957270
61971854
61989854
62004238
62022454
62037214
62054894
62069502
62092782
62107390
62125294
62139806
62157782
62172486
62190438
62207198
62228174
62245902
62260414
62278390
63414679
61088388
61088004
61088908
61088687
61088738
61089647
61089901
61089013
61090112
61089683
61089935
61089801
61090160
61089830
61090031
61089926
61006520
61021375
61037061
61054271
61069074
61087530
61103927
61120407
61134799
61152751
61165631
61181335
61200583
61215191
61233167
61248850
61268447
61282895
61302695
61317087
61332911
61352791
61367586
61385319
61401879
61417583
61435463
61452175
61468191
61486095
61501455
61518783
61536927
61551447
61569343
61586866
61604951
61619239
61637367
61653103
61673287
61687719
61705911
61720754
61738423
61756775
61774679
61789071
61807239
61820399
61833591
61853735
61871639
61886159
61904031
61918922
61936591
61951175
61973879
61988271
62005103
62020767
62038919
62055751
62070167
62092255
62108255
62124951
62139271
62157415
62171810
62188543
62204591
62227343
62243034
62260847
62275727
63417864
61091398
61091197
61092007
61091824
61091831
61092818
61091829
61092885
61092311
61092826
61092074
61092799
61093151
61092099
61093058
61093588
61013133
61025633
61042233
61057319
61073274
61089453
61108175
61123247
61139282
61158000
61173786
61192600
61207271
61225280
61236082
61251856
61266584
61282216
61299690
61317600
61333336
61349762
61365485
61383328
61399904
61415725
61433584
61451616
61466034
61484136
61499824
61517183
61532578
61550536
61566264
61584066
61599490
61615154
61633040
61647568
61666757
61684616
61700320
61714634
61730634
61749703
61767864
61782328
61798162
61815848
61830743
61852760
61868488
61883018
61901000
61915255
61933416
61949144
61968258
61986408
62000722
62018872
62033151
62048943
62067072
62086850
62104920
62119650
62137408
62152210
62167391
62185624
62199938
62214541
62237392
62251856
62269856
62285512
63420710
61094389
61094063
61094436
61094137
61095109
61094613
61094936
61094862
61095134
61095828
61094966
61095879
61096239
61096186
61095969
61096266
61017389
61029699
61045243
61063523
61078419
61094638
61111230
61129891
61146539
61161182
61179691
61195790
61213603
61229342
61247387
61263374
61281459
61295819
61310918
61328811
61346483
61361387
61376723
61396739
61411203
61427051
61444955
61461651
61479651
61494315
61512579
61530531
61545051
61562995
61577339
61598507
61614299
61629859
61640931
61658771
61676763
61693379
61710347
61724787
61742883
61761115
61779283
61794731
61810555
61828507
61843251
61865379
61879699
61897867
61912475
61929115
61944691
61967371
61981987
62000155
62014475
62032619
62046939
62064043
62080659
62101867
62119795
62134307
62152355
62166675
62184819
62199331
62217283
62237771
62254699
62271571
62285915
63423457
61097135
61096911
61097466
61097051
61097770
61097376
61097905
61098860
61098074
61098808
61097984
61098709
61099061
61097584
61098938
61099345
61018143
61034143
61047263
61061887
61077879
61091599
61108154
61123738
61140554
61158173
61174805
61189381
61206392
61221669
61240965
61256685
61272589
61289605
61306989
61322549
61338349
61355885
61367829
61382261
61400005
61415637
61431365
61448237
61466197
61481941
61496357
61514605
61532749
61547069
61565141
61579629
61598237
61615069
61632125
61646381
61666773
61683477
61698373
61716261
61733021
61747821
61768037
61783669
61801837
61816349
61834373
61851133
61869773
61886581
61902701
61920429
61934677
61951605
61972453
61990181
62004621
62022437
62035997
62050309
62066277
62084109
62103805
62121901
62136389
62152165
62169869
62184605
62202629
62217189
62241357
62255821
62273869
62288213
63427014
61100595
61100232
61100787
61100502
61100883
61100502
61100990
61100582
61101019
61100747
61101710
61100822
61101878
61100894
61101715
61100985
61022428
61036024
61052776
61067461
61085838
61102046
61117646
61133702
61150181
61167057
61184982
61200552
61216149
61235606
61250016
61269702
61289582
61303861
61322465
61339382
61356005
61371245
61388166
61407318
61422974
61437110
61450662
61466198
61481758
61496558
61514310
61531806
61547200
61565118
61579813
61598245
61616406
61631142
61646296
61664478
61683662
61698109
61716054
61730542
61746182
61768214
61782381
61800662
61814982
61830624
61848710
61867381
61885422
61900093
61915405
61933638
61948054
61963638
61986510
62002318
62016680
62034766
62049336
62067254
62081670
62105046
62119510
62135008
62153238
62167736
62185654
62200038
62218118
62232813
62254245
62272454
62286925
63433999
61107787
61109697
61109137
61109113
61107466
61107602
61109754
61109278
61108201
61108148
61108018
61110111
61109603
61107897
61109303
61107852
61107646
61108193
61107838
61022131
61035984
61048958
61064750
61082858
61099155
61114160
61130549
61149336
61165990
61180998
61199408
61215248
61233054
61248808
61266820
61284131
61298437
61318345
61332930
61350842
61367253
61385274
61400028
61417559
61435547
61448803
61466733
61482414
61496714
61514800
61533186
61548906
61563285
61578960
61600085
61615730
61630068
61648212
61663649
61681909
61697365
61715378
61729781
61747707
61767392
61781908
61799850
61814308
61832379
61848171
61867208
61884805
61900480
61914812
61932992
61947300
61965480
61985852
62000282
62014949
62030450
62046075
62061736
62076203
62092107
62115298
62129675
62145488
62163435
62177935
62194656
62210307
62225972
62250224
62264703
62282669
62297435
63437129
61111048
61112227
61112294
61112242
61112394
61112381
61112490
61112321
61112468
61111638
61112732
61112309
61112558
61112373
61112853
61113368
61030074
61043605
61059440
61074870
61090126
61106256
61125185
61141550
61156414
61175095
61190374
61208543
61224022
61243444
61259142
61274214
61293118
61307784
61327577
61343226
61357736
61377631
61393264
61406582
61424257
61439902
61454417
61472260
61490324
61503639
61519277
61536358
61552038
61570049
61585748
61603134
61619983
61635700
61653700
61669511
61687716
61705359
61719686
61737853
61752667
61771718
61789902
61805486
61820094
61837774
61852390
61872478
61890438
61905007
61922671
61937252
61954173
61969806
61990182
62008501
62024054
62039746
62055389
62069702
62086671
62107620
62122108
62137959
62153468
62171534
62187238
62201932
62219719
62235388
62256190
62271508
62289669
62305306
63440380
61114131
61113944
61114624
61115643
61114265
61115622
61115807
61115638
61115871
61115560
61115557
61113901
61115632
61114155
61115680
61114208
61031904
61046590
61063719
61079680
61095535
61111617
61128266
61143841
61158985
61175858
61192426
61210483
61227291
61242013
61258896
61276710
61293851
61308237
61325821
61343819
61358315
61375867
61391957
61407293
61424738
61442987
61458379
61476659
61492379
61506626
61522648
61540733
61555293
61572051
61587635
61606339
61620842
61637739
61652405
61667898
61689227
61704859
61720515
61734901
61750829
61766360
61788243
61800275
61815971
61831611
61847315
61861821
61881426
61899563
61915315
61929629
61947707
61962227
61979083
61998347
62014080
62032003
62046555
62062389
62077810
62094585
62116883
62132443
62142373
62151731
62160163
62172267
62186997
62204731
62221515
62237339
62257989
62273394
62291627
62307323
63443596
61118386
61118519
61117601
61118692
61116834
61119418
61116930
61119605
61117023
61118714
61117111
61118778
61117111
61119623
61117194
61119671
61032847
61047883
61063750
61077961
61096094
61111982
61128289
61146214
61161422
61179214
61194678
61212638
61228617
61246350
61262110
61279886
61296478
61314126
61330505
61348398
61363401
61380497
61398582
61413174
61433182
61447689
61465630
61482774
61500473
61516142
61531481
61551294
61565982
61583854
61598577
61619318
61633806
61651881
61666689
61687774
61702174
61720358
61734806
61752822
61767417
61789150
61803465
61820486
61838553
61852953
61871078
61889865
61906518
61924518
61939110
61957070
61971673
61994382
62009881
62025593
62043646
62059321
62074894
62093118
62115305
62129897
62146630
62162409
62178057
62195982
62210502
62227206
62245294
62265849
62283950
62298521
63446767
61119825
61119636
61120227
61119696
61120460
61120041
61120457
61120137
61121222
61120267
61121027
61120614
61120947
61120838
61121089
61120539
61043395
61055816
61072605
61089704
61105781
61120795
61137167
61156115
61171773
61187440
61206267
61222971
61237624
61256937
61272559
61288739
61306629
61320978
61338635
61356517
61374069
61388626
61406592
61424311
61438850
61456805
61471269
61489453
61507336
61523050
61540037
61555744
61573853
61587069
61602741
61619155
61637197
61651535
61667385
61680659
61699703
61717737
61732415
61747888
61765950
61784357
61799775
61817874
61833526
61847888
61865925
61884607
61900272
61918352
61933016
61948704
61966592
61981269
62004049
62023095
62041052
62055701
62073469
62088371
62106139
62125826
62143917
62158303
62176357
62190931
62208911
62223416
62241534
62262007
62280085
62294911
62312715
63454982
61128621
61128193
61128742
61128414
61128969
61128477
61128887
61128459
61128907
61128523
61128974
61128694
61129110
61128654
61130134
61130503
61049895
61064868
61080449
61098465
61113176
61129603
61148385
61163961
61182505
61197057
61213571
61232881
61249615
61265447
61281231
61300731
61315051
61331416
61350589
61365019
61385005
61400745
61415183
61435285
61450091
61465399
61485715
61500299
61518292
61532956
61553444
61569148
61583515
61601652
61620452
61634995
61652980
61668620
61683036
61702227
61720244
61734499
61750219
61765875
61782934
61803548
61817859
61833443
61851700
61866084
61887076
61904132
61918635
61936580
61950907
61969132
61983579
62003987
62022004
62036516
62052278
62070268
62084684
62102460
62117211
62140644
62154971
62170723
62188860
62203115
62221348
62235764
62251259
62275636
62291268
62305766
62323756
63457586
61131209
61131144
61131736
61131468
61131327
61132861
61133161
61132686
61132788
61131537
61131222
61131726
61131524
61132446
61131502
61132390
61049032
61064956
61082109
61096828
61115242
61131422
61146986
61164341
61178884
61195404
61214310
61228848
61248048
61264134
61281859
61297808
61313440
61330360
61347584
61365521
61382184
61397888
61414665
61433584
61449240
61463632
61481704
61499664
61514248
61532200
61549200
61567376
61581792
61597424
61615520
61632912
61650984
61665472
61680960
61702720
61717552
61732720
61750888
61766568
61781104
61802920
61817272
61833160
61851104
61865424
61883568
61902112
61919033
61935040
61952768
61967016
61985160
62004448
62022513
62037032
62053744
62071768
62086280
62101808
62118992
62142192
62156704
62174768
62189280
62207160
62221768
62239720
62256545
62277016
62295184
62309696
62327576
61134189
61135233
61135577
61135439
61135559
61135342
61135570
61135390
61134633
61135341
61135692
61135472
61135783
61135509
61135898
61135632
61135849
61061300
61076758
61091210
61106898
61125480
61141754
61158249
61174649
61190025
61205448
61224689
61241497
61256315
61275248
61289718
61306818
61322680
61342441
61358073
61372841
61390200
61408145
61422609
61440459
61455872
61474009
61491969
61506296
61524433
61538897
61557217
61572952
61589681
61606625
61624129
61639587
61657833
61673537
61687792
61709385
61725041
61739529
61755195
61773233
61788889
61807115
61825121
61840801
61856505
61872137
61886392
61906272
61923097
61938129
61953523
61971489
61987121
62006681
62021832
62039993
62054801
62070075
62088089
62102601
62118384
62141705
62156441
62171808
62189849
62204241
62220067
62238009
62253761
62274569
62292297
62307953
62322304
63463621
61137231
61136936
61137386
61137058
61137482
61137194
61138226
61137290
61138106
61137354
61138170
61137866
61138050
61137906
61137970
61138962
61060417
61076617
61092306
61110234
61125178
61141642
61157901
61176709
61192085
61207567
61226736
61242689
61258019
61274940
61293049
61307764
61325849
61341511
61357798
61375657
61392403
61407700
61425940
61442415
61458295
61476142
61490747
61508561
61526579
61541351
61560383
61576153
61591716
61608826
61627427
61644311
61661161
61675547
61693625
61711513
61729621
61744297
61759593
61777689
61795843
61813927
61829673
61844230
61862161
61876852
61896502
61914599
61928900
61946985
61961401
61979545
61995177
62015601
62030267
62048132
62063795
62078385
62096265
62110638
62134135
62148521
62164185
62182225
62196820
62213541
62230493
62244873
62260681
62284762
62299499
62314865
62331570
63466784
61140171
61139825
61140358
61139872
61140483
61140166
61140539
61140139
61140579
61140267
61141251
61140422
61140675
61140456
61141352
61140469
61064447
61081718
61096329
61114265
61129369
61145648
61162027
61178379
61197321
61212064
61228515
61246313
61263329
61279456
61297089
61314281
61328976
61346064
61364129
61379953
61397529
61413209
61427625
61445393
61460912
61476760
61492216
61510248
61528161
61544089
61561193
61576880
61592336
61610505
61629281
61643952
61660497
61676153
61691857
61711001
61726617
61742321
61757993
61773633
61789289
61807336
61823040
61841201
61856609
61871160
61887040
61906768
61924833
61940553
61956281
61970656
61988745
62004401
62024537
62039016
62056121
62070513
62086193
62101688
62117512
62138352
62156513
62172265
62187969
62202192
62218072
62236089
62251745
62266192
62289105
62306057
62321689
62335872
63470010
61143734
61144022
61144057
61145280
61145373
61145220
61145303
61143478
61143419
61144083
61144331
61145470
61145772
61145660
61145521
61145708
61057899
61075209
61089747
61106411
61120875
61137779
61156499
61172227
61188579
61204123
61223043
61237507
61254435
61272387
61288147
61303731
61323115
61338859
61355475
61371027
61387651
61406539
61422267
61436779
61455571
61471299
61485755
61503691
61519563
61536227
61551995
61570179
61586027
61604003
61618811
61639539
61653955
61669515
61687587
61703291
61721227
61736811
61754883
61769539
61787371
61806091
61823675
61838163
61853723
61871867
61886203
61906139
61924163
61938651
61956723
61971163
61989211
62003531
62026427
62042131
62056523
62072363
62090315
62104790
62122731
62142843
62158155
62176347
62190939
62208739
62224419
62239363
62254742
62272755
62293291
62311379
62327131
63472969
61152215
61152579
61152878
61153601
61153708
61153810
61153718
61154328
61153552
61152018
61152088
61152946
61152794
61153018
61152813
61153101
61070009
61087033
61102881
61117531
61135993
61152201
61168625
61184211
61199957
61218259
61235211
61250013
61268739
61285891
61300261
61317381
61335555
61351211
61367469
61385427
61401115
61417469
61435203
61451155
61468899
61484531
61498923
61516997
61534955
61550603
61565029
61585803
61600533
61615773
61633995
61651797
61666965
61685187
61699651
61716429
61736763
61751421
61766949
61784835
61799413
61821211
61835715
61851557
61869371
61883781
61901955
61920493
61938643
61952957
61968613
61986787
62001221
62023979
62038293
62056467
62071269
62088931
62104763
62119253
62137163
62157027
62175099
62189539
62205501
62220789
62236669
62254483
62270187
62290843
62306349
62321981
62340203
63481324
61155029
61155384
61155303
61156439
61156676
61156529
61156780
61156448
61156574
61156461
61156729
61156450
61156726
61156506
61156707
61156637
61074409
61092928
61107008
61125472
61141536
61156504
61173099
61191768
61207040
61222739
61241808
61257680
61275504
61291192
61309360
61325475
61343360
61358048
61377576
61393328
61409771
61427736
61442115
61462240
61477072
61494728
61511520
61528331
61544184
61559819
61580400
61593771
61611664
61626152
61647152
61661616
61679691
61694083
61710902
61731264
61745886
61763752
61779382
61794963
61815664
61831296
61849464
61863976
61881992
61896496
61918715
61933155
61951152
61967912
61982555
62000472
62014984
62037760
62052080
62070152
62084555
62100259
62118344
62132915
62156224
62170912
62188712
62203283
62220976
62235856
62252496
62270587
62292371
62306966
62324880
62339211
63484089
61157709
61157912
61158914
61159046
61159190
61158185
61158369
61157496
61157437
61158056
61157763
61158704
61157749
61158689
61158679
61158518
61077283
61093191
61107612
61124848
61142149
61158405
61173487
61190044
61209021
61224653
61240069
61255794
61274925
61291925
61306357
61318404
61335581
61347580
61365069
61381004
61396468
61416405
61430797
61446508
61466661
61482221
61497853
61514924
61530252
61546028
61564085
61581356
61596668
61614949
61629396
61650437
61664756
61682901
61697389
61713028
61734573
61748828
61766989
61781316
61799453
61817909
61833391
61851549
61866071
61883965
61898556
61920653
61935348
61953165
61968893
61985653
62001397
62015708
62038645
62053116
62071157
62085604
62103685
62117892
62133692
62157205
62171676
62189621
62204212
62222181
62236597
62252359
62270325
62284895
62308933
62323212
62341349
63487251
61160928
61160698
61161052
61160826
61161242
61161559
61161485
61162418
61161882
61162461
61161739
61162327
61161682
61161288
61162757
61161274
61082892
61098612
61114216
61131171
61148681
61164895
61180391
61196817
61213246
61228785
61247717
61264561
61279067
61296236
61314056
61331296
61345610
61361194
61381096
61396832
61413066
61428722
61446872
61463376
61479024
61494722
61511547
61530664
61546344
61560730
61579122
61597152
61612784
61627651
61643018
61663976
61679704
61694120
61709698
61728994
61745824
61760195
61778216
61793872
61808360
61827778
61845928
61861584
61877168
61892872
61908528
61928384
61942890
61960800
61976592
61991339
62009008
62024712
62045168
62059674
62077632
62093288
62108944
62123755
62139130
62162392
62176928
62192554
62210672
62226352
62241003
62258744
62273208
62288986
62310778
62328736
62343603
63490316
61164012
61163658
61164504
61163917
61165327
61165637
61164146
61165639
61165652
61165687
61165871
61165660
61165820
61165716
61165844
61165806
61083630
61097126
61114125
61128724
61144596
61161047
61177300
61196133
61211765
61228453
61243668
61261805
61278685
61291797
61308821
61322242
61339327
61357192
61374783
61389234
61405284
61422906
61438183
61453954
61473975
61489559
61505358
61521911
61537759
61555728
61571432
61588375
61604031
61619666
61635479
61656616
61672320
61686808
61702474
61717887
61739576
61753968
61769463
61787600
61803280
61818984
61837007
61852919
61870896
61886712
61901448
61916882
61936722
61954616
61970272
61984599
62002736
62018368
62037656
62053367
62071312
62086968
62101295
62119208
62135160
62149586
62172928
62187392
62203218
62219896
62236864
62251256
62268056
62280191
62301920
62317367
62333287
62351304
63493644
61167176
61166711
61167193
61166953
61167964
61168296
61168488
61168823
61167179
61168769
61169018
61168889
61169041
61168733
61169107
61168863
61086444
61101031
61117257
61135214
61151272
61166270
61182867
61200330
61218176
61232884
61250451
61267304
61283486
61302464
61317283
61334325
61352251
61366563
61386371
61401179
61418512
61436443
61450698
61471072
61485298
61501125
61519163
61537200
61551781
61569688
61587984
61602394
61620603
61634915
61655843
61671736
61684952
61700683
61716296
61731075
61752187
61767896
61782426
61800408
61815024
61836736
61851221
61868000
61882300
61900423
61914761
61937122
61951922
61968384
61985255
61999812
62017719
62036890
62054994
62069321
62087471
62102087
62119935
62134492
62152410
62173431
62187988
62204768
62221615
62236172
62254079
62269735
62284578
62305911
62324082
62338415
62354079
63496451
61170087
61169704
61170464
61169800
61170588
61170345
61170739
61171530
61170871
61171707
61171790
61171726
61172007
61171749
61171822
61171677
61090767
61101791
61118828
61130663
61146415
61163103
61179698
61195410
61214274
61230189
61246365
61264378
61279946
61296781
61315106
61329485
61349130
61363509
61383322
61397714
61415842
61433418
61447776
61465810
61483650
61498293
61516114
61533146
61548381
61566538
61581285
61599865
61617274
61631842
61647445
61668530
61683173
61701018
61715813
61733541
61752594
61767336
61785178
61799536
61817666
61836341
61853922
61868493
61886458
61900965
61919034
61937829
61955722
61970125
61986994
62005077
62019410
62042354
62056698
62074949
62088146
62103890
62118461
62136354
62150661
62174146
62188717
62206682
62221277
62239181
62253573
62271658
62286325
62310290
62324693
62341538
62358285
63499448
61173256
61172924
61179710
61179483
61179475
61180290
61179919
61180343
61180551
61179131
61180486
61180922
61179444
61180949
61180973
61180937
61098471
61114301
61130287
61145103
61161200
61177293
61196088
61212559
61226897
61243941
61262839
61277425
61294201
61313476
61328356
61344899
61363169
61377692
61395196
61413092
61427854
61447580
61461822
61478541
61495246
61509868
61525204
61543388
61559122
61573436
61589192
61609977
61625692
61640204
61658202
61675691
61691454
61709595
61725240
61739786
61759104
61777021
61792690
61808322
61822714
61842191
61860281
61876032
61891694
61906138
61922205
61944258
61960059
61975740
61990246
62007111
62022880
62037343
62057862
62076033
62091731
62106526
62122194
62137746
62153589
62168818
62192296
62206682
62222434
62240403
62256042
62270706
62286240
62301906
62326032
62341626
62355930
62371672
63510459
61184153
61184084
61185172
61185364
61185356
61183552
61183498
61184133
61183627
61184782
61183798
61184539
61184512
61184539
61185464
61184725
61099665
61115300
61130026
61145470
61161243
61176435
61193325
61211283
61227635
61244299
61259630
61277651
61293267
61309037
61328339
61343262
61362382
61377979
61394117
61409749
61426755
61444267
61459880
61477971
61495507
61510309
61528267
61545027
61560541
61577366
61594251
61611734
61627019
61643889
61660491
61678251
61693997
61709787
61725157
61743449
61761251
61776877
61794979
61809371
61825251
61846926
61861734
61877077
61891446
61904654
61920445
61938395
61958235
61972680
61990859
62005173
62023369
62038955
62058430
62076230
62090966
62107454
62124291
62138701
62156851
62171165
62194619
62210347
62224853
62242739
62257077
62274084
62289691
62307763
62328221
62346382
62361118
62376533
63512748
61187254
61186754
61186856
61187871
61187054
61187836
61187183
61186660
61188082
61188520
61188060
61188429
61187010
61188391
61186972
61188669
61105393
61121226
61136698
61154101
61166461
61182477
61198877
61217789
61233421
61248821
61265533
61283509
61295445
61312413
61328224
61343712
61363341
61379096
61395117
61413277
61427824
61445253
61463349
61479128
61495677
61511093
61529309
61546125
61564101
61578541
61596565
61613645
61629301
61647397
61661717
61680421
61698493
61712909
61731141
61745805
61766989
61781797
61799549
61814061
61831941
61850293
61868341
61885141
61899709
61917661
61931981
61954373
61968909
61986789
62001109
62019277
62033685
62051925
62071237
62089189
62103653
62121677
62137261
62151869
62169821
62192029
62206373
62224517
62239101
62255829
62273765
62287037
62300552
62324525
62338965
62357077
62371656
63516198
61189706
61189366
61189846
61189510
61189906
61189540
61190249
61189686
61190475
61189992
61190494
61190112
61190248
61191267
61190592
61191211
61112930
61126696
61141816
61156959
61173003
61189143
61208063
61221908
61237701
61252922
61270801
61286457
61302138
61318233
61337221
61351554
61368960
61386744
61402968
61420976
61435509
61452991
61471049
61485471
61505631
61520068
61535902
61556116
61570859
61588605
61602913
61623718
61639478
61653931
61671862
61689340
61701341
61718329
61733969
61749664
61768752
61783139
61798843
61816788
61832484
61850801
61866516
61884586
61900196
61914769
61930217
61952476
61966918
61982462
62000706
62016300
62031095
62046225
62066697
62084811
62099612
62114814
62132964
62148732
62163043
62180646
62202174
62216580
62232115
62250228
62265668
62280614
62295974
62313987
62334636
62352619
62367270
62385011
63518945
61192595
61192240
61193410
61192527
61193390
61193327
61193382
61194235
61193513
61194147
61193619
61194137
61193766
61194217
61193795
61194211
61113769
61128418
61141997
61160250
61175357
61191293
61207597
61225322
61241124
61257636
61274036
61287484
61304148
61319972
61339220
61353612
61370708
61386647
61403812
61420644
61437620
61453932
61470852
61485244
61502940
61521012
61536716
61553772
61568996
61584796
61600396
61621180
61636884
61651396
61669300
61688076
61702420
61720564
61735300
61750636
61769724
61787796
61802188
61817940
61835892
61852924
61869796
61884548
61899772
61917884
61932332
61954556
61969292
61984860
62002812
62017204
62032980
62050932
62071364
62084724
62100180
62113372
62131516
62146028
62164004
62178540
62201868
62218628
62233020
62251188
62266820
62281332
62299236
62313844
62338028
62352540
62369340
62384956
63522378
61195882
61195630
61196150
61195785
61196163
61195948
61196254
61195953
61196364
61196052
61196321
61196092
61196473
61196156
61196497
61196244
61118168
61131524
61149373
61164173
61180428
61196292
61215269
61230429
61246900
61262663
61281709
61297532
61312991
61329799
61344317
61359247
61375951
61391679
61411373
61427061
61441348
61461445
61477165
61490220
61505807
61521628
61537044
61557293
61571757
61587567
61604165
61623869
61638295
61656333
61672013
61689340
61707501
61721965
61737703
61753132
61774797
61789245
61804983
61822941
61837220
61859341
61875037
61889276
61907413
61915983
61927877
61939044
61949892
61969604
61987477
62003205
62018837
62033696
62049992
62071757
62088517
62104173
62118620
62136709
62151028
62169189
62183749
62204668
62222757
62237252
62254949
62269492
62287661
62301988
62320165
62340757
62356492
62374533
62389132
63525318
61200014
61200120
61200376
61200422
61200363
61200440
61200243
61200390
61200218
61200529
61200416
61200636
61200523
61200842
61200606
61200882
61113835
61127279
61142751
61158527
61174191
61190447
61206583
61221815
61238159
61254879
61271519
61288242
61306418
61320738
61337765
61353413
61371778
61383957
61400714
61418098
61433869
61451402
61466738
61481450
61497893
61514885
61532826
61548530
61566490
61580810
61596442
61615973
61632882
61648586
61663322
61678621
61697290
61714050
61731066
61745554
61763482
61781674
61798162
61815162
61829874
61847682
61866282
61882650
61899666
61913914
61932082
61946546
61968866
61983378
62001330
62015602
62033522
62048138
62071034
62085426
62098586
62113090
62131322
62145666
62163738
62178202
62201650
62215994
62233842
62248498
62266626
62281210
62299090
62313434
62337722
62352242
62368114
62385770
63528104
61202709
61203233
61203153
61203442
61203059
61203396
61202087
61203719
61203770
61203754
61203821
61203821
61203928
61203840
61204019
61203889
61121689
61134221
61150280
61165957
61184378
61200610
61217018
61232237
61248997
61266866
61283554
61297933
61317210
61332946
61351090
61365706
61382602
61400746
61416818
61433762
61445786
61464530
61480258
61495842
61508674
61523106
61539274
61555890
61573826
61589458
61605066
61622122
61639090
61653434
61669090
61686106
61704914
61720554
61736114
61751818
61767474
61786586
61800978
61816538
61833322
61849098
61868786
61886618
61901082
61916714
61934786
61949650
61969290
61987242
62001754
62019706
62035386
62049634
62067826
62088354
62102938
62127570
62142058
62157570
62175714
62190122
62213578
62228146
62243626
62261770
62276378
62294186
62308698
62326746
62347210
62365282
62379786
62395554
63538979
61212184
61212498
61212156
61212900
61213901
61213933
61213933
61213997
61213919
61214138
61214138
61214317
61214221
61214400
61213279
61214471
61126816
61142511
61155951
61171709
61188287
61205855
61221663
61237343
61254775
61272711
61288015
61306242
61321999
61339823
61355685
61373647
61390063
61405533
61423890
61439879
61456378
61474087
61490919
61502986
61520751
61538703
61553095
61572183
61587959
61603807
61621615
61638735
61656791
61672583
61689343
61706903
61722487
61740631
61755023
61773119
61790895
61808991
61823823
61841255
61855887
61877807
61892127
61906847
61921319
61938143
61952415
61974783
61989103
62007343
62022216
62039807
62054391
62072223
62091415
62108319
62125007
62140663
62158807
62173127
62191295
62211087
62229159
62243759
62261783
62276383
62294271
62309719
62325495
62348375
62364495
62382223
62396663
63541309
61214985
61214638
61215177
61214825
61215692
61216535
61215783
61216559
61216703
61216867
61216832
61216861
61216853
61216933
61217037
61216847
61134367
61149059
61163844
61182379
61196916
61213250
61229704
61246029
61262738
61280672
61297324
61311649
61326168
61343034
61360009
61375616
61391534
61407274
61425769
61442712
61457123
61474890
61492782
61507317
61525176
61541763
61558720
61572938
61589882
61604487
61620050
61639419
61655156
61672072
61687858
61706576
61722267
61736456
61754689
61770429
61788538
61803704
61821850
61836362
61854161
61869146
61888202
61906485
61920936
61938883
61954566
61970402
61991017
62006626
62021362
62039392
62053814
62070567
62092377
62106560
62122288
62140491
62154851
62172926
62187366
62205497
62226540
62241046
62259063
62274690
62289124
62303508
62317836
62334925
62355444
62373533
62389189
62404780
63544771
61218751
61219604
61218662
61219555
61219076
61219579
61219048
61219659
61218987
61219758
61218904
61219746
61219383
61219761
61219425
61219854
61141399
61153685
61170429
61186325
61201200
61217752
61233800
61251371
61269051
61283960
61300408
61319584
61334368
61352107
61369187
61385238
61403211
61417702
61437422
61453011
61469355
61486166
61503230
61519811
61535462
61553435
61567827
61585886
61603910
61618699
61635438
61652331
61663123
61678878
61696851
61715523
61731235
61745606
61763443
61778043
61799571
61813963
61832134
61846475
61864638
61882939
61900875
61915326
61933478
61947819
61965963
61984603
62002678
62017262
62035187
62049846
62067675
62083854
62104891
62119283
62137451
62152299
62169955
62184598
62202515
62222505
62240355
62254870
62272843
62289603
62304019
62322163
62336483
62359470
62375641
62393211
62408643
63547628
61222752
61221135
61223056
61221201
61222067
61221240
61222013
61221193
61222052
61221311
61222309
61222921
61221983
61221532
61223039
61223342
61223221
61146899
61160340
61174849
61193033
61209169
61224137
61240505
61259329
61275993
61290753
61308057
61324985
61340772
61360041
61375796
61391697
61407452
61425404
61442785
61458561
61474801
61490625
61506212
61524985
61540617
61557561
61572113
61591225
61605545
61621324
61641961
61657689
61672169
61687205
61702025
61721025
61736657
61751001
61766897
61784777
61803889
61820649
61835497
61850889
61868841
61887025
61904873
61919609
61937361
61952097
61970121
61989033
62006833
62021561
62038001
62053705
62071849
62091409
62105353
62120121
62137953
62152785
62170441
62184905
62201617
62222793
62238692
62256521
62270841
62289041
62303417
62321561
62335833
62357849
62375873
62390265
62408361
63550650
61224492
61224057
61224483
61224067
61224541
61224274
61225216
61224346
61225317
61224362
61225213
61225032
61225266
61225298
61225279
61225023
61146336
61162392
61177032
61192457
61209702
61227229
61243734
61258896
61275416
61291177
61308969
61327144
61342793
61358475
61376684
61393889
61408446
61426353
61442497
61458222
61476879
61493809
61508123
61521355
61540441
61555171
61570630
61590852
61606289
61620899
61639036
61657393
61671878
61689561
61704273
61723022
61741049
61756633
61768814
61784518
61804647
61821537
61836219
61854012
61868489
61888054
61905972
61920449
61936427
61954169
61968483
61988486
62006513
62021195
62037823
62053489
62069142
62084822
62107652
62122113
62137646
62155833
62170390
62188356
62202713
62223646
62241817
62256059
62274068
62288963
62304374
62322353
62336982
62354633
62375883
62393532
62408203
63553986
61227378
61227089
61227652
61228796
61227548
61229126
61229324
61229090
61229141
61229117
61229296
61229247
61229344
61228993
61229376
61229440
61141812
61153253
61165153
61177226
61189309
61201488
61220034
61235077
61252690
61267778
61286810
61303530
61317874
61337149
61351586
61368778
61386709
61402586
61418170
61438042
61452778
61468229
61488157
61502690
61520666
61537221
61555242
61569658
61587738
61605690
61620181
61638106
61656498
61673309
61687746
61705746
61724597
61738938
61757010
61771597
61789586
61807290
61825525
61839946
61858018
61872581
61894250
61908853
61926738
61941346
61958058
61976058
61995058
62012917
62027258
62044362
62062141
62076629
62098274
62116298
62130882
62147594
62165618
62180010
62198229
62212762
62235994
62250629
62268578
62283141
62301093
62317802
62332218
62349237
62371141
62389109
62405818
62421522
63556552
61231378
61231446
61231473
61231723
61231558
61230857
61231641
61230940
61230449
61231926
61230655
61231937
61230762
61232065
61230590
61232241
61148837
61162380
61178113
61192369
61208097
61225001
61242521
61259473
61274905
61291153
61310313
61323497
61339137
61357137
61374185
61388601
61405817
61421716
61441217
61456849
61471369
61489041
61506921
61522649
61539177
61554665
61572849
61590569
61606561
61621281
61636761
61657345
61673025
61687417
61705489
61724289
61738633
61756705
61771241
61786945
61808353
61823089
61838329
61856401
61871137
61891689
61906009
61924081
61938497
61956593
61971057
61990865
62008937
62023745
62039201
62057177
62071913
62089569
62110097
62124697
62142649
62157185
62175161
62189601
62207649
62227713
62245441
62260249
62277929
62292465
62308169
62326049
62342953
62357465
62381513
62395905
62414209
63560055
61233427
61233347
61235239
61233542
61234017
61233660
61233982
61233649
61234008
61233694
61234707
61233977
61234843
61234014
61234528
61234011
61149253
61161768
61177227
61191795
61207753
61226027
61242307
61258806
61273843
61292947
61306553
61325227
61341115
61356622
61375795
61390307
61409819
61424139
61444062
61458995
61474227
61494198
61508563
61524435
61544550
61557691
61573371
61592339
61609355
61625011
61640643
61657723
61673451
61688939
61705883
61723203
61736547
61753475
61767875
61783707
61802819
61819411
61836355
61851203
61866691
61884571
61903147
61918363
61936531
61948379
61964251
61979739
62002107
62017763
62032587
62047899
62065971
62080707
62096211
62118891
62133331
62150203
62165819
62183867
62198307
62216331
62236243
62254195
62270955
62285787
62303443
62317787
62336003
62350443
62374699
62390395
62405827
62421531
63562681
61236535
61236209
61237067
61236854
61236840
61238095
61238084
61237824
61236179
61237472
61236536
61237336
61237096
61237104
61237995
61237287
61153728
61165060
61180548
61196263
61214204
61230508
61247508
61262303
61278551
61297284
61313932
61328503
61347364
61362236
61378999
61397108
61412951
61428727
61448492
61463215
61480916
61498628
61513317
61528783
61546503
61564516
61580100
61598156
61612951
61628167
61644138
61662143
61678927
61695863
61710263
61729298
61747191
61762772
61777418
61795311
61814372
61828943
61854375
61869908
61884551
61906236
61920951
61938700
61953175
61971188
61985690
62005543
62021316
62036652
62051591
62069364
62084282
62099567
62118727
62133575
62148791
62166900
62181543
62197055
62214996
62229690
62252836
62267639
62284335
62299839
62317948
62332671
62348119
62366116
62387055
62404748
62419610
62437164
63573525
61247175
61247385
61247516
61248658
61248888
61248751
61248649
61248748
61248750
61247491
61248609
61248836
61248122
61248651
61248169
61249039
61249275
61170131
61184095
61199377
61216364
61232468
61249937
61266337
61282860
61299353
61315057
61331705
61348564
61364169
61379940
61395524
61412975
61429689
61444081
61461628
61477225
61492881
61508281
61523535
61538159
61555807
61572663
61588172
61607412
61623017
61638425
61654377
61671801
61687137
61702903
61720796
61738396
61753031
61769620
61786457
61802161
61820353
61835593
61853665
61869369
61885049
61899868
61918937
61937001
61951908
61968308
61985289
61999668
62021977
62036524
62053217
62067721
62083105
62097964
62120593
62135484
62151857
62168036
62185657
62200124
62218145
62233873
62253569
62270473
62286129
62303929
62320985
62335436
62353545
62367924
62390903
62406569
62424620
62439153
63576631
61250310
61250164
61250915
61250571
61250843
61251694
61250870
61251718
61251249
61251748
61251004
61250414
61251915
61252049
61251784
61252284
61171052
61185903
61200282
61218596
61233716
61249508
61266175
61283583
61301364
61317124
61332748
61348420
61367356
61383020
61401092
61418356
61432876
61450748
61466940
61482644
61502548
61517012
61532572
61552895
61567308
61582906
61599703
61618972
61633463
61651439
61669484
61684244
61702268
61716588
61733372
61753460
61767911
61785852
61801604
61819380
61837503
61853124
61867620
61885644
61900484
61920652
61936772
61953239
61970108
61984820
62001359
62021652
62038071
62053996
62069503
62087476
62101991
62124812
62136892
62151668
62164556
62181428
62195964
62213940
62228503
62251780
62266455
62283996
62297391
62314284
62328836
62344647
62362428
62378132
62398860
62416764
62433524
63579573
61254113
61254262
61253350
61254626
61253182
61252902
61253854
61253705
61253760
61254718
61254284
61254609
61254817
61255034
61253406
61253419
61167763
61183886
61198551
61216407
61232207
61247751
61264210
61282175
61298647
61314023
61330722
61348687
61364487
61380112
61398119
61413946
61433383
61447762
61467575
61482191
61498880
61517735
61532357
61549903
61561999
61578727
61593226
61611453
61629151
61643815
61659501
61679983
61694426
61711245
61728175
61745613
61763711
61778114
61796127
61810615
61832071
61846938
61862434
61880255
61894935
61916695
61931317
61949071
61963559
61981559
61996450
62018271
62032834
62050775
62065213
62082151
62100079
62114554
62137439
62151818
62169991
62186751
62198973
62214650
62232495
62252263
62270135
62285002
62302919
62317226
62335335
62349978
62367871
62382509
62406455
62421426
62439079
63582619
61256561
61257176
61257262
61257226
61257317
61256277
61256072
61256858
61256549
61256994
61257790
61256299
61257964
61258157
61258049
61258206
61171942
61188176
61203701
61222042
61237927
61252919
61269738
61286032
61303877
61320359
61335770
61353949
61369527
61388850
61403690
61422933
61437682
61453122
61472743
61487314
61504048
61521575
61537282
61555370
61571895
61587840
61605623
61622650
61638133
61656047
61673042
61689037
61706941
61721690
61736991
61758221
61772978
61788466
61806303
61824554
61840096
61857858
61873551
61888157
61906037
61925535
61941175
61955922
61971210
61987112
62005039
62024058
62041765
62056143
62072064
62089826
62104263
62120165
62142853
62157207
62172794
62190973
62205658
62221189
62239181
62260151
62274530
62292626
62308271
62322965
62340797
62355151
62371013
62395061
62410695
62425050
62440992
63585405
61259307
61258966
61259870
61259518
61259947
61259136
61260614
61260881
61260574
61260983
61259484
61261138
61261028
61261022
61261097
61261073
61179921
61196106
61210606
61226400
61244785
61261160
61276183
61292922
61311776
61326192
61342962
61360779
61373193
61391055
61405713
61421447
61438508
61456388
61472466
61488650
61506302
61522797
61540775
61555497
61572790
61591085
61605462
61625740
61640180
61655868
61674003
61691111
61705468
61723570
61738279
61756925
61774820
61789332
61807307
61822056
61843233
61857850
61875721
61890189
61908203
61926508
61942212
61960104
61974530
61992729
62006984
62029369
62043857
62061857
62076409
62091955
62110113
62129329
62147329
62161648
62179817
62194560
62209771
62227937
62242638
62265801
62280616
62298337
62312753
62329553
62344081
62357525
62372047
62387210
62409051
62427336
62441540
63588895
61263265
61263408
61262552
61263809
61261784
61263511
61262017
61263572
61261984
61263515
61261992
61263638
61262174
61263809
61262227
61262046
61176734
61189885
61205085
61223253
61237677
61256317
61272125
61287717
61306549
61323269
61338621
61354117
61373479
61388071
61407311
61421847
61438871
61454450
61474359
61489175
61506887
61523271
61541271
61556999
61573631
61591303
61606394
61626335
61640783
61656343
61674439
61691591
61707442
61725247
61739735
61758671
61775423
61787415
61803034
61818703
61840231
61854610
61870143
61888375
61902895
61924703
61939082
61957167
61972823
61987415
62005287
62023983
62041999
62056466
62074551
62088999
62106991
62121442
62144255
62158847
62174399
62192471
62206954
62224959
62239770
62262751
62277202
62295239
62310943
62325687
62343495
62358015
62375911
62389127
62409762
62427799
62442250
62460303
61265670
61266718
61266774
61266656
61266835
61266824
61266890
61266705
61266922
61266670
61267021
61266683
61266943
61266830
61266106
61266902
61267221
61189640
61204461
61218850
61232530
61249666
61264865
61281100
61299885
61316514
61330906
61347503
61366730
61381194
61398116
61416194
61433434
61447713
61465909
61482042
61497884
61514690
61530865
61549085
61564754
61581313
61599330
61614986
61631545
61649794
61664170
61682604
61700554
61715412
61733061
61748730
61766044
61784258
61800010
61814426
61828898
61848026
61862588
61880474
61894914
61912914
61931353
61949330
61963628
61981778
61996194
62014266
62033220
62048729
62066674
62081361
62097909
62113554
62130924
62152082
62167773
62181986
62197762
62215762
62231490
62245745
62266812
62285010
62299588
62317498
62331753
62349962
62364418
62381189
62403050
62421133
62435393
62453610
63594723
61269455
61269576
61268800
61268809
61269699
61270108
61268368
61268288
61268744
61268528
61269365
61269107
61269501
61270035
61270294
61268835
61183086
61195635
61211094
61226902
61244939
61259979
61276491
61294979
61310542
61326782
61345787
61360238
61379475
61393918
61413406
61428129
61447358
61462217
61479185
61497206
61511945
61531646
61546097
61564198
61578374
61592998
61609702
61626409
61644422
61660150
61674734
61695230
61710958
61725521
61743374
61760897
61778982
61793729
61811422
61826361
61844982
61861894
61879894
61894713
61912382
61930673
61948710
61963345
61981246
61995710
62013734
62032914
62050374
62065030
62082862
62097518
62115422
62129862
62152686
62167190
62185190
62199633
62217678
62232129
62250214
62270337
62288006
62302590
62320566
62335078
62353054
62367433
62385542
62406065
62424102
62438553
62456638
63597756
61271509
61271322
61272721
61272895
61273061
61270918
61272686
61271206
61271142
61271789
61271402
61272269
61272168
61272130
61272834
61273186
61188332
61202236
61217804
61235666
61251239
61267225
61285981
61302309
61316797
61333497
61352415
61368083
61383937
61399922
61416217
61432985
61451477
61466349
61483175
61501325
61517085
61532399
61547845
61566006
61582854
61600582
61616310
61633112
61651078
61665838
61683494
61700718
61716357
61734374
61749734
61767549
61785566
61800037
61817758
61832718
61853926
61868310
61884096
61901006
61918942
61938510
61952936
61969814
61980525
61997462
62013062
62031798
62047366
62064262
62078998
62094320
62109877
62127942
62148174
62164102
62178600
62196678
62211176
62229110
62243637
62261654
62281213
62299446
62313773
62331982
62348766
62363285
62381254
62398086
62418800
62436790
62451288
62469278
61274720
61275887
61275898
61275879
61275821
61275684
61275837
61274727
61274406
61275065
61274960
61275019
61275939
61275216
61275888
61275208
61274744
61197817
61210111
61226736
61242788
61257599
61274110
61290503
61306679
61322842
61341247
61357911
61372405
61386850
61406146
61421874
61436290
61455877
61471554
61490042
61504981
61520162
61540250
61554762
61572666
61589578
61604789
61620650
61640906
61655701
61671002
61688954
61707370
61722954
61745866
61763890
61781346
61799450
61814002
61829634
61847730
61866770
61882474
61897293
61914890
61929282
61951290
61965730
61983778
62000538
62015314
62033098
62051834
62069738
62086570
62101154
62119194
62133706
62156482
62171066
62188986
62203445
62221162
62235970
62252770
62268253
62291714
62306322
62323978
62338810
62356762
62371098
62385658
62401242
62424346
62440002
62454322
62472418
63612320
61286580
61287135
61285836
61287547
61287718
61286693
61287605
61287616
61287763
61287468
61285788
61286422
61286276
61286803
61287774
61287123
61204305
61219063
61233733
61246840
61264933
61281658
61298154
61313810
61329301
61345800
61362224
61380237
61397034
61412434
61428645
61446525
61463730
61478242
61497933
61513578
61528122
61545578
61563650
61578042
61595861
61611434
61629602
61647538
61661858
61677626
61689642
61704362
61722474
61739218
61756050
61773586
61789314
61804994
61820666
61838418
61856562
61872122
61890277
61904610
61922706
61937157
61956581
61974762
61989274
62007250
62021570
62039642
62058354
62076426
62091186
62106877
62123234
62140266
62159637
62177530
62192125
62210018
62224266
62242506
62259325
62273754
62297130
62311949
62329453
62344202
62362178
62376498
62394570
62409237
62433274
62448906
62463322
62479133
63615288
61290053
61290152
61289387
61289562
61290291
61290625
61290330
61290651
61290269
61290639
61290373
61290703
61290437
61290709
61289445
61289784
61289714
61215066
61230658
61243977
61258468
61277085
61293293
61309706
61326130
61341820
61357436
61373649
61392938
61408666
61425570
61440364
61457340
61475226
61490994
61508378
61522770
61541618
61557250
61571642
61588538
61606282
61621914
61637570
61654330
61671130
61686746
61702450
61720722
61736354
61752058
61766330
61786346
61802066
61817770
61833106
61848986
61868146
61883802
61899434
61915066
61930650
61950122
61965554
61981410
61997154
62011594
62027428
62042818
62062674
62078346
62093884
62109649
62125369
62140953
62162546
62175834
62190121
62205922
62223981
62238652
62254228
62272042
62291828
62309978
62324201
62342453
62356993
62373658
62390610
62405188
62429218
62443833
62461698
62476186
63618539
61292043
61291726
61292733
61291887
61292746
61292434
61292773
61293612
61292941
61293417
61293670
61293788
61292310
61293895
61294050
61293999
61210218
61226153
61240705
61257945
61272649
61288737
61307721
61323225
61338729
61357569
61373281
61390945
61406489
61425963
61440355
61459987
61474811
61492475
61509859
61524443
61544339
61559243
61575627
61587643
61606627
61621131
61636627
61657075
61671875
61688323
61704371
61722299
61740443
61754907
61772859
61790251
61808491
61825251
61840003
61861259
61875651
61891523
61909475
61926235
61941915
61960339
61978219
61992827
62010779
62025315
62042091
62062003
62078803
62094563
62112483
62126875
62145019
62164507
62182235
62197043
62214795
62227203
62244811
62259467
62277371
62297139
62315163
62329819
62347699
62362059
62380275
62394595
62412763
62435739
62450195
62468155
62482667
63621289
61296497
61297277
61295727
61296669
61296524
61295861
61296534
61296783
61296547
61295703
61296694
61296181
61296750
61296916
61296739
61297141
61209906
61223431
61239158
61254763
61271611
61284304
61300677
61317048
61335769
61352398
61366854
61383520
61402558
61418262
61434013
61452158
61469422
61483736
61503542
61518102
61536121
61553710
61568208
61586249
61602766
61618897
61636494
61653112
61671273
61685678
61701376
61719528
61737750
61752166
61767779
61786448
61804598
61821358
61835846
61851550
61870576
61888713
61903158
61918960
61936846
61955368
61973102
61987797
62003360
62021318
62035957
62057958
62072344
62089193
62104910
62122969
62137398
62155457
62174750
62191646
62203728
62219270
62235088
62250552
62268630
62283229
62304168
62322126
62337758
62352288
62370174
62385902
62400480
62418377
62438926
62454613
62472670
62487158
63624628
61298719
61299253
61299297
61299551
61298210
61299720
61298258
61299888
61299522
61299931
61298338
61300006
61300142
61300011
61300043
61300056
61220233
61232335
61248212
61264443
61282560
61298661
61315150
61329353
61343579
61361461
61376883
61392834
61409369
61424988
61442107
61460001
61477170
61491508
61511379
61527106
61541506
61559099
61574659
61590582
61606984
61620478
61635870
61656284
61670618
61686683
61702154
61722683
61738346
61752723
61768694
61789595
61804006
61819728
61835256
61853418
61872472
61887202
61902454
61917996
61936289
61951874
61970099
61988171
62003827
62019394
62035134
62049750
62071856
62087478
62102261
62117757
62133234
62151318
62171696
62186491
62201979
62219881
62234267
62249924
62268008
62282394
62303360
62321432
62335894
62350460
62368424
62383070
62399742
62415290
62439602
62453993
62472095
62486410
63627603
61301187
61301002
61301771
61302366
61302772
61302687
61302718
61302279
61302685
61302564
61301923
61300887
61302703
61301188
61301012
61301724
61220819
61233142
61249406
61267310
61282286
61298249
61314897
61333486
61349142
61364686
61381206
61396710
61413566
61428201
61447639
61462375
61479474
61497295
61513335
61529130
61547103
61563562
61581575
61596111
61613986
61631879
61646567
61666599
61681103
61699087
61713655
61731823
61749967
61764530
61782159
61800098
61818015
61832586
61850407
61866167
61886351
61900831
61918999
61933378
61951503
61970063
61987719
61998786
62014226
62032311
62049095
62067783
62083559
62101439
62116098
62133999
62148642
62166415
62185786
62203839
62218423
62236231
62251015
62268743
62283602
62306607
62321258
62339167
62353546
62371631
62386226
62404119
62418594
62441511
62459511
62473927
62492071
63630773
61304279
61304069
61304665
61304070
61305024
61304832
61304960
61305843
61305186
61305626
61305855
61304402
61305866
61306045
61305823
61306256
61222762
61239735
61254271
61270357
61288599
61304879
61320343
61336482
61355527
61371183
61387775
61402527
61416599
61432231
61450375
61462527
61480098
61495522
61515079
61530783
61545562
61562794
61578690
61596463
61614279
61628671
61644754
61662549
61680311
61694775
61710495
61729218
61744458
61762471
61778199
61795650
61813663
61829319
61843770
61861783
61880671
61895762
61911194
61929015
61944687
61963378
61978837
61996631
62012039
62026999
62042626
62064671
62080399
62094778
62110482
62126066
62144079
62158530
62178938
62197023
62211487
62227257
62245078
62260806
62275305
62293222
62313126
62328924
62346782
62361649
62376889
62392502
62408206
62422694
62444372
62462422
62475614
62493758
63633612
61307447
61307200
61307850
61307709
61308077
61308639
61308231
61307393
61308705
61309042
61307508
61309205
61309197
61309240
61309170
61309293
61227898
61241774
61259526
61275598
61290326
61306598
61323102
61341750
61358438
61374070
61389694
61405542
61424334
61441038
61455846
61475262
61490990
61506550
61522710
61536190
61554030
61571742
61587398
61601894
61619486
61635190
61653262
61671222
61686030
61701174
61719270
61737662
61752078
61767830
61785806
61799790
61816542
61831270
61846649
61862270
61883766
61899174
61914006
61930633
61946350
61965966
61983918
61998654
62013966
62031966
62046574
62067521
62084334
62100062
62114574
62132454
62148182
62162622
62185534
62200270
62217966
62232614
62250414
62264902
62282902
62304006
62318446
62336470
62350950
62366638
62384542
62399278
62414686
62432734
62453198
62471294
62486030
62501598
63636556
61311108
61311579
61311558
61311868
61311846
61311661
61312049
61310155
61311682
61310186
61311813
61310277
61311877
61310421
61311917
61311261
61227297
61240889
61259006
61273190
61289710
61305809
61322222
61340990
61356718
61373310
61389942
61404734
61421222
61439158
61454966
61470801
61490230
61505790
61523246
61538041
61553553
61570918
61584169
61599950
61618702
61635574
61651326
61668009
61686094
61701750
61716129
61734606
61752486
61768190
61782937
61801297
61817086
61834966
61850638
61865417
61884174
61899766
61917942
61932606
61948182
61969974
61984281
62000214
62018022
62033750
62048310
62069150
62086118
62100598
62118598
62134326
62147638
62163270
62184774
62196838
62213638
62230494
62246198
62260614
62276270
62293361
62316502
62330953
62349062
62363502
62381526
62396126
62414078
62430838
62451398
62469542
62484070
62501958
63639468
61313385
61312908
61313959
61314529
61313791
61313354
61314695
61315238
61314633
61315085
61313441
61315074
61315312
61315248
61315331
61315352
61231591
61247458
61263499
61279251
61297613
61313845
61330382
61346757
61361522
61377647
61394263
61410032
61429190
61446229
61461867
61476613
61493696
61511517
61528901
61543221
61558975
61578973
61592093
61607925
61623415
61638651
61652069
61670005
61685757
61701299
61717212
61735251
61750919
61766737
61782201
61801337
61816573
61832217
61847969
61863660
61882914
61898361
61914016
61929577
61947655
61963370
61982783
61996200
62011714
62029792
62045389
62061087
62080901
62096599
62112237
62127893
62142285
62158255
62173715
62194056
62212141
62227821
62244646
62260350
62275934
62290398
62311606
62326982
62342557
62358477
62376350
62390717
62408838
62423453
62440158
62461957
62478717
62496950
63642839
61316336
61316704
61317547
61318025
61318051
61318056
61317973
61317978
61318291
61318038
61318068
61317875
61318167
61317947
61317364
61317992
61235849
61249412
61265405
61281240
61299462
61314221
61330968
61349622
61365278
61382006
61397280
61412877
61432238
61448014
61463637
61483190
61497758
61513453
61533126
61547717
61565718
61582381
61597741
61615758
61632302
61647997
61665966
61680197
61697206
61712862
61727309
61748102
61763438
61778197
61796222
61813686
61829397
61847414
61861830
61877397
61898990
61913685
61931406
61947134
61961389
61979853
62003758
62019390
62037390
62051878
62067565
62089822
62105526
62120886
62135629
62153646
62168062
62183629
62206590
62221006
62236429
62254734
62267854
62281568
62296870
62308886
62328637
62345549
62362342
62377989
62396062
62410733
62428550
62442877
62464677
62482886
62498518
62513200
63655212
61328894
61328608
61330273
61330301
61328777
61330324
61328838
61328823
61329420
61329780
61329892
61330686
61329934
61330646
61329822
61329441
61243509
61257329
61270485
61288666
61302980
61321711
61337938
61353097
61370821
61383615
61399333
61416207
61435114
61450812
61467844
61482166
61499321
61517424
61533199
61549550
61565160
61583719
61600584
61616216
61634054
61648790
61664253
61679674
61700109
61715831
61728173
61747354
61762129
61777398
61795455
61811028
61829893
61844136
61862279
61877870
61892334
61911378
61927088
61945231
61960816
61975357
61994886
62010407
62028551
62044213
62058468
62076534
62096498
62110863
62126639
62144534
62160315
62174984
62190582
62213175
62227996
62243322
62260157
62277004
62291680
62307046
62327982
62344937
62357172
62372846
62388466
62406301
62421951
62437679
62452199
62476186
62491582
62506542
62522222
63658370
61332783
61333336
61333322
61333664
61332194
61333787
61333805
61333427
61334369
61332070
61333617
61332065
61333651
61332107
61333667
61332077
61250655
61266319
61282051
61298125
61312628
61329124
61347836
61364190
61378731
61395120
61411724
61429874
61445405
61464877
61479204
61496119
61514658
61529125
61548775
61563233
61578902
61596790
61614571
61630028
61647105
61662347
61678110
61698466
61714095
61728474
61745370
61760365
61775716
61789016
61804583
61823511
61841364
61857009
61871431
61887359
61906222
61924306
61938633
61954762
61969958
61991973
62007553
62021873
62037753
62055719
62071335
62086137
62105697
62123666
62138143
62153804
62171780
62186179
62206562
62222504
62240391
62254907
62270397
62288599
62304137
62318831
62342060
62356867
62372091
62390121
62405825
62420306
62435993
62451609
62473232
62491453
62507073
62521449
63661436
61335539
61336353
61336311
61336498
61336773
61335669
61336747
61336502
61335770
61336558
61336700
61335169
61336756
61335270
61335222
61336030
61370733
Peak: 63694107
Average: 60990687.64576026
