0
82693
389059
805005
1075727
1600713
2313173
2612116
2978779
3483183
3846432
4327683
5199272
5376155
5715773
6168234
6624170
7110369
7360097
7757616
8310513
8733550
9009264
9321266
9562241
9776865
10447068
10772768
11137035
11688958
12407327
12684280
12995633
13492429
14052268
14546713
15150748
15625638
15963339
16280656
16501013
16631603
16703525
17062874
17212881
17502387
17884687
18019215
18243608
18941186
19073763
19397862
19588373
19673039
19675655
19915723
20101127
20249815
20419397
20800644
21217854
21370661
21944293
22420799
23149109
23389688
23782415
24090237
24396185
24419515
24567283
24728240
24927085
25097204
25408502
25698112
26096176
26600898
26867960
27449727
28045264
28857355
29633979
29906154
29908350
29913842
29915878
29930870
29941916
30190058
30778392
31279363
31521582
31801370
31959902
32248332
32344454
32383788
32525562
32546265
32637909
32807465
32931741
33388340
34310215
33834748
34332198
34452249
34624532
34675403
34646996
34729201
35034007
35142932
35764150
35855899
36264020
36740519
36811503
37062902
37756215
38366269
38366540
38366622
38366598
38366589
38651997
38738947
39009515
39093560
39197816
43122298
43174601
43451252
43559687
44101876
44090728
44166779
44203132
44277787
44322328
44396951
44441890
44476920
44540026
44595201
44613273
44849876
45061023
45147785
45590194
45796018
46051632
46590106
46792158
46830948
47019684
47093516
47147607
47349841
47437232
47532889
47613409
47935409
48066811
48309080
48512236
48745889
49024459
49326227
49423465
49587190
49674541
49862737
50109903
50204488
50291768
50316552
50331464
50365320
50421703
50470593
50547137
50678820
50755602
50812505
51025067
51240978
51464519
51748850
52034655
52297839
52461566
52690830
52870438
53322022
53688643
54264988
54479031
54520177
54550960
54639829
54670060
54812995
54951184
54993158
55137104
55048264
55489465
55784614
55923346
56050407
56510200
56882054
56923983
57341376
57412256
59031348
57675754
57950277
58047826
58120491
58079254
58397370
58416219
58438792
58523948
58855894
59606954
59787682
59878850
59954890
60013050
60053253
60239617
60277195
60851563
61783129
60840987
61145466
61744848
62308611
62839836
63402998
63966262
64531378
65094014
65622651
66186012
66750468
67312476
67875990
68437974
68967552
60945799
60741143
60744047
60745515
60745657
60747063
60746353
60746716
60747205
60748376
60748320
60748692
60747804
60749188
60747830
60749557
60748834
60748837
60749727
60993086
61522084
62119538
62680943
63278456
63841238
64403308
64999231
65595447
66191663
66753972
67349089
67946591
68509543
69105258
60752370
60752944
60752966
60752993
60752237
60752437
60753128
60752026
60753156
60752181
60752540
60753348
60753552
60753450
60752759
60752640
60753858
60752780
60797541
61294183
61890454
62451823
63015141
63612081
64173911
64771130
65332765
65929296
66525558
67121980
67718500
68313690
68876076
60756001
60754971
60756110
60755462
60756361
60756342
60755612
60756443
60755347
60756409
60755339
60755694
60756338
60756566
60755872
60756528
60755434
60756991
60756747
61165744
61694768
62256822
62818449
63415793
63977241
64574473
65136315
65732377
66328745
66890921
67454515
68050657
68613723
69209785
60758065
60756931
60758209
60757423
60758134
60758260
60757353
60758230
60758466
60757809
60758420
60757399
60758899
60757282
60757781
60757770
60757786
60758622
60802273
61300065
61828035
62423760
62987192
63548704
64145752
64707651
65304752
65866811
66464168
67025211
67621584
68217864
68780370
60759782
60758658
60759509
60759677
60759362
60759844
60759578
60758643
60759024
60759927
60760009
60759920
60759393
60759447
60760319
60759433
60760461
60760665
60759598
61003809
61500205
62028362
62625590
63186972
63750253
64347188
64908742
65506092
66102284
66664350
67259566
67856142
68452910
69047772
60762918
60761687
60761759
60762790
60761775
60762107
60762959
60761861
60763153
60762093
60762941
60761912
60763477
60761925
60762373
60763201
60763392
60762735
60907338
61369549
61931723
62494773
63090329
63653205
64249593
64845534
65408404
66005028
66601649
67065095
67628883
68224588
68822110
60767543
60768389
60767950
60768979
60768466
60767834
60769155
60767911
60769139
60768287
60767900
60769221
60768297
60769291
60768172
60769328
60769500
60768743
60769933
60978312
61507657
62069649
62632367
63194945
63791822
64354281
64950574
65513542
66075414
66638742
67235014
67797662
68393619
68956187
60770235
60769101
60770335
60769339
60770179
60769150
60770294
60769123
60769713
60770608
60769561
60769914
60770729
60769865
60771124
60770890
60770811
60769542
60770978
61112401
61675689
62171756
62701756
63266027
63830003
64392227
64988513
65550418
66147743
66710004
67305034
67901474
68500224
69094011
60774870
60774226
60775401
60774283
60775567
60774910
60775427
60775668
60775469
60775760
60774785
60774865
60774975
60775718
60774385
60775821
60775798
60775166
60787584
61249078
61745168
62274076
62870950
63434242
63997005
64559994
65121770
65685121
66281269
66843809
67406943
68003209
68565848
69127800
60775659
60776518
60775338
60776594
60775865
60775342
60776655
60775478
60776778
60775769
60775873
60776049
60775604
60776921
60777016
60775745
60776830
60777066
60755606
61152523
61681526
62209365
62806192
63368975
63932256
64494128
65057067
65653416
66215304
66778947
67374888
67937227
68535313
69096459
60777880
60777187
60777784
60777727
60778718
60778793
60777929
60778663
60778998
60778815
60778990
60778132
60778868
60777697
60778908
60779135
60779117
60779119
60778335
60779076
61154831
61618025
62145736
62708268
63305919
63868716
64431799
64992959
65555938
66118991
66682071
67244065
67841975
68403943
68966535
60780396
60780377
60780090
60780356
60780358
60780482
60779669
60780411
60780599
60780459
60780519
60779872
60780134
60780725
60780605
60779468
60780026
60780339
60780951
61057178
61586420
62114540
62676708
63240584
63803433
64367217
64929176
65491985
66054556
66617788
67179828
67777617
68338425
68902380
60780602
60781748
60780571
60781650
60782047
60780999
60780765
60781450
60781229
60782073
60782154
60782178
60780933
60782069
60782449
60782938
60783085
60782994
60782159
60958814
61488878
62017939
62546606
63109053
63672244
64234628
64798140
65360524
65891116
66353836
66917284
67514940
68075636
68673764
60783128
60782711
60783588
60782505
60782476
60783855
60783219
60783054
60783737
60782637
60784261
60783931
60783469
60783408
60782920
60784057
60784118
60783056
60784263
60927902
61424149
61952016
62515630
63077437
63641444
64202908
64765820
65363421
65926474
66488988
67050884
67614324
68209396
68773340
60784404
60784140
60784219
60785090
60784166
60784498
60785270
60784376
60785257
60784148
60785182
60785426
60785433
60784708
60784423
60784928
60785755
60784372
60785795
60927937
61391035
61954074
62415893
62980146
63542962
64105907
64668875
65231867
65795139
66356110
66953579
67517179
68077950
68642718
69238707
60786972
60787148
60786931
60787159
60786077
60787233
60786064
60786536
60786227
60787582
60787508
60786323
60787615
60786750
60786643
60787647
60786774
60787838
60787772
61195606
61657661
62220703
62783110
63346542
63875060
64438365
65035286
65597302
66160519
66724087
67284673
67848657
68410850
68974421
60788311
60788253
60787614
60787589
60788559
60788679
60787507
60788995
60788703
60788756
60788670
60788833
60788941
60787997
60788776
60788991
60788933
60788735
60789006
60965270
61427470
61989472
62553170
63081709
63644699
64207240
64770216
65333325
65896888
66458872
67022091
67619685
68181717
68744680
60788544
60788481
60788209
60789683
60788324
60789688
60788908
60790122
60788511
60790084
60788591
60789031
60789875
60790050
60790082
60790050
60789183
60790121
60790151
61066016
61595031
62156895
62719543
63282103
63845599
64408567
64969311
65532682
66129951
66692975
67255055
67852751
68314495
68879415
60790326
60790294
60790208
60791402
60790419
60791369
60790517
60790330
60791510
60790599
60791523
60790322
60790898
60790639
60791706
60791755
60790693
60791768
60791234
60967497
61497677
62025333
62588173
63150813
63713423
64276142
64873503
65435279
66032591
66594935
67157087
67754695
68315623
68912279
60792235
60792359
60792281
60791236
60791688
60792510
60791623
60792930
60792694
60791421
60792026
60791890
60792078
60791567
60792617
60792946
60792260
60792823
60792839
61100758
61596775
62160136
62722408
63285064
63847400
64410699
64939550
65470533
66000565
66562685
67159125
67722645
68283757
68881445
60792358
60792147
60793482
60792189
60793519
60792557
60792294
60793607
60792328
60793655
60792904
60792395
60793823
60792485
60793748
60792896
60792560
60793895
60792830
61069116
61598335
62160319
62722559
63285514
63849008
64411738
65007957
65571029
66133076
66597519
67160396
67722631
68318948
68881407
60793869
60794319
60794551
60794536
60793993
60793385
60795794
60794443
60795662
60794933
60795565
60795852
60794378
60795916
60795195
60795851
60794822
60795813
60795021
61103975
61634571
62162646
62759084
63321308
63918285
64480149
65076037
65672273
66234366
66831846
67393278
67989888
68553372
69149324
60795827
60796676
60796700
60796610
60795907
60795677
60796774
60795610
60796854
60796181
60795701
60796883
60795821
60797100
60796392
60795904
60797255
60796310
60874877
61404141
61931781
62494965
63058253
63620973
64183805
64745533
65308397
65871645
66433719
67031293
67593645
68155653
68719317
60796641
60797892
60797153
60797691
60798013
60796771
60797741
60798095
60797395
60796864
60797263
60798050
60798299
60797055
60798669
60798272
60796988
60797604
60797346
60808951
61271822
61834999
62395927
62959476
63522274
64084684
64647665
65144522
65707689
66303911
66866108
67463959
68024959
68621844
69216613
60798908
60798210
60798888
60798417
60797853
60799369
60798958
60797937
60798385
60799121
60799360
60799291
60798169
60798561
60798931
60799521
60799897
60798388
60909185
61438216
62001597
62529986
63092850
63655447
64218027
64815385
65378383
65940281
66503697
67065617
67629344
68225508
68789543
60814518
60801269
60801353
60800630
60800163
60801411
60800298
60801541
60800510
60800214
60801722
60800716
60801613
60801788
60801049
60801826
60802009
60801817
60801040
60944264
61473473
62036585
62599265
63128793
63690361
64253385
64816217
65413337
65975257
66538745
67134985
67697209
68293569
68855993
60801656
60801141
60802674
60801349
60802627
60801762
60801207
60802825
60801645
60802777
60801914
60801770
60802969
60802024
60802886
60802959
60802146
60802299
60801896
61145504
61607245
62170743
62732065
63295680
63825373
64389174
64917993
65415074
65943901
66540899
67103295
67667079
68227891
68825885
60803023
60803421
60802746
60804160
60803851
60802865
60803296
60804163
60802821
60804452
60804136
60803597
60804564
60803157
60804199
60804405
60803888
60804354
60804683
61046018
61575152
62138232
62701382
63262921
63826174
64423747
64984521
65547537
66144993
66707177
67269359
67866953
68428961
68991372
60805206
60804061
60803763
60804291
60805202
60804273
60805207
60804723
60804113
60805485
60804329
60805578
60804734
60804534
60805626
60804654
60805580
60805806
60805826
61146636
61676829
62205077
62767575
63365060
63927834
64489484
65052856
65648957
66211221
66774489
67370550
67934125
68496541
69058696
60806605
60805073
60805491
60806276
60806566
60806289
60805539
60806907
60807761
60807019
60807911
60808029
60807141
60807816
60806997
60807837
60808100
60807236
60818219
61281313
61744376
62273415
62835855
63399175
63961971
64524917
65087885
65649893
66247136
66809391
67371562
67969231
68532695
69093631
60808331
60808425
60807551
60808691
60807317
60808960
60808812
60808039
60808690
60807463
60807864
60807658
60809215
60807700
60808199
60808352
60808891
60809361
60808087
61183095
61745852
62308722
62871019
63433715
64030537
64592185
65189594
65751857
66313465
66876965
67473847
68069823
68632441
69227377
60809646
60808458
60809787
60808942
60809676
60808486
60809665
60809900
60809109
60810046
60810039
60810407
60808756
60809346
60810306
60810236
60810132
60810317
60952960
61448765
62010765
62574357
63135909
63732896
64295672
64857400
65420432
66017217
66581248
67142184
67739880
68300864
68898680
60810019
60809540
60809400
60809533
60810661
60809691
60810045
60810975
60811179
60811039
60811214
60810275
60811194
60811098
60811190
60809893
60810341
60811067
60811254
61020022
61582182
62144889
62707005
63303939
63866467
64463509
65024211
65620902
66183475
66781260
67341935
67939876
68502382
69097516
60812187
60810890
60811979
60810857
60812114
60811341
60810781
60812306
60812099
60812225
60811699
60812238
60811209
60812208
60812538
60811787
60812304
60811369
60856066
61318753
61880854
62442905
63040172
63601630
64198756
64760478
65323654
65920980
66482076
67079919
67642102
68237278
68802360
60813397
60813417
60814386
60813373
60814345
60813576
60813194
60814698
60813432
60814609
60813731
60814018
60813899
60814627
60814906
60814640
60813501
60814000
60814263
61091255
61552590
62115915
62678893
63240178
63803326
64400953
64962048
65524626
66121052
66717441
67279732
67843095
68438344
69034798
60815265
60815406
60814799
60815302
60814359
60815387
60815677
60814466
60815526
60814330
60814338
60815040
60814442
60814999
60815720
60815905
60815988
60814763
60814661
61092307
61620488
62182769
62744753
63307721
63905208
64467006
65029014
65591992
66189158
66751553
67347846
67911414
68473036
69070302
60816920
60816561
60816000
60816198
60815853
60816284
60816808
60816955
60815661
60816109
60816124
60817021
60817010
60815896
60816226
60816583
60817296
60817236
60816283
61158295
61688620
62250864
62813060
63342197
63905231
64502254
65065276
65626420
66189237
66786820
67347932
67911148
68509164
69070300
60817490
60817651
60817010
60816522
60817985
60816605
60817862
60816551
60817202
60817818
60818105
60817874
60818110
60817525
60817189
60818220
60818280
60818141
60817331
61226653
61722787
62250756
62847335
63409893
63972381
64535237
65098596
65694655
66124591
66688943
67250943
67813247
68375183
68939303
60817640
60818944
60818893
60818855
60819047
60818118
60818105
60819098
60819234
60817774
60819239
60819318
60818038
60818022
60818467
60818730
60819443
60819235
60818545
60995900
61458112
62020040
62583977
63146557
63709371
64272141
64834235
65396749
65960225
66523578
67119818
67683354
68244266
68841386
60819059
60819878
60818987
60819926
60819894
60819861
60818773
60819280
60820073
60820813
60821761
60822008
60820882
60821784
60822028
60822074
60821998
60821979
60821098
60822268
60865436
61361642
61923498
62485554
63048449
63611297
64207546
64770109
65367530
65929696
66527098
67122221
67684589
68280818
68843233
60822630
60821675
60822570
60821769
60822704
60821884
60821748
60822891
60823050
60822807
60821676
60822124
60823121
60821874
60822924
60823267
60822698
60822996
60823350
61065101
61628781
62190889
62753363
63281651
63844553
64408284
64970317
65533040
66096499
66659915
67222067
67785227
68381652
68945323
60823832
60823657
60823890
60823696
60822602
60822999
60823980
60822906
60822783
60824066
60824141
60824241
60823114
60823919
60824278
60823455
60824605
60824420
60822968
60900630
61397264
61959200
62521087
63117296
63680320
64243056
64840104
65402099
65999352
66595760
67156704
67754096
68315232
68879032
60825310
60824086
60824916
60824069
60824313
60825069
60824082
60825124
60824213
60825069
60823976
60824357
60824729
60824123
60824144
60824468
60825425
60825389
60824795
61035120
61531424
62059253
62622235
63184619
63747640
64310253
64873109
65470262
66032397
66596064
67157677
67721392
68317565
68880127
60825236
60826047
60826126
60825277
60826463
60826241
60825117
60826210
60826446
60825623
60825151
60826507
60825541
60826518
60825212
60825540
60825383
60826615
60826715
60870171
61333213
61895631
62424216
62987612
63550243
64114186
64675938
65239212
65802136
66364458
66927778
67491000
68087367
68649848
69211792
60826406
60827088
60827412
60826378
60825866
60826042
60827291
60827458
60826637
60827509
60826285
60827472
60827759
60826923
60826723
60827850
60828014
60827915
60826856
61269597
61765521
62293279
62890161
63452305
64015284
64511867
65042129
65605161
66168410
66697417
67259431
67856479
68419250
68983009
60828290
60828493
60827257
60828476
60827552
60827069
60828794
60829005
60830508
60829944
60829680
60830392
60830721
60829277
60830641
60829813
60830568
60829480
60830557
61138587
61667772
62229956
62792195
63356877
63919595
64482635
65044571
65607747
66170875
66733331
67294923
67858490
68454771
69017427
60831322
60831318
60831201
60831466
60831430
60830784
60830288
60830954
60831671
60830750
60831631
60831827
60830870
60831786
60831846
60831734
60831999
60831963
60831387
60975588
61503553
62032625
62595057
63192082
63754825
64316570
64913690
65475833
66038730
66636306
67197081
67794849
68355553
68919457
60831948
60831211
60832358
60831372
60832419
60831339
60831736
60831755
60832759
60832855
60832075
60833217
60832828
60831542
60832943
60832320
60831688
60833243
60833139
60909521
61372635
61935907
62463461
63026670
63589870
64152226
64715187
65278486
65841646
66403576
67001139
67564611
68125438
68689320
69285539
60832720
60833454
60832688
60833364
60832717
60833644
60832733
60832512
60832624
60833108
60833852
60833253
60833779
60833913
60832741
60834041
60833984
60833229
60811303
61306981
61836399
62365125
62962731
63491233
64054213
64617286
65180144
65743204
66339504
66902865
67430873
67994271
68592232
69153005
60834558
60834015
60834555
60833569
60834560
60833499
60834203
60835077
60833576
60833555
60834927
60834980
60834085
60834205
60834099
60835448
60835105
60834283
60835116
61177173
61706110
62268303
62830719
63359946
63922576
64485538
65047472
65610828
66173762
66737322
67299159
67829647
68292682
68757386
60834473
60834562
60835571
60835748
60835517
60834496
60834973
60835909
60834723
60836229
60834787
60835290
60835847
60836067
60834954
60835171
60836069
60835233
60835329
61011508
61540660
62104050
62665635
63195330
63757961
64320992
64883586
65479773
66043858
66607506
67168338
67732149
68294229
68857917
60835836
60836616
60835927
60835380
60836315
60835512
60835584
60836788
60836975
60836377
60836843
60835733
60836826
60835765
60836432
60837040
60835968
60837010
60837348
60947681
61477149
62005278
62568007
63097391
63594320
64156708
64719689
65282649
65845977
66441929
67006353
67570143
68131966
68729937
60855371
60839055
60838881
60840088
60839018
60840065
60839488
60838835
60840410
60839072
60840308
60840285
60839469
60840415
60840555
60840328
60840548
60839768
60839200
61083024
61544932
62108320
62669819
63232584
63795370
64392247
64953952
65517412
66048482
66611738
67172506
67736041
68332426
68895330
60840729
60840166
60841093
60840037
60841037
60840003
60840427
60841263
60841293
60841663
60841462
60840762
60841338
60841625
60840173
60841655
60840517
60841606
60841759
61018233
61480239
62043273
62571631
63134615
63697017
64261053
64822853
65385830
65949206
66546710
67107478
67671253
68233126
68831078
60841087
60842356
60841518
60840872
60842397
60840994
60841213
60841916
60841208
60841679
60841255
60841878
60842697
60841533
60842681
60841713
60841708
60842720
60842908
60885852
61383504
61911071
62473200
63036352
63565895
64163138
64726065
65289115
65852015
66413344
66976768
67539920
68102002
68700104
69260864
60843700
60843375
60842197
60843211
60842015
60843397
60842685
60842256
60843620
60842456
60843510
60843618
60842738
60843523
60842488
60842445
60843790
60842578
60822171
61252208
61781406
62309384
62872041
63402468
63932130
64495994
65056827
65620245
66183349
66746653
67342626
67904930
68466925
69031009
60844446
60843503
60844274
60843253
60843620
60844507
60844757
60844974
60844593
60844110
60844808
60844846
60844627
60843527
60843967
60844811
60844804
60844759
60843986
61186065
61749382
62311554
62874032
63437409
64000185
64563159
65124979
65687127
66250293
66813704
67342876
67839892
68403212
68965748
60845343
60844460
60845475
60844717
60844610
60845700
60845663
60844963
60845757
60844986
60845925
60844658
60845794
60844722
60845162
60845460
60846160
60845906
60846241
61253276
61750476
62278406
62841039
63404496
63967213
64564319
65127359
65688214
66251439
66848957
67409835
68007597
68570414
69132093
60846559
60845857
60846791
60845757
60846758
60845879
60845802
60846886
60847042
60846786
60845714
60846170
60846426
60845862
60846888
60847186
60846553
60847113
60890844
61320346
61783562
62346851
62843259
63372263
63969354
64531541
65094259
65690507
66252622
66848835
67410995
68008411
68571131
69166854
60846544
60846875
60847549
60846686
60847838
60846550
60847078
60847922
60848236
60848035
60848119
60847393
60848084
60850573
60849091
60850629
60849764
60849737
60860845
61324885
61854008
62416225
62944906
63508108
64070795
64633746
65196843
65761243
66323251
66885363
67447371
68010867
68574739
69170267
60851092
60850784
60850397
60850710
60851431
60851490
60850562
60850526
60851305
60851549
60851505
60850193
60851637
60851996
60851717
60850788
60850825
60851676
60851896
61126729
61623368
62151324
62714629
63276732
63839789
64437605
64998373
65561581
66158901
66721013
67317389
67879720
68476013
69038768
60852367
60851586
60852393
60851502
60852535
60851371
60852650
60851704
60851648
60852681
60852696
60852670
60851547
60852184
60852790
60851600
60851616
60852067
60852808
61160829
61689843
62252320
62815648
63344291
63907638
64470351
65032489
65596774
66159958
66722121
67284209
67847798
68409844
69007649
60853302
60853571
60852714
60853532
60853577
60853650
60852866
60853549
60852520
60854152
60853873
60853093
60853821
60854062
60852596
60854107
60853425
60853081
60854091
61062507
61624654
62188414
62750791
63313158
63843085
64404635
64967590
65531023
66093728
66657358
67253585
67816701
68378265
68941916
60854078
60853233
60854466
60854655
60853470
60854720
60853642
60854133
60854899
60853844
60854939
60855245
60854098
60855110
60854274
60855250
60853903
60854471
60855224
61131354
61592684
62155989
62718685
63280221
63844175
64405906
64968623
65566096
66128375
66725664
67187135
67751983
68312919
68910871
60856069
60854958
60855349
60854899
60855859
60854622
60855011
60855882
60854993
60856050
60855486
60854766
60856154
60856134
60854945
60854851
60856113
60855278
60856091
61065977
61628274
62190842
62753257
63314701
63877400
64475437
65036612
65599219
66196732
66759052
67354308
67951828
68513388
69109388
60856851
60856293
60855834
60856146
60857013
60855684
60856917
60857117
60856100
60856252
60857031
60857355
60856338
60857279
60857363
60856577
60856111
60857475
60856354
61132523
61694704
62223991
62786429
63349039
63913539
64476558
65038626
65601551
66164711
66726837
67289008
67852303
68448717
69011342
60858233
60857918
60856826
60857785
60856771
60857435
60856723
60858218
60857062
60858341
60858177
60857642
60857070
60857518
60858556
60858490
60857377
60857511
60858599
61000855
61498342
62027449
62589990
63152656
63715381
64277065
64840028
65404306
65967379
66528836
67125906
67688141
68284442
68847293
60858275
60858058
60857793
60859063
60858103
60859229
60857921
60858596
60857905
60858714
60859287
60859348
60858273
60859455
60858907
60858584
60858986
60858371
60859346
60968880
61432194
61994109
62557329
63119380
63682037
64244901
64808028
65372163
65934083
66498870
67096339
67658635
68254957
68817745
60861786
60862699
60861755
60862001
60862600
60861549
60862583
60862985
60862141
60861450
60863068
60862237
60863047
60862250
60863251
60861981
60863215
60863232
60862424
60863233
60907719
61336797
61899784
62428000
62990762
63554896
64117720
64679760
65242808
65805760
66401856
66964136
67527672
68123912
68686544
69281624
60863786
60863969
60864342
60862780
60863201
60864045
60863204
60863942
60862870
60863369
60863522
60864324
60864118
60864354
60863574
60864257
60864477
60863228
60974850
61436976
61998848
62528040
63091120
63653968
64216808
64746784
65244664
65773400
66369824
66933176
67496744
68057584
68621392
69217544
60864009
60864167
60864859
60865138
60865154
60865141
60863880
60864922
60865187
60864560
60865034
60865385
60864192
60865309
60864187
60864525
60865412
60865523
60865309
61240902
61702921
62232198
62794171
63357365
63920661
64483408
65045351
65642728
66204583
66769175
67329927
67927858
68488927
69052663
60866085
60865046
60865994
60864728
60865323
60865144
60866038
60866325
60864958
60866381
60866425
60865607
60866383
60866525
60866607
60865388
60865230
60865684
60865417
60976975
61439413
62002330
62530129
63127286
63690281
64253107
64815140
65412244
65975420
66536484
67099836
67697404
68258169
68822204
60866300
60867147
60866425
60867271
60866339
60867303
60867357
60866571
60867460
60866493
60867384
60866710
60866842
60866384
60867595
60867835
60867482
60867790
60867040
61010412
61539440
62101255
62665319
63227881
63790835
64353556
64916534
65479626
66041515
66639300
67200953
67763540
68325780
68923681
60868851
60867353
60867256
60868168
60867340
60868224
60868370
60867263
60868496
60868460
60867713
60867166
60868661
60867361
60868725
60867771
60867563
60868741
60868967
60945066
61442598
61970282
62532526
63095392
63658376
64255368
64818290
65380090
65943378
66539554
67101762
67665421
68261538
68824026
60868331
60869429
60868643
60869148
60869435
60868249
60868837
60869648
60869645
60868844
60868707
60869545
60869730
60869830
60869574
60869818
60869934
60868982
60869818
60914377
61377319
61905430
62468609
63031785
63594527
64123298
64686266
65249167
65812399
66407847
66971943
67534247
68096183
68560959
69123031
60869487
60870726
60869954
60869630
60870473
60870784
60869694
60870557
60870785
60870856
60870045
60869867
60870994
60871174
60870225
60870976
60870176
60871040
60871183
61180272
61641785
62205336
62767608
63330210
63891883
64455542
65017712
65614915
66177187
66774491
67335307
67832619
68394918
68958518
60870623
60871336
60871550
60870351
60871584
60870877
60870396
60871709
60870545
60871816
60870943
60870866
60872030
60870825
60871947
60871993
60871228
60872064
60872073
61080855
61610047
62172871
62735647
63232199
63694447
64257487
64854607
65416535
66013871
66575919
67172287
67734735
68330919
68927775
60872994
60871989
60872418
60872685
60871624
60872679
60871811
60871518
60873056
60871769
60875952
60875070
60874510
60876056
60874958
60875957
60875086
60875006
60876192
61117942
61713294
62276662
62838070
63401358
63964046
64561166
65123174
65719334
66248727
66845574
67406574
68004422
68567006
69163382
60876437
60875240
60875950
60875203
60875650
60877046
60875486
60876044
60876829
60876897
60876980
60875772
60876196
60876459
60877219
60877192
60875910
60877248
60854747
61317215
61814584
62342587
62905116
63468508
64031284
64594484
65157259
65719732
66217676
66780956
67341780
67939588
68500428
69064500
60877743
60876687
60877767
60877859
60877346
60877023
60877692
60878145
60876687
60876780
60877955
60876786
60877183
60877306
60878042
60878176
60877216
60878240
60877719
61053683
61516912
62078774
62608718
63205265
63768084
64329620
64892583
65489936
66051905
66615285
67211589
67773840
68335840
68933968
60877753
60877958
60877693
60878673
60877618
60877487
60877658
60877776
60879046
60878282
60878849
60879275
60877729
60879135
60878422
60877795
60879282
60879437
60878201
60922609
61418991
61982384
62509928
63073274
63635881
64198969
64761545
65359048
65922208
66484157
67046776
67609909
68206200
68769760
60879070
60878978
60878410
60880011
60879810
60878679
60879170
60880000
60879159
60879954
60880303
60879185
60880133
60879319
60879685
60879079
60879519
60880196
60880448
61155474
61684262
62214060
62775973
63372805
63869547
64398035
64962163
65491008
66054379
66617710
67213755
67643907
68172810
68770891
69332851
60881037
60880999
60880924
60879847
60880412
60881280
60881355
60881002
60880032
60880415
60881471
60881522
60880758
60880202
60880526
60881492
60881651
60880554
60958083
61421201
61949969
62545391
63109255
63672063
64234847
64797887
65360927
65924087
66484871
67048162
67611903
68208079
68771879
60881065
60881038
60881227
60881893
60882013
60882199
60881943
60882128
60881623
60881359
60882551
60881058
60882116
60882301
60881572
60882204
60881065
60882362
60882445
61025096
61521381
62050675
62514475
63043347
63606283
64168826
64764971
65328118
65925371
66486387
67082651
67646184
68241539
68839315
60882494
60882347
60881722
60883127
60881907
60883220
60882657
60881982
60883431
60882139
60883431
60882566
60883291
60883637
60882125
60883590
60882573
60882454
60883775
61092208
61621456
62118552
62647463
63209964
63772596
64369680
64931687
65494727
66057495
66620927
67217215
67779936
68341770
68905377
60883422
60883705
60883330
60884063
60882991
60884178
60883200
60883597
60884435
60883320
60884922
60883271
60883849
60883993
60883823
60884675
60884871
60884056
60883551
61061481
61523396
62086723
62615037
63177755
63740521
64303231
64900427
65463596
66026727
66588823
67151069
67748693
68309568
68873632
60900624
60884109
60884572
60885553
60884637
60885574
60884773
60884377
60885728
60884615
60885851
60885156
60884459
60885882
60884651
60885981
60885209
60884835
60886072
61128858
61657010
62219481
62781832
63344494
63942143
64504093
65066150
65628790
66226407
66788453
67384799
67947346
68543151
69106143
60885584
60886450
60885477
60886346
60886646
60885333
60885210
60886761
60886019
60885704
60886737
60886829
60886832
60885573
60885935
60886916
60885986
60886805
60886880
61162047
61724332
62287364
62849724
63411956
63974732
64537628
65100188
65662908
66260285
66822260
67418660
67980900
68579004
69140031
60890906
60890801
60889763
60891080
60889750
60890977
60890070
60890993
60891175
60890974
60889843
60890302
60890416
60889998
60891150
60890207
60890494
60891448
60901576
61365710
61926551
62488462
63051969
63614702
64177489
64740470
65303577
65866737
66428836
66991980
67454820
68018505
68616270
69177102
60891748
60890960
60892374
60890707
60892096
60892013
60891213
60891963
60891355
60892263
60891285
60891013
60892517
60891208
60892428
60892333
60891541
60892479
60936907
61399826
61927850
62490058
63052874
63615698
64178432
64741792
65339214
65901075
66463062
67026713
67624299
68185267
68749153
60892241
60892070
60891998
60892915
60891772
60893204
60892504
60891682
60893198
60891962
60893160
60893247
60892418
60893197
60893441
60893015
60893599
60892239
60893600
61004106
61433001
61962424
62392181
62955499
63518351
64115020
64677988
65240092
65837324
66398316
66995676
67558115
68153068
68751188
69312030
60894271
60894426
60892838
60893374
60894422
60894457
60893786
60894377
60893569
60894415
60894584
60894569
60894393
60894629
60893713
60894033
60894411
60894867
60937921
61434167
61929465
62458700
63022097
63584663
64147678
64710632
65273880
65871192
66432024
66995200
67559141
68120899
68718848
69280088
60894192
60894998
60895482
60894145
60895423
60895336
60894674
60895272
60895602
60894171
60895599
60894213
60895696
60894993
60894851
60894875
60895719
60895822
60895624
61203813
61732944
62294875
62857386
63420871
63983603
64546209
65108362
65671682
66234498
66798109
67359892
67957722
68519802
69082562
60896194
60896396
60896016
60896224
60896485
60895405
60896481
60895425
60896441
60896638
60895677
60895978
60896989
60896777
60895368
60896782
60895904
60895602
60896945
61105425
61668365
62231190
62793598
63356220
63917815
64481746
65043722
65606810
66204063
66766578
67362479
67925159
68520815
69083925
60897263
60897208
60896114
60896739
60896756
60896884
60896519
60897650
60896639
60897650
60896841
60896771
60897893
60897950
60897707
60897943
60897264
60897760
60897886
61172951
61668662
62232142
62794369
63356691
63920007
64483689
65045997
65608880
66172099
66735384
67296453
67859640
68422306
68985598
60897959
60897350
60897734
60897678
60898430
60897704
60897661
60898818
60898926
60898643
60898879
60897976
60898688
60898908
60897536
60899015
60898192
60897632
60899178
61140642
61704014
62266470
62828821
63391125
63954050
64516939
65113142
65676110
66239205
66769566
67264286
67794891
68357003
68954773
60898499
60898908
60898557
60899575
60898774
60899717
60899790
60898961
60898830
60898614
60899970
60898801
60899949
60898694
60899291
60899950
60898827
60898936
60900044
60976314
61505392
62068736
62631346
63194115
63756860
64319338
64881376
65444745
66007496
66571016
67165984
67729878
68325198
68888830
60913780
60899651
60899444
60900741
60899927
60900666
60899881
60899855
60900815
60900906
60900871
60900975
60901117
60899902
60901034
60901094
60900294
60901238
60900060
60978560
61440803
62003949
62565866
63129034
63691907
64253402
64816648
65379530
65942557
66538890
67101266
67664547
68260856
68823576
60900794
60901850
60901196
60901720
60900618
60901858
60902013
60901276
60902372
60900764
60902108
60902204
60900892
60901515
60902224
60901438
60901246
60902285
60902409
60978423
61441682
62004076
62565716
63130232
63692981
64221493
64784404
65347710
65910929
66506979
67070331
67633859
68194667
68758454
69320485
60902717
60901897
60902845
60903059
60902185
60901653
60903127
60902152
60903094
60903223
60902344
60903115
60902070
60903096
60903383
60902509
60903200
60903495
60927075
61263085
61825765
62386648
62949473
63546938
64108741
64705826
65267739
65864840
66426051
67023632
67620200
68181086
68778019
60921574
60922491
60921800
60921825
60926709
60926968
60925964
60926882
60927159
60926330
60926483
60927271
60927097
60927499
60926436
60926626
60927462
60927522
60927469
61037078
61533061
62095613
62658019
63220953
63783678
64346406
64943662
65505390
66068478
66631966
67228230
67790806
68352678
68950638
60927618
60928409
60927703
60927982
60928605
60928717
60927421
60928006
60928601
60927542
60928604
60927382
60928305
60928657
60927577
60928670
60928890
60928278
60928845
61205033
61700097
62228598
62792574
63355186
63918039
64480815
65042811
65506561
66069897
66632979
67229273
67791585
68353694
68950463
60928580
60928530
60928967
60929796
60928944
60929706
60929941
60929422
60929006
60930047
60930176
60930122
60930350
60929427
60929690
60929236
60930223
60929210
60929850
61138887
61636384
62164169
62727112
63289433
63886511
64415159
65012368
65575420
66137357
66735136
67295773
67859300
68455717
69018472
60930720
60931001
60929865
60931001
60931397
60930634
60930217
60931421
60931529
60931351
60930318
60930725
60931480
60930408
60931458
60931635
60930631
60930627
60931766
61141459
61670985
62165642
62695412
63257853
63820728
64383603
64946891
65509518
66073037
66636317
67232417
67794787
68356758
68920424
69530865
60932780
60931791
60932014
60932563
60932836
60932715
60931713
60932161
60932903
60933014
60932785
60933203
60932364
60932991
60933286
60931927
60933232
60932575
61143100
61638023
62201395
62764212
63325538
63888459
64484772
65048498
65610529
66207631
66770058
67331948
67829239
68391378
68955015
60951368
60932563
60933170
60933826
60932671
60933750
60933986
60933236
60933151
60933980
60934165
60934197
60933107
60934106
60932969
60933649
60934829
60934330
60933212
61044972
61507315
62069544
62632368
63195583
63756972
64320068
64917167
65480118
66042340
66604470
67201724
67765254
68326213
68889798
69533286
60935023
60934563
60934949
60935234
60935064
60934281
60934145
60935250
60934204
60935298
60934844
60934169
60935528
60934465
60935351
60935684
60934681
60935568
61178397
61706276
62268788
62832332
63394924
63957836
64521227
65083633
65646592
66208542
66773201
67335207
67897797
68459614
69057588
60935779
60935343
60934857
60936095
60935248
60936174
60936461
60935675
60936417
60936720
60936336
60935251
60935939
60936475
60935379
60936480
60935443
60935942
60936902
61179506
61707788
62271197
62833541
63395179
63958069
64555843
65116570
65679546
66143892
66707021
67303447
67865747
68462100
69058962
60937379
60937579
60936089
60937589
60936694
60937390
60936302
60937328
60937658
60936865
60937593
60937791
60936411
60937724
60937016
60936544
60937930
60937014
60937106
61280279
61807886
62370209
62966919
63530349
64092138
64655048
65184986
65714000
66278387
66840720
67402728
67966936
68528154
69126048
60938552
60937384
60938351
60938683
60937500
60937839
60938685
60938832
60938919
60938598
60938936
60938826
60938063
60937749
60939012
60939174
60938917
60939102
60937861
61049650
61578920
62140791
62703423
63264857
63829002
64391770
64953837
65516466
66079858
66677370
67239378
67802922
68363762
68927650
60954895
60938469
60938967
60938262
60939864
60938679
60939861
60938860
60938687
60940110
60939036
60940068
60938877
60939201
60939158
60940340
60940242
60940274
60939159
60983555
61513917
62041480
62604467
63167619
63696521
64193398
64756588
65319534
65882563
66444436
67007788
67571227
68167660
68730436
69292441
60940075
60940750
60939687
60940189
60941157
60940183
60941188
60940224
60941331
60939876
60940367
60941117
60940370
60941334
60941363
60940475
60941378
60941566
61017811
61482474
62010463
62572101
63169729
63732488
64294382
64856952
65454407
66016375
66578561
67174745
67738308
68334614
68897329
60941446
60941994
60941041
60941987
60942312
60941125
60942037
60942279
60941546
60941023
60941554
60942301
60941280
60942212
60942499
60941668
60942418
60942544
60942474
61052034
61548447
62077546
62640619
63203918
63765337
64328423
64925521
65488598
66050461
66612807
67175743
67739618
68301327
68865264
60958713
60943101
60942345
60942001
60943416
60942193
60943362
60942756
60942196
60943466
60942494
60943619
60943076
60942682
60943766
60942791
60943647
60943961
60942827
61120595
61649892
62111774
62675322
63237705
63766374
64329507
64896326
65459615
66022747
66584505
67148175
67711745
68307787
68837249
69300349
60947589
60948440
60947510
60948458
60947681
60947633
60948717
60947716
60948701
60948766
60947988
60948773
60948969
60948777
60947593
60948081
60948866
60949172
61025192
61488706
62051733
62612346
63176782
63739554
64301229
64864392
65427086
65990542
66552551
67115681
67713597
68275554
68838238
60948491
60949542
60948561
60949369
60949591
60948406
60949650
60948782
60948807
60949818
60948945
60949786
60949846
60949105
60949847
60950067
60950099
60948693
60949278
61192807
61654824
62218033
62779720
63342210
63939319
64368551
64931578
65528992
66092103
66654534
67250520
67813032
68409216
68971703
60951140
60950236
60950629
60950884
60950772
60950940
60949916
60950941
60949883
60950964
60950157
60950232
60951113
60950261
60951043
60951226
60950397
60951269
60951360
61160306
61689372
62251483
62814211
63410942
63973696
64536400
65098130
65661274
66258785
66821012
67417207
67979650
68575774
69138472
60950582
60951796
60951827
60950883
60951873
60951024
60952044
60951090
60951034
60952097
60951186
60952019
60952376
60951271
60952276
60952277
60952326
60951410
60952143
61327497
61822583
62384569
62947329
63510426
64107405
64670511
65232533
65794347
66391630
66953955
67548824
68112414
68710334
69271392
60952366
60952078
60952843
60953102
60952135
60952911
60953182
60952604
60951929
60953250
60952086
60953183
60953270
60952486
60953306
60953612
60953441
60953562
60930453
61360686
61889851
62452058
63014596
63579071
64141974
64704896
65268065
65828782
66392222
66955413
67551616
68113725
68677522
69274000
60954051
60953370
60953897
60954108
60953995
60954150
60953393
60952992
60954147
60954383
60953328
60954184
60954420
60953944
60953687
60953653
60954499
60954582
60953333
61197321
61725188
62287963
62851491
63414070
63976858
64540584
65102720
65665570
66228736
66792239
67353198
67916683
68512800
69076679
60954380
60954882
60955123
60953866
60955203
60955196
60954687
60955175
60954044
60955298
60955475
60955380
60954863
60954274
60955866
60954805
60955506
60955648
60954783
61098391
61628876
62157877
62686387
63249254
63812972
64375681
64938720
65501752
66064912
66625560
67189259
67753003
68314803
68846592
60971962
60956339
60955066
60955597
60955543
60955294
60956637
60955337
60956615
60956774
60955779
60956676
60955854
60956740
60956920
60955917
60956855
60955734
60956709
61066196
61563478
62091555
62688373
63251175
63812667
64409684
64971746
65568800
66130622
66728350
67289167
67886897
68447864
69045850
60957043
60956105
60957532
60956239
60957538
60956788
60956315
60957636
60957829
60957031
60957579
60957560
60957745
60957932
60957280
60956822
60958071
60957104
60958139
61067532
61563398
62092347
62621505
63184593
63649291
64177842
64740984
65305192
65868416
66430481
66992665
67555283
68152395
68714963
69277019
60958454
60957785
60957051
60958500
60957326
60957494
60958590
60957472
60958048
60957949
60958730
60958826
60958820
60957749
60958990
60959141
60958170
60959146
60959157
61301196
61763546
62292285
62854647
63417370
63981065
64544476
65107380
65670257
66232508
66795400
67357547
67955460
68516572
69080107
60958648
60959854
60958626
60958592
60960065
60959184
60959764
60960188
60958930
60960200
60959615
60958873
60960275
60959287
60959151
60960022
60960376
60960316
60959524
61137088
61666216
62228115
62790951
63353449
63915055
64477796
65041108
65603853
66167329
66730510
67326694
67890227
68451250
69014758
60960990
60959985
60960777
60959870
60960783
60960991
60959925
60959728
60960341
60960931
60961290
60960877
60961062
60960290
60959752
60961268
60960099
60961150
60960357
61138044
61632793
62196134
62757523
63320112
63883048
64479754
65041848
65639118
66200982
66798769
67359652
67957318
68552406
69115102
60961688
60961579
60960536
60960962
60962288
60961842
60961756
60960770
60961999
60962146
60962199
60961104
60962128
60961631
60961194
60962342
60962429
60960930
60962264
61105088
61568256
62096897
62660208
63223496
63786377
64349114
64912131
65475139
66038359
66599555
67162590
67760221
68321120
68886225
60962259
60961704
60962253
60961596
60962903
60963173
60961915
60963033
60963139
60962626
60962370
60963071
60963248
60963327
60962167
60963291
60963368
60962650
60962516
60973810
61436803
62000060
62528134
63091426
63688335
64251177
64814265
65376219
65939228
66535417
67097875
67629299
68124081
68688963
69250031
60964020
60962861
60964150
60964328
60963330
60962991
60964355
60963242
60964515
60963548
60963484
60964445
60964612
60964798
60964634
60964620
60963929
60963433
60964013
61240875
61702379
62265633
62828360
63357067
63919734
64482516
65045572
65608629
66205882
66767986
67330132
67893444
68489097
69053601
60969365
60969004
60969818
60969981
60968987
60969849
60970163
60969329
60970122
60969316
60970139
60970472
60969101
60969432
60970109
60969029
60970232
60969203
60969737
61146390
61675070
62237496
62801240
63329457
63892291
64455178
65052450
65615555
66178629
66742048
67304054
67866702
68428397
68992537
60970126
60970163
60970023
60970939
60971063
60969950
60970797
60971145
60971232
60970592
60970349
60970424
60970467
60971494
60971125
60970072
60970466
60971514
60971630
61014654
61545552
62073234
62635360
63232783
63795512
64357196
64954264
65516136
66079491
66677097
67238030
67834707
68430622
68894233
60971443
60971033
60970781
60971984
60972232
60972379
60971032
60971429
60971598
60971144
60971059
60972414
60971528
60971002
60972620
60971560
60972619
60971856
60971834
61215228
61678511
62206201
62769209
63331649
63928668
64490285
65053389
65650597
66212437
66810157
67371120
67968797
68563128
69126672
60973025
60973032
60971920
60973003
60973298
60972598
60972189
60973291
60972206
60973240
60973476
60972674
60973851
60973623
60972387
60973489
60973600
60973053
60972384
61148897
61678340
62240484
62802953
63365977
63928273
64491430
65054321
65651639
66214796
66776798
67338822
67936718
68497636
69095671
60973265
60974159
60972970
60974192
60973211
60972939
60974340
60973062
60974680
60973785
60973230
60974543
60974681
60973246
60974524
60974561
60973870
60973886
60974571
61184356
61713591
62241655
62804581
63368077
63930840
64493643
65056670
65519412
66050623
66578727
67109008
67606102
68169292
68732971
69293982
60975388
60974691
60974651
60974943
60975464
60974639
60974455
60975420
60975758
60975041
60974863
60975650
60975843
60975850
60974602
60975101
60975933
60975018
60974996
60975796
61185439
61713473
62242405
62805414
63368073
63930856
64493440
65056456
65619672
66182896
66779625
67342278
67904710
68466830
69064776
60975970
60975259
60976579
60975348
60976473
60975726
60975143
60976659
60975840
60976710
60976868
60976194
60975473
60976792
60976920
60975799
60975746
60975812
60976858
61086627
61550054
62078716
62640777
63203969
63766897
64329606
64892327
65455756
66018580
66580820
67144020
67741876
68302652
68866319
60976701
60976550
60976342
60977569
60976440
60977684
60976789
60976416
60977721
60976651
60977879
60977315
60976538
60977838
60977126
60977233
60978099
60977109
60977591
61186956
61717141
62279248
62841934
63370350
63934379
64429904
64993068
65555696
66119201
66682240
67244307
67807824
68404381
68968110
60994229
60978689
60978125
60978588
60978869
60978756
60978917
60979004
60979016
60978041
60978108
60978997
60979097
60978870
60979224
60978487
60978079
60979261
60978191
61022732
61485708
62048622
62610095
63173289
63735869
64298957
64861714
65424747
65987847
66584181
67146303
67709914
68306165
68868689
60979137
60979110
60978346
60979760
60978473
60979880
60979079
60978531
60979954
60978951
60979962
60980041
60979249
60979932
60980238
60980249
60979079
60979417
60980210
61223081
61718228
62281045
62843907
63405646
63968221
64566167
65126949
65690167
66287418
66849753
67445864
68008151
68537162
69068057
60979987
60980763
60979877
60980259
60980943
60980092
60980818
60981038
60981422
60979809
60980246
60981141
60981201
60981113
60981392
60980582
60981281
60981356
60980070
61256221
61819584
62348688
62844880
63373299
63970240
64533080
65096048
65657864
66220960
66784320
67379440
67943139
68505219
69103112
60980702
60981968
60980768
60982039
60981323
60982060
60982317
60982014
60982301
60981521
60982185
60981134
60982109
60982447
60981616
60981107
60982730
60981379
60982540
61324731
61853728
62416096
62978483
63507561
63970823
64500376
65063217
65626168
66190735
66752822
67316077
67879564
68441659
69004426
60998457
60982961
60982322
60982984
60983373
60983307
60981749
60983367
60982185
60982611
60982229
60983230
60983430
60982485
60983320
60983556
60983418
60982867
60982384
60994150
61456945
61987237
62549268
63078014
63641006
64203907
64767058
65329947
65893050
66455475
67018682
67581213
68178339
68742026
69303389
60984138
60983172
60983129
60984183
60983073
60983022
60984239
60984265
60983769
60984286
60984535
60983206
60984701
60983547
60984062
60983672
60984475
60984665
60984799
61227539
61756559
62319072
62847242
63409827
63972724
64536236
65099443
65662427
66224942
66754744
67350790
67914670
68475414
69039299
60985630
60984499
60984095
60985080
60984325
60985238
60984453
60984397
60985267
60985552
60985492
60985581
60984650
60985065
60985605
60985442
60984362
60984853
60985797
61261945
61723472
62252506
62815202
63378117
63940967
64503550
65066467
65629586
66192623
66790264
67351296
67914663
68510845
69073443
60985787
60985104
60986481
60985362
60986464
60985231
60985479
60985386
60986512
60986794
60986597
60986884
60986040
60986607
60986835
60985621
60986891
60986429
60985933
61229519
61725930
62253805
62816530
63379450
63942356
64505995
65068970
65630714
66193794
66757471
67353586
67915866
68478067
69041580
60987946
60986972
60986042
60987355
60986245
60986203
60987574
60986413
60986812
60986337
60987680
60986793
60987662
60987834
60987880
60988008
60987870
60987412
60986937
60998767
61427929
61990006
62552457
63149913
63711628
64274279
64837352
65434701
65997867
66558895
67156423
67620740
68148727
68746484
69307725
60988548
60987444
60993057
60993399
60992726
60992619
60994114
60993470
60993083
60993998
60992941
60992826
60994198
60992978
60993522
60993106
60994310
60993071
60994258
61302468
61831558
62394719
62957020
63520392
64082244
64645076
65207478
65804004
66366291
66929708
67525804
68088124
68650790
69248308
60994840
60993685
60994106
60994950
60993946
60994950
60995133
60994261
60995086
60994212
60995155
60993916
60994655
60995086
60994202
60995150
60995335
60994780
60972620
61469858
61998695
62460786
62989919
63553527
64116381
64678982
65242362
65838471
66400399
66963954
67558818
68123551
68686031
69282183
60995727
60994676
60995402
60995978
60996146
60995057
60995969
60996205
60995281
60995486
60995438
60995073
60996373
60995260
60996306
60995298
60995660
60995668
60996404
61238546
61734445
62263229
62826069
63388720
63985605
64548381
65110109
65673445
66236512
66833981
67394669
67958453
68554613
69117237
60996042
60996990
60997209
60997128
60996292
60996172
60997261
60996348
60997151
60996841
60996065
60997306
60996621
60997544
60996500
60997394
60997628
60996873
60997492
61173275
61702434
62264594
62827170
63389919
63986898
64549615
65111623
65674378
66271826
66833887
67430263
67992583
68554866
69152703
60998045
60997199
60998201
60997650
60997163
60998268
60997053
60998324
60997544
60996925
60998310
60997197
60998374
60997861
60997475
60998449
60998688
60997916
60997967
61372887
61935085
62498562
63061039
63623358
64220369
64782207
65345240
65942494
66503451
67100927
67663432
68259653
68821951
69384396
60998179
60999333
60998140
60999352
60999494
60998151
60998681
60998429
60998517
60999296
60999591
60998307
60999400
60999649
60998958
60999539
60998561
60999552
60999890
61374410
61837219
62400341
62962768
63526093
64087693
64685008
65246709
65808840
66406173
66968841
67564600
68127040
68723773
69285976
61000328
60999571
61000326
60999519
61000360
61000601
60999649
60999904
61000639
61000692
60999455
60999842
61000002
61000620
61000907
60999684
61000891
60999614
60979227
61374848
61938244
62500465
63063107
63626440
64188045
64752186
65315305
65877305
66439206
66969729
67465454
68028950
68591331
69154774
61001578
61000236
61001437
61001581
61000873
61000276
61001656
61000385
61000436
61001832
61001724
61001022
61001092
61001683
61001903
61001867
61000547
61001895
61002074
61111470
61640806
62169561
62732145
63294619
63857873
64420204
64983380
65546353
66109721
66672649
67234961
67798441
68394665
68958433
61017732
61001248
61001827
61001737
61001881
61002625
61002751
61002859
61002713
61002949
61002185
61001609
61002892
61001947
61002220
61002971
61002222
61003022
61002031
61080769
61544033
62072993
62535770
63064087
63627614
64224533
64787468
65349391
65912372
66507491
67072104
67634628
68229482
68827573
69388347
61002489
61003806
61003879
61002693
61002601
61003876
61002702
61003808
61004095
61003250
61002728
61004105
61002901
61002858
61004091
61004377
61003504
61003512
61004248
61213061
61742464
62305134
62866966
63429792
63993614
64556390
65119293
65648334
66211416
66774501
67336554
67900098
68462411
69060318
61004080
61003754
61004065
61004830
61004964
61004129
61004781
61005127
61004504
61004262
61005127
61005204
61005300
61004283
61004265
61004062
61004761
61005168
61005404
61048511
61546129
62075152
62637007
63199536
63763097
64325833
64888852
65451798
66015007
66577074
67140391
67702630
68266002
68762263
69324391
61005358
61004703
61006069
61005170
61006045
61005647
61005074
61006200
61005217
61005819
61005001
61005596
61005231
61006472
61005417
61006388
61005255
61005812
61017340
61479910
62009847
62537954
63100795
63698048
64260746
64822559
65385555
65983065
66543841
67107235
67705097
68266062
68863993
69425912
61007258
61006999
61006879
61007017
61006848
61007062
61006354
61005808
61007164
61006062
61006142
61006663
61006166
61006592
61006422
61007358
61007594
61007456
61007293
61316563
61845785
62374037
62936567
63500064
64029424
64592493
65154654
65717563
66280723
66844283
67406232
67970659
68532761
69095264
61007698
61006860
61008144
61007098
61008201
61007415
61007116
61008365
61007150
61008268
61007190
61007667
61007531
61008280
61008604
61007283
61008516
61008644
61007665
61118390
61648810
62176622
62739016
63303051
63865731
64428577
64924206
65421334
65952471
66414142
66978663
67539455
68103135
68701031
69262071
61009176
61008368
61008152
61008861
61008204
61008161
61009482
61008595
61008502
61009408
61009500
61008499
61009419
61009786
61009073
61009515
61009794
61008507
61009625
61351927
61879858
62443159
63004441
63568114
64130687
64693516
65290653
65852149
66414964
66978453
67573525
68171093
68767957
69328772
61009216
61010150
61009207
61010729
61010556
61009531
61009179
61010631
61009569
61010642
61010643
61009800
61010687
61009558
61009464
61010764
61009920
61010000
61021083
61484264
62012858
62575262
63138558
63701022
64263811
64827206
65389907
65952930
66547978
67112611
67675187
68237131
68835027
69396155
61010583
61011462
61010513
61011434
61011550
61010729
61011622
61010326
61011470
61010390
61011771
61010995
61011665
61011981
61011028
61011753
61011887
61011961
60988918
61452187
61982209
62510219
63072742
63635936
64165656
64695647
65259854
65821921
66383865
66947080
67543472
68105841
68667841
69231534
61011222
61012542
61011741
61011741
61012628
61011707
61012619
61012847
61012026
61012288
61012871
61012724
61013062
61012223
61012973
61011936
61012919
61013163
61012223
61387219
61950232
62512368
63074880
63604155
64166931
64729640
65292688
65854696
66418123
66981258
67577536
68141152
68669370
69266960
61012418
61012116
61013455
61013662
61012905
61013776
61013750
61013579
61013823
61013881
61013342
61012795
61013990
61013916
61012862
61013935
61014241
61013348
61014039
61256757
61786016
62348637
62910784
63473448
64035086
64598889
65195216
65756912
66354368
66916674
67512797
68074993
68670521
69268336
61014640
61013463
61013877
61014065
61014909
61014941
61014918
61014435
61014168
61014802
61015038
61013970
61014949
61021148
61021235
61020320
61021146
61021174
61019883
61362548
61858545
62320980
62883635
63446649
64009131
64571849
65134903
65631987
66096006
66658234
67221151
67819023
68379931
68943627
61034975
61020593
61021134
61020515
61021783
61020616
61020752
61020896
61022006
61021141
61021330
61020617
61021914
61020879
61020764
61022098
61021378
61021161
61022245
61065722
61529827
62057615
62619815
63184243
63747017
64309793
64872791
65435837
65997777
66559972
67157471
67719865
68281970
68879866
69440698
61022744
61022950
61021786
61022723
61022712
61021852
61021969
61022763
61023007
61023094
61022918
61023095
61023169
61022318
61022427
61021966
61023110
61022567
61023263
61331422
61860571
62390052
62952211
63514824
64078525
64675030
65237780
65800646
66362838
66926164
67488178
68085724
68647710
69210415
61023886
61023964
61023822
61024130
61023148
61023084
61024100
61022973
61022914
61024088
61024457
61023727
61023447
61024159
61024424
61023060
61023463
61024448
61023402
61100741
61597244
62126519
62688091
63251289
63814121
64378169
64939903
65503365
66066281
66628338
67191367
67755195
68351269
68915161
61024414
61025196
61024330
61025020
61025291
61025362
61025135
61025284
61025469
61025440
61025323
61024819
61024229
61025572
61024619
61025438
61025608
61024808
61026088
61070152
61532192
62061306
62590051
63153232
63715982
64278978
64876112
65439132
66000915
66563222
67126446
67724211
68285102
68883196
69443939
61026161
61024959
61026187
61025284
61025338
61026216
61026404
61026263
61025221
61025917
61026405
61025384
61026324
61026619
61025479
61025978
61026495
61026739
61069903
61567513
62096494
62658350
63187548
63750644
64314249
64877217
65440193
66002113
66564481
67127625
67725401
68286537
68816793
69312897
61027409
61026438
61027254
61027460
61026494
61027722
61026811
61026608
61027824
61027707
61027973
61026472
61027765
61027100
61027094
61028175
61026699
61027835
61027217
61403127
61930955
62494259
63055547
63618811
64181587
64744859
65341979
65902675
66500195
67062323
67625059
68222243
68784979
69381075
61027579
61027110
61028364
61027115
61027233
61028428
61028542
61027655
61027695
61028632
61028758
61028773
61027520
61027894
61028929
61027962
61028225
61027593
61028928
61270799
61800839
62328842
62891287
63453936
63951827
64480631
65044689
65607745
66170913
66734244
67295073
67858737
68454948
69018721
61028794
61029548
61028864
61028144
61029513
61028381
61028389
61029630
61028498
61029165
61029711
61030006
61028689
61029845
61028727
61029348
61028593
61029906
61029135
61106687
61602391
62131710
62693700
63256847
63819667
64382467
64945729
65508606
66106051
66668019
67230497
67793598
68390052
68952577
61044029
61029639
61029631
61030579
61029367
61029442
61030710
61030842
61029903
61030095
61030099
61031298
61030982
61029902
61029850
61030029
61031165
61029789
61031070
61031219
61404954
61935448
62463800
63025734
63589133
64151999
64716263
65279326
65840063
66403151
66966505
67562831
68126447
68688455
69251959
61031692
61031822
61031535
61031771
61031058
61031784
61030610
61031695
61031982
61031002
61030709
61032043
61032117
61031852
61030874
61031287
61030834
61032257
61032361
61340180
61803304
62366626
62929013
63490523
64053626
64651337
65213367
65776375
66339560
66902042
67464007
68061527
68622369
69186322
61032764
61032728
61032667
61032908
61032272
61032342
61032336
61032133
61031378
61032990
61033075
61031938
61032911
61033206
61032549
61032327
61033047
61033545
61032221
61109597
61639002
62169398
62697075
63260012
63857193
64419961
64981853
65579080
66140971
66703653
67300565
67862998
68424901
69023091
61033085
61033799
61033173
61033668
61032695
61033791
61034099
61032906
61034062
61034234
61033247
61034185
61034245
61034082
61034347
61033487
61034229
61034457
61033216
61111134
61641461
62169026
62731402
63294248
63857208
64454193
65016208
65579149
66176331
66738344
67301715
67765082
68326945
68925099
61034237
61034315
61033790
61034939
61034066
61034957
61035162
61034212
61035298
61034451
61035060
61035390
61034783
61034401
61035245
61035297
61035134
61034105
61034700
61245287
61707288
62270548
62833242
63395831
63958613
64520275
65117329
65679249
66242659
66805859
67367673
67965584
68527694
69090305
61035610
61035168
61035831
61036096
61036166
61035875
61036052
61036118
61035422
61035193
61036019
61036314
61035030
61035097
61036418
61035451
61035531
61036367
61036558
61112845
61609070
62172478
62635350
63164234
63727312
64289685
64852742
65415798
65979103
66575371
67137781
67701216
68297292
68859855
69422173
61036003
61036680
61037197
61037425
61036029
61037392
61036836
61036449
61037370
61037561
61037857
61036348
61036865
61037422
61037615
61036673
61037628
61037711
61015231
61477808
61975176
62503011
63066811
63630201
64158625
64721723
65284539
65846553
66409691
66973059
67535430
68099017
68695062
69258911
61038254
61036938
61038076
61037048
61037209
61037407
61038730
61038349
61038436
61038252
61038590
61037774
61037798
61037889
61038441
61038749
61037441
61038728
61038836
61215454
61711533
62273403
62802271
63364969
63961841
64523397
65086546
65649551
66246869
66809397
67405264
67968936
68529757
69093685
61038745
61038455
61039169
61039396
61039418
61038162
61039438
61039501
61038822
61039361
61038297
61038254
61038839
61038388
61038929
61038492
61039701
61039778
61038948
61083265
61613753
62142632
62704617
63233584
63796373
64359272
64922269
65485355
66048486
66610173
67173917
67705444
68233388
68797125
69359126
61039286
61039818
61039911
61039662
61039268
61040670
61040664
61039551
61040699
61040717
61039585
61039975
61041037
61040917
61040673
61040917
61039985
61040140
61039996
61217632
61745470
62307527
62871366
63399854
63962665
64525198
65088166
65651126
66214454
66779159
67340110
67706238
68068761
68598886
69062265
61040407
61040999
61040156
61041715
61040397
61041734
61041156
61040617
61041854
61041839
61040425
61041810
61040988
61041135
61041927
61042209
61040900
61041938
61041188
61217656
61714864
62244054
62806757
63335361
63897994
64461035
65024551
65487528
66051987
66613942
67175935
67739765
68335789
68899788
69460381
61042572
61042779
61041537
61042871
61042805
61042220
61041804
61042907
61042849
61042625
61041657
61042284
61043053
61043077
61042116
61041874
61043101
61043213
61020820
61483494
61979446
62542814
63105326
63668728
64131215
64695344
65223364
65820573
66382413
66946148
67507796
68071251
68667611
69230141
61043853
61043504
61043788
61043270
61043634
61043854
61042632
61044012
61043249
61043162
61043315
61042904
61043903
61044045
61043362
61043327
61044141
61043522
61043391
61252806
61716123
62245479
62809027
63371635
63934452
64463033
64993074
65557166
66119346
66681226
67244631
67842253
68410629
68974739
61066899
61050311
61050665
61051597
61051736
61051798
61050569
61051185
61050883
61051785
61051868
61050780
61050563
61052181
61050989
61051171
61052074
61050886
61051038
61128345
61657582
62187734
62715412
63278866
63842476
64405629
64967228
65530442
66127740
66688623
67251788
67848502
68410513
69008617
61065747
61051238
61051862
61051603
61052633
61052906
61051626
61052793
61052668
61051588
61052138
61053279
61053030
61053169
61052028
61053094
61053226
61052252
61053009
61097574
61592640
62055238
62584585
63147380
63710370
64274564
64803239
65366437
65928251
66491418
67055935
67616794
68180266
68744224
69306096
61053517
61053745
61053152
61052982
61054117
61054143
61053946
61052490
61053757
61054016
61053410
61053424
61052773
61054113
61054296
61053916
61053042
61053548
61054175
61262745
61793220
62321273
62883923
63446387
64009229
64572041
65136198
65665124
66228217
66791635
67353358
67917049
68413139
68910459
69472724
61055082
61054794
61054994
61053776
61054752
61054966
61053690
61054104
61054256
61054890
61055295
61053944
61054069
61055214
61055401
61054418
61054506
61055239
61055585
61364751
61860790
62389983
62917990
63481807
64010430
64573055
65136087
65665990
66229049
66792887
67354546
67918225
68480031
69044006
61055118
61056038
61055398
61055835
61056108
61055944
61056129
61055472
61055930
61056195
61054887
61056208
61055415
61055330
61056267
61056315
61056325
61056586
61056236
61165695
61662075
62192399
62721317
63251537
63748239
64276802
64839574
65402621
65967136
66494752
67058227
67653702
68218081
68781685
69342601
61057115
61055953
61056488
61056303
61057154
61057382
61057222
61056135
61057376
61056140
61056620
61057340
61056260
61057449
61057685
61056849
61057561
61057840
61056582
61398767
61894720
62456710
63020399
63583715
64145417
64709021
65237563
65800379
66363826
66926971
67488994
68053730
68615730
69178441
61057416
61058077
61057283
61058073
61056898
61057432
61057557
61058300
61058086
61057135
61057724
61058343
61057322
61058254
61058592
61057977
61057583
61058753
61057506
61334800
61862515
62424715
62987187
63550241
64147491
64709401
65271227
65834558
66431747
66994118
67590163
68152478
68750523
69311478
61059113
61059353
61058434
61058031
61059178
61058444
61059336
61059417
61058588
61059506
61059560
61059635
61059540
61059529
61059382
61059669
61059007
61058575
61059803
61269532
61798542
62327808
62856432
63418681
63982886
64545662
65108622
65637425
66200603
66763888
67360279
67923692
68485000
69048392
61059639
61059351
61059065
61060445
61059257
61060457
61059922
61059276
61060619
61059572
61060471
61060758
61059697
61059852
61060048
61059696
61060593
61060805
61060148
61236718
61699262
62228264
62790840
63353622
63916131
64479323
65041875
65604958
66168067
66730814
67327523
67891363
68452318
69050243
61076384
61060171
61061591
61060485
61060483
61061842
61061672
61061517
61060555
61060995
61061367
61060745
61061626
61060549
61061379
61061883
61062017
61061000
61060683
61172431
61635883
62164796
62726780
63289286
63818527
64381507
64944556
65507614
66070722
66632777
67196155
67793896
68355920
68919420
69480430
61062443
61061434
61061407
61062784
61062734
61062044
61061734
61062110
61061531
61062175
61061729
61061940
61062838
61063039
61063054
61062371
61061859
61062540
61063373
61372330
61834818
62363743
62926561
63489121
64017593
64547629
65011327
65574462
66137649
66733786
67296280
67859994
68454747
69018764
61062795
61062950
61062447
61063803
61062858
61063894
61062512
61063148
61063156
61062659
61062689
61064154
61063174
61063094
61064351
61064247
61062896
61064277
61064372
61240877
61736954
62264821
62827453
63390124
63954144
64482806
65045760
65609765
66138768
66700891
67264132
67827638
68424049
68987791
61064007
61064292
61063868
61065026
61063978
61064985
61063746
61064392
61064993
61065187
61063836
61065302
61064594
61064258
61065318
61064165
61064328
61065565
61065330
61021873
Peak: 69671092
Average: 61835645.359620556
