0
282992
590558
682075
1627120
2273368
2588669
2955731
3539489
3822950
4469427
5175217
5352027
5699160
6176048
6642868
7087185
7337355
7735013
8299905
8822791
9270910
9364230
9516633
9881171
10634022
11084728
11663849
12381862
12709716
12993535
13497244
14036863
14522935
15079341
15601708
15941842
16255849
16468571
16604207
16674769
17019358
17183633
17470560
17858866
18010880
18240620
19533020
19350471
19535330
19643951
19645847
19885402
20067236
20220894
20390406
20776126
21317394
21702224
22126583
22662713
23197756
23415050
23829952
24177049
24371716
24518975
24700731
24898605
25070124
25381974
25785905
26107485
26585175
26963731
27577737
28257327
29119182
29785268
29878470
29883862
29886446
29900563
29912100
30063663
30504833
31173393
31440676
31758271
31929564
32226941
32303512
32387088
32448377
32548157
32582312
32909696
33244317
34282916
33812638
34300569
34513814
34595973
34641879
34613287
34695679
35003845
35158244
35730738
35828131
36230257
36707530
36778779
37037163
37634613
37736293
37940368
38334849
38334711
38334900
38334836
38197971
38611357
38810654
38994568
39075814
43066148
43079786
43351251
43405294
44008586
44077543
44136968
44195202
44234229
44285384
44342847
44423636
44478585
44528136
44585348
44582308
44818794
45011509
45117754
45560729
45766704
46022432
46614423
46769957
46807003
47018382
47101864
47160587
47382013
47461005
47565744
47742983
48044413
48228560
48256868
48510434
48607063
48872332
49311509
49408466
49571919
49659193
49845170
50089828
50188020
50273857
50298113
50313169
50346913
50398991
50452184
50529437
50661264
50738278
50795314
51007952
51362792
51467961
51765497
52031264
52409941
52552693
52872203
53160195
53630514
54247171
54451633
54522911
54605436
54595970
54652656
54795031
54933308
54977307
55030085
55468430
55870729
55967000
56449541
56842596
56926439
57188267
57369837
57453259
58786418
57811280
57941893
58091951
58180156
58378457
58603983
58466432
58524862
58502564
58884546
59621848
59777813
59864421
59935773
59992245
60032829
60219128
60256423
60828794
61760172
60815627
60871106
60679108
60685874
60691021
60693707
60696712
60696581
60698854
60698920
60698669
60699535
60700740
60703164
60704388
60704901
60705347
60705436
60707789
60708903
60709845
60712303
60713479
60713560
60713962
60713574
60716107
60716882
60717315
60717529
60718381
60719294
60719138
60719374
60720237
60721345
60720367
60719286
60721685
60722021
60722359
60721258
60723680
60722082
60725271
60723003
60725619
60728704
60727148
60729560
60730662
60729405
60731260
60732131
60732748
60733306
60731895
60734574
60732839
60735478
60735949
60734944
60735064
60735887
60737915
60738924
60738732
60739124
60740506
60739927
60740310
60738815
60740935
60741461
60740101
60744933
60745604
60744125
60746372
60747225
60745358
60747783
60748696
60747035
60747602
60748364
60750619
60752162
60751120
60751412
60752998
60750143
60750802
60752982
60754507
60753650
60752075
60754498
60756364
60755241
60754652
60756490
60758645
60758070
60759996
60759506
60758034
60760398
60761693
60760649
60761207
60759335
60759967
60762184
60760312
60760879
60761435
60763700
60765344
60763801
60762705
60765037
60763348
60768018
60766514
60766819
60765304
60769474
60768098
60768370
60771808
60773756
60771761
60770740
60773078
60771226
60771752
60773181
60774315
60772762
60777106
60774507
60775667
60773901
60777986
60776570
60776690
60777243
60775580
60775972
60778227
60780930
60778882
60779458
60777664
60777867
60780315
60779623
60778791
60783309
60783952
60784625
60787591
60784428
60783551
60785857
60784461
60784634
60785386
60787339
60789911
60787778
60788370
60787362
60787181
60787522
60789975
60792710
60790312
60790723
60789041
60790608
60791470
60790102
60795491
60790931
60792908
60798254
60794266
60794827
60796584
60797175
60795418
60795730
60796314
60798411
60798707
60801727
60802746
60797568
60798412
60798448
60800668
60804379
60804467
60800361
60802465
60802234
60806126
60801142
60803036
60803463
60804275
60808009
60804492
60803578
60807904
60808628
60808927
60812085
60807443
60809446
60808237
60810567
60810941
60809902
60815956
60812233
60812472
60813005
60813253
60816874
60813743
60812658
60812901
60813534
60813109
60815572
60819802
60815533
60816128
60816804
60820737
60817359
60817517
60816100
60824636
60825054
60819675
60820482
60822459
60826302
60821095
60821851
60821835
60822199
60824396
60824695
60824291
60825581
60830207
60824085
60824357
60825472
60827021
60827324
60831648
60828019
60828064
60828761
60833575
60828659
60827855
60829716
60833833
60830897
60831224
60833620
60832035
60834293
60833432
60839215
60835098
60836060
60835948
60840527
60841605
60834989
60836667
60836350
60839016
60836996
60844260
60837354
60843969
60845113
60845476
60839420
60840794
60841258
60846014
60841132
60840348
60842743
60843295
60850588
60844495
60851849
60846799
60845666
60847849
60845958
60852769
60853994
60854578
60854026
60847558
60849062
60849324
60850322
60850952
60849014
60849356
60850383
60851829
60850132
60850482
60857788
60851157
60853002
60853842
60854794
60854416
60860383
60857108
60856143
60856706
60858539
60856496
60859347
60864906
60857594
60858311
60860295
60858332
60858907
60859481
60861469
60859428
60867970
60860308
60861986
60863096
60861792
60863440
60863942
60869370
60870666
60864698
60865653
60865374
60870951
60872028
60864837
60867872
60869509
60868797
60870801
60869939
60877368
60869614
60870639
60871005
60870536
60873261
60906266
60890092
60896896
60896770
60890888
60890285
60892647
60898785
60891282
60893780
60893368
60892592
60894627
60895222
60901325
60895667
60895862
60896340
60896526
60899719
60899940
60907051
60907674
60901258
60900655
60900212
60900735
60901247
60903665
60910832
60902134
60903859
60903195
60903467
60904583
60905794
60912683
60906206
60906353
60907104
60907301
60913860
60907748
60900342
60899613
60901470
60900345
60909119
60903932
60904975
60903879
60906195
60913133
60904680
60905357
60905392
60907433
60907935
60908806
60908297
60908826
60915721
60907346
60908675
60909890
60908123
60908492
60911521
60911865
60911954
60912538
60912286
60913051
60920360
60913251
60913774
60914354
60922377
60917030
60915862
60918103
60916302
60916574
60916916
60917528
60919538
60919972
60918010
60918403
60920803
60919176
60921540
60928915
60919995
60921190
60922529
60922983
60930458
60921537
60923249
60922571
60925048
60924721
60933153
60924698
60923948
60925997
60936290
60927147
60928249
60927801
60930138
60928121
60932498
60938722
60939741
60940437
60932053
60932225
60932829
60933197
60941156
60931658
60932215
60934312
60942735
60943359
60933231
60934223
60935583
60936355
60934410
60944954
60936543
60937263
60937373
60938073
60938656
60949344
60941325
60940045
60942022
60940880
60951173
60942555
60943099
60943874
60941848
60953424
60944528
60944867
60945252
60945658
60954260
60945489
60946076
60945828
60947901
60946564
60957481
60957452
60947218
60948336
60947964
60950147
60948522
60962458
60953314
60953189
60954223
60952645
60963858
60954482
60953602
60955801
60953775
60954130
60954759
60955679
60955594
60957440
60956111
60957944
60958459
60958779
60957055
60968047
60958997
60958161
60959993
60958816
60959853
60960698
60961251
60970602
60971581
60974720
60962965
60963693
60963584
60964989
60966145
60964942
60966895
60964670
60976488
60976493
60967050
60965952
60966203
60967683
60968047
60967019
60969514
60969762
60967991
60968258
60969047
60969319
60970781
60969764
60969889
60970233
60972186
60970484
60983351
60975933
60975906
60976510
60976803
60977078
60975205
60977616
60975655
60988343
60977762
60976834
60978924
60979261
60979547
60979559
60980115
60979154
60990655
60980255
60979231
60981191
60981750
60982067
60992786
60980640
60993682
60982240
60994376
60981880
60982847
60984327
60987331
60988614
60999773
60987064
60999901
60999984
61001061
60990315
60988549
60990760
60988873
60991475
60991678
60992073
60991082
61002730
61003074
61003674
60992719
60991874
60993923
60993948
60994617
60992669
61006229
60995192
60995312
60996025
61006623
60997315
61010675
60999635
60997992
61000284
61000408
61001084
60999270
61001570
61002309
61000032
61002184
61002243
61002711
61001924
61001384
61014254
61015143
61015705
61002339
61003727
61002914
61004202
61005160
61005836
61003956
61006486
61004381
61018264
61018784
61006499
61019749
61021975
61008975
61023437
61011846
61012070
61010438
61023787
61012316
61011422
61011831
61014411
61013920
61014507
61014539
61015030
61026519
61014382
61027555
61014028
61015471
61015815
61015733
61017001
61017575
61015643
61030500
61018490
61016679
61019037
61017607
61019525
61022574
61034970
61020917
61023282
61023255
61023918
61024145
61024465
61024764
61025039
61037337
61023368
61025274
61024062
61025051
61026647
61024963
61027410
61028696
61027866
61029248
61029661
61029912
61030112
61042244
61028593
61029985
61030408
61030175
61031637
61034947
61034051
61033515
61047886
61035334
61034448
61036560
61035225
61037113
61037498
61050590
61035857
61037153
61039051
61036995
61038825
61039385
61039671
61039569
61040061
61038276
61053578
61040279
61039125
61039400
61041766
61041824
61040597
61042337
61042839
61043578
61046111
61046483
61046631
61046530
61047113
61045688
61047360
61047940
61046342
61049069
61048825
61049172
61062466
61049750
61047710
61063173
61049821
61048992
61048979
61051140
61051150
61049878
61050095
61052428
61050509
61065866
61066168
61067309
61067202
61067309
61052259
61056728
61072227
61059281
61057988
61057299
61058254
61073583
61060331
61058463
61060966
61059554
61059778
61060013
61062046
61060584
61061642
61062463
61063067
61063328
61063696
61077477
61062194
61077935
61064255
61063255
61065391
61063927
61065207
61066231
61066416
61066891
61080596
61065363
61069141
61068924
61069948
61069796
61070352
61070481
61070394
61072442
61070859
61073035
61072939
61073555
61071723
61088651
61073838
61073030
61074812
61073227
61075486
61073742
61073968
61077468
61091696
61077194
61076942
61078558
61076770
61079041
61079388
61093862
61077849
61097707
61098241
61098345
61081601
61098923
61099389
61099363
61082411
61099305
61084680
61083642
61085675
61084748
61085968
61086511
61086862
61087079
61102149
61103143
61086001
61086198
61087156
61087568
61089196
61087803
61089667
61090032
61104970
61088695
61090668
61089030
61091778
61094195
61093749
61094691
61094888
61093752
61093955
61095771
61094069
61112189
61111780
61112935
61112894
61113476
61097511
61096297
61097386
61098662
61114012
61114250
61115111
61097650
61098512
61100215
61100220
61100468
61101133
61099107
61099500
61100303
61104776
61105096
61105533
61105757
61106005
61106349
61106689
61105315
61123344
61105382
61106518
61107342
61108308
61106772
61108643
61106955
61107297
61108165
61110002
61109407
61110501
61108876
61109224
61109265
61127615
61111237
61109970
61128960
61112077
61110977
61111150
61114140
61116047
61131069
61112576
61114477
61131607
61113366
61131776
61113920
61132449
61114505
61115206
61117167
61115825
61117740
61117927
61118305
61118443
61118763
61119086
61119382
61135392
61136836
61119973
61120197
61120141
61119162
61119167
61119627
61121700
61122140
61141259
61123402
61141860
61123748
61124900
61126249
61126620
61126719
61127265
61143702
61145107
61146699
61146379
61127747
61129176
61129547
61129612
61130753
61131268
61148564
61129928
61130234
61130281
61132574
61132918
61132739
61131862
61133734
61133486
61132966
61132518
61137645
61135649
61138138
61154853
61156158
61138404
61139019
61139312
61137699
61139820
61138979
61157745
61139721
61158483
61139265
61141542
61141542
61142167
61142463
61142687
61140486
61160499
61161374
61143574
61142003
61142593
61142763
61144698
61142969
61145165
61148139
61147116
61165766
61146797
61149149
61148952
61149840
61149664
61149280
61149883
61149430
61151534
61151655
61151924
61151089
61169910
61151974
61171371
61151085
61152974
61171712
61151952
61152890
61154205
61154698
61152914
61155392
61174213
61155369
61154489
61156457
61157700
61159232
61160082
61178051
61158478
61178766
61160422
61160101
61161945
61160867
61162227
61162873
61160952
61181915
61162501
61181839
61182055
61182563
61182859
61183592
61184237
61184181
61183952
61184895
61184212
61184757
61166136
61165445
61167440
61166376
61167671
61170864
61189290
61190557
61169643
61169914
61171087
61172511
61171210
61173166
61173432
61192930
61172003
61193607
61172479
61173639
61174903
61175199
61173961
61175849
61176121
61176369
61177034
61177063
61176653
61177885
61178088
61176102
61198122
61178628
61179084
61178580
61182180
61182281
61181988
61180810
61202465
61181115
61182285
61182488
61183528
61184464
61184539
61185167
61183168
61205424
61204710
61206080
61185826
61186461
61188366
61188683
61188999
61187498
61189221
61189726
61188899
61187920
61190435
61190742
61191182
61191389
61191609
61193408
61214205
61194440
61193763
61195671
61196039
61196219
61196655
61196879
61216798
61195278
61197719
61198018
61198137
61196374
61196910
61218667
61219478
61197489
61198659
61219843
61220723
61220323
61220448
61198944
61199189
61199539
61201805
61200378
61202283
61202576
61225170
61226453
61225762
61226146
61205933
61205512
61206642
61207311
61207722
61209723
61208944
61210493
61210819
61211022
61211363
61211566
61210566
61212155
61211155
61212613
61211080
61212208
61211631
61212714
61234089
61212205
61212604
61214994
61215286
61215633
61213872
61214856
61216856
61217331
61217304
61237720
61215421
61238648
61216163
61216281
61217993
61218749
61219462
61217568
61219907
61220343
61220400
61220720
61218840
61219288
61219487
61222003
61222227
61243580
61222717
61221521
61221305
61221359
61244438
61223228
61222921
61224239
61224705
61225945
61225873
61225995
61226264
61226604
61228758
61227310
61228573
61229733
61227808
61228979
61228409
61252190
61252889
61252414
61229524
61230977
61231835
61232429
61231564
61253929
61231169
61254526
61254880
61255249
61255582
61255736
61232764
61234979
61233417
61234952
61236465
61236689
61238993
61261606
61237406
61239265
61239537
61239113
61238665
61241050
61240068
61239433
61241815
61242753
61242043
61242785
61243467
61243044
61243439
61241440
61243908
61244252
61242558
61244641
61244886
61243326
61267912
61243644
61243923
61245734
61245136
61244753
61249655
61248334
61249539
61250481
61249047
61251061
61251094
61251291
61251814
61251159
61251345
61276350
61252273
61276713
61277570
61253017
61253361
61253534
61255988
61255743
61279113
61254670
61254969
61257321
61256038
61257348
61257241
61257185
61256669
61258826
61257594
61261858
61262360
61262334
61262845
61263162
61285793
61286623
61262129
61262054
61262302
61288009
61262854
61263750
61265526
61265678
61264452
61265306
61266444
61266662
61267293
61267415
61267687
61267911
61266097
61291318
61266737
61267766
61292134
61292673
61292486
61267980
61272049
61272870
61273519
61271560
61274015
61272238
61274626
61274895
61272995
61275477
61273665
61299400
61275507
61275286
61276430
61277055
61275161
61277575
61277775
61275878
61301548
61276473
61301980
61302854
61303617
61303822
61277872
61278134
61279870
61305155
61305174
61283257
61282919
61284142
61284436
61285030
61285380
61283788
61285861
61286093
61309832
61311184
61286872
61286662
61287129
61286657
61286679
61286999
61287244
61287084
61288094
61288441
61289323
61289876
61290234
61290458
61290692
61315075
61289455
61290368
61291849
61292117
61293854
61295226
61293645
61295763
61295946
61296060
61296370
61296738
61297246
61297371
61296010
61322535
61322402
61322930
61322999
61297067
61324282
61297335
61299762
61299894
61300306
61300489
61298893
61300602
61299263
61299487
61326551
61326818
61301743
61301810
61302631
61303286
61305293
61306299
61305272
61306658
61306858
61307346
61307498
61307880
61308353
61308485
61307480
61306935
61307185
61307431
61334297
61307935
61308996
61309868
61310844
61309908
61311154
61311540
61310158
61312111
61312260
61312559
61312828
61313007
61313375
61311864
61339606
61342517
61316375
61316412
61315939
61316112
61316051
61317428
61316876
61317193
61318817
61319123
61317947
61319595
61320100
61320166
61320339
61320799
61319120
61319539
61321336
61320169
61319868
61322148
61320793
61322169
61321031
61323093
61324754
61325125
61351174
61352313
61352519
61355639
61327538
61355901
61328201
61328378
61356027
61328842
61329290
61329362
61357234
61358341
61358418
61358255
61330607
61332959
61332431
61333527
61333679
61333335
61334253
61333909
61334695
61334570
61334701
61334031
61334594
61335882
61336253
61334666
61336725
61336994
61338200
61340349
61340707
61340958
61341135
61341379
Peak: 62098426
Average: 57848568.44213974
