0
136876
171170
535860
870763
1197041
1656328
2368875
2667768
3034863
3539152
3902442
4383500
5153952
5565627
5753642
6223932
6679093
7166888
7416295
7811542
8351300
8572399
8999230
9356215
9441275
9612519
9957229
10672034
10985792
11656457
12277489
12628779
12886815
13364379
13833644
14399805
14714673
15194425
15685638
16019370
16406746
16543833
16673824
16753891
17098081
17262932
17551096
17934657
18076024
18302739
18994928
19127286
19451526
19628824
19728195
19730635
19963861
20143866
20278578
20426160
20594139
20933230
21404280
21810965
22193893
22622113
23278545
23543719
24016476
24305278
24449962
24473453
24633836
24780787
24979545
25150854
25462587
25751477
26079585
26650313
26902107
27388259
28036622
28861273
29513290
29955335
29958303
29964335
29966511
29980816
29992347
30143511
30585678
31254260
31514299
31752964
31928927
32098843
32342613
32397039
32443459
32530315
32572900
32661705
32877680
32984421
33445084
34363179
33887064
34378718
34498675
34675651
34721663
34738649
34775488
35080947
35187576
35806016
35900037
36225149
36788257
36859334
37101135
37520318
37804292
37990686
38414625
38414648
38414978
38414839
38252255
38699858
38785872
39035724
39157020
39245296
43193911
43206241
43504869
43522285
44119905
44157581
44216084
44274088
44332461
44354152
44433643
44465218
44530391
44587474
44642581
44660771
44897436
45108611
45195094
45638014
45843879
46099571
46637886
46839470
46878252
47061323
47127564
47211341
47397749
47485107
47581058
47661556
47979290
48112697
48354858
48557954
48648215
48792165
49072180
49202780
49242485
49369093
49406744
49373907
49511178
49634903
49692410
49907938
50163277
50251524
50338415
50362215
50376535
50410335
50457971
50515365
50583758
50719963
50767864
50859263
51072231
51427961
51537697
51840513
52098377
52456117
52545154
52889271
52941975
53669324
54171115
54412458
54524727
54571258
54619215
54696034
54866038
54900491
55018436
55052502
55189496
55098261
55544600
55834948
56009102
56100596
56559617
56945945
56979621
56973956
57354351
57476814
58649221
57724658
57999285
58137461
58196968
58128076
58450640
58465043
58487361
58572470
58904970
59652925
59834082
59923714
59999690
60057546
60101967
60285959
60322843
60372425
61375502
60937223
61256622
63586048
65914529
68410958
70738141
73232827
75559482
78054494
80381432
82875960
85203205
87698702
90026851
92354225
94682710
97177087
99502417
101830568
61129216
60922469
60926974
60928696
60928622
60929703
60929601
60931316
60932089
60932771
60933222
60933791
60933375
60933096
60934300
60933572
60934390
60934536
60934120
60933267
62075098
64401908
66729844
69055028
71382100
73710343
76036666
78363778
80691175
83018690
85345202
87673052
90000692
92327236
94822621
97149194
99309442
101637845
103775811
60935618
60936096
60935682
60935437
60936200
60936474
60936787
60935479
60936669
60935543
60936065
60935508
60937025
60935647
60935575
60937070
60937162
60936338
60935662
62244509
64571582
66899062
69225438
71385352
73713129
76039649
78368046
80695569
83023156
85349516
87509984
89837756
92164390
94492367
96819145
99145441
101473641
103779096
60939089
60938934
60939023
60939073
60939046
60939112
60938437
60938173
60938708
60939577
60938464
60939490
60939697
60939830
60938568
60939023
60939583
60939913
60939826
61582523
63576963
65737524
68064631
70391239
72719415
74879491
77206663
79534119
81860911
84187972
86515763
88842118
91170174
93496670
95824702
98151198
100479329
102973314
60941484
60940250
60940727
60940346
60941526
60941726
60940549
60941611
60941579
60941871
60941913
60941158
60941675
60941911
60941063
60941811
60942114
60942555
60941800
61253667
63414348
65573571
67900356
70060844
72387916
74549076
76877508
79037603
81364195
83691652
86019300
88347036
90674876
93001372
95329332
97655900
99984148
102310572
60942110
60943487
60942533
60943297
60943568
60943565
60942642
60943688
60943571
60942413
60943504
60943761
60943197
60942925
60943653
60943728
60943917
60943741
60943990
60921431
62916231
65076991
67403964
69563715
71891204
74219356
76546620
78705683
81033342
83360940
85689484
88015980
90176406
92503030
94830956
97158172
99484639
101812775
60944230
60944736
60944861
60944363
60945425
60945573
60945669
60944973
60945725
60944612
60945599
60945829
60944638
60944934
60946209
60945914
60944681
60944705
60945895
60946165
61921840
64082761
66242172
68568695
70896005
73223064
75551381
77878704
80038663
82366092
84692775
87020474
89346941
91675032
94001600
96329144
98655853
100983864
103310634
60946151
60946795
60947547
60947670
60947823
60947669
60947819
60947954
60948080
60947084
60947185
60946844
60948085
60947041
60946974
60948180
60948310
60947453
60947203
61259739
63086582
65246998
67574163
69901367
72228167
74556599
76716398
78544545
80873290
83033257
85359753
87687353
90015406
92341830
94670210
96997602
99324098
101652377
103790393
60950146
60949573
60949174
60949953
60950197
60950298
60949021
60950224
60949173
60949666
60949047
60950598
60949362
60949314
60950860
60949560
60950040
60949832
60949543
62258232
64418757
66746712
69073212
71232981
73560309
75887317
78214470
80542089
82869545
85196985
87525047
89685406
92012062
94340094
96666684
98993188
101321556
103792810
60951984
60950746
60951648
60951258
60952182
60952455
60952344
60951133
60951892
60951567
60952573
60952534
60951301
60951684
60951412
60952930
60952659
60953399
60953202
61595655
63756883
65916741
68243765
70571584
72898584
75058490
77386026
79713208
82039939
84034971
86196645
88522795
90850779
93178443
95506547
97665637
99993861
102487715
60954102
60954121
60954060
60954317
60954447
60953572
60953321
60954150
60954531
60954554
60953306
60954531
60953445
60953989
60953577
60955111
60954693
60954759
60953426
60953658
62596187
64755362
67083200
69242314
71569728
73898341
76057909
78384869
80713493
83041021
85200504
87361904
89355644
91684797
94011427
96171970
98498418
100826839
103153267
60955438
60954874
60956324
60956315
60954893
60956359
60956463
60955827
60955627
60956363
60956658
60956504
60955315
60956127
60956719
60956308
60955781
60956568
60956965
61266894
63427953
65588505
67915322
70243362
72402945
74730460
77057954
79386298
81545305
83872913
86200850
88528242
90855786
93015121
95343153
97669649
99997897
102490636
60958328
60958542
60957538
60958327
60958496
60958077
60957660
60958954
60958726
60958766
60958743
60958567
60958803
60958886
60958671
60958899
60958973
60958375
60957714
60957641
62266311
64260212
66420767
68747343
71074629
73402453
75562351
77889818
80217293
82545709
84704930
87032599
89359296
91520759
93681037
96009080
98335496
100663904
102991691
60959601
60959754
60959943
60959014
60958793
60959947
60958810
60958708
60960035
60958705
60959340
60959089
60960433
60960256
60960386
60958841
60960240
60960410
60959812
60938283
63098552
65260323
67419175
69746264
71907146
74234503
76562968
78889539
81049682
83376864
85705971
87865778
90193735
92354051
94349853
96510141
98836765
101164930
103802662
60962084
60961131
60960690
60962432
60962188
60962363
60962150
60962169
60962324
60961566
60961437
60962216
60962554
60962641
60961126
60962444
60962572
60962059
60961301
62270783
64097815
66425736
68584887
70912163
73072599
75399892
77727144
80055853
82383435
84542383
86870237
89196501
91524528
93684909
96013374
98174523
100335309
102829243
60962241
60963441
60963730
60962497
60962627
60962640
60963520
60963794
60962523
60962675
60963648
60963943
60963950
60962869
60963261
60963115
60963558
60963336
60962840
60962789
62104987
64265879
66593522
68919874
71079748
73406741
75734165
78062629
80390085
82716389
84876540
87204725
89532141
91692516
94019188
96347212
98673933
101003149
103162180
60964859
60964142
60964863
60964308
60964156
60965672
60965667
60964933
60964733
60965512
60965807
60965902
60965624
60965975
60965859
60966035
60965741
60966766
60966959
61442597
63438249
65598641
67758091
70085067
72411937
74739201
77067705
79395135
81554336
83882969
86043200
88369864
90698897
93025417
95185960
97512456
99508328
101835841
103808074
60967693
60967744
60966871
60966887
60967741
60967867
60967925
60966628
60967920
60968096
60966972
60967086
60967975
60968071
60967988
60968296
60968188
60968161
60967244
61445420
63606388
65766125
68093986
70253364
72580450
74909090
77236378
79396369
81722865
84050266
86378098
88705890
91033754
93360202
95520841
97847361
100175609
102502129
60970019
60968933
60970108
60970252
60969261
60969015
60970192
60970195
60970384
60968920
60970297
60970417
60969480
60969573
60969042
60970864
60970628
60969573
60969637
60969228
62112373
64271755
66433518
68592745
70919579
73080520
75407774
77736078
79896729
82223537
84551742
86711890
89038555
91366678
93692867
96022345
98348734
100677017
102836037
60970776
60971614
60970516
60970322
60971761
60971891
60970605
60971678
60970592
60971042
60970610
60972190
60971854
60971760
60972345
60973046
60972491
60972159
60973048
61116579
63277389
65605120
67931776
70091341
72418277
74747035
76906834
79234472
81560848
83888435
86217067
88543859
90871627
93196914
95359051
97685354
100013554
102340074
60974086
60973242
60973165
60974094
60973008
60972907
60974429
60973201
60973470
60973440
60974299
60974717
60974491
60973310
60974586
60973460
60973883
60973768
60973419
60973295
62281381
64109616
66437490
68596631
70923846
73252244
75579353
77739217
80066742
82394545
84722033
86882264
89208784
91536969
93864481
96025072
98351656
100680180
103006932
60975475
60974984
60975450
60975742
60974936
60975747
60975808
60975815
60975127
60974626
60975886
60975853
60974842
60976133
60976110
60976134
60976242
60975402
60974804
61286976
63113841
65275503
67102113
69430071
71590079
73917591
76245255
78405185
80732679
83061375
85220419
87548239
89877378
92036326
94364591
96690879
99018767
101179494
103817383
60976965
60976905
60976172
60976121
60976900
60977128
60976263
60977234
60977318
60977405
60976464
60976411
60977190
60977536
60977470
60977286
60977624
60976434
60976149
62119263
64113983
66106710
68101374
70430486
72756246
74917889
77078549
79406102
81733926
84061441
86221565
88548449
90876318
93203806
95531814
97858310
100019230
102345749
60979737
60979738
60978507
60979659
60978867
60979579
60979968
60980004
60979254
60979750
60980096
60978933
60980057
60980126
60979036
60979180
60979959
60980216
60979287
60978881
62620702
64613531
66940233
69100839
71429015
73589366
75916335
78244375
80404444
82732071
85058532
87387348
89547771
91874572
94201300
96530145
98856791
101183762
103511234
60980916
60980951
60979755
60979857
60981176
60980050
60980545
60981164
60981400
60980287
60981462
60981598
60980367
60980737
60980945
60980476
60981723
60981872
60980756
61623485
63617816
65778685
68106442
70267098
72094413
74423014
76583086
78910822
81070829
83398452
85726534
88053493
90381304
92540731
94868856
97195352
99523051
101851388
103823107
60982702
60982036
60981748
60982454
60982486
60982773
60981951
60982668
60982869
60982846
60982273
60981531
60982850
60983160
60981932
60983148
60983197
60982561
60981825
61957607
64118336
66445602
68770986
70931971
73258985
75586651
77913579
80242275
82569787
84896281
87223923
89550419
91878265
94037446
96365667
98691889
101020308
103347705
60982914
60983581
60983903
60982790
60983943
60982758
60982776
60984017
60984159
60983227
60983323
60983952
60984303
60985586
60985423
60985753
60985738
60984686
60984702
61129412
63289807
65617702
67777195
70105111
72264843
74591819
76919415
79080571
81407062
83568350
85896158
88222307
90551531
92878151
95038686
97365166
99693307
102020214
60986510
60985260
60985427
60986155
60986488
60986541
60985377
60986552
60986879
60985688
60985645
60986929
60986957
60987069
60986001
60985742
60987042
60987117
60987106
60985658
61795632
63956369
66282416
68443272
70771457
73098408
75259347
77088315
79083472
81243873
83404026
85731560
87891856
90219752
92547560
94875629
97202008
99361050
101689499
103828742
60988240
60987300
60987555
60987152
60988191
60987097
60987113
60988413
60988474
60987724
60987638
60988299
60988696
60988689
60987147
60988661
60988840
60987857
60987400
62295233
64124138
66117427
67946340
69774177
71603527
73597410
75758151
77919306
80247208
82574367
84901927
87062145
89388730
91716911
94044249
96205034
98531465
100859791
103186175
60988897
60988251
60989376
60988188
60988183
60989611
60988789
60989139
60989029
60989007
60988938
60989717
60990033
60989059
60988758
60990355
60990365
60990219
60989176
61134964
62961831
65122568
67449880
69609216
71938016
74097928
76426368
78585539
80914168
83074288
85400816
87729568
89890264
92217888
94544608
96872416
99031600
101359944
103831481
60989857
60990916
60991030
60990080
60990075
60990862
60991039
60989811
60989720
60990872
60991247
60991195
60989870
60991312
60991453
60990248
60990357
60992635
60992804
61302955
63463108
65790380
67950060
70276937
72603948
74932156
77259650
79419748
81746196
84074148
86402620
88729210
91057044
93383605
95711524
98038044
100366370
102692860
60992277
60992059
60992558
60993396
60993685
60993164
60992739
60993467
60993818
60992905
60993614
60993914
60993886
60993160
60992440
60993823
60992737
60992753
60994072
60972764
62633577
64960888
67120316
69448004
71607947
73936691
76263252
78423051
80750552
83079248
85238451
87566259
89893824
92221656
94549804
96876252
99202777
101530993
103835235
60994835
60994842
60994196
60993801
60994912
60993826
60993588
60994957
60995179
60995135
60994474
60994374
60994255
60995119
60995312
60994359
60995266
60995430
60995555
61803545
63965321
66125527
68118815
70279412
72440235
74601348
76929844
79089916
81250489
83245590
85573191
87733339
90061631
92388964
94549678
96876353
99202892
101532244
103836380
60996260
60996158
60995336
60995482
60995405
60996817
60996530
60996566
60996229
60996677
60995487
60995509
60995517
60996968
60996684
60996801
60995256
60996676
60995992
61805023
63799460
65959372
68286213
70614405
72775301
75101236
77262508
79589893
81750380
84077764
86406669
88733141
90893516
93220012
95548140
97874565
100202885
102530464
60997319
60997439
60996727
60996244
60996476
60997722
60996585
60997666
60996682
60997051
60996440
60997729
60997943
60997041
60997889
60998074
60998157
60998142
60997171
60996773
62139826
64300400
66459608
68786024
70946938
73274162
75601710
77929883
80089874
82417363
84743859
87072848
89399379
91559818
93886298
96214423
98540983
100869240
103196896
60998430
60997992
60998803
60998996
60999726
60999243
61000620
61000943
61000763
61000276
60999936
60999848
61000465
60999979
61000072
61001012
61001175
60999921
60999798
60999805
62641730
64634476
66961469
69121385
71282364
73277026
75438113
77765402
80094229
82253493
84582002
86742185
89068681
91396546
93723173
96052469
98378893
100707146
102866225
61001631
61001786
61001819
61000883
61001713
61001826
61001997
61001001
61000865
61001822
61001986
61002229
61001449
61001313
61001947
61002234
61002380
61001102
61002177
61000925
62641624
64969121
67128390
69456209
71616160
73943678
76271342
78431205
80758944
83086286
85414009
87574275
89902259
92229111
94558039
96883247
99211055
101539279
103843503
61002973
61003068
61002158
61002945
61003165
61003248
61003323
61002047
61002063
61003339
61003373
61002374
61002745
61002588
61002009
61003784
61003600
61003688
61003656
61480852
63473689
65800525
67961028
70287665
72616245
74775908
77104325
79432077
81591140
83752420
86080231
88406588
90402100
92728605
95056725
97384549
99712797
101871897
61003245
61003281
61003078
61004333
61003274
61003311
61004472
61004659
61003863
61003799
61004492
61004656
61004709
61003919
61005108
61004877
61004335
61004114
61004799
61003515
62311735
64306093
66633974
68793037
71120454
73447051
75608301
77437275
79598354
81924862
84253641
86579960
88740445
91068154
93394926
95722699
98050574
100378790
102537880
61005755
61006042
61005825
61005810
61004879
61005303
61004863
61005765
61005980
61006062
61005962
61004994
61004843
61006124
61006193
61005442
61005306
61006042
61006358
61004991
62479743
64639779
66966452
69294188
71455108
73615459
75942324
78270484
80430852
82759276
84918380
87247044
89406559
91735548
93894623
96223916
98383244
100711348
103039143
61007318
61007077
61005777
61005937
61006409
61006316
61007095
61007301
61007108
61007309
61006076
61005974
61006821
61007370
61009217
61008055
61008839
61008644
61008103
61008000
62317253
64477713
66637299
68963373
71124406
73451782
75779948
77939872
80267406
82596089
84755342
87083191
89410534
91571024
93897480
96226827
98553406
100714337
103041001
61010042
61009153
61009315
61009200
61008880
61010456
61010124
61010257
61010280
61009096
61010230
61010343
61009072
61009544
61009408
61010803
61010473
61009240
61009307
61009205
62651172
64811324
66970593
69130792
71457900
73619710
75946086
78274697
80268761
82431137
84590137
86919057
89078184
91406073
93733761
95894376
98221032
100549529
102877017
61010201
61011185
61011472
61010676
61010438
61011281
61011496
61010276
61010676
61010447
61011425
61011720
61010436
61010806
61010729
61011860
61011888
61010724
61011856
60990325
62984721
65143822
67471425
69630899
71959465
74119429
76446894
78774297
80934493
83261934
85589761
87917396
90077936
92238387
94566585
96726833
98888201
101048987
103375651
61011764
61012696
61012683
61012865
61011717
61012841
61012977
61012133
61012074
61012743
61012298
61012359
61012202
61012871
61013217
61013351
61013188
61013194
61012277
61011999
62653990
64812891
66973329
69301188
71460931
73789897
76116452
78276416
80604961
82932452
85091531
87419296
89747089
92074825
94402991
96729183
99056004
101384156
103854521
61013888
61012741
61013307
61013322
61013123
61014024
61014188
61014241
61013067
61013256
61013171
61014224
61014482
61014438
61013133
61013635
61013485
61013696
61014721
61324300
63319750
65480238
67639218
69966766
72294542
74454488
76781691
79110566
81437054
83597096
85591590
87920115
90247971
92574513
94735258
97061682
99388051
101717710
103855635
61015164
61015260
61014430
61014659
61015240
61015481
61014472
61015395
61015695
61015094
61014920
61015354
61015815
61015881
61014453
61015592
61015818
61014368
61015629
61658162
63819613
65978687
68306395
70465957
72793096
74954138
77282749
79442850
81769269
84098075
86258423
88584717
90913893
93240368
95401007
97727591
100055991
102382415
61016259
61016497
61016499
61015459
61016591
61015285
61015813
61015613
61016560
61018662
61018892
61017755
61019004
61017699
61017715
61018948
61019124
61018590
61018208
61017609
62159671
64321277
66480402
68806908
70967650
73296168
75456108
77783376
80111962
82439410
84598673
86926305
89253026
91581834
93907103
96068972
98395625
100723706
103051562
61019640
61018544
61018653
61018987
61019948
61019994
61020055
61018822
61019120
61018760
61020179
61020148
61019232
61019461
61018784
61020035
61020316
61019282
61019053
61019018
62659586
64819873
67147386
69306586
71467481
73795338
76123074
78283156
80611837
82771804
85098476
87427285
89587552
91415703
93742089
96070202
98230530
100560090
102719162
61020966
61021012
61020067
61021062
61021153
61020589
61020325
61021320
61020024
61019901
61021324
61020013
61020322
61020474
61021776
61021505
61021579
61020224
61021478
61000138
62827045
64988413
67147649
69475413
71635140
73962941
76290546
78450561
80778290
83106757
85265940
87593386
89922613
92249037
94409727
96736618
99064010
101392186
103862680
61022222
61022230
61021464
61021539
61022216
61022465
61022365
61021082
61021828
61022529
61021237
61021989
61022008
61021757
61022740
61021609
61021819
61021877
61022656
61332677
63326766
65487334
67815222
69974950
72301661
74462933
76791318
78950861
81279281
83606665
85767224
88093782
90422542
92581512
94909673
97236614
99563990
101891070
103864022
61023617
61023603
61022778
61022218
61023510
61023759
61022587
61023675
61023780
61023888
61023085
61022509
61023852
61023897
61022682
61023741
61023942
61023437
61022671
62165857
63993024
66319201
68479785
70807945
72967840
75296188
77456064
79784798
82111321
84271549
86599326
88926670
91087147
93414014
95576820
97571081
99732233
102059582
61023830
61023703
61024007
61023477
61024804
61024881
61023974
61024776
61024908
61023838
61024352
61023666
61025036
61025164
61023957
61024617
61025412
61025181
61024469
61023833
61999669
64160283
66487083
68814700
71141668
73301227
75628691
77955836
80283220
82612108
84938628
87266204
89425259
91753156
94080980
96241619
98568067
100896364
103224220
61024959
61025082
61026150
61026279
61025259
61026472
61026279
61026133
61025378
61025242
61026755
61026329
61026352
61025032
61026353
61025243
61025326
61026636
61025597
61004057
62998143
65325789
67484895
69811960
71972959
74300429
76628618
78787638
81115151
83443994
85603569
87930825
90260983
92588370
94916639
97243170
99569663
101730510
103869826
61029561
61028366
61028904
61028363
61029589
61029037
61028456
61029100
61029852
61028971
61029763
61029897
61030019
61029323
61028696
61030023
61028835
61029157
61028891
61673291
63666485
65826795
68153381
70480398
72641133
74968582
77129675
79457486
81785017
83945109
86272614
88600422
90928190
93087352
95415755
97742069
100070166
102231777
61029696
61029810
61029925
61030688
61030932
61030904
61029758
61030905
61029838
61030272
61030064
61031089
61031239
61031224
61029883
61031196
61031308
61030803
61030488
61029924
62339296
64499629
66659032
68819183
71147568
73307340
75634512
77795551
80124080
82451832
84610956
86939880
89098855
91426992
93754528
95915111
98241605
100569976
102897736
61031867
61032057
61031088
61031139
61032337
61032263
61031262
61032215
61032351
61032408
61031664
61031021
61032372
61031254
61031152
61032522
61032599
61031640
61031880
61176220
62838076
64832096
66992604
69152767
71480248
73474684
75803096
77963060
80290496
82451759
84778372
87105877
89432792
91760360
94088171
96416291
98742787
101071035
103397531
61032320
61033134
61033223
61032113
61032062
61033362
61033525
61033034
61032673
61033578
61033704
61033617
61032198
61033559
61033730
61033116
61032864
61033608
61033844
61343744
63503868
65332302
67327372
69154612
70982660
73311004
75470902
77798435
79959421
82287278
84447421
86775049
89102737
91263102
93590934
95917701
98078112
100406453
102733000
61033259
61034579
61033774
61034601
61034655
61034721
61034707
61034209
61034694
61034938
61034991
61034998
61033779
61035011
61034988
61033715
61034155
61034235
61035030
61033950
62509579
64668506
66828893
69155502
71316261
73643358
75971990
78131685
80460633
82620651
84947062
87276046
89435053
91762918
94090726
96251357
98578021
100906173
103232766
61035848
61034989
61034557
61035847
61035924
61036083
61036051
61035043
61035840
61036178
61035254
61035232
61035968
61036183
61036397
61035054
61035504
61036281
61036533
61015091
63008813
65169554
67328503
69656277
71816639
74144978
76304887
78631535
80960098
83120175
85447005
87775672
89936161
92262589
94591789
96750972
99077492
101406205
103877365
61036970
61037315
61037173
61037113
61036488
61035733
61037250
61037442
61036190
61037299
61037492
61036424
61036661
61036048
61037455
61036404
61036323
61037519
61037770
62012082
64007761
66167900
68327510
70655329
72815128
75143644
77303470
79632193
81791080
84120052
86280177
88608044
90768373
93094857
95423049
97750785
100079033
102238064
61037401
61038161
61038352
61037218
61037169
61038482
61037351
61037475
61037627
61038465
61041314
61041329
61040017
61041234
61041434
61040747
61040520
61040675
61040488
61040144
62348241
64509137
66503086
68664615
70824204
73152465
75312366
77639612
79802145
81961324
84289964
86450320
88776707
90938504
93265004
95594204
97753371
100081720
102408147
61042004
61042073
61042236
61041182
61041102
61042091
61042306
61042351
61042460
61041718
61041120
61042477
61041340
61041289
61042546
61041345
61041784
61041462
61042010
61041411
62349167
64509912
66670423
68996877
71325256
73484949
75812120
78140656
80300925
82628278
84956009
87116329
89442918
91771093
94097223
96426412
98585486
100914017
103240465
61042632
61042399
61043496
61043741
61043191
61042683
61043655
61043657
61042589
61043445
61043673
61042448
61042941
61042682
61043648
61043841
61043818
61042768
61043784
61042691
62850789
65009551
67337383
69496607
71824279
74152433
76312105
78639037
80800484
83127831
85455367
87615890
89945052
92104300
94432198
96758713
99086455
101247279
103885039
61043357
61043891
61043978
61043426
61043939
61044801
61043570
61043661
61044691
61044972
61045017
61045011
61044213
61043738
61044941
61045121
61045102
61044221
61045005
61687162
63848062
65841990
68170019
70163380
72158070
74319212
76647743
78806964
81135633
83295531
85623396
87783710
90111556
92271787
94599827
96926510
99254314
101582481
103886596
61045884
61044638
61045293
61044669
61045988
61046057
61044885
61045428
61046260
61045056
61045309
61046104
61046289
61045099
61045128
61045801
61046503
61045563
61045128
62187038
64181385
66509346
68668270
70995418
73322361
75483434
77812063
79972226
82299863
84459889
86787711
89114167
91442058
93602270
95930642
98257311
100586383
102912938
61046214
61047059
61047228
61046054
61046704
61046549
61046819
61046616
61046426
61046120
61047396
61046310
61046173
61047492
61047671
61046870
61046784
61047579
61047713
61046416
62688282
64681242
67007902
69334383
71495309
73823563
76149648
78478259
80638488
82965864
85292592
87287587
89614064
91942960
94268496
96597793
98924339
101252595
103578952
61048623
61048533
61047241
61047299
61048433
61048661
61048693
61048708
61047745
61047774
61049183
61048896
61048758
61047633
61048721
61048826
61048997
61049033
61048409
61192887
63020687
65180981
67508482
69667661
71995459
74156746
76318122
78146851
80308128
82468319
84795920
86956205
89283914
91444570
93771072
96099069
98426816
100754911
102914144
61049341
61049604
61048371
61048675
61048819
61049533
61049922
61048605
61049728
61048492
61049076
61048846
61050236
61049912
61048743
61049172
61050096
61050243
61050064
61049986
61048710
61048994
62025877
64019066
66346643
68506130
70834227
72993978
75321112
77649640
79809487
82136291
84464816
86625255
88951704
91280784
93439874
95768079
98094575
100423083
102749312
61049694
61050795
61051133
61051235
61050234
61050461
61050362
61050205
61051056
61051145
61051404
61051712
61051292
61051385
61050432
61051347
61051604
61051539
61050746
61050116
62191905
64189211
66349510
68677276
70836763
73163983
75492140
77652286
79979876
82307535
84467793
86795260
89123079
91284471
93443849
95772180
98099703
100427951
102587033
61055145
61054015
61053773
61055205
61055284
61053949
61054469
61054372
61054410
61054039
61055127
61055253
61055485
61054189
61055349
61055411
61055625
61055002
61054695
61054284
62195988
64356986
66517100
68843810
71171789
73331553
75327562
77488746
79648879
81975325
84304053
86464407
88792114
91119922
93278969
95607322
97934746
100095593
102422209
61056181
61056406
61056371
61056509
61055341
61056416
61056542
61055567
61055714
61056485
61056823
61056741
61055365
61056705
61056841
61056103
61055962
61056749
61056926
61055607
62530453
64690248
66850703
69178472
71338188
73666381
75826228
78154757
80314666
82643600
84802450
87131533
88958164
91286125
93613813
95774516
98100890
100429333
102755740
61056232
61057322
61057617
61056850
61056786
61057616
61057750
61057629
61057777
61057760
61056984
61057851
61057985
61057906
61057266
61056829
61058025
61058153
61056930
61056823
62863512
64858071
67018035
69345841
71505475
73833612
76159819
78321040
80649700
82809763
85136209
87465279
89625595
91952280
94278604
96606804
98934492
101262716
103421819
61057722
61058556
61057731
61057557
61058921
61059119
61058229
61058343
61058162
61058890
61059014
61059324
61059309
61057997
61059696
61059278
61058198
61058381
61058447
61204156
63363159
65523655
67683806
70012239
72171828
74499183
76827639
78821855
80815723
83143193
85303454
87631447
89792838
92119308
94447663
96775215
98934318
101262635
103900367
61060086
61058805
61059683
61059359
61059151
61060112
61060187
61060397
61060090
61060275
61060341
61059587
61059690
61059498
61060621
61059807
61060464
61060700
61060698
61703915
63530589
65691013
68019230
70178749
72506934
74666925
76995310
79155301
81483209
83643357
85970862
88298622
90459030
92785768
95113614
97440102
99769670
102096190
61074352
61061325
61060619
61060415
61061304
61061438
61061386
61060299
61061524
61061631
61061437
61061593
61060440
61060823
61060751
61061479
61061817
61061789
61060477
61061876
61871405
64031834
66190765
68351524
70678360
73006696
75166471
77493701
79822533
82149016
84309079
86636751
88963391
91291189
93618861
95779492
98105988
100434236
102760780
61061392
61062551
61062755
61061663
61062906
61062734
61061600
61062159
61062991
61062312
61061871
61062760
61062894
61063006
61061554
61063104
61063030
61063117
61062992
61041647
62869779
65029891
67189338
69516971
71677130
74004511
76331011
78659443
80819792
83147521
84975147
87302669
89462981
91790894
94117521
96113157
98440070
100768246
103095734
61063887
61063979
61062954
61063733
61063974
61062891
61063281
61064049
61064093
61063258
61063135
61062765
61064366
61064161
61063008
61063109
61064192
61064289
61064524
61041757
63036020
65197760
67356936
69516943
71844533
74005703
76332165
78660800
80820764
83148739
85476053
87636237
89965389
92291968
94620000
96946525
99105615
101434055
103905488
61064987
61063843
61064117
61064261
61064930
61065070
61065249
61065328
61063965
61065141
61065254
61064413
61064168
61065587
61065454
61065486
61064194
61064594
61064676
61042808
63204383
65363905
67690119
70018402
72178166
74505711
76833650
79161402
81320609
83648010
85976762
88136038
90463999
92791559
95119674
97449394
99608735
101938079
103909914
61069551
61068918
61068320
61069631
61068472
61068306
61069847
61069994
61069104
61068946
61069674
61069851
61069989
61068431
61069969
61070132
61070206
61070108
61070142
61878217
63872784
66033077
68361048
70687931
72847695
75175219
77503344
79663591
81990280
84318427
86478906
88640467
90636027
92795058
95123373
97449960
99779176
101938183
61087937
61070778
61070093
61069876
61069519
61070832
61070953
61071057
61071144
61070960
61071158
61070565
61070191
61071037
61071179
61071143
61070053
61071157
61071389
61071476
61881136
63874440
66034247
68361269
70521776
72848869
75009943
77337173
79666000
81825072
84153792
86313975
88641019
90969755
93128837
95457056
97783488
100112904
102271935
61071311
61071890
61072045
61071223
61071897
61072160
61072290
61071390
61070822
61072141
61072277
61071105
61072337
61072365
61071196
61072327
61072512
61071239
61071697
61071432
62214370
64207544
66535511
68694406
71022753
73182569
75509969
77838166
79998398
82324817
84486054
86813910
89141529
91302164
93629654
95790350
98117014
100446342
102440438
61072468
61073100
61073285
61072156
61073054
61073296
61073496
61073337
61072375
61072737
61072529
61073452
61073645
61072628
61072297
61073559
61073699
61073733
61073757
61072476
62048320
64042791
66202903
68363778
70690308
72851227
75178700
77507151
79667442
81993620
84322399
86650170
88809091
91137092
92966236
94296009
95958212
97953057
99948108
102274473
61073826
61073585
61074514
61074466
61074323
61073398
61074706
61074772
61074186
61074743
61073650
61073636
61074090
61073746
61074295
61074305
61073953
61074841
61074922
61073871
62382010
64875013
67533933
70193159
72853983
75512359
78172271
80832266
83491551
86151941
88978042
91638258
94296455
96956487
99615863
102275895
61075729
61075794
61074801
61075684
61074473
61074893
61074440
61075716
61075946
61074723
61075857
61075946
61076189
61074903
61075059
61075305
61076057
61075971
61076105
61219902
63214209
65706787
68033571
70526603
73185979
75845619
78505092
81165055
83824919
86484796
89143868
91803955
94464499
97290743
99951271
102608975
61076834
61075669
61076886
61077028
61075787
61076253
61076335
61076148
61076868
61077067
61077195
61077218
61076181
61076149
61077484
61077465
61076267
61076391
61076444
61076250
62716905
64877104
67203617
69363914
71691322
74018915
76346677
78506674
80835216
82995250
85321778
87483368
89811250
92138933
94298635
96626010
98952658
101282179
103608648
61078050
61078109
61078559
61078441
61078282
61078170
61078449
61078587
61077802
61077242
61077720
61078684
61077410
61078693
61077448
61077933
61077682
61078503
61078696
62219448
64879588
67538436
70030467
72689913
75349529
78009292
80670396
83330132
85990228
88649028
91309316
93966924
96627396
99287508
101948108
61078533
61078645
61077885
61079436
61079392
61078080
61079444
61078334
61078602
61078186
61079877
61078258
61079593
61078440
61078368
61079740
61078638
61078805
61078914
61078613
62886445
65046747
67373355
69699643
71860181
74187479
76515944
78674943
81002859
83331318
85490407
87818952
90147067
92306119
94634370
96960815
99287336
101616792
103921003
61080714
61079739
61079693
61080582
61079859
61079459
61080625
61079539
61079496
61080925
61079737
61080112
61079869
61080902
61080940
61081170
61081155
61080928
61081223
62055808
64050256
66211288
68370551
70697552
73025864
75185693
77514320
79674332
82002176
84162111
86489876
88816552
91145448
93304551
95632676
97959592
100288640
102615160
61081740
61081908
61081984
61080774
61082393
61081983
61082065
61080760
61081614
61081240
61082027
61082263
61082350
61082072
61082453
61082366
61081429
61081437
61081109
61081176
62887878
65048088
67374809
69702500
71862601
73691411
75851763
78178969
80507780
82671624
84831947
87159763
89319808
91481497
93809233
95969936
98296385
100626052
102785134
61085756
61086732
61086909
61085609
61085894
61085945
61087262
61086973
61087042
61085883
61086950
61087202
61087183
61087104
61086515
61086344
61087251
61087292
61086238
61086021
62726614
64886948
67213898
69373836
71701213
73862618
76189122
78350202
80678955
82838952
85165638
87494357
89654288
91982618
94309176
96637386
98796387
101124757
103451154
61087146
61087915
61088077
61088024
61088273
61087111
61087736
61087349
61087351
61087477
61088154
61088388
61088422
61087309
61088382
61087288
61087615
61087322
61087886
61398482
63559962
65719452
68046908
70206643
72533732
74694683
77022115
79350756
81677047
83837283
86165198
88491524
90820628
93147124
95307779
97634395
99962500
102289092
61088759
61089082
61089302
61088248
61089218
61089500
61088055
61088408
61088645
61089389
61089582
61089530
61087946
61089625
61089678
61089710
61088681
61089136
61088957
61088503
62729173
64889320
67216037
69543801
71703960
74032561
76191592
78352773
80349081
82509193
84669557
86998153
89324873
91485472
93811766
96141249
98300280
100628597
102955500
61090234
61090432
61089293
61089528
61089767
61089989
61089413
61090654
61089544
61089501
61090777
61090948
61090333
61089959
61090840
61091012
61089792
61089995
61091142
61069645
63063818
65057184
67217517
69544931
71704876
74033755
76192781
78521376
80681458
83008805
85336675
87496954
89824720
92152544
94479311
96639623
98966141
101294488
103622136
61091706
61091900
61091746
61091685
61091934
61091826
61091122
61091045
61091743
61091826
61092057
61092161
61091280
61092013
61092300
61092205
61091522
61091111
61092475
61401878
63729650
65890087
68216879
70376324
72703311
75031650
77191748
79519247
81846986
84007150
86334655
88662538
90822913
93149359
95478842
97638314
99633745
101960286
61091747
61092074
61092386
61092917
61093348
61092205
61093469
61093313
61092618
61092338
61093023
61093267
61093274
61091954
61092721
61093430
61092404
61092885
61092071
61092180
62899024
65059394
67386270
69713750
71873800
74202510
76361749
78689302
81016200
83177560
85171720
87334392
89494776
91655151
93981768
96311080
98470162
100798397
103125130
61094142
61093570
61092807
61094256
61094377
61093034
61093135
61094218
61094468
61094545
61093296
61093768
61093263
61094561
61094638
61094686
61094773
61093554
61094888
61093420
63067529
65228026
67386971
69713858
72042475
74369749
76529845
78856080
81017445
83345267
85672597
87833018
90161954
92321125
94650213
96976901
99136078
101464386
103935877
61095603
61094590
61094078
61095607
61095635
61094359
61095452
61095715
61095561
61094865
61094369
61094705
61094945
61094897
61095700
61096059
61094903
61094737
61096092
61739185
63566178
65726442
68220611
70380186
72708363
74868242
77195635
79356866
81684651
83844794
86173480
88332655
90660496
92988307
95148959
97475376
99804995
101963994
61105874
61096845
61095887
61095687
61096551
61096817
61096921
61096894
61097016
61095805
61096770
61097057
61097042
61096359
61095757
61097121
61095909
61095866
61097244
61097219
61905422
64066112
66392334
68720430
70880126
73208326
75535661
77695805
80024214
82183337
84510910
86838428
89000012
90995511
93154702
95483958
97643137
99971551
102298222
61097230
61097786
61098022
61098051
61098138
61096826
61098485
61098129
61098305
61098130
61097469
61097370
61098149
61098318
61097077
61097357
61097125
61098757
61098347
61098574
61906782
64067239
66227214
68554026
70882202
73042076
75369554
77697666
79857836
82184452
84513058
86673473
89000063
91328069
93654280
95816151
98142679
100470946
102797896
61097882
61098008
61099075
61099461
61099432
61098717
61097986
61099415
61099441
61098379
61099552
61099682
61098605
61098831
61098368
61099597
61099000
61098938
61098904
61098399
62738953
64898966
67226895
69385951
71714263
73874759
76035054
78362462
80691143
82851182
85177703
87339150
89665695
91994727
94154046
96481999
98642270
100970638
103297015
61099443
61099563
61099026
61100496
61100473
61100560
61099371
61100523
61100788
61099894
61099719
61100506
61100750
61100867
61099504
61100793
61099664
61099933
61099839
61126664
62093093
64421238
66580795
68906982
71067851
73396161
75556078
77883375
80216493
82376585
84703127
87032002
89191188
91519394
93514426
95675426
98002882
100331130
102490464
61124134
61124194
61123229
61123898
61124001
61125315
61125593
61125662
61124335
61125146
61124788
61124603
61126153
61125834
61125984
61125940
61124910
61124825
61125958
61126194
61767858
63761988
65922756
68083220
70411300
72570908
74732170
77060663
79220788
81548495
83708586
86037396
88196628
90525500
92684564
95014036
97173210
99499626
101828812
103967092
61126974
61126914
61126223
61125813
61126958
61127149
61127234
61127309
61127235
61126492
61126044
61127182
61127359
61127442
61126454
61127540
61127529
61127692
61126676
61126197
62934058
65093022
67253352
69413841
71740921
73902715
76062923
78390422
80551632
82880185
85039222
87368200
89527416
91856390
94015713
96177350
98505176
100666163
102993756
61127152
61126988
61128234
61127089
61127374
61127934
61127502
61128318
61128458
61128715
61127423
61127692
61128556
61128902
61128764
61127993
61127865
61127588
61128748
61127655
62934359
65262248
67421101
69581655
71910392
74070415
76398096
78557821
80719207
83046677
85207007
87535933
89695399
92024045
93850983
96012767
98339616
100668722
102828087
61129656
61129693
61128689
61128954
61128767
61129850
61130041
61130170
61128980
61129321
61129590
61129001
61130322
61130516
61130644
61130638
61130708
61130621
61129752
61129450
61606590
63767229
66094793
68254232
70582230
72742102
75070537
77230235
79559054
81718385
83879858
86207188
88535042
90695473
93021943
95351324
97677799
100006047
102332602
61130869
61131014
61130193
61131731
61131785
61132015
61132047
61130814
61132134
61131126
61130912
61130733
61132142
61132298
61132306
61131193
61131284
61132214
61132348
61132445
61111059
63105495
65264785
67424600
69752660
71912833
74073990
76400473
78561598
80890329
83050574
85377276
87705903
89866144
92192665
94522140
96681198
99007819
101337209
103663612
61133192
61133289
61133401
61133416
61132379
61133497
61133631
61133721
61133863
61132400
61132963
61132926
61133280
61132992
61132872
61132608
61133835
61133961
61134109
61132800
62939717
64933520
67094024
69254322
71581913
73743219
76070961
78230885
80559558
82719736
85047366
87207985
89535358
91695867
93691110
95853193
98178454
100340464
102667508
61133617
61133860
61134943
61135150
61135414
61134042
61134316
61134295
61134447
61133962
61135915
61135575
61135526
61135668
61134427
61134755
61135848
61135788
61135048
61135707
61279463
63440838
65435337
67595519
69755111
71916150
74244636
76403719
78564937
80893749
83053746
85381565
87541964
89870965
92030220
94357874
96685786
98845108
101174458
103333572
61135886
61135763
61135390
61136693
61135666
61135622
61136697
61136912
61137160
61137048
61137152
61136406
61136585
61136044
61136084
61136289
61135932
61137493
61137387
61135915
62943044
65103207
67263367
69591138
71750665
74079893
76238793
78400076
80728844
82888823
85216768
87376887
89704752
91865220
94193000
96353508
98681268
100842186
103168532
61137918
61137903
61136679
61137934
61138072
61138577
61138290
61137357
61137642
61136965
61138112
61138284
61138409
61138445
61138197
61138476
61137200
61137850
61137797
61137342
62944423
65104461
67432014
69591141
71919061
74246169
76407232
78733721
81062553
83222696
85549057
87877780
90205908
92364990
94359814
96521297
98847553
101175839
103502561
61139266
61139545
61139598
61138616
61138352
61138646
61139790
61139670
61138472
61139837
61138922
61138722
61140141
61139964
61138909
61138714
61139789
61139449
61140108
61118486
63111452
65273188
67432091
69759868
72086230
74247518
76575908
78734998
81063732
83223782
85550371
87877964
90207103
92366150
94694484
97021940
99181102
101509612
103980924
61140651
61140817
61139765
61140106
61139834
61140634
61140972
61140850
61140781
61140958
61139682
61140477
61140410
61140202
61139882
61140309
61140282
61139831
61141109
61451079
63445360
65439651
67600776
69759869
72088944
74416176
76575917
78903784
81063901
83391309
85718973
87879271
90207069
92533653
94863064
97189576
99516096
101676898
103982245
61141840
61141957
61141951
61140844
61141017
61142426
61141987
61142217
61141053
61141975
61142107
61142307
61142258
61141474
61141671
61141509
61142309
61142435
61142561
61452189
63612588
65772932
68100026
70260450
72587711
74914821
77075957
79403312
81731104
83891184
86220077
88379218
90706970
93033872
95362968
97689392
99682834
101678656
103983707
61143349
61142135
61142715
61142712
61142411
61143203
61143490
61142316
61142801
61143331
61143109
61143556
61143750
61142800
61142702
61143574
61143781
61143957
61142550
61619696
63780202
66107714
68267074
70595290
72755186
75082234
77243482
79572050
81731097
84058626
86387466
88546569
90874693
93200930
95529202
97856858
100017906
102344554
61148315
61149034
61149286
61149192
61149167
61149344
61148103
61148290
61149263
61149309
61149531
61148306
61148791
61148994
61148567
61149444
61149627
61149814
61148589
61148639
61791598
63786008
65946243
68273089
70600924
72761056
75088276
77416700
79576816
81903217
84064507
86392155
88718801
91047796
93206867
95534996
97862788
100023555
102350043
61149516
61149842
61149888
61149683
61149467
61150939
61150816
61150635
61149539
61151032
61150789
61150850
61150882
61150795
61150278
61150051
61150133
61150056
61149707
61150827
61460631
63456016
65449087
67775424
69936439
72263679
74592112
76752055
79079712
81239666
83568512
85728797
88055287
90383208
92710880
94871586
97197887
99525544
101854056
103992040
61150392
61150597
61151086
61150819
61151691
61151860
61150677
61151123
61150658
61151920
61151950
61152180
61150896
61151640
61151383
61151205
61152289
61152337
61152453
61628145
63788373
65782716
67944827
70104096
72098986
74427272
76587359
78913720
81074957
83402768
85730011
87890498
90218280
92546171
94706895
97034560
99193658
101522018
103993499
61153122
61151833
61152617
61152462
61152017
61153223
61153400
61153504
61152105
61152257
61153257
61153472
61153678
61152292
61152958
61152817
61152702
61152417
61152800
61464551
63624854
65784059
67944645
70271379
72599825
74759824
77088142
79248274
81576046
83736291
86063809
88224107
90553284
92879820
95040400
97366989
99693769
102022630
61153109
61153654
61153780
61153161
61153662
61153833
61153588
61154511
61154121
61154779
61154851
61153791
61154682
61154969
61153642
61154156
61154079
61154705
61154869
61154973
61632033
63792281
65952734
68112293
70438985
72599832
74927189
77255697
79415867
81743580
83903686
86231225
88391673
90719769
93047105
95207969
97534489
99862956
102190372
61154378
61155790
61154832
61154603
61154339
61155587
61154547
61155635
61155930
61156098
61154945
61155814
61156109
61156098
61156046
61155299
61155267
61155267
61154955
61156196
61465909
63460126
65620665
67448489
69608892
71936833
74265119
76424231
78752663
80912823
83241647
85566799
87728374
90056428
92383967
94544539
96871110
99197908
101527127
103997436
61156994
61155807
61156158
61156217
61157004
61157203
61157331
61157371
61156089
61157199
61157392
61157424
61156191
61157615
61156614
61156550
61157337
61157557
61157661
62465447
64957970
67449813
70109186
72769954
75429578
78089087
80581653
83241695
85901920
88560683
91220858
93879619
96707515
99366393
102025667
61157603
61157259
61156779
61158356
61158317
61157100
61157321
61158539
61158307
61157254
61158423
61158579
61158530
61158537
61158100
61157852
61157860
61157358
61158636
61158784
61468663
63628939
65956883
68116352
70443355
72771382
74931499
77259838
79420064
81580232
83575301
85904241
88063454
90392257
92718945
94879800
97206209
99366531
101694888
104000193
61159737
61159773
61159082
61159157
61158906
61159736
61159970
61160023
61159174
61160457
61160039
61160186
61160379
61159858
61159579
61159470
61159014
61160777
61160531
62136194
64627749
67287941
69779641
72439314
75099282
77758650
80087485
82412767
85072509
87733008
90392861
93051605
95712271
98371058
101198976
104001677
61161305
61161319
61160535
61160391
61159975
61161359
61161349
61161571
61160314
61161437
61161542
61161638
61161644
61160823
61160657
61160375
61161572
61161763
61161781
61471381
63632001
65792585
68120466
70279857
72608242
74768017
77095378
79256609
81583202
83910610
86072225
88399901
90560348
92887060
95215322
97542706
99870882
102029985
61161532
61161926
61162034
61162593
61162826
61161924
61161514
61162765
61163190
61163044
61162198
61162065
61162097
61162604
61163130
61163213
61163304
61161912
61163227
61162405
61306975
63301173
65461821
67788845
69948580
72277072
74436871
76764093
79091901
81252119
83579469
85908357
88067540
90396568
92555623
94883693
97211493
99370735
101700093
104004237
61163994
61164141
61163172
61163177
61163275
61162688
61164084
61164370
61163116
61163203
61164087
61164211
61164288
61164443
61164522
61163682
61163618
61163384
61164421
61474233
63469978
65630364
67789140
70117716
72277361
74604671
76765678
79093412
81253702
83582410
85742017
87904226
89899714
92058759
94219110
96547191
98707543
101036940
103195931
61165538
61164218
61164487
61164668
61164178
61164608
61165717
61165880
61164693
61164693
61165762
61165902
61165971
61166148
61165576
61165334
61165219
61165955
61166095
61164684
62971463
65299523
67458592
69619001
71946564
74107496
76434078
78595152
80922758
83083989
85410486
87572011
89899750
92060096
94221761
96382374
98710249
100870984
103197446
61166825
61166847
61165855
61166109
61166888
61167081
61165663
61165867
61166888
61167008
61166237
61166383
61166466
61167348
61167337
61166773
61166771
61166493
61166472
61166111
62972950
65300802
67459503
69787576
71947820
74276320
76435444
78763856
80924060
83085360
85245476
87574619
89734226
92061453
94221898
96549845
98876493
101205829
103364932
61166969
61167214
61166670
61168097
61168210
61167044
61167423
61167296
61167032
61168493
61168462
61168502
61167304
61167798
61167770
61167890
61167565
61168474
61168563
61167466
63141557
65302107
67461363
69621255
71948952
74277531
76437173
78763920
80925285
83252726
85580558
87740936
89903718
91896725
94224395
96385013
98711744
101039851
103367467
61169478
61168832
61168574
61169526
61175128
61175084
61173852
61174907
61175020
61175437
61173966
61175441
61174759
61174529
61174303
61174732
61174772
61174665
61174706
61174353
62814946
65142464
67301631
69629464
71957040
74117135
76444448
78604727
80933344
83093431
85421168
87581327
89909192
92237083
94397647
96724319
99052040
101380240
103706691
61176230
61176479
61175114
61175509
61175125
61176328
61176491
61176492
61175972
61175839
61175860
61175831
61177076
61175417
61176180
61176689
61175540
61176892
61176108
61175566
62983484
65143861
67303154
69630714
71790623
74119546
76278577
78605850
80934674
83094970
85422533
87582941
89911002
92238338
94398961
96725674
99052117
101380177
103540655
61176387
61177304
61177538
61177572
61176815
61176806
61176286
61177696
61177652
61177834
61177879
61176899
61176886
61177782
61177922
61178050
61178205
61178067
61176805
61176835
62984888
65144258
67471868
69630913
71959873
74119804
76280356
78608521
80768622
82929933
85256585
87418008
89744505
91741198
93901649
95729921
97890481
100218489
102546380
61178185
61177804
61179211
61178943
61179069
61179025
61177908
61179004
61179284
61179181
61178507
61178370
61178143
61179138
61178603
61179545
61179450
61178232
61179799
61179344
61987960
63982431
66142543
68303102
70630303
72790929
75118546
77279254
79608162
81767145
84094631
86090071
88085215
89745903
91907519
94235370
96396017
98723719
100885898
103044943
61180276
61180462
61179159
61179610
61180470
61179770
61180560
61180630
61180666
61179341
61180466
61180681
61180793
61180825
61180814
61180930
61180950
61179650
61180071
61180282
61158494
63486270
65479321
67805738
69966756
72295130
74454860
76783412
78942666
81271427
83431546
85759229
87919354
90248506
92407538
94569613
96895978
99223724
101384476
104022364
61181814
61181863
61180884
61181276
61181055
61181796
61181901
61182093
61181127
61180983
61182050
61182229
61182218
61181329
61181780
61182378
61181124
61181583
61181785
61326209
63319967
65481937
67640835
69969183
72128932
74456496
76783941
79111443
81271466
83598786
85927746
88086938
90248768
92243018
94403789
96732523
99058861
101219684
103546130
61182133
61182965
61183064
61181988
61183279
61183291
61182778
61182433
61183110
61183242
61183319
61183465
61182257
61182121
61183326
61183557
61182337
61183116
61182881
61327184
63321391
65483317
67642152
69970317
72130373
74457888
76618647
78945042
81273917
83433858
85761776
87921904
90250144
92577501
94738362
97064650
99392533
101553343
104024917
61184386
61183751
61183399
61184250
61184304
61184510
61183212
61183438
61183382
61184435
61184773
61184686
61183816
61183752
61184211
61184192
61184262
61184054
61183768
61328514
63322833
65483222
67809468
69970692
72298954
74458812
76786258
79113757
81273874
83435236
85761690
88090674
90251234
92578858
94739540
96901173
99060210
101389610
103548930
61184760
61185609
61185778
61185742
61185038
61184491
61185686
61185798
61185987
61184944
61185037
61184637
61185899
61186180
61186118
61184834
61185218
61185010
61186034
61184790
62991915
65152407
67479879
69639148
71967946
74128124
76288159
78615490
80777063
83105455
85264647
87426138
89752927
91914263
93742314
95904234
98230898
100558868
102719263
61187179
61186071
61185647
61186951
61187162
61185806
61186168
61186195
61186645
61186424
61186096
61187192
61187352
61187415
61187382
61187355
61186226
61186575
61186194
61187464
61995727
64156271
66316455
68644451
70804042
73131346
75459440
77619455
79948150
82107424
84435942
86596376
88923882
91084512
93410826
95572880
97899325
100228937
102387968
61187105
61188024
61188354
61188347
61187238
61188227
61187806
61188449
61188663
61187616
61187688
61188059
61187747
61187336
61188571
61187789
61187520
61187971
61188032
61188168
61166276
63327015
65488428
67647334
69807883
72136815
74296503
76625100
78784107
81112932
83273015
85600660
87761183
90090068
92249247
94577351
96905015
99064327
101392428
103720004
61189385
61189490
61188291
61188406
61189596
61189882
61189774
61189169
61189035
61189016
61188523
61189733
61189977
61190000
61188680
61189950
61188832
61189157
61189354
61167733
62995613
65156102
67483374
69642723
71971379
74131691
76459286
78619230
80947899
83107982
85435699
87596158
89925035
92084214
94244547
96240238
98567867
100728755
103055475
61190877
61190952
61190007
61190255
61190213
61190876
61191112
61189924
61190200
61191035
61190484
61191236
61191217
61190763
61190491
61191184
61191345
61191500
61190152
61190165
62831022
64991184
67151858
69479379
71638986
73968139
76127184
78455683
80615784
82944619
85103800
87432576
89591792
91920688
94079888
96409200
98569472
100565416
102724648
61192195
61191348
61192153
61192469
61192473
61191678
61191152
61192377
61192485
61191305
61192337
61192477
61192648
61192629
61192716
61191729
61191654
61191966
61191838
61191325
62833231
64991988
67152662
69480268
71807340
73967739
76295540
78622732
80782953
83111690
85271120
87599520
89759488
92087941
94247202
96575026
98902917
101063869
103390224
61192008
61193310
61193342
61193220
61192342
61192663
61192564
61192244
61193281
61193421
61193439
61192257
61192649
61192369
61193473
61193546
61193733
61192460
61193252
61192551
63000688
64993547
66656774
68317558
70147038
71807926
73469909
75798542
78125774
80285947
82614270
84773734
87102582
89261541
91589870
93917262
96077917
98404563
100733046
103060470
61194426
61194653
61194684
61193707
61193859
61193510
61194619
61194724
61194879
61193958
61193582
61194979
61194948
61195017
61193784
61194125
61194293
61194197
61194589
61194414
62004715
63999217
65991911
68320043
70479408
72807808
74967800
77295947
79456483
81782704
83944007
86272136
88431991
90760200
93087664
95248563
97576099
99736871
102063608
61194960
61196133
61195090
61195490
61195340
61195019
61196107
61196307
61195138
61196162
61196200
61196459
61196411
61196621
61195663
61195650
61195287
61196375
61195619
61196635
61673700
63832672
65993096
68321104
70480918
72808971
74969115
77297355
79457467
81785246
83945505
86274190
88433221
90761054
93088822
95249525
97582158
99911198
102237958
61202238
61203212
61201974
61202421
61202120
61203232
61203262
61203374
61203457
61202635
61203376
61203655
61202328
61202741
61202418
61202822
61203683
61202578
61203853
61203940
62179294
64006662
66166761
68494731
70654275
72815117
75142395
77303643
79632350
81791593
84120059
86280686
88440680
90769715
92928894
95258238
97584662
99411355
101574534
104045000
61204526
61204513
61203678
61203737
61204639
61204797
61204778
61203782
61204673
61204885
61204823
61204822
61204334
61204281
61204204
61203774
61204913
61205034
61205189
61848218
63509026
65669653
67664673
69825202
71985313
74313897
76473417
78634153
80961945
83123193
85449473
87610913
89940049
92099145
94426081
96754937
98914129
101242265
103570025
61204978
61205721
61205825
61204680
61204676
61205802
61205891
61205960
61206154
61205370
61205242
61204936
61206541
61206195
61206382
61206423
61205183
61206671
61206494
61184902
63179344
65339832
67499024
69659219
71986936
74147851
76475320
78635667
80964254
83124176
85451944
87612488
89941462
92100710
94428272
96588815
98915683
101243648
103571451
61206317
61207101
61206015
61206472
61207157
61207409
61206117
61206227
61207360
61207272
61207566
61206213
61206602
61206359
61207035
61206848
61206453
61207651
61206784
61206488
63013424
65173909
67501405
69660581
71989541
74149477
76477173
78636965
80965709
83126093
85286360
87447653
89774222
91936040
94262381
96424480
98752045
100912989
103240600
61208510
61207335
61207943
61207946
61208631
61208931
61208900
61208587
61208684
61208796
61208922
61208878
61208347
61208271
61209015
61209251
61208010
61208221
61208838
61188018
63014998
65010413
67004978
69163875
71492014
73651966
75980487
78140289
80469177
82629366
84956918
87117168
89443598
91605403
93931998
96261155
98420318
100748764
103075348
61210101
61210239
61210224
61209435
61209531
61209093
61209018
61210279
61210284
61210431
61210420
61210427
61209448
61209347
61210357
61210497
61210711
61209599
61210305
61209539
63016593
65177791
67337151
69664740
71824964
74152591
76480144
78640063
80968549
83130015
85289055
87616820
89945821
92105068
94432743
96593351
98920015
101248044
103242484
61211495
61211539
61211594
61211816
61211868
61211114
61211151
61210743
61212316
61212102
61212104
61212229
61211206
61212049
61212438
61212525
61211635
61211912
61211475
61211352
62852465
65012567
67172727
69500488
71660160
73989385
76148296
78476019
80804427
82964675
85292299
87452691
89780232
91940731
94100968
96429515
98756880
101085032
103244224
61212210
61212526
61212331
61213385
61213474
61213593
61213578
61212970
61212444
61213791
61213929
61214071
61214078
61213150
61213550
61213279
61214231
61214408
61214583
61213108
63020045
65180256
67008379
69168351
71495680
73822632
75983679
78311432
80472381
82799800
84960181
87287875
89615544
91776203
94103776
96264426
98591147
100919515
103246944
61214908
61214924
61214947
61214435
61214412
61214305
61214036
61214557
61214009
61214321
61214121
61215260
61214746
61215404
61215559
61215451
61214481
61214982
61214715
61214436
63021376
65181742
67509239
69668758
71997439
74157590
76484999
78644990
80972436
83133643
85461340
87621739
89950611
92109923
94437670
96598337
98924734
101254211
103413366
61215598
61216040
61215391
61215655
61216383
61216544
61216511
61215539
61216406
61216650
61215528
61215848
61216059
61216795
61217037
61217149
61215763
61215886
61217033
61859532
64186263
66678820
69171425
71831159
74491183
77150614
79810432
82637839
85296711
87956807
90616999
93274559
95935188
98761201
101420665
104058310
61217765
61218029
61217967
61217345
61217292
61216983
61216719
61218025
61218056
61218078
61218204
61218203
61217174
61218002
61218193
61218305
61217064
61217456
61217544
61529428
63689126
65849238
68176264
70504051
72663875
74992235
77153339
79314641
81473827
83801297
85963175
88123259
90452241
92611443
94940622
97099726
99426134
101754478
104059841
61219190
61219324
61219344
61218661
61218527
61218487
61218857
61218576
61218617
61218259
61219368
61219518
61219630
61219713
61219736
61218546
61218397
61219586
61219801
61197221
63359092
65519625
67678430
69839577
72167953
74327742
76656246
78815390
81144086
83304024
85631692
87792388
90121308
92280441
94609678
96768966
99096591
101257377
103584094
61219886
61220576
61220767
61219638
61220904
61219793
61220815
61219720
61221129
61219918
61220208
61220418
61220371
61219992
61221029
61220537
61221398
61221277
61220257
61697137
64356380
66849070
69508076
72169290
74828815
77488442
80146940
82808055
85466809
88126913
90787129
93445977
95939019
98597856
101258440
104062541
61221881
61221995
61222004
61221225
61221500
61221196
61220847
61222071
61222167
61221018
61222047
61222174
61222259
61222248
61221066
61222557
61221420
61221775
61221693
62363136
64856142
67348889
70009522
72501577
75161057
77820961
80481916
83140556
85468244
87960982
90621174
93279895
95775452
98434220
101094820
103753593
61222992
61223186
61221923
61222106
61223138
61223235
61222162
61222554
61222471
61222858
61222690
61223536
61223574
61222394
61222554
61223564
61223724
61223712
61223752
61202358
63196818
65356121
67516084
69843138
72004137
74331909
76660002
78819346
81147893
83308028
85635658
87795769
90125053
92284111
94612394
96772524
99099172
101428557
103753724
61223560
61224483
61224596
61224700
61224597
61223501
61224468
61224822
61224969
61224904
61224176
61224331
61224254
61223946
61224928
61225054
61224990
61225073
61225177
61223850
62864717
65192121
67352598
69511797
71840049
74000640
76327006
78488168
80816846
82976805
85304686
87464725
89791438
91953117
94279685
96608867
98935299
101096258
103422881
61225933
61225124
61225105
61225028
61225764
61226013
61224988
61224895
61225927
61225965
61226144
61224922
61224994
61226215
61225684
61225429
61225757
61225269
61226381
61537327
64030396
66521644
69180423
71839943
74500207
77161104
79820888
82479759
85139634
87799615
90459855
93117431
95777767
98436695
101263504
104067463
61226905
61226961
61227080
61225712
61226065
61226024
61226286
61226382
61226262
61225913
61226974
61226132
61227170
61227346
61227255
61226226
61227535
61226367
61227383
61869589
64529745
67021558
69681238
72173928
74833613
77493253
80153102
82814129
85473009
87965595
90626027
93284803
95945160
98603917
101430688
104068478
61227987
61226853
61227421
61227416
61228262
61227718
61228412
61227085
61227459
61227291
61228352
61228576
61228540
61228636
61227891
61227816
61228611
61228817
61228787
61870990
64031623
66191786
68352156
70679072
72840005
75001020
77328440
79489842
81817496
83977631
86306435
88465739
90794656
92953879
95283061
97442060
99768640
102098200
104069933
61229498
61229478
61229496
61229745
61229695
61229084
61228879
61228996
61228860
61228583
61236284
61236520
61236493
61235319
61235575
61235503
61235356
61236494
61235943
61215186
63208157
65536011
67696150
69855790
72182946
74344419
76505245
78831683
81160443
83320483
85648315
87808642
90136411
92464099
94624946
96952611
99111642
101440267
104077691
61237228
61236142
61236750
61236606
61236787
61236670
61236313
61237689
61237730
61236502
61237604
61237599
61237939
61237928
61237922
61237814
61236996
61237140
61236769
61381662
63708994
65869727
68029273
70357039
72516657
74844055
77005118
79333922
81493196
83821706
85981825
88308802
90637717
92964101
95124687
97452495
99611534
101940199
104079018
61238562
61238762
61237876
61238065
61237721
61238657
61238952
61238992
61239126
61238988
61237807
61238493
61239136
61239050
61237868
61238196
61238326
61237998
61239094
61548979
63876419
65869503
68197576
70356976
72519104
74680347
76840692
79167928
81327979
83489317
85815792
87977307
90305187
92465562
94793920
97121264
99280367
101608600
104080240
61239799
61240133
61238852
61239510
61239289
61238894
61240462
61240138
61240199
61240333
61239108
61239449
61240241
61239655
61240348
61240380
61240543
61240499
61239771
61384302
63544648
65705085
68033025
70192761
72353181
74681841
76841841
79169318
81329355
83490693
85817227
87978794
90307558
92466968
94796243
96955274
99281803
101611390
104081681
61241106
61241253
61240308
61240512
61240427
61240416
61241187
61240644
61241485
61241415
61241680
61241669
61240471
61240799
61240545
61241585
61241725
61241912
61241944
61219161
63380090
65540356
67867530
70027471
72188470
74516887
76676638
79004503
81164654
83493303
85652311
87813806
90141719
92301990
94630303
96957911
99117094
101446538
103605793
61241479
61242836
61241772
61241847
61242249
61241751
61241372
61242620
61241786
61242853
61241561
61242004
61241674
61242861
61243040
61241708
61242140
61242236
61242081
61220651
63713106
66206074
68865987
71358266
74018683
76679291
79339027
81830730
84490835
87151611
89809291
92470747
95130043
97790051
100449427
103108702
61243797
61243695
61243782
61243064
61243241
61242819
61243257
61242606
61243651
61243724
61242614
61243009
61243696
61243836
61243889
61244111
61242806
61243299
61243729
61221677
63714117
66206869
68867100
71359243
74019244
76680137
79339873
81831363
84491387
87151411
89810779
92470332
95130824
97789827
100450152
103109072
61244685
61243422
61244174
61244142
61243926
61244793
61244764
61245010
61245042
61245193
61244238
61243667
61244934
61244980
61245210
61245267
61244644
61244569
61244572
61244024
62552119
64878726
67039566
69199617
71526710
73687679
76016068
78177174
80337622
82497598
84659233
86820364
89148139
91308913
93468894
95797431
97957561
100285510
102613388
61245382
61244667
61246200
61246190
61245045
61245191
61245105
61244993
61246043
61246156
61246300
61246235
61245481
61245796
61245857
61245641
61245406
61245260
61246339
61246540
62887035
65378716
68037812
70698140
73357647
76017263
78676903
81336834
83996599
86655308
89314431
91974791
94635152
97460981
100120578
102779543
61246142
61247048
61247232
61247403
61246170
61246829
61246799
61246498
61247399
61247721
61246327
61246821
61247766
61246702
61247864
61246826
61246634
61246659
61247775
61247080
63220009
65712868
68372318
71032189
73524309
76183861
78843821
81504710
83997205
86657277
89315869
91976501
94636629
97295397
99956142
102615358
61248815
61248832
61248787
61247654
61249093
61248892
61249063
61249099
61248315
61247950
61249467
61249073
61249303
61249356
61248204
61248407
61248455
61248309
61249538
61248752
61893118
64053001
66213000
68373431
70700573
72861219
75188461
77349686
79678436
81837756
83998817
86327761
88486793
90648492
92974994
95138158
97297602
99457641
101787162
104091236
61250602
61249275
61249518
61249551
61249543
61249095
61250340
61250497
61249417
61249459
61250542
61250608
61250730
61250901
61249617
61250769
61250318
61249851
61250046
61561786
63722142
65882576
68041992
70370040
72529928
74858224
77018304
79346792
81505856
83834576
85994808
88155151
90482984
92643335
94971779
97131818
99458296
101787891
104092000
61251439
61251594
61251654
61250883
61250760
61251649
61251716
61251791
61251020
61251769
61251882
61252139
61250745
61252204
61251233
61251201
61251350
61251209
61251955
61561934
63722248
65883232
68211171
70370730
72531586
74858626
77019949
79348434
81507930
83668884
85996546
88156906
90486029
92645178
94806903
97134730
99293973
101623298
104093597
61253353
61252935
61251648
61252083
61252339
61252475
61252243
61252000
61252873
61253005
61253446
61253360
61252133
61253209
61253292
61253484
61252238
61253386
61252522
61397489
63557879
65718039
67878578
70206623
72366447
74694807
76854946
79182415
81343695
83503676
85831436
87991887
90153623
92481116
94642055
96802466
99129959
101290767
103451169
61253152
61253203
61252867
61253949
61254395
61254310
61254350
61253318
61254138
61254388
61254376
61253151
61253615
61253580
61253303
61254407
61254708
61254908
61254812
61564405
64224740
66716236
69208638
71868519
74529682
77022100
79682948
82009455
84336964
86996964
89655828
92316052
94976287
97635372
100295972
102954844
61254121
61255273
61255389
61255238
61255348
61254911
61254743
61254634
61255509
61255590
61255803
61254468
61254788
61255116
61254719
61254404
61255665
61255797
61255968
61255846
63227324
65553868
68046782
70705991
73366548
75858748
78518599
81178303
83672254
86332110
88990839
91651258
94311381
96971805
99630677
102291277
61255434
61255178
61256470
61255395
61255301
61256593
61256750
61255649
61256906
61256223
61255941
61256245
61256250
61256098
61255866
61257005
61257042
61256659
61257229
61256028
62066592
64227400
66386506
68547065
70707878
72868857
75029742
77357226
79518311
81678737
84007471
86167639
88328033
90655887
92816110
95145575
97304606
99631234
101793201
104098572
61257769
61258041
61257937
61257947
61258080
61257077
61257501
61257118
61258074
61258090
61258157
61256983
61257092
61257031
61258256
61258515
61256998
61258524
61257551
62400110
64893009
67384504
70043964
72704580
75196731
77857377
80517537
83177404
85836204
88496300
91156444
93815364
96475777
99134649
101795281
104099334
61259002
61257654
61258395
61258342
61258198
61258057
61258993
61259556
61259727
61259407
61259363
61259408
61259584
61259552
61258300
61258078
61259254
61258949
61259587
61238088
63398522
65559149
67718039
69879179
72206652
74534852
76695964
78854972
81016244
83177619
85505471
87665604
89994684
92154047
94481612
96642422
98969974
101130990
103458542
61259133
61259936
61259608
61259656
61259338
61260274
61260514
61260410
61260546
61259195
61260823
61259430
61259361
61260376
61260357
61260633
61260839
61260726
61259579
61260116
63565295
66057923
68550883
71210067
73870768
76362995
79022803
81682787
84343595
86836155
89495259
92155195
94815659
97474515
100135459
102793992
61260309
61260504
61261664
61261634
61261762
61261827
61261180
61260756
61261054
61260816
61261363
61260915
61261027
61260830
61260508
61261887
61261927
61262272
61262243
61261187
63068816
65561509
68053368
70713501
73205741
75865325
78525117
81185805
83678453
86338453
88997101
91492448
93984088
96644552
99303440
101964053
61262716
61261829
61261954
61261712
61261376
61262421
61262651
61261469
61262813
61261733
61262649
61262872
61262984
61262965
61261767
61262511
61262271
61262447
61262431
61262212
61574158
63733472
65893709
68054268
70382341
72542245
74870541
77030349
79357781
81685704
83845963
86173752
88501168
90661453
92989221
95150421
97477656
99637032
101964941
104104307
61263761
61262603
61262970
61263087
61263031
61262855
61262319
61263874
61271553
61271665
61271662
61270474
61271034
61271483
61271660
61271887
61270950
61271257
61271206
62412872
64905651
67565636
70057904
72717417
75377993
78037633
80530000
83190043
85849339
88508835
91169123
93827768
96655721
99314601
101975113
61271517
61272622
61272036
61271915
61271318
61273009
61272671
61272769
61272698
61271807
61272634
61272648
61272819
61271645
61272236
61272089
61272041
61272777
61272676
61273262
62580203
65240213
67731965
70392435
73052179
75544515
78204019
80697634
83357435
86018779
88510371
91170651
93829499
96491011
99149811
101810483
104114568
61273752
61273893
61273835
61273274
61273144
61273176
61272955
61272356
61273721
61273795
61273818
61272714
61273781
61273941
61273886
61274006
61274038
61274158
61272904
62249721
64742478
67235558
69726916
72388293
74880524
77541391
80033978
82693991
85353824
87846295
90506615
93166499
95659887
98318484
100979060
103638004
61273656
61274800
61274897
61275015
61273702
61273968
61275279
61274976
61275061
61275034
61273838
61274179
61274529
61274261
61274421
61274534
61274155
61275197
61275523
61586293
63911635
66571743
69063351
71723988
74216903
76876479
79537674
82195178
84690028
87182615
89842767
92502983
95163367
97822359
100482895
103141767
61275327
61275984
61275039
61275287
61275084
61274860
61276007
61276192
61276390
61276299
61276229
61276363
61275087
61276431
61275605
61275311
61275242
61276410
61276582
61276482
63415580
65908036
68399932
71060428
73552388
76213340
78872956
81365463
83859391
86352763
89012092
91672916
94332052
96825126
99484046
102144718
61276159
61276610
61276363
61277155
61277273
61277509
61276225
61277475
61276400
61276256
61277331
61276737
61277417
61277690
61277654
61276934
61276998
61276897
61276777
61276521
62585662
65077312
67735971
70396843
73056299
75715915
78208090
80868125
83528158
86188230
88846699
91508163
94167003
96826302
99485233
102146046
61277490
61277808
61277608
61277115
61278568
61278617
61278569
61278593
61278557
61277673
61277403
61279013
61278764
61278911
61278892
61278910
61279020
61279014
61278286
61278238
62419576
65078763
67737409
70398145
72890379
75549785
78210745
80870516
83362921
86023487
88682015
91343175
94001079
96662807
99320711
101982279
61279764
61278706
61278785
61279310
61278883
61278470
61279831
61279916
61279999
61280196
61278810
61279918
61280016
61279988
61279132
61278905
61279191
61279543
61279426
61279149
62587940
64913412
67573659
70065691
72726320
75218458
77878635
80539430
83199110
85690773
88351003
91012027
93670971
96331467
98990272
101650835
104121147
61280712
61280906
61280806
61279474
61279847
61280074
61280324
61279887
61279580
61280798
61281238
61279785
61279988
61280945
61281372
61281374
61280149
61281530
61280780
62423047
64916014
67408729
69900086
72561350
75053744
77713262
80206869
82866829
85525630
88186814
90679845
93338613
95998950
98657798
101318790
104122315
61281306
61282050
61280970
61281420
61281553
61281694
61281254
61280990
61282158
61282298
61282426
61282450
61282482
61282505
61281700
61281500
61282524
61282475
61282688
62091219
64583947
67076267
69736251
72229291
74889835
77215949
79876987
82368696
85028267
87522053
90182437
92841309
95501619
98160566
100821142
103480078
61282097
61282598
61282219
61283056
61283304
61283281
61283313
61282147
61283491
61282512
61282304
61282243
61283368
61283516
61283679
61283652
61283608
61283822
61282720
61262335
63587520
66080405
68740614
71399822
73892456
76551910
79212363
81705051
84364761
87025988
89684860
92177734
94838152
97497096
100157768
102816576
61283479
61283051
61284160
61284345
61284524
61284458
61283891
61283728
61283832
61283814
61283664
61283510
61283910
61283985
61284727
61285126
61284689
61284925
61284941
61284846
63091644
65584337
68076008
70736337
73228296
75887969
78547553
81207689
83868620
86528620
89187420
91680099
94339240
96999624
99658496
102318952
61284165
61285353
61285485
61285554
61285629
61285805
61284693
61285542
61285892
61286030
61286128
61284662
61286014
61285179
61285583
61285407
61285508
61285543
61285361
61285198
61430150
63590218
65750474
68078523
70237835
72398762
74726170
77053328
79213906
81542446
83702464
85863298
88191755
90352117
92678971
94840511
97167138
99494958
101655810
104127173
61286084
61286741
61286845
61285534
61285651
61285979
61286176
61286411
61286203
61286099
61285923
61285798
61287059
61287235
61286414
61287086
61287300
61287289
61287562
61299088
Peak: 104135333
Average: 70468488.62031211
