0
137358
237677
688877
772612
1716737
2405538
2815928
3106382
3729262
3935369
4624832
5531363
5710691
6207410
6690159
7176970
7426674
7820677
8385825
8799352
9075956
9389667
9458111
9613937
10031745
10732770
11181749
11760672
12478416
12785744
13125002
13625764
14413133
14807623
15450435
15846686
16426762
16590490
16723864
17045695
17224993
17535045
17927738
18066594
18299329
18503595
19148886
19474966
19690998
19749984
19746087
20031853
20190009
20411171
20779369
21187124
21416649
22013506
22489708
23216367
23458821
23923816
24299524
24462418
24483248
24634318
24794881
25038013
25162663
25473342
25881209
26276298
26696534
27119089
27828395
28645994
29626579
29979592
29982288
29987420
29985888
30003837
30015800
30432909
31034309
31488324
31649204
31955284
32148570
32376947
32462318
32525533
32577734
32673322
32856368
33012871
33465486
34389031
33912844
34397408
34611524
34693139
34740198
34711516
34793450
35098037
35207058
35828936
35925497
36328702
36805052
36876303
37133750
37820002
38429940
38430063
38430264
38430209
38291912
38743196
38943781
39127235
39189519
43182675
43247900
43510825
43540371
44152559
44159622
44235479
44293207
44322712
44377756
44463005
44507861
44562969
44616461
44683196
44679872
44915224
45128464
45213890
45658082
45835485
46118629
46656941
46837961
46895011
47085474
47159352
47213484
47411001
47503157
47598779
47679223
47996823
48133184
48375545
48583075
48663004
48809388
49090250
49392321
49501018
49652981
49740454
49933814
50198619
50273226
50356412
50380516
50394988
50428100
50474996
50533602
50587953
50723773
50785282
50878216
51059603
51447674
51555719
51860175
52118004
52517322
52648950
52962410
53389296
53774711
54365066
54518252
54607891
54690097
54669504
54737490
54881541
54983905
55032798
55101464
55209120
55212423
55215440
55117784
55559526
55957981
55967083
56112054
56543316
56941540
56999946
56992632
57410908
57513217
59316887
57805451
57988574
58121737
58215739
58147914
58470165
58484464
58507868
58592303
58974153
59711811
59867875
59954427
60026619
60083307
60122443
60307310
60344285
60919622
61851427
60912654
60954273
60966077
60980017
60994117
61005976
61017395
61028002
61039575
61052815
61064919
61075917
61085721
61097601
61108387
61118465
61131863
61143640
61156635
61167558
61180507
61192420
61200953
61215098
61224716
61236223
61245914
61259967
61270586
61281087
61292404
61302964
61314864
61324174
61337257
61347825
61358449
61370303
61711119
60806885
60809255
60810656
60810796
60810861
60813639
60814169
60813174
60815063
60815041
60813684
60815700
60815701
60814575
60816584
60781517
60793436
60804278
60813598
60824880
60836208
60847536
60858096
60870669
60882189
60893894
60902621
60914397
60926197
60936560
60946797
60957445
60970677
60981558
60992181
61003317
61013589
61025432
61036245
61047829
61059374
61069707
61082422
61092112
61107379
61118343
61127510
61138667
61153567
61162244
61173108
61184550
61524427
60823904
60823946
60822286
60824229
60822787
60822935
60824504
60824909
60823911
60824916
60823894
60824169
60825657
60826200
60786622
60796511
60805506
60817255
60829498
60839420
60851920
60863574
60875014
60885841
60895478
60907084
60918097
60931241
60941801
60952108
60962476
60976041
60984633
60995628
61008635
61019490
61029979
61040790
61051484
61063193
61074158
61085934
61096435
61106995
61118521
61128835
61140635
61151188
61162571
61171644
61180265
61192036
61531833
60831065
60830104
60830824
60831183
60830410
60831124
60831499
60830734
60831416
60832017
60830962
60831622
60831892
60831335
60791101
60802530
60813599
60824565
60833517
60845010
60855994
60869034
60880447
60889381
60901082
60913663
60922242
60934485
60944866
60958202
60968655
60979189
60989511
61000103
61013954
61024466
61033226
61046970
61057602
61068090
61079026
61089570
61101525
61112644
61124487
61133124
61143631
61158548
61167488
61177751
61188375
61198071
60832761
60832130
60834083
60832498
60833413
60834113
60834262
60833187
60834799
60834465
60833673
60834204
60834437
60834287
60832988
60799615
60808254
60820009
60830497
60839812
60851609
60863337
60874724
60884569
60897057
60906057
60917777
60931017
60939668
60950561
60963577
60972297
60985425
60994492
61005001
61018673
61027575
61041265
61049780
61061719
61072244
61084476
61093263
61104852
61116359
61127932
61136591
61147311
61160114
61170668
61182511
61191242
61537423
60836876
60835966
60836729
60837018
60836286
60836766
60837103
60836116
60835160
60835336
60837236
60836912
60835763
60837412
60795476
60805534
60816241
60828082
60837202
60849505
60858970
60870188
60882897
60893588
60903439
60916105
60926692
60936831
60947207
60960521
60969266
60981548
60993416
61001940
61015716
61024972
61035433
61049330
61058175
61069884
61082697
61093244
61103796
61114305
61125871
61136231
61148009
61157389
61171497
61182065
61192617
61201204
60837682
60839633
60839842
60838492
60839882
60839957
60839188
60839208
60840086
60838938
60839788
60840211
60839573
60839951
60840347
60802562
60813277
60822359
60831842
60844104
60855174
60864696
60877176
60886859
60898517
60908249
60921091
60931691
60941862
60952464
60965469
60974312
60987582
60998160
61006895
61018590
61030479
61039336
61052931
61061559
61072073
61086163
61094836
61105317
61117101
61128777
61138917
61150800
61159504
61173915
61182867
61194709
61203393
60839591
60841516
60841630
60841528
60842241
60842369
60841456
60842318
60842476
60841713
60843115
60842682
60842036
60842500
60842829
60803284
60812943
60822983
60831963
60843940
60853490
60864516
60875604
60884767
60894180
60905772
60917498
60927647
60939282
60949311
60961140
60971770
60981621
60995172
61003751
61017508
61026351
61037020
61050616
61061127
61069775
61080615
61094394
61102981
61114790
61126047
61136620
61146373
61158268
61169996
61181762
61189898
61201468
61545034
60844493
60843548
60842652
60843642
60844326
60843072
60844523
60844812
60843750
60843148
60845055
60844948
60843479
60845235
60804244
60812897
60824391
60833289
60845407
60854730
60865879
60877271
60888258
60899029
60911354
60921130
60930138
60939882
60950954
60961613
60971941
60983573
60994013
61005437
61014180
61028061
61038573
61047333
61061125
61071613
61080301
61094149
61104933
61113453
61128037
61136725
61148477
61157253
61172037
61180533
61191253
61203005
61212144
60847313
60846398
60847712
60847734
60846811
60846054
60846970
60846398
60846827
60846038
60848151
60846620
60846916
60848301
60848504
60810245
60820221
60828500
60839879
60851732
60860978
60872396
60884809
60896447
60905324
60916620
60928610
60938780
60951924
60962608
60972634
60983695
60996393
61005732
61015585
61025620
61035988
61047740
61059753
61068460
61078972
61093002
61101572
61112183
61123865
61135204
61147108
61157537
61166193
61181060
61189577
61201581
61210036
60848109
60849514
60849118
60848478
60848861
60849174
60848133
60847355
60849247
60849257
60847884
60850036
60850453
60849236
60848484
60810312
60820588
60829412
60839844
60848796
60861060
60870267
60882146
60894524
60903836
60914860
60926359
60938204
60950036
60960660
60972692
60983252
60993612
61004300
61014927
61028556
61037175
61047876
61060412
61072231
61080759
61094972
61105583
61114244
61125940
61139124
61147758
61158516
61169063
61182860
61194295
61202908
61212788
60850228
60851883
60851998
60851116
60850941
60852173
60850999
60851843
60852175
60851662
60850401
60852537
60852350
60850758
60851359
60812958
60822774
60832105
60844073
60854958
60866094
60874843
60885866
60895662
60906360
60918458
60928610
60939198
60952356
60962930
60973309
60983642
60997170
61007723
61018315
61028989
61038784
61049202
61063114
61073378
61084258
61095261
61105821
61116453
61128186
61139752
61149429
61161067
61169880
61184538
61193237
61204970
61214254
60873095
60852475
60852826
60854008
60854142
60854226
60854286
60855356
60854160
60855064
60855333
60855437
60853916
60854188
60855525
60813230
60823265
60835233
60845982
60855220
60867382
60878727
60888349
60899703
60911630
60921416
60934052
60944688
60955855
60964357
60976453
60987574
61000650
61009336
61020237
61033554
61044300
61052837
61065317
61077285
61087738
61098992
61109627
61119850
61131797
61143256
61154842
61165389
61175962
61187936
61198475
61208770
61220570
60856569
60856776
60855021
60856896
60856863
60855303
60857149
60856928
60855755
60857147
60857420
60856356
60855508
60857509
60857439
60820394
60829146
60839322
60850141
60861935
60871341
60882431
60894999
60904525
60916071
60927871
60939594
60949871
60960373
60970837
60984114
60994674
61007014
61015792
61025490
61036637
61048299
61057136
61069973
61081370
61091917
61103005
61113373
61125173
61138451
61147085
61157765
61168170
61183042
61192029
61203458
61214070
61222653
60858229
60856796
60858540
60858575
60858404
60857510
60858602
60858909
60857794
60857101
60859019
60859810
60858426
60860249
60858795
60822373
60831835
60839795
60851473
60860451
60871552
60882944
60894280
60907064
60917616
60927379
60940304
60950864
60960693
60972710
60982987
60993533
61006885
61015720
61025984
61039789
61048368
61059005
61067256
61075117
61082240
61091069
61102800
61113920
61125813
61135144
61147933
61159557
61170168
61180597
61194296
61202872
61214760
61223352
60861199
60862081
60859858
60859906
60861034
60861672
60861709
60860801
60862412
60861885
60860929
60862540
60862101
60861410
60861807
60820354
60830277
60839485
60848008
60858040
60870061
60879504
60891229
60900624
60913408
60922936
60934773
60944539
60956485
60968221
60977568
60990165
61000784
61011272
61022917
61035456
61044200
61054912
61068576
61077096
61088909
61097547
61111605
61120200
61130821
61142840
61153565
61161499
61171773
61180696
61195237
61203864
61213635
61225485
60862616
60861388
60863355
60863301
60861853
60864031
60862123
60862061
60863381
60862200
60862133
60863501
60862205
60862443
60863672
60824376
60834782
60842973
60853945
60866246
60877318
60886806
60898174
60910814
60919670
60931094
60944046
60954558
60964569
60975142
60988510
61000238
61012462
61021246
61033046
61044166
61054238
61064798
61078630
61089150
61097742
61110678
61122502
61133062
61146238
61155022
61166790
61177270
61186894
61199598
61210662
61217670
61229558
60864700
60866586
60865167
60865372
60866709
60865172
60865319
60867158
60866998
60865631
60867062
60867085
60866260
60866045
60867114
60828302
60837742
60848014
60857321
60869134
60880270
60889809
60900982
60913670
60924254
60934033
60946921
60957385
60967329
60979217
60991313
61000009
61013433
61022492
61033921
61044465
61054929
61066793
61078105
61088545
61098377
61109185
61119809
61131537
61140113
61152691
61163409
61175105
61185593
61197305
61209145
61217985
61228345
60867691
60867679
60866615
60868097
60867796
60868149
60868259
60867334
60868248
60868550
60867322
60868323
60868499
60867770
60868153
60826896
60834228
60845887
60856231
60865922
60877999
60889338
60898743
60909829
60920778
60932367
60945357
60954005
60966339
60977752
60989960
60998485
61009048
61021824
61032000
61043872
61054648
61066080
61077184
61088592
61097280
61111336
61119965
61130480
61142080
61153584
61165456
61176016
61184787
61199480
61210080
61218752
61230136
61570157
60869674
60868542
60870313
60869741
60869625
60868207
60869924
60868533
60868380
60868674
60869775
60870134
60870064
60868429
60827120
60839304
60846612
60858190
60868837
60878627
60890352
60902565
60913026
60924532
60934389
60946144
60957725
60967816
60978459
60990376
61000274
61011328
61021803
61032221
61045973
61056380
61065499
61077726
61088365
61100248
61112981
61123484
61132459
61142887
61156213
61167837
61178327
61188887
61200607
61212423
61221036
61231567
61573421
60872860
60871995
60872643
60873009
60871895
60871090
60873137
60873036
60871508
60873103
60871756
60871737
60873125
60871877
60831604
60843202
60853337
60862364
60873105
60885433
60895092
60906161
60918857
60927449
60940305
60950468
60961857
60972020
60983577
60993788
61004265
61017809
61026572
61037324
61050753
61059321
61069940
61083881
61092392
61103137
61117145
61125576
61136252
61148097
61161265
61170140
61180497
61192297
61204081
61215753
61226273
61234841
60874246
60874442
60872968
60874751
60873214
60873358
60874914
60875045
60873673
60875128
60875101
60874332
60875085
60875197
60874455
60834388
60844541
60853182
60863649
60874235
60886611
60896046
60907755
60915627
60926939
60937635
60946454
60958187
60970835
60979709
60990843
61002675
61014227
61026515
61037075
61047657
61058422
61068910
61082726
61093299
61101912
61112438
61125646
61137155
61147699
61160875
61169705
61180337
61190905
61205614
61216115
61226627
61237246
60874870
60876338
60874869
60876622
60875069
60875186
60876704
60876832
60875439
60876886
60876982
60875562
60876883
60877006
60876261
60837810
60846355
60856838
60867278
60879483
60888878
60900076
60911335
60924111
60934623
60944151
60955935
60966519
60977618
60987999
60999055
61009839
61020399
61030898
61042359
61055127
61065607
61076247
61087959
61098855
61107423
61120287
61131335
61140047
61151751
61163127
61174831
61185319
61193887
61207591
61217423
61229247
61237839
61580373
60879819
60878497
60879530
60879939
60878884
60877964
60879953
60879848
60878232
60879887
60878575
60878658
60879876
60880363
60839564
60849484
60857000
60868395
60879841
60889175
60901551
60912896
60921994
60933359
60945775
60957447
60966255
60978370
60988664
61000712
61010719
61021087
61034639
61043375
61053919
61064575
61075272
61086247
61097776
61106351
61118103
61130895
61139487
61151359
61164575
61173127
61183783
61194408
61209303
61219791
61228567
61240207
61582284
60881677
60880473
60881372
60881744
60880931
60881395
60881771
60880690
60881479
60881843
60880594
60881770
60881861
60881284
60840659
60849091
60859432
60871059
60880139
60891638
60903448
60913217
60925033
60936403
60947851
60957977
60968208
60981384
60990256
61002109
61014027
61026296
61035179
61045720
61059240
61069693
61078438
61091077
61102757
61111454
61122768
61133829
61142526
61153160
61167552
61176192
61186632
61197288
61212101
61222365
61231555
61242115
60881726
60882998
60881627
60883351
60883447
60882054
60883375
60883570
60882756
60882479
60882199
60883875
60883896
60882519
60883915
60841246
60851567
60860537
60870964
60881990
60894263
60903719
60915215
60926471
60938367
60949815
60959607
60970119
60982095
60993895
61004201
61014990
61028140
61036945
61048579
61060987
61069865
61080203
61095828
61104593
61115318
61129078
61137862
61149507
61158198
61170558
61182388
61190686
61200507
61212278
61222790
61234531
61243110
61587220
60886707
60886034
60884635
60886140
60886403
60885150
60886705
60885471
60885471
60886817
60887079
60886070
60885241
60887416
60846477
60855479
60865119
60877338
60888127
60897289
60908706
60921239
60930876
60941562
60952890
60964738
60973617
60985586
60997482
61009519
61020066
61030696
61040959
61052807
61063605
61075191
61084037
61097719
61106482
61116930
61130927
61139687
61151450
61160090
61174471
61183293
61194927
61203698
61218343
61226911
61238906
61247578
61589116
60888720
60888634
60888372
60886987
60888732
60888812
60888115
60888767
60888887
60887917
60888829
60889052
60887915
60888752
60846177
60854894
60864807
60876346
60887626
60896973
60908525
60920749
60931202
60940730
60953573
60962197
60975221
60987077
60995645
61009005
61019506
61028384
61041698
61052290
61063050
61073426
61085309
61097922
61108482
61117501
61131202
61139890
61150389
61162082
61173805
61185221
61193861
61204482
61217253
61227885
61237837
61249517
61590926
60890020
60890085
60888360
60890207
60890099
60890361
60889344
60888528
60889519
60890152
60888848
60891176
60890660
60889515
60847293
60857329
60868508
60876855
60889380
60898639
60911124
60920903
60932408
60942071
60954727
60965215
60975122
60988175
60998735
61008991
61020751
61031311
61041818
61052503
61065936
61074522
61085090
61099031
61109591
61118015
61131031
61142855
61153415
61164008
61175191
61185823
61195991
61206179
61220359
61228847
61240711
61249554
61592588
60891798
60890997
60891704
60891974
60891312
60891843
60892247
60890984
60892889
60892252
60891390
60892455
60891374
60892134
60849647
60860919
60870247
60879847
60889802
60900282
60912863
60924191
60932962
60944706
60955823
60968799
60979359
60989584
61000139
61013880
61025688
61036174
61046804
61057268
61070830
61081462
61090093
61102792
61114616
61125104
61136051
61146632
61158136
61167062
61181456
61190075
61201928
61210675
61225392
61235952
61244531
61256344
60894084
60895099
60893747
60895465
60893955
60894123
60895765
60895813
60894398
60895955
60895826
60895097
60895684
60895965
60895249
60854646
60865319
60875247
60883234
60894767
60905254
60915628
60924703
60935668
60946369
60959134
60969796
60979716
60991433
61003257
61013487
61023945
61035745
61046151
61057793
61070364
61079036
61089593
61103433
61110660
61122393
61130884
61145097
61153703
61165465
61176673
61188473
61197052
61207697
61222556
61231169
61242980
61251585
61263461
60896154
60895412
60897293
60896999
60895668
60897494
60897365
60896143
60897445
60897560
60896829
60897555
60897667
60896842
60896664
60860620
60870757
60880741
60889440
60900301
60910658
60923205
60932624
60945325
60955885
60965496
60978389
60986991
60999328
61009621
61021032
61032749
61044965
61053616
61064221
61077973
61086717
61097157
61108957
61119864
61131413
61142549
61153189
61164741
61174325
61187797
61198381
61208869
61217461
61232405
61240933
61252797
61261351
60898662
60897288
60898832
60897323
60899087
60899097
60897808
60899244
60899257
60898405
60899145
60899367
60898317
60899296
60899468
60860809
60870958
60882753
60893113
60904265
60915361
60924196
60936601
60946388
60956761
60969508
60979596
60990993
61000988
61012825
61024967
61033577
61045100
61056076
61067516
61078004
61089545
61098660
61111081
61122833
61131724
61145601
61154228
61165993
61176540
61188228
61199644
61208476
61220113
61233732
61244233
61252884
61264697
60900422
60899170
60899188
60900553
60899262
60899297
60900716
60901002
60899873
60900787
60899542
60899499
60900902
60901242
60901206
60863044
60875768
60885520
60897029
60906598
60917159
60929212
60938508
60951260
60962839
60971423
60984396
60994191
61003310
61014135
61027268
61037887
61048183
61059111
61070612
61083079
61091716
61102180
61114916
61126740
61137287
61148300
61160004
61170564
61182020
61195764
61205148
61215116
61228892
61238356
61250156
61258611
61605093
60904341
60903698
60904183
60904437
60903436
60904276
60904570
60903489
60902561
60904605
60904625
60902817
60904677
60904673
60863104
60874817
60884078
60894254
60905054
60916266
60927529
60936889
60949649
60958718
60968270
60981222
60990207
61003092
61013669
61023860
61034492
61044884
61057580
61068316
61079316
61087956
61099756
61112380
61123005
61131687
61143332
61154335
61161868
61171396
61178447
61190692
61197279
61205655
61213636
61223900
61237612
61248165
61256943
61267324
60905537
60904415
60906122
60906301
60906485
60905633
60906330
60904889
60905089
60906506
60904910
60905033
60906693
60906685
60905393
60866083
60876539
60885251
60897436
60906454
60918675
60928406
60940596
60950110
60960630
60971886
60982542
60993374
61004886
61014966
61028139
61038700
61047766
61060755
61070652
61081379
61091798
61103635
61113622
61122822
61134371
61143359
61157132
61165886
61176343
61189182
61200604
61209094
61220931
61232822
61244443
61253286
61263926
61608459
60908064
60907842
60906554
60907959
60906671
60906608
60908110
60908493
60907425
60906422
60908618
60908324
60907238
60906990
60865242
60874350
60882676
60894408
60903371
60915544
60927441
60936075
60948664
60958924
60970131
60981536
60991411
61003171
61015072
61024403
61035760
61047560
61057939
61068368
61082216
61092776
61101547
61115304
61125864
61134352
61146256
61157048
61168945
61176683
61189833
61199376
61210225
61218824
61228691
61243456
61252024
61263624
61272488
60910516
60909993
60909844
60908294
60910165
60908548
60908780
60910280
60910229
60909807
60910248
60910384
60909479
60910956
60910512
60872529
60881026
60890474
60901052
60913297
60922578
60934196
60946313
60956157
60967737
60977258
60988325
60999388
61010564
61021109
61031239
61041818
61051077
61062554
61072183
61085324
61094018
61105722
61116389
61128154
61136986
61148618
61159690
61171290
61180285
61192570
61204202
61212890
61224594
61235674
61244658
61254490
61266186
61275229
60911473
60910834
60911410
60911656
60911846
60911725
60911031
60910824
60911923
60910927
60911714
60912011
60911005
60910098
60912035
60872425
60881859
60891481
60903634
60912765
60924986
60934332
60945661
60958434
60967020
60978602
60991613
61000381
61013306
61021868
61034461
61045949
61058106
61069325
61079704
61093114
61103898
61112867
61126474
61135674
61145685
61159658
61168303
61179061
61190706
61203941
61212877
61223122
61233248
61246586
61256381
61266560
61278122
60914791
60913902
60914406
60914060
60915535
60914349
60914391
60913975
60915952
60915850
60914335
60916142
60914586
60914791
60916152
60873526
60882443
60891047
60900620
60912505
60921980
60933004
60944625
60953972
60966745
60976316
60988129
60997980
61008836
61021601
61030444
61042353
61054081
61064652
61076297
61086817
61097780
61108013
61118652
61131729
61140212
61150921
61163244
61174817
61183623
61197873
61206452
61218265
61227100
61241793
61250121
61258689
61268412
61280321
60915976
60917288
60917372
60917323
60915830
60917323
60916019
60917654
60916061
60916482
60915762
60917865
60917741
60916104
60917961
60877015
60884230
60894383
60905753
60917025
60926193
60937865
60950167
60961639
60970417
60981804
60994831
61005313
61017247
61027866
61038178
61048732
61062119
61072753
61081487
61095103
61105649
61114234
61128167
61137329
61147375
61160169
61171986
61180489
61192385
61205567
61214417
61226025
61234625
61248249
61260065
61268825
61280543
60917575
60918819
60917439
60919243
60919267
60917905
60919221
60919452
60918270
60919059
60919418
60918374
60917638
60917702
60919514
60878160
60885799
60897389
60905869
60917016
60929429
60938700
60950512
60960677
60973461
60984909
60994861
61005637
61018397
61027229
61040397
61050885
61059484
61073173
61083701
61094680
61106085
61116573
61127349
61139149
61147789
61159840
61170901
61179541
61190053
61202508
61214397
61224885
61233645
61247221
61257037
61268893
61277565
61621448
60920787
60920888
60919096
60920776
60919501
60920061
60920773
60921091
60920042
60919186
60921281
60921002
60919686
60921459
60878635
60889007
60897727
60909335
60918519
60928175
60939399
60947919
60959247
60970231
60982871
60993359
61003541
61014925
61025053
61036733
61048781
61057541
61071005
61079573
61091501
61103909
61112477
61124373
61135245
61145613
61157365
61168237
61178821
61189045
61201413
61213045
61223533
61232397
61247069
61256069
61267525
61276285
61287917
60922476
60921707
60922577
60922782
60921821
60923392
60922923
60921847
60922575
60922971
60921847
60920999
60922483
60922738
60921495
60886294
60896036
60905143
60915711
60927899
60937245
60948474
60960957
60970650
60980765
60992842
61003053
61014743
61026656
61035219
61047359
61057925
61071541
61080525
61091944
61104424
61112965
61124837
61135469
61147269
61155984
61168821
61180613
61191127
61202648
61214285
61224773
61233861
61245309
61257152
61268717
61279336
61289181
60924441
60926784
60925347
60926872
60925753
60925913
60927145
60927415
60926291
60927163
60927640
60926525
60925553
60927589
60927332
60890517
60897932
60907782
60919410
60930650
60940175
60952385
60963829
60973364
60985130
60996709
61006370
61016975
61030103
61038898
61052025
61058305
61068804
61080585
61092393
61102910
61114721
61125428
61136094
61146795
61157610
61171016
61181969
61190774
61201190
61215536
61224443
61234804
61245643
61260305
61268949
61279584
61289223
60927819
60928426
60928875
60927778
60927002
60928899
60928774
60927193
60928985
60928710
60927416
60928835
60927606
60927630
60929081
60888858
60900293
60908802
60920618
60930121
60942115
60951523
60964043
60975456
60986016
60994864
61007040
61016182
61028915
61039467
61049710
61060077
61073746
61084291
61094883
61105587
61116422
61125464
61137515
61146035
61156728
61170729
61179520
61189995
61200803
61215019
61225472
61236032
61244939
61258592
61270275
61280704
61289342
61631085
60930528
60929511
60931087
60930624
60929884
60930348
60930650
60930449
60929073
60930492
60930928
60930668
60929210
60931081
60888955
60900158
60908940
60921065
60929800
60941142
60953665
60962987
60974785
60986214
60996001
61008830
61019449
61029337
61041150
61051272
61062017
61075484
61085993
61094868
61108337
61118921
61127764
61141497
61152009
61160900
61173601
61185337
61193147
61204905
61216412
61228057
61238545
61247668
61262145
61270916
61282561
61293049
61632870
60932322
60932105
60930760
60932230
60932524
60931537
60930726
60932717
60932361
60931150
60932711
60932885
60931631
60932984
60890306
60900482
60908634
60919314
60929249
60940962
60950247
60962180
60971631
60984190
60993775
61005572
61015319
61027236
61039090
61048239
61060916
61069866
61081967
61093853
61103175
61116159
61124954
61138604
61149151
61157743
61169556
61182431
61191322
61202764
61214258
61225916
61236616
61245106
61258500
61267532
61276303
61286828
61296991
60933575
60934003
60933815
60932356
60934128
60932604
60932691
60934356
60934206
60932941
60934182
60934390
60933621
60933449
60934518
60895000
60905484
60913831
60925860
60934895
60947284
60956631
60969212
60978751
60989311
61002199
61011978
61022834
61035575
61044418
61057615
61068152
61078879
61090263
61099079
61111431
61121263
61132991
61143767
61155600
61164279
61178287
61187528
61197727
61209239
61221735
61232319
61240903
61251951
61266400
61275271
61286727
61295319
60934437
60934111
60934938
60934599
60934134
60935857
60934272
60934643
60935905
60936023
60934462
60934955
60935803
60936084
60935153
60892778
60900547
60910172
60921684
60930683
60941718
60954827
60965390
60974870
60986694
60999107
61009691
61019708
61031612
61041996
61054177
61064689
61076569
61088836
61097588
61110364
61121764
61132273
61143094
61153596
61164596
61178337
61186951
61197652
61208057
61222353
61233121
61242015
61252332
61267220
61277729
61286623
61297284
60935921
60937121
60935820
60937616
60937576
60936222
60940530
60940610
60940569
60940693
60939817
60940516
60940896
60939836
60940596
60898115
60908530
60918608
60928932
60938419
60950616
60962014
60971411
60981880
60994697
61006276
61016147
61026918
61039755
61050369
61060732
61071292
61082113
61095215
61103847
61117671
61126354
61136880
61150647
61159362
61171208
61183247
61193807
61202445
61212959
61225525
61236501
61247965
61256757
61271391
61280221
61291917
61302405
61642960
60942107
60942050
60940569
60940785
60942234
60942242
60941521
60942210
60942389
60941564
60943014
60942487
60941868
60940910
60898696
60907985
60916924
60926908
60935308
60947828
60957084
60969492
60979268
60991735
61001322
61013159
61024831
61033511
61046551
61057199
61067495
61078903
61091415
61100351
61111839
61122530
61131071
61138767
61149135
61158191
61166975
61179335
61190575
61200983
61211375
61223871
61235831
61244262
61256151
61267798
61279687
61290175
61298767
61644391
60943960
60942930
60943802
60944064
60943058
60942282
60944198
60944101
60942517
60944309
60944080
60942698
60944090
60944555
60903419
60912050
60921057
60932342
60943670
60952462
60963174
60973006
60982413
60993979
61006723
61017235
61028947
61038942
61049502
61062982
61071464
61083366
61093825
61104206
61118046
61126601
61137134
61151134
61160310
61170222
61180846
61194966
61203600
61214190
61228630
61236934
61246838
61255400
61270302
61278864
61290694
61301182
61309774
60945263
60943842
60945629
60943977
60944220
60945940
60945811
60944479
60945883
60945998
60945154
60945091
60946172
60945143
60945887
60907234
60917075
60927702
60939474
60948633
60960993
60970412
60981737
60994497
61003510
61014532
61025233
61033260
61046312
61054874
61067130
61078799
61091162
61099793
61110822
61124041
61132721
61144431
61155108
61166928
61177540
61189786
61200287
61209071
61219503
61232151
61243863
61254400
61263103
61277864
61286810
61298263
61306887
60945771
60947102
60945590
60947438
60945697
60946111
60947397
60947694
60946359
60947410
60947653
60946604
60947513
60947736
60946876
60905591
60914888
60925267
60936952
60947712
60957115
60969448
60980835
60990571
61001355
61013760
61023534
61034072
61047216
61057787
61067878
61078467
61087731
61100336
61110256
61120896
61132592
61141288
61153579
61162160
61173971
61182752
61196667
61205235
61215832
61230307
61239243
61250712
61259496
61274280
61284811
61293395
61305216
61649528
60948883
60947904
60948811
60949155
60948004
60947236
60949093
60948988
60947447
60949119
60949058
60947799
60949135
60949579
60908507
60917673
60926617
60937345
60949409
60958673
60969897
60982401
60992017
61004612
61016132
61026076
61036580
61049604
61058244
61071604
61080247
61092908
61104316
61113116
61125468
61137220
61146540
61156236
61166148
61177860
61187324
61200628
61209324
61220972
61232428
61244188
61254676
61263268
61278140
61286804
61298604
61307548
61651234
60950750
60949668
60948881
60950543
60949188
60949263
60950612
60950901
60949852
60949047
60951099
60951122
60949223
60951254
60910405
60917483
60927826
60939094
60948448
60959585
60972110
60981462
60992284
61002854
61014374
61026246
61037969
61048372
61059710
61068513
61080217
61088661
61101110
61112937
61123641
61135278
61145940
61156462
61167446
61178985
61189457
61200761
61212265
61220553
61231809
61243697
61252401
61262921
61275675
61289745
61301433
61311993
61656305
60955801
60954928
60955657
60955986
60954878
60954081
60956077
60955905
60954428
60956855
60956398
60955113
60956020
60954815
60914227
60925241
60933918
60946078
60954958
60967262
60976622
60989302
61000734
61009508
61022185
61031857
61043844
61053672
61064417
61077708
61088225
61097489
61110345
61120937
61131508
61142145
61153833
61164780
61176409
61186897
61197924
61209705
61218436
61229977
61241331
61253225
61263785
61272305
61285316
61293507
61305313
61313900
61658066
60957431
60956544
60957302
60957623
60956558
60955860
60957682
60957644
60956065
60957636
60956297
60956321
60957649
60958064
60915920
60926231
60935299
60947208
60957960
60967312
60979768
60987594
60998579
61010930
61020738
61032417
61042262
61054124
61065964
61076231
61087940
61098500
61108940
61119743
61133084
61141718
61152308
61164108
61174799
61186636
61195966
61209332
61219892
61228604
61242972
61251831
61262284
61273964
61285663
61297500
61306314
61317892
61660013
60959350
60959256
60959232
60959451
60959550
60958141
60959532
60959652
60958790
60959634
60959710
60958794
60959517
60959865
60915827
60923372
60934892
60943572
60954567
60966628
60978631
60989018
60998405
61009946
61022794
61033306
61043026
61055026
61066826
61078930
61089474
61098330
61110818
61122234
61132717
61142692
61153186
61167189
61175837
61186634
61196309
61210218
61219061
61230623
61243874
61252541
61263106
61274858
61286685
61298394
61308882
61317893
61661570
60960970
60960017
60960782
60961095
60960075
60959286
60960743
60961399
60961439
60960411
60961163
60961508
60961459
60959752
60917977
60926543
60935319
60945463
60956199
60967004
60978297
60989183
61000092
61012900
61024356
61033223
61044671
61057924
61068476
61078649
61089223
61099807
61112132
61123964
61134655
61145076
61156860
61167551
61178599
61189948
61202812
61211591
61223268
61233852
61247052
61257612
61266191
61278100
61291660
61300503
61310991
61321468
61663301
60962820
60961432
60962716
60962820
60962038
60962141
60962940
60962003
60962750
60962996
60961941
60962821
60963188
60962128
60920625
60930123
60940115
60948694
60959187
60972003
60982718
60994003
61002774
61015478
61026902
61035846
61048518
61058390
61070254
61082367
61090929
61101555
61113270
61123675
61137444
61146198
61157835
61170555
61179358
61190931
61201484
61212718
61224187
61232886
61247355
61255910
61266507
61278307
61290302
61301771
61310350
61322163
61664971
60964428
60963296
60964176
60964510
60964434
60963690
60963968
60962957
60965304
60963168
60963262
60964662
60964994
60963929
60921327
60931694
60940557
60952101
60963333
60972944
60982048
60993373
61002853
61015637
61025064
61036064
61048784
61060672
61069192
61080456
61092008
61103808
61116120
61124963
61137211
61147808
61158368
61172304
61180807
61191648
61201267
61213263
61225152
61234043
61248368
61258880
61267712
61279344
61290978
61302760
61311520
61323224
61666709
60966149
60965248
60965904
60966217
60965269
60966029
60966366
60965328
60964464
60966361
60966237
60964677
60966571
60966339
60924745
60933852
60945666
60954770
60966634
60975847
60988370
60999709
61009309
61021149
61032629
61042837
61050392
61061312
61072965
61084989
61094128
61105525
61117824
61126667
61138941
61150752
61159512
61173269
61183816
61192421
61204232
61215296
61226941
61237488
61248845
61260573
61269416
61279797
61294680
61303485
61313080
61324165
61333960
60966648
60965886
60968000
60967763
60966097
60967921
60967790
60966291
60968191
60966584
60966661
60968273
60968327
60966936
60968415
60932001
60941897
60951057
60962385
60971513
60983985
60993513
61004737
61017433
61027012
61038849
61050489
61059201
61071121
61082881
61093193
61103561
61116361
61125417
61135353
61147833
61156545
61171961
61184633
61195145
61205705
61216601
61227257
61237817
61252321
61262881
61271724
61282145
61292689
61305785
61316273
61326737
61338537
60972060
60971391
60973360
60971783
60971961
60973528
60973568
60972282
60973667
60973715
60972938
60973600
60973720
60972959
60973771
60938452
60947087
60957432
60965946
60977064
60989368
60998979
61011392
61022840
61032840
61044197
61054088
61065821
61077704
61086472
61098397
61110229
61120867
61132429
61141016
61154773
61165285
61173840
61187168
61195056
61205101
61218872
61229373
61238096
61247339
61259540
61270320
61282061
61292573
61304464
61315285
61326728
61335533
60974666
60974935
60973325
60975163
60973632
60973791
60975369
60975411
60973988
60975277
60975322
60974620
60974597
60975602
60974382
60934352
60943356
60953540
60964268
60974988
60985564
60998036
61009396
61020973
61029652
61041287
61054100
61064612
61074583
61085180
61098573
61107223
61119756
61130324
61141900
61152604
61162836
61173556
61187428
61197988
61206844
61219844
61231340
61240151
61250140
61262732
61272612
61281391
61291764
61306596
61315415
61327052
61335644
60975487
60976497
60975022
60976732
60975281
60975561
60977059
60977174
60975716
60977061
60977093
60976108
60976967
60977264
60976615
60935032
60946293
60955528
60966837
60976008
60988325
60997736
61010349
61019997
61031717
61043165
61053005
61064805
61074749
61086557
61096984
61108557
61119109
61129423
61140016
61151960
61161621
61171816
61183528
61193917
61205669
61214712
61226993
61238261
61248821
61260173
61271941
61280693
61292405
61304637
61313840
61322384
61332184
61343757
60978506
60977702
60979246
60978797
60977831
60977053
60978950
60978826
60977218
60979082
60977589
60977549
60978957
60977685
60977634
60941386
60950093
60959707
60971958
60982966
60992321
61003350
61016070
61027615
61036411
61047758
61060665
61071179
61081305
61091968
61104910
61115694
61126145
61136905
61147571
61160971
61171486
61180404
61192830
61204590
61213166
61227382
61237862
61246526
61260890
61269661
61281437
61291866
61304005
61315354
61324114
61335818
61344386
60979111
60978524
60980563
60980271
60978932
60979326
60978529
60980599
60978971
60979214
60980679
60980754
60979942
60980679
60980847
60942173
60951157
60960935
60971452
60983815
60994975
61006303
61015527
61027332
61038932
61048484
61061524
61070180
61081684
61091516
61101884
61113682
61125796
61134439
61145087
61158759
61167514
61178919
61190082
61200847
61212260
61223067
61233716
61245220
61254228
61268660
61277187
61288311
61299340
61311420
61323100
61333612
61342348
60981681
60980868
60981692
60981965
60980894
60981742
60980521
60980612
60981948
60982325
60981237
60982360
60982577
60982526
60982523
60982638
60947477
60953707
60961971
60971528
60981625
60993932
61003469
61015946
61025518
61037230
61048737
61058782
61070342
61080439
61092084
61104086
61112948
61123511
61134898
61145586
61158130
61167826
61178445
61192394
61200941
61212786
61223538
61234573
61246059
61254725
61269138
61278066
61287739
61297442
61312266
61320821
61332795
61341442
61684608
60983876
60983507
60982197
60983549
60983958
60982848
60982126
60984036
60983768
60982472
60984228
60984356
60982971
60984891
60940313
60950417
60958934
60970707
60979947
60988254
61000718
61010254
61022785
61032371
61044723
61054262
61065363
61077190
61087267
61097606
61111097
61119737
61133254
61143758
61152323
61166155
61176691
61185462
61198014
61209779
61220358
61231230
61243123
61253678
61264950
61275595
61287283
61297187
61310747
61319390
61331251
61339851
61351625
60985211
60983805
60985673
60984059
60984400
60985764
60985796
60984904
60985681
60985892
60984912
60985848
60985980
60984736
60985736
60948014
60957056
60966892
60977503
60989806
60999226
61008806
61020614
61030212
61042046
61053566
61063612
61073902
61086948
61097665
61107791
61118335
61131628
61142462
61151234
61163732
61174553
61186041
61198631
61207468
61218076
61231926
61242486
61251260
61261732
61276239
61286718
61295364
61307279
61320780
61329905
61341249
61349809
60986551
60985608
60985758
60987043
60987422
60986349
60987114
60987437
60986335
60985671
60987619
60987677
60987948
60987378
60986258
60947082
60957585
60967590
60977105
60987684
60999790
61013457
61025972
61037302
61046185
61058561
61070422
61077421
61088182
61098001
61111209
61121801
61130502
61143977
61152705
61166222
61176892
61185574
61199310
61209993
61219774
61228982
61241369
61253169
61262188
61276273
61284788
61295820
61305444
61320057
61328921
61340486
61348926
61694036
60993316
60992472
60993171
60993607
60992854
60993259
60993647
60992934
60993363
60993684
60992995
60993558
60993772
60993115
60951616
60960934
60970820
60981779
60993363
61002943
61015379
61024689
61037470
61046107
61056958
61069918
61080446
61090470
61101001
61114283
61122353
61134033
61144057
61153095
61164470
61176233
61186839
61195385
61209278
61217929
61229721
61242513
61251164
61263083
61274676
61285827
61295041
61306324
61318183
61330011
61340547
61349148
61360939
60993184
60992941
60994715
60994913
60995116
60995064
60993328
60995370
60994974
60993702
60995359
60993822
60993987
60995447
60993920
60956765
60966751
60976351
60985191
60997455
61006631
61019207
61028751
61041319
61050143
61061543
61074447
61083087
61095015
61106815
61117063
61128743
61139135
61149703
61161535
61171983
61182879
61194359
61203592
61212815
61224415
61235391
61247176
61255703
61267599
61278855
61290751
61301271
61310074
61324799
61333359
61345175
61355671
61697047
60996514
60995454
60996369
60996682
60995786
60996604
60996949
60995911
60994889
60996067
60996852
60995423
60996817
60995547
60954887
60966062
60974453
60986218
60995229
61006186
61018771
61028317
61039692
61051492
61060932
61072716
61084596
61096532
61105172
61117227
61129027
61141267
61149822
61160918
61174267
61184755
61193406
61207355
61217843
61226627
61239702
61251259
61259971
61268822
61281427
61291091
61303059
61310995
61323971
61335307
61346156
61355086
61698779
60998223
60997062
60997971
60998531
60997482
60996575
60998520
60998431
60996852
60998663
60997092
60997116
60998436
60998842
60957736
60966207
60976277
60986595
60995904
61008207
61017818
61030229
61039056
61051672
61061328
61072979
61082608
61094621
61106504
61116728
61128365
61137216
61150565
61159072
61172968
61182485
61193253
61204088
61215894
61224349
61236261
61247237
61259064
61267632
61282085
61292737
61301224
61311821
61326752
61334125
61344757
61353811
61363373
60999784
60999177
60999021
61000069
60998980
60999814
61000127
60999387
60999851
61000298
60999209
60998382
61000266
61000404
60998900
60962236
60972634
60980993
60991797
61004088
61013440
61024789
61037176
61048709
61057712
61068864
61080920
61092413
61104285
61112968
61125067
61135997
61149197
61159841
61170374
61181096
61191653
61203205
61215256
61222405
61234037
61245147
61255565
61267429
61277227
61290461
61301093
61309718
61321509
61333328
61343797
61354149
61365424
61002048
61001585
61000117
61000644
61000047
61001610
61000440
61000922
61001741
61002190
61001048
61001821
61002115
61000978
61000234
60961485
60971834
60981767
60992543
61001546
61013895
61023695
61035855
61045869
61057239
61067312
61079794
61090295
61100279
61112309
61124215
61132866
61145167
61156919
61165578
61179335
61187914
61198546
61212351
61221135
61232037
61245695
61254362
61264983
61276671
61287986
61299823
61308607
61319106
61331999
61342842
61354250
61362818
61032251
61002957
61001872
61003562
61003629
61002407
61003752
61003969
61002692
61002751
61001996
61003861
61003623
61002372
61003933
60962926
60972058
60980743
60992968
61003838
61012923
61024288
61036880
61046454
61058414
61069926
61079798
61090158
61103326
61112174
61124494
61133171
61143158
61156459
61165534
61178875
61187646
61198014
61211963
61220713
61231446
61245230
61253990
61265699
61276259
61287526
61299307
61309851
61318489
61333387
61343958
61352454
61363123
61705697
61005126
61005074
61003488
61005016
61003806
61003787
61005187
61005468
61005430
61003822
61005599
61004086
61004755
61005473
60962758
60971016
60980666
60989667
61001189
61012443
61022320
61034157
61045536
61055299
61067852
61078501
61088365
61100501
61111901
61121047
61133914
61144501
61154973
61166677
61179117
61187709
61199509
61210405
61222050
61230591
61242442
61255306
61263944
61275786
61288341
61297053
61307498
61319304
61330885
61342650
61351552
61361301
61372610
61005144
61004984
61006870
61005301
61005580
61007134
61007035
61006317
61007101
61007163
61006234
61006981
61007302
61006253
61005386
60970124
60980180
60988903
60999979
61011928
61020832
61030168
61042008
61050720
61060511
61073408
61085072
61093736
61106808
61115541
61128780
61139276
61148679
61160367
61170114
61182696
61194496
61203082
61215739
61227512
61236304
61250280
61258736
61269432
61281248
61292688
61304400
61312992
61324496
61336584
61347216
61358768
61367432
61709149
61008521
61008673
61007926
61007088
61008729
61008766
61007851
61011677
61013285
61012016
61011997
61013365
61013654
61012541
60970057
60977996
60987956
60999515
61008290
61020559
61030615
61042295
61051847
61064587
61074237
61085174
61095382
61105090
61114938
61126898
61137210
61147644
61161144
61171706
61180450
61194146
61204647
61213167
61227191
61237735
61246578
61259191
61271002
61279770
61294218
61302738
61313431
61325135
61335623
61347538
61359111
61369802
61378514
61013236
61013515
61014937
61014972
61014128
61015011
61015062
61014357
61014770
61015131
61014109
61013247
61014141
61015015
61015159
60976526
60985164
60994713
61006839
61015850
61028071
61038006
61049999
61059765
61071383
61080930
61093938
61102709
61115674
61126178
61136525
61146530
61157330
61168055
61177919
61188381
61200231
61209109
61222794
61231314
61243186
61251957
61265823
61274712
61286295
61297725
61309442
61319871
61328573
61343418
61352045
61363823
61372717
61717140
61016802
61016598
61014902
61016422
61015169
61015694
61014833
61016834
61016537
61015217
61017010
61015489
61015651
61017004
60976141
60985444
60995428
61006212
61015044
61027484
61037031
61048196
61060964
61069566
61081199
61094068
61104580
61116484
61125071
61137647
61149148
61158244
61169948
61181876
61193532
61202126
61211940
61225116
61233908
61245588
61255119
61268308
61276803
61288460
61301940
61310940
61322356
61331188
61345812
61354639
61366276
61374811
61718855
61018330
61018065
61016793
61018137
61016865
61016883
61017646
61018353
61018674
61017617
61016774
61017957
61018478
61017073
60975366
60983282
60993008
61004784
61013359
61025003
61037728
61046231
61057840
61070480
61079863
61091832
61101744
61113472
61125224
61134504
61147296
61156043
61168176
61179928
61189288
61202272
61211056
61224848
61233704
61244272
61255752
61267664
61277696
61284920
61294656
61307427
61317808
61327575
61339464
61351032
61362632
61373416
61383344
61018827
61020182
61020350
61019146
61020093
61020516
61019776
61020280
61020663
61019595
61018758
61020765
61020510
61019177
61021390
60981181
60991579
61000019
61010862
61023017
61033010
61043713
61056185
61067633
61076435
61089091
61100753
61109537
61121673
61133137
61143457
61153825
61166122
61176044
61186833
61200369
61210857
61219657
61233433
61243945
61252801
61265868
61277233
61286065
61296441
61310953
61319441
61330185
61339945
61353305
61363217
61372273
61382097
61722574
61021964
61021019
61021849
61022095
61021140
61020241
61021218
61021923
61020750
61022051
61020830
61020862
61022139
61020907
60980757
60990735
61000787
61009440
61021787
61032955
61042475
61054808
61066315
61075131
61086531
61099448
61107962
61119944
61131688
61141864
61152520
61164056
61173336
61182224
61191355
61204296
61214888
61225448
61238128
61248672
61257416
61271352
61280099
61291872
61303307
61313712
61325464
61334040
61348928
61358019
61369392
61377971
61389744
61023479
61022940
61022263
61023489
61023772
61023750
61022260
61024090
61022599
61022630
61024095
61024186
61023294
61024095
61024306
60986350
60995620
61005234
61015378
61024533
61036730
61048075
61057429
61070202
61078786
61091596
61103214
61112117
61123844
61135628
61147799
61158359
61168679
61179340
61189842
61201951
61213460
61223991
61234695
61245268
61257020
61268202
61277244
61286940
61298740
61310351
61321820
61330591
61342236
61355796
61364698
61375060
61386844
61024036
61023846
61024268
61025474
61025572
61024747
61026305
61024481
61026404
61025773
61025521
61025689
61025965
61025890
61025994
61026048
60986527
60994322
61000921
61010384
61017747
61028726
61040656
61050210
61062888
61074360
61086019
61094857
61106267
61118155
61128046
61138830
61152067
61162627
61173113
61183582
61195342
61206030
61216910
61228259
61239201
61249561
61261398
61272532
61282790
61294691
61307977
61316569
61328086
61339004
61351819
61362417
61371281
61381582
61393404
61026104
61025480
61027631
61025874
61026122
61027499
61027547
61026850
61026474
61027747
61026441
61025916
61027471
61027682
61026660
60991301
61000301
61012050
61020619
61032957
61042176
61054765
61064245
61076941
61086648
61098293
61108283
61119861
61130083
61140509
61151827
61163613
61175829
61185733
61194608
61206837
61218713
61227269
61241158
61249744
61260317
61272418
61283012
61294836
61303759
61317844
61326495
61338332
61346959
61361861
61370484
61382116
61391007
61027299
61028960
61029133
61028201
61028905
61029116
61028262
61029902
61029279
61028630
61029086
61029429
61028503
61027558
61028602
60991566
61001585
61010115
61022012
61031151
61043564
61052255
61064740
61074260
61086102
61095855
61108628
61117871
61129264
61140954
61151313
61161742
61175258
61184025
61194444
61206124
61216780
61228276
61239412
61251084
61259859
61273804
61284270
61293007
61303580
61316148
61327924
61338404
61347010
61361974
61370754
61382350
61392925
61030447
61030195
61029031
61030576
61030745
61029499
61030860
61030996
61029654
61030940
61031082
61030214
61030255
61031151
61029998
60991619
61001110
61012244
61021219
61032454
61044451
61055779
61065198
61076835
61088455
61098140
61111092
61120606
61132108
61140804
61154128
61164616
61175128
61186760
61197352
61208136
61219827
61228314
61241968
61251491
61261752
61275544
61284050
61294746
61306546
61318005
61328682
61338970
61350794
61364394
61372874
61384842
61395402
61031873
61032222
61031176
61030477
61037611
61037510
61036265
61037951
61038082
61036761
61037986
61038103
61037353
61037991
61038151
60998943
61009947
61021475
61030427
61041403
61053731
61063390
61075731
61085251
61097779
61106854
61118379
61130203
61140051
61150699
61162118
61172670
61186243
61194859
61204854
61215566
61227475
61236187
61249979
61259111
61270387
61283187
61291779
61303683
61312486
61325635
61337307
61345899
61357795
61369614
61381251
61391819
61400611
61038471
61038777
61039216
61038127
61037255
61038556
61039109
61037816
61039283
61038086
61038027
61039430
61038083
61038166
61039609
61001170
61010508
61019335
61028316
61038687
61050908
61060452
61072750
61082797
61093038
61103758
61115610
61127383
61137378
61148040
61159464
61170258
61181621
61191831
61203912
61214381
61226093
61234706
61248669
61257262
61268360
61277397
61289613
61298250
61308805
61321238
61333002
61341931
61353504
61365067
61376667
61385811
61395983
61741655
61040956
61039464
61040720
61039416
61041327
61041322
61040604
61041341
61041461
61040599
61041404
61041717
61040860
61041340
60999765
61008326
61017119
61027455
61039916
61049260
61060361
61071849
61083591
61095081
61105063
61116423
61128247
61140079
61148796
61161052
61172735
61182072
61193759
61204210
61217722
61228455
61239039
61250055
61259759
61270559
61284370
61294823
61303804
61314233
61327384
61336369
61345641
61357295
61369156
61380807
61389428
61400020
61743174
61042553
61041493
61042459
61042788
61041776
61040797
61042814
61042725
61041189
61042112
61043012
61043113
61042061
61043736
61001503
61009915
61017667
61027868
61039596
61049127
61061954
61070618
61083237
61092911
61105530
61114360
61127090
61138922
61147522
61159490
61169675
61180146
61193675
61202677
61214099
61224805
61236493
61249042
61257642
61269581
61278336
61292226
61302714
61311378
61325933
61334760
61346274
61355248
61369759
61378589
61389021
61399274
61407154
61042819
61044134
61044278
61043133
61044139
61044503
61043389
61042768
61044365
61043058
61043042
61044469
61043189
61043205
61044626
61004059
61014287
61025823
61035047
61046164
61058079
61067527
61080089
61089815
61100365
61113076
61122997
61134577
61144770
61155132
61168409
61177242
61190719
61199380
61209842
61221783
61232447
61243993
61254704
61266432
61275224
61289240
61299777
61308317
61320240
61331648
61343320
61353897
61362624
61377368
61386088
61397488
61408337
61045410
61045010
61044747
61046066
61044890
61046258
61046338
61045444
61046049
61046545
61046490
61044733
61045673
61046341
61045093
61003536
61011631
61021250
61031718
61043668
61053647
61066066
61074929
61087073
61096601
61107530
61118076
61131023
61141172
61152721
61164960
61173805
61185370
61195794
61207556
61216844
61227842
61237727
61249532
61260458
61271905
61280570
61292933
61303343
61313437
61327420
61336356
61348139
61356900
61368236
61380300
61391996
61400522
61412438
61047642
61047652
61046065
61047807
61046506
61046447
61047858
61046637
61046637
61046645
61046493
61048917
61048473
61048373
61046712
61062709
Peak: 62189694
Average: 60010334.08523647
