0
286379
415569
417281
417313
418040
418072
418313
418136
418314
418264
418296
418328
418441
418473
418424
418432
418633
418667
418616
418648
418793
418826
418752
418890
418986
419018
418944
419082
419032
419145
419179
419104
419305
419337
419497
419402
419434
419360
419416
419531
419576
419608
419616
419754
419704
419712
419850
419776
419915
419947
419978
420010
420032
420171
420202
420128
420266
420192
420224
420256
420395
420320
420352
420384
420536
420544
420576
420865
420745
420778
420810
420736
420873
420824
420939
420969
421024
421056
421088
421144
421259
421184
421216
421248
421388
421312
421368
421376
421432
421546
421472
421504
421664
421696
421835
421866
421792
421824
421962
421912
421920
421976
421984
422249
422048
422080
422218
422252
422569
422368
422508
422540
422464
422496
422635
422668
422699
422624
422656
422796
422720
422752
422891
422923
422848
422880
422912
422944
423136
423168
423224
423232
423264
423296
423352
423384
423500
423424
423456
423488
423753
423552
423584
423616
423648
423680
423712
423744
423968
424000
424032
424064
424096
424128
424160
424192
424331
424256
424288
424428
424352
424492
424416
424448
424587
424512
424544
424576
424608
424746
424780
424812
425067
424992
425048
425080
425112
425144
425259
425184
425216
425248
425280
425312
425344
425482
425641
425440
425472
425504
425536
425568
425600
425632
425664
425696
425728
425784
425792
425824
426219
426144
426176
426208
426240
426272
426304
426443
426392
426506
426456
426488
426520
426528
426560
426592
426624
426656
426688
426720
426752
426808
426840
426872
426904
426912
426944
426976
427008
427040
427072
427104
427424
427456
427488
427520
427552
427584
427640
427672
427680
427712
427768
427776
427808
427864
427896
427928
427960
427968
428000
428032
428088
428120
428128
428184
428216
428248
428489
428312
428344
428352
428408
428440
428448
428504
428536
428568
428896
428928
428960
429016
429048
429080
429112
429144
429152
429184
429240
429248
429304
429336
429344
429376
429408
429440
429705
429504
429536
429568
429600
429632
429664
429720
429752
429760
429792
429824
429856
429888
429944
429976
429984
430016
430048
430186
430136
430144
430528
430560
430592
430624
430656
430712
430744
430752
430784
430816
430848
430880
430936
430944
430976
431032
431040
431096
431128
431160
431192
431200
431256
431264
431296
431328
431384
431416
431448
431480
431512
431520
431552
431584
431640
431648
431680
431712
431744
431776
431808
431840
431896
431904
432320
432352
432617
Peak: 436128
Average: 423503.9606741573
