0
215859
260234
257922
258011
259248
259280
259312
259263
259592
259391
259505
259537
259569
259600
259632
259664
259912
259792
259976
259856
259807
259922
259953
259927
260081
260113
260145
260119
260209
260241
260273
260305
260401
260434
260466
260497
260447
260479
260593
260543
260753
260703
260817
260767
260881
260913
260945
260977
261009
261041
261073
261105
261233
261265
261297
261329
261361
261393
261576
261457
261490
261521
261553
261585
261713
261745
261777
261809
261841
261874
262056
261938
261969
262001
262034
262065
262225
262257
262289
262321
262353
262385
262417
262449
262482
262664
262545
262578
262609
262641
262674
262705
262865
262897
263080
262961
263144
263025
262975
263089
263121
263153
263185
263218
263249
263281
263313
263345
263537
263569
263602
263633
263665
263697
263729
263703
263793
263825
263857
266207
263921
263953
264136
264017
264049
264081
264113
264145
264337
264520
264552
264584
264407
264648
264680
264712
264744
264776
264599
264840
264872
264904
264936
264968
265000
265032
265064
265096
265320
265201
265384
265416
265448
265480
265303
265393
265425
265457
265489
265522
265553
265586
265617
265649
265681
265631
265745
265778
265809
265992
265873
265905
268479
266344
266225
266257
266289
266321
266353
266536
266417
266449
266399
266431
266545
266495
266609
266641
266824
266705
266655
266769
266801
266833
266783
266815
266847
266961
266993
267025
267313
267263
267377
267409
267592
267062
Peak: 269815
Average: 261784.7729468599
