0
316277
770268
1040950
1565125
2304605
2714950
3005256
3627880
3811510
4411378
5164032
5340865
5687380
6152019
6628461
7073974
7322639
7906966
8279090
8694669
8972937
9303266
9522930
9861194
10631484
11069404
11648531
12366352
12681061
12957152
13462826
14013112
14507709
15111436
15597595
15923626
16309512
16463171
16596078
16660892
17007429
17174663
17463636
17850721
18005921
18225730
19523807
19356525
19525290
19633339
19636179
19883375
20069281
20208385
20377282
20784822
21303900
21723182
22206676
22649613
23205203
23410063
23815095
24139091
24356711
24504535
24685299
24885743
25057013
25402486
25773909
26090914
26574305
26949329
27555287
28244111
29106175
29771730
29865070
29870686
29873270
29887765
29895533
29917524
30491933
31159940
31424428
31662497
31847051
32024654
32245141
32312956
32406731
32468229
32524716
32688445
33115535
33231692
34269794
33794308
34290709
34505518
34587156
34632891
34604193
34686463
34993395
35148248
35693943
35916847
36218494
36697326
36768369
37010128
37631964
37725374
37929613
38324043
38324056
38324103
38324271
38220773
38601232
38801181
39006235
39067623
43015466
43069027
43341371
43411654
44010041
44079364
44139891
44197599
44258541
44285573
44369767
44425245
44481185
44532976
44598066
44773841
44903294
45089891
45448217
45544347
45773594
46317725
46709493
46774323
46877652
47057846
47123049
47309605
47396860
47515664
47572413
47894344
48049718
48268292
48477365
48705753
48984830
49299693
49407086
49521491
49647112
49840241
50105950
50175604
50262391
50287463
50303279
50337383
50402847
50447928
50610205
50687095
50823496
50995150
51325150
51466011
51764126
52021724
52399320
52552161
52861005
53148534
53618374
54235000
54448843
54529748
54534046
54609370
54640388
54783412
54921904
54966207
55019278
55461775
55755581
55869043
56027966
56445343
56834846
56901702
56894354
57281542
57408350
58893440
57645554
57866988
58025133
58119143
58240833
58492633
58516293
58493542
58874145
59611650
59771622
59861566
59934670
59997878
60047597
60209426
60257806
61185167
60701377
60843923
60855186
60647663
60653074
60655003
60657820
60661642
60663561
60665620
60667539
60669872
60672020
60672242
60676144
60677607
60678904
60679614
60680760
60682305
60685737
60684402
60685906
60687482
60687175
60689255
60689627
60691989
60690686
60690980
60692253
60691938
60693967
60694841
60694817
60694218
60695257
60698256
60701588
60702240
60703163
60702721
60703813
60705053
60704477
60706615
60707094
60707487
60707381
60707364
60709621
60709722
60710887
60711107
60711608
60715125
60714102
60715742
60715262
60716714
60716510
60718282
60717120
60718968
60719128
60719709
60718121
60720894
60721562
60721800
60722339
60722304
60723921
60725126
60726636
60727085
60727997
60727021
60728428
60729198
60730206
60730755
60731038
60729911
60729969
60731650
60733719
60732465
60734802
60736679
60736668
60736483
60738558
60738419
60738468
60739427
60739354
60738981
60740477
60741490
60741672
60741968
60741850
60742950
60742101
60745554
60745420
60746105
60746590
60748005
60748427
60748727
60747954
60751703
60750278
60750643
60749378
60753393
60754146
60752304
60751234
60751761
60752191
60758698
60755587
60755986
60756924
60757398
60758950
60758726
60759801
60760125
60760619
60761048
60760227
60759905
60762076
60765475
60765962
60763429
60766251
60770108
60770407
60766518
60766934
60766837
60768517
60772482
60770050
60770073
60771132
60771609
60771940
60772244
60775988
60773913
60773372
60777826
60777432
60778137
60779402
60780043
60780506
60781398
60782014
60782261
60782927
60782315
60781980
60783417
60785132
60789800
60791214
60786567
60791322
60791064
60790469
60792279
60797657
60792899
60794844
60795390
60795556
60799717
60796207
60796811
60801012
60797296
60797597
60796829
60798726
60797187
60800832
60806555
60800709
60801524
60803408
60802623
60808812
60802574
60805248
60805599
60805632
60806188
60806720
60807181
60807740
60806721
60807092
60809883
60809939
60810287
60811963
60813036
60813639
60819263
60814550
60814925
60815084
60814741
60815911
60815259
60815427
60816017
60823525
60816648
60821263
60820682
60822625
60823171
60823423
60822977
60823482
60824681
60830725
60825452
60823803
60824938
60826652
60827037
60826250
60826503
60828499
60828898
60831719
60855290
60846779
60848819
60850301
60851211
60851806
60852563
60851735
60852705
60853854
60854692
60855067
60855171
60855916
60856158
60854850
60857085
60859107
60859571
60859966
60860310
60861844
60862767
60869090
60861828
60863261
60863988
60863687
60871450
60865240
60864382
60864372
60866397
60864779
60866485
60861291
60862975
60862080
60862040
60863453
60863748
60865765
60864868
60873437
60867437
60867818
60868040
60867663
60868145
60877640
60870784
60869904
60869871
60874846
60873908
60874356
60875955
60876252
60884385
60877633
60878105
60878547
60878954
60879496
60880065
60880467
60888500
60879971
60881556
60881094
60885305
60885602
60884323
60885333
60885077
60885208
60886447
60887051
60888527
60889306
60889343
60898284
60888946
60898753
60892643
60889840
60891621
60891872
60894523
60894006
60904443
60896320
60896947
60896440
60896443
60896084
60898670
60897270
60899509
60899860
60898630
60899836
60909864
60901671
60901891
60901628
60905179
60914650
60905457
60906468
60905420
60906395
60907582
60908354
60907138
60907730
60909417
60909895
60908080
60911268
60911909
60921514
60912424
60922073
60914499
60915428
60926151
60916934
60915418
60917721
60917073
60918385
60917829
60918392
60919547
60919206
60920344
60930891
60921336
60920460
60931719
60921380
60922825
60925901
60924455
60925305
60927070
60926193
60927820
60938259
60928348
60928282
60928106
60930009
60931946
60929097
60930718
60941533
60930296
60929866
60932437
60933869
60935862
60935291
60936540
60937113
60937646
60936633
60948865
60937342
60937092
60939537
60950964
60938947
60939191
60939333
60939839
60941770
60940972
60944172
60945620
60944462
60944909
60945655
60947135
60946958
60946290
60946140
60948630
60947911
60949383
60949522
60961568
60948353
60951054
60962560
60951853
60952170
60954039
60955727
60954500
60956364
60957537
60956780
60956237
60958597
60959108
60959548
60958680
60958125
60960657
60959975
60961707
60962167
60960766
60962941
60964668
60966147
60966720
60968114
60980806
60968055
60968176
60970142
60969483
60983410
60970263
60969926
60971080
60972778
60973105
60973520
60972689
60974198
60975625
60977519
60976337
60978429
60977727
60977821
60979629
60979784
60993359
60980887
60980908
60994759
60994737
60982504
60982879
60981107
60982158
60996927
60985495
60985393
60986550
60987884
60986997
60987406
60987816
60988435
60988478
60989635
61004153
60991323
60993555
60992359
60992006
60993173
60991711
60993523
61010447
60996192
60995765
60997918
60996589
60998891
60998370
60998455
60998401
60998371
61000834
61000965
61001546
61001842
61001957
61002585
61002964
61004121
61004369
61007880
61006750
61007852
61007571
61023467
61008294
61009021
61008579
61025041
61011105
61011058
61011882
61026527
61011168
61013126
61012525
61013469
61014230
61017166
61031847
61016254
61018124
61017763
61019068
61019453
61034365
61020333
61019488
61020959
61019977
61021764
61021055
61022253
61022064
61038423
61021808
61025754
61027028
61027057
61025563
61026133
61026922
61028078
61029257
61027550
61030198
61030505
61046302
61031272
61031588
61031130
61031997
61048103
61032824
61051983
61035028
61036477
61037099
61035927
61037490
61036557
61038727
61038338
61038533
61055951
61038309
61040790
61039638
61040387
61041932
61058211
61042677
61045067
61046249
61044411
61044544
61045339
61043393
61044410
61044741
61045311
61063254
61047106
61045924
61046603
61064726
61048551
61048771
61049485
61049778
61052827
61053334
61053592
61053282
61052617
61052950
61053573
61056997
61055335
61073704
61056863
61057864
61057990
61058190
61058924
61059138
61058942
61059814
61060345
61080400
61062616
61063886
61064508
61064842
61064789
61065777
61064544
61066500
61066722
61067353
61066507
61066337
61068389
61067139
61068189
61068977
61068227
61072823
61091104
61073686
61074196
61073763
61072795
61075572
61074579
61074949
61076293
61094816
61076948
61077621
61077811
61078326
61078670
61079048
61079574
61081398
61081780
61081692
61082399
61083847
61084295
61083098
61083071
61084744
61104174
61086314
61086863
61105299
61087108
61106133
61086934
61088494
61091588
61091513
61111035
61090416
61090709
61093291
61094080
61093767
61092976
61093598
61094864
61095759
61115210
61097668
61117318
61098836
61099372
61098714
61100069
61101585
61101695
61104112
61104410
61104917
61104016
61104819
61105800
61106662
61106867
61107084
61106077
61107955
61108324
61109114
61111041
61108506
61109394
61111321
61113413
61112533
61114040
61134108
61114977
61115314
61115563
61114527
61116280
61136755
61117423
61116619
61119031
61119270
61140048
61119444
61120493
61123297
61123913
61122698
61144751
61124257
61123838
61123974
61124421
61124445
61125312
61125343
61126315
61126594
61127983
61128717
61127933
61129292
61129582
61131047
61153803
61135156
61154687
61132525
61134779
61132598
61133254
61133228
61132428
61134098
61132769
61134956
61134279
61134404
61133994
61157364
61135021
61135599
61161341
61138939
61139935
61141004
61162969
61140826
61142421
61142792
61143031
61142275
61143138
61144409
61143513
61143328
61167053
61144509
61144365
61146399
61149222
61150015
61172277
61150620
61151096
61150497
61150619
61152355
61151505
61152752
61152487
61155571
61154203
61152634
61153719
61155151
61177923
61156225
61157605
61158970
61158505
61160427
61159732
61159949
61184056
61159903
61161173
61162440
61160879
61161189
61163542
61162322
61164031
61164711
61165055
61164342
61191327
61168778
61191922
61169623
61192743
61193213
61170492
61194142
61171595
61172022
61195311
61195661
61171834
61172117
61172492
61172174
61174583
61174235
61173035
61177919
61178584
61177184
61179431
61178427
61181879
61179242
61181049
61204850
61181659
61182051
61183639
61207561
61184543
61186463
61209077
61185487
61185977
61184327
61189114
61189671
61189842
61190318
61214368
61214876
61191233
61189561
61192064
61216463
61192051
61193172
61193243
61193662
61192923
61194196
61218990
61194946
61222399
61198786
61223902
61198248
61224108
61224619
61198457
61225295
61200275
61201556
61200851
61200731
61202927
61201316
61202221
61228740
61203619
61229384
61206270
61207906
61206886
61208875
61209308
61208787
61210075
61209790
61235600
61211122
61210515
61210702
61212413
61210656
61212113
61213671
61239020
61214294
61213500
61217619
61217846
61243851
61217069
61217643
61219866
61217804
61218972
61219366
61220868
61221248
61220385
61222052
61221104
61221373
61220952
61231457
61250736
61228390
61228649
61229215
61229555
61229426
61229781
61229582
61229974
61231700
61229774
61230552
61232119
61233219
61231164
61233682
61234139
61233516
61234716
61234981
61237960
61238640
61238807
61239389
61239521
61239917
61238626
61241316
61267799
61241575
61268457
61240453
61240815
61241697
61243449
61242580
61243208
61244413
61243868
61247753
61275136
61247395
61247574
61247680
61248426
61248558
61250505
61248864
61250184
61251346
61250002
61251937
61252069
61279870
61252691
61253209
61252185
61253955
61256901
61255373
61255304
61257113
61257857
61258654
61287749
61288096
61260806
61260148
61261483
61289782
61262472
61260588
61263404
61262854
61263974
61291963
61264607
61267456
61267621
61267832
61296575
61296940
61269428
61267928
61268862
61270382
61269986
61270058
61270518
61300442
61272454
61271920
61273258
61272348
61271886
61305616
61277202
61276353
61277139
61276106
61278175
61278577
61279283
61279518
61308615
61278317
61279549
61281008
61281723
61310608
61280523
61282292
61282853
61281764
61282557
61286485
61286554
61286496
61316492
61287030
61288239
61286447
61287315
61289380
61289806
61319183
61290517
61292469
61320453
61291904
61291281
61291584
61322029
61291853
61295684
61325610
61296817
61297031
61326963
61296960
61297082
61297870
61298959
61328748
61298394
61300016
61329893
61299494
61298892
61300168
61301547
61301820
61300658
61304625
61304935
61306049
61306160
61306269
61307471
61305923
61307512
61308122
61308496
61306871
61305308
61306664
61307751
61307391
61308429
61306706
61308295
61310254
61310893
61342500
61312087
61342318
61310945
61312089
61312195
61310860
61311276
61312350
61342471
61311229
61311551
61342537
61342922
61342810
61311049
61311338
61312508
61311659
61342613
61312536
61312503
61312798
61342946
61312081
61312496
61311025
61312744
61312622
61314435
61343005
61311996
61311163
61342979
61312122
61312537
61342867
61311196
61310946
61342679
61312327
61342823
61311068
61311094
61310757
61312483
61312087
61342867
61312175
61312356
61343016
61313072
61313979
61315774
61346243
61314448
61316066
61315963
61316131
61314625
61346529
61316566
61346897
61316430
61316268
61314450
61315073
61314910
61316212
61316400
61316358
61346828
61346970
61315881
61314656
61316663
61315879
61347276
61315052
61317148
61314797
61316678
61316902
61315219
61316820
61316718
61316974
61315632
61315545
61347285
61316854
61315054
61317205
61317049
61347502
61316930
61347010
61317089
61316810
61317116
61317238
61347501
61317148
61317212
61316537
61319202
61315761
61317444
61317728
61315865
61317335
61316360
61348005
61315773
61317624
61347873
61315854
61347833
61317614
61316104
61347997
61317622
61316895
61315968
61317761
61316653
61316180
61316901
61318057
61317857
61317669
61348348
61316353
61317809
61318013
61316700
61318097
61317049
61316652
61318515
61317381
61318348
61318422
61318399
61318081
61318268
61318293
61316425
61317181
61317828
61318433
61318289
61318159
61317066
61316511
61318466
61318481
61318589
61348875
61318195
61317236
61318782
61318469
61349101
61349139
61319020
61319138
61319034
61318822
61318857
61349253
61349415
61319063
61316911
61349374
61318939
61318748
61317170
61318789
61318946
61349147
61317744
61317875
61316920
61349229
61318743
61318983
61319039
61319026
61319017
61319028
61317997
61318309
61318321
61319058
61319600
61319180
61317971
61317997
61319297
61349539
61319156
61349390
61318020
61319341
61319230
61319120
61319196
61317621
61319111
61317198
61317507
61349551
61318939
61317948
61319344
61318056
61319064
61318445
61349725
61318028
61349739
61319418
61349545
61319071
61319247
61317952
61349582
61349619
61319404
61318000
61321206
61320605
61318891
61319276
61320226
61321106
61319899
61351334
61319230
61320833
61318845
61319060
61319596
61322667
61319765
61318987
61320899
61320952
61320087
Peak: 62089152
Average: 57411547.38840399
