0
316934
770096
1040670
1564859
2304384
2714774
3005826
3699200
3824923
4496591
5429573
5608422
6105341
6588235
7074691
7323302
7721427
8280807
8701981
8980519
9309268
9528544
9868103
10620159
10964289
11566855
12371353
12680646
12962053
13458498
14012700
14541514
15060804
15592231
15930709
16246647
16467106
16599802
16926816
17108934
17416889
17805399
17945636
18177828
18366974
19020859
19365211
19534804
19633986
19638070
19894122
20071640
20293659
20566643
20910386
21308290
21905339
22381671
23108582
23349397
23742157
24049482
24356065
24481224
24623317
24844144
25060495
25367800
25774906
26097260
26573608
26960651
27556367
28244832
29106162
29767336
29865368
29870692
29873344
29887618
29900046
30055330
30493571
31160911
31425227
31747246
31918078
32258277
32327367
32366996
32431897
32552167
32683812
33116090
33232308
34270810
33795506
34290273
34467337
34587147
34632882
34604036
34686365
34994611
35154502
35694562
35822541
36227365
36699121
36770112
37015680
37632805
37723988
38325104
38324944
38325296
38325423
38187849
38575700
38660894
38931448
39043887
39120402
43056563
43222715
43372352
43800849
44034397
44093136
44164315
44222390
44273076
44327305
44394685
44450887
44492139
44568852
44575028
44811026
45006254
45330369
45576162
45774010
46318600
46729825
46793150
46845262
47069543
47107462
47309583
47397067
47516052
47582697
47889281
48025228
48268127
48472458
48705750
48984083
49132473
49136681
49140919
49142548
49145638
49316698
49343005
49355512
49357700
49373623
49402632
49349738
49425730
49577449
49791139
49943607
50102944
50244137
50275160
50296832
50332552
50383356
50440370
50561283
50659982
50726243
50841056
50987021
51321524
51461983
51761963
52019625
52397840
52555296
52862443
53147878
53617630
54234049
54438481
54509091
54591255
54616324
54638379
54781207
54919740
54945287
55108296
55017402
55483542
55857628
55893352
56020336
56480253
56840054
56894757
57277937
57376947
58651671
57641367
57915859
58013452
58113481
58151661
58433547
58488645
58512028
58509934
58793294
59112789
59702553
59815265
59895009
59958833
59990001
60205159
60242025
60289579
61293717
60705897
60840520
60640456
60645577
60649574
60650471
60654138
60656113
60656722
60661085
60662271
60665396
60667420
60668710
60671884
60673987
60675080
60678022
60678827
60684418
60684974
60686614
60687622
60689598
60689704
60691206
60693280
60692687
60694155
60696187
60697637
60698112
60698683
60698188
60699711
60703415
60702890
60705240
60704882
60709014
60707803
60708278
60709368
60708372
60711717
60711606
60712136
60713321
60711979
60714750
60713435
60716151
60719404
60721639
60720355
60720907
60721497
60721262
60722523
60723426
60723757
60725883
60725335
60725534
60724647
60726373
60727450
60725212
60728943
60729687
60732023
60733423
60731093
60733926
60733632
60732986
60735656
60735407
60735758
60736099
60735832
60735701
60738357
60738139
60738607
60741933
60740948
60740819
60742961
60741976
60741881
60742396
60744910
60745373
60745664
60746020
60747897
60745916
60747498
60746830
60746772
60751255
60750246
60752198
60751353
60753544
60752672
60754206
60754806
60754084
60755676
60753915
60758588
60756917
60755330
60759834
60757164
60758879
60762181
60762461
60760799
60761984
60763514
60762143
60767187
60763483
60764754
60768630
60766301
60766768
60765872
60767668
60765792
60770132
60768124
60772054
60775150
60772866
60776054
60773852
60774268
60773498
60774309
60774217
60778676
60776320
60776322
60777162
60777315
60776339
60781260
60782153
60780620
60781696
60782228
60786444
60783339
60783700
60782951
60783320
60785816
60786537
60787369
60786204
60789083
60790036
60790751
60791731
60789965
60791518
60794948
60794897
60797525
60797310
60798291
60799809
60804546
60801476
60800049
60800709
60802825
60807407
60803713
60804289
60804424
60804694
60805002
60807023
60808802
60809075
60808777
60808837
60810186
60809035
60810986
60811474
60811842
60812330
60810936
60817745
60813013
60813826
60813083
60819330
60815056
60822662
60818902
60823217
60819175
60818866
60817769
60820474
60820805
60819881
60819726
60833804
60835757
60842179
60838007
60839271
60845189
60839275
60846619
60840247
60845078
60845443
60846349
60845492
60846988
60845400
60848163
60848292
60848519
60848453
60855396
60850420
60850959
60851063
60850268
60852241
60852425
60851181
60855132
60855197
60856367
60857382
60858000
60856841
60858776
60865476
60859435
60858787
60860440
60859396
60861221
60860501
60862318
60869076
60861076
60862229
60866831
60865403
60867383
60866674
60874727
60867516
60875436
60869733
60869072
60863471
60863302
60863827
60864652
60863052
60865298
60865469
60864457
60876051
60869434
60868674
60869770
60870754
60871160
60870569
60879656
60873249
60872198
60874249
60873185
60875292
60873702
60876232
60876740
60877358
60877938
60879057
60880235
60881310
60880169
60881699
60883390
60883430
60884359
60883150
60883889
60893266
60886218
60886935
60887430
60887938
60886297
60886801
60890066
60890588
60890915
60892675
60891755
60893851
60892057
60902738
60895253
60893853
60895949
60895113
60896004
60897323
60897390
60906295
60896999
60898693
60910472
60910569
60901327
60902992
60901832
60903943
60904426
60904645
60903520
60905681
60904607
60906478
60906090
60905308
60906222
60916836
60908315
60907204
60911893
60921503
60912803
60913209
60911637
60914213
60914469
60914628
60915151
60914613
60917031
60917366
60917548
60916664
60928054
60928382
60931534
60932073
60922712
60922129
60923621
60923606
60924640
60923837
60924862
60924756
60925534
60926207
60925427
60936614
60927178
60926609
60937905
60928480
60930203
60930248
60942523
60942591
60932299
60932381
60931629
60934420
60934632
60945131
60935576
60935824
60936007
60935229
60936869
60948110
60936776
60938200
60940049
60939519
60942433
60953202
60942985
60941989
60943683
60944400
60944703
60944032
60944346
60945797
60944553
60946588
60944738
60945402
60947482
60947636
60949021
60951905
60950745
60951160
60952306
60954614
60951615
60964853
60954132
60954226
60954735
60963774
60957547
60957505
60969248
60958347
60958926
60959791
60961148
60963179
60963417
60964586
60963391
60976152
60965138
60964282
60965328
60966338
60965297
60965466
60967374
60968016
60966337
60967446
60968977
60967400
60971437
60972905
60972378
60973878
60974410
60974500
60987146
60975449
60974226
60988680
60976833
60977023
60977484
60977999
60977184
60978557
60978716
60979463
60981159
60981081
60983193
60983417
60982356
60984373
60983971
60985163
60998252
60984108
60985639
60985370
60986014
60986416
60987718
60986837
60988721
60990669
60991519
60992523
60993217
60992220
60993938
61007242
61007872
60995176
61008501
60994391
60995990
60996679
61010343
60997452
60996618
60998017
60998886
61014812
61002162
61002456
61001880
61003375
61002140
61017953
61002354
61004407
61005000
61005696
61004665
61006480
61005415
61005769
61007215
61008641
61006821
61011822
61012073
61012141
61012769
61027321
61012920
61014047
61014425
61029111
61015421
61014743
61014436
61030956
61016992
61017291
61032108
61018459
61019791
61020671
61021477
61020725
61022210
61022808
61038132
61025435
61024223
61022830
61024666
61024069
61023909
61023893
61024707
61026197
61025087
61026844
61026473
61030573
61030215
61029132
61031113
61047418
61031538
61048460
61031444
61033879
61033441
61033502
61035052
61035247
61035656
61035398
61052001
61034837
61036634
61040410
61040682
61056855
61041598
61042231
61041121
61041608
61041483
61043273
61042512
61042361
61060168
61043747
61044304
61045687
61045942
61045203
61047456
61048287
61050338
61049637
61049552
61067647
61051160
61050689
61050430
61053002
61053400
61070289
61054227
61054516
61053688
61054849
61055912
61054381
61075744
61058500
61059961
61058677
61060562
61058817
61060275
61061868
61060868
61063355
61062554
61062708
61064583
61064770
61065306
61065822
61065861
61065347
61069387
61069932
61087636
61070957
61069029
61070196
61071589
61070694
61072744
61073096
61090877
61074123
61074487
61073470
61075148
61075288
61074012
61076229
61079160
61078245
61080239
61097887
61080954
61081052
61079346
61081884
61081271
61081203
61082801
61082431
61081860
61084319
61083773
61083221
61085312
61084625
61088734
61107352
61089927
61108497
61090592
61090869
61111086
61093492
61092187
61094538
61093890
61095202
61094158
61095764
61095974
61095746
61095362
61097458
61099222
61119511
61099308
61100432
61101873
61100649
61102733
61101503
61103632
61102961
61104355
61103587
61103212
61105684
61105893
61104285
61105702
61107468
61129751
61108674
61111195
61111542
61111883
61110140
61112814
61113509
61112231
61114075
61112644
61116180
61113673
61114113
61113826
61116029
61115821
61119352
61118589
61120235
61120713
61140815
61121620
61121964
61122287
61122660
61121351
61123453
61122135
61144169
61144854
61126138
61126458
61124646
61125806
61130372
61128767
61130140
61131334
61131467
61152464
61132355
61132880
61153350
61132229
61133950
61134232
61155054
61135078
61133983
61156697
61136285
61136312
61139267
61160614
61137893
61138052
61137268
61138778
61139569
61137235
61139728
61138838
61161427
61140251
61141293
61140584
61140023
61142472
61142662
61145140
61146452
61167933
61147141
61145717
61147730
61169302
61148525
61148757
61148194
61149561
61148716
61150376
61149473
61151151
61150357
61152044
61151178
61177297
61154768
61178049
61155348
61157232
61156603
61156497
61157190
61158436
61157110
61158977
61158842
61158465
61182605
61160835
61159890
61160990
61161044
61161170
61187311
61165882
61164906
61166423
61165276
61165126
61167564
61167943
61168288
61190940
61168914
61191738
61169798
61169420
61170440
61170877
61171316
61170344
61197567
61173739
61175489
61175743
61198627
61176260
61176619
61177199
61200521
61177812
61201184
61178509
61177241
61202636
61179719
61180272
61180301
61180933
61182782
61184220
61207918
61185026
61183838
61209398
61184689
61185913
61210500
61187489
61187919
61185963
61188460
61212461
61189452
61188449
61190312
61190351
61218261
61193601
61218926
61219579
61194187
61196427
61196934
61195380
61197585
61222156
61198290
61198508
61198862
61199176
61199382
61197895
61200001
61199221
61199856
61201228
61204282
61203494
61202779
61204271
61205012
61206395
61205399
61205538
61207297
61232154
61208139
61208261
61208920
61206998
61209669
61208327
61208274
61210609
61238512
61214080
61213688
61213211
61215001
61215733
61214069
61216255
61241530
61217190
61216381
61218136
61219938
61218166
61220997
61221177
61246911
61221069
61225185
61225286
61224000
61223084
61249862
61224251
61225150
61224581
61224291
61224278
61225965
61227233
61226292
61253565
61226970
61228535
61227752
61229482
61232265
61258774
61233054
61232390
61234119
61233000
61233502
61232971
61235461
61234131
61236234
61236509
61236905
61236101
61239382
61238093
61238320
61265200
61242044
61242203
61241504
61242899
61242371
61242239
61242347
61243297
61244768
61272186
61245162
61273039
61245287
61245926
61273911
61247913
61247109
61278327
61250437
61278850
61252605
61252782
61252897
61252215
61253513
61252544
61252530
61254539
61254874
61253250
61255760
61282983
61256427
61284015
61257157
61260110
61262277
61260885
61259787
61261049
61262309
61262321
61262519
61261772
61263393
61262562
61263145
61262849
61262607
61265083
61264677
61266363
61267388
61266436
61268116
61267182
61271215
61273009
61299539
61270828
61272358
61272702
61274500
61271227
61273673
61274292
61274569
61302782
61274659
61273823
61275655
61276008
61276516
61276840
61276883
61305796
61276895
61280614
61278999
61279329
61279836
61280916
61282456
61311496
61311526
61283742
61283452
61283383
61284472
61284731
61284928
61284319
61285958
61284622
61286674
61315985
61288750
61289531
61290785
61291368
61289375
61290161
61291095
61321829
61293000
61292151
61291484
61293936
61294448
61294642
61292918
61295327
61295667
61294824
61299049
61297850
61298534
61298253
61300466
61301166
61300259
61300730
61300546
61301007
61332443
61303199
61303377
61303149
61304323
61303697
61334973
61305469
61308245
61338915
61307060
61309478
61339625
61308724
61340323
61310637
61340897
61311244
61309929
61311263
61311194
61342796
61311672
61313456
61344225
61313177
61347496
61317265
61315906
61316737
61315116
61317253
61316970
61315871
61317024
61347302
61317235
61316892
61317155
61347575
61315567
61315007
61317227
61316309
61347808
61317319
61317294
61317104
61315189
61314936
61315802
61314877
61316918
61316746
61316834
61347085
61316830
61315474
61314981
61315387
61314969
61316305
61316717
61346971
61316730
61316463
61316872
61316610
61316733
61346816
61316316
61316168
61316601
61316776
61316617
61316491
61315347
61315772
61316466
61346567
61316305
61316197
61316303
61316041
61315799
61314106
61317518
61315497
61317651
61317591
61315861
61317713
61348206
61317869
61315937
61318022
61317122
61316637
61317993
61348516
61317970
61348585
61317976
61318079
61348213
61317958
61318390
61316939
61348273
61317911
61348233
61317688
61317573
61317683
61347930
61317416
61347920
61317458
61317917
61316346
61317122
61317336
61315448
61315853
61317229
61315664
61316445
61347600
61317237
61316438
61347417
61315805
61347814
61326042
61318018
61317696
61319038
61318315
61317524
61319647
61318304
61319571
61319479
61317852
61319697
61350185
61319552
61319221
61319352
61317615
61318298
61317669
61319259
61317479
61319931
61349818
61319627
61317946
61319630
61319723
61349927
61319630
61350204
61319530
61318294
61317726
61349924
61319603
61318062
61319506
61319575
61319539
61319400
61318249
61317664
61318080
61319236
61349615
61319307
61349596
61318237
61317014
61319175
61317342
61319044
61318524
61319189
61318052
61318015
61349878
61317671
61318316
61319719
61317737
61319595
61350104
61319653
61319712
61318397
61349816
61318354
61319651
61350263
61319856
61350204
61320002
61320122
61350381
61319765
61318358
61320013
61350449
61320114
61319779
61319795
61350223
61319266
61350309
61319949
61318799
61320027
61319253
61350581
61320230
61319988
61319839
61318375
61319865
61319198
61318327
61319365
61320187
61318567
61318164
61319644
61350271
61319560
61319738
61319470
61349965
61319624
61319257
61318601
61319255
61319012
61319239
61318006
61319399
61319016
61317909
61318250
61317445
61318324
61319492
61319068
61319435
61318106
61319424
61319258
61319443
61317223
61319255
61349965
61318405
61350018
61319446
61319149
61320974
61319759
61321158
61320287
61321150
61321178
61321043
61319810
61321107
61319751
61321171
61351391
61321145
61321341
61319704
61321169
61319885
61319725
61320959
61320647
61318906
61321091
61320842
61351279
61321070
61319738
61320538
61319466
61351445
61319667
61351714
61318897
61321034
61320686
61321122
61320929
61321100
61319216
61320966
61351170
61319624
61318837
61320861
61320040
61351118
61319664
61318688
61320732
61351216
61320785
61319512
61318992
61320844
61320000
61319899
61320050
61319395
61320686
61320510
61320198
61318833
61319422
61351138
61319678
61318921
61320432
61350617
61320325
61350706
61320752
61318452
61320839
61320117
61319637
61319273
61320464
61319097
61320394
61319597
61320515
61319755
61318674
61320406
61320383
61320412
61318981
61320349
61320081
61320566
61319973
61320354
61318636
61319239
61320532
61318587
61319332
61351311
61320822
61319705
61318435
61320366
61320830
61318993
61320899
61351257
61320064
61320787
61319026
61320806
61320528
61320676
61319436
61320815
61320622
61351171
61320703
61319336
61321206
61318998
Peak: 62085571
Average: 57652903.9489736
