0
78917
78981
79013
79045
79823
79855
79865
80003
80098
80025
80111
80194
80176
80207
80185
80271
80368
80450
80433
80514
80547
80579
80610
80591
80688
80665
80721
80835
80761
80899
80930
80912
80953
81090
81017
81049
81081
81137
81169
81177
81305
81337
81369
81401
81433
81465
81497
81529
81561
81593
81625
81657
81785
81817
81849
81881
81937
81969
81977
82009
82041
82073
82129
82137
82265
82321
82329
82385
82393
82425
82457
82513
82521
82553
82609
82617
82777
82833
82841
82873
82905
82627
Peak: 83657
Average: 80283.9156626506
