0
136686
197474
556884
759155
1617970
2186621
2615023
3045349
3629306
3913053
4398176
5265716
5442598
5789748
6254000
6730802
7177088
7426580
7824781
8390861
8799860
9074740
9390782
9539389
9710574
10084668
10721380
11171130
11718154
12468127
12746263
13057110
13553272
14118201
14607358
15211090
15685949
16030112
16349293
16579749
16713754
17040612
17218262
17520533
17768897
17996623
18110952
18337030
19634479
19449874
19635613
19741987
19744723
19990387
20183957
20316999
20483685
20864745
21408874
21761032
22205414
22633589
23290256
23573080
24006483
24320984
24461031
24483728
24643818
24788483
24992379
25157591
25468630
25839967
26182199
26680461
27060924
27667093
28355316
29163134
29794628
29975016
29979904
29982424
29980597
29999730
30010333
30256405
30846856
31352002
31644978
31945641
32131538
32379298
32447028
32526877
32602624
32694168
32881792
33010405
33630951
34011019
34041689
34392765
34606229
34688380
34734100
34705525
34787631
35095916
35201591
35823739
35925787
36322981
36799586
36870514
37091559
37814326
38029859
38424238
38424390
38424445
38424594
38360633
38741596
38938209
39121694
39205349
43195458
43217292
43476649
43534602
44122297
44169852
44206566
44282664
44336138
44380066
44445320
44468472
44548411
44572662
44656112
44711544
44889415
45131426
45208961
45651816
45857552
46113137
46651593
46853123
46888290
47081229
47141213
47224759
47407786
47498889
47656163
47923216
48108411
48326668
48567118
48642472
48806206
49106236
49388231
49525090
49648249
49735711
49922121
50171854
50264866
50351181
50374277
50388045
50420477
50452647
50526840
50508880
50728151
50767574
50873664
51086146
51442210
51552040
51883646
52112236
52490644
52632016
52952908
53240588
53710750
54327297
54532006
54602932
54685357
54710575
54855660
54914406
55007156
55066836
55203517
55205697
55112314
55578283
55848312
55961429
56105840
56537293
56937076
56993014
57023925
57380183
57466603
58528636
57737642
58012093
58140816
58209103
58140804
58472428
58581649
58500894
58585501
58974961
59705808
59863047
59952511
60024239
60080807
60114958
60308313
60345371
60917716
61848618
60909978
60951359
60965059
60976323
60988844
61000803
61012063
61023158
61034991
61046274
61058951
61069286
61081371
61093426
61104208
61116683
61127160
61136528
61150171
61160994
61171254
61183758
61195247
61209174
61221277
61232586
61243123
61256260
61267149
61278483
61292086
61303036
61314285
61323820
61337158
61349230
61358257
61368347
61007867
60804332
60806588
60808091
60810446
60811278
60810938
60812716
60813026
60812550
60813069
60813648
60813128
60813999
60814458
60772516
60781392
60793028
60805424
60817495
60827238
60838726
60850255
60861607
60872167
60884031
60895815
60907702
60919901
60929403
60942798
60951575
60965122
60975787
60985238
60998555
61008387
61016220
61028371
61039993
61048547
61062678
61071291
61083133
61091725
61106302
61115000
61126800
61135368
61150240
61159117
61169526
61181362
61522782
60821034
60820669
60822146
60820742
60822931
60821499
60821649
60823224
60823374
60822447
60823371
60823851
60822863
60823797
60781939
60792156
60803766
60812803
60823829
60835435
60848019
60859544
60871036
60881604
60891590
60903445
60914167
60926111
60936305
60948716
60959322
60971554
60983408
60994087
61005032
61016824
61027431
61040236
61050763
61059423
61070950
61082715
61090750
61099456
61114108
61124727
61135215
61144079
61157470
61167973
61179810
61190455
60828259
60826997
60827986
60828754
60827412
60828895
60829234
60828145
60827265
60827770
60827803
60829120
60829457
60828435
60829277
60790653
60800558
60812092
60821003
60833209
60842825
60853735
60866258
60875863
60887586
60897287
60908730
60918703
60929865
60940807
60953778
60962743
60975855
60984698
60996327
61007018
61017399
61029210
61040127
61049866
61061607
61072567
61084295
61093290
61104759
61116194
61126663
61136329
61148231
61161063
61169903
61181503
61189927
61532605
60832078
60831884
60830473
60831929
60832477
60831252
60830404
60832416
60832229
60830901
60832598
60831085
60831154
60832686
60790786
60800898
60812651
60821967
60833106
60844415
60855770
60866713
60880075
60890763
60902246
60914030
60924518
60936422
60946982
60957382
60967798
60980347
60990523
61002470
61014878
61025510
61036070
61046871
61057358
61069851
61080166
61090720
61101321
61114688
61125131
61135485
61145914
61161070
61171586
61182220
61192847
61535731
60835174
60834293
60833643
60835051
60833881
60833875
60835296
60835700
60834552
60833862
60834254
60834221
60835586
60834397
60794163
60802685
60814222
60824531
60834057
60845344
60857614
60868697
60880458
60891007
60902468
60914257
60924875
60934779
60945562
60957529
60967991
60980415
60992118
61002787
61015823
61026412
61036968
61049601
61058232
61069239
61083037
61093648
61104164
61116116
61125921
61136432
61147121
61158169
61172880
61183386
61192230
61202693
60836738
60838539
60837070
60837107
60838542
60838795
60837786
60838529
60838884
60837746
60837519
60838864
60839021
60838120
60838894
60802102
60813782
60822833
60833194
60845666
60855203
60866345
60878793
60890319
60900498
60912392
60921961
60931301
60943536
60952126
60964258
60975119
60988307
60998988
61009577
61020162
61030966
61042652
61055324
61065836
61076476
61087492
61097980
61108444
61123020
61133588
61144140
61154708
61166227
61177140
61187436
61198335
61541541
60840916
60840728
60841375
60841680
60840551
60842362
60841850
60841070
60839921
60841838
60841911
60841955
60840299
60842035
60801191
60808459
60818744
60826868
60836776
60847736
60859758
60871567
60882963
60892432
60904295
60914659
60926518
60938350
60949255
60960937
60971593
60983289
60995577
61006169
61018649
61029209
61039769
61052441
61061096
61071969
61084531
61095107
61106888
61117588
61129054
61139468
61150012
61160668
61175556
61186116
61196748
61207236
60843512
60842593
60841857
60843644
60843611
60841995
60843848
60842277
60842279
60843714
60842300
60842308
60843668
60844045
60843009
60805145
60815547
60827405
60836133
60848229
60856026
60868555
60877957
60888145
60897135
60907658
60919452
60929537
60941665
60953039
60963129
60973718
60985607
60996185
61007722
61020211
61028786
61039795
61053347
61062115
61072395
61086514
61097067
61105570
61116330
61130779
61139298
61149859
61161819
61173411
61183978
61195795
61206355
61547044
60846285
60846098
60846241
60845111
60845629
60846560
60845895
60844677
60846742
60846654
60845206
60846737
60845382
60845398
60803523
60814779
60822877
60832501
60843053
60856005
60867261
60876460
60887189
60900045
60911515
60920431
60933074
60943082
60954163
60961965
60973437
60983885
60997532
61006135
61016855
61030439
61039052
61052023
61062311
61073815
61082566
61096831
61107391
61117919
61129359
61139831
61151615
61162103
61173703
61185647
61195591
61205847
61548992
60848494
60847400
60848358
60848679
60847977
60848500
60848773
60848578
60846978
60848824
60848101
60849768
60849019
60850432
60807581
60816187
60827798
60838135
60847694
60858703
60871271
60882599
60894119
60904607
60914166
60925998
60936390
60949664
60960237
60972357
60982917
60993429
61004285
61015813
61026188
61038829
61049413
61060381
61070797
61081501
61094301
61104853
61115485
61126149
61139125
61150949
61161533
61172021
61185653
61194316
61205237
61216741
60850346
60849566
60851757
60851412
60850120
60851771
60851803
60850893
60851586
60851958
60850669
60851827
60852140
60851299
60850208
60813138
60823996
60833858
60844467
60855579
60868014
60877851
60888989
60899846
60910430
60922086
60931960
60942603
60955045
60966584
60978683
60989374
60999749
61010337
61021265
61034814
61045425
61056065
61067059
61077677
61088243
61102481
61113041
61122425
61135152
61145931
61157341
61167912
61179703
61190187
61200757
61212673
61556292
60855639
60854691
60856289
60855735
60855566
60856746
60855613
60856469
60856854
60855719
60857541
60857092
60857249
60856088
60813148
60822869
60830974
60842812
60851445
60862718
60875966
60884512
60896272
60908726
60918320
60928966
60941641
60951879
60960537
60971959
60982153
60994066
61006288
61015015
61025650
61039328
61049888
61058474
61071448
61083066
61093584
61106507
61115226
61125682
61139976
61149622
61160150
61170274
61183906
61194200
61206000
61216506
61559451
60858988
60857827
60856990
60859023
60858950
60857481
60859049
60857713
60858332
60857519
60859592
60858300
60857723
60859717
60817059
60827428
60837007
60849023
60860021
60869266
60881735
60891294
60904083
60914667
60924378
60936051
60947754
60957805
60970226
60980626
60991061
61004626
61015210
61024213
61035634
61045587
61056002
61069931
61078650
61089178
61103234
61112042
61122675
61133069
61146579
61158138
61168763
61177365
61192226
61201155
61210725
61221733
60860255
60859184
60861352
60859794
60859782
60861201
60861535
60860373
60859557
60861523
60861656
60860281
60862684
60862866
60861814
60822673
60830162
60840016
60851188
60862121
60873009
60883473
60895097
60907574
60916284
60927825
60940817
60951289
60963193
60973753
60983875
60994972
61008177
61016972
61028649
61041081
61049924
61060796
61073017
61082836
61093505
61105377
61115161
61123739
61134473
61147188
61157601
61169377
61179961
61191876
61202436
61212924
61224657
60862534
60863773
60862306
60864080
60864215
60862820
60864181
60864352
60863328
60864215
60864415
60863497
60864449
60864533
60863812
60822912
60831719
60841969
60853811
60864718
60873861
60885277
60897803
60907549
60918113
60930752
60942466
60953017
60963004
60974801
60985337
60996908
61007429
61019106
61027960
61041227
61050080
61060706
61074621
61083219
61095115
61106050
61117762
61127622
61136723
61147946
61159746
61166232
61176475
61189026
61200805
61208832
61220466
61229416
60865611
60864133
60865958
60864467
60864678
60866127
60866218
60864907
60866252
60866332
60865482
60866203
60866446
60865383
60866999
60830241
60837836
60847572
60857801
60870233
60879588
60892010
60901500
60913388
60922265
60933369
60941737
60952034
60962105
60972641
60985897
60994548
61006346
61018977
61027693
61039649
61051330
61059994
61071977
61083417
61092269
61104106
61116313
61125325
61134772
61149266
61157930
61167708
61179634
61189538
61202401
61211045
61221394
61229637
60867563
60868897
60868047
60867050
60868923
60869262
60869270
60868752
60869289
60869505
60868543
60869391
60869648
60868631
60869319
60826904
60836845
60845937
60856793
60868497
60879841
60889364
60901921
60913393
60922273
60933665
60946681
60957177
60969081
60977996
60989852
61001689
61014065
61024577
61034513
61046969
61055620
61066204
61080153
61088857
61099513
61112281
61124105
61134617
61143292
61157817
61168393
61177081
61187641
61202489
61213049
61222068
61233489
60870238
60870688
60870631
60868935
60870763
60870804
60870040
60870632
60870760
60869904
60869002
60869963
60870714
60869394
60870898
60831723
60841160
60850978
60859817
60870908
60883261
60892756
60904413
60916866
60927402
60937263
60948684
60959346
60972514
60981167
60993463
61005138
61017378
61027986
61036655
61050514
61061033
61069815
61083650
61094258
61104842
61117634
61126335
61136977
61151450
61161994
61170669
61182506
61193186
61204837
61216626
61225420
61235877
60872496
60872607
60871065
60872978
60871425
60871342
60872694
60871457
60871583
60872967
60873277
60871593
60873068
60871633
60873083
60832666
60844558
60855470
60864574
60875566
60887854
60897214
60909942
60919285
60930102
60942838
60954574
60963574
60976494
60987046
60997371
61009094
61021318
61030187
61041926
61053606
61062205
61072878
61086830
61095371
61107342
61118307
61128766
61140598
61151350
61162435
61174454
61183139
61194894
61206363
61217486
61228990
61237445
60874833
60875609
60874438
60875809
60876210
60875110
60874304
60876316
60874833
60874907
60876372
60874827
60875131
60876564
60876564
60837072
60847177
60859216
60868763
60878385
60890608
60900051
60912659
60922419
60934131
60945640
60955306
60966363
60979152
60987995
61001310
61009742
61023436
61033972
61043167
61056436
61065210
61075636
61087834
61099532
61108346
61122188
61131090
61142796
61151375
61165900
61174682
61186068
61194943
61209876
61218706
61229148
61239314
60877003
60877843
60878218
60878089
60876575
60878094
60876835
60876867
60878313
60878610
60877563
60878446
60878828
60877763
60877062
60836824
60847174
60857238
60866005
60876094
60886526
60895829
60907246
60918350
60927710
60938230
60947267
60958942
60970766
60980723
60992574
61004710
61013467
61026990
61037526
61046339
61059942
61068493
61080478
61091222
61103126
61111779
61125774
61134366
61146214
61157534
61169454
61177958
61189974
61198950
61213414
61222118
61232147
61243686
60878571
60879195
60880241
60879218
60880029
60880270
60879301
60878516
60880440
60880291
60878803
60881171
60878984
60879000
60880400
60839358
60849426
60862550
60871667
60882982
60895062
60904758
60915102
60926660
60936686
60948060
60961144
60969895
60982863
60991943
61004904
61013871
61027143
61035687
61045511
61059397
61068215
61079959
61092621
61101138
61113103
61125335
61135877
61144639
61156311
61167687
61177618
61188157
61200023
61211828
61223551
61232268
61243733
61583869
60883238
60882343
60881065
60883269
60883239
60881754
60884240
60883690
60882569
60881670
60883698
60883850
60882854
60883625
60839655
60849513
60859733
60871733
60880342
60892390
60901915
60914403
60923075
60935827
60946228
60956563
60969051
60979131
60989588
61002977
61011990
61023435
61033844
61043899
61055572
61067433
61076006
61090075
61099495
61109321
61121129
61132171
61143595
61152542
61165761
61175694
61187483
61196299
61211073
61219758
61230491
61240465
61585919
60885362
60884115
60885110
60885321
60885352
60883702
60885587
60885173
60883976
60885338
60884176
60884329
60885638
60884398
60843068
60852803
60862730
60874981
60884035
60895277
60905741
60917238
60930054
60938605
60951549
60961365
60972232
60985021
60995013
61006405
61015154
61025592
61039181
61048034
61061661
61072251
61080922
61093893
61105435
61115267
61127533
61136757
61146786
61157301
61169973
61181795
61190309
61200989
61213821
61225741
61234694
61244341
61587710
60887177
60885952
60887055
60885565
60887382
60887374
60886707
60887409
60887545
60886632
60888203
60887751
60886627
60885816
60844591
60854338
60863166
60875248
60884304
60896522
60906309
60918723
60927591
60940010
60950128
60962402
60971383
60984571
60995106
61005258
61015914
61027690
61038159
61050026
61060647
61071163
61083083
61095674
61107322
61116323
61130066
61138610
61150595
61159280
61173778
61182410
61193466
61202082
61215079
61226899
61235722
61245447
61591059
60890502
60889837
60888503
60890480
60890399
60888981
60891064
60890889
60889752
60888883
60889371
60889419
60890790
60889544
60849218
60859300
60869425
60878495
60890771
60900530
60911357
60923818
60933453
60945405
60955026
60967902
60976817
60989823
60999095
61010623
61022399
61031818
61044639
61053378
61067119
61075914
61086343
61099087
61109002
61120863
61131938
61143535
61152343
61164071
61175471
61185255
61195922
61206194
61218839
61230567
61239290
61248967
61593183
60892481
60891099
60892721
60891557
60892854
60892926
60892125
60893045
60893024
60892124
60892842
60893093
60891961
60891199
60848634
60859778
60868550
60880685
60889608
60900174
60912799
60922390
60933900
60943607
60954449
60965012
60977940
60988031
60999871
61010036
61021812
61030807
61044111
61052732
61064390
61076447
61084902
61099004
61107711
61117622
61129332
61141591
61150081
61161956
61173687
61184018
61193718
61205572
61217367
61229143
61239148
61247838
61259559
60894250
60893518
60894374
60894486
60893636
60892598
60893346
60893038
60893808
60894579
60894758
60893471
60892888
60894975
60894528
60854850
60865034
60876810
60885490
60897866
60907098
60918474
60931018
60940594
60953466
60962474
60975058
60983746
60996866
61005962
61018930
61027714
61040874
61049850
61059738
61073434
61082098
61092186
61105978
61115866
61124602
61138634
61147178
61159114
61167906
61182250
61191282
61200650
61212570
61224330
61234258
61245810
61254858
60894554
60895915
60894547
60896440
60894887
60895178
60896552
60896632
60895885
60895608
60896803
60895111
60895610
60894871
60896827
60852725
60862889
60874852
60883809
60894942
60905658
60918125
60927532
60940319
60948903
60961717
60971620
60983405
60993500
61007095
61019108
61027989
61039703
61050237
61061877
61072519
61084295
61093012
61106927
61115543
61127456
61138463
61150232
61158735
61170687
61183303
61191988
61203767
61212383
61225380
61237271
61245916
61257695
61600541
60899856
60898847
60899809
60900143
60900134
60898361
60899375
60899926
60898686
60900062
60900447
60899353
60898697
60900600
60857896
60865837
60874349
60883312
60893155
60905527
60915832
60927464
60937010
60949699
60959267
60971128
60981299
60992810
61002947
61014747
61024237
61033805
61046141
61056192
61068059
61079867
61088604
61100427
61111275
61122114
61130859
61144963
61153539
61165163
61174034
61188576
61197530
61209034
61218944
61230893
61242635
61251443
61262968
60900169
60901594
60900157
60901910
60901790
60900653
60901923
60901995
60901138
60901038
60902110
60900973
60901952
60902241
60901533
60860361
60868366
60877548
60889614
60898604
60911105
60920489
60933033
60941676
60954497
60964548
60974249
60987001
60997364
61008801
61019041
61030817
61039452
61053033
61062961
61073516
61085377
61094068
61106089
61117881
61126868
61138385
61149252
61161041
61169825
61182356
61194145
61202833
61212809
61227553
61236284
61246225
61258001
61267857
60903329
60902222
60903272
60903339
60902126
60902102
60903454
60902152
60902227
60903635
60902339
60902317
60903677
60902440
60902496
60865925
60874664
60885398
60895279
60907696
60918252
60928955
60939496
60949000
60960990
60970608
60983560
60992331
61005395
61014160
61027454
61036750
61048353
61060200
61069033
61082753
61091304
61102008
61115955
61124553
61136408
61147296
61157975
61168225
61179742
61191166
61202822
61211366
61223374
61235142
61246942
61255585
61267374
60904265
60905039
60905238
60904148
60904929
60905054
60904157
60903469
60905198
60905165
60903591
60905394
60905079
60903767
60906015
60863255
60874656
60882734
60892622
60904867
60914211
60926627
60936478
60948819
60957974
60970307
60980275
60991259
61001179
61011227
61024187
61033086
61044947
61055662
61067211
61077787
61089563
61098710
61110403
61122051
61130739
61140506
61154723
61165523
61177331
61189875
61198478
61210267
61220195
61231862
61241939
61253587
61263515
61272294
60908865
60907874
60908710
60908975
60908097
60907166
60909283
60909031
60907799
60909988
60907930
60907882
60909188
60909485
60908031
60869310
60881293
60891283
60899776
60911099
60923507
60933030
60944717
60955637
60964549
60975021
60988093
60996778
61009965
61018509
61031893
61040829
61053485
61061989
61073869
61084541
61094333
61106205
61118221
61126850
61138725
61149533
61161381
61170165
61180090
61194485
61203149
61213090
61224893
61236469
61246562
61258269
61268197
61611029
60910430
60910555
60910587
60909845
60910753
60910929
60909984
60911547
60911039
60909960
60910779
60911234
60910411
60910985
60866561
60876894
60888441
60897588
60909593
60918969
60931465
60940969
60953716
60963033
60973809
60986881
60995425
61008617
61017489
61030753
61041289
61050169
61063617
61072193
61086033
61095257
61105257
61119289
61129145
61137809
61151841
61160625
61172449
61181033
61195569
61204145
61216065
61224881
61237609
61249481
61258217
61270017
61612865
60912381
60911457
60912212
60912686
60912495
60911602
60910930
60912862
60912493
60911266
60912929
60911467
60911383
60913084
60870299
60878304
60888656
60897016
60909680
60919064
60931552
60941064
60952784
60962387
60975208
60985803
60995987
61008763
61017584
61030840
61041435
61050027
61062440
61074307
61085259
61096704
61105472
61119376
61127856
61139827
61148149
61157602
61167869
61177085
61185802
61199026
61209634
61221341
61230029
61243101
61252901
61264773
61273277
60913609
60912392
60913803
60914164
60913086
60912222
60914266
60914073
60912716
60914437
60912884
60912913
60914624
60914594
60913243
60872944
60884362
60892771
60904912
60914468
60926496
60935980
60948609
60958445
60969057
60981593
60991612
61003281
61013364
61023978
61037290
61046157
61059618
61070089
61078772
61092553
61103161
61112124
61124657
61134449
61146290
61157197
61169058
61177764
61189625
61200892
61212753
61221740
61233185
61246169
61256090
61265946
61275809
61616550
60915880
60915606
60914176
60916432
60915916
60915975
60914647
60915888
60916201
60914614
60916112
60914542
60914560
60916188
60872453
60882331
60894398
60903187
60914324
60926617
60936035
60948717
60960189
60969208
60981613
60991639
61003365
61015221
61024023
61037357
61047941
61060452
61071287
61081813
61095557
61104351
61116085
61126927
61137495
61149221
61160148
61172061
61180791
61192429
61203767
61215653
61224853
61234943
61249861
61258372
61270285
61278919
60919007
60918185
60917595
60919419
60919401
60918606
60919355
60919609
60918658
60919338
60919812
60918941
60919525
60919865
60919149
60879169
60889554
60899754
60908882
60919826
60932250
60941986
60954306
60964018
60974530
60987290
60997130
61008010
61020930
61029850
61041586
61052402
61064042
61075770
61084410
61097258
61108762
61117378
61131522
61139954
61150770
61162794
61172650
61184474
61193498
61205706
61216506
61228162
61237194
61249706
61260450
61272162
61280922
60920029
60921216
60919843
60921564
60920180
60920339
60921764
60921887
60921096
60919965
60921853
60920298
60920330
60921658
60922073
60878887
60888874
60900855
60910100
60922143
60931421
60944050
60953349
60966229
60974885
60987693
60997514
61009284
61019261
61029869
61041281
61053116
61061745
61075437
61084436
61097788
61106748
61118413
61129065
61140965
61149621
61163490
61172490
61184306
61192909
61207445
61216405
61226597
61237778
61249549
61261345
61270130
61281785
61623865
60923340
60923406
60921709
60923447
60921978
60922023
60923466
60923688
60922508
60921935
60923784
60923476
60922201
60923829
60881159
60891116
60901186
60910153
60922288
60933399
60942898
60955444
60965442
60976944
60986997
60999506
61008316
61021458
61030237
61043485
61054021
61062800
61076389
61087029
61098765
61107784
61119325
61130040
61141901
61150480
61164573
61173288
61185245
61193056
61205677
61214845
61225789
61235685
61245429
61256661
61266389
61277485
61285469
60924399
60923036
60924992
60924946
60923565
60925101
60925096
60923816
60925817
60923962
60923946
60925263
60925616
60924645
60925525
60884200
60896170
60904577
60916643
60926078
60936550
60949046
60958358
60971303
60981975
60991551
61004479
61013359
61026423
61036966
61047279
61057767
61071335
61080231
61090703
61103087
61113102
61124991
61135767
61146262
61158103
61170335
61178862
61190871
61199431
61212887
61222831
61234487
61243086
61258119
61267007
61278511
61288439
60925819
60925080
60926933
60925302
60925400
60926854
60927253
60925939
60925275
60927493
60926942
60925571
60927351
60927351
60926094
60884856
60896937
60906693
60915623
60926741
60939149
60948781
60961125
60970813
60982653
60992389
61004509
61013384
61024376
61036165
61046376
61058165
61067597
61080469
61091037
61101672
61113629
61124165
61135053
61145597
61157309
61168501
61180149
61188989
61200637
61212045
61223837
61232597
61244269
61256213
61267933
61276536
61288325
61629008
60931036
60930126
60930913
60931284
60930501
60931083
60931479
60930315
60929539
60931203
60931500
60931379
60930142
60931733
60889050
60898807
60907754
60919802
60928759
60941250
60950621
60963178
60972826
60984666
60994717
61007242
61016261
61029114
61038253
61050866
61059738
61070037
61083202
61093162
61103826
61115546
61124314
61138218
61146821
61158682
61167202
61179444
61191346
61200050
61214458
61223146
61233071
61244778
61257874
61266477
61278266
61288098
61297170
60931069
60932063
60932510
60932645
60932604
60931175
60932835
60931649
60931547
60932933
60933265
60932275
60933166
60931827
60931816
60895208
60903392
60915225
60923803
60934111
60945367
60958009
60967482
60980087
60989055
61000301
61013371
61021325
61032389
61043189
61053581
61062768
61072646
61084352
61094421
61107053
61116837
61124741
61137949
61145813
61157022
61165702
61177077
61188189
61197998
61205904
61219645
61229454
61238581
61248325
61260597
61269014
61279670
61287448
61297438
60934062
60934085
60933168
60932534
60934420
60934511
60933230
60934674
60934733
60934095
60934272
60934880
60933967
60934655
60935161
60895535
60905591
60913943
60923999
60935551
60946327
60957087
60969607
60979383
60991079
61000863
61012551
61024303
61034407
61044975
61058287
61067063
61079247
61091095
61099759
61113551
61124087
61132879
61146711
61155551
61167199
61179431
61189303
61197935
61209727
61221159
61232975
61241719
61252455
61267023
61275663
61287575
61296087
60934896
60935904
60936249
60935270
60934406
60935316
60936190
60934919
60937078
60936698
60936714
60935838
60935879
60936919
60935758
60893767
60904191
60911630
60922271
60930447
60942095
60950586
60962439
60971199
60983127
60991042
61001887
61014023
61022362
61032407
61044319
61054575
61065095
61076943
61087370
61098346
61111719
61120391
61132279
61143135
61153615
61165391
61176370
61188231
61197047
61208695
61220215
61231887
61240271
61250127
61261778
61273735
61282338
61294199
61638535
60937977
60936944
60937953
60938207
60937260
60936412
60938335
60938238
60936638
60938318
60938243
60936971
60939160
60937064
60895032
60905288
60913965
60923885
60936221
60947405
60957192
60969536
60978664
60991024
61000456
61012360
61024208
61034328
61044816
61058128
61066760
61077872
61091064
61099712
61112656
61124088
61132896
61146664
61157272
61166096
61180152
61188728
61200672
61211208
61222928
61234432
61243168
61254896
61268616
61277312
61289112
61299648
61640312
60939927
60938976
60939675
60939945
60939299
60939763
60940167
60939395
60938523
60939891
60938611
60938696
60940032
60938843
60896736
60906833
60915505
60927625
60936632
60948993
60958504
60971065
60982561
60991176
61004121
61013883
61024478
61037740
61048348
61058662
61069156
61080996
61093372
61102166
61114580
61126356
61134990
61149100
61157758
61168324
61182404
61191206
61203036
61213644
61225062
61236724
61245502
61257236
61268982
61280908
61291444
61300206
60939997
60941109
60939629
60944350
60944139
60943195
60943411
60942715
60944596
60944283
60943080
60944802
60944764
60943502
60944855
60900167
60910258
60920850
60930547
60941875
60950949
60963714
60973277
60983706
60996442
61006347
61018067
61027949
61039722
61051650
61063859
61073155
61083216
61096618
61107304
61117781
61129642
61138590
61151174
61162898
61171693
61184490
61194437
61205340
61216809
61226603
61236571
61248336
61257632
61271832
61280507
61292320
61301080
61646649
60946037
60945024
60945954
60946290
60945174
60944412
60945397
60946116
60944833
60946209
60946522
60946658
60946292
60945631
60901451
60909811
60919379
60931371
60940293
60953251
60962733
60974419
60985795
60995539
61008275
61018811
61028646
61041851
61050570
61063883
61072493
61083163
61096723
61105298
61119155
61127834
61139723
61150578
61162299
61170754
61181622
61195587
61204195
61216219
61227451
61239083
61247915
61259886
61271363
61283371
61292062
61303931
61648243
60947659
60946816
60947501
60947956
60947043
60947659
60948055
60947025
60947806
60948178
60947086
60947942
60948266
60947617
60906430
60915703
60924402
60936463
60945575
60957951
60968706
60978571
60988345
60998245
61010839
61021434
61031432
61044367
61052956
61065191
61077033
61085756
61099354
61109922
61120444
61132378
61141482
61153425
61164071
61172925
61184529
61195693
61207393
61218059
61229474
61239274
61249237
61260841
61272605
61284519
61293076
61303709
61313540
60947442
60948640
60949223
60947975
60950164
60949656
60948607
60947823
60949769
60949671
60948287
60950094
60948600
60949457
60950290
60909681
60917373
60925213
60931436
60941684
60950954
60963480
60972775
60983556
60996384
61006984
61016524
61028768
61038624
61048724
61060568
61070724
61081328
61092887
61103495
61115260
61125895
61137968
61148504
61159327
61169871
61181583
61192627
61204429
61213063
61223807
61236391
61246871
61258712
61267231
61281007
61291036
61302880
61311500
60950025
60951100
60951625
60950845
60951281
60951594
60950833
60951417
60951706
60950689
60951497
60951912
60951143
60951636
60952168
60911481
60919857
60931163
60940175
60952464
60961818
60973131
60985610
60995467
61007275
61018771
61028706
61039035
61050390
61061419
61072824
61083354
61091794
61103403
61113976
61124622
61136354
61144971
61159091
61167701
61179562
61189005
61202330
61212872
61221619
61236227
61244922
61256672
61266086
61279259
61290931
61299469
61311395
61653575
60952946
60952079
60952975
60953302
60952613
60953093
60953454
60952741
60951685
60952229
60951664
60951893
60954157
60953397
60953734
60913574
60923353
60930761
60940873
60952769
60962094
60974582
60984073
60996825
61005505
61017073
61030001
61038662
61050681
61062529
61072766
61083329
61096865
61105614
61116185
61129881
61138638
61148985
61160993
61169497
61181121
61190870
61204113
61212966
61224745
61235953
61246633
61258409
61267025
61282017
61290657
61302577
61311262
61655281
60954860
60953943
60954784
60955191
60954291
60954915
60955447
60954566
60955105
60955410
60954772
60955225
60955506
60954692
60912459
60921447
60931376
60941518
60951731
60962761
60973406
60984710
60993481
61006246
61015849
61027710
61038145
61049390
61059489
61072398
61081369
61093086
61103697
61114577
61127974
61138510
61147377
61159990
61171838
61180721
61191102
61205182
61212886
61222782
61235286
61247305
61259046
61267649
61279510
61291270
61303046
61312105
61323550
60959797
60959823
60958311
60959791
60960147
60960218
60958541
60960411
60958762
60958946
60960446
60960462
60959173
60960534
60960592
60919982
60928747
60939749
60949101
60961050
60970333
60981160
60993549
61003144
61015010
61025826
61035840
61047429
61057512
61069432
61079856
61090048
61101269
61111757
61123533
61134288
61145864
61154984
61168536
61177165
61189000
61199933
61211768
61220888
61232328
61243952
61253464
61265325
61273680
61284717
61296533
61305149
61315133
61325528
60961457
60960296
60961665
60961673
60961054
60961793
60961870
60960973
60961880
60961942
60962057
60962199
60961243
60962091
60962276
60921022
60931362
60939696
60951784
60961032
60971264
60984024
60993528
61006216
61015016
61027704
61037784
61049224
61059360
61071136
61081320
61091032
61103024
61113552
61125312
61136040
61147696
61156264
61170296
61179232
61188760
61203008
61211704
61223456
61232144
61244880
61256536
61265152
61274936
61289952
61299856
61308440
61320288
61327552
60963200
60961736
60963596
60962113
60962246
60963644
60963719
60962489
60963759
60963925
60962502
60963965
60963989
60962767
60964034
60925839
60935847
60945759
60956303
60965746
60978055
60987690
61000055
61009607
61021239
61031762
61043095
61054743
61064847
61075335
61088647
61097522
61110975
61119519
61130231
61143927
61152890
61164559
61177207
61186015
61197743
61208554
61219343
61229335
61243775
61252338
61262959
61273423
61283423
61296434
61308295
61316959
61328687
60964868
60965086
60965148
60963761
60963753
60965113
60965485
60965276
60965629
60965380
60963975
60965506
60965658
60964721
60965759
60921063
60932193
60939650
60950988
60960260
60972908
60982364
60994908
61003641
61016148
61026105
61036668
61049596
61059585
61070260
61083644
61092329
61104108
61116436
61125193
61138924
61148780
61157396
61171428
61181964
61191636
61201156
61213420
61225292
61233980
61246593
61258372
61267065
61278836
61290956
61300380
61312228
61320884
61332692
60965075
60964985
60967019
60967155
60965797
60967046
60967217
60966325
60967008
60967329
60965981
60965709
60966432
60967407
60967547
60924967
60935467
60944950
60957014
60967922
60977149
60989974
61001335
61010894
61022761
61034366
61044038
61056022
61066225
61076718
61088778
61098782
61112294
61122822
61131794
61144070
61156020
61164876
61177358
61189134
61197785
61211950
61220916
61232550
61243118
61255590
61264694
61272668
61284559
61296476
61308086
61316940
61327310
61669240
60968512
60967841
60967484
60968556
60967520
60968376
60968815
60967891
60968601
60968930
60968190
60968780
60968946
60969084
60927120
60934623
60945509
60952805
60961774
60974345
60984298
60994895
61007439
61017154
61028613
61040461
61050325
61062144
61073021
61085376
61096821
61105632
61117837
61129685
61140301
61152101
61162733
61173512
61185381
61194117
61205549
61216920
61228685
61237245
61251805
61262485
61271168
61282909
61295078
61306469
61315144
61327005
61670589
60970172
60969077
60969949
60970415
60969366
60968496
60969700
60970259
60968955
60970403
60969158
60969139
60970526
60969286
60926962
60936537
60946572
60958230
60967300
60979670
60989299
61001598
61009779
61020918
61030785
61042302
61052315
61064086
61073929
61084556
61097921
61106646
61120166
61130767
61139449
61153230
61163868
61173004
61183174
61193009
61204606
61215681
61227524
61236447
61250632
61261252
61270132
61280984
61289540
61303303
61313214
61323259
61335023
60971630
60972094
60971166
60970103
60972133
60971828
60970545
60972282
60970748
60970932
60972448
60972429
60971145
60972421
60972565
60931936
60942307
60950512
60960870
60973235
60982395
60995083
61004470
61017315
61026014
61038691
61048731
61059203
61071571
61082571
61094051
61105723
61116099
61126899
61138579
61149184
61159723
61171667
61182323
61193947
61204779
61215699
61227619
61236459
61248179
61259795
61271235
61279891
61291515
61303611
61315403
61323947
61335795
61677961
60977422
60976537
60977342
60977647
60976942
60977414
60977759
60976654
60977612
60977882
60976817
60977673
60977938
60977281
60934277
60945203
60954022
60966083
60975102
60987307
60997046
61008363
61021099
61029979
61042363
61054419
61063022
61075051
61084886
61095667
61107339
61118011
61128515
61139443
61147867
61159619
61170251
61179715
61192939
61203547
61212110
61225035
61236979
61245795
61260131
61270667
61279411
61291203
61302974
61313667
61325443
61334187
61679694
60979181
60978422
60979044
60979325
60978348
60979210
60979571
60979263
60977951
60979413
60979900
60978843
60979517
60979910
60935901
60944509
60954189
60965733
60975341
60987701
60997205
61009760
61020237
61030365
61042757
61051853
61064408
61074317
61085437
61098405
61109013
61119613
61130109
61141928
61154325
61163109
61174933
61185797
61196309
61205432
61214597
61226757
61238581
61249189
61260469
61272245
61281245
61292821
61304397
61316472
61325373
61334885
61681213
60980949
60979878
60980742
60980959
60980939
60979241
60980424
60980924
60979620
60980993
60981442
60980372
60981097
60981402
60938732
60948063
60957348
60967619
60979683
60989124
61001620
61010252
61020083
61032996
61044564
61053644
61066140
61078020
61086827
61098851
61110012
61118683
61132131
61140819
61153444
61165220
61174035
61187875
61198411
61207067
61219052
61229915
61241811
61250475
61264956
61271435
61281275
61292931
61301684
61314499
61326491
61335092
61345155
60982544
60981856
60982683
60982953
60981863
60982532
60983006
60981855
60981129
60981970
60982673
60981412
60982795
60981542
60981590
60943534
60953672
60961949
60974158
60983550
60995881
61007336
61016783
61029535
61040200
61049828
61062759
61072048
61083431
61095272
61105319
61115919
61129639
61138183
61149226
61162591
61171372
61183223
61195936
61204687
61216407
61229312
61238100
61249583
61259374
61271702
61283543
61292251
61304193
61316648
61326591
61334943
61346671
60983452
60984868
60984456
60983490
60982642
60984575
60984399
60983199
60984578
60983346
60983220
60984572
60985037
60984804
60983974
60942613
60950320
60960250
60972301
60981466
60992573
61003060
61014786
61027322
61036130
61048810
61058706
61069186
61082370
61091154
61104418
61114954
61123850
61136314
61147850
61158386
61170306
61180938
61191666
61203586
61212370
61226330
61235162
61245754
61255362
61269970
61278930
61290434
61299122
61312009
61323994
61332466
61344458
61686520
60985928
60985069
60985746
60984773
60986878
60986219
60986400
60984589
60986413
60984842
60984852
60986332
60984934
60984950
60943239
60949736
60959454
60971238
60980454
60990710
61003782
61012366
61024982
61034710
61047462
61055934
61069078
61078262
61090950
61099614
61112878
61121422
61135206
61143918
61155678
61166334
61178086
61186966
61200734
61209542
61221198
61232462
61243990
61252606
61267214
61276006
61285798
61297550
61306246
61321142
61329758
61339662
61351390
60987343
60988011
60986504
60986776
60986174
60986373
60988238
60988353
60986981
60988954
60986535
60988392
60988574
60987612
60988271
60943882
60953472
60963424
60971976
60983896
60995648
61005032
61017720
61028256
61037872
61050752
61059336
61072408
61082256
61093000
61106312
61114928
61126848
61137184
61149104
61159851
61171520
61180424
61194192
61203128
61214560
61223632
61237368
61246040
61257888
61270504
61279048
61290968
61300824
61312728
61324384
61333048
61343040
61354752
60989010
60988709
60988766
60989740
60988645
60990349
60989800
60989103
60989604
60989965
60989338
60989818
60990131
60989162
60989962
60951880
60961939
60970870
60982555
60991940
61002257
61013457
61023969
61033537
61045529
61055033
61068033
61076817
61089953
61098585
61110817
61122529
61132833
61144817
61153585
61166937
61176041
61187793
61198641
61210297
61219033
61233065
61242001
61253601
61262601
61276793
61285561
61297217
61305201
61317761
61327321
61337249
61349001
61691858
60991451
60990346
60991178
60991544
60990774
60991246
60991577
60990472
60991355
60991596
60990662
60991534
60996047
60995326
60952687
60963334
60973405
60984154
60993443
61005733
61016972
61026480
61039250
61047778
61060789
61071725
61079869
61091325
61100005
61109861
61119653
61129232
61140893
61148997
61159861
61171749
61182381
61191029
61204917
61213520
61225453
61236360
61248149
61257096
61267397
61281325
61289845
61301805
61310237
61325325
61333928
61345861
61354512
61697838
60995337
60995236
60996068
60997056
60995971
60997730
60997604
60996331
60997684
60997756
60996443
60997847
60997761
60997154
60997779
60959670
60969670
60978270
60988958
60999390
61010689
61023292
61032676
61045497
61055324
61066689
61076860
61087441
61100620
61109196
61122593
61130945
61142593
61151436
61163065
61175580
61184396
61196153
61206868
61217225
61227057
61237996
61249852
61258716
61270372
61281844
61293513
61302044
61313977
61324996
61335508
61345489
61357324
61699377
60999113
60998275
60999787
60999244
60997912
60999046
60999458
60998307
60999262
60999559
60998467
60999390
60999612
60998963
60955644
60965079
60976874
60985911
60996786
61009151
61018594
61029898
61040786
61052711
61062274
61075287
61083890
61097087
61105930
61119135
61129743
61138412
61151194
61162679
61173354
61183890
61193471
61205439
61214210
61225879
61234690
61248391
61258138
61268146
61282503
61291106
61302895
61311570
61326599
61335370
61347039
61355716
61701304
61000696
60999721
61000508
61000899
60999906
61000717
61001011
61000130
61000754
61001126
61000293
61000949
61001238
61000683
60959110
60968494
60978486
60987561
60999566
61010814
61020601
61032814
61042569
61054302
61063782
61075614
61087462
61097753
61108134
61120213
61130517
61139333
61152701
61161277
61175117
61183792
61195749
61206704
61217120
61227584
61237728
61250925
61258120
61268261
61282453
61291104
61302893
61311549
61326637
61335213
61345821
61357669
61366285
61000753
61002164
61000897
61000854
61002399
61002811
61001741
61002522
61001250
61001276
61002647
61001415
61001356
61002724
61001895
60965928
60973755
60985456
60994107
61006544
61015928
61028128
61037859
61049376
61062248
61070960
61083840
61094448
61104432
61116288
61126592
61137080
61150648
61159264
61171216
61181872
61193696
61204232
61214960
61226880
61235616
61249648
61258515
61270112
61281696
61293376
61302672
61312811
61320960
61333864
61345712
61354648
61364427
61003017
61003699
61004223
61003198
61003945
61004266
61003730
61004227
61004510
61003896
61004395
61004716
61003768
61004531
61004919
60964177
60974516
60982772
60994964
61004740
61015580
61027996
61038596
61048660
61058580
61068156
61079292
61089700
61102276
61110996
61124252
61132836
61144748
61154444
61164150
61178028
61186772
61198588
61209444
61221164
61229884
61241604
61252492
61264508
61273428
61285828
61295612
61307260
61316292
61328894
61340820
61349332
61361188
61369916
61005660
61005849
61004437
61005063
61006534
61006026
61005388
61005951
61006066
61006161
61004508
61006012
61004673
61004673
61006167
60964777
60972999
60984988
60994196
61005987
61017596
61026915
61039524
61049302
61060955
61070831
61083297
61094201
61104383
61116082
61128226
61137047
61150385
61161122
61170036
61181719
61193257
61202106
61214319
61225922
61234449
61246863
61258497
61267407
61279017
61290321
61300236
61312090
61320604
61335561
61345594
61354092
61364842
61708238
61007516
61007221
61006008
61007421
61006119
61007881
61006815
61007592
61008015
61007267
61007747
61008223
61007422
61007918
60963972
60970674
60980205
60992061
61001062
61013479
61025426
61034046
61046730
61058226
61068282
61079786
61089671
61101482
61111353
61123290
61133402
61143945
61155730
61167506
61176230
61189922
61198834
61208425
61222450
61230970
61242890
61254194
61264410
61274642
61286842
61298762
61307378
61317162
61329082
61340794
61352642
61361447
61373082
61008977
61009296
61008056
61007499
61009522
61007891
61007962
61009483
61009475
61008277
61009539
61009732
61009605
61009357
61008437
60967318
60977660
60987585
60996649
61008753
61018498
61030684
61040268
61051700
61063476
61073193
61086124
61096660
61106932
61117340
61130652
61139497
61153020
61163556
61172436
61186004
61196540
61205393
61219284
61229820
61238636
61252660
61261489
61273220
61283756
61295060
61306980
61315377
61327420
61339348
61351092
61361700
61370620
61009253
61010647
61009312
61011057
61009547
61010553
61009756
61011089
61009844
61009860
61011287
61009956
61009988
61011257
61010170
60967847
60977942
60986287
60995887
61006471
61016943
61027106
61038791
61048394
61060943
61070570
61082431
61092186
61103975
61114402
61125919
61136474
61147847
61158698
61170079
61178826
61192607
61201466
61213127
61224258
61235703
61244306
61258399
61267586
61278959
61291575
61302183
61310775
61320834
61332615
61344250
61360711
61369399
61379178
61015511
61017592
61017699
61017447
61016650
61016183
61017680
61017859
61016882
61017653
61017915
61016887
61016266
61018015
61016594
60973519
60982575
60992785
61003026
61015601
61025129
61037610
61047122
61058090
61066125
61077074
61088866
61100626
61109229
61122498
61131314
61144498
61153101
61166754
61175333
61187154
61197906
61208506
61220354
61231101
61241981
61253202
61264546
61276290
61284842
61299514
61310050
61318842
61330562
61342421
61351029
61360885
61372330
61381421
61018918
61017674
61017722
61019026
61017880
61017856
61019216
61017922
61018048
61019448
61019729
61018624
61019461
61018224
61018213
60979611
60989351
60998990
61009806
61019256
61031609
61041094
61053569
61063214
61073817
61086625
61096390
61107001
61119409
61126521
61137913
61149833
61160369
61171193
61182729
61194505
61205041
61213870
61227689
61236534
61248265
61261177
61269753
61281697
61290454
61304849
61313462
61325313
61333998
61348873
61357833
61369337
61378345
61721321
61020817
61019995
61021566
61021197
61020084
61019140
61021192
61021028
61019479
61021180
61019748
61019796
61021102
61019921
60977477
60987924
60996665
61008796
61019668
61029399
61041612
61051132
61063804
61074404
61084447
61097052
61107588
61117671
61129532
61141604
61150527
61160940
61174444
61182537
61193423
61203214
61213911
61227956
61236759
61247180
61256287
61268548
61280364
61289167
61303516
61312119
61323908
61332583
61347540
61356204
61367980
61376044
61387692
61021004
61021901
61022504
61021789
61021402
61021386
61023559
61021431
61021364
61023590
61021505
61021564
61022873
61021644
61021598
60983562
60993548
61002199
61014087
61023314
61034503
61047047
61056754
61069311
61079911
61089679
61102618
61113095
61123154
61135074
61145170
61155815
61169383
61178210
61188671
61202439
61211175
61223058
61233714
61244751
61251938
61264250
61275919
61286610
61295239
61308450
61318770
61330143
61338871
61353887
61362642
61374311
61382842
61022851
61023972
61022910
61024481
61024564
61023240
61024577
61024721
61023336
61024657
61024761
61023416
61024785
61023267
61023395
60982361
60992734
61001790
61011745
61023894
61035070
61044758
61057030
61067918
61078518
61088094
61101166
61109902
61122966
61131846
61145038
61155646
61164646
61175134
61184950
61198790
61207598
61219350
61230126
61241926
61252462
61262038
61275006
61284110
61295838
61308422
61315414
61325350
61335134
61349046
61359158
61370662
61379246
61391166
61024259
61025713
61026067
61025008
61024497
61026319
61026115
61024558
61026356
61026163
61024806
61026511
61024974
61025110
61026682
60988269
60998340
61007204
61018940
61028463
61040548
61050340
61060556
61073436
61082556
61094628
61104596
61116516
61126676
61138428
61148396
61159148
61170796
61182572
61191412
61205060
61213892
61225620
61236396
61248196
61257060
61269084
61280932
61289580
61299292
61311956
61323684
61333588
61342580
61355420
61365428
61374604
61382412
61728092
61027638
61026636
61025748
61027849
61027733
61026077
61027209
61027819
61026550
61028728
61026600
61026707
61028086
61026795
60984449
60993570
61003739
61015622
61026566
61035808
61048432
61058073
61070696
61079929
61090721
61101257
61111065
61124393
61132969
61145113
61156961
61165769
61177977
61189785
61199737
61210289
61222169
61233033
61243617
61255393
61263969
61278121
61288753
61297369
61311905
61320521
61332441
61341393
61356001
61364617
61376537
61385610
61729967
61029643
61028637
61029525
61028943
61030527
61029901
61029271
61027951
61030032
61029764
61028444
61029894
61030247
61029142
60984665
60993954
61002626
61012610
61023706
61036426
61046130
61057706
61069010
61078514
61091458
61100418
61111082
61123106
61134946
61144266
61156946
61165538
61178010
61189786
61199282
61211306
61222978
61233634
61245554
61254098
61266018
61276866
61288882
61297594
61311938
61320522
61332442
61341210
61356010
61364650
61376498
61385378
61396994
61031745
61031381
61030319
61031189
61031461
61030716
61031290
61031536
61030077
61031624
61030738
61031717
61031755
61030634
61032346
60991519
61000811
61011553
61023217
61032417
61044897
61054473
61067020
61076665
61087268
61100004
61109740
61121668
61131777
61143580
61155652
61164235
61176628
61188548
61199116
61209652
61221668
61230353
61244244
61252795
61263468
61277555
61286336
61298115
61307672
61321243
61331779
61340435
61352451
61364168
61375947
61384498
61396411
61032574
61031640
61030860
61032920
61032733
61031461
61032872
61033150
61031938
61031347
61033316
61033283
61031496
61033463
61033147
60993846
61003786
61012369
61023039
61033399
61044849
61054336
61066529
61076137
61087977
61097680
61109300
61119169
61132556
61143033
61153096
61165016
61177468
61186227
61198017
61210545
61219056
61229760
61243648
61252329
61264249
61275224
61286952
61295664
61306396
61318944
61330680
61340041
61349857
61364945
61373600
61383472
61395265
61033067
61034327
61032969
61034636
61033126
61033226
61034863
61034978
61033369
61033921
61034729
61033559
61033607
61034841
61033609
60991209
61001281
61011548
61020028
61030692
61041111
61053740
61063220
61073708
61086508
61096292
61106804
61118260
61126124
61138628
61149164
61159292
61171140
61181756
61193508
61204076
61214572
61226588
61237124
61247852
61259772
61270308
61283292
61290564
61300788
61308052
61321644
61335732
61346268
61356900
61370100
61381676
61390428
61402180
61039929
61041243
61039957
61041801
61040155
61040459
61041804
61041852
61040864
61041886
61041967
61040659
61041774
61042135
61041985
61000020
61007267
61017430
61028210
61040363
61049660
61062228
61071804
61083252
61095092
61104788
61117740
61128276
61138276
61148956
61162268
61171092
61180239
61191708
61203516
61214244
61224876
61234732
61248644
61259180
61267951
61278452
61292532
61301452
61313204
61324527
61335348
61346852
61355468
61370484
61379100
61391020
61400140
61743684
61043276
61042156
61041564
61043287
61041847
61041847
61043247
61043616
61042527
61041580
61043739
61042535
61041884
61043797
60999799
61010853
61020037
61029709
61039381
61051677
61061109
61073677
61082413
61095165
61104645
61115597
61128325
61138870
61150237
61162309
61170885
61181837
61195133
61203781
61217621
61226285
61238181
61248549
61256485
61268333
61276877
61291029
61299733
61311589
61323309
61334741
61343701
61353965
61365205
61377173
61388709
61397285
61409205
61044746
61044121
61044941
61045088
61044121
61044857
61045392
61044209
61044929
61045268
61044598
61045078
61045385
61044688
61045184
61006593
61016650
61025836
61035215
61047732
61057078
61068190
61080891
61090454
61101535
61114012
61123702
61134388
61147572
61156302
61169579
61180115
61190598
61202524
61213027
61223774
61234203
61246212
61256927
61268723
61277254
61290251
61302099
61311364
61319135
61332236
61342027
61350822
61362491
61375443
61384286
61395955
61404598
61747212
61046585
61046348
61044855
61046311
61044999
61045001
61046385
61045081
61045081
61046543
61046928
61045791
61046690
61045552
61003180
61014252
61022260
61032303
61044644
61053900
61066516
61076020
61087748
61097244
61109348
61118412
61131004
61141116
61151668
61164980
61173788
61185516
61195924
61207772
61218460
61230188
61240820
61251892
61263468
61271980
61283908
61295212
61306812
61315316
61329852
61338876
61350316
61359204
61373948
61382228
61392244
61402060
61410604
61048195
61047202
61046370
61047553
61048465
61046913
61048585
61047255
61047145
61049452
61047402
61047300
61048668
61047439
61047479
61010189
61020074
61029024
61040594
61049845
61062274
61072325
61083272
61095842
61107402
61116136
61129090
61137728
61150938
61161546
61171725
61183586
61195914
61204800
61215202
61227466
61237394
61246144
61258842
61270546
61279504
61292106
61303954
61312640
61323474
61337738
61346413
61357978
61368810
61380653
61392514
61401080
61412954
61049528
61050079
61049814
61049048
61048440
61048345
61050228
61049947
61048755
61050375
61050415
61049126
61050511
61050570
61049782
61007487
61017688
61027798
61038678
61049598
61060918
61070197
61082878
61094374
61103462
61113733
61126942
61135413
61148677
61157221
61170677
61179685
61191181
61201637
61213517
61223941
61235861
61244845
61258461
61267421
61278925
61289917
61299842
61311717
61320378
61334845
61343501
61355349
61364002
61378869
61387557
61397626
61409261
61752107
61051727
61050323
61050877
61051602
61051984
61050751
61050071
61052083
61052019
61051810
61050629
61051970
61050650
61050650
61066573
Peak: 62187031
Average: 59984144.26130653
