0
142926
435997
889372
1217484
1676046
2415789
2829738
3121646
3639120
3923006
4408195
5310908
5452429
5791050
6244610
6735032
7186008
7423225
7829084
8390932
8812489
9093755
9408453
9641726
9856565
10526179
10851926
11242895
11848686
12486291
12795404
13096607
13580291
14131235
14629830
15171660
15704542
16046929
16357019
16580344
16712067
16779279
17124054
17286574
17573215
17961329
18113515
18343503
19637230
19460422
19640026
19750353
19750505
19985930
20173256
20324349
20491120
20876887
21417578
21801796
22212849
22751836
23297869
23563943
24015881
24329680
24492924
24640620
24800786
25000002
25170428
25486288
25887590
26190725
26687952
27065753
27670601
28359242
29205510
29799008
29978757
29983797
29987133
30001131
30005011
30031984
30605922
31292282
31538298
31776762
31958862
32149091
32359608
32446172
32576705
32584661
32702714
33022503
33274567
33846486
33918218
34403371
34616885
34698853
34744777
34716253
34798433
35106704
35266194
35834227
35931465
36333250
36811004
36882206
37138977
37827819
38438374
38438510
38438562
38438656
38253495
38723794
38809931
39070554
39171931
39270452
43214814
43251197
43523964
43639231
44174773
44205826
44292611
44317548
44374288
44428649
44483334
44567691
44622546
44649867
44704017
44726162
44962501
45173765
45260192
45703378
45909197
46164880
46747846
46905668
46940578
47125262
47192619
47299392
47511435
47609328
47726585
48044297
48184661
48423120
48631748
48858319
49269040
49271516
49274044
49275787
49279510
49281989
49285128
49453876
49590990
49714421
49802023
49988008
50238377
50330866
50417021
50441541
50456773
50490821
50547456
50595950
50676631
50804210
50881499
50938512
51122617
51481539
51622682
51980729
52292078
52554904
52818538
53013743
53697371
54126743
54491719
54635415
54676478
54832818
54766205
54933567
55043020
55122078
55266018
55176507
55642230
55911974
56025076
56183616
56601402
57023649
57051181
57468354
57570524
59348867
57860863
58055198
58197643
58285690
58331943
58643100
58647790
58523188
58626329
58752147
59059423
59838926
59964150
60061750
60132030
60179274
60366312
60404918
60977254
61909747
60973379
61031364
60823879
60827496
60828429
60829989
60832751
60832590
60832658
60835841
60836575
60835454
60838310
60838420
60842176
60842103
60842538
60844228
60845292
60844027
60846708
60846773
60848009
60848205
60849319
60848067
60848937
60851569
60850349
60852566
60854065
60853198
60854938
60856604
60855604
60857095
60858385
60857885
60861708
60863255
60863995
60864842
60865309
60865888
60866967
60866341
60866246
60867877
60869291
60870361
60870525
60870921
60871958
60870994
60872395
60871103
60873523
60874011
60873317
60875197
60873681
60876025
60876687
60879589
60878101
60879621
60880960
60881481
60880195
60882326
60882772
60883223
60882985
60884289
60884304
60885643
60884237
60886509
60886935
60886261
60885356
60887892
60887861
60889146
60888307
60887887
60890294
60893423
60894029
60894297
60892874
60895372
60894230
60893966
60896414
60897675
60897113
60896552
60895837
60898285
60898086
60898963
60897742
60900347
60900056
60899919
60900789
60899260
60902484
60901776
60901782
60902768
60905582
60906007
60904786
60906712
60906890
60907811
60908101
60908547
60907183
60907141
60909247
60907875
60910332
60910643
60911027
60910391
60909574
60911950
60912759
60911568
60914966
60913879
60912556
60915143
60915498
60918590
60917729
60917402
60920582
60918096
60920618
60921075
60921463
60920113
60919959
60922139
60924753
60923020
60922650
60923780
60924149
60924779
60924303
60925275
60925600
60924080
60924595
60924537
60926796
60929366
60930350
60930229
60931545
60931863
60932339
60931526
60931496
60931566
60935609
60934753
60932344
60934801
60934883
60935869
60936115
60936491
60935120
60934969
60937242
60940278
60938159
60941094
60938988
60937297
60939847
60942636
60943038
60942197
60943811
60942858
60944451
60943217
60943124
60945369
60948736
60946079
60945761
60947016
60947053
60947666
60947875
60948344
60947562
60947395
60947694
60947591
60948379
60950601
60950377
60951312
60951699
60954713
60955068
60955161
60958576
60955736
60959472
60955793
60955577
60957987
60957812
60958661
60959002
60959404
60959626
60959979
60959088
60959137
60960105
60959873
60959915
60962262
60960846
60960738
60961214
60961379
60964683
60965205
60966173
60965869
60966315
60966227
60968449
60972564
60969425
60973787
60970157
60969848
60970889
60969161
60971594
60969801
60972360
60971082
60973000
60973120
60973689
60973856
60974339
60974582
60974921
60975310
60978238
60977756
60979023
60978345
60979577
60978206
60978113
60980335
60985225
60981789
60986026
60981787
60987100
60983078
60987872
60983444
60988323
60984084
60989067
60984606
60990687
60986289
60991233
60986689
60989056
60989379
60991000
60989615
60989587
60991744
60996885
60992613
60997661
60993390
60998742
60993999
60993718
60994841
60994466
60995316
60995086
60996048
60995722
60996773
60996790
60997660
60997792
60998166
60998405
60998881
61004072
61000325
61000875
61001123
61000979
61001622
61001759
61002235
61002515
61002912
61010382
61005326
61011344
61006216
61012240
61006084
61013022
61006724
61013459
61007364
61013964
61008817
61014929
61008620
61007804
61010186
61012496
61013506
61013252
61014303
61012777
61014943
61014638
61015682
61015921
61016281
61016606
61017031
61017184
61017681
61017438
61018226
61017247
61019615
61019238
61020265
61019902
61020933
61020556
61021648
61028033
61022288
61031596
61024520
61024064
61024897
61024982
61025530
61025711
61026944
61028492
61027931
61029156
61028527
61030010
61029074
61030658
61031034
61031312
61030901
61031915
61031579
61032620
61030813
61033188
61031412
61033882
61032132
61037160
61035408
61037707
61036020
61038381
61036776
61039123
61037440
61039801
61038299
61040516
61038833
61041208
61039548
61041807
61040202
61041607
61040879
61043226
61041478
61044456
61044214
61042434
61044016
61052595
61045486
61046453
61048814
61047117
61049580
61047832
61048944
61057902
61050664
61058213
61049428
61051813
61052124
61052467
61052757
61053254
61053370
61053925
61053716
61055207
61063220
61055566
61063843
61056179
61064577
61056945
61067688
61060259
61068493
61061764
61069289
61062433
61062586
61063006
61063380
61063660
61064108
61063697
61064650
61062997
61065348
61073870
61065929
61074329
61066856
61066721
61067135
61065291
61067770
61067641
61068137
61076486
61068676
61068756
61069073
61080160
61072168
61080754
61072859
61081349
61073462
61081947
61074088
61083022
61073298
61073212
61073975
61073889
61074622
61074798
61075378
61075485
61076293
61077934
61076672
61078574
61078224
61079111
61088278
61079635
61078073
61081217
61081326
61081990
61082064
61082668
61082915
61083461
61083600
61084074
61086037
61086345
61086742
61086892
61087197
61085065
61087927
61088331
61088321
61088835
61087144
61089314
61099049
61090047
61099561
61088772
61089004
61093071
61093086
61094321
61095767
61094950
61096435
61096540
61097252
61096848
61096036
61096558
61097709
61099033
61098674
61099571
61098006
61099991
61110049
61099016
61101208
61100582
61101855
61100240
61101166
61100777
61102393
61112373
61103414
61105932
61106507
61116116
61106971
61107787
61106037
61107462
61105843
61106678
61106724
61108135
61109271
61109561
61109911
61108159
61111174
61120997
61110903
61121533
61110146
61109797
61111427
61112924
61113133
61113513
61111635
61114060
61124934
61118035
61128128
61117792
61128244
61116744
61117923
61117644
61117885
61118661
61120339
61120557
61121068
61120671
61121572
61132127
61120170
61120488
61121259
61121312
61122352
61123849
61123790
61124567
61122833
61125040
61136313
61127589
61128855
61127024
61128518
61140105
61129435
61130250
61141798
61130790
61129266
61130014
61132055
61142908
61130532
61130807
61133158
61133504
61131679
61134912
61146305
61135289
61146778
61134635
61134732
61136102
61137423
61138222
61140498
61152489
61139347
61139405
61140700
61142327
61141022
61142903
61154383
61141468
61141707
61142457
61144636
61143624
61145109
61143458
61145744
61157859
61146915
61158056
61145275
61145393
61147515
61147940
61147699
61148552
61149553
61150808
61163625
61150718
61152904
61153112
61153486
61151706
61154006
61166344
61154349
61166646
61153568
61155641
61155702
61156199
61154577
61156815
61169014
61155795
61155912
61156938
61158374
61158535
61159089
61158609
61161879
61174958
61162751
61161323
61161936
61164050
61162991
61164687
61164193
61165162
61163530
61165010
61178521
61164603
61164856
61166256
61167094
61180087
61166296
61165968
61167893
61169364
61169487
61169911
61168081
61168874
61173477
61173226
61174028
61187462
61174411
61187665
61173668
61174132
61176001
61176299
61174585
61175983
61190331
61177274
61175692
61176551
61178593
61178808
61179089
61192675
61179507
61193030
61178576
61180877
61181086
61182449
61184846
61185555
61199327
61184137
61184477
61186966
61187316
61201146
61186237
61188279
61188518
61188878
61188542
61189453
61187580
61189181
61190392
61189189
61190837
61204847
61191357
61205311
61190412
61190585
61192847
61193374
61193008
61196429
61210892
61196764
61211024
61196007
61198042
61198387
61198812
61197148
61199377
61213538
61198216
61200402
61199380
61200929
61200466
61201401
61215836
61200137
61201310
61216730
61200651
61202559
61202168
61202377
61200350
61204189
61219261
61203069
61205323
61205165
61205261
61203289
61205270
61219656
61205085
61203253
61203725
61203565
61205382
61205710
61203623
61205549
61203548
61204977
61205353
61203545
61204494
61205655
61205226
61205797
61219640
61205454
61204663
61204877
61205961
61205443
61206137
61220314
61205540
61203759
61204902
61205863
61205521
61205978
61203890
61205895
61219737
61204065
61206031
61203899
61204657
61220255
61204313
61204376
61204854
61206204
61204092
61205666
61220204
61206139
61206408
61204309
61206384
61206216
61204408
61205459
61206620
61205997
61206964
61204564
61204899
61206690
61206092
61206677
61204504
61206611
61220552
61205039
61206872
61208036
61208132
61206640
61207873
61207911
61205809
61207151
61221982
61206298
61207987
61207188
61207907
61222138
61207735
61221925
61206429
61208227
61208072
61208298
61222411
61207918
61206021
61206544
61206548
61208390
61208404
61206353
61207597
61222601
61206707
61206886
61208474
61208758
61222908
61208544
61206260
61207885
61208976
61206931
61208945
61207014
61208214
61209202
61223318
61207342
61209148
61209137
61209116
61207140
61208950
61222925
61207408
61207378
61209216
61209305
61208595
61209208
61223479
61209114
61223426
61207706
61209641
61209370
61209480
61207351
61208350
61223616
61209429
61207621
61208093
61209820
61209627
61209692
61224003
61209598
61207800
61209897
61209972
61209300
61209889
61224182
61208107
61210210
61208804
61207787
61208168
61209878
61210001
61223869
61208260
61208244
61209914
61209959
61209348
61210149
61224340
61208470
61208403
61210155
61210227
61208177
61209635
61224433
61210330
61224302
61208908
61210723
61210630
61210726
61224990
61210366
61208623
61209146
61210910
61210526
61211025
61225112
61209271
61211145
61209647
61211134
61209005
61210361
61224985
61209393
61211205
61210752
61211162
61224929
61209481
61211245
61210837
61211774
61209440
61211332
61211333
61209217
61212012
61225167
61210267
61211414
61211283
61211235
61210014
61212238
61211785
61226908
61211004
61212765
61212223
61212808
61227201
61212700
61210868
61211357
61212988
61212819
61213052
61210974
61212944
61227078
61211622
61213495
61213138
61213320
61227819
61211836
61212927
61210930
61213290
61213441
61227800
61213200
61211419
61211840
61213553
61212987
61213575
61227825
61211777
61211833
61213657
61213695
61228027
61213342
61227665
61212043
61213797
61213122
61213092
61227840
61213603
61211771
61212157
61213935
61213541
61213873
61228136
61213625
61211742
61212316
61213978
61213932
61214004
61228258
61213740
61227948
61214082
61214192
61211937
61213852
61212034
61212530
61212442
61214122
61214259
61228421
61212477
61214378
61214308
61214418
61228753
61214088
61212098
61213036
61214451
61212363
61214371
61228308
61212884
61214611
61214059
61213695
61228442
61213517
61214814
61229177
61212920
61214972
61213504
61213940
61214836
61229013
61213168
61214918
61214735
61214947
61229309
61213039
61215104
61212559
61213977
61215068
61214409
61215114
61228904
61213596
61215350
61214565
61215187
61213290
61214016
61215492
61214841
61215570
61229453
61213912
61215536
61214775
61215531
61229353
61214666
61215562
61213385
61214623
61229462
61213927
61215835
61215102
61215191
61229881
61214155
61215970
61215168
61215771
61213702
61214883
61215946
61215498
61216055
61214072
61214893
61216083
61213995
61215831
61214108
61214649
61216242
61214109
61215922
61214090
61215434
61216364
61214241
61217666
61231504
61216067
61217910
61217214
61218422
61216851
61217792
61217953
61232264
61215993
61216251
61217945
61217990
61232414
61216164
61218130
61218033
61218150
61232282
61216592
61218390
61217992
61218310
61216289
61216998
61218560
61232689
61218219
61216397
61216157
61218107
61232227
61217227
61218518
61232400
61217822
61218291
61217422
61218435
61218623
61232842
61216650
61216898
61218318
61218605
61232676
61216871
61218957
61218186
61218829
61216949
61217922
61219148
61218373
61218794
61216712
61217801
61219266
61233416
61217279
61219304
61219186
61219149
61233504
61217368
61217454
61219374
61219323
61233202
61217438
61219360
61218948
61219290
61233577
61217543
61219544
61219293
61219491
61233772
61219210
61217914
61219392
61219604
61217475
61219627
61233726
61218041
61219730
61217666
61219558
61218651
61219653
61219886
61234221
61219573
61217792
61218329
61219837
61219419
61219819
61234181
61218157
61220165
61219582
61219130
61234430
61218523
61220212
61219609
61219194
61234106
61218563
61220225
61233974
61218430
61220119
61219652
61220138
61233966
61219311
61220258
61218211
61220284
61219145
61220113
61220274
61234554
61220173
61218355
61218800
61220526
61234760
61218742
61220678
61218514
61220640
61220589
61234940
61218838
61220746
61220116
61219936
61234974
61218954
61220934
61220417
61221059
61235118
61219375
61221077
61218821
61221630
61234893
61219373
61221110
61220999
61221129
61235341
61219413
61221372
61221190
61221337
61219157
61221045
61219325
61220175
61221459
61219528
61221263
61219314
61221554
61221667
61219654
61221526
61219619
61220375
61221789
61236175
61221596
61221393
61222163
61223642
61237536
61221690
61223574
61222944
61223543
61237370
61222739
61223686
61221506
61223510
61221934
61222733
61223966
61223277
61222654
61223680
61221578
61224397
61221835
61223886
61224026
61221887
61223748
61222066
61223338
61224272
61238336
61222641
61224567
61223844
61224463
61238553
61222887
61224628
61224202
61224452
61223515
61224631
61224655
61239017
61224493
61222801
61223783
61225076
61239051
61224876
61223206
61224935
61225058
61239159
61224333
61224853
61225118
61225072
61225117
61239452
61223510
61223388
61225256
61225307
61239351
61223350
61225501
61224806
61225470
61223374
61223870
61225583
61225158
61224732
61239601
61224683
61225644
61239614
61223808
61225638
61240123
61225424
61223667
61224663
61225865
61239882
61223738
61225715
61225046
61225611
61239627
61225149
61226162
61240145
61224209
61226093
61225428
61226608
61223979
61226116
61226017
61224069
61225519
61225673
61239802
61223929
61225813
61223622
61225520
61223988
61224697
61226111
61240474
61224375
61226174
61226070
61226060
61240085
61224515
61226402
61225713
61225394
61224093
61225270
61226272
61224143
61226069
61225334
61226298
61226421
61240339
61224708
61226520
61224354
61226293
61224331
61226533
61226547
61240446
61224789
61226567
61224527
61226364
61224542
61226600
61226679
61240727
61224856
61226799
61226206
61226609
61224443
61226986
61226078
61227141
61224953
61226341
61227046
61241590
61226887
61225183
61227256
61227294
61241488
61225523
61227404
61226643
61227208
61225290
61226101
61227434
61241594
61226528
61227540
61225350
61227289
61225504
61226575
61227601
61226925
61227699
61226560
61226339
61227620
61241819
61226072
61227747
61225621
61227169
61225858
61227749
61226079
61225778
61227955
61226000
61228035
61225997
61227357
61227253
61227971
61226115
61228262
61228101
61225999
61227199
61230048
61227868
61229749
61228778
61229831
61229931
61243791
61228701
61230099
61228096
61230339
61230340
61229713
61230106
61228373
61230394
61230363
61244482
61228626
61230507
61229893
61230365
61228509
61230633
61230657
61228507
61230316
61228508
61230552
61230740
61244584
61228883
61230713
61230099
61230664
61228864
61229773
61230859
61228730
61231546
61229008
61229768
61231043
61245218
61229319
61229306
61231182
61230001
61231337
61245390
61229484
61231382
61229215
61229597
61231646
61229349
61231244
61229425
61230403
61231545
61245670
61229705
61231669
61229591
61231537
61230662
61231774
61229799
61231642
61231223
61231818
61245671
61231869
61231914
61245762
61231004
61232051
61245998
61230126
61232130
61231623
61231428
61245961
61231284
61232119
61246505
61232069
61231108
61232138
61232326
61246466
61230805
61232594
61231959
61232377
61232642
61232038
61232675
61231787
61232815
61233108
61246800
61232179
61233048
61247111
61231274
61233120
61232592
61233122
61233390
61232883
61232392
61247481
61231588
61233403
61247649
61233097
61232222
61233399
61233426
61247558
61231699
61233313
61247846
61233147
61231677
61233257
61233326
61247889
61232212
61233497
61247739
61231897
61233548
61231583
61233444
61231897
61233789
61233561
61247392
61232047
61233722
61233023
61233520
61231698
61233910
61232099
61233966
61233253
61233800
61232017
61231269
61233755
61233940
61247947
61232415
61234066
61231992
61233853
61232031
61234202
61234342
61248325
61232527
61234418
61232227
61234122
61231928
61234468
61234455
61248835
61232560
61234633
61232596
61235285
61233034
61234132
61233785
61248688
61233958
61234865
61248859
61233158
61234755
61232680
61234490
61233618
61234859
61234891
61248609
61233215
61234901
61232939
61234797
61235182
61233029
61234982
61233363
61235115
61235249
61233170
61234483
61235417
61233353
61233406
61233732
61235597
61235570
61249542
61233895
61235711
61233701
61235542
61233876
61234657
61235898
61250318
61234782
61236035
61250079
61234288
61236062
61233974
61234195
61236110
61250445
61234195
61236131
61252391
61236240
61238080
61236118
61236148
61238101
61236245
61237999
61238478
61235975
61238132
61238234
61236087
61237765
61238166
61236310
61237377
61238382
61236130
61238058
61239312
61237103
61238178
61238420
61237476
61238683
61238735
61236938
61238663
61238714
61252630
61237679
61238858
61252815
61237255
61239019
61253464
61237077
61239270
61237075
61237087
61239225
61237106
61238998
61239263
61237249
61239059
61236909
61237758
61239238
61237928
61239303
61237519
61239527
61239511
61237446
61253527
61239615
61239670
61253600
61238962
61240032
61254238
61238183
61239903
61237968
61239737
61240214
61239385
61240022
61237930
61239281
61240341
61254148
61238663
61240414
61254800
61238868
61240431
61254912
61238680
61240612
61238438
61240299
61238615
61239853
61240124
61240375
61240271
61240333
61254184
61240452
61240425
61254309
61237823
61239939
61238348
61239605
61239820
61239105
61240210
61240302
61254391
61240204
61240317
61238300
61240161
61238542
61240007
61240969
61237964
61240370
61240558
61254584
61239576
61240819
61238532
61240675
61240915
61238774
61239759
61240875
61255175
61239850
61241100
61239022
61239243
61241223
61240391
61241722
61239143
61241007
61241222
61255077
61241369
61241434
61255499
61239705
61241326
61239415
61241235
61239630
61241228
61242088
61239997
61241502
61241588
61239595
61241756
61241851
61255723
61240567
61241791
61255849
61240304
61241983
61256228
61240191
61242048
61239959
61241782
61242156
61256590
61240341
61242298
61256327
61240551
61242302
61256708
61240212
61242360
61241705
61242078
61242463
61242310
61242478
61240509
61242479
61242400
61242088
61256196
61240600
61242457
61256781
61240727
61242454
61256325
61240891
61242614
61256504
61240765
61242584
61256874
61240994
61242707
61240639
61242500
61242834
61240923
61242695
61243032
61240982
61242805
61241234
61242436
61242840
61241208
61243084
61242183
61241258
61243357
61243330
61257456
61241809
61243672
61241289
61243409
61243351
61257726
61241894
61243484
61241621
61243315
61242457
61243295
61243456
61241731
61243021
61243424
61241765
61243452
61242374
61241724
61242702
61243988
61242845
61243847
61244079
61257925
61243912
61244809
61242616
61242709
61244261
61242162
61244186
61244244
61242131
61243004
61244330
61258121
61243289
61244429
61258319
61242709
61244443
61260899
61244993
61246771
61260896
61245178
61246942
61244837
61246684
61246959
61244656
61245621
61246882
61260898
61245621
61247056
61260873
61245350
61247128
61244962
61247014
61246067
61247179
61247193
61245448
61247094
61247326
61245142
61247531
61247549
61246509
61247477
61247504
61245398
61247559
61247662
61262014
61246131
61247881
61262206
61246282
61247995
61262268
61246285
61248207
61262021
61247034
61248115
61245930
61248002
61248241
61262487
61247386
61248320
61262188
61248269
61248330
61262154
61246826
61248189
61246578
61246250
61248162
61248437
61247663
61248186
61246602
61246949
61248450
61247398
61248440
61248443
61246337
61248423
61248539
61246522
61248522
61248563
61262460
61247682
61248629
61262792
61248027
61248995
61262861
61247237
61248834
61246831
61246949
61248998
61263327
61246947
61248955
61246915
61248738
61248825
61247935
61249047
61249037
61263166
61247793
61249116
61262993
61248336
61249423
61247259
61249218
61249307
61247300
61249468
61249505
61247403
61248651
61249612
61263912
61247841
61249626
61263497
61247841
61249660
61247685
61249635
61248061
61249861
61249902
61249962
61263809
61248705
61250002
61263866
61248773
61250057
61264077
61248375
61250164
61264030
61249289
61250264
61264732
61248410
61250448
61264695
61250208
61250473
61248265
61250153
61250514
61248241
61250194
61248833
61250300
61250317
61248300
61249469
61250454
61264541
61248634
61251029
61250510
61248497
61250307
61248520
61250502
61250704
61264844
61249471
61250807
61248622
61250964
61251115
61264958
61249300
61251173
61265618
61249444
61251082
61265028
61250272
61251209
61264917
61250062
61248944
61251119
61248966
61250878
61249478
61250874
61251953
61249049
61249297
61251253
61250371
61250836
61251206
61249537
61251337
61251551
61249558
61251603
61251657
61265608
61250565
61251849
61265829
61250962
61251946
61266407
61250455
61252181
61266263
61250431
61252120
61266015
61250455
61252243
61266101
61250500
61252250
61266274
61250548
61252284
61266323
61252251
61252367
61266259
61250723
61252460
61266661
61250754
61252518
61266435
61250579
61252559
61266867
61252665
61252703
61266608
61251573
61252911
61267072
61251746
61252779
61266746
61251234
61252923
61267152
61251611
61253036
61267278
61251961
61253159
61267037
61252056
61253340
61267115
61253187
61251554
61253369
61267474
61253349
61253379
61252295
61253253
61253421
61251373
61252583
61253568
61253276
61267254
61251905
61253628
61267569
61252080
61253748
61267689
61252549
61253806
61253828
61253897
61251808
61253032
61253945
61267602
61252971
61253983
61268318
61252219
61254076
61268153
61255017
61256731
61254690
61254955
61256870
61254707
61254859
61256932
61254728
61256677
61255031
61256465
61257625
61255199
61256437
61256831
61255098
61257242
61257280
61271393
61255633
61256435
61256378
61257052
61258102
61255554
61257330
61257371
61255401
61256523
61257549
61271748
61255928
61257692
61271759
61256017
61257764
61271604
61256733
61257812
61271969
61256449
61257754
61271606
61257795
61256914
61255798
61257846
61256663
61255504
61257253
61257767
61257991
61257487
61257733
61255928
61257959
61257928
61255836
61258007
61257973
61272084
61258137
61258195
61257968
61256080
61271895
61257999
61257838
61258199
61256111
61256044
61258209
61272085
61256657
61258356
61272316
61256780
61258455
61272282
61256681
61258469
61272660
61256842
61258705
61272514
61257582
61258692
61272699
61257737
61258815
61272592
61258630
61258689
61257502
61258641
61258730
61256689
61258799
61258789
61256737
61258764
61258682
61257027
61258201
61258899
61256916
61258372
61257273
61259195
61258393
61258814
61257220
61258476
61258886
61259257
61257032
61257547
61259297
61273201
61257690
61259291
61273379
61257578
61259588
61257469
61259231
61259571
61257418
61257509
61259660
61258896
61259290
61257696
61259510
61259599
61258391
61259386
61259723
61257642
61259840
61259823
61259958
61274399
61258633
61259862
61257753
61259579
61258062
61260069
61259832
61257805
61258043
61260150
61257990
61259980
61260290
61258113
61258214
61260341
61274648
61258669
61260556
61274795
61259448
61258467
61260438
61274323
61260170
61259939
61258418
61260616
61260633
61259453
61259970
61260349
61258768
61260151
61260534
61260758
61258608
61260496
61258436
61258711
61258973
61261052
61258964
61259144
61261124
61258968
61259192
61261169
61275204
61261163
61261135
61260129
61260502
61260950
61259404
61260756
61261276
61259286
61261299
61261262
61275221
61260592
61261649
61259413
61261635
61261577
61275461
61261721
61261704
61260524
61261181
61261468
61261805
61261267
61261612
61260001
61261336
61262538
61260138
61260210
61260014
61262217
61276079
61260524
61262288
61276349
61260517
61262257
61276695
61260692
61262432
61260216
61276061
61261456
61262454
61276179
61261299
61262492
61260615
61262445
61262623
61260647
61262698
61261709
61260732
61261529
61262756
61260763
61262838
61262961
61260845
61262818
61263608
61261042
61262380
61262101
61260516
61262482
61262834
61263069
61261903
61262577
61262809
61261276
61262439
61261124
61263194
61277693
61261378
61263358
61261219
61261477
61263406
61277833
61261686
61263717
61261495
61263529
61263564
61261478
61263297
61263756
61263767
61261768
61263485
61263986
61278014
61262947
61263980
61278144
61263067
61264113
61278011
61262373
61264110
61264166
61261936
61278446
61264058
61263389
61263994
61264307
61264585
61262504
61262360
61262293
61262323
61262568
61264599
61278827
61263259
61264633
61262669
61264045
61265253
61264710
61279144
61263021
61264734
61278781
61266842
61267311
61267614
61282014
61266740
61267692
61281684
61266438
61267863
61281721
61267809
61267921
61265904
61267853
61267682
61267947
61267271
61267713
61268053
61267433
61267847
61268184
61282006
61266522
61268256
61282635
61266557
61268403
61282672
61266594
61268334
61282239
61267469
61268293
61267212
61267534
61268153
61266774
61267399
61282679
61268498
61268402
61267417
61267923
61269192
61266173
61268056
61268432
61268632
61283090
61266960
61268871
61282946
61267784
61268844
61283073
61267112
61268866
61282992
61267789
61268063
61282806
61268945
61268098
61266456
61268171
61268691
61267392
61268483
61268739
61266982
61269010
61269027
61267061
61267981
61269006
61268189
61268818
61269113
61269423
61283812
61268323
61269607
61283371
61269559
61268672
61271748
61283788
61268350
61269586
61268529
61269124
61269500
61268046
61269258
61269611
61269941
61267873
61269710
61270050
61269323
61269741
61268581
61269693
61269949
61270289
61267969
61268199
61270197
61284335
61268621
61270382
61284581
61268498
61270337
61284317
61270334
61270337
61268272
61270242
61270337
61269216
61268364
61268636
61270599
61268422
61270269
61270582
61284869
61268722
61270641
61284784
61269229
61270705
61284386
61269826
61270742
61270795
61269690
61268725
61269066
61270892
61285272
61269224
61270876
61285091
61270103
61270945
61285168
61269454
61271170
61285053
61271160
61270972
61269044
61271149
61271047
61269013
61271163
61270999
61271192
61270543
61269242
61271431
61285571
61302291
61300197
61284891
61287085
61286814
61288169
61286560
61287232
61287401
61286232
61288044
61288223
61288524
61302760
61288415
61288644
61286442
61288487
61288569
61302695
61287309
61288771
61302662
61287065
61288816
61286765
61289415
61287664
61288743
61288071
61302821
61288952
61289034
61303022
61288227
61289236
61303616
61288374
61289274
61303139
61288361
61289387
61303288
61288560
61289531
61303669
61288030
61289654
61303923
61288118
61289828
61304094
61288091
61289794
61304060
61288248
61290129
61304111
61288567
61290154
61304563
61288475
61290201
61304224
61288686
61290372
61304710
61288679
61290625
61288519
61290291
61290347
61290636
61304469
61288937
61290671
61288777
61290471
61288972
61290645
61290843
61304760
61290013
61290967
61305240
61289880
61291288
61305300
61289414
61291271
61289169
61289297
61291575
61291056
61291496
61291656
61305708
61290423
61291616
61305649
61291013
61291974
61305884
61290343
61292046
61305904
61290306
61292238
61290105
61291853
61290161
61292096
61291304
61290314
61291197
61292312
61306475
61290647
61290563
61291959
61292427
61306571
61291095
61292472
61306812
61291403
61292489
61290411
61292541
61292684
61306466
61291888
61292860
61307342
61291133
61292965
61307204
61291019
61292951
61290799
61292810
61291924
61293013
61293102
61306962
61291946
61293255
61307001
61292380
61293303
61307209
61291710
61293310
61307560
61291819
61293532
61291420
61293254
61291605
61293309
61293521
61291569
61293638
61293713
61307942
61291942
61293686
61293027
61293400
61293724
61291614
61293675
61293771
61291819
61292664
61293987
61308370
61292202
61294134
61291837
61293968
61293156
61292268
61294305
61294258
61308093
61293596
61294462
61308526
61292664
61294548
61308681
61293342
61294599
61308691
61292985
61294592
61292575
61294602
61296936
61311744
61298004
61298028
61312072
61296576
61298059
61312408
61297856
61296987
61296547
61297921
61297046
61298014
61298150
61297264
61297836
61298145
61297249
61297670
61298169
61296602
61297018
61298529
61312306
61298523
61298543
61312504
61296943
61298768
61312977
61296641
61298793
61296665
61298652
61296881
61298916
61298960
61312894
61297601
61299043
61313063
61297426
61299027
61313539
61297194
61299160
61296997
61298895
61298057
61298687
61299152
61313111
61297796
61299323
61313345
61299216
61299292
61313497
61297785
61299597
61297533
61299442
61298591
61299247
61299620
61299740
61297675
61299723
61299641
61299799
61297860
61299827
61299810
61313700
61298528
61299782
61313834
61298992
61300001
61313987
61298144
61300114
61297961
61298102
61300124
61297971
61298075
61300233
61314568
61298500
61300257
61298073
61299845
61297695
61299657
61299883
61298251
61300037
61299965
61299288
61300393
61300458
61298455
61300502
61300642
61314912
61299570
61300752
61314988
61300813
61300827
61298666
61300888
61300806
61314653
61300089
61300975
61315125
61299566
61300995
61315008
61299077
61301088
61300581
61300823
61300003
61301121
61301097
61299004
61301254
61301262
61314990
61300287
61301224
61315226
61299607
61301272
61315504
61300410
61301449
61315627
61301382
61301471
61315251
61300644
61301701
61315793
61300352
61301636
61315604
61300706
61299716
61301638
61315983
61299932
61301826
61315923
61300120
61301898
61315969
61300583
61302062
61316161
61301231
61302285
61316188
61300623
61302295
61316497
61301668
61300641
61302351
61316311
61300775
61302563
61301863
61302243
61300697
61301881
61303124
61300924
61302060
61302631
61300518
61302655
61302853
61300775
61302785
61302007
61300884
61302881
61302837
61316980
61302071
61302861
61316788
61301943
61303176
61316980
61301460
61303173
61317209
61301412
61303207
61317727
61301634
61303344
61317380
61301546
61303379
61317577
61301679
61303559
61301482
61301542
61303646
61301479
61303401
61302553
61303313
61303771
61302411
61303339
61304650
61302718
61303371
61303812
61302283
61303710
61304121
61302138
61304309
61304292
61302183
61304255
61304330
61304098
61318775
61302817
61304564
61319049
61302820
61304824
61302722
61304556
61305006
61304265
61304638
61303915
61304567
61304994
61304026
61304543
61304315
61303091
61305231
61305129
61303265
61304073
61305420
61319656
61304406
61305625
61319340
61305465
61305526
61319595
61304310
61303834
61305739
61319722
61304578
61305903
61319969
61304369
61306147
61320090
61304554
61306250
61304029
61305941
61304237
61306173
61306027
61304312
61305192
61306548
61320348
61305632
61306566
61320495
61305687
61306638
61320493
61305687
61306689
61320867
61304977
61306601
61321001
61304939
61306748
61304622
61306459
61304587
61306192
61304931
61306929
61306528
61307003
61305837
61306237
61306873
61305601
61306668
61306894
61307415
61305129
61306966
61305382
61307014
61306383
61307122
61321303
61305453
61307088
61321399
61306263
61307324
61321758
61307104
61305296
61307234
61307361
61305344
61307330
61307529
61321651
61306329
61307631
61322123
61305856
61307785
61305632
61305709
61307806
61305653
61307565
61306053
61322172
61307620
61306758
61307518
61307194
61321747
61307017
61308312
61322087
61307228
61308267
61322683
61306623
61308394
61322308
61307442
61308360
61306029
61322775
61307548
61308485
61306375
61308399
61308515
61306566
61308574
61308604
61322501
61308622
61308697
61322549
61307002
61308790
61306729
61308627
61306413
61308857
61309028
61307001
61309302
61308353
61308180
61308676
61307350
61309437
61323584
61307224
61309372
61307315
61307423
61309540
61307387
61309323
61307653
61308981
61308553
61307515
61309515
61308309
61309584
61323408
61308191
61313208
61327371
61311851
61313475
61327861
61312297
61311886
61313277
61313521
61313755
61313760
61311534
61311475
61313617
61311974
61314324
61311647
61313643
61312930
61312726
61313831
61313845
61328081
61312474
61314149
61328072
61312750
61314171
61312130
61314314
61314304
61328008
61313419
61314353
61328355
61312787
61314449
61312432
61312522
61314756
61328848
61312782
61314537
61312435
61314296
61312536
61314253
61314601
61312611
61314758
61314652
61312686
61314539
61314526
61314667
61328954
61313348
61314739
61312592
61314592
61314828
61329060
61313214
61314828
61328917
61313109
61314835
61329085
61314158
61315041
61329399
61313856
61315274
61329305
61313780
61315445
61329521
61313660
61315514
61313412
61313513
61315733
61313409
61315510
61315527
61329428
61314482
61315719
61329852
61314218
61315904
61330362
61314211
61315993
61329920
61314379
61316099
61314032
61314184
61316281
61315650
61316208
61314246
61316277
61316331
61330561
61315259
61316564
61330282
61315600
61316663
61330422
61316604
61316573
61314388
61316611
61315714
61314687
61316786
61316824
61330793
61315196
61316930
61330830
61315238
61316978
61331076
61315159
61317136
61315000
61316909
61317287
61316629
61317046
61317349
61331804
61315468
61317592
61316882
61318360
61317736
61331940
61316912
61317846
61331838
61316187
61318164
61315964
61317848
61315712
61317585
61317897
61318120
61316021
61315951
61316148
61318132
61332325
61316518
61318118
61332253
61316864
61318094
61316148
61318388
61318330
61316350
61317469
61318569
61318229
61332769
61316687
61318551
61332865
61317039
61318735
61316619
61318790
61318834
61316861
61318602
61318794
61316732
61318842
61318435
61318796
61316680
61319499
61316956
61317829
61319077
61333020
61317538
61319221
61333406
61317717
61319481
61333499
61318042
61319741
61333881
61318763
61319700
61333677
61318144
61319971
61334135
61319198
61320064
61318600
61319360
61319636
61317967
61319640
61320691
61320260
61319931
61319089
61318963
61319449
61320033
61318448
61319699
61320098
61320483
61334992
61318875
61320667
61318538
61318690
61320889
61334856
61318900
61320766
61319562
61319243
61320555
61318569
61318712
61319022
61321042
61335180
61319286
61321176
61335160
61319225
61321159
61335282
61319449
61320944
61335165
61320840
61320305
61321204
61319061
61335124
61319756
61321377
61335721
61320332
61321463
61335687
61320023
61321709
61319859
61321581
61320123
61321263
61320872
61319882
61322006
61322088
61319945
61320796
61321207
61320009
61320810
61321931
61336376
61320880
61322209
61336320
61320582
61322346
61336726
61320523
61322503
61322521
61320358
61320305
61321153
61322147
61322535
61321495
61336844
61336605
61320396
61322101
61320625
61322773
61320559
61322495
61322958
61322317
61322632
61322921
61322361
61322663
61321005
61322941
61322968
61321216
61321696
61323077
61322113
61322719
61323991
61321484
61321384
61323116
61323405
61322839
61324086
61323460
61321396
61323335
61321748
61321495
61323332
61323556
61323182
61323709
61321633
61323510
61323623
61337427
61322580
61323746
61321929
61323349
61323742
61323943
61337818
61323023
61324073
61337977
61323272
61324233
61338345
61322347
61324087
61324207
61338343
61323108
61324303
61338340
61323014
61324388
61338195
61324313
61324630
61338703
61323351
61324662
61339144
61322820
61324680
61322439
61322553
61322777
61322538
61324511
61322952
61322723
61324556
61324920
61339347
61323159
61325029
61338873
61324283
61324851
61324135
61323274
61325094
61323513
61339667
61325284
61323726
61325121
61325512
61323358
61325310
61325228
61325664
61339641
61323924
61325586
61339580
61323880
61325692
61339898
61324708
61325802
61340003
61324974
61326000
61323975
61325942
61326001
61339679
61325928
61326041
61339874
61326093
61325952
61325057
61325766
61325984
61325054
61325590
61326022
61326458
61325752
61326549
61326633
61325872
61326402
61326373
61340473
61325654
61326564
61340741
61326673
61326635
61324505
61326745
61326622
61324605
61325553
61326756
61340656
61326835
61327006
61325990
61326519
61326886
61325066
61326435
61325288
61326973
61327259
61341658
61325696
61327354
61341734
61325614
61327506
61341923
61325875
61327663
61341871
61326323
61327834
61346107
61331769
61332100
61345984
61332176
61332155
61329970
61332111
61332227
61346060
61331506
61332344
61330429
61332443
61332317
61331362
61330316
61332344
61330746
61331954
61332365
61330808
61331972
61332457
61332723
61330747
61331005
61332982
61346796
61331303
61332863
61347170
61332015
61333108
61330800
61332371
61332771
61331149
61330910
61331124
61333149
61330986
61331156
61333136
61346770
61333139
61333135
61332088
61333104
61333118
61335445
61347422
61331667
61333445
61347508
61332641
61333504
61347637
61333627
61333733
61347876
61332565
61333878
61347741
61333844
61333086
61332325
61333207
61331902
61333985
61333286
61333782
61334095
61333457
61332310
61334355
61348223
61333252
61334451
61348649
61332844
61334656
61348944
61332858
61334605
61334709
61348350
61333230
61335175
61334632
61333929
61332730
61334738
61349193
61332942
61334964
61348942
61333299
61335026
61333001
61334960
61334974
61348798
61335025
61334943
61348888
61333970
61335151
61333107
61335158
61335237
61334132
61334799
61335049
61335362
61333359
61335309
61333681
61334783
61335303
61335691
61349878
61334152
61335722
61349964
61335715
61335783
61333701
61335704
61336309
61333935
61350150
61334174
61335965
61333959
61335118
61336127
61336016
61334041
61334422
61336348
61334249
61334371
61336478
61350480
61335526
61336558
61336802
61334914
61334670
61336910
61350996
61335759
61337013
61350878
61336727
61337101
61335394
61336736
61337901
61337388
61335221
61335400
61337374
61351523
61336523
61337559
61351475
61336278
61337583
61335542
61337559
61337729
61335583
61337218
61337436
61335828
61336934
61337427
61337900
61337091
61335920
61337852
61336807
61335871
61336243
61338079
61335703
61337953
61337843
61336067
61335948
61337758
61336273
61337542
61337929
61338437
61352297
61337044
61338264
61336195
61337494
61339007
61338785
61336522
61336641
61338494
61352553
61337257
61338621
61336648
61338623
61338487
61338776
61353001
61337077
61338702
61337610
61338174
61338499
61338853
61353071
61338163
61339226
61338988
61353141
61337989
61338940
61337035
61339001
61339068
61339245
61353751
61337550
61339440
61353078
61339283
61339016
61337493
61337391
61339276
61339576
61353670
61337928
61339628
61353364
61339597
61339567
61338489
61338182
61339556
61339872
61354432
61338659
61339940
61354235
61339155
61339886
61338298
61339663
61338130
61340217
61338073
61340185
61340319
61338529
61338331
61338857
61340495
61354350
61339308
61340631
61338705
61340012
61340385
61338839
61338647
61338832
61340935
61338859
61341033
61341651
61340875
61339869
61339028
61339396
61341342
61355478
61341284
61341263
61341302
61355692
61339777
61341544
61338884
61341100
61342196
61339922
61339604
61339669
61341638
61339621
61341266
61341536
61341876
61356105
61340389
61341986
61339975
61341941
61341323
61340378
61339943
61341591
61341898
61340437
61341874
61341967
61342472
61340220
61340687
61342407
61356766
61340745
61342602
61356646
61342551
61342704
61341562
61342095
61342564
61342778
61357212
61341089
61342778
61356988
61341182
61342997
61357236
61342884
61343151
61341639
61357532
61342983
61343211
61341017
61341409
61343317
61357481
61342132
61343400
61357046
61343170
61343376
61341338
61342901
61343205
61343545
61357623
61343456
61343449
61357386
61343565
61343602
61342423
61341633
61341987
61343892
61341614
61343228
61341899
61344122
61358019
61342461
61344164
61357893
61344088
61344183
61357979
61344006
61343988
61344154
61343128
61342280
61342515
61344337
61342265
61344313
61343512
61342225
61343937
61344355
61344681
61358760
61343810
61344744
61343591
61343878
61342936
61342872
61344777
61358784
61344497
61344767
61345142
61359545
61344379
61345240
61344125
61343085
61343319
61345269
61359273
61343683
61345447
61359249
61345400
61346196
61345702
61359794
61345750
61345798
61345769
61359947
61345735
61345704
61344626
61343549
61343872
61345770
61360217
61344091
61345954
61360067
61345862
61345855
61344860
61345448
61344033
61345994
61360212
61346158
61345097
61344232
61344137
61344449
61346361
61344105
61346283
61346160
61346698
61360890
61345199
61346610
61344353
61361247
61345103
61346984
61360603
61344849
61346836
61347037
61361393
61345345
61347154
61361177
61346068
61347157
61345178
61347110
61347024
61345337
61346818
61345452
61347429
61361416
61347289
61347309
61346078
61361799
61345319
61345664
61347503
61361417
61346250
61347630
61349618
61345239
61345545
61347618
61362021
61347652
61346823
61345803
61347861
61347950
61345933
61347584
61347837
61348157
61362365
61346810
61347975
61347055
61347510
61348686
61348301
61362694
61346907
61347308
61346779
61346225
61346592
61348439
61346395
61348354
61348634
61347612
61348012
61346913
61353592
61352436
61351564
61351758
61353495
61367310
61353484
61354212
61353654
61351729
61351974
61353852
61367732
61353640
61353520
61351370
61351795
61353680
61353932
61367783
61352620
61354178
61367864
61354107
61353816
61354150
61352113
61352529
61354314
61352201
61353786
61352273
61354275
61368593
61353341
61354404
61368253
61354138
61354954
61354540
61368905
61353446
61354400
61352407
61354448
61354335
61354638
61368598
61354705
61354415
61353143
61354247
61354470
61354810
61352771
61352754
61352851
61355045
61368709
61369394
61354789
61354769
61355144
61369503
61353489
61355298
61353161
61355140
61355088
61355462
61353186
61353372
61355435
61369401
61355455
61355260
61353577
61355106
61355199
61355587
61369583
61355093
61356162
61355670
61369735
61354458
61355779
61353639
61355711
61355591
61355928
61370365
61354294
61355712
61356032
61370449
61354302
61355168
61354280
61355437
61354431
61356219
61370186
61355096
61356257
61355227
61354362
61354788
61356651
61370617
61356562
61356367
61355061
61354619
61354706
61356776
61370561
61355550
61356691
61354726
61356842
61356780
61357079
61355823
61356367
61356781
61357080
61371344
61355525
61357302
61355162
61357306
61356048
61357338
61355270
61355621
61357407
61371708
61357666
61357174
61355696
61356918
61357520
61357360
61357817
61355585
61356070
61357882
61355895
61357882
61357714
61356154
61356014
61356228
61358123
61372673
61356557
61358759
61358264
61356152
61358132
61358070
61358431
61356438
61356515
61358625
61372468
61357375
61358485
61358540
61356586
61356873
61358709
61372427
61358508
61357748
61357595
61358139
61358611
61359047
61372915
61357471
61358875
61356732
61356939
61357441
61359027
61359162
61373585
61357483
61359343
61373435
61359260
61359138
61359481
61357362
61358165
61358635
61358407
61357460
61357855
61359739
61357588
61359209
61359390
61359724
61374089
61358100
61359866
61358025
61374079
61358703
61359957
61358948
61359385
61359929
61358421
61358151
61359961
61358391
61359643
61360071
61358213
61358320
61358715
61360483
61374198
61360393
61360586
61360635
61358572
61374954
61358941
61360722
61358582
61360254
61360496
61360885
61358776
61359172
61360786
61374676
61359598
61360913
61358933
61361015
61359293
61361208
61375420
61360006
61361209
61360176
61360747
61359390
61361347
61375269
61375244
61361344
61361997
61359329
61360993
61361318
61361692
61375743
61361743
61361760
61359977
61361227
61361699
61362126
61359942
61360231
61362065
61360040
61360496
61360483
61362227
61376282
61361536
61362312
61360578
61376634
61362457
61362535
61361499
61361885
61360738
61362681
61376739
61361416
61361865
61362795
61360634
61377049
61362252
61362028
61377699
61362286
61363615
61364549
61364774
61365031
61364947
61378941
61364160
61364987
61364016
61363078
61364963
61365341
61379543
61364138
61365355
61364322
61364695
61365047
61363538
61379818
61379566
61364509
61365559
61379431
61365628
61365600
61365920
61363770
61364087
61366016
61379782
61364663
61366060
61364117
61364025
61364167
61366106
61380080
61366058
61364229
61366576
61380152
61365070
61366393
61365360
61365866
61366252
61366555
61380907
61364914
61366640
61380913
61366735
61366745
61366727
61380953
61365124
61365170
61366892
61365613
61364658
61364831
61366934
61380812
61366812
61366006
61364989
61367115
61367634
61367090
61381453
61366215
61367254
61366095
61366728
61367090
61365554
61366686
61367183
61367609
61381663
61366583
61367694
61381610
61367133
61367570
61367781
61365703
61366892
61367973
61365836
61367914
61366340
61368173
61382511
61366340
61368173
61366197
61367994
61382144
61366356
61367549
61368510
61382307
61367335
61369121
61366770
61368032
61368553
61367342
61368504
61368831
61368660
61369035
61383445
61367458
61369208
61366955
61369054
61369766
61369199
61367029
61367397
61369110
61367137
61368915
61369925
61369658
61383365
61369570
61369659
61369606
61383402
61369514
61369535
61368122
61369059
61367868
61369715
61384124
61368921
61369864
61368694
61369206
61369712
61370012
61384399
61368396
61370202
61384102
61368866
61369825
61370114
61369425
61368205
61370278
61370391
61384627
61370275
61370683
61370448
61384460
61370458
61370366
61368716
61370019
61370420
61370784
61368533
61369017
61370809
61384613
61370758
61370576
61370902
61368899
61369141
61370947
61368650
61370295
61369154
61371049
61385341
61371031
61369824
61369970
61368975
61369329
61371302
61369156
61369172
61371232
61371508
61369293
61369747
61371604
61385562
61371370
61371161
61369969
61369479
61369260
61369347
61371519
61369369
61369446
61371631
61385857
61370142
61370247
61369373
61370917
61369646
61371828
61385827
61371293
61370841
61370729
61371229
61369763
61371860
61386219
61370281
61372151
61385750
61372106
61372148
61370324
61386413
61372235
61372202
61370552
61371630
61370537
61372511
61386956
61370785
61372645
61386665
61372495
61372460
61370900
61370593
61370821
61372897
61386615
61371540
61372896
61373031
61371001
61371154
61373254
61386904
61373258
61372425
61373499
61372325
61372650
61371322
61373497
61387129
61372802
61373223
61373638
61371396
61371566
61373515
61387887
61372724
61373672
61387462
61373747
61373487
61373814
61371784
61372217
61373917
61387748
61373991
61372373
61374048
61371959
61371965
61372347
61374145
61372110
61393429
61379381
61379596
61377800
61377534
61377730
61379844
61377960
61377994
61379827
61377778
61379826
61379641
61379842
61393945
61378252
61380061
61378052
61394455
61378342
61379980
61378142
61378023
61378367
61380299
61394586
61378953
61380230
61380420
61378096
61378392
61380321
61378262
61380136
61380913
61380432
61394289
61379028
61380285
61378391
61380138
61380268
61380690
61394851
61379221
61380499
61378535
61378600
61378831
61380856
61394802
61380206
61380531
61380994
61394749
61380831
61380827
61378745
61380426
61378964
61381040
61394794
61380928
61380798
61381131
61395431
61379785
61380884
61381190
61379391
61379114
61379575
61381222
61379167
61380597
61379189
61381399
61380222
61380547
61379256
61381441
61379299
61379533
61381558
61395242
61381547
61381427
61380053
61380212
61380780
61379564
61381623
61395526
61381288
61381946
61381652
61396096
61380014
61381819
61395785
61381890
61381740
61381933
61395762
61382029
61381998
61380029
61381615
61381844
61382168
61380179
61380608
61382550
61380324
61381927
61380485
61382654
61396354
61382445
61382391
61380615
61380335
61380949
61382611
61380266
61382019
61380779
61382753
61396485
61382688
61382736
61382881
61382280
61381024
61383121
61397432
61381480
61383268
61381141
61382611
61383059
61381533
61397741
61381919
61383707
61381543
61383523
61383571
61383695
61397651
61382352
61383637
61383998
61398220
61382309
61384097
61398282
61383987
61384015
61384188
61382161
61382317
61384342
61398630
61384513
61384445
61384522
61384557
61398551
61384525
61384224
61384588
61383315
61383876
61382702
61384784
61386978
61398355
61384406
61385222
61384862
61399022
61383622
61384763
61382674
61384355
61383061
61385004
61398743
61384775
61384645
61383180
61399679
61383296
61384924
61382705
61399105
61383938
61385028
61385207
61383201
61383658
61385389
61399181
61385444
61385208
61385651
61399399
61384339
61385561
61383775
61383434
61383679
61385693
61399336
61384572
61385546
61384071
61383839
61384269
61386030
61383725
61383960
61384397
61386110
61383946
61385949
61385652
61384078
61400439
61385170
61385659
61386050
61400079
61384666
61386200
61383937
61385379
61384047
61386093
61400231
61384852
61385130
61384402
61384316
61384627
61386289
61384203
61385645
61384340
61386338
61384252
61386279
61386129
61386493
61400609
61386404
61386308
61384745
61400881
61386491
61386562
61386725
61401142
61385540
61400726
61386464
61386416
61386753
61400632
61385969
61386882
61384749
61386691
61386595
61386986
61401110
61386019
61386884
61385868
61401025
61386145
61386187
61387165
61401280
61385953
61387031
61385280
61386860
61386970
61387320
61401173
61387518
61387261
61387561
61385434
61385656
61387585
61401551
61387469
61387521
61385786
61387138
61385638
61387721
61401630
61387806
61388430
61387883
61401676
61387814
61387694
61388072
61401974
61387897
61387811
61388124
61402262
61386662
61387117
61385632
61386068
61386430
61388180
61385995
61386012
61386345
61388288
61402527
61388253
61388168
61388451
61386376
61386706
61388724
61386283
61386467
61386924
61388679
61386719
61388665
61388545
61388865
61403097
61388943
61389522
61388904
61402809
61387636
61388842
61389084
61403131
61387863
61387732
61389642
61389038
61402920
61388654
61388845
61389198
61403355
61389147
61388788
61389200
61389269
61387258
61388758
61387653
61389475
61403273
61388986
61389253
61389491
61403808
61389549
61389478
61388458
61387504
61387711
61389824
61388561
61387604
61388065
61389845
61388799
61387834
61388271
61389762
61387796
61389448
61389660
61390185
61404042
61389956
61389852
61388316
61388036
61388438
61390240
61388255
61388194
61388569
61390279
61389126
61388284
61388468
61390133
61390278
61404607
61390292
61391021
61390437
61404422
61390331
61390998
61390428
61404211
61390581
61390414
61390703
61404667
61389399
61389694
61388867
61405177
61389916
61390729
61388984
61388677
61388922
61390977
61404931
61390908
61390913
61391140
61405492
61391236
61391216
61389144
61389366
61389634
61391504
61391362
61405390
61391464
61392090
61391714
61405611
61391655
61391256
61391698
61405695
61391521
61389672
61391659
61405596
61391724
61391617
61391961
61389914
61390262
61392077
61390931
61389726
61389913
61390257
61392125
61390090
61391792
61390252
61392136
61390381
61391541
61390589
61392299
61390018
61390192
61390560
61392444
61390382
61390350
61390848
61392414
61392570
61406983
61391281
61392364
61392779
61407007
61391375
61392772
61390482
61390808
61391122
61392883
61406663
61391239
61392602
61392793
61407032
61392827
61392916
61393085
61406855
61393013
61392994
61393454
61407057
61391817
61391304
61393438
61391225
61392818
61391383
61393456
61391370
61392902
61391470
61393368
61392245
61392912
61393456
61393715
61407621
61392528
61392892
61391692
61391831
61392291
61393953
61391966
61407710
61393493
61391904
61394141
61392031
61392725
61393908
61394323
61408764
61393467
61393516
61394334
61392318
61392765
61393703
61392774
61393855
61392697
61394637
61392503
61394184
61392764
61394747
61408588
61394624
61394498
61394904
61408800
61394387
61393216
61394918
61395057
61395106
61408759
61394702
61394630
61394929
61408651
61393435
61393207
61394960
61393910
61392908
61393105
61395300
61409098
61395310
61393377
61395340
61394065
61393021
61393495
61395310
61393996
61393131
61393581
61395094
61395389
61409208
61395239
61395191
61395627
61409825
61394404
61395445
61393022
61393471
61393830
61395536
61409388
61395560
61395454
61395719
61394665
61393482
61393898
61395587
61393402
61395152
61393960
61395824
61393864
61395810
61395704
61394157
61393901
61394143
61396099
61393941
61393745
61395327
61394938
61396136
61394009
61395612
61395804
61396282
61410644
61394641
61396285
61394236
61395841
61394385
61396482
61394471
61396382
61394574
61396596
61394616
61396483
61396408
61396796
61410712
61396703
61396553
61396917
61394869
61396626
61395044
61397120
61410825
61396997
61397024
61397279
61411130
61397077
61395143
61397243
61394959
61401339
61401306
61402546
61403161
61403426
61417282
61402989
61401653
61403507
61417266
61401368
61401757
61403587
61417399
61403570
61402022
61403807
61417961
61403862
61403691
61404028
61417773
61402043
61402408
61404193
61402107
61403670
61404049
61404365
61418693
61403353
61404064
61402254
61403538
61402493
61404360
61404515
61418561
61403212
61405018
61404445
61418687
61404396
61404362
61404528
61418571
61404494
61404409
61402817
61403352
61402371
61402893
61404671
61404737
61418952
61403497
61404641
61404930
61418926
61404102
61403916
61405037
61419348
61403369
61404986
61403953
61404414
61403534
61405117
61402908
61403205
61403571
61405345
61404154
61403159
61403674
61405384
61404381
61403365
61403480
61405566
61403365
61403477
61403975
61405619
61404066
61403658
61403838
61405818
61404690
61403664
61403864
61405875
61403751
61405369
61405680
61406057
61420074
61406265
61405220
61404586
61405084
61406729
61406301
61420321
61406332
61406849
61406456
61404426
61405295
61406531
61406694
61420951
61406226
61404749
61406887
61404876
61406418
61406614
61406882
61420587
61406304
61404927
61406907
61407097
61404947
61405473
61407029
61407140
61421595
61405971
61407851
61405537
61421595
61407233
61406934
61407413
61406289
61407239
61421335
61421538
61405432
61407387
61406028
61407409
61408281
61407634
61406580
61405687
61406107
61407697
61405854
61422030
61407866
61407634
61407995
61421679
61407697
61406115
61408065
61406017
61407456
61406045
61408147
61421948
61407555
61406282
61408101
61406039
61407584
61406094
61406406
61422545
61407875
61406389
61408427
61422346
61408400
61408181
61408443
61422771
61408192
61408286
61408599
61422855
61407383
61408626
61408741
61422692
61408689
61409264
61408830
61423069
61407872
61408792
61408913
61422663
61408650
61408658
61407039
61408197
61406849
61422609
61408325
61406996
61408747
61407748
61406962
61407320
61409067
61406944
61408366
61407486
61409158
61407338
61423679
61408373
61409036
61409325
61423153
61409154
61409079
61409402
61423174
61409442
61409210
61409519
61423729
61408272
61408791
61409683
61407757
61407594
61408028
61409683
61409862
61424015
61409786
61407920
61410068
61423848
61409466
61408298
61410131
61410163
61423847
61409506
61408071
61410072
61407757
61408016
61408285
61410324
61424624
61409961
61408546
61410431
61424307
61410338
61410269
61410675
61424365
61410092
61408582
61410579
61409402
61410021
61409158
61410865
61408655
61410584
61410611
61410900
61408712
61410561
61409236
61411042
61408587
61408906
61409295
61411056
61411064
61425071
61410609
61409390
61411253
61409382
61410627
61409624
61411337
61411561
61410905
61409782
61411739
61409503
61409611
61410007
61409967
61411618
61411736
61425716
61411944
61411596
61411824
61409669
61409864
61410277
61411880
61410285
61426212
61412146
61411753
61412012
61426153
61411516
61410239
61412219
61410256
61409944
61411568
61410430
61412369
61410331
61411801
61410555
61412313
61411344
61411894
61410762
61412540
61410740
61411951
61410862
61412794
61426461
61412096
61410839
61412710
61427086
61412857
61412659
61410910
61427197
61411299
61413211
61413141
61427129
61411771
61412345
61413279
61427614
61411587
61413324
61411262
61412991
61411820
61413345
61412254
61411310
61411873
61413559
61412385
61428001
61411902
61413766
61413671
61427550
61413537
61413438
61413853
61428027
61412672
61413908
61412776
61413296
61412210
61413913
61412832
61413304
61412451
61414041
61414172
61427928
61413587
61412368
61414201
61413096
61412042
61412523
61414123
61411778
61428647
61413683
61412464
61414444
61412232
61411936
61428534
61414583
61414289
61414725
61412493
61414055
61412771
61414621
61413553
61412537
61412926
61413778
61414784
61414857
61429363
61413665
61414697
61414986
61429424
61413838
61414314
61415169
61429058
61415192
61414946
61413410
61413154
61413595
61415161
61413704
61429151
61414926
61413573
61415416
61414335
61413383
61413721
61415584
61413369
61414828
61413890
61415691
61415765
61429611
61414800
61415040
61414748
61430303
61414935
61415577
61416023
61430163
61414833
61415763
61416089
61413874
61415949
61414104
61416214
61414274
61430704
61414728
61416423
61415339
61414191
61414805
61416524
61416478
61430333
61415746
61414921
61416706
61414793
61430752
61416676
61416576
61416828
61430710
61416657
61416753
61416898
61415847
61414910
61415337
61417060
61415822
61415042
61415390
61417270
61417169
61431369
61417166
61417097
61417458
61431478
61417150
61417126
61417401
61417460
61417516
61416042
61431702
61416294
61417398
61417673
61415560
61417088
61415824
61417780
61431485
61417517
61417530
61417870
61416765
61417227
61416227
61418022
61416011
61417344
61416873
61418201
61416368
61432647
61418274
61416244
61418419
61417314
61416435
61417589
61418304
61418456
61432253
61416874
61416628
61418454
61416945
61416726
61417033
61418687
61418649
61416574
61417151
61418625
61416832
61433080
61417894
61418851
61418996
61433079
61418939
61418158
61419102
61433368
61419156
61419084
61419277
61416931
61418528
61417689
61419371
61417677
61417472
61418044
61419482
61418380
61433924
61418199
61417648
61419827
61433611
61419190
61418235
61419872
61418193
61434211
61419859
61419541
61419929
61417432
61417850
61418222
61420085
61418953
61417988
61418370
61419202
61418122
61434128
61420251
61420787
61419774
61420207
61418296
61419591
61421510
61436073
61421936
61420196
61420574
61422256
61422510
61436677
61422301
61420480
61422631
61420275
61437097
61421556
61422525
61422824
61436740
61422184
61422049
61422729
61423021
61436964
61423120
61422764
61423077
61437007
61422471
61421742
61423053
61423124
61437486
61423333
61423127
61423389
61421252
61422810
61421759
61423376
61423415
61437380
61423419
61423361
61423674
61421454
61438160
61423661
61421706
61423854
61422824
61438296
61423882
61423786
61423962
61422850
61438068
61424130
61424631
61424184
61438413
61423760
61423430
61424343
61424443
61438204
61423741
61422508
61424444
61424528
61422391
61424125
61422710
61424614
61422750
61438494
61424646
61423024
61424833
61425050
61438784
61424494
61423139
61424900
61424874
61438558
61424542
61423838
61424848
61424619
61422953
61439119
61424750
61423284
61424967
61425232
61439038
61425258
61425036
61425394
61439110
61424689
61423494
61425351
61423551
61425518
61439439
61425069
61425288
61425625
61423681
61439995
61425739
61425421
61425734
61423658
61425145
61424101
61425879
61424213
61440000
61425094
61424381
61425984
61424900
61440382
61426153
61425992
61426281
61424389
61424205
61424984
61426942
61426408
61440164
61426404
61427127
61426584
61424508
61424476
61425689
61424657
61426805
61424510
61424660
61425934
61426563
61426828
61424664
61424656
61425576
61433632
61433708
61431449
61447769
61433546
61433402
61433766
61433966
61433844
61433835
61434007
61432139
61447833
61448201
61448182
61448203
61447912
61432022
61433191
61433861
61434136
61432223
61448039
61434184
61433925
61434227
61434313
61448024
61434186
61434016
61433870
61434200
61432175
61433467
61432628
61434330
61434308
61433305
61432354
61433178
61434463
61434707
61432594
61433982
61432877
61434647
61434738
61448738
61434674
61434479
61434792
61448938
61434298
61434399
61433906
61434917
61433295
61432830
61433417
61434123
61435138
61449186
61433617
61434226
61434930
61435315
61449307
61433893
61435328
61435641
61433780
61450282
61435013
61435615
61436024
61449759
61435764
61434151
61436155
61435047
61434055
61435448
61435828
61436405
61450408
61434332
61436375
61436351
61436511
61434449
61436353
61435337
61436395
61436647
61450542
61436044
61434990
61436682
61436844
61450718
61436884
61436641
61436893
61435788
61436270
61435260
61435925
61437056
61450733
61437130
61436857
61437119
61450930
61436427
61435407
61437185
61435272
61435131
61436731
61435707
61435329
61437421
61436411
61451273
61436629
61435931
61437150
61437452
61435147
61435409
61435846
61437508
61437602
61451433
61437690
61437577
61437760
61436720
61435742
61436257
61437785
61438071
61435899
61437348
61435988
61437877
61436815
61435998
61436042
61438124
61438132
61438164
61436368
61452041
61436085
61437001
61437978
61438216
61438272
61436719
61452516
61437613
61437413
61438192
61438601
61436403
61436429
61436941
61438619
61436837
61436734
61437058
61438525
61438715
61452610
61438745
61436985
61438972
61438857
61452788
61438768
61438723
61438934
61436882
61436792
61437239
61438985
61439035
61453158
61438512
61439088
61437181
61439083
61437362
61453501
61439198
61439998
61439418
61453171
61439216
61437322
61439484
61437320
61438718
61437824
61440031
61439675
61453456
61438912
61437847
61439697
61439538
61439755
61453872
61439792
61439556
61439842
61437612
61454295
61439922
61439747
61440060
61437994
61438038
61438574
61440218
61440257
61454007
61440096
61438435
61440432
61440516
61454693
61439094
61440088
61440298
61439217
61438272
61439254
61440446
61440519
61454370
61440382
61440409
61440781
61438548
61439932
61438973
61440693
61440832
61440850
61441006
61439699
61438877
61440066
61440746
61441073
61454866
61440488
61439204
61441277
61440028
61454859
61440528
61439525
61441152
61439383
61455255
61441140
61440975
61441237
61439086
61439067
61439579
61441196
61441396
61455360
61441179
61439632
61441168
61441347
61455658
61440918
61439727
61441578
61439600
61456081
61440294
61441576
61441823
61439775
61439893
61441940
61441659
61441924
61439876
61441291
61440195
61441935
61442169
61456193
61441941
61439695
61440316
61441913
61440232
61456347
61440567
61442064
61440247
61456394
61442154
61441946
61442409
61456131
61440213
61440677
61442126
61442474
61440412
61441824
61440817
61442719
61440768
61457181
61442692
61442448
61442700
61440713
61442135
61441227
61442940
61442969
61440958
61442394
61441374
61443042
61442968
61457679
61443091
61442824
61443140
61441977
61441009
61443158
61442973
61443361
61457405
61442776
61441224
61442162
61443381
61443526
61441341
61443019
61442009
61443650
61443693
61458015
61443680
61443597
61443961
61441770
61441864
61443871
61443679
61444064
61442642
61441909
61442400
61443187
61444158
61458438
61443669
61442135
61444160
61444192
61458061
61443741
61442580
61444293
61442383
61458957
61444482
61442623
61444271
61444451
61444619
61444675
61442687
61458713
61444162
61443666
61444791
61442932
61445028
61443259
61459256
61444941
61443133
61445106
61445210
61459282
61445285
61443163
61445218
61445446
61459348
61444041
61443590
61445721
61444489
61444965
61444109
61445664
61445885
61459942
61443545
61444064
61445032
61445785
61443736
61443835
61444250
61445945
61445995
61460415
61446142
61445746
61446199
61460018
61444203
61444599
61444941
61446269
61444091
61445772
61444400
61446263
61446377
61460400
61446237
61446141
61446556
61446558
61460627
61445054
61445498
61446527
61446557
61446966
61460558
61446371
61445214
61446967
61446993
61460834
61446520
61444969
61446911
61445012
61461131
61447180
61447043
61447407
61461224
61446763
61446169
61446544
61447413
61445279
61446575
61447209
61445438
61447562
61446508
61445479
61445940
61447720
61447661
61461774
61447130
61447078
61447737
61446170
61446719
61445845
61447421
61447476
61447867
61447818
61447877
61445764
61445874
61462082
61447274
61446329
61447997
61448152
61461929
61447492
61446398
61448069
61448254
61462000
61447624
61446563
61448214
61448355
61462375
61448283
61446592
61448408
61448583
61462360
61448371
61446714
61448499
61446634
61462527
61448480
61448309
61448673
61446635
61462765
61448647
61446842
61448888
61446826
61446740
61447495
61447920
61448955
61446893
61446834
61449117
61448874
61449214
61448034
61463608
61448056
61448839
61449203
61447168
61447133
61448224
61447680
61449106
61449521
61448365
61447315
61448528
61450013
61449521
61447524
61447605
61448451
61449506
61449620
61463705
61449609
61447792
61449754
61447982
61447760
61448817
61449718
61449983
61463688
61449371
61448347
61448988
61450170
61464099
61464568
61464528
61450139
61449960
61450345
61449284
61448040
61448976
61450839
61450361
61448248
61449619
61448715
61450205
61450569
61449454
61448540
61449576
61450460
61450749
61448417
61449894
61448963
61449764
61450831
61448728
61448836
61450063
61450678
61451103
61449889
61448845
61449800
61450827
61451182
61449046
61450392
61449550
61451119
61451340
61465392
61450807
61449474
61451293
61449859
61465817
61451416
61451204
61451582
61465338
61450956
61449871
61451464
61451656
61449471
61451017
61450044
61452404
61451954
61449969
61465724
61451866
61451746
61451992
61465884
61451522
61450340
61452193
61450363
61450185
61450310
61466581
61450252
61451188
61452168
61452494
61450381
61451714
61450858
61451812
61452606
61466343
61452083
61451594
61453154
61452838
61451048
61466737
61452826
61452583
61452845
61450804
61451563
61450909
61451446
61452740
61452954
61450841
61452365
61451150
61453044
61451353
61467469
61452649
61451485
61453361
61453567
61467379
61453353
61453134
61453563
61467203
61451428
61451868
61453573
61453626
61467359
61453015
61451981
61452670
61453798
61468050
61453825
61453684
61454011
61452943
61468429
61453099
61453130
61454050
61468357
61453684
61452748
61453484
61454298
61467976
61452757
61452405
61454419
61454462
61468249
61453726
61452774
61454343
61454547
61468660
61454441
61454225
61454589
61452411
61453825
61453117
61454425
61454684
61453507
61452672
61453095
61454613
61454864
61469028
61454601
61452697
61454770
61452657
61454218
61453290
61454853
61453081
61468875
61454137
61469452
61454977
61454956
61455242
61453105
61453213
61454555
61455106
61455395
61454290
61453261
61455454
61455355
61455970
61455479
61469435
61455444
61453520
61455623
61453608
61453523
61454790
61454989
61455818
61454725
61470161
61455540
61455579
61456050
61453854
61455359
61454335
61455969
61456268
61469877
61455518
61455281
61456221
61456349
61469927
61455559
61454535
61456227
61454554
61470300
61456239
61454414
61456501
61456489
61470262
61455937
61454976
61456695
61456816
61470585
61456266
61454766
61456585
61456778
61455741
61454831
61455921
61456652
61457087
61454838
61456455
61455218
61457168
61455211
61471093
61457087
61455198
61457178
61457385
61471631
61457330
61455385
61457423
61455293
61455312
61455815
61457405
61457481
61471454
61456956
61455851
61457371
61457558
61465078
61463264
61479076
61465093
61464874
61465268
61463169
61463212
61464427
61464273
61465490
61465413
61465520
61479800
61464808
61463884
61464235
61466194
61465866
61463630
61463892
61464035
61465778
61465807
61479600
61465385
61464310
61465954
61465929
61463929
61465539
61464368
61466081
61466362
61480286
61466192
61464264
61466278
61465184
61480847
61466393
61466160
61466575
61464342
61480841
61466635
61466457
61466865
61465443
61481028
61466904
61466743
61466988
61465882
61481224
61466896
61466742
61467069
61464830
61464822
61465805
61466810
61467174
61466018
61465005
61465466
61466393
61467327
61481131
61465257
61466409
61466295
61467361
61466358
61465452
61466540
61467369
61467826
61465593
61465507
61467721
61465769
61467698
61465932
61481897
61467952
61466021
61468029
61467986
61482228
61467934
61466267
61468148
61466382
61482391
61467656
61467139
61468300
61468326
61482269
61467812
61467265
61468313
61468650
61466428
61467799
61466905
61466824
61467527
61468586
61468789
61468746
61482790
61468069
61468796
61468781
61469006
61467316
61482886
61468900
61467020
61469072
61469101
61483340
61468437
61467431
61469034
61469303
61467996
61467243
61468394
61469443
61469465
61483156
61467497
61467805
61469408
61469587
61467433
61483613
61468269
61467565
61469604
61467640
61483616
61467464
61467976
61469647
61467926
61484001
61469710
61467707
61469742
61469764
61467627
61467749
61468727
61469816
61469839
61468648
61483840
61469812
61468083
61470098
61468273
61484224
61469989
61470779
61470185
61468358
61484480
61470145
61470091
61470441
61470320
61484555
61469707
61468570
61469182
61470558
61469071
61468450
61468962
61469903
61470619
61484559
61468747
61469725
61470524
61470977
61469837
61485194
61470907
61470790
61471076
61469924
61485014
61470486
61469448
61469929
61470953
61471365
61470102
61485619
61471174
61469647
61470493
61471376
61471494
61471536
61469650
61485786
61470101
61469692
61471566
61471721
61485922
61471313
61469862
61471602
61469747
61469630
61471083
61470241
61471759
61471863
61485766
61471917
61470150
61472230
61470266
61485844
61470110
61470832
61470508
61472135
61472253
61486491
61472109
61470332
61472275
61472304
61486409
61471882
61470694
61472297
61472572
61471481
61486974
61472580
61472447
61472821
61471172
61486817
61472713
61472395
61472783
61486932
61472469
61472036
61473590
61473015
61470720
61470904
61471947
61473214
61473260
61486968
61472716
61471606
61473172
61471427
61471156
61471353
61472350
61472442
61473470
61487277
61472711
61471687
61473403
61471662
61487770
61471400
61472128
61473443
61473732
61471558
61472915
61472614
61472716
61473512
61473853
61473871
61488052
61473177
61472276
61473917
61474165
61488308
61473682
61472303
61473961
61474132
61472959
61488551
61474250
61474306
61473012
61475084
61474712
61488278
61473836
61472963
61473109
61474824
61472660
61472687
61474557
61474364
61474821
61474935
61472726
61489192
61474268
61473728
61475536
61474966
61472904
61472906
61474033
61474973
61474999
61488929
61474348
61475018
61473483
61475292
61475345
61473170
61474781
61473815
61474555
61475550
61473063
61473569
61474054
61475760
61475909
61489997
61475409
61475110
61475790
61476052
61475148
61490490
61474809
61476388
61476331
61473917
61490348
61476277
61474370
61476371
61476499
61490601
61476030
61474945
61476586
61476639
61474323
61474462
61475389
61477139
61476596
61474531
61474612
61475587
61476440
61476804
61490707
61476308
61476247
61475090
61476707
61476937
61474889
61476582
61475294
61477088
61477039
61490864
61491478
61477212
61476982
61477295
61475870
61491632
61477115
61476995
61477359
61476131
61491364
61475260
61476531
61477211
61475627
61477562
61477588
61475489
61476989
61476058
61476787
61477642
61476516
61492012
61476516
61477687
61477959
61475808
61477462
61476176
61477940
61478052
61492102
61476816
61476270
61493400
61479570
61477820
61479930
61480122
61494111
61480012
61479943
61480256
61479168
61494784
61480398
61480343
61480680
61478628
61478760
61479272
61480920
61481095
61494561
61480435
61479425
61480851
61481119
61494917
61495578
61481240
61481062
61481375
61479214
61479281
61480559
61480990
61481372
61479398
61495848
61481233
61481188
61481460
61479881
61496062
61481625
61479752
61481657
61479953
61495766
61495563
61481658
61479697
61481611
61481866
61479625
61480614
61481754
61481906
61496135
61481845
61480675
61482687
61482060
61479868
61479956
61480369
61481985
61482215
61480014
61481463
61481036
61482166
61482327
61480126
61481446
61480571
61482271
61482512
61496322
61481227
61480701
61480877
61483159
61482621
61482687
61480662
61480580
61481632
61482599
61482676
61496839
61481616
61482583
61482831
61481565
61496990
61482356
61481179
61483152
61480937
61497114
61483098
61482855
61483291
61481222
61497238
61482838
61481581
61483283
61483285
61480812
61497703
61482175
61483210
61483445
61481485
61481469
61483356
61482578
61481742
61482604
61481892
61483324
61483664
61481751
61497911
61482202
61481823
61483752
61483877
61497948
61483729
61481993
61483826
61483866
61497724
61498315
61484065
61483924
61484234
61482127
61481784
61481919
61482421
61484103
61484370
61498075
61482198
61483462
61484231
61484510
61482448
61482392
61482789
61484392
61482698
61498660
61484308
61482644
61484597
61484728
61498772
61484143
61482875
61484825
61484929
61482586
61482986
61483368
61483975
61485068
61482863
61484448
61483343
61485063
61485246
61483047
61483155
61483469
61485147
61485443
61485444
61483266
61499506
61485394
61485308
61485597
61484530
61483664
61484677
61485530
61485864
61499714
61485480
61484066
61485851
61484178
61499844
61485388
61484401
61486008
61486208
61500063
61484005
61485149
61486147
61484474
61500490
61486114
61484615
61486417
61484270
61500661
61485984
61484909
61484797
61486465
61485692
61486670
61486719
61484513
61500500
61501093
61486163
61486596
61485412
61485735
61484862
61487037
61485145
61501089
61486929
61486751
61486728
61487280
61486052
61501548
61487189
61486383
61487200
61487438
61486261
61501685
61487497
61487285
61487666
61485438
61485389
61485925
61487528
61487656
61501449
61487118
61486131
61488502
61488044
61501643
61485776
61486979
61487631
61488190
61486940
61502424
61486838
61486213
61488203
61485810
61502399
61488290
61486410
61488482
61488586
61485960
61487830
61486923
61488567
61488709
61502601
61502803
61486645
61488784
61488466
61488816
61487636
61502796
61488708
61488690
61489003
61486815
61486759
61487874
61489028
61489054
61502879
61503445
61488818
61488898
61489224
61488163
61503639
61489240
61489003
61489381
61487394
61487396
61489795
61489272
61489513
61489719
61503859
61489528
61487792
61489547
61487857
61503632
61489052
61488260
61489853
61488060
61487776
61487755
61488267
61488945
61490097
61489852
61503793
61488393
61488257
61490096
61488276
61504338
61490234
61488156
61490355
61490319
61504174
61489761
61488686
61489511
61488660
61504481
61490318
61490123
61490634
61490717
61504857
61490652
61488865
61490773
61488607
61505199
61490802
61490484
61490797
61504683
61490249
61489318
61490750
61491186
61490030
61489167
61490356
61491883
61491422
61505201
61490529
61489686
61491289
61491455
61505238
61489477
61491066
61489737
61491696
61491647
61505468
61489615
61506234
61491605
61490061
61491685
61489913
61506066
61491239
61490194
61491934
61492134
61506106
61491611
61490392
61491968
61492414
61506194
61506709
61492381
61492124
61492450
61491345
61506657
61492379
61491291
61492390
61492529
61490364
61490623
61490958
61492602
61492743
61506659
61492148
61491043
61491810
61492788
61506934
61492062
61490507
61492772
61490817
61493006
61492926
61506778
61492365
61491269
61491982
61493075
61490911
61492405
61491367
61493080
61493225
61507266
61492653
61491503
61493010
61493409
61492160
61507543
61493311
61493221
61493476
61491247
61491239
61492303
61493248
61493612
61491458
61491501
61493500
61493401
61493779
61492564
61508176
61492447
61493489
61493966
61507879
61491917
61493202
61493947
61494222
61492309
61508614
61494169
61492238
61494413
61494589
61508497
61493816
61492782
61494491
61494602
61508382
61493876
61492959
61494155
61494755
61494715
61492655
61508835
61494233
61493135
61494721
61494863
61493686
61492762
61493724
61494628
61495019
61508673
61494524
61493164
61495021
61492730
61493047
61493484
61494371
61495393
61509537
61494921
61494468
61495484
61495581
61509559
61494941
61495685
61495291
61495730
61495530
61493656
61493573
61494837
61495517
61504350
61503190
61518686
61504310
61504118
61504455
61503364
61518887
61503731
61502563
61504392
61502263
61518340
61504031
61502788
61504456
61504584
61518751
61504082
61502951
61504425
61504625
61502519
61502626
61503866
61504444
61504733
61518511
61504217
61503206
61504874
61504954
61518843
61503024
61503736
61504805
61505080
61504040
61519313
61504937
61503383
61504996
61505124
61518861
61504395
61503515
61504971
61505397
61504217
61519713
61505412
61505131
61505335
61504281
61519582
61505305
61505158
61505573
61503433
61503449
61504324
61505393
61505655
61505673
61505729
61503592
61503686
61504950
61506449
61505818
61503834
61503768
61504970
61506464
61505984
61506030
61520111
61505403
61504949
61505931
61506139
61520309
61504634
61504423
61505371
61506459
61506269
61504272
61505656
61504701
61506246
61506586
61504118
61520631
61506693
61506386
61506787
61505508
61520993
61505438
61504857
61506786
61506829
61520681
61506370
61505196
61506748
61507074
61521073
61506957
61505198
61506972
61507100
61520921
61506348
61506171
61505243
61507127
61507333
61520966
61506621
61505653
61507369
61507559
61521317
61507367
61505817
61507526
61507463
61505196
61506967
61506052
61507744
61507770
61506668
61505936
61507098
61507627
61508056
61521712
61507444
61506413
61508122
61506378
61522105
61507745
61506532
61508220
61506349
61522502
61506305
61507099
61508270
61508409
61507181
61506363
61506787
61508136
61506758
61522716
61508604
61506940
61506945
61508798
61508885
61522743
61508057
61507191
61508681
61509090
61522894
61523505
61507892
61508975
61509315
61508050
61523573
61523150
61509184
61507373
61509491
61507506
61507428
61508054
61510240
61509791
61507544
61509099
61508722
61509439
61509717
61509842
61523737
61509099
61509775
61509628
61510043
61507602
61524506
61510082
61509740
61510217
61509005
61524352
61510051
61508202
61510165
61508355
61524274
61510244
61508450
61510379
61510432
61524260
61508472
61509592
61510220
61510448
61510712
61508510
61508526
61509793
61511364
61510684
61508471
61525095
61510798
61509155
61511059
61511088
61524624
61508813
61509688
61510628
61511166
61524877
61510444
61509397
61510785
61511067
61525018
61510604
61509519
61510344
61511414
61525106
61510576
61510248
61511179
61511427
61510213
61525424
61511247
61510595
61511323
61511736
61510385
61526090
61511580
61509748
61512280
61511496
61511771
61509658
61509602
61511813
61511666
61512016
61510788
61510057
61525995
61512043
61511875
61512188
61509897
61510173
61510685
61512357
61512403
61526235
61526961
61510862
61513102
61512587
61511410
61510555
61511768
61512417
61512679
61510790
61526878
61511446
61510786
61512766
61512867
61527083
61512778
61511499
61512835
61513059
61511909
61527317
61513090
61511303
61513181
61513336
61527486
61512623
61511655
61513347
61513547
61527741
61512842
61513572
61511473
61513519
61512393
61527712
61513301
61513116
61513582
61511445
61511298
61512613
61513358
61513633
61527501
61511611
61512189
61513662
61513670
61511557
61511689
61512589
61514376
61513878
61528185
61512336
61512125
61513814
61514014
61512741
61511978
61512665
61513672
61514314
61528511
61513622
61512633
61514301
61514450
61512316
61512281
61513531
61515145
61514527
61513371
61529041
61514521
61513955
61512424
61513777
61512985
61514848
61514911
61528712
61514364
61513251
61514076
61515068
61528885
61514273
61513760
61514835
61514121
61515201
61513511
61529335
61514504
61514039
61515251
61515328
61529570
61513950
61513719
61514435
61515632
61513412
61529503
61515670
61513746
61515798
61515998
61530093
61515677
61513992
61515993
61514114
61530003
61515444
61514304
61515945
61516131
61513987
61515395
61514590
61516186
61513955
61514105
61515797
61515467
61516131
61516457
61515277
61514309
61514725
61516486
61514720
61530880
61514462
61515712
61516683
61516654
61530522
61514567
61515831
61516487
61516851
61530767
61516170
61515994
61517458
61517038
61515197
61514909
61515072
61515520
61516317
61517237
61531075
61516706
61515631
61517238
61517499
61531262
61516863
61515500
61517432
61517533
61531721
61517479
61515671
61515991
61517690
61517763
61516607
61532240
61517645
61517656
61516277
61517565
61517964
61515816
61531757
61517773
61516253
61518007
61518135
61531840
61517355
61516475
61517942
61518269
61516172
61532371
61517953
61516510
61517581
61518573
61532675
61517110
61516670
61518533
61518712
61516497
61516554
61517005
61518437
61518726
61517563
61532663
61516814
61518099
61516916
61518989
61519158
61533039
61518279
61518253
61518868
61519086
61516791
61533490
61519066
61517258
61519316
61519290
61517245
61517354
61518117
61519141
61519577
61519558
61533425
61518887
61517768
61519457
61519585
61518480
61533728
61519552
61517672
61519806
61518636
61517646
61518608
61519502
61519719
61519970
61517908
61519442
61518409
61519125
61520127
61518014
61518071
61519247
61519975
61520387
61520405
61534534
61519707
61518683
61520388
61519155
61520357
61518295
61519769
61518837
61520331
61520531
61518690
61518336
61518742
61519755
61519913
61520833
61520865
61519753
61535393
61521086
61519229
61521326
61519122
61535356
61521084
61520452
61521102
61521466
61519588
61535642
61521498
61521310
61521681
61520511
61535640
61521440
61519704
61521574
61519778
61535388
61520953
61520514
61521476
61521906
61520589
61535715
61521654
61521483
61521772
61519734
61519777
61520952
61519951
61522109
61522164
61522101
61521980
61522186
61522188
61520030
61520076
61522089
61520497
61521554
61522495
61536237
61520275
61521590
61523054
61522580
61521331
61536573
61522366
61520513
61522583
61520422
61520363
61521427
61520598
61522869
61521079
61537014
61520756
61521945
61522680
61523006
61536917
61522312
61521264
61522932
61522951
61520948
61521015
61521476
61523093
61523115
61523174
61521150
61522589
61521586
61522411
61523273
61537098
61521336
61521848
61523465
61523614
61537794
61523172
61521833
61523666
61523880
61537880
61522325
61522189
61523045
61522274
61523713
61524022
61522777
61538307
61523676
61523729
61524042
61524197
61537780
61522055
61524140
61523969
61524333
61523054
61538612
61524260
61524112
61524272
61524413
61538285
61523588
61522623
61524127
61524488
61523423
61538926
61524467
61524245
61524674
61523398
61538821
61524320
61523450
61525340
61524914
61523734
61538941
61524782
61523019
61524828
61523011
61539134
61524955
61523048
61525182
61525153
61523214
61523281
61524112
61523530
61525350
61525395
61539132
61524681
61523787
61525363
61525535
61525660
61539440
61523491
61524606
61525603
61525772
61539600
61525029
61524258
61525875
61525938
61524833
61528106
61539714
61525346
61524451
61526041
61526371
61540153
61525468
61524588
61526287
61526374
61523755
61524185
61525201
61525461
61526490
61540393
61526076
61524723
61526621
61526599
61524465
61524467
61525435
61526283
61526844
61540593
61526248
61541153
61526418
61525176
61524910
61526975
61527014
61524952
61524794
61525858
61526618
61527092
61525864
61541097
61526386
61525680
61526243
61527518
61525298
61525276
61526489
61527193
61527434
61525106
61541691
61527029
61525998
61527700
61527746
61541591
61525694
61526883
61527600
61527955
61526706
61541633
61541916
61542041
61525921
61527507
61527905
61526299
61527772
61528016
61528114
61528036
61528058
61528118
61542000
61527488
61527160
61527968
61528383
61526515
61542477
61542488
61528376
61526596
61528525
61528666
61542508
61526566
61527721
61528461
61528760
61527580
61528758
61542937
61528523
61526790
61528740
61527124
61543196
61529001
61528782
61529232
61528157
61527295
61527929
61528970
61529446
61527231
61527335
61528562
61527626
61529459
61529748
61543783
61529232
61527955
61529815
61528049
61544244
61529881
61528129
61528924
61530031
61527777
61527824
61528597
61529322
61528948
61528166
61530108
61530278
61528150
61528155
61528747
61530691
61530255
61529150
61544530
61530092
61528311
61530391
61530447
61544303
61529735
61528688
61530393
61530586
61528339
61544594
61530585
61528845
61530729
61530973
61544722
61530203
61529810
61531399
61531105
61544871
61530287
61529898
61531567
61531163
61530037
61545530
61529858
61529210
61531241
61530172
61545638
61530879
61531380
61529576
61531422
61531581
61545371
61530815
61530313
61531220
61531393
61530315
61529449
61529985
61530626
61531090
61531468
61531688
61545580
61531090
61529992
61531632
61529948
61545996
61531937
61529863
61531942
61531965
61530668
61529931
61531032
61531828
61532066
61530160
61546080
61532070
61530204
61532038
61532353
61546083
61531628
61530433
61532224
61532376
61546516
61531186
61530431
61532432
61530660
61546424
61532440
61530859
61531967
61532785
61546685
61532240
61530945
61531417
61533058
61533135
61531008
61531201
61533211
61531345
61533376
61533378
61547064
61532475
61532147
61531390
61533428
61533416
61547218
61532776
61532525
61533277
61533627
61532471
61531507
61532283
61533389
61533726
61532621
61548232
61532677
61532128
61533756
61533945
61531931
61531947
61533083
61534605
61534119
61534319
61548187
61533836
61532689
61534391
61532561
61548595
61534318
61532636
61534463
61532646
61548777
61534499
61533635
61533024
61534614
61534691
61548535
61534492
61533109
61534689
61534881
61532782
61532733
61533533
61534774
61535124
61533151
61533218
61534380
61535006
61535479
61534163
61549904
61535389
61535333
61535619
61534340
61533428
61533551
61535752
61535533
61535767
61534604
61549967
61535837
61535668
61535981
61533766
61549926
61535814
61535019
61535918
61536231
61536359
61550496
61535945
61534729
61535554
61536546
61550523
61535531
61536294
61534662
61536950
61536465
61544945
61543945
61543999
61544895
61545994
61546242
61544275
61560072
61545806
61544515
61546255
61546428
61560475
61545718
61544671
61545486
61546355
61547217
61547975
61548227
61546152
61547587
61547435
61548091
61548455
61546370
61546450
61547172
61546628
61548773
61547452
61562657
61548674
61546722
61548825
61548905
61562834
61548368
61547316
61548049
61548845
61548369
61549187
61547064
61547087
61548282
61549896
61549302
61547999
61563237
61548773
61547613
61549332
61549358
61563676
61549375
61547697
61549482
61549613
61563419
61547547
61549799
61547728
61549633
61549970
61563771
61549614
61547947
61549796
61549822
61548699
61564387
61550021
61548074
61550037
61550244
61564173
61549692
61548632
61549270
61550356
61548328
61548222
61550286
61548571
61550506
61550648
61564301
61550124
61548854
61549925
61550893
61548496
61565062
61548773
61565300
61550722
61549164
61550140
61550944
61548858
61548801
61550107
61550786
61551123
61549062
61565198
61551221
61549636
61551325
61551590
61565380
61550823
61550593
61551273
61551586
61550374
61565758
61550776
61550771
61551488
61551825
61550685
61565952
61551310
61550235
61551930
61551979
61565824
61549800
61550322
61550897
61550269
61552156
61552100
61549939
61550030
61550817
61551913
61552304
61552466
61566320
61552226
61550532
61552344
61552520
61550410
61550375
61552525
61550693
61552659
61552596
61552703
61552800
61552905
61552854
61550400
61551870
61551888
61551845
61551979
61566698
61567072
61552937
61551345
61552467
61553309
61551169
61551185
61551920
61553922
61553530
61551926
61567702
61552833
61552265
61551646
61553551
61553737
61567462
61553182
61552083
61553704
61553726
61552583
61551684
61552883
61553665
61553951
61551739
61568205
61553628
61552395
61553874
61554050
61554250
61551999
61568531
61554110
61552652
61555007
61554401
61552652
61552337
61552398
61553525
61554205
61554531
61554570
61568666
61552514
61553242
61554301
61554638
61553584
61568997
61554693
61553483
61554589
61555012
61552734
61569433
61555019
61553109
61553183
61555134
61555232
61569015
61554595
61553441
61555130
61555234
61554204
61569235
61555277
61553613
61555521
61555615
61569483
61554913
61554390
61554780
61555649
61553522
61570015
61555687
61554020
61555579
61556039
61554688
61570058
61554618
61555721
61556072
61554013
61569976
61556121
61554461
61555126
61556233
61555083
61570069
61555628
61554605
61556324
61554456
61554373
61570679
61556446
61554763
61555578
61556754
61570867
61556570
61556324
61556698
61554506
61571047
61556278
61555182
61556662
61556852
61555651
61570918
61556811
61555052
61556854
61557033
61554869
61555066
61555384
61557154
61557344
61557188
61557445
61555643
61571331
61555159
61557448
61555510
61557346
61557409
61571146
61556821
61557486
61557339
61557587
61555596
61572114
61557735
61557468
61557846
61555946
61571521
61571998
61557676
61557551
61555880
61557563
61557927
61556870
61571865
61556012
61558066
61556444
61558735
61558267
61558422
61572230
61557778
61557022
61558156
61558469
61556570
61572898
61558508
61558412
61558650
61556953
61572897
61557905
61557151
61557388
61558954
61556708
61558167
61558039
61559585
61558967
61559050
61572902
61558380
61558289
61558983
61559399
61558130
61573544
61559230
61557466
61559398
61557653
61573460
61559570
61557934
61558882
61559789
61573730
61559084
61558228
61559735
61559973
61559991
61558958
61574001
61559401
61558994
61560679
61560201
61559082
61574381
61560154
61559372
61560124
61560492
61558126
61558384
61558472
61559374
61560392
61560640
61559535
61574530
61574497
61558599
61559798
61558961
61560893
61560973
61558809
61558852
61559625
61560796
61561058
61559244
61575064
61560779
61560083
61561729
61561186
61561173
61561318
61559140
61559170
61560424
61561066
61561437
61560314
61575657
61561335
61559620
61561418
61561564
61559177
61575635
61561445
61559685
61560542
61561796
61560646
61576071
61561571
61560072
61559953
61561786
61561914
61559599
61576059
61561201
61560780
61562297
61562031
61559942
61576432
61561331
61561377
61560273
61562349
61562279
61576156
61561875
61560913
61562267
61562607
61560801
61576840
61561989
61562176
61562441
61562805
61561108
61576930
61560846
61561304
61562829
61563062
61560672
61577317
61562732
61562062
61562675
61563199
61560752
61577299
61561563
61561376
61563102
61563340
61577107
61561120
61563249
61561801
61563257
61563648
61561610
61561548
61562842
61563396
61563811
61561919
61577721
61577615
61578130
61563419
61563198
61563827
61564168
61564302
61562141
61562004
61563268
61564191
61563901
61564265
61563166
61578557
61564238
61564360
61564294
61564454
61562352
61562253
61578792
61564237
61563368
61562776
61564828
61562923
61578891
61564806
61563838
61564643
61565058
61565090
61578723
61578918
61564473
61564505
61565077
61565239
61564900
61565228
61563574
61565078
61565405
61565546
61563224
61563267
61564558
61565296
61565510
61563755
61564523
61580064
61564403
61565523
61565799
61564632
61579729
61565739
61565547
61565883
61565987
61563830
61580297
61565975
61564404
61565970
61566063
61564972
61580166
61565558
61564534
61566199
61566269
61565173
61580304
61564827
61564602
61566356
61566485
61564177
61565660
61565497
61566222
61566546
61564348
61564479
61564927
61565694
61566795
61566799
61580654
61564473
61565311
61564671
61566750
61566776
61580559
61564655
61566154
61565572
61566692
61567045
61565852
61565011
61581185
61566580
61566325
61567118
61567407
61566230
61581485
61567309
61567315
61567700
61565640
61581495
61567383
61565572
61566640
61567662
61566061
61581673
61566836
61565929
61567754
61567851
61565687
61565805
61566568
61567548
61568035
61566108
61581927
61567852
61567633
61568134
61565911
61581940
61567535
61566996
61568828
61568411
61567285
61582503
61568255
61566468
61568427
61566556
61582331
61566369
61567670
61568286
61568407
61568808
61582873
61568227
61567110
61568874
61568896
61582531
61568162
61567172
61568628
61568931
61567842
61583338
61568887
61567223
61568192
61569033
61566976
61583376
61568580
61567871
61569895
61569298
61567495
61583391
61567895
61567933
61569338
61569729
61568074
61583706
61568066
61567967
61569544
61569706
61567521
61584039
61569550
61567793
61569875
61570000
61567874
61568790
61583982
61583858
61567923
61568709
61569880
61570230
61568323
61568226
61569466
61568667
61570681
61570669
61584713
61570525
61568779
61570581
61570760
61568545
61568670
61569818
61570525
61570835
61568911
61585122
61570336
61569186
61570779
61571016
61584608
61585343
61570474
61570202
61570831
61571205
61568952
61585586
61571039
61569183
61571358
61571339
61585256
61570750
61570330
61569683
61571574
61571665
61569627
61569592
61570698
61572427
61571932
61570105
61585888
61569760
61571024
61571656
61572010
61586156
61571397
61570373
61571286
61572155
61570042
61570079
61572085
61570562
61572821
61572283
61571243
61570326
61571525
61572205
61572593
61570425
61570557
61572495
61570828
61572589
61572744
61586377
61571974
61571001
61572687
61572815
61586790
61572804
61571240
61572912
61573153
61586844
61572418
61571009
61572301
61573025
61573212
61573439
61587123
61571321
61573406
61571776
61573497
61571624
61573669
61573684
61587900
61573048
61572759
61573450
61573851
61571959
61588066
61573935
61572080
61574162
61572366
61588403
61573613
61573420
61574011
61574375
61572675
61588649
61573935
61572737
61573688
61574492
61572611
61572655
61573679
61575175
61574648
61573475
61588810
61574198
61573816
61573549
61572895
61574509
61574565
61573980
61575046
61575195
61575162
61573270
61573989
61573213
61574112
61589403
61575177
61573400
61574404
61575440
61575421
61573329
61589833
61575395
61573803
61575523
61575596
61573418
61573485
61574460
61573683
61575701
61575901
61574724
61589832
61575382
61574114
61575919
61575945
61589674
61575117
61575761
61574252
61575759
61576175
61590040
61575470
61574525
61575275
61576232
61575195
61590181
61590397
61575920
61575215
61576085
61576470
61574506
61590306
61576410
61574530
61576411
61576604
61574691
61590605
61574556
61576203
61574494
61576544
61574722
61576655
61576786
61591032
61576296
61575728
61576629
61576969
61575251
61591127
61576751
61575354
61576735
61576979
61577302
61591118
61575017
61576383
61577817
61577376
61576046
61591390
61576751
61576344
61577010
61577299
61577372
61575020
61591558
61576662
61575843
61577367
61577512
61576362
61591631
61577434
61575746
61577624
61577707
61575625
61575590
61576854
61577534
61577933
61577921
61592023
61577387
61576178
61577939
61578163
61592344
61577517
61577426
61577956
61578306
61576376
61592456
61576814
61576712
61577349
61578378
61576265
61576308
61577572
61576773
61578609
61576840
61592747
61578036
61577706
61579365
61578901
61577745
61593234
61578809
61592792
61578778
61576936
61579009
61577133
61593176
61579051
61577264
61579158
61579262
61593063
61578585
61578457
61579377
61579559
61578259
61577462
61579612
61577718
61579740
61577967
61578516
61577537
61594017
61579640
61578020
61579750
61578019
61594107
61577944
61579104
61579760
61580015
61577636
61594374
61580022
61578256
61579997
61580203
61578015
61594147
61579725
61579151
61580360
61580484
61578183
61578315
61578842
61580571
61580634
61578446
61579803
61580547
61578739
61580588
61580600
61578622
61594750
61580278
61578718
61580760
61580909
61594764
61578815
61579426
61580992
61581233
61594838
61579056
61581076
61580833
61581087
61579363
61595117
61581075
61579627
61581244
61579595
61595522
61580821
61579725
61580441
61581521
61579333
61579386
61580562
61579863
61580723
61581827
61595556
61579665
61581903
61581032
61580402
61582317
61581951
61580771
61596134
61579814
61580594
61579903
61581880
61582094
61596227
61581861
61580341
61581004
61582135
61581182
61596282
61582023
61581882
61582174
61582422
61596681
61582381
61580642
61582420
61580689
61596832
61596629
61582019
61581895
61582489
61582911
61582834
61581641
61596728
61580779
61582043
61582662
61583040
61580660
61596958
61582993
61581185
61583114
61581383
61597346
61583119
61581499
61582521
61583325
61582132
61581150
61583330
61581571
61583462
61583771
61582468
61597560
61583351
61581903
61583401
61583713
61582526
61597876
61583644
61581771
61584368
61583934
61582165
61598111
61583986
61581891
61583964
61582386
61598437
61583356
61582977
61584697
61584234
61583159
61598282
61583890
61582671
61585024
61584426
61584632
61598309
61582974
61582643
61583473
61584802
61586794
61582235
61598911
61584514
61582556
61584666
61584827
61598795
61584496
61582822
61584381
61584817
61583294
61598964
61584859
61583123
61585052
61582992
61599213
61585125
61583410
61585136
61585387
61583567
61599634
61584941
61583773
61585390
61585542
61583545
61584803
61584461
61586091
61585596
61584566
61583760
61583492
61600156
61585777
61585585
61585946
61594895
61610662
61595882
61595689
61596318
61596549
61596821
61594585
61596044
61595534
61596688
61596953
61595899
61610715
61596783
61594880
61597079
61594704
61596006
61611352
61597027
61595514
61597172
61597403
61611011
61596554
61596191
61597119
61597309
61596292
61611379
61596875
61595851
61596676
61597645
61595329
61611977
61597588
61595670
61597701
61597730
61595494
61596967
61596090
61597731
61597915
61596327
61611818
61597454
61596286
61597917
61598045
61597844
61596729
61595717
61596858
61597613
61597926
61597995
61595896
61595949
61597213
61598421
61598237
61597117
61612361
61597701
61596626
61597393
61598453
61612154
61596240
61598352
61596537
61598222
61598600
61596759
61612639
61597852
61597047
61597797
61598768
61597741
61612823
61598215
61597170
61598636
61599000
61597772
61613385
61598865
61597033
61598962
61598874
61597942
61599233
61599354
61613122
61598499
61598240
61598904
61599244
61599372
61613485
61598743
61597496
61599058
61599422
61598245
61613594
61598749
61598405
61598788
61599780
61613597
61598975
61599547
61598136
61599859
61599977
61614107
61599235
61599835
61599731
61600160
61598765
61614127
61597853
61599880
61598374
61599916
61600280
61600202
61614209
61599706
61598566
61600258
61600444
61614118
61598145
61600209
61598716
61599235
61600614
61600455
61598679
61614404
61598492
61600519
61598807
61600739
61600792
61614690
61600197
61599327
61600043
61601225
61598887
61598954
61600194
61600925
61601160
61600034
61615116
61600559
61599762
61601074
61601513
61599376
61599406
61600605
61602176
61601574
61600520
61615434
61599748
61601884
61599792
61601820
61601825
61599712
61599807
61600982
61601659
61601954
61602055
61600017
61599880
61601195
61602720
61602187
61602198
61602251
61602289
61618917
Peak: 62248167
Average: 60815816.264581025
