0
216379
276752
554706
983656
1692851
2311098
2703062
3133478
3717297
4001179
4601263
5389322
5530766
5872876
6332396
6823335
7264014
7513411
7909273
8470954
9000902
9168121
9494976
9730106
10052397
10820000
11227049
11750754
12286490
12724469
12994736
13468472
14187587
14616007
14888600
15531274
15926492
16437205
16663897
16799034
17125419
17305956
17609543
17858950
18087775
18200117
18432537
19227353
19556391
19754954
19830311
19833767
20113837
20274678
20485137
20865741
21272285
21502464
22099344
22576232
23304613
23545046
23938013
24245032
24550083
24573742
24733975
24880926
25078807
25248870
25561036
25967233
26282619
26773898
27151117
27755313
28443076
29251097
29805517
30062223
30068135
30070343
30068702
30086719
30098712
30468063
31003016
31534276
31730226
32033230
32214811
32469168
32507994
32573154
32629571
32733765
32757274
32949879
33470727
34472100
34001973
34479488
34599430
34776119
34813027
34837074
34875356
35180195
35289333
35910697
36002647
36408790
36887301
36958544
37203089
37665012
38086776
38512990
38512943
38513020
38512816
38375131
38826676
39026898
39210566
39270328
43265448
43330915
43593875
43623260
44199396
44258430
44317528
44375508
44405871
44479973
44545747
44590499
44645501
44709626
44766861
44761381
44998720
45220137
45297136
45718854
45932138
46134259
46739543
46935871
46983563
47177618
47278789
47431247
47584035
47706926
47777535
48090493
48215419
48458990
48663269
48784211
49048650
49538764
49542815
49474793
49583084
49725421
49858291
50020298
50272775
50352622
50439924
50465092
50480836
50515188
50578247
50622160
50805418
50839525
50964144
51166932
51370392
51521638
51658283
52006196
52316197
52578679
52841487
53021445
53474203
53859418
54449684
54604453
54692708
54774963
54765117
54895419
54975918
55070377
55120039
55290108
55201076
55666732
55936806
56050959
56208243
56661920
57030680
57096730
57315078
57483638
57574336
57989485
57983344
57985364
58134247
58206895
58316296
58457243
58589123
58674443
59006884
59756859
59935307
60025363
60099075
60153443
60207819
60388934
60425676
61001001
61932606
60990734
61037057
61058239
61076631
61096512
61113597
61133812
61150494
61169066
61189594
61205088
61224170
61244018
61259003
61279033
61294069
61314230
61331049
61347252
61365272
61382064
61398843
61416587
61431038
61448998
61466819
61483651
61500646
61518443
61531686
61549731
61566990
61584955
61601715
61616358
61637595
61652238
61670131
61684491
61699019
61715523
61730078
61747875
61762966
61780563
61798854
61816963
61831342
61849427
61863998
61882015
61901159
61918756
61933399
61951148
61965527
61981217
61999340
62019861
62034432
62052253
62067048
62082394
62100421
62114813
62135928
62153917
62168312
62183938
62201965
62216416
62233141
62248981
62264800
62288765
62304749
62319217
62337197
61141577
60938867
60940693
60940784
60942205
60943947
60942781
60944945
60943978
60945622
60945745
60945666
60944125
60945765
60944172
60945869
60945583
60861309
60878504
60894594
60909603
60927739
60943998
60960604
60977020
60991591
61010396
61027084
61041463
61060628
61076767
61094487
61111748
61126004
61144220
61160340
61176196
61191847
61211596
61226060
61241820
61262188
61276652
61292856
61311372
61328412
61342732
61359212
61379220
61393884
61409452
61427268
61446044
61460556
61478436
61494092
61508556
61527980
61543644
61558860
61574684
61590404
61609627
61625805
61642124
61657556
61672308
61688820
61708972
61723364
61739340
61754556
61770260
61785844
61801668
61822028
61838093
61853364
61868996
61884556
61900348
61916004
61931451
61952716
61968524
61984084
61999732
62015071
62030852
62046739
62062366
62084436
62099916
62115636
62131026
63274683
60949270
60949860
60950103
60950422
60950164
60950603
60949270
60951056
60951083
60951039
60951173
60950967
60951242
60950913
60951087
60951033
60872299
60888586
60904067
60918863
60937390
60953751
60968903
60985415
61003103
61017538
61036584
61053464
61067778
61087200
61102928
61118928
61134602
61152536
61169961
61184282
61201786
61220055
61234461
61252255
61270199
61285861
61300304
61318381
61336318
61351957
61369410
61384911
61402773
61418095
61433159
61453213
61469064
61483405
61499224
61520509
61535046
61550689
61568753
61583366
61601233
61619814
61637462
61651934
61667745
61685670
61700030
61722278
61736942
61754793
61769230
61787302
61801694
61824566
61838886
61857033
61871446
61887078
61905142
61921910
61936302
61959822
61974438
61989849
62007966
62022286
62040358
62054937
62072886
62093446
62111590
62126182
62143982
63280343
60954464
60954334
60955172
60954545
60955051
60954923
60955115
60954974
60954995
60955032
60955086
60956158
60955495
60956298
60955646
60956470
60878311
60894369
60910556
60926551
60944844
60961189
60977517
60993989
61009413
61025262
61041504
61058309
61076397
61093373
61109142
61125142
61141137
61156361
61173985
61189484
61207057
61222820
61239329
61258409
61274070
61289726
61304158
61322265
61340078
61355782
61373265
61388622
61406606
61422326
61437942
61456582
61471078
61486894
61504710
61519158
61538206
61556302
61570766
61586390
61604390
61623022
61640718
61655270
61671081
61688889
61703697
61725526
61740329
61757990
61772454
61788345
61806086
61825374
61843382
61857862
61873489
61891625
61907286
61921697
61939702
61960710
61975385
61993270
62008926
62023433
62041414
62055793
62073814
62095606
62110081
62128742
62143185
63285462
60959527
60960902
60960555
60961077
60959516
60961064
60959602
60961107
60959581
60959739
60960962
60959710
60961120
60959699
60961062
60961337
60883034
60897695
60915869
60931541
60946693
60962645
60979173
60995449
61014494
61030354
61045641
61062668
61080677
61097612
61112060
61131612
61145991
61161764
61181364
61195860
61213439
61228932
61247092
61264908
61279279
61294796
61313028
61330732
61345788
61361204
61381764
61397533
61411748
61427660
61448684
61463076
61478741
61496732
61511212
61530412
61548372
61563133
61578348
61596557
61609812
61631548
61647325
61661764
61677431
61695453
61711028
61729695
61745420
61762052
61779181
61793973
61809189
61832053
61847613
61862085
61877848
61896461
61910997
61926445
61944661
61964909
61980101
61998173
62012573
62030709
62045061
62063141
62077621
62099445
62114957
62133021
62147421
63289773
60963668
60964023
60964983
60965246
60965318
60965336
60965360
60963725
60963856
60964378
60965175
60965311
60964136
60965343
60965793
60964157
60882275
60897925
60913744
60928605
60944816
60961048
60979645
60995022
61010649
61027182
61043774
61060638
61077534
61095686
61110358
61125918
61143030
61160934
61178358
61192686
61208622
61225902
61241942
61257318
61275150
61290630
61306508
61324449
61342302
61357958
61373678
61391998
61406742
61422382
61437881
61456297
61474398
61490145
61504614
61520118
61541633
61556110
61571702
61587262
61605350
61624894
61639465
61654926
61673038
61687646
61705526
61724238
61740286
61755694
61773278
61788886
61805598
61821350
61844046
61858686
61876510
61891254
61906657
61924686
61938998
61960137
61978182
61992566
62008126
62026230
62041934
62056182
62072102
62090022
62110806
62128686
62144406
62158726
63293862
60968193
60967946
60967705
60969361
60967781
60969505
60969170
60969583
60967939
60969615
60968132
60969824
60969831
60968943
60969965
60969870
60968711
60893721
60903358
60915686
60927550
60942065
60953551
60966350
60981377
60992225
61008494
61021558
61033665
61048975
61059838
61076663
61087546
61102039
61115264
61131010
61145599
61161303
61179986
61195567
61207570
61224186
61239832
61255399
61273143
61288799
61304455
61320146
61337839
61354163
61371741
61389983
61405711
61420090
61435751
61456903
61471346
61487106
61503680
61520602
61539784
61554135
61569762
61585530
61603496
61619194
61637311
61654207
61667658
61685559
61701263
61715634
61735655
61753570
61769239
61783559
61800197
61818231
61832623
61853058
61869831
61886703
61902490
61914295
61931255
61945738
61964255
61979983
61995615
62011306
62024562
62041351
62056954
62070338
62085743
62108922
62122063
62137695
62154706
63298079
60973327
60973534
60973242
60972650
60973328
60973749
60973693
60973872
60973572
60973733
60973612
60973903
60971988
60972033
60972617
60972908
60886909
60900556
60915981
60932223
60947804
60963863
60980511
60996492
61015311
61030700
61047335
61063249
61082180
61097844
61113580
61129472
61148895
61164548
61180676
61196300
61214412
61230684
61247671
61260844
61278767
61294172
61309892
61326572
61343757
61359396
61377196
61395653
61411148
61426868
61441196
61460079
61477964
61492428
61508213
61523732
61543130
61560910
61576620
61591193
61609020
61624775
61642956
61658502
61674222
61691030
61706758
61722396
61742204
61757612
61772300
61788284
61803840
61819274
61837244
61857756
61872084
61890148
61904612
61920439
61938165
61953963
61974764
61990716
62005052
62020892
62038764
62053439
62072335
62088020
62102468
62124159
62139940
62157877
63302583
60976942
60976868
60976812
60977732
60977988
60978088
60978235
60978320
60978218
60977227
60978333
60978411
60976935
60978389
60978153
60977579
60978527
60898664
60913410
60928809
60945001
60959889
60974001
60990057
61007721
61023380
61039972
61054268
61070908
61089116
61104732
61121732
61137292
61154628
61170260
61187644
61202244
61218052
61235596
61253300
61269044
61285812
61301444
61316756
61334908
61352852
61368508
61382836
61401380
61419308
61434940
61450596
61468508
61486156
61500996
61516428
61534300
61552172
61570316
61584732
61600388
61617348
61639132
61653652
61669372
61685252
61700396
61716260
61737284
61751732
61769748
61784212
61802164
61817892
61832212
61855156
61869900
61887548
61902012
61920012
61934500
61950060
61973604
61987884
62006108
62020700
62037492
62052988
62071132
62087892
62101084
62125300
62139764
62155284
62173532
60979885
60981539
60981662
60980547
60981611
60981634
60981611
60981533
60981734
60981541
60981900
60980170
60980377
60981737
60980929
60982030
60981821
60894433
60908829
60921268
60937535
60952639
60970165
60986497
61002975
61019342
61035784
61051446
61068289
61087313
61103055
61120079
61135574
61152903
61167094
61182879
61200608
61217270
61233574
61249230
61264935
61282931
61298590
61313886
61329902
61348646
61364334
61380030
61395686
61414022
61428406
61443982
61459785
61478294
61496430
61512078
61527704
61543198
61562574
61577294
61592718
61608433
61623993
61645777
61661422
61675814
61691470
61707513
61723064
61742806
61758462
61773752
61789721
61805353
61820857
61838798
61858119
61874969
61890718
61906327
61921990
61936384
61951974
61967722
61991170
62006743
62022471
62037831
62052519
62068338
62083786
62101871
62123687
62139246
62154582
62169270
63310334
60984636
60985212
60984007
60985616
60985723
60985501
60985482
60984362
60984218
60985085
60984762
60984986
60985891
60985333
60985800
60986085
60902595
60917174
60930445
60948374
60964494
60981030
60996142
61010582
61025806
61039957
61054318
61071102
61085421
61102342
61117230
61132526
61149694
61165261
61183398
61200534
61215326
61231358
61248472
61266582
61282310
61298846
61314430
61330189
61348214
61363638
61380550
61393741
61412305
61427710
61443478
61460310
61479046
61492277
61508133
61523693
61539222
61558406
61575358
61590998
61606630
61622190
61637822
61657366
61672990
61687430
61700694
61717518
61729422
61750534
61766190
61779302
61794013
61809622
61824414
61838422
61860110
61875846
61891494
61905862
61921661
61938366
61956150
61970965
61993990
62008694
62026766
62041230
62056917
62074934
62089662
62104821
62129174
62144830
62159566
62176046
63314777
60988689
60988494
60989354
60989170
60989311
60990114
60989701
60990109
60990397
60989027
60990339
60990687
60990398
60990633
60989163
60990830
60909612
60924631
60940023
60958017
60974129
60990345
61006673
61023169
61038508
61054212
61073185
61090041
61104671
61122599
61139457
61155852
61171215
61189249
61206689
61221476
61241081
61254772
61270324
61285756
61303415
61320199
61336985
61353753
61369359
61387385
61403113
61421457
61437105
61452513
61467225
61486468
61501847
61519609
61535313
61549692
61568831
61586865
61601660
61617223
61634913
61653305
61669268
61684743
61702305
61716980
61734993
61754945
61770665
61786225
61801953
61816369
61832239
61847631
61870481
61886209
61901889
61916281
61931900
61947783
61963303
61984335
62002321
62016873
62033705
62048500
62063967
62079495
62096183
62113113
62134889
62150545
62164975
62179407
63318180
60992361
60993225
60993204
60993675
60993739
60994376
60994344
60992116
60991833
60992353
60992078
60992588
60992369
60993236
60993002
60993317
60909118
60924904
60940734
60956299
60969836
60986122
61000343
61016511
61033194
61049431
61066303
61081655
61098527
61114138
61131079
61146890
61164234
61179890
61199434
61215133
61230818
61248394
61264026
61279682
61296186
61313266
61328893
61344776
61362690
61378338
61393880
61412280
61430245
61445973
61461586
61476013
61492480
61508149
61526045
61541749
61557442
61576554
61592114
61607842
61622298
61635490
61656213
61671853
61687538
61703245
61718890
61733354
61753248
61771197
61785666
61802498
61817293
61832701
61848280
61868715
61884178
61899826
61915544
61931202
61946869
61965053
61979458
62000509
62018648
62034258
62048875
62066717
62082378
62096882
62114754
62135378
62151133
62169122
62183522
63323426
60997285
60996914
60997786
60997467
60997532
60998469
60997789
60997247
60998567
60997459
60998660
60997568
60998801
60999147
60997581
60999300
60918935
60932039
60945575
60963815
60978911
60994975
61011031
61027503
61043255
61059807
61076495
61094442
61111354
61127039
61142791
61160687
61177967
61192407
61209639
61225391
61243367
61260919
61276575
61292399
61310194
61325807
61340199
61354658
61371447
61386111
61401399
61419911
61435615
61453474
61469127
61486591
61501250
61516671
61532303
61548007
61565855
61582751
61597538
61612967
61628738
61646554
61666050
61681703
61696162
61711879
61729826
61744303
61763951
61779919
61796466
61813434
61827847
61843599
61861551
61881983
61896447
61912127
61930079
61945727
61961367
61975703
61996783
62012439
62028191
62043823
62059479
62075293
62090879
62106370
62124370
62146146
62161799
62176255
62191887
63325711
61000250
61000703
61000762
61001182
61001348
61001864
61001268
61001147
61001332
61001152
61001420
61001222
61001471
61001337
61001613
61001441
60920538
60934069
60950909
60966829
60981949
60997949
61014373
61030656
61048725
61065341
61081152
61096659
61115696
61133064
61148899
61168352
61184000
61199637
61215685
61231381
61249509
61267165
61281573
61297357
61317341
61333125
61347589
61365581
61383504
61397917
61413701
61434336
61448821
61464381
61482381
61499845
61517917
61532381
61548216
61563965
61582960
61600853
61616485
61631045
61648968
61667213
61683163
61700965
61715717
61730030
61747885
61766557
61782368
61800189
61815893
61830645
61846179
61864032
61884477
61898997
61916893
61932629
61946949
61965005
61980645
62000493
62014861
62030525
62046416
62064296
62079965
62094613
62110077
62125629
62147774
62165493
62181189
62196816
63330661
61005363
61005856
61005958
61006269
61005945
61006341
61006127
61006437
61004785
61006552
61006482
61005586
61006648
61006551
61006522
61006409
60924184
60938985
60956894
60972883
60988051
61003971
61022721
61039075
61055675
61070259
61086603
61105878
61121475
61137355
61153190
61170214
61188187
61203843
61220030
61235865
61253878
61270211
61286203
61302763
61318203
61334963
61350566
61368515
61382803
61398558
61416651
61434923
61449550
61466110
61483075
61500718
61518611
61533003
61548830
61566659
61585907
61600315
61615891
61632006
61647422
61669142
61683539
61699515
61714998
61732869
61748402
61768330
61782925
61800856
61816450
61830802
61848933
61863666
61883805
61901834
61916413
61934298
61948690
61964525
61982442
62002677
62017885
62035898
62050378
62066205
62084082
62098826
62115274
62130965
62152741
62168386
62183074
62198501
63333498
61007348
61007095
61007932
61007711
61007869
61008728
61007984
61007520
61008920
61009308
61008950
61009260
61007731
61009431
61007838
61009455
60927100
60943005
60957645
60973540
60989440
61006925
61022184
61038698
61056584
61073280
61089848
61104635
61121079
61139179
61156064
61171728
61187952
61201120
61219536
61234331
61249717
61267211
61284120
61299752
61317491
61333230
61348862
61368584
61384240
61399872
61415208
61432915
61448330
61466366
61481944
61498256
61516342
61531974
61545242
61560747
61579827
61596720
61611225
61628134
61643790
61656944
61674189
61689848
61705267
61722214
61737846
61753440
61770901
61786661
61802523
61818992
61834328
61849040
61864659
61885349
61900781
61916485
61931997
61950134
61965766
61981398
61996992
62018062
62033656
62049328
62064944
62079336
62094955
62111878
62127472
62148411
62163893
62179429
62197523
63338528
61013071
61012655
61012783
61013589
61013882
61014177
61013122
61012603
61013880
61014324
61012710
61014348
61014348
61014238
61014423
61014155
60932200
60945758
60961599
60977704
60993436
61009577
61026346
61042268
61057833
61074777
61092329
61107961
61124841
61140473
61156209
61171953
61189209
61207009
61224441
61240001
61255761
61273313
61287812
61304657
61322417
61338108
61353721
61371649
61387300
61401633
61417297
61435809
61451564
61467065
61482780
61501492
61519313
61535009
61548212
61565049
61581900
61597481
61613345
61631196
61646777
61662457
61682058
61697657
61710777
61726660
61742316
61757697
61777545
61793281
61809412
61824689
61842569
61857977
61873929
61894145
61910124
61924465
61940530
61956092
61971305
61987188
62008220
62023876
62041689
62057329
62071858
62087425
62103164
62118897
62134596
62156223
62174169
62189825
62205529
63341817
61016393
61017087
61017029
61017398
61017518
61017355
61017386
61015658
61015789
61016394
61016037
61017400
61017737
61016085
61017769
61016205
60931918
60947411
60960897
60978694
60994446
61011230
61027630
61043318
61058758
61075022
61091873
61109710
61126655
61141262
61157873
61176030
61193198
61207526
61227318
61243129
61257559
61276305
61289748
61307569
61325409
61341073
61356777
61374665
61390073
61406033
61420718
61438638
61454286
61470284
61488025
61506809
61522393
61536857
61553673
61569409
61588417
61603247
61619865
61635562
61651153
61665545
61685017
61700713
61716353
61731849
61748809
61764441
61782945
61798737
61816817
61832465
61846782
61864889
61879377
61899737
61915318
61932393
61946785
61964374
61982529
61997049
62018337
62034009
62050513
62066145
62080737
62096169
62112745
62127465
62143390
62164825
62182913
62198617
62212161
63346873
61020659
61020508
61021500
61020692
61021508
61021292
61021572
61022204
61021388
61021101
61022399
61022691
61022308
61022645
61021167
61022717
60939469
60956192
60972113
60987968
61003912
61020257
61036616
61053040
61067497
61084112
61101115
61116428
61133419
61152608
61168328
61183960
61199888
61215792
61233000
61248496
61265208
61282760
61298688
61314248
61332016
61347672
61360953
61379016
61394648
61410345
61425912
61444536
61459897
61476704
61492360
61511057
61526624
61542280
61557977
61573544
61592632
61608329
61623992
61638376
61651568
61668512
61687936
61703608
61719224
61732624
61748192
61763632
61785025
61798080
61813928
61829784
61846360
61861992
61877624
61898073
61913640
61926928
61942680
61958336
61973848
61989408
62005112
62026048
62041680
62057528
62073088
62088864
62104232
62120144
62135776
62157425
62172992
62188624
62204696
63350216
61024502
61025209
61025129
61025549
61025664
61025466
61025372
61024308
61024738
61025087
61026103
61026052
61025963
61025971
61025725
61025679
60938805
60953476
60966566
60982377
60997993
61014086
61029198
61045577
61062054
61078761
61095257
61113198
61130006
61144334
61161412
61179481
61196678
61211086
61226729
61246580
61260966
61278988
61294094
61309977
61329969
61345694
61361366
61375686
61393830
61411745
61427398
61445742
61460118
61475969
61493841
61512574
61527361
61542769
61558233
61576321
61595422
61609846
61625457
61641289
61659161
61674814
61693070
61709942
61725502
61741214
61755542
61771313
61793574
61809329
61822510
61835745
61853766
61869430
61883758
61904233
61922334
61936654
61954769
61970478
61985070
62002886
62022750
62038590
62056414
62070822
62088966
62103270
62119342
62135758
62151814
62173198
62191398
62206230
63352886
61027797
61028205
61028583
61028481
61028690
61026504
61028296
61027104
61027032
61027611
61028906
61028839
61028747
61028611
61027555
61028826
60941734
60955484
60969604
60986620
61002252
61018580
61034708
61051212
61067636
61084276
61098639
61115212
61132271
61148839
61167236
61182820
61200135
61214844
61230887
61249935
61265644
61283196
61298935
61313540
61331436
61346692
61362295
61380431
61398396
61412708
61428687
61449132
61467164
61482871
61498148
61514052
61531556
61549628
61564124
61580028
61601140
61615884
61631236
61649359
61664044
61679460
61698748
61716916
61732596
61747348
61762868
61780732
61800668
61816348
61831028
61846612
61863284
61875492
61890972
61911404
61927252
61942692
61958548
61974119
61992060
62007764
62027524
62043212
62059844
62076860
62092524
62108276
62122964
62138524
62156348
62175884
62191340
62206972
62222636
63358956
61032721
61032583
61033125
61032722
61033154
61032845
61033805
61033525
61033597
61033144
61033093
61034951
61034868
61034927
61034980
61034857
60954348
60970476
60984692
61000868
61016596
61032943
61049351
61065967
61084748
61100492
61116980
61132540
61150604
61166412
61182172
61201604
61217420
61232215
61249210
61267255
61284876
61300532
61314959
61331439
61348452
61364239
61379925
61399991
61415719
61431372
61446983
61465276
61480972
61495759
61511191
61529639
61547756
61563492
61579124
61593524
61612580
61628349
61646300
61662020
61677732
61696391
61711799
61729679
61745348
61759943
61775575
61797679
61813324
61828047
61843586
61860044
61876988
61891452
61912311
61928751
61944340
61960068
61975420
61991356
62005820
62021468
62042700
62058247
62073956
62091796
62107516
62123148
62137572
62153148
62175196
62192996
62208700
62224300
63361796
61035713
61035993
61036095
61037200
61037264
61037286
61037428
61035450
61035717
61036162
61035869
61036789
61036013
61036765
61036104
61036933
60954249
60969614
60985729
61001545
61019884
61036089
61052417
61068841
61083641
61099841
61116393
61134601
61151481
61168449
61182865
61198497
61215625
61231545
61251220
61265633
61281769
61299100
61317004
61332673
61349305
61365180
61382921
61400945
61415345
61431129
61449001
61466153
61481929
61499841
61514297
61532937
61551084
61565553
61582385
61596737
61616025
61634028
61649705
61665265
61680993
61699241
61715060
61730780
61748521
61764161
61778617
61798601
61816540
61832217
61847769
61862233
61877793
61893500
61916321
61932017
61946769
61962177
61977860
61993273
62008913
62026556
62046777
62063817
62078545
62094044
62111857
62127273
62142337
62157820
62181809
62196273
62212092
62229956
63365001
61039456
61040254
61040216
61038873
61040321
61040667
61039146
61040704
61040755
61040840
61040966
61040779
61040958
61040717
61040934
61040746
60960878
60976694
60990918
61007057
61023257
61041638
61058078
61073182
61092198
61107862
61123214
61140273
61158217
61174238
61189673
61206766
61224934
61239721
61254524
61269980
61288057
61305646
61320276
61338110
61355641
61371550
61387190
61403886
61419828
61437577
61453297
61471630
61486022
61501892
61519916
61540950
61555580
61573497
61587902
61603868
61625097
61639489
61657585
61672228
61690086
61708342
61724308
61741998
61756772
61774534
61789252
61811310
61825713
61843798
61858452
61876273
61890702
61913561
61929230
61943860
61961705
61977054
61992004
62009838
62024230
62045337
62060993
62079065
62093470
62111529
62125934
62143993
62159686
62180257
62198329
62212758
62230817
63370774
61045294
61046079
61045964
61046347
61046373
61046116
61046300
61044406
61046137
61044724
61046182
61044689
61044494
61045142
61044865
61045694
60963946
60977400
60995341
61011317
61026133
61043661
61060069
61076573
61091368
61107592
61126605
61142317
61157872
61176107
61192981
61207360
61226909
61242701
61258845
61274811
61292557
61307811
61325789
61341197
61358045
61373843
61389659
61407331
61425381
61441109
61456765
61473845
61489488
61505395
61523253
61541957
61556744
61572219
61587979
61605749
61624861
61640589
61654981
61670632
61686507
61706915
61723765
61739493
61755245
61770901
61786533
61805136
61820923
61838805
61854533
61870189
61884568
61902581
61921909
61937715
61955541
61971157
61985645
62001515
62019349
62033765
62054784
62072821
62088525
62102832
62118560
62134371
62152349
62168005
62189853
62205437
62219880
62235544
63374345
61048539
61049404
61049345
61049794
61048295
61049960
61049564
61049941
61050086
61050048
61050131
61050080
61050246
61050123
61050125
61049352
60967005
60983194
61000834
61016815
61031527
61048266
61064485
61083162
61099687
61114503
61131130
61147882
61163530
61174239
61190007
61203327
61221599
61237167
61253295
61269143
61287047
61304671
61318999
61334767
61352583
61368311
61386119
61401815
61418783
61435143
61451079
61468119
61483847
61501927
61517575
61535199
61550703
61568783
61584551
61599047
61620455
61636095
61650615
61668519
61684303
61698759
61718143
61736266
61750695
61766335
61782087
61799983
61819943
61834506
61852351
61868103
61882551
61898103
61921050
61936655
61951071
61966663
61984890
62000575
62014887
62033042
62054063
62068383
62086455
62101271
62118919
62133511
62151503
62164919
62189007
62203335
62220231
62235799
63377024
61051730
61052210
61051602
61052187
61051354
61050960
61052357
61051005
61052389
61051112
61052402
61052890
61052515
61052894
61052846
61052838
60971228
60984615
61000367
61016594
61034727
61051007
61063967
61081503
61095911
61112647
61130199
61147303
61162946
61182287
61196879
61212239
61231871
61247319
61263911
61281791
61296135
61313767
61331791
61347495
61365287
61379607
61395527
61413206
61431206
61446926
61461414
61479854
61497734
61513438
61527942
61546606
61562214
61580286
61594750
61610502
61631838
61647566
61662078
61680046
61695774
61713934
61732006
61747710
61762494
61777902
61795806
61815662
61830198
61848126
61863854
61878366
61896318
61910750
61931166
61949238
61963830
61979406
61997374
62011838
62027614
62050870
62065334
62081110
62099062
62113726
62129110
62147206
62161622
62177446
62204374
62220182
62232542
62249070
63382894
61056913
61056681
61057497
61057300
61057276
61058236
61057713
61058164
61058388
61058734
61058338
61058605
61057178
61058776
61058736
61058867
60977171
60990898
61007631
61022295
61038578
61054666
61072007
61089791
61104290
61120842
61139906
61154626
61173447
61190570
61204986
61222429
61235423
61249946
61263615
61276839
61291482
61309021
61324594
61340154
61358122
61376026
61391754
61406194
61425162
61442266
61456706
61477418
61491834
61507538
61525514
61539978
61558610
61576794
61591338
61606754
61628282
61642762
61659506
61676402
61691066
61708642
61727402
61742818
61760986
61775362
61793498
61808034
61830114
61845842
61860162
61876922
61893938
61910722
61931274
61945602
61961162
61979370
61993786
62009282
62026250
62042090
62065418
62079738
62097810
62112202
62128986
62145978
62160618
62178466
62199010
62217146
62231490
62248274
63385922
61060864
61059432
61059755
61059307
61059875
61059611
61060174
61059857
61060289
61059945
61060369
61060001
61060833
61060228
61060993
61060801
60974443
60988019
61001398
61017094
61034923
61051270
61067510
61083830
61099070
61115531
61131422
61147774
61167078
61181573
61197424
61215368
61231432
61246837
61263288
61282408
61298013
61314701
61330248
61348232
61364808
61380568
61397152
61414184
61430888
61446592
61464544
61482888
61497437
61515424
61531072
61548544
61564320
61582200
61596885
61612512
61633936
61649512
61664184
61679808
61697616
61713344
61732832
61748496
61764152
61778576
61794173
61810136
61832168
61847912
61862280
61878048
61893568
61911576
61932008
61946488
61962184
61980120
61995832
62010224
62025984
62041440
62064904
62080616
62095229
62110696
62126160
62144288
62160104
62175744
62197512
62212141
62227736
62245544
63389072
61063100
61064150
61064137
61064140
61062492
61063191
61062681
61063236
61062881
61063801
61062985
61063737
61063484
61063553
61064447
61064633
60978799
60992498
61009138
61024522
61040178
61056445
61073362
61088778
61105426
61122018
61138602
61154266
61170842
61186698
61203674
61218282
61236570
61252218
61269586
61285314
61298714
61316338
61330674
61347466
61365234
61380890
61396530
61412210
61428066
61443882
61459498
61474810
61494386
61510042
61525682
61541357
61558642
61575602
61588858
61604370
61622546
61641698
61656026
61671850
61689730
61705522
61723810
61739466
61755146
61770754
61788714
61804378
61824330
61838746
61854330
61870250
61888205
61902610
61918442
61941042
61956794
61971178
61986946
62002450
62020562
62036194
62050890
62071754
62089626
62105282
62119866
62135618
62151178
62169325
62184906
62205738
62221242
62236754
62254813
63392272
61066610
61067470
61067344
61067756
61067820
61066371
61067739
61067160
61067654
61066856
61066443
61067784
61068121
61067720
61068089
61068356
60983050
60995231
61010631
61026335
61042087
61056066
61073351
61089759
61106146
61122703
61138498
61155090
61171874
61187506
61204482
61220138
61237234
61252962
61266250
61283474
61299093
61319116
61334742
61350470
61368214
61382734
61400678
61417497
61434222
61450020
61467926
61486294
61501958
61516337
61534422
61549166
61567502
61585625
61600425
61615950
61635004
61652878
61668590
61682918
61701006
61716726
61734990
61750860
61768638
61784342
61799137
61814532
61834382
61852313
61867958
61882430
61898294
61917174
61939918
61954636
61972358
61987148
62004614
62019540
62037334
62051926
62075262
62089892
62107726
62122356
62140294
62154860
62172766
62189585
62210121
62228166
62242758
62260630
63398156
61072108
61071863
61072743
61072621
61073072
61073456
61072717
61072245
61073771
61071933
61073637
61072093
61071898
61072626
61072226
61073386
60989159
61002519
61018428
61036012
61052460
61068724
61085148
61100828
61117244
61132652
61149132
61164900
61184076
61199732
61215476
61233695
61250852
61266212
61283879
61299556
61315212
61332847
61347204
61362964
61380791
61396247
61414319
61432276
61446756
61462815
61478172
61498764
61514431
61529188
61544532
61565607
61581220
61596932
61611751
61627132
61648468
61662860
61678564
61696636
61711300
61730767
61748516
61763463
61780988
61796692
61811167
61833404
61847868
61863479
61881604
61896956
61911668
61927428
61950180
61964572
61980396
61998228
62013660
62029628
62044132
62062004
62082828
62097484
62115492
62129884
62148095
62162772
62180500
62194964
62216884
62233452
62250508
62265079
63401164
61075838
61075587
61075386
61076493
61075741
61076413
61075813
61076568
61076848
61076734
61075939
61076782
61077036
61075235
61076824
61075454
60994558
61009065
61024774
61039641
61055665
61071646
61088380
61107132
61122646
61138473
61157049
61171662
61188380
61207686
61222113
61238655
61255084
61273113
61290577
61304846
61322950
61340574
61354886
61370654
61388318
61405182
61420854
61437558
61455638
61471430
61485734
61504110
61519804
61537854
61553574
61571166
61589038
61604766
61619706
61636001
61656062
61671292
61686638
61704526
61719444
61740830
61755294
61773294
61787854
61803521
61821510
61840465
61856092
61873806
61888673
61906321
61920758
61936598
61959345
61974094
61991806
62007510
62022442
62039974
62054718
62075521
62093470
62107902
62125902
62140294
62158438
62173830
62188961
62212806
62227294
62243199
62261006
63404454
61078591
61078228
61079036
61079063
61079191
61080015
61078847
61079887
61079130
61079938
61080103
61078824
61080090
61080427
61078877
61080654
60998734
61010120
61026954
61041186
61057570
61073850
61090370
61109082
61124794
61140514
61156810
61174762
61191634
61207378
61223133
61241138
61257210
61272818
61292578
61308154
61322674
61340437
61358250
61372786
61390530
61406386
61421933
61442050
61457762
61472170
61487858
61506205
61524218
61539986
61554282
61573210
61591082
61605546
61621437
61636741
61658346
61674042
61688458
61704301
61719912
61741746
61756546
61771986
61789882
61805290
61819997
61842226
61857029
61872442
61890426
61906050
61920394
61938466
61957730
61973565
61991522
62006325
62021762
62039650
62055322
62075386
62093114
62107778
62123421
62141306
62156970
62171474
62189362
62203746
62225866
62243810
62259506
62273914
61081580
61083037
61083157
61083091
61083371
61083177
61083146
61083001
61082848
61083127
61083325
61083140
61083416
61083260
61082544
61083391
61082640
61003372
61020223
61034690
61048186
61064239
61080258
61096618
61113082
61132079
61146946
61163194
61182525
61197058
61214021
61231906
61249098
61263605
61281562
61297682
61313453
61333373
61349063
61363442
61379946
61399295
61413698
61429282
61449743
61464322
61482218
61499335
61517335
61531826
61548399
61563370
61584402
61598759
61616783
61631506
61652786
61667415
61682858
61700871
61715522
61733407
61751650
61769762
61784138
61802151
61816703
61834786
61853818
61869106
61887154
61902727
61917215
61933130
61955719
61971439
61985930
62003951
62018770
62036522
62050914
62068999
62088791
62106874
62121722
62139303
62153882
62172018
62186338
62204375
62225007
62243066
62257495
62273138
63410615
61084591
61084338
61085162
61084469
61085336
61085112
61085296
61086232
61085264
61086144
61085307
61086177
61090182
61090303
61089907
61090394
61008858
61021906
61038850
61053514
61069709
61088178
61103418
61120010
61133450
61150026
61166226
61184298
61199914
61216158
61235010
61249754
61266578
61284634
61301722
61316562
61334538
61352114
61366618
61384634
61401362
61416810
61434933
61452882
61467234
61485389
61499794
61518125
61536197
61550602
61566496
61587389
61603122
61617680
61635573
61651242
61669309
61687186
61701565
61717496
61732888
61752448
61770506
61785301
61800605
61816584
61832040
61854213
61869786
61885218
61899893
61915776
61931232
61947992
61968424
61985341
61999746
62015365
62031344
62049093
62063498
62084933
62100400
62115920
62131576
62149597
62165242
62180898
62195277
62211232
62233032
62248464
62266437
62282082
63417106
61091576
61091438
61091603
61092390
61091934
61092479
61092657
61091260
61092537
61092925
61091434
61093008
61093064
61093174
61093300
61093060
61013041
61023939
61039803
61058091
61073147
61090363
61105875
61122123
61140019
61155443
61172179
61186531
61203510
61219083
61236302
61254091
61271267
61286035
61303267
61321139
61337022
61353291
61369102
61387006
61404779
61419350
61437230
61455123
61469667
61485414
61503235
61521675
61536523
61551747
61569899
61587787
61605403
61620302
61637891
61652307
61671518
61687083
61705171
61719723
61737747
61756419
61774075
61788475
61805438
61821075
61839099
61858091
61875811
61890675
61905979
61922907
61940907
61955675
61978195
61992787
62010755
62025275
62043219
62058059
62073459
62096870
62111331
62129275
62143867
62161715
62176115
62194251
62208771
62232859
62247307
62265371
62280302
63420955
61094917
61094597
61095637
61094685
61095565
61095315
61095571
61095365
61095322
61096346
61095877
61096285
61096637
61095211
61096528
61095342
61012423
61029327
61045175
61060031
61077050
61094511
61110935
61126031
61142183
61160823
61176063
61195351
61209839
61229183
61243575
61258071
61275303
61288727
61308359
61324087
61339743
61356135
61371863
61387511
61405383
61420815
61438935
61456943
61472599
61487015
61503023
61520951
61536727
61552223
61570466
61588895
61603863
61619367
61637239
61652978
61672135
61686871
61702087
61717935
61733431
61753023
61771023
61786727
61801319
61818015
61831271
61839719
61854919
61867879
61883447
61901679
61915999
61932967
61948495
61971423
61985807
62003991
62018735
62034239
62052183
62067855
62082567
62103359
62121303
62135719
62151511
62169455
62185135
62199391
62217527
62239415
62253919
62271831
62287519
63423767
61097909
61099190
61097737
61099534
61097852
61099547
61099520
61099592
61099635
61099597
61099693
61099659
61099685
61099648
61099904
61099668
61016775
61028917
61044591
61062943
61077583
61093874
61110370
61129210
61144879
61160359
61179263
61194903
61210615
61227693
61245730
61260079
61277367
61294111
61309375
61323762
61341543
61357927
61373746
61389351
61409386
61423991
61439623
61459751
61475463
61489975
61507930
61526375
61541095
61556527
61574399
61593175
61607847
61623183
61641306
61655711
61677167
61691911
61707466
61725063
61739687
61761674
61776167
61792671
61807391
61823015
61840930
61859786
61877850
61892658
61908186
61926098
61940367
61958535
61977751
61993327
62011207
62026015
62043967
62060719
62075682
62098781
62113415
62131194
62145879
62163682
62178146
62193679
62209575
62227426
62249183
62263911
62279178
63426351
61100994
61100637
61100722
61101514
61100791
61101602
61101903
61100442
61101826
61102222
61101805
61102139
61100618
61102342
61102302
61102323
61019857
61035436
61049092
61067180
61083220
61099468
61114652
61131052
61149116
61165780
61181188
61196940
61216076
61231796
61249868
61267108
61281652
61299548
61315740
61331524
61347012
61365900
61379092
61394652
61413708
61429364
61445020
61463031
61477724
61493196
61511100
61528252
61544084
61560572
61577628
61596308
61610636
61626284
61644380
61660116
61678308
61694044
61709196
61727332
61741796
61761655
61777092
61794972
61809500
61825028
61840884
61860615
61878708
61894415
61908684
61924596
61941340
61956900
61977460
61993132
62008452
62023196
62041140
62056796
62071540
62086756
62107903
62125983
62140359
62158447
62174191
62188754
62205599
62220071
62242159
62257375
62275511
62291175
63429815
61104304
61104974
61109169
61109640
61109653
61110330
61107859
61109691
61109807
61109882
61108036
61107955
61109233
61109699
61109915
61110071
61108848
61031916
61049004
61064780
61079468
61096556
61111524
61127956
61145612
61162279
61175583
61192183
61211276
61226908
61244039
61259316
61275535
61292428
61308143
61325444
61341148
61356764
61374388
61389948
61405596
61423420
61436652
61453535
61469039
61484863
61500396
61517140
61535607
61551239
61566887
61580151
61598948
61614388
61630012
61646988
61661444
61681708
61694903
61710700
61726180
61741796
61757844
61776996
61793884
61809516
61823980
61839884
61856532
61876388
61892111
61907604
61923308
61937628
61953476
61969108
61989540
62005204
62023076
62038796
62054452
62070167
62085823
62106935
62121244
62134647
62150316
62168287
62183940
62198340
62213900
62230903
62250215
62267188
62282884
62297292
63437245
61111690
61112304
61112245
61112670
61112756
61112365
61112456
61111048
61110840
61111480
61111160
61111592
61111368
61112171
61112947
61112859
61026775
61041263
61058295
61072343
61089447
61103543
61120447
61135999
61152455
61168919
61185487
61202378
61220415
61236047
61252087
61267362
61287114
61302783
61320135
61333431
61345218
61358671
61373815
61390751
61405167
61424151
61436095
61450786
61468535
61485407
61499935
61514519
61533866
61546935
61562727
61579618
61595223
61611487
61628423
61644079
61659698
61675295
61694391
61707583
61723490
61738887
61757055
61776610
61792183
61807903
61823559
61837815
61853735
61875890
61891567
61905983
61921735
61939607
61954071
61969962
61992535
62008023
62022911
62040770
62055199
62071034
62088855
62109935
62125599
62139943
62155850
62173746
62188159
62203743
62219687
62235223
62257274
62275015
62288431
62305150
63440166
61114670
61115209
61113961
61115621
61115728
61115830
61115891
61115768
61115824
61114950
61116043
61115938
61116022
61115770
61115222
61114141
61034249
61050465
61063724
61081825
61097905
61113094
61129289
61146041
61161281
61180305
61194649
61212553
61228209
61245129
61263174
61279174
61294985
61312846
61329137
61344614
61362710
61380473
61395289
61410649
61430598
61446334
61460977
61481105
61494369
61510425
61525785
61546345
61562025
61576481
61592078
61610937
61629025
61644705
61659153
61677169
61693689
61709265
61725097
61739849
61757569
61777129
61791881
61807289
61825153
61839849
61857785
61876302
61894374
61909017
61926838
61941638
61957017
61972577
61995441
62011161
62025521
62043585
62059241
62074961
62089329
62112753
62128553
62142961
62158801
62176665
62191081
62206873
62224769
62239321
62260934
62279049
62293513
62309665
63443226
61117732
61118428
61118356
61118667
61118664
61118745
61118747
61117982
61118980
61118635
61118836
61118627
61117967
61116939
61118782
61117331
61036295
61050906
61065853
61081640
61097440
61111152
61127917
61143133
61159557
61176400
61195122
61210858
61226389
61244474
61261562
61276050
61293146
61311226
61328690
61342986
61361090
61378762
61393482
61408690
61428994
61443306
61461362
61479330
61493786
61509570
61525282
61542506
61558082
61573709
61591602
61609138
61624949
61642866
61657437
61675330
61693402
61708909
61726930
61741501
61759346
61777650
61793250
61811306
61827034
61841533
61859498
61879378
61894202
61909765
61927586
61941834
61957685
61975706
61994986
62010757
62028602
62044330
62058666
62074645
62090138
62105698
62126802
62141122
62156829
62174874
62190602
62204946
62223018
62237482
62259461
62277306
62291770
62307509
63446251
61120571
61120285
61120680
61121515
61121043
61121486
61121779
61120436
61121595
61122085
61121603
61122082
61122122
61122012
61122226
61122079
61038264
61055157
61069773
61086909
61102605
61119101
61135549
61150757
61166325
61183232
61199707
61217669
61234477
61250149
61268352
61284037
61300245
61315597
61333173
61349864
61366813
61384317
61398877
61414672
61434629
61450037
61465077
61482840
61496219
61511541
61527125
61545755
61561184
61579277
61593709
61610096
61625773
61643653
61659341
61674109
61692904
61711013
61725669
61741339
61757912
61773621
61793352
61811189
61825605
61843693
61858189
61875491
61896141
61910541
61926360
61944280
61958629
61976736
61995997
62011731
62028688
62044443
62062280
62076717
62092408
62108027
62131389
62145928
62161768
62179648
62193917
62212056
62226389
62244493
62265144
62280835
62298501
62314536
63449625
61123477
61123098
61124037
61123789
61123706
61124594
61124853
61123480
61125057
61125092
61125188
61125143
61125332
61125083
61125279
61125083
61041178
61055973
61071549
61089861
61105877
61122101
61137293
61153962
61169493
61188274
61204890
61219282
61238514
61255546
61270085
61286376
61305362
61320157
61337165
61355162
61370922
61387234
61402893
61420890
61438770
61453234
61468877
61493866
61509522
61525226
61539605
61557949
61575986
61591642
61606344
61625925
61642906
61658538
61672970
61688530
61707802
61722218
61738088
61755922
61770410
61789821
61807834
61822322
61840322
61854773
61872810
61890266
61903541
61919520
61937282
61952930
61967373
61985394
62005898
62020480
62038338
62053133
62068568
62086530
62101160
62124298
62138986
62156786
62171605
62189314
62204093
62219456
62237490
62252232
62276242
62290634
62306520
62324362
63457000
61131279
61132510
61132500
61132388
61132425
61132275
61132468
61132363
61131689
61132376
61132644
61132459
61132708
61132472
61132736
61130944
61048983
61061018
61076858
61094346
61111074
61126066
61142498
61158210
61174509
61193562
61210170
61224690
61243714
61258578
61277578
61290810
61305738
61323733
61341066
61355314
61371173
61391066
61406794
61421386
61441298
61457106
61471426
61490506
61507514
61522093
61539930
61557098
61575098
61589834
61606250
61623962
61638554
61656354
61672082
61686653
61705690
61721274
61736898
61751322
61767221
61785066
61803370
61819197
61837122
61851442
61869586
61885565
61906298
61920618
61938714
61953546
61971202
61986010
62008466
62024282
62038853
62056770
62071458
62089282
62103602
62127122
62141810
62159634
62174205
62192146
62206717
62222085
62240242
62254901
62276498
62289682
62306442
62322218
63459747
61133439
61133199
61133639
61133442
61134314
61133895
61134175
61135053
61134466
61134973
61135210
61133765
61135026
61135414
61135395
61135553
61052306
61066429
61082159
61098658
61114247
61132754
61149175
61165599
61180271
61196762
61215677
61231303
61247018
61265002
61281727
61297047
61316015
61330330
61347743
61363514
61381551
61399151
61413690
61431503
61449279
61463671
61481826
61498535
61514543
61530039
61547911
61566031
61580991
61596471
61612274
61630871
61646426
61664490
61680143
61693695
61710215
61725927
61741394
61757151
61771415
61787159
61804327
61821066
61837943
61853551
61867943
61883850
61903487
61921631
61937287
61951679
61967450
61985490
62005863
62020615
62036162
62054055
62068527
62084103
62099927
62117751
62138863
62154487
62169183
62184794
62202655
62218367
62234039
62248703
62270418
62288314
62303967
62318399
63463055
61137090
61136901
61137450
61138400
61137834
61137080
61138461
61138753
61138400
61138852
61138862
61138934
61138964
61138959
61139004
61138760
61053967
61068207
61085279
61098295
61111623
61128023
61144487
61160655
61177055
61195887
61212575
61226967
61243898
61259658
61276711
61292453
61309279
61325202
61344882
61360455
61375231
61392847
61408186
61423810
61443978
61459327
61475258
61490066
61507551
61523327
61541346
61559794
61575402
61589743
61605437
61626594
61641079
61656703
61672498
61690327
61709511
61724031
61741951
61757655
61772175
61790119
61809679
61821751
61838567
61854239
61868615
61884306
61906471
61922239
61936818
61954714
61969215
61984975
62002346
62023375
62037703
62054575
62066783
62082415
62099175
62114679
62134439
62144151
62156207
62164959
62176831
62188695
62200807
62216295
62234455
62248967
62266943
62288823
62304455
62319007
63466104
61140528
61141240
61141363
61141610
61140089
61141733
61141671
61141761
61142302
61140076
61141644
61140193
61140033
61140770
61140404
61141284
61057019
61071539
61084947
61100675
61116003
61132235
61149651
61165283
61181683
61198299
61214691
61232571
61248331
61264062
61283278
61299030
61316222
61330958
61348222
61366158
61380657
61398118
61413974
61430705
61444881
61460641
61478545
61494198
61512246
61526737
61544630
61563046
61577793
61595470
61609926
61628702
61646702
61661438
61679158
61694894
61712742
61728305
61746574
61761158
61779086
61793406
61815318
61829926
61845478
61861038
61875526
61891294
61913478
61928142
61945942
61960262
61978358
61993166
62013134
62031278
62047062
62061414
62079494
62094173
62111901
62127629
62147392
62165421
62181181
62195728
62211141
62228989
62243984
62259488
62283525
62298248
62315925
62330509
63469232
61143354
61144333
61144216
61144709
61144596
61142854
61144443
61142912
61142819
61143518
61143241
61144190
61144089
61143929
61144908
61143966
61058890
61072258
61089210
61102197
61120349
61136570
61153562
61167882
61184410
61203322
61220010
61234522
61253570
61269330
61285066
61300826
61320306
61335962
61352106
61367893
61386077
61403578
61417957
61436101
61453786
61468189
61486333
61504162
61518637
61536781
61552354
61569421
61587557
61603202
61617653
61638869
61653202
61668965
61686941
61701346
61720421
61738530
61752909
61768613
61786650
61804906
61819402
61835058
61850677
61866338
61881005
61894045
61913901
61929749
61947642
61962045
61980117
61994925
62015157
62033074
62047453
62065597
62081218
62096642
62111757
62127237
62150421
62166066
62180482
62196053
62211949
62229829
62245498
62260221
62281845
62299821
62315346
62329834
63472259
61146211
61146558
61147294
61147808
61147805
61148273
61147505
61146588
61147860
61147585
61148005
61148056
61147890
61148060
61146335
61147986
61061870
61074054
61088467
61101942
61119846
61136075
61152283
61168603
61185083
61199182
61213726
61228006
61247147
61261526
61280942
61296627
61312499
61330630
61346235
61362347
61377958
61397995
61412459
61428302
61448286
61462699
61478518
61495182
61514363
61528875
61546851
61565235
61580003
61595545
61613387
61629011
61646726
61664259
61680131
61699899
61719123
61737046
61751862
61769451
61785179
61799699
61821419
61836819
61851467
61868363
61883163
61898667
61920846
61935251
61949659
61965430
61981019
61995267
62013403
62033915
62048387
62066419
62081070
62098819
62113275
62129059
62152366
62168019
62182851
62196835
62210206
62228091
62242555
62258446
62274022
62295753
62313779
62329435
62344179
63480091
61154110
61154283
61154801
61155177
61154497
61154213
61155516
61154164
61155505
61155877
61155476
61155888
61155858
61156027
61156037
61156051
61073849
61087126
61104230
61119014
61137198
61153430
61169902
61184990
61200750
61217246
61236342
61250670
61267518
61286862
61302606
61318238
61334510
61349825
61367377
61385190
61400894
61418462
61434094
61448558
61466326
61482374
61497769
61517886
61533686
61548014
61566078
61584470
61597702
61611094
61628918
61646454
61664454
61678918
61694702
61712614
61730806
61748518
61762926
61778638
61796710
61814998
61833014
61847630
61865430
61880238
61895742
61917846
61932174
61950310
61964638
61982742
61998454
62012974
62031086
62049038
62063790
62079014
62097158
62111694
62129574
62149534
62167438
62181822
62199902
62214662
62232390
62246782
62264878
62279270
62303486
62319214
62333726
62351606
61221062
61158228
61158415
61157597
61158501
61159046
61157509
61158297
61157562
61156924
61156633
61157201
61156929
61158209
61157689
61157865
61158708
61079667
61092798
61109443
61124158
61142547
61158819
61173971
61190771
61207134
61225027
61241691
61257187
61272870
61292227
61307931
61323915
61339675
61357547
61375003
61390635
61405339
61422475
61438131
61454086
61471643
61489683
61505379
61523323
61537787
61553803
61569083
61587451
61603014
61618611
61636699
61655459
61671131
61686715
61701171
61716798
61738259
61753995
61769651
61784035
61799782
61819211
61837155
61852875
61867419
61883035
61901011
61920931
61935323
61951155
61966659
61984586
62000026
62014794
62035274
62052034
62065282
62080826
62096562
62110882
62126741
62142234
62164501
62181418
62195810
62211621
62229466
62243922
62259765
62277570
62299354
62313810
62329402
62347538
63486178
61160810
61161349
61160813
61161221
61160533
61160572
61161464
61161782
61160184
61161921
61161961
61162063
61162025
61161865
61161993
61162640
61080986
61094098
61110090
61126170
61140930
61157138
61173290
61192226
61207626
61223626
61240018
61257890
61273562
61291674
61308610
61323354
61340226
61356101
61375650
61390050
61405674
61423333
61441346
61455802
61470050
61484389
61500074
61518229
61533730
61549442
61565090
61585666
61601370
61617018
61631434
61650074
61665685
61683770
61699482
61715138
61732906
61750986
61766706
61781362
61796973
61814818
61833122
61851122
61865610
61882298
61899354
61915045
61935954
61950546
61968522
61983258
62000938
62015573
62038274
62052853
62070754
62085266
62103234
62117674
62133410
62147722
62171234
62186021
62203650
62218050
62235890
62250530
62268674
62283173
62307234
62321842
62339498
62354365
63489274
61163234
61162965
61164029
61164450
61163267
61164873
61164927
61164919
61164881
61164947
61164956
61164747
61165082
61164795
61165090
61163208
61082965
61095024
61111989
61127229
61142581
61161221
61177661
61192965
61208533
61225253
61241792
61259813
61275413
61291421
61310389
61325157
61341973
61360117
61377501
61393061
61407837
61425261
61443221
61458037
61477797
61492285
61508093
61528341
61542912
61560797
61575669
61595933
61610413
61626357
61644261
61662120
61679725
61694277
61710096
61727869
61746133
61763789
61778608
61796277
61810677
61832605
61846048
61861485
61874637
61892853
61907424
61929557
61944021
61959632
61977677
61992413
62010141
62024960
62045104
62063173
62077904
62095573
62110077
62125896
62143781
62163493
62179525
62193581
62209256
62227349
62241808
62259821
62274200
62292285
62312941
62330949
62345592
63492493
61166461
61166288
61167088
61166920
61167032
61167776
61167355
61167924
61168051
61166638
61167950
61168306
61166675
61168327
61168308
61168364
61085922
61100378
61115194
61130970
61149154
61165362
61180594
61197394
61212730
61231706
61248250
61261554
61278338
61291573
61311018
61325426
61342781
61360666
61378050
61392869
61408058
61428050
61443850
61458098
61476157
61494002
61509706
61526773
61542266
61560066
61574602
61592818
61610954
61625770
61641138
61662141
61676618
61692330
61710274
61724666
61743882
61761837
61776573
61792018
61810045
61829530
61843850
61859757
61877650
61893274
61908642
61927898
61943314
61961202
61976842
61991242
62007213
62024962
62045458
62059874
62075706
62091162
62109234
62123626
62139458
62156837
62178405
62193986
62209650
62224026
62237338
62254162
62269794
62284258
62306186
62321682
62339762
62355130
63495331
61169628
61170663
61170524
61170893
61170813
61170886
61170848
61171522
61170561
61170861
61171121
61170842
61171154
61169234
61170946
61169597
61089051
61101467
61118059
61133523
61148707
61165043
61182483
61198211
61213299
61230091
61248947
61263411
61280059
61298219
61315267
61329667
61349195
61364859
61381067
61396843
61414771
61432419
61446747
61464811
61482651
61497043
61512803
61530619
61548715
61564419
61578939
61599515
61613987
61629619
61643203
61662819
61677491
61693046
61710939
61725331
61744283
61760147
61778147
61793803
61808323
61830035
61844499
61860211
61878090
61893794
61908354
61928546
61943938
61961882
61977514
61991794
62009930
62025658
62044786
62060626
62078506
62094210
62108962
62124314
62142266
62158082
62179114
62193874
62209282
62227162
62242890
62257210
62275282
62289810
62309146
62324802
62340554
62358434
63498389
61172893
61173712
61173662
61173959
61173900
61173847
61173954
61172035
61172107
61173350
61174022
61173883
61174365
61174258
61172635
61173083
61087064
61098682
61112762
61130658
61145098
61161306
61177538
61193994
61210325
61229074
61243762
61260541
61279602
61294330
61311221
61326802
61346218
61361922
61378178
61393821
61411754
61429378
61443810
61461866
61479674
61494370
61509922
61530034
61545762
61560154
61575893
61596474
61612202
61626522
61650514
61669242
61683634
61701706
61716170
61731933
61753282
61768018
61783581
61801474
61815866
61831426
61851114
61868994
61883458
61899138
61917178
61931666
61951450
61969562
61985250
61999762
62017642
62028650
62050202
62064866
62080405
62096002
62113882
62129586
62145266
62159930
62180714
62198666
62214394
62228706
62244405
62262506
62278234
62292970
62314402
62332474
62344669
62361290
62375778
61182074
61182609
61182716
61182767
61182807
61182767
61182991
61182764
61182943
61181946
61183101
61182974
61182924
61182720
61182952
61181198
61182859
61103603
61120612
61136012
61150740
61166819
61183091
61199595
61218303
61234916
61250596
61265884
61282595
61298716
61315300
61333423
61350580
61363868
61376191
61392964
61406566
61423316
61439734
61457756
61472223
61492399
61505705
61521260
61539500
61555017
61570601
61588559
61606695
61622548
61637343
61652927
61671473
61689359
61704956
61719407
61735097
61756591
61772236
61786615
61802521
61820407
61835756
61854479
61870113
61888071
61903684
61918047
61936119
61956012
61970807
61986233
62004119
62018524
62034191
62054609
62072695
62088340
62104047
62119727
62135372
62151004
62165420
62186452
62202257
62217761
62233417
62249193
62267087
62282732
62298068
62320164
62334628
62350175
62366089
63510596
61184594
61185474
61185648
61185996
61184577
61186103
61186143
61186445
61186156
61186226
61186228
61186242
61186394
61186011
61186338
61186233
61103962
61120291
61135331
61151376
61168635
61185059
61201366
61217648
61235334
61252339
61268091
61286819
61301614
61318489
61335193
61353662
61368382
61386030
61403486
61419118
61435873
61451513
61467009
61486870
61501390
61518286
61532606
61550536
61568689
61584262
61601753
61616982
61632916
61650702
61664011
61685046
61700750
61716145
61732038
61746350
61766039
61783550
61799246
61814881
61830454
61850006
61865625
61880086
61895705
61911336
61929430
61949350
61963758
61979534
61995099
62013142
62027526
62043110
62063801
62081622
62097342
62111734
62127353
62142933
62161102
62182102
62196569
62212265
62230158
62245854
62260270
62276081
62293902
62309694
62331470
62345718
62363862
62379502
63513414
61187368
61187581
61187789
61188745
61188860
61188788
61188790
61188911
61188897
61188907
61189031
61188763
61189063
61188843
61188304
61188974
61108233
61120305
61137377
61152257
61168196
61186585
61202985
61218257
61230209
61248105
61264697
61280369
61295964
61311724
61328839
61346652
61363892
61379465
61394332
61412468
61426969
61445780
61461412
61477009
61493572
61511513
61527305
61544009
61559561
61575436
61591100
61609300
61627241
61642940
61658588
61677364
61692988
61708652
61723044
61738668
61757764
61773576
61789115
61806987
61822707
61837336
61856699
61872435
61890235
61905931
61920355
61936035
61958283
61973931
61989651
62003936
62019819
62035539
62058163
62073859
62088283
62104184
62119723
62137595
62153291
62168016
62187408
62203123
62216387
62234467
62250131
62265835
62280104
62298227
62313875
62335731
62350344
62365883
62381539
63516475
61191073
61191823
61191700
61190396
61190460
61191801
61191780
61190753
61190921
61191057
61192250
61192258
61192154
61192237
61190524
61190609
61105305
61120016
61133104
61146680
61161968
61178379
61194400
61211000
61227483
61244032
61259603
61278576
61295360
61311024
61326752
61342736
61359552
61375302
61393320
61410712
61426352
61443976
61459608
61475248
61493104
61507424
61523235
61539027
61559080
61573512
61586840
61602424
61620520
61635624
61651152
61666675
61686248
61703264
61718979
61734552
61750144
61768072
61783632
61799435
61815235
61830763
61852544
61868256
61883904
61898216
61914187
61931928
61951955
61967528
61981920
61997584
62013403
62031288
62046864
62067400
62081779
62099784
62115416
62131208
62146024
62161160
62177051
62198094
62215904
62231608
62247200
62261987
62277408
62295360
62311024
62332792
62347448
62363003
62378651
63519528
61193674
61193477
61194199
61195004
61193900
61194930
61195164
61195304
61194463
61194287
61195459
61195055
61195617
61195633
61195662
61195718
61110930
61121989
61137371
61153091
61171184
61187405
61204376
61219824
61235141
61252115
61270928
61285304
61302347
61320184
61336864
61351739
61371088
61386768
61404200
61418477
61434539
61454200
61468664
61485464
61503208
61518864
61534496
61552432
61568176
61583808
61599216
61617784
61633192
61649048
61664704
61683408
61699080
61714768
61729224
61745984
61765144
61780776
61796360
61812064
61827696
61842112
61861837
61877427
61895240
61911032
61925424
61938656
61958552
61974136
61989840
62005472
62019803
62036688
62052320
62072776
62088480
62104112
62119744
62135352
62151056
62166712
62182048
62202176
62219024
62234728
62249120
62264776
62280709
62296227
62311752
62333731
62351544
62367128
62382832
63522670
61197034
61197682
61197666
61198255
61198057
61198057
61198322
61198199
61198255
61196883
61197083
61197571
61196889
61198078
61198506
61198629
61112820
61127269
61142829
61158597
61172965
61189181
61206493
61222013
61238429
61257269
61273925
61288269
61305189
61323205
61335685
61351093
61368469
61383981
61403581
61418168
61433733
61451221
61467096
61484941
61502816
61518405
61532869
61548621
61566461
61584461
61600224
61617277
61633029
61648600
61666629
61685333
61699725
61715797
61731064
61749085
61767901
61782517
61800653
61816245
61830717
61846469
61868240
61883968
61898581
61914149
61932029
61946557
61966637
61982048
62000069
62014477
62030245
62048117
62068645
62083237
62098597
62114453
62132317
62148029
62162789
62177992
62201536
62215949
62231645
62249597
62264069
62279752
62297861
62312669
62334173
62352053
62367808
62382101
63525629
61199882
61199805
61199957
61200843
61200392
61200784
61201238
61201362
61200907
61201367
61201340
61201399
61201131
61200083
61199803
61200483
61118245
61130344
61146413
61161656
61180138
61196418
61212826
61227306
61243621
61260173
61279218
61293674
61310568
61328490
61344306
61360219
61379557
61394021
61411509
61429405
61445133
61461330
61477419
61495109
61512949
61527341
61543173
61563346
61576728
61594626
61610354
61627909
61643245
61661082
61676482
61694480
61712266
61727970
61742349
61758213
61779490
61793954
61809589
61825421
61843242
61862738
61877605
61894106
61908474
61924459
61942170
61962146
61976674
61994610
62010266
62024837
62042730
62057154
62077845
62093413
62107634
62123346
62138994
62153560
62171466
62187186
62206973
62224986
62240714
62255216
62273178
62287765
62305666
62320258
62342016
62359850
62374317
62392330
63528650
61202742
61202438
61203334
61203110
61203294
61204030
61203550
61203958
61204145
61204504
61202868
61204646
61204549
61204570
61204581
61203023
61120381
61135792
61149173
61166888
61183261
61199565
61214784
61230397
61247125
61263645
61286773
61302533
61321565
61337205
61353285
61368541
61385925
61401549
61421149
61436877
61452621
61470189
61485813
61501432
61514581
61529933
61545573
61563661
61581661
61596261
61611653
61629973
61648037
61663765
61678285
61699229
61714893
61729277
61747349
61763069
61782165
61796493
61812485
61830285
61844749
61860741
61879997
61897877
61913301
61927997
61943501
61959405
61981509
61997253
62011837
62027381
62045285
62059741
62080557
62095957
62113829
62129565
62143949
62159517
62175437
62193373
62214440
62228805
62244381
62262512
62278093
62293749
62308621
62323973
62345549
62363653
62379341
62393757
63538494
61212802
61213522
61212720
61213825
61213879
61213702
61213868
61213704
61212732
61212008
61214576
61212446
61212235
61212942
61212657
61213515
61130946
61142930
61158578
61174328
61189978
61205002
61223170
61238882
61255282
61271898
61288410
61302874
61320146
61335642
61353445
61370413
61387522
61402082
61419722
61435189
61450949
61468370
61483874
61499642
61519706
61535114
61551058
61566618
61584594
61599042
61614853
61633146
61651026
61666730
61682378
61701082
61715418
61733498
61747962
61763797
61785074
61800738
61815322
61833266
61848690
61863426
61881853
61895034
61910738
61926386
61944194
61959898
61978538
61994349
62012170
62027906
62042298
62057874
62074642
62096378
62110874
62126749
62144522
62158986
62174674
62192730
62212546
62228186
62246250
62260666
62276154
62294370
62309066
62326858
62342514
62363178
62381098
62396786
63541416
61215957
61216715
61216707
61217026
61215454
61217044
61217004
61217812
61217643
61215667
61215382
61215886
61215611
61216326
61217187
61216355
61133954
61147266
61160586
61176261
61191786
61208085
61221866
61238354
61255634
61272578
61287010
61300149
61316770
61332589
61351746
61367386
61384626
61399298
61414610
61432034
61450114
61467770
61483402
61497818
61514210
61533562
61549314
61564874
61581642
61597578
61613058
61629482
61646962
61663594
61680642
61695034
61713858
61731762
61746226
61761978
61777578
61799034
61814658
61829557
61844786
61862810
61882274
61896770
61912589
61930394
61946058
61960853
61980498
61998394
62012866
62028485
62044298
62062178
62077810
62098402
62112850
62128450
62144202
62162074
62177514
62193442
62213554
62228845
62244354
62259058
62273709
62290186
62305890
62321546
62335917
62357906
62375738
62391434
62405813
63544586
61219090
61219797
61219797
61220116
61220180
61220084
61220191
61218302
61220113
61218582
61220150
61218708
61218577
61219190
61218913
61219849
61137050
61149166
61167272
61182776
61198136
61214424
61230432
61247440
61260187
61276816
61293523
61310267
61327992
61342680
61359648
61377712
61394920
61409328
61429163
61444477
61459608
61476931
61494757
61510528
61527312
61542800
61558261
61578709
61593088
61611176
61626749
61643888
61660717
61674424
61689768
61710733
61725277
61740832
61758912
61772259
61793416
61808456
61823947
61841760
61857504
61873347
61893792
61908624
61923827
61941976
61956392
61971968
61994248
62009976
62024555
62042440
62058096
62072675
62095400
62109848
62125523
62143408
62157896
62173643
62191600
62206272
62227211
62243920
62259880
62277512
62292328
62307619
62325768
62340096
62364328
62379144
62396792
62412224
63547544
61221461
61221229
61222206
61222110
61222225
61222902
61222430
61222846
61222990
61223378
61221721
61223440
61223335
61223105
61223305
61221614
61142400
61155573
61171523
61188531
61205773
61221981
61238373
61254829
61269624
61286075
61304797
61319261
61337261
61353472
61369011
61388261
61403893
61419301
61436144
61451611
61469429
61486981
61501445
61517453
61535219
61550531
61568565
61585333
61601219
61619053
61633776
61652027
61669861
61685517
61700147
61720981
61735469
61751139
61769101
61784757
61803080
61818419
61836333
61850797
61866811
61888269
61903989
61918517
61934416
61950051
61967741
61987669
62002085
62017912
62035717
62049139
62064992
62080267
62103117
62117581
62133496
62149107
62164667
62180467
62198157
62219237
62233704
62251717
62266205
62282075
62299909
62314525
62329931
62348029
62368992
62384187
62402317
62416781
63550587
61225026
61225056
61225083
61225910
61225497
61225873
61226094
61224721
61226100
61226386
61224836
61226498
61224889
61226415
61226506
61226498
61146784
61162589
61178013
61192741
61208936
61225168
61241440
61260157
61276813
61292501
61308197
61324939
61342760
61358573
61374285
61391261
61407211
61425069
61441181
61456837
61472585
61491352
61505765
61521584
61541576
61554917
61572805
61590805
61605229
61621019
61638861
61657269
61671669
61687253
61705325
61724093
61738432
61754366
61772248
61786637
61805845
61823741
61838205
61853861
61869755
61891429
61907173
61921541
61939549
61954941
61972029
61990840
62008821
62025573
62040032
62058179
62072864
62095464
62111085
62125587
62142309
62158259
62176152
62190493
62206136
62229597
62243997
62261997
62276741
62292379
62310213
62324579
62342701
62363165
62381237
62395725
62412523
63553680
61228069
61228739
61228803
61229041
61227571
61229279
61229180
61229295
61229295
61229271
61229340
61229966
61229316
61229182
61229361
61227675
61148381
61164430
61179894
61194611
61210566
61229265
61243270
61262030
61278667
61293051
61309881
61328827
61343291
61360446
61377137
61395630
61410209
61428105
61445478
61461134
61476726
61493462
61508758
61524721
61542393
61560289
61574694
61592654
61608473
61626345
61641942
61660334
61675102
61692809
61707214
61726057
61744001
61758446
61773985
61792134
61809942
61828078
61842406
61858249
61874009
61895734
61910150
61925897
61943865
61958206
61976369
61995334
62011729
62028710
62043062
62061198
62075966
62098473
62113230
62128521
62146606
62161113
62179158
62193478
62211633
62231278
62249473
62264158
62281961
62296718
62312110
62330081
62344486
62366473
62384358
62400014
62414593
63556670
61231002
61231800
61231800
61232084
61232097
61232154
61232274
61232110
61232360
61232129
61232389
61232161
61232512
61232225
61232536
61232321
61150157
61167373
61182837
61197928
61213803
61230011
61246435
61264965
61278229
61295083
61313805
61329461
61345480
61362219
61380181
61396109
61411752
61429765
61446901
61461944
61477387
61497269
61511757
61528557
61546301
61560840
61576584
61596851
61612200
61626765
61644861
61662973
61677592
61695728
61710141
61728856
61746920
61762605
61777270
61795104
61812925
61828595
61846653
61861032
61879096
61898677
61913248
61931144
61946797
61961592
61976952
61999141
62014797
62029368
62047280
62061643
62078549
62093016
62113429
62128968
62147125
62162840
62177419
62195371
62210120
62230763
62248800
62261933
62276397
62293408
62307677
62323440
62341515
62356272
62377776
62395725
62411456
62426329
61233449
61235020
61235213
61235125
61235210
61234982
61235202
61234987
61235298
61235062
61234402
61235185
61234477
61235265
61235369
61233788
61235318
61156911
61171632
61185856
61202144
61218000
61234152
61250640
61266840
61285928
61301600
61316960
61334080
61349560
61366440
61384491
61401656
61417336
61431728
61450360
61464744
61480432
61498371
61516107
61531480
61549528
61565096
61578432
61595032
61612000
61626392
61642376
61659291
61674827
61690483
61704880
61723520
61739507
61757371
61771728
61787355
61808832
61824320
61838936
61854864
61872736
61887056
61906552
61924632
61939216
61957112
61971504
61993824
62008288
62024171
62042003
62056408
62074408
62089840
62109272
62125035
62143048
62157376
62173408
62191248
62205568
62223715
62243504
62259328
62277211
62291896
62307251
62325344
62339792
62357811
62378376
62394179
62412083
62426504
63562752
61236712
61236523
61237280
61237024
61244520
61245472
61245110
61245636
61245852
61245986
61245700
61246179
61245817
61244777
61244521
61245460
61162677
61176000
61193016
61207192
61223744
61239870
61258624
61275096
61289752
61306275
61323875
61340760
61356296
61375712
61391440
61405760
61423011
61441096
61457264
61473064
61490912
61508608
61523336
61538832
61556387
61574480
61590179
61608123
61622795
61637112
61650339
61668672
61684320
61702200
61717856
61735707
61751155
61769040
61783640
61799216
61820552
61836336
61850856
61868800
61883224
61902552
61920696
61935163
61953240
61968904
61983416
62005592
62020483
62036747
62053664
62066915
62080275
62097056
62116368
62134344
62148656
62166736
62182448
62197120
62212696
62229472
62250403
62268440
62284144
62298480
62316560
62331040
62346846
62364744
62386256
62401000
62418968
62433432
63573304
61247331
61247252
61247945
61247638
61247710
61248705
61248158
61248684
61248777
61247559
61248761
61249015
61249122
61249240
61249197
61249248
61165784
61181312
61198336
61213104
61229147
61245435
61264016
61280488
61296152
61311483
61328299
61346120
61361928
61379014
61395630
61413811
61428483
61443963
61463926
61477123
61492822
61508307
61523531
61539414
61557059
61575126
61590499
61607411
61625566
61639971
61655723
61676366
61689771
61702814
61718403
61739547
61755275
61769587
61785419
61801006
61822187
61837147
61852710
61870603
61885011
61906974
61921659
61937163
61955094
61970475
61985163
62000747
62020819
62038771
62054371
62069163
62084366
62102526
62122979
62137299
62153147
62171027
62186835
62201211
62216891
62234918
62255947
62270363
62286174
62302897
62319651
62334115
62350115
62365582
62387139
62402955
62420835
62436563
63576401
61251130
61251736
61251736
61252119
61252044
61251952
61250977
61250403
61250475
61251118
61250688
61250672
61252431
61252471
61250298
61250370
61166494
61180089
61193121
61208897
61224577
61239553
61256993
61272105
61288500
61305244
61320812
61337641
61356536
61372240
61388016
61403768
61420768
61438840
61454544
61471928
61487592
61505176
61519560
61535312
61553139
61571024
61586760
61601144
61619208
61634872
61652752
61671144
61686800
61701179
61716968
61733720
61749187
61763280
61777712
61792104
61807880
61826899
61843736
61859336
61877328
61893128
61911480
61929360
61945088
61959600
61977504
61991968
62011896
62029920
62044432
62062336
62077195
62092504
62110528
62130984
62144163
62157408
62174000
62188816
62206768
62222480
62236984
62260272
62275968
62290384
62306003
62324016
62339752
62354064
62372176
62392784
62408467
62426440
62441307
63579568
61253557
61253304
61254434
61253445
61254215
61253847
61254105
61254788
61255017
61253655
61254924
61255352
61253818
61255285
61255338
61255250
61174103
61187504
61200874
61219323
61233976
61250520
61266603
61285376
61301088
61316456
61333176
61348891
61367856
61384864
61399352
61416232
61432176
61447736
61465451
61480738
61498864
61515251
61532136
61545416
61563128
61576320
61592043
61610104
61625544
61641392
61658091
61677688
61693320
61707720
61723664
61742024
61760096
61775776
61789080
61802258
61822688
61837088
61853008
61868496
61886440
61902024
61920731
61935912
61951888
61969616
61985272
61999944
62019888
62035448
62053248
62068976
62083555
62100203
62117104
62136216
62151930
62170080
62185736
62200387
62218128
62233792
62254864
62269208
62287352
62303008
62317659
62335400
62351136
62365640
62383552
62404152
62419778
62437808
63582568
61257101
61257744
61256408
61257984
61258044
61257816
61258111
61257947
61258234
61258019
61257538
61258043
61258331
61256344
61258123
61256664
61175051
61189352
61203960
61219814
61238152
61254360
61269616
61286003
61301710
61320704
61336411
61351822
61370864
61387131
61402398
61420443
61436392
61452035
61471827
61487504
61503160
61519584
61535371
61553200
61570744
61585776
61601243
61618995
61637096
61651488
61667072
61687832
61703528
61717880
61733512
61754731
61770080
61784755
61800390
61818496
61835155
61848710
61864270
61882120
61896584
61915118
61929352
61944984
61959400
61975270
61990726
62006358
62028568
62044272
62059091
62074486
62092392
62108048
62127227
62143078
62160896
62174128
62185390
62198643
62210654
62223600
62235814
62255678
62272262
62287966
62304771
62322856
62337272
62355344
62371016
62387750
62409536
62424035
62442120
63585632
61260303
61260887
61260874
61261345
61259816
61261502
61261500
61261564
61261526
61261607
61261770
61261619
61261550
61261400
61261613
61259741
61178129
61190319
61206148
61221431
61238860
61254151
61270628
61286111
61300428
61317908
61331324
61350092
61365700
61381732
61398500
61413956
61432244
61449260
61466676
61482316
61497980
61514380
61529932
61545815
61563524
61581455
61597052
61611516
61629567
61645220
61663100
61681492
61697164
61711628
61727204
61742748
61761924
61777367
61795188
61810903
61829932
61844668
61858844
61874639
61890140
61905884
61924052
61939908
61957831
61973444
61988164
62003644
62023412
62041479
62057148
62071524
62087343
62102820
62120871
62141252
62155732
62171551
62189500
62205164
62219484
62235391
62257340
62270956
62284964
62301980
62316396
62332164
62347740
62365743
62381404
62401932
62417628
62433268
62441575
62456148
61262501
61262220
61263858
61264401
61263354
61264334
61262346
61264072
61265008
61262506
61263082
61262698
61263181
61262802
61263741
61264557
61263818
61263227
61183793
61195515
61212609
61228588
61244395
61258422
61274595
61290227
61306664
61324496
61341088
61356720
61373528
61389160
61406192
61420584
61439075
61453416
61471120
61486432
61502016
61519696
61536552
61550936
61568776
61584739
61600278
61616635
61634851
61647059
61662571
61680776
61696482
61714547
61730275
61744952
61763256
61781395
61795859
61811392
61830466
61848627
61863091
61877504
61891906
61910115
61929539
61944131
61959515
61977659
61992243
62010147
62030075
62044576
62062491
62077248
62092739
62110683
62125099
62145723
62163555
62178019
62193528
62209306
62227443
62241859
62262987
62280867
62296299
62312227
62326643
62342323
62360347
62376003
62390272
62412323
62428144
62443360
62459040
63591932
61266320
61267381
61267485
61267081
61267137
61265694
61265489
61266193
61267557
61267640
61267661
61267704
61267656
61267682
61267409
61267701
61180680
61195587
61208403
61225515
61239771
61256243
61272518
61291099
61307595
61324211
61338539
61355182
61374475
61389276
61405939
61423939
61441131
61455718
61475275
61490979
61505339
61523302
61541059
61556803
61573571
61589110
61607078
61624955
61639307
61654931
61673062
61691486
61707083
61721638
61739491
61757027
61772595
61790755
61806387
61820868
61842323
61857979
61872379
61890443
61906171
61925630
61937915
61954531
61969110
61987006
62001411
62013795
62034555
62048955
62064870
62082676
62097075
62112918
62130803
62151323
62165974
62183787
62199443
62213771
62229678
62244971
62268614
62284211
62298603
62314670
62330019
62345726
62363547
62379251
62393731
62415787
62431262
62446718
62464814
61268830
61270170
61270349
61270142
61270303
61270115
61270284
61270206
61269835
61270289
61270632
61270404
61269669
61268820
61270500
61269143
61268951
61192623
61206812
61222276
61237373
61253253
61270589
61285749
61302214
61320005
61334397
61351358
61367062
61383462
61400734
61413953
61430778
61446582
61462246
61479606
61495174
61511135
61528686
61544377
61562190
61580025
61595662
61611359
61629319
61643646
61659318
61675278
61693670
61709247
61724879
61740030
61760142
61775702
61791511
61807127
61822694
61841871
61857366
61873151
61887479
61904358
61920006
61939470
61955250
61967249
61981668
61998591
62014145
62033990
62049606
62065281
62081023
62096591
62112246
62127879
62148238
62164039
62179607
62195313
62210966
62226598
62242182
62256903
62277735
62293230
62309113
62327023
62342590
62358359
62372678
62386142
62408975
62423711
62439185
62457167
63598126
61272228
61273250
61272679
61273154
61272509
61272379
61273309
61273873
61273758
61273860
61273833
61273737
61273846
61273465
61273369
61271996
61191207
61202741
61219354
61233749
61250040
61266388
61283056
61298444
61315112
61331573
61348039
61366141
61382938
61397378
61414666
61430189
61447231
61465333
61482634
61498290
61513658
61530597
61545981
61561541
61579309
61597453
61613066
61631058
61645365
61661093
61676989
61695052
61710708
61728845
61744429
61763146
61777578
61789773
61806490
61822122
61841226
61855690
61871322
61886978
61902597
61918445
61940165
61955810
61971466
61986058
61999293
62015986
62035842
62051498
62067058
62082845
62098442
62114074
62129794
62150226
62165786
62188722
62204333
62219997
62235821
62253701
62269370
62290378
62306034
62320450
62336069
62351925
62367549
62385429
62401098
62422578
62438594
62454161
62469817
63609641
61283992
61284627
61284670
61285103
61285146
61284881
61285164
61283516
61283585
61284431
61285164
61285359
61285574
61283946
61285453
61285568
61198091
61210819
61223749
61240883
61255219
61271315
61287956
61304012
61320436
61337292
61355132
61371724
61387684
61403142
61422366
61438092
61454014
61469580
61485481
61505038
61520748
61538348
61553966
61568468
61586332
61601972
61619868
61635500
61652292
61668052
61683700
61704268
61719996
61735628
61750292
61765796
61786748
61802452
61816868
61832836
61851516
61869612
61885316
61900140
61915356
61933452
61951756
61967388
61985484
62000148
62015652
62033532
62050988
62065404
62081108
62096764
62114836
62129156
62146124
62164084
62177292
62195372
62209884
62225484
62243628
62259284
62279244
62297124
62311884
62329540
62344028
62359780
62377660
62392420
62410148
62432044
62446364
62464476
62478924
61286597
61288104
61288347
61288098
61288151
61288213
61288295
61288086
61287417
61286272
61289105
61286713
61286419
61287203
61286966
61287897
61288622
61208806
61221046
61237726
61253726
61269718
61283710
61300038
61316310
61333206
61349726
61366414
61380742
61400014
61415718
61431806
61447046
61464141
61482310
61499662
61514406
61529750
61546222
61559526
61576286
61594038
61609694
61624150
61640118
61657790
61675750
61691390
61708614
61724070
61739693
61757830
61776638
61792278
61806966
61822270
61837829
61859518
61875230
61889646
61905390
61923262
61938998
61958478
61973326
61988638
62006510
62022246
62036646
62056846
62072270
62088942
62102278
62116518
62133462
62147958
62168326
62186478
62201358
62216437
62234606
62249414
62264886
62288086
62303798
62318486
62333966
62350526
62367494
62381958
62397814
62415614
62437502
62451878
62467638
62483038
61289590
61290729
61289508
61289985
61289505
61289706
61291248
61291315
61291377
61291379
61291170
61291457
61291221
61291474
61289685
61291274
61289954
61209316
61222548
61238316
61253812
61268967
61285324
61301660
61320412
61336028
61352404
61368140
61383900
61400629
61418548
61435524
61450055
61467367
61483015
61502628
61518268
61533052
61550388
61568356
61584052
61601836
61617460
61633084
61651044
61666684
61682308
61697964
61716292
61731940
61746748
61762068
61781036
61796524
61812167
61830052
61845716
61864796
61879188
61894916
61909527
61924972
61938415
61960068
61975804
61991428
62005844
62021663
62037255
62059436
62074092
62089532
62107476
62123132
62135124
62152068
62172532
62186844
62202836
62220636
62235100
62250943
62268756
62289868
62304180
62320999
62337980
62352716
62368215
62386100
62400540
62416199
62440372
62455948
62470540
62488460
61292402
61294214
61294286
61294158
61294356
61293465
61294498
61294168
61294436
61294176
61294527
61294240
61294323
61292872
61292800
61293376
61293171
61214639
61230663
61246120
61262113
61276889
61293137
61309449
61324833
61338177
61354761
61373601
61389257
61404873
61420540
61437620
61455633
61472817
61487620
61504756
61522593
61537097
61554740
61572825
61588409
61605388
61620820
61637329
61656649
61672233
61686676
61702532
61723041
61738745
61753636
61768708
61788649
61805593
61819988
61838009
61852537
61871636
61888337
61905305
61919756
61937793
61956097
61971980
61989753
62004217
62020052
62037945
62057825
62072204
62090217
62105873
62120252
62136148
62153993
62174497
62190145
62204649
62218044
62233828
62249116
62264964
62282857
62303889
62318281
62333924
62351872
62367641
62383297
62398092
62413332
62435180
62453217
62468849
62483228
63622058
61296468
61297167
61297248
61297638
61297571
61297509
61296876
61295693
61297386
61295970
61295778
61296434
61296218
61296802
61297794
61297237
61213043
61227714
61243475
61258987
61274755
61290387
61307963
61323595
61338779
61355299
61372115
61390059
61406899
61421286
61440643
61456299
61473467
61489195
61506555
61520947
61536822
61554187
61571116
61587971
61605667
61620118
61638131
61656163
61671795
61686147
61704211
61722555
61738259
61752779
61768171
61789379
61805123
61819699
61837499
61852051
61871275
61886731
61904795
61920499
61935259
61954587
61972411
61986875
62002635
62020531
62034995
62055243
62072875
62087339
62103123
62120995
62136723
62151243
62173915
62187203
62200563
62216099
62234155
62248587
62264315
62279059
62299643
62317811
62332139
62350299
62364819
62382787
62397307
62414955
62435939
62453883
62470667
62485067
63624995
61298906
61298717
61299013
61298728
61299365
61299410
61299725
61300447
61299753
61300311
61300404
61300717
61300372
61300709
61300733
61300848
61219605
61231877
61249845
61265845
61280597
61297157
61313092
61331997
61347725
61363077
61379821
61397765
61413509
61432784
61447256
61464576
61482448
61497856
61515536
61529864
61545744
61563104
61581168
61593370
61611096
61625856
61643512
61660208
61676115
61694008
61708624
61729112
61743600
61761600
61776400
61794971
61812792
61827216
61845280
61859744
61879056
61895752
61911608
61929408
61943896
61963231
61981368
61995984
62013928
62028280
62046344
62065384
62080623
62098688
62113040
62131176
62145680
62163664
62183352
62198447
62216656
62231192
62249136
62263728
62281696
62301400
62314656
62330287
62348352
62362776
62378335
62396568
62411088
62429072
62449592
62465159
62483320
63627944
61301745
61301484
61302364
61301569
61303339
61303216
61303253
61302088
61303237
61303092
61303368
61303234
61302648
61301511
61303346
61301887
61220242
61234993
61250705
61266246
61281291
61297780
61312788
61326077
61340301
61356733
61372389
61387813
61405861
61422445
61438533
61455189
61473765
61488560
61505053
61521373
61536837
61556837
61572541
61588197
61604701
61620293
61635917
61652717
61672021
61686693
61702125
61722757
61738485
61754117
61768373
61784093
61803925
61819653
61836589
61852309
61870157
61885725
61901573
61919445
61935101
61950509
61970317
61982357
61995736
62011309
62029205
62044837
62064717
62079181
62094749
62110656
62128541
62144261
62159893
62179325
62195000
62212741
62228469
62244101
62258717
62274264
62292189
62312957
62327717
62344493
62356544
62373357
62389085
62403477
62420437
62441317
62456792
62472261
62490333
63631381
61305900
61306481
61306473
61306645
61306701
61306699
61306739
61304938
61304951
61306253
61305402
61306154
61305871
61306303
61306762
61306911
61221045
61235635
61248899
61264387
61282652
61298860
61315844
61329468
61345372
61362404
61376484
61391052
61408732
61423468
61440500
61455716
61473127
61489652
61506644
61524060
61538380
61556090
61574052
61588652
61606436
61621932
61637836
61655660
61673612
61688071
61706076
61724500
61739148
61754740
61772612
61787028
61805660
61823796
61838156
61856220
61874228
61889924
61907884
61922687
61940348
61954892
61974436
61989884
62008068
62022380
62038308
62056188
62075764
62090380
62108452
62124180
62138692
62156596
62177092
62191484
62207132
62225284
62240899
62255411
62273403
62287779
62308987
62326811
62341267
62358115
62370291
62388163
62402691
62417347
62432739
62456883
62471275
62489515
63634139
61308142
61307838
61308718
61308446
61308638
61309390
61308985
61309460
61309596
61308260
61309572
61309861
61308332
61309976
61309965
61310029
61227602
61239724
61256804
61272156
61288628
61302340
61318879
61334580
61351063
61367596
61384175
61399717
61416687
61432527
61449308
61464812
61482196
61497815
61515256
61530823
61546487
61564300
61579925
61595244
61612980
61628612
61645212
61661148
61679028
61694660
61710332
61728644
61743148
61753892
61769596
61785231
61803908
61821980
61837708
61852028
61870100
61889348
61903660
61919575
61937460
61953092
61971692
61986988
62005004
62020773
62035068
62053124
62073100
62087800
62105533
62121124
62135516
62151279
62169324
62188516
62204156
62219967
62237892
62252356
62268180
62286004
62305844
62321708
62339508
62355293
62369866
62387700
62402180
62417749
62432311
62452708
62468332
62484132
62499879
63637228
61311247
61311002
61311949
61311098
61312029
61311779
61311957
61312792
61311917
61311464
61312848
61313086
61313121
61313597
61312917
61311379
61229478
61242976
61257579
61275419
61291883
61308121
61322060
61340145
61356505
61373226
61389705
61405417
61422121
61435780
61452345
61468562
61487609
61503337
61520633
61536329
61550777
61568252
61584036
61599868
61617412
61633068
61651081
61669049
61684745
61700409
61716098
61734361
61750082
61764753
61780409
61798905
61814575
61830375
61848049
61863713
61882577
61898505
61914153
61928617
61944473
61960211
61979643
61995123
62010707
62026350
62044305
62060027
62079881
62095553
62111177
62123169
62140009
62153265
62168967
62191794
62207426
62223153
62237610
62253612
62268873
62284740
62307916
62323626
62337985
62353731
62369438
62387337
62402993
62418633
62434265
62455083
62470563
62486161
62501764
63640473
61314526
61314203
61315003
61314814
61315142
61315734
61315342
61315678
61315822
61316087
61314553
61316272
61316328
61316138
61316376
61316348
61232370
61248273
61263885
61278874
61294912
61311192
61329805
61346218
61361874
61377629
61394008
61411914
61427554
61444792
61462554
61476970
61494376
61512261
61524765
61541650
61557507
61574962
61589757
61605010
61622992
61640837
61656482
61673677
61689072
61706906
61722266
61740882
61756466
61772170
61787077
61805528
61823349
61839018
61853410
61869130
61888205
61904112
61921946
61937506
61953162
61967626
61988362
62002741
62018648
62036469
62052114
62067770
62086789
62102021
62117648
62133496
62151402
62167034
62187258
62201933
62217768
62235674
62251330
62265709
62281592
62299437
62329666
62344378
62360248
62378109
62393738
62408533
62424024
62441845
62463658
62478050
62493920
62507002
63652866
61327619
61327019
61327224
61328187
61327427
61326990
61328272
61327035
61328181
61328633
61328665
61328775
61328788
61328641
61328718
61328552
61247494
61260855
61274304
61291384
61308640
61323632
61339968
61356419
61374507
61391112
61406832
61422107
61441352
61458392
61472840
61488427
61507976
61523704
61538560
61554384
61570144
61589915
61605576
61621200
61637888
61653432
61669256
61687304
61702651
61718424
61736320
61754640
61770433
61786000
61801584
61819040
61835984
61851648
61866040
61881696
61899763
61913059
61929776
61945408
61961056
61975456
61995275
62010763
62028616
62044304
62058748
62074288
62094275
62109992
62127923
62143592
62158315
62173680
62189339
62212139
62227916
62243496
62258075
62275971
62291608
62306104
62326976
62345091
62360776
62375504
62390744
62406435
62424523
62440176
62454504
62476555
62494427
62510024
63655984
61330517
61331232
61331500
61332032
61330582
61331248
61330614
61331328
61330705
61331435
61331593
61331424
61330248
61329864
61331541
61330170
61247071
61263982
61277419
61295750
61306471
61322616
61340921
61355522
61371723
61388386
61407248
61422042
61438680
61456634
61472232
61488032
61507632
61522107
61539368
61557499
61573315
61589928
61605387
61623224
61640976
61656755
61672328
61689056
61704544
61720523
61736024
61756656
61772392
61788075
61802432
61821072
61836768
61852539
61870483
61886144
61905016
61920995
61936592
61950992
61966576
61982331
62004195
62019768
62034240
62050168
62065707
62081163
62103400
62119064
62134819
62150320
62164816
62180496
62201075
62219019
62234664
62250328
62265136
62279216
62292528
62308032
62330179
62347123
62362792
62377192
62392776
62408531
62425310
62442200
62457840
62478451
62493960
62509944
62527744
63659248
61333753
61334267
61334289
61334718
61334731
61332740
61332700
61333396
61333094
61333843
61333659
61333617
61334628
61334742
61335171
61334724
61248862
61262287
61279375
61294762
61309271
61325831
61342394
61360551
61376975
61392335
61409122
61425847
61442975
61460623
61476783
61491951
61511695
61527351
61543671
61561495
61576191
61595911
61610463
61627271
61645127
61659623
61673775
61691919
61706375
61721927
61740018
61758359
61772719
61790898
61805263
61824175
61842042
61856655
61872030
61890183
61908031
61923879
61941831
61956239
61971742
61993791
62008551
62023774
62041935
62056375
62074351
62093039
62108598
62126767
62141503
62156935
62174887
62190551
62209855
62227807
62242343
62257839
62275943
62290335
62305990
62329431
62343967
62361919
62376655
62391911
62410111
62424455
62442607
62458271
62478919
62496871
62511559
62529287
63662039
61335849
61335502
61335955
61335686
61336653
61335792
61336371
61337168
61337577
61335940
61335964
61336678
61336590
61336720
61336337
61337552
61371780
Peak: 63694775
Average: 60997582.20872147
