0
296891
590722
682286
1627353
2290982
2726305
3016639
3607681
3823070
4422848
5175337
5352139
5697311
6144320
6615291
7086791
7325034
7732486
8289235
8708271
8983702
9312549
9530949
9871780
10641013
11046699
11570518
12375988
12684710
12969054
13465367
14019898
14519616
15065993
15598267
15938017
16326123
16470684
16606878
16678067
17023902
17188785
17476176
17864504
18014595
18244160
19537643
19359430
19537278
19644370
19647326
19896295
20080488
20233457
20388132
20769473
21313865
21665809
22109755
22591589
23195272
23443504
23826419
24149553
24366545
24499628
24667752
24853869
25070589
25377746
25783278
26100911
26581725
26848641
27479260
28037541
28851824
29561119
29874872
29878472
29883488
29881624
29899584
29911304
30159127
30753243
31249688
31512380
31776608
31921384
32270186
32328883
32401696
32450981
32551070
32618047
32921301
33246306
34285321
33809194
34302433
34422107
34592551
34643527
34614897
34697099
35002197
35111266
35718214
35821279
36148560
36708321
36779512
37031542
37634717
37734589
37940315
38334853
38334895
38334910
38334889
38197354
38610860
38810097
38989260
39070054
43047907
43112862
43375428
43404670
43993115
44061706
44138170
44195156
44254290
44303813
44362655
44385559
44468736
44513626
44559473
44605342
44819552
45031289
45117736
45560431
45766058
46021592
46608936
46757959
46805266
46998293
47099626
47186180
47393382
47460745
47593238
47908349
48036218
48279036
48483179
48567024
48714092
49309406
49406854
49526355
49610561
49869934
50115786
50186335
50271792
50296160
50311464
50345264
50400265
50449592
50526240
50657921
50734988
50791883
51004498
51360426
51469650
51763498
52029556
52408574
52556991
52870762
53158745
53629046
54245205
54449752
54521063
54603484
54628696
54651113
54794096
54932878
54977069
55119183
55123329
55125745
55030474
55471291
55765827
55879771
56038151
56491786
56878574
56911678
56906283
57323325
57424978
59228532
57745293
57912669
58054379
58142842
58252128
58502420
58526059
58503812
58889461
59627600
59782534
59871158
59941310
59996934
60033605
60227660
60265071
60835249
61766847
60820268
60875481
60687790
60697252
60703170
60705617
60706781
60707725
60708673
60707561
60709835
60710745
60711678
60713108
60711894
60712477
60713041
60715918
60715725
60719965
60719458
60719545
60721661
60720700
60723011
60723861
60722234
60724814
60724688
60724148
60724148
60725276
60726385
60725520
60727281
60728272
60728953
60727736
60728825
60729598
60727901
60730352
60728639
60730711
60729477
60731954
60732466
60733178
60731472
60733271
60737002
60737718
60738013
60738709
60739080
60738019
60740064
60740312
60738838
60740141
60739505
60742724
60742195
60740946
60741136
60743219
60743676
60744402
60744614
60743070
60743438
60745287
60746106
60745120
60745060
60747296
60748019
60748189
60748758
60749361
60751909
60752463
60750942
60754406
60751495
60754076
60754494
60754708
60755737
60756357
60754269
60757780
60757384
60757854
60758840
60758717
60759287
60759525
60757096
60761188
60760680
60758146
60761237
60761646
60762384
60763222
60761203
60760107
60763353
60760324
60763251
60761265
60764638
60768416
60768923
60768061
60768610
60765824
60769045
60770170
60767196
60769018
60768560
60768485
60770178
60770700
60769113
60769549
60769698
60771709
60772039
60772202
60772710
60772261
60773430
60771760
60774070
60774430
60776823
60776647
60773930
60777146
60777958
60776931
60777629
60780243
60780668
60781076
60781486
60781470
60780376
60781179
60782734
60782087
60781834
60782013
60783369
60784396
60784049
60784961
60785407
60783647
60788340
60785586
60785936
60786191
60786613
60787818
60787341
60786754
60788723
60788143
60788397
60788720
60790280
60789679
60790893
60793186
60792116
60794003
60794582
60794977
60794347
60794417
60793916
60794691
60796360
60800421
60799801
60796659
60798723
60797175
60799617
60799947
60798687
60798376
60798903
60803510
60804188
60800435
60802539
60803043
60801259
60805726
60806442
60807270
60807938
60808103
60808497
60811417
60808662
60808954
60809267
60809762
60807899
60812815
60808993
60811024
60811245
60811689
60811937
60812489
60813120
60813918
60814317
60815063
60815429
60815180
60815200
60815629
60815716
60816083
60815687
60816898
60817279
60817299
60817638
60817713
60818536
60818677
60817403
60817791
60825787
60822889
60823539
60823551
60823901
60824224
60824657
60824863
60823355
60824316
60824355
60826041
60826313
60826465
60825575
60826636
60830636
60831713
60828005
60828301
60828480
60828731
60829075
60829165
60828339
60829051
60828469
60828648
60828704
60830698
60831452
60830163
60830993
60833251
60833358
60834440
60833844
60834027
60835807
60841115
60840673
60834891
60835409
60841211
60841787
60836755
60839229
60839552
60839851
60840123
60840408
60840752
60839367
60839066
60845039
60839637
60840893
60840208
60846296
60846847
60841265
60843567
60843823
60843950
60844075
60845230
60851555
60845240
60846043
60848458
60846707
60847225
60847487
60847735
60848947
60847973
60855255
60848340
60848728
60848962
60850668
60851084
60851225
60851782
60850292
60856886
60857476
60857338
60857956
60858419
60858332
60858436
60852685
60859468
60855197
60855373
60855645
60854367
60859381
60859566
60859682
60865341
60859507
60865305
60865759
60866586
60866846
60866918
60868098
60861023
60863339
60863833
60863937
60864356
60864658
60865011
60863279
60866464
60866417
60866590
60867842
60867144
60867563
60867739
60867220
60868549
60868021
60867249
60867427
60867750
60870188
60871292
60871480
60878722
60874045
60872762
60872534
60872760
60880074
60880529
60880457
60881050
60876246
60874450
60874821
60876832
60876262
60875568
60883101
60883363
60878708
60878527
60877240
60877491
60877725
60878175
60880056
60879363
60880382
60886569
60881551
60879836
60880930
60880794
60888552
60883510
60885850
60885996
60886268
60886632
60886903
60887165
60887488
60887709
60887944
60900816
60901917
60901976
60903675
60903241
60903533
60903893
60904119
60903873
60904490
60906115
60905073
60907688
60908143
60908563
60909118
60909835
60910250
60908757
60909379
60909784
60909978
60919545
60921875
60923034
60923893
60917265
60916180
60925006
60925622
60919831
60920024
60920476
60921003
60919071
60919943
60920205
60928688
60929939
60930301
60929915
60923978
60924826
60922474
60922931
60923137
60923368
60923524
60925658
60926046
60926563
60919516
60919985
60920377
60920683
60921047
60923835
60924103
60924810
60925245
60923420
60933186
60932625
60923909
60926588
60925296
60925517
60926210
60926565
60927783
60935845
60935405
60936058
60936569
60929216
60930081
60929432
60930060
60930143
60930556
60930726
60929169
60931287
60929650
60939623
60940084
60930394
60931932
60932217
60933713
60935693
60936296
60936626
60936375
60937012
60937421
60937867
60945218
60936313
60945838
60946243
60946452
60939514
60939553
60939825
60940097
60939738
60940802
60940309
60940608
60942517
60942669
60943061
60943360
60943632
60943806
60942028
60942276
60942486
60944233
60943112
60953453
60955826
60956677
60948894
60948869
60947384
60957404
60948043
60951103
60951126
60959468
60949682
60950007
60952872
60952320
60953650
60951642
60951614
60951872
60952165
60954645
60954938
60955251
60955427
60953668
60955834
60954511
60955572
60965517
60956969
60957384
60957656
60957779
60958174
60956304
60959215
60960563
60959711
60959932
60960832
60962596
60962908
60961247
60961364
60963910
60964114
60964273
60964674
60964892
60965862
60964975
60963776
60964010
60965811
60966132
60966404
60966637
60967484
60967705
60976873
60966525
60968731
60969024
60969367
60969575
60969605
60968531
60969887
60982631
60971692
60973957
60974336
60974446
60974783
60973446
60973221
60973585
60975335
60985663
60976719
60977022
60977229
60975520
60977498
60975810
60976174
60977996
60978281
60979063
60979106
60980195
60990027
60979270
60981640
60981898
60982074
60982377
60982598
60981261
60992893
60983507
60981991
60986639
60995894
60996571
60996483
60997467
60997230
60997521
60997798
60998322
60999090
60999472
60986241
60987535
60987820
60999486
60988368
60989628
61000241
61000582
61001084
61001959
61001402
61002446
61002246
61003188
60993339
60991519
60991712
60992361
60992115
61004865
61004332
61005226
61007505
61007623
60996140
60997396
60996558
60999019
60999402
60997471
60998585
60998870
60998859
61000455
60998556
60999020
60999802
61000507
61000356
61011336
61001686
61001967
61000060
61001185
61013088
61002562
61002767
61000909
61002951
61014046
61003827
61002004
61003366
61014555
61014545
61014801
61015179
61015355
61016508
61003849
61006255
61008839
61007344
61007822
61007816
61020503
61010390
61010669
61010869
61011189
61010065
61009552
61009761
61009995
61022726
61012696
61012646
61012556
61024532
61024666
61014058
61013926
61014198
61013046
61014131
61014547
61015315
61015614
61015761
61017281
61028401
61015783
61018137
61016272
61029219
61021623
61021762
61020380
61021180
61021724
61022895
61023095
61034660
61023669
61023767
61024566
61024078
61024541
61024840
61025106
61025234
61023692
61023998
61024109
61024336
61024495
61037614
61038009
61027416
61025939
61026211
61026524
61027128
61027792
61028940
61028005
61029268
61027628
61044101
61031084
61033280
61033367
61033402
61032397
61032229
61045752
61034766
61034757
61034133
61033445
61046981
61047411
61048420
61047707
61047929
61048844
61049185
61035401
61036561
61035999
61038560
61036881
61038841
61038901
61038848
61038832
61037725
61052520
61040393
61040494
61040748
61041212
61044001
61044345
61044596
61044852
61045188
61043296
61043163
61046075
61046749
61045461
61046619
61059088
61047257
61047444
61047647
61047383
61060875
61047463
61046811
61048920
61061896
61047624
61049419
61048099
61048515
61050483
61063595
61048745
61051253
61051436
61051424
61051947
61050193
61064493
61052601
61055489
61055785
61056087
61056024
61055600
61069704
61069333
61069496
61057342
61057539
61057787
61058086
61058293
61057316
61058544
61057274
61059528
61057876
61058487
61060271
61061047
61061347
61061509
61060348
61075621
61062977
61063937
61062872
61076455
61061924
61064156
61063161
61063982
61064274
61081174
61068090
61066664
61068037
61081381
61069123
61068322
61068297
61069807
61070109
61069912
61068433
61068708
61068983
61069271
61071496
61069847
61070689
61070169
61085467
61086513
61086287
61086308
61072452
61073834
61072227
61073531
61087633
61074997
61073201
61074745
61089094
61075979
61076107
61076502
61079258
61093672
61093513
61093913
61093636
61078588
61081382
61081001
61079223
61080836
61079743
61096330
61081242
61082268
61081500
61081857
61082886
61083535
61083660
61097425
61082385
61084533
61084748
61082991
61083284
61084412
61085845
61086093
61086221
61085517
61085953
61084969
61102007
61101510
61104744
61088689
61090774
61091148
61089543
61106613
61106963
61106562
61092779
61090815
61092009
61093247
61093391
61092631
61094101
61092606
61094552
61093020
61092914
61095296
61093596
61093484
61109764
61096045
61094588
61111002
61096765
61095605
61111635
61097420
61097576
61112886
61096948
61098381
61098704
61098887
61099207
61101954
61101966
61102499
61117137
61117105
61101094
61104070
61103681
61119044
61102279
61104496
61104439
61105010
61120394
61119847
61103655
61103903
61106162
61106535
61121338
61107217
61107230
61107556
61108893
61108482
61110271
61109059
61110002
61126953
61111647
61112163
61127127
61113041
61113115
61111498
61114461
61115514
61116906
61117146
61117172
61115510
61116169
61133694
61118271
61118294
61134158
61133889
61134321
61118302
61119478
61118398
61135513
61120372
61120519
61118895
61121304
61122028
61119684
61120271
61137966
61120962
61122738
61122098
61122349
61139234
61123846
61122821
61124090
61140264
61124766
61124795
61127373
61128150
61126333
61127829
61144245
61129121
61128378
61128814
61127572
61129808
61128847
61130451
61129029
61146792
61131294
61129450
61147570
61131942
61130479
61130223
61130401
61132808
61133158
61131674
61149810
61149399
61133979
61134066
61132503
61150367
61133023
61135387
61133417
61133643
61133811
61134345
61136619
61139121
61139545
61139211
61138060
61138294
61138617
61157705
61157655
61141299
61137486
61155581
61137973
61140289
61140435
61138818
61138634
61138971
61139243
61158413
61139816
61142260
61142968
61140688
61141203
61143171
61141438
61142491
61144013
61144234
61143546
61144449
61144673
61143479
61143442
61165217
61148661
61147751
61147023
61166047
61166405
61149942
61148269
61149069
61150536
61150309
61149021
61167805
61150373
61151686
61151773
61152021
61150814
61169618
61150823
61151682
61153488
61151794
61154049
61154256
61154582
61154683
61154759
61171842
61153536
61155740
61155025
61173285
61156607
61155585
61159282
61177429
61159896
61158333
61158797
61178085
61161246
61162775
61162094
61181057
61163471
61163363
61163848
61162992
61164323
61164355
61164170
61182309
61165267
61163786
61163715
61182898
61166313
61166311
61166779
61184878
61185012
61166604
61167633
61166443
61168305
61168102
61168215
61167044
61187185
61169219
61171723
61170835
61170579
61190701
61190547
61191033
61172478
61173702
61173862
61191774
61192826
61172706
61173917
61175453
61175608
61175832
61173940
61193822
61176453
61176827
61176861
61177189
61195588
61195140
61178000
61176876
61176472
61178843
61179019
61177333
61197911
61197889
61197487
61180346
61180265
61181235
61201851
61183817
61182137
61183087
61184121
61182661
61203819
61203894
61183366
61183660
61183637
61186294
61185859
61205112
61184746
61185399
61186957
61185529
61185736
61206203
61188369
61186603
61187509
61207934
61189432
61188376
61207823
61190158
61189269
61190257
61188757
61210018
61209475
61189358
61189798
61192651
61193752
61194174
61214086
61195651
61193926
61195870
61195161
61194742
61196644
61215400
61197273
61195620
61197684
61197213
61196051
61198608
61196788
61198941
61198621
61218801
61218237
61218200
61197576
61200300
61200534
61200782
61200674
61201307
61220066
61199365
61201885
61202259
61202372
61222255
61225117
61224556
61204106
61205026
61225981
61225541
61205936
61207397
61207608
61206906
61206351
61208288
61207975
61227575
61209006
61208304
61209122
61207960
61209674
61229398
61210302
61210481
61210026
61230368
61210027
61209553
61210814
61209857
61232257
61212565
61212409
61212700
61211016
61233235
61213392
61212628
61216578
61216305
61215398
61218030
61217648
61237595
61216400
61218572
61220353
61220652
61220794
61219042
61220130
61221560
61241794
61222325
61220639
61221987
61242274
61221978
61223486
61223652
61223453
61222066
61244298
61222771
61224841
61225044
61225288
61225292
61225046
61223784
61226242
61226466
61229294
61250270
61229799
61228246
61229924
61230663
61230558
61230462
61251603
61229672
61229762
61231805
61230042
61252348
61230826
61230858
61233059
61232827
61231862
61234127
61233644
61254662
61254557
61233366
61235158
61235508
61235729
61235973
61234555
61234346
61256794
61235271
61236172
61257711
61235630
61235941
61236952
61261861
61240188
61239467
61240892
61241420
61240132
61263814
61240835
61242849
61242994
61243236
61263819
61243713
61243993
61264682
61244600
61244701
61244624
61243222
61244538
61245586
61243778
61244087
61267276
61245627
61245253
61268458
61247317
61247436
61268623
61245885
61248203
61248488
61247650
61246868
61273455
61252134
61252485
61252621
61274056
61274007
61251457
61253773
61253079
61252197
61254541
61252851
61254046
61254971
61254709
61253456
61253807
61253976
61256487
61257197
61256613
61255461
61255733
61279213
61257924
61258158
61258327
61258418
61258767
61280735
61259378
61259626
61259531
61258523
61282016
61260481
61262399
61263390
61264980
61265516
61264271
61264636
61265738
61266245
61264954
61265240
61289821
61289387
61265889
61268912
61267863
61266738
61269206
61267969
61291739
61269824
61269916
61269671
61268447
61270709
61269423
61269240
61293173
61271835
61271175
61294156
61270359
61272831
61273028
61273313
61273301
61274360
61276000
61275390
61277148
61277901
61300509
61277690
61277949
61276206
61301437
61278750
61278268
61301952
61277554
61301729
61279867
61279986
61302426
61280659
61278928
61279971
61279259
61304515
61304246
61304214
61280283
61281799
61280986
61280974
61306334
61306231
61306985
61284178
61283075
61284419
61309685
61286820
61289365
61289451
61312475
61290326
61290242
61288706
61289886
61290710
61290446
61292026
61291966
61290694
61315520
61315235
61293033
61293353
61291704
61291626
61317009
61316754
61295105
61294736
61294396
61293070
61319105
61295792
61296570
61294466
61296386
61319517
61296894
61295557
61297408
61297030
61321450
61300998
61300140
61324199
61301684
61301627
61301347
61325267
61302796
61302541
61301052
61326646
61327200
61302571
61304028
61304204
61304229
61304714
61328618
61327991
61305454
61304210
61303628
61330189
61329463
61329660
61304212
61306700
61307178
61305351
61307758
61308129
61307949
61308355
61306568
61306778
61335982
61312110
61310536
61312405
61310635
61312972
61312124
61313166
61312470
61311803
61338315
61312318
61312982
61314932
61315330
61313771
61340006
61315449
61315631
61314191
61314370
61316837
61316872
61317000
61315690
61316530
61341845
61318310
61318274
61318477
61317223
61317114
61343122
61319723
61319000
61319742
61347090
61321924
61323620
61323871
61324020
61324111
61324194
61322826
61323650
61323055
61325457
61325766
61324867
61324047
61326388
61351314
61324416
61327672
61325160
61351672
61351895
61326198
61328115
61327840
61353354
61327923
61327439
61329352
61327522
61329830
61329869
61328370
61328536
61328666
61329186
61333947
61334075
61334114
61332866
61334751
61333012
61335325
61335467
61336370
61334285
61334269
61335370
61336731
61334831
61361965
61335319
61337760
61336666
61335996
61363785
61338722
61337004
61337831
61339220
61364375
61339968
61339324
61365769
61365590
61339132
61339284
61339138
61366503
61367414
61339877
61342256
61345120
61344340
61370916
61370895
61346115
61344425
61371931
61346620
61346997
61346011
61373318
61372909
61346651
61345563
61346582
61374369
61346590
61349010
61348900
61374767
61349928
61375900
61345725
61346348
61348250
61346391
61375002
61374900
61347258
61349466
61349122
61347783
61348045
61348252
61348661
61379017
61353848
61353869
61352518
61380754
61354986
61354845
61354373
61380999
61381159
61354805
61354242
61356378
61383181
61384855
61385167
61359537
61358402
61357827
61358038
61386141
61358589
61358928
61359749
61359192
61387304
61361825
61360330
61362291
61361021
61360762
61362186
61361042
61389588
61363661
61362519
61364666
61364842
61367101
61366165
61365583
61394793
61368042
61366338
61367159
61368851
61367006
61395516
61369533
61367884
61367981
61396732
61396636
61370708
61370823
61369135
61369407
61369604
61398271
61372339
61370807
61370545
61373032
61373037
61371446
61371492
61371711
61374176
61374259
61372559
61374695
61373439
61375751
61375999
61405858
61405601
61377671
61379056
61379082
61377337
61407095
61406532
61379988
61378305
61407772
61407374
61379244
61407953
61381634
61381615
61381756
61409945
61381321
61382829
61383128
61383109
61381412
61385723
61382316
61411921
61382321
61384426
61384351
61412862
61385252
61384719
61383614
61386211
61388928
61387180
61416890
61387722
61388389
61389752
61418519
61390688
61389327
61389620
61389292
61389564
61389812
61392077
61392153
61391471
61392812
61420332
61393365
61393589
61391697
61422102
61391914
61392831
61422103
61392815
61393674
61395395
61394130
61423060
61396139
61396267
61424818
61394594
61397035
61397238
61400042
61427997
61399443
61398730
61400825
61428553
61400408
61400489
61401809
61399899
61429867
61402593
61401479
61401436
61403429
61401613
61402815
61401927
61402319
61404488
61404596
61404655
61404658
61404283
61405683
61404784
Peak: 62105044
Average: 58370238.943396226
