0
120333
491709
826983
1559032
2140909
2569078
2999601
3503575
3866649
4351693
5232833
5395548
5738298
6197708
6686581
7129852
7366725
7775340
8337225
8755141
9032937
9357814
9588409
9926003
10695280
11132902
11712393
12431024
12739634
13041255
13544211
14082993
14569578
15173626
15659781
15986122
16302727
16524449
16655728
16723927
17067631
17231785
17517417
17906180
18059685
18289592
19581552
19403161
19590099
19692650
19694082
19923897
20110489
20266195
20433982
20815486
21360206
21660557
22154902
22636635
23239538
23465391
23870504
24216904
24411341
24543995
24680656
24859204
25028751
25176507
25421023
25710566
26038302
26454711
26808859
27187280
27619527
28298284
29106656
29732024
29918235
29924003
29926211
29924570
29942351
29954433
30201678
30791192
31292532
31554908
31820855
31964698
32312053
32370499
32443257
32473897
32592903
32659467
32962722
33214818
33764342
33851343
34347429
34466219
34641365
34687311
34658633
34740667
35044971
35152142
35741201
35864071
36189137
36751955
36823040
37068087
37500365
37673778
37984297
38378603
38378666
38378757
38378939
38240595
38693095
38891733
39074834
39152552
43130285
43196811
43430428
43488334
44100073
44171779
44232090
44288880
44340140
44401358
44459643
44495387
44562362
44634657
44704470
44903500
45114147
45370318
45581134
45637377
45867588
46412470
46822944
46888987
46975459
47132103
47204386
47402304
47489508
47589834
47665978
47982759
48121222
48365257
48574029
48689135
48953827
49208072
49210067
49218715
49221253
49261031
49391465
49393663
49402830
49412363
49414046
49423610
49431983
49435107
49456286
49482352
49393604
49530482
49634130
49753589
49938117
50199395
50269580
50357682
50384426
50420050
50449191
50530756
50512660
50715071
50794808
50877361
51090131
51418348
51554061
51857829
52115767
52472841
52646590
52955571
53243700
53713815
54276574
54434405
54573603
54614703
54770874
54734678
54879091
55017793
55061677
55207497
55212444
55216492
55238693
55589431
55943491
56051591
56449147
56910882
56988385
57406768
57498341
57690521
57902871
58026841
58196863
58270896
58493141
58585707
58461642
58590924
58891706
59211330
59799933
59911893
59990941
60054213
60060261
60281472
60338031
60386373
61388995
60950757
60944319
60959361
60753762
60756042
60760485
60760247
60761128
60762933
60765065
60766681
60767218
60768272
60770948
60771935
60775271
60775342
60776105
60778568
60779001
60780528
60781309
60782841
60783435
60784571
60785086
60786245
60785667
60787012
60787170
60787366
60790333
60791261
60790315
60792469
60791804
60793810
60792769
60795029
60794610
60793827
60799437
60799948
60800774
60799277
60801548
60801663
60802885
60802933
60803850
60803354
60804736
60804509
60803729
60806199
60803598
60806145
60806657
60805271
60807565
60807738
60809322
60809490
60809556
60810498
60813354
60813775
60812244
60815083
60813257
60816031
60816678
60817067
60816006
60818579
60817541
60819729
60820597
60819523
60819877
60822328
60822761
60823089
60823718
60823626
60824612
60823503
60826080
60826039
60826473
60829631
60828358
60830623
60831670
60831865
60829557
60832175
60832599
60830880
60833357
60834747
60834332
60834400
60833271
60835668
60835807
60834423
60837010
60836986
60836122
60838277
60838496
60839338
60838155
60838076
60841466
60841606
60842065
60844338
60844177
60845242
60845641
60846059
60846081
60846050
60847187
60845493
60849309
60847866
60847849
60849016
60847717
60850774
60849345
60848490
60850993
60849481
60852024
60852303
60852749
60855677
60855906
60854522
60855344
60857386
60857781
60855981
60857598
60858748
60859017
60859439
60861784
60859965
60860484
60861470
60860533
60862345
60862584
60863074
60861633
60865393
60863841
60866838
60864965
60865256
60865841
60866743
60870905
60869632
60869950
60870388
60869220
60869039
60869398
60869673
60871863
60874795
60872893
60872814
60873820
60873721
60874645
60874874
60875299
60874049
60874021
60876178
60879298
60875040
60875690
60875385
60880741
60881124
60879465
60880152
60880022
60882584
60883432
60883362
60883778
60884038
60884947
60882566
60883469
60885634
60888593
60884614
60886567
60886878
60887845
60887602
60886681
60886857
60887396
60888448
60887799
60890807
60890586
60892008
60893922
60894402
60897833
60894868
60895495
60899065
60894324
60896537
60899984
60896344
60897661
60901141
60897938
60896445
60898826
60899251
60899490
60899915
60899101
60900732
60900171
60901339
60899689
60902114
60906458
60903053
60905544
60906379
60906546
60907108
60905826
60907707
60907408
60908316
60906694
60909100
60908683
60909518
60914112
60910486
60908758
60911266
60910951
60912524
60916193
60912375
60917074
60913265
60917963
60913693
60918115
60912984
60915279
60916004
60922778
60919048
60923576
60919897
60918273
60920706
60920901
60921439
60921764
60922203
60920971
60920782
60922963
60921502
60924082
60923657
60924606
60924859
60925332
60923977
60930238
60926086
60925050
60928294
60930473
60930466
60931154
60937055
60932353
60937619
60933011
60932846
60933934
60934426
60934974
60934527
60933558
60934775
60936901
60936564
60937538
60936628
60938352
60936943
60943982
60939235
60945127
60940308
60942653
60943766
60944206
60944481
60944999
60945342
60943920
60944695
60944522
60944507
60947025
60953650
60948472
60948304
60949271
60948387
60947537
60948320
60955751
60950876
60949341
60951784
60951864
60950612
60951422
60952081
60955947
60956991
60955447
60958033
60958125
60958608
60957722
60959373
60958788
60957513
60958391
60966445
60960944
60967958
60962266
60961278
60962981
60961858
60969461
60963810
60962515
60964936
60965284
60965644
60965177
60967704
60967874
60969775
60970214
60970999
60971520
60972010
60970878
60971126
60971580
60980407
60974328
60972783
60975324
60975389
60975915
60974979
60976695
60975535
60977519
60976220
60976127
60976486
60985787
60979273
60989230
60982811
60981281
60983769
60983462
60984406
60984607
60985177
60985659
60986251
60986653
60984988
60985767
60987846
60987814
60988824
60989216
60989890
60990129
60990508
60989297
60989255
60991426
60999374
60991789
60993499
60995956
60996158
60997324
60996226
60996119
60998225
61006271
60999176
61007229
60999963
60999796
61000928
61000699
61001794
61002002
61002477
61010521
61002979
61001389
61002874
61002837
61003125
61005048
61004208
61003212
61007120
61006945
61009065
61017545
61009804
61011495
61010369
61011012
61011230
61011952
61011616
61012603
61012534
61013238
61011711
61014015
61013865
61014669
61014945
61015421
61014859
61014030
61014659
61014279
61015148
61027824
61019979
61028945
61020859
61019196
61021667
61020385
61022242
61022538
61022998
61022372
61023632
61022274
61022320
61023017
61022945
61023369
61034035
61025742
61034919
61027263
61035791
61027350
61036634
61028154
61027921
61031452
61031742
61032181
61032423
61032848
61033166
61033519
61032937
61032484
61032999
61035011
61035393
61035708
61035161
61037087
61036171
61035806
61036479
61036205
61038413
61048281
61039249
61048935
61039957
61038362
61043429
61043281
61044055
61043962
61044650
61044814
61045280
61045707
61045812
61055073
61046280
61044566
61047013
61045475
61048004
61047658
61048548
61048280
61049498
61049700
61050248
61050256
61050816
61051140
61051667
61050624
61052881
61053441
61054353
61054046
61065662
61056138
61066591
61056072
61055379
61057873
61057550
61058671
61058383
61059181
61058948
61059847
61059430
61060557
61058750
61061248
61060943
61061933
61061658
61062723
61062600
61066024
61065815
61066715
61066882
61067344
61067577
61068005
61068237
61068720
61068549
61069405
61069320
61070073
61069974
61070764
61070418
61071564
61071527
61072030
61071907
61072646
61072454
61073286
61073488
61073862
61074101
61077207
61077473
61077962
61078112
61078486
61078773
61079191
61078999
61079844
61078130
61080460
61080032
61079664
61079912
61081387
61080841
61081596
61081343
61081879
61082122
61082776
61084859
61083807
61083153
61084312
61088987
61088845
61089593
61089832
61090206
61090431
61090870
61091232
61091647
61091014
61092242
61091139
61092832
61093215
61093605
61093834
61094310
61093438
61094988
61095199
61095758
61095268
61096240
61095990
61096992
61097108
61100119
61099745
61100963
61100532
61101600
61101121
61102390
61102455
61102979
61102698
61103619
61103872
61104283
61103996
61104941
61103731
61105547
61104524
61106224
61105085
61106813
61107028
61107562
61107743
61108189
61107969
61111558
61111314
61112286
61112351
61112936
61113115
61113489
61113974
61114480
61114703
61115063
61113715
61113469
61113852
61128471
61116012
61116587
61116279
61117404
61117089
61118130
61117869
61118814
61117141
61119560
61121786
61122909
61121033
61123370
61136452
61123914
61137217
61124568
61122754
61124093
61125809
61125197
61126388
61126736
61127024
61127377
61127774
61127220
61128533
61128831
61129208
61128759
61130848
61131015
61131590
61131114
61134805
61132988
61135301
61133642
61136062
61136201
61136698
61134796
61137266
61135459
61137835
61151550
61139080
61152590
61138950
61137409
61138084
61140132
61138445
61140532
61154758
61141185
61155141
61140055
61140169
61140689
61159229
61145704
61144205
61144701
61160549
61145413
61146469
61146776
61148345
61147777
61146992
61147624
61147707
61149888
61150340
61150477
61150929
61151110
61151518
61149464
61149752
61150516
61149980
61149775
61151647
61151668
61168609
61153453
61168686
61154346
61152313
61154506
61153783
61154519
61153809
61154600
61152471
61154595
61152511
61154581
61168909
61154758
61168983
61153521
61155045
61154421
61154903
61152815
61154871
61152865
61154935
61152943
61155695
61152935
61153355
61153058
61153957
61155162
61154228
61153281
61155018
61155236
61154856
61155177
61154742
61155190
61153050
61155318
61153172
61155208
61169803
61154432
61169445
61154993
61169551
61154961
61169049
61153265
61169260
61153524
61153332
61153588
61154380
61153772
61153589
61153658
61153593
61153976
61153808
61154883
61153971
61154872
61155761
61154515
61155889
61155779
61155851
61155784
61157121
61154196
61154835
61154622
61155049
61155327
61156172
61155374
61155739
61157263
61156660
61157368
61156638
61157456
61156774
61157482
61155459
61157501
61155311
61157357
61172051
61156840
61171985
61157504
61171710
61158223
61171835
61157496
61171591
61155731
61171528
61157470
61171681
61157459
61171954
61157587
61171696
61157664
61172079
61155819
61155801
61156115
61155943
61156104
61155915
61156932
61156241
61156465
61155941
61156496
61158086
61155960
61158108
61156089
61158148
61172243
61156158
61172276
61156387
61156352
61156790
61156667
61158440
61158505
61158298
61158572
61157770
61158512
61157775
61158590
61156525
61157609
61172533
61158392
61172902
61158497
61172528
61158625
61172536
61156944
61157690
61157921
61157109
61173163
61157698
61173302
61158807
61156965
61157276
61157122
61158058
61156584
61158091
61158953
61158459
61158969
61158173
61158834
61173367
61159244
61172905
61157117
61156942
61157161
61157178
61157974
61159156
61159029
61159155
61157790
61159344
61159143
61159218
61158744
61159280
61158629
61159321
61158570
61159320
61157146
61159205
61157451
61159317
61157451
61158333
61173777
61159201
61173718
61159214
61173343
61157519
61157289
61158612
61157758
61157928
61159572
61159472
61159660
61158934
61159670
61157708
61159767
61157734
61159828
61175733
61161175
61175170
61159277
61159243
61159807
61161359
61175502
61159331
61159262
61159611
61159355
61160495
61161364
61160078
61161551
61160142
61161457
61160714
61158712
61159699
61159881
61161366
61161355
61161669
61161289
61161555
61160692
61161397
61175794
61161498
61159413
61159553
61159265
61159767
61159467
61161579
61161538
61161557
61161581
61161409
61161693
61160809
61161596
61159648
61161412
61175574
61160022
61159657
61161866
61161829
61161539
61161984
61175825
61161753
61159884
61160117
61160092
61160239
61160026
61160245
61159957
61160336
61162015
61162042
61162261
61160077
61162115
61160147
61162227
61176123
61162028
61176647
61162347
61176394
61160800
61160037
61161382
61162505
61162347
61162600
61160328
61162377
61160436
61162468
61176368
61160515
61160422
61160822
61162669
61161223
61162610
61162462
61162639
61162563
61162730
61161024
61162804
61162174
61162698
61164545
61161708
61162377
61160269
61162468
61162736
61162143
61162742
61160593
61162874
61176949
61162623
61176732
61160914
61160814
61161225
61160951
61161938
61163087
61161651
61163092
61177622
61162995
61161106
61163032
61177140
61162948
61176920
61161952
61163322
61162731
61163263
61162814
61163337
61162662
61163339
61177399
61163460
61177549
61163251
61177199
61161675
61161469
61161801
61161332
61162644
61163605
61163655
61163792
61163052
61163817
61161723
61163745
61177754
61163686
61177897
61162137
61162734
61163911
61164153
61163887
61165479
61163350
61165420
61163568
61165484
61163591
61164712
61179834
61165467
61179423
61163765
61163221
61164722
61165659
61165036
61165720
61179899
61165496
61180057
61163725
61163857
61163144
61165265
61179318
61165464
61179412
61163915
61164560
61164147
61163987
61165838
61165927
61165146
61165998
61180333
61166574
61163964
61164340
61164180
61165132
61166059
61165172
61166387
61166244
61165391
61166003
61180023
61166701
61179917
61164437
61164414
61165036
61166269
61166261
61166517
61164235
61166489
61180772
61164700
61164918
61165142
61166645
61165875
61166784
61180754
61166578
61180775
61165095
61165023
61165584
61167012
61164873
61167045
61164886
61167528
61180967
61166818
61181092
61165512
61165376
61166967
61167104
61165053
61167201
61181218
61166793
61164947
61165368
61165163
61165795
61167253
61166958
61167119
61166280
61167272
61181105
61166983
61181295
61165565
61165439
61166800
61167185
61166424
61164971
61164790
61165476
61166904
61166431
61167056
61164920
61167031
61181147
61165366
61165206
61167101
61167166
61181218
61167018
61181114
61165504
61167560
61167487
61167699
61166976
61167657
61182208
61197728
61181138
61182149
61181586
61182461
61182612
61182971
61183108
61183637
61181667
61184218
61182221
61184659
61182812
61185386
61183389
61183705
61183402
61183511
61199428
61183558
61199439
61183573
61199687
61185541
61200057
61185543
61183799
61183997
61184006
61185806
61200329
61185910
61200253
61186040
61200278
61186052
61200509
61186519
61200694
61187211
61200827
61186405
61200706
61186404
61200849
61186615
61200833
61187490
61200793
61186622
61200810
61186765
61203044
61189312
61202583
61188563
61203059
61187908
61188828
61188498
61188758
61188648
61188857
61188740
61188784
61188601
61188885
61187892
61188904
61187193
61187724
61187777
61186585
61187971
61187310
61187606
61187212
61187450
61187392
61187586
61203965
61189424
61203744
61189542
61204063
61190483
61204166
61189604
61204165
61189822
61187867
61188065
61188040
61188256
61188884
61188471
61187991
61188154
61188109
61188157
61188214
61188262
61187908
61188614
61188335
61188558
61188225
61188529
61188022
61188603
61187945
61188820
61190448
61204661
61190306
61204594
61190282
61204768
61191216
61204958
61188589
61204450
61188882
61188645
61188727
61188217
61189027
61188801
61189546
61190998
61190820
61191086
61190935
61191000
61188919
61191067
61190385
61189374
61190846
61190205
61190830
61190489
61191187
61190338
61191067
61190344
61191164
61205208
61190947
61205165
61191709
61205421
61191050
61205625
61189242
61189221
61189384
61205392
61191208
61205509
61191703
61205829
61192517
61205667
61189866
61189421
61191051
61191961
61191912
61191998
61190952
61192236
61192105
61192221
61191977
61192275
61191504
61192162
61190074
61192171
61190015
61192200
61206703
61191956
61206188
61192801
61206065
61192135
61206175
61190532
61190298
61190561
61191254
61190718
61190111
61191452
61192396
61192436
61192624
61192438
61190695
61190905
61190636
61191660
61192655
61192513
61192632
61206934
61192522
61206909
61192664
61206801
61191003
61192770
61206788
61192615
61207012
61191105
61192159
61190340
61192608
61190469
61192750
61190562
61191777
61207164
61192722
61207285
61193449
61207051
61190920
61206707
61191221
61192875
61191771
61191131
61191331
61192948
61192947
61193189
61192993
61193325
61191127
61193218
61191264
61193327
61191201
61191219
61192019
61193510
61193176
61193281
61207585
61193485
61192700
61192531
61194694
61209352
61195540
61194219
61195580
61193386
61195510
61209911
61195215
61209522
61195429
61209781
61195442
61209645
61195462
61209851
61195539
61209771
61195576
61209787
61194075
61193794
61194270
61193913
61194282
61193724
61195327
61194364
61194993
61196377
61195972
61196379
61195628
61196394
61195883
61196468
61195773
61196324
61194243
61196415
61210422
61196177
61210399
61194671
61194488
61194991
61194501
61194334
61196454
61210867
61196397
61210773
61194940
61195492
61195490
61196990
61194925
61195736
61197212
61196713
61197069
61211439
61197099
61195066
61197112
61195130
61197276
61211351
61195391
61195169
61195668
61197357
61197346
61197462
61196934
61197550
61195458
61197708
61211845
61195554
61195519
61195830
61195651
61195850
61196556
61196201
61196589
61196454
61197841
61196614
61197884
61195615
61197804
61195696
61197718
61212008
61197477
61211573
61195784
61211792
61197506
61212074
61195834
61211771
61195997
61195781
61196229
61196066
61197914
61197965
61197974
61198241
61197501
61197957
61197278
61198079
61212121
61198900
61212273
61198292
61212137
61196537
61196401
61196691
61196454
61196590
61196620
61197044
61198342
61196601
61198647
61198057
61198851
61213152
61198631
61213328
61198022
61213149
61198645
61213089
61198750
61212985
61198879
61213347
61197248
61197302
61197456
61198224
61198144
61199404
61199393
61199694
61198350
61199679
61213842
61198048
61199761
61198600
61199838
61199422
61200127
61197790
61199788
61213985
61199972
61198065
61200083
61214359
61199814
61214126
61199813
61214299
61198186
61197798
61198469
61198235
61198569
61198213
61198661
61198552
61199253
61200472
61200501
61200586
61200352
61200575
61200006
61200553
61199912
61200566
61214826
61198712
61198875
61199953
61199014
61199164
61201027
61200661
61201111
61200936
61199197
61199472
61199363
61199560
61200115
61199837
61201337
61200051
61201303
61215124
61200784
61214829
61201138
61199296
61199330
61199254
61199743
61199495
61199858
61199558
61199948
61200669
61200171
61200126
61200563
61201967
61201029
61200048
61203267
61204204
61202921
61204142
61203463
61204257
61203492
61204293
61202140
61204339
61202235
61204294
61202323
61204438
61202220
61204413
61202362
61204435
61202416
61204493
61218556
61204204
61218792
61202525
61204642
61218767
61203001
61202913
61203803
61204734
61203287
61204798
61203890
61204827
61204764
61204880
61204684
61204872
61202709
61204939
61204124
61204976
61219367
61205030
61219284
61203893
61219333
61205045
61219026
61205082
61219314
61203263
61203207
61203217
61203373
61203808
61203349
61203609
61202993
61203772
61204276
61204257
61205211
61219676
61205919
61219791
61205359
61219574
61203554
61204592
61204182
61204310
61204548
61205878
61205664
61205897
61205369
61205790
61219981
61205689
61220111
61206537
61219803
61204228
61204894
61205137
61204303
61205081
61204258
61204506
61204230
61204810
61206341
61206186
61204375
61205181
61204524
61205101
61206400
61206467
61206607
61206456
61206596
61206544
61206572
61206513
61206756
61206454
61206875
61206723
61206956
61204751
61205927
61220769
61206652
61220812
61205014
61204822
61205840
61207012
61206918
61207138
61207122
61207194
61205016
61205539
61205430
61207279
61207413
61206748
61207484
61206819
61207653
61206985
61207567
61221905
61207569
61222003
61207404
61221739
61205646
61221468
61206129
61207096
61221592
61207290
61205345
61207330
61221527
61207150
61221601
61207193
61221404
61205614
61206334
61206239
61207651
61207445
61207602
61207331
61207744
61205609
61207688
61222092
61206933
61205678
61207936
61207155
61207717
61205797
61207923
61205900
61207946
61205913
61207935
61222369
61208636
61221940
61206132
61206914
61206855
61206215
61206863
61208227
61208109
61208168
61207773
61208430
61206253
61208326
61206344
61208510
61206381
61208403
61222717
61208189
61222757
61206442
61206500
61206848
61206259
61207399
61208732
61207476
61208745
61208076
61208818
61206604
61208612
61206644
61208829
61223131
61208794
61223201
61208705
61222856
61207249
61206818
61207333
61207000
61207373
61206634
61209013
61206628
61208734
61223265
61206926
61207694
61207982
61207196
61209122
61209310
61208867
61209335
61207257
61209354
61223259
61208994
61207264
61207472
61207543
61207865
61209687
61209641
61209706
61209083
61209692
61208979
61209753
61209142
61209847
61207841
61209944
61207860
61209855
61207897
61212322
61226804
61211672
61210418
61212399
61210581
61211923
61226553
61212393
61226732
61212409
61210577
61211004
61210316
61211675
61212768
61212575
61212760
61212054
61212741
61210534
61212743
61226777
61212465
61226989
61210863
61210787
61211212
61210945
61211751
61212900
61212830
61213093
61212422
61213165
61211080
61213112
61211103
61213210
61212559
61213424
61227920
61213225
61227687
61213177
61211396
61211649
61212468
61210691
61212911
61227212
61213201
61227364
61211484
61212312
61212665
61213585
61212035
61213679
61212905
61213818
61227730
61213543
61227747
61212084
61213882
61228049
61212145
61211744
61212131
61212070
61212974
61213860
61213827
61214088
61211935
61214059
61228535
61214127
61228431
61213900
61228258
61213964
61212159
61212463
61211970
61214319
61214418
61212831
61214499
61213937
61214550
61213987
61214569
61228428
61214287
61228741
61212615
61212546
61212970
61213608
61214846
61214819
61214284
61215020
61214249
61214981
61228995
61214738
61229156
61214880
61228980
61213074
61212628
61213413
61212674
61214093
61215211
61215066
61215398
61213132
61215307
61229311
61215124
61229545
61213340
61213397
61213647
61213676
61214703
61215675
61229117
61215246
61229194
61213598
61213873
61214858
61215655
61215507
61215658
61215120
61215835
61214988
61215730
61229915
61215558
61230081
61213923
61213830
61214206
61213921
61214126
61213630
61214963
61215835
61215867
61215837
61213773
61215999
61230352
61215660
61230207
61213978
61214890
61215447
61215902
61214931
61214881
61216162
61214054
61215260
61230524
61216595
61230143
61214420
61214417
61215015
61216494
61214341
61215585
61230597
61216171
61230317
61214787
61214699
61216512
61216591
61215937
61216591
61214519
61215749
61230646
61216356
61230673
61216358
61214591
61214676
61214730
61215042
61214879
61215202
61215726
61215961
61217140
61215024
61216847
61230972
61214977
61214945
61215298
61214692
61214269
61216837
61231121
61216665
61231263
61216844
61231080
61217775
61231217
61217006
61215198
61215667
61217527
61217273
61217447
61216813
61217535
61215321
61217394
61215501
61217584
61231844
61217262
61231435
61215733
61215586
61216689
61217534
61217461
61217595
61215490
61218306
61215645
61216090
61217830
61217829
61217990
61217421
61217883
61215679
61217984
61231802
61216144
61218012
61217973
61218113
61217311
61218030
61215970
61218142
61232197
61217984
61218321
61232662
61217613
61218485
61218303
61218536
61232751
61218424
61232493
61216725
61216667
61217026
61217613
61217976
61218766
61218371
61218891
61233469
61218872
61232857
61218054
61219171
61218534
61219204
61217014
61221569
61235954
61221633
61235777
61220324
61221461
61219711
61221692
61219710
61221811
61236064
61221570
61236257
61220130
61220020
61220431
61222290
61222237
61222320
61220287
61222264
61220344
61222440
61220598
61221692
61236987
61220685
61221648
61221160
61222798
61222790
61222838
61237241
61222614
61220967
61221415
61222892
61221689
61223223
61223099
61223356
61221203
61223364
61237420
61223912
61237424
61221509
61222325
61221762
61221667
61222217
61223813
61223446
61223685
61221583
61222779
61237569
61223487
61237532
61223411
61238006
61223547
61221715
61222177
61221619
61223851
61223991
61223179
61223959
61221916
61224010
61238369
61223844
61222029
61221932
61223889
61238111
61222399
61222005
61223066
61222485
61223608
61224647
61222904
61224537
61238624
61222547
61224017
61222017
61224165
61238671
61224434
61238628
61224245
61222440
61222823
61224549
61224486
61224542
61223904
61224728
61239148
61224791
61238979
61222859
61222863
61224663
61224875
61223226
61225011
61224195
61224586
61239315
61224872
61223026
61223498
61225235
61224991
61225149
61224412
61225141
61239399
61226053
61239567
61223492
61223429
61225471
61225563
61223421
61225559
61239901
61225465
61239610
61223691
61239549
61224180
61225859
61225666
61225813
61225491
61225819
61240184
61225752
61223893
61224218
61225013
61224871
61226070
61225658
61226038
61240541
61225944
61240566
61224221
61224497
61226327
61226395
61225645
61226261
61224368
61226441
61240515
61224705
61224441
61224858
61226547
61226491
61226669
61224783
61225587
61226432
61225869
61226327
61226671
61240951
61224810
61224828
61226686
61226868
61241179
61226713
61224911
61225017
61224924
61225852
61227133
61226940
61227125
61226573
61227195
61225125
61226986
61240998
61225395
61225374
61225658
61224936
61226501
61227486
61227430
61225657
61227433
61227529
61225451
61227565
61241480
61226016
61227825
61226601
61225728
61225581
61228059
61225951
61227327
61241831
61228102
61226175
61225922
61225970
61228024
61228179
61242373
61228003
61242099
61227165
61228380
61228300
61228447
61227775
61227572
61242419
61228219
61226363
61226756
61226743
61228536
61228601
61226550
61228617
61242959
61228346
61242698
61228526
61226630
61227043
61228852
61228608
61228745
61243032
61226789
61226645
61227051
61229052
61228969
61228178
61242814
61226816
61226832
61227664
61228955
61227608
61228958
61227507
61229100
61243111
61228733
61226877
61227259
61226808
61228379
61227314
61227162
61228732
61228967
61243318
61227564
61229400
61229375
61229413
61228844
61229617
61243412
61229271
61243445
61227832
61227621
61228352
61229804
61229126
61229841
61243837
61228032
61228331
61228552
61229864
61229243
61229920
61243899
61229687
61243900
61228172
61228197
61230014
61230175
61227896
61230020
61227976
61228435
61230265
61230004
61230141
61228011
61230299
61244238
61228254
61229152
61229279
61230243
61229345
61230165
61244590
61229891
61244318
61228315
61232094
61232337
61233257
61233078
61233208
61247162
61233026
61231249
61231748
61233474
61233193
61233494
61230763
61231821
61233132
61233159
61233299
61232678
61232437
61247333
61233183
61231389
61231669
61231752
61232391
61233850
61233083
61233818
61231805
61233885
61247910
61233666
61247819
61232367
61231998
61234010
61234157
61233403
61234101
61248386
61233994
61232416
61233230
61234381
61234273
61234373
61232100
61232409
61235010
61232373
61232746
61234606
61234509
61234697
61233858
61234645
61248801
61234474
61248487
61232946
61233588
61233947
61234843
61233980
61234730
61248916
61234602
61249146
61232954
61232994
61233169
61233901
61234631
61235210
61249572
61234859
61248998
61233163
61233462
61234080
61235276
61235093
61235371
61249493
61233675
61235439
61233385
61235246
61233595
61234608
61235644
61234811
61235622
61233555
61235683
61233282
61235681
61235722
61250043
61235860
61249774
61235579
61234847
61235846
61236082
61234748
61236075
61235426
61236084
61250428
61234350
61234494
61235334
61236367
61234090
61236310
61250737
61236216
61235395
61236708
61236759
61235875
61236658
61250979
61234613
61235331
61235795
61234856
61236803
61236841
61251302
61236672
61250990
61236787
61234904
61235331
61235363
61237043
61237153
61237065
61237172
61251494
61237153
61235182
61235622
61237462
61235367
61236605
61237624
61235423
61237544
61251790
61237448
61251632
61236218
61237805
61237300
61237906
61235791
61237638
61251734
61236288
61237981
61238096
61238178
61237489
61238033
61252461
61237765
61236035
61237207
61238271
61238369
61238366
61237571
61237664
61252714
61237520
61238049
61252315
61237900
61236143
61236372
61236544
61238388
61238518
61237905
61237446
61252722
61236640
61237497
61238658
61238778
61236553
61238861
61252593
61237094
61239032
61238419
61238956
61253318
61238667
61236910
61237321
61238996
61238936
61239097
61236801
61239024
61237158
61237407
61239254
61239023
61239198
61237048
61239196
61253394
61238948
61252985
61237561
61237377
61237964
61239386
61237198
61239244
61253596
61237377
61253498
61237780
61237651
61238211
61239588
61238947
61239730
61253840
61237651
61237664
61238878
61239911
61254431
61240730
61237975
61238327
61240133
61253967
61240208
61240260
61254258
61239930
61238074
61239094
61240153
61239987
61240295
61238180
61240188
61254475
61238307
61238300
61237453
61238902
61253933
61239736
61253948
61238289
61238295
61239247
61240490
61240468
61240605
61238425
61240490
61254758
61238710
61238504
61238990
61238895
61239570
61240896
61238788
61240757
61238744
61239124
61240864
61240265
61240829
61255181
61240615
61254829
61239122
61240941
61239710
61241094
61240549
61241281
61255486
61241626
61238914
61239359
61239175
61240640
61241040
61255007
61239279
61239039
61239511
61239416
61241274
61239658
61241331
61241468
61239298
61241473
61255805
61239754
61241703
61240258
61241611
61239701
61241620
61256065
61239849
61240757
61240554
61241894
61239727
61241121
61256165
61239970
61242019
61240715
61242052
61239872
61242044
61256421
61242851
61256229
61240485
61242283
61242213
61242278
61239195
61239602
61240784
61242106
61255902
61240180
61240308
61242217
61242249
61256272
61242059
61240200
61241151
61242384
61241609
61242402
61256367
61240632
61240566
61240970
61242673
61242655
61242904
61244023
61245894
61259979
61244267
61245058
61246227
61246343
61245637
61246294
61260687
61246930
61244266
61244772
61246573
61245314
61246512
61245887
61246646
61260865
61245109
61246822
61246198
61246830
61261053
61246645
61244813
61245264
61245272
61245996
61247339
61245248
61247304
61261585
61247193
61261351
61245820
61247509
61247473
61247583
61245478
61247606
61261430
61246043
61247773
61247095
61247857
61261540
61245868
61245876
61247795
61247884
61247243
61247756
61262129
61246142
61248149
61247998
61248111
61245958
61247819
61247648
61245734
61246842
61261916
61247789
61246008
61246987
61248268
61248075
61248273
61246264
61248310
61262607
61246536
61246681
61248487
61248494
61262527
61248532
61248805
61262476
61246905
61248741
61247519
61248829
61248027
61247817
61262835
61246813
61246752
61248966
61248969
61263373
61248722
61247081
61247301
61249126
61248882
61249043
61263148
61248847
61263156
61247586
61249446
61249328
61249561
61247271
61249569
61263678
61247799
61249635
61247938
61249657
61264152
61249263
61263559
61247913
61247646
61249635
61249588
61263872
61248094
61250074
61249537
61249997
61263835
61249667
61263674
61248175
61248042
61250002
61249965
61247952
61249670
61264343
61249972
61248702
61248598
61250284
61249838
61250323
61264487
61248319
61249914
61248126
61250090
61264514
61248552
61248563
61250499
61250489
61249752
61249533
61264837
61248796
61248807
61250410
61250806
61250018
61250764
61264962
61250503
61264880
61249164
61248966
61250920
61251036
61250234
61250839
61265072
61250810
61248886
61249221
61249112
61250888
61251094
61251300
61264997
61249389
61249277
61251179
61251238
61265822
61250997
61249213
61249623
61251446
61249872
61251585
61265677
61251235
61249440
61250419
61251638
61251582
61251631
61266086
61251483
61250563
61250902
61251713
61249645
61251543
61265686
61250275
61251961
61251888
61252124
61249985
61251733
61249928
61250373
61252254
61251927
61252102
61250004
61252844
61266433
61250470
61250430
61252391
61252586
61252243
61252482
61266643
61249540
61252244
61250183
61250795
61252494
61252308
61252359
61266377
61252292
61250474
61250905
61252717
61252620
61252781
61267065
61252475
61250708
61251153
61252965
61250675
61252611
61250755
61251329
61253039
61252822
61253106
61267222
61251027
61250987
61251738
61253061
61267304
61252769
61251921
61253012
61253026
61267388
61252761
61266886
61251356
61251217
61253191
61253191
61267033
61251588
61253274
61267489
61253084
61252212
61251964
61252215
61253603
61251459
61251815
61253487
61253543
61253728
61251623
61253744
61252653
61253898
61253782
61268168
61253541
61267800
61252229
61254085
61252785
61254047
61251894
61254001
61267984
61252189
61251976
61252499
61254137
61251984
61253773
61267929
61252532
61254280
61253740
61254293
61251348
61252202
61253864
61253233
61253979
61267868
61252114
61252197
61253307
61254343
61252204
61254267
61268500
61252448
61253360
61254438
61254677
61268913
61252735
61252831
61254748
61254888
61252708
61254816
61269308
61253188
61255206
61254616
61255016
61268969
61254834
61252978
61253906
61255297
61254697
61255268
61269603
61253291
61253689
61255339
61255497
61253419
61255256
61253311
61253735
61255448
61254909
61255563
61269908
61255554
61253620
61254146
61255877
61255934
61256009
61253918
61255727
61254791
61256063
61256187
61254156
61256137
61270448
61254154
61255114
61256315
61254298
61256446
61254818
61256370
61270265
61256241
61254297
61254793
61256584
61255950
61256474
61270703
61254788
61256765
61256654
61256828
61254761
61256167
61256720
61271095
61256578
61255740
61256930
61256981
61254893
61256890
61255358
61255622
61257452
61255244
61257156
61255211
61255823
61257536
61256858
61257443
61271582
61256231
61261324
61260710
61261353
61275293
61259733
61259295
61261273
61261485
61259380
61261501
61275441
61259628
61259772
61261449
61261719
61275931
61259544
61260336
61260259
61261722
61259507
61261730
61275923
61259771
61259961
61261621
61262044
61259717
61261787
61276125
61259933
61259506
61261930
61262148
61276402
61261781
61259884
61260431
61262158
61261715
61262099
61276076
61260228
61260458
61260652
61262248
61276199
61261309
61262454
61261981
61262323
61276736
61260462
61260569
61261723
61262674
61276393
61260814
61262674
61262526
61261714
61262743
61260047
61261527
61262591
61261943
61262757
61276801
61261167
61262852
61262163
61262847
61277234
61260926
61260697
61262977
61263141
61262425
61263160
61277035
61262886
61260907
61261430
61263191
61262926
61263262
61277400
61263123
61277307
61261472
61263521
61263253
61263561
61277565
61261423
61262410
61262346
61263608
61277823
61261850
61263758
61263600
61263672
61277911
61263517
61277817
61262172
61263984
61264000
61264177
61263417
61263855
61278008
61262590
61264405
61263734
61263254
61278424
61262459
61262477
61262893
61264510
61262220
61263365
61262133
61263589
61264499
61262370
61265130
61262077
61264491
61264481
61262403
61264537
61278557
61262914
61264778
61262645
61264695
61262623
61263681
61264811
61264023
61264779
61278877
61262685
61264490
61278721
61263674
61264869
61262764
61264611
61278963
61263227
61263268
61265174
61265171
61279130
61263287
61265288
61263263
61265386
61265547
61263513
61266141
61264451
61265512
61265669
61263526
61264582
61279603
61263619
61264554
61265489
61265537
61279846
61265552
61279747
61264761
61266076
61264766
61266052
61280308
61264229
61266154
61265496
61266081
61279899
61264447
61266218
61265650
61266793
61265126
61265962
61265340
61266386
61280502
61266369
61266112
61266350
61264138
61264349
61265437
61266515
61266691
61280804
61266455
61266571
61280780
61264814
61266671
61266249
61266615
61280590
61264953
61264836
61265788
61267029
61266422
61266928
61280922
61267189
61267299
61281610
61267061
61281346
61267298
61267489
61281883
61267307
61267334
61281665
61267168
61265424
61265896
61265811
61267638
61267850
61265566
61266128
61267895
61265807
61267969
61281811
61267108
61268076
61267441
61267507
61266330
61266820
61268557
61268015
61268576
61282788
61266905
61268837
61268238
61284152
61267876
61269549
61284057
61267923
61268081
61269481
61269277
61284612
61268687
61270421
61269834
61269648
61284554
61269000
61270891
61270127
61270791
61268807
61270226
61271181
61285567
61269173
61271447
61271162
61271446
61285239
61269343
61270258
61271497
61271521
61285567
61271277
61269441
61269937
61269684
61271481
61271666
61285476
61270879
61271666
61271794
61285777
61270492
61270174
61271913
61272081
61286096
61270440
61272276
61271601
61270873
61286163
61270408
61272385
61270232
61272199
61274046
61270065
61272152
61286333
61270576
61272214
61271610
61272097
61286192
61270648
61272509
61271703
61272514
61286343
61270863
61272675
61270444
61272332
61270476
61271737
61272715
61271985
61271987
61286890
61271340
61272988
61272419
61272317
61287369
61271444
61273287
61287534
61272992
61271262
61271947
61273608
61272823
61273558
61287794
61272742
61273680
61271624
61273811
61273841
61287637
61273788
61272149
61271923
61272781
61274111
61288508
61272422
61274197
61273594
61273281
61273232
61274487
61274494
61288832
61274181
61273408
61274520
61274746
61288478
61274338
61272479
61273030
61274818
61274129
61274553
61273743
61274810
61274995
61272866
61275586
61272950
61273433
61273372
61275336
61275199
61289051
61273582
61273017
61275247
61275305
61289170
61274205
61274676
61289322
61274137
61275346
61289589
61275013
61273269
61273816
61275697
61274850
61275524
61273425
61274010
61275671
61273512
61274773
61289971
61274081
61273972
61275721
61275807
61290121
61273792
61273985
61275833
61276045
61290185
61274719
61276090
61290375
61274326
61274151
61274675
61276350
61274797
61276393
61290371
61274851
61276591
61290423
61274680
61276585
61276365
61276556
61290616
61274912
61274947
61276833
61276973
61274803
61276715
61274869
61275821
61277030
61291375
61276383
61276831
61275316
61276897
61277125
61291191
61275204
61277283
61280092
61281391
61295716
61279404
61281597
61281163
61281473
61295718
61279763
61279702
61281251
61281759
61296193
61281614
61279683
61280230
61281967
61281350
61281031
61296150
61280291
61280963
61296250
61280216
61280220
61281251
61281157
61296184
61281078
61282376
61280182
61281341
61296355
61280659
61282396
61296768
61282257
61280449
61281206
61282712
61280505
61282424
61281535
61282637
61281382
61296640
61281133
61282887
61280683
61282818
61297074
61281019
61280636
61282844
61283005
61281002
61283030
61280960
61282677
61283200
61297338
61281373
61283299
61282641
61283140
61297707
61283128
61283561
61283406
61283484
61297326
61281875
61281854
61283603
61283713
61298051
61282024
61283935
61283069
61283774
61281774
61282294
61284034
61283366
61282978
61281571
61282320
61284060
61283564
61283953
61284242
61282255
61284313
61284392
61298386
61283026
61284376
61282264
61284087
61282405
61283155
61284580
61282438
61284388
61286523
61283935
61284527
61298721
61282951
61284677
61284173
61284877
61299236
61283068
61285024
61285002
61285118
61299146
61283978
61285208
61283045
61284906
61283074
61284032
61285262
61283109
61285066
61283100
61283712
61285500
61284811
61285448
61283403
61285397
61285544
61299761
61283642
61285523
61283558
61285661
61284174
61285503
61285956
61283916
61285739
61283712
61286003
61286075
61283837
61286615
61284949
61285962
61286027
61283922
61285824
61283920
61284933
61286242
61300029
61284594
61286451
61286162
61286395
61300610
61284819
61286546
61285854
61286521
61284230
61286525
61286511
61300809
61286404
61284671
61285129
61286839
61286071
61286803
61301039
61285070
61286852
61286696
61286809
61300613
61285995
61286960
61284920
61286815
61286501
61300824
61286179
61287397
61284875
61286824
61287125
61301127
61285604
61287317
61287326
61287476
61301233
61285702
61287538
61286887
61287516
61286480
61286645
61287541
61285385
61287561
61286435
61286972
61287879
61301881
61285878
61286081
61286614
61287991
61285872
61286260
61288159
61287422
61288179
61302151
61286654
61288439
61288235
61288399
61302830
61286758
61286739
61288416
61288601
61302672
61286819
61288878
61288001
61288689
61287697
61287593
61288935
61286779
61288712
61286551
61288842
61289044
61302885
61287835
61289178
61288452
61288282
61286683
61287563
61287505
61289090
61289206
61303380
61287678
61289415
61288463
61289243
61303281
61287260
61289483
61287344
61289355
61288456
61289619
61288364
61303557
61288389
61290023
61303540
61288565
61289736
61304108
61287803
61287895
61288391
61288279
61290024
61290086
61304189
61288578
61290240
61289752
61290396
61304618
61290328
61288448
61288678
61290427
61290567
61289483
61290626
61290801
61288484
61290687
61304783
61289543
61291070
61288938
61289124
61291245
61290594
61291233
61290136
61290866
61291272
61305108
61290273
61291368
61289232
61289275
61290286
61291310
61291559
61289492
61289544
61291549
61291155
61291548
61305567
61289825
61291924
61291533
61291711
61305814
61290270
61292150
61306112
61290212
61292189
61292037
61292345
61306194
61290776
61292400
61291697
61291831
61306289
61291238
61292372
61306768
61292192
61290370
61291226
61292699
61290648
61292533
61290741
61292616
61292691
61307276
61293462
61306697
61290278
61292565
61290760
61291211
61292887
61292318
61292240
61291942
61292835
61293057
61307307
61292769
61291955
61291980
61293194
61307508
61291374
61293310
61292819
61293359
61307115
61292027
61293520
61307729
61291355
61291648
61291377
61293252
61291366
61292317
61293568
61291703
61292877
61293431
61292573
61293685
61293709
61307977
61291934
61292750
61292827
61294084
61308131
61292083
61291683
61294110
61294247
61308246
61293059
61294340
61308750
61292376
61292692
61293115
61294458
61308587
61292808
61294620
61292467
61294365
61293370
61294495
61294659
61308655
61293214
61294999
61308968
61293296
61295046
61294444
61294973
61308832
61293302
61295186
61294436
61295034
61293178
61295267
61295326
61309643
61293506
61295435
61294695
61295379
61295109
61294689
61295092
61294282
61295400
61295582
61293483
61296363
61293536
61294395
61295652
61309855
61294046
61296043
61293996
61295799
61295016
61296155
61296094
61310261
61294319
61293925
61296360
61296545
61295787
61296338
61295490
61295304
61296636
61310650
61294944
61294455
61296256
61296704
61310741
61295248
61296910
61294842
61296802
61310871
61296194
61297182
61311346
61295363
61297264
61295728
61297172
61296967
61295135
61296451
61297310
61295372
61297131
61296395
61297124
61297589
61311705
61295924
61297665
61296924
61296813
61311464
61296023
61297709
61297348
61296929
61295929
61296282
61298193
61297453
61298069
61295946
61296493
61298185
61296155
61297187
61296159
61297308
61298242
61312563
61300913
61302911
61302611
61303084
61302772
61316952
61301404
61301244
61302748
61303475
61317443
61301558
61303335
61301080
61303926
61302222
61303385
61303396
61317169
61303345
61303527
61317746
61301615
61301993
61303436
61303634
61317724
61302515
61303936
61318233
61301799
61302064
61303781
61304510
61302020
61302400
61304112
61303365
61303932
61302399
61304199
61304162
61318073
61302593
61304418
61303863
61304260
61302452
61303744
61304739
61318767
61302663
61302791
61304495
61304372
61318525
61303646
61304790
61302559
61304522
61302604
61304618
61304817
61318749
61302922
61303362
61303085
61302856
61304765
61303032
61305077
61305227
61303071
61304942
61304046
61305038
61305256
61303974
61305185
61305360
61319479
61303527
61305462
61303831
61304536
61319290
61303858
61305640
61303501
61305053
61305169
61319418
61303744
61305419
61319436
61303388
61303642
61305463
61305576
61319935
61305420
61319658
61304084
61304200
61305839
61305778
61319844
61304229
61305945
61304018
61305927
61304136
61304608
61306362
61304120
61306840
61304080
61307068
61321627
61305845
61308010
61305942
61307820
61306975
61308352
61308622
61322322
61306683
61308451
61306411
61308234
61307389
61308501
61308593
61322757
61306976
61308614
61323024
61306695
61308747
61308544
61308592
61322911
61306831
61308808
61306802
61308646
61306817
61307313
61309206
61307067
61309109
61308117
61309246
61309243
61323178
61307413
61307442
61309283
61309355
61323696
61307642
61309451
61308642
61309138
61309571
61307458
61308355
61309820
61323882
61308050
61309742
61308903
61309293
61309607
61323371
61308524
61309730
61307574
61310366
61307767
61308228
61309938
61324225
61307940
61310088
61308761
61310122
61324340
61308487
61310320
61309535
61310922
61309231
61310298
61310390
61308394
61309471
61310456
61324370
61308778
61310467
61308389
61310274
61308517
61309202
61310603
61324941
61308927
61310733
61310174
61311150
61308814
61309533
61311101
61324693
61309888
61311029
61324878
61309382
61311279
61309024
61310888
61308601
61310464
61310271
61309094
61310149
61311461
61309369
61311199
61309404
61311425
61310608
61325348
61310311
61311668
61309563
61311739
61309551
61310359
61311934
61309756
61310516
61311890
61326300
61310249
61310308
61311927
61312190
61326184
61310797
61312344
61326156
61310293
61312468
61311907
61310211
61312398
61326491
61311034
61312692
61310624
61310797
61312729
61310713
61312754
61312966
61311765
61312901
61312993
61326974
61311349
61313113
61327445
61311160
61313261
61311225
61313119
61312111
61313346
61313347
61327514
61311932
61313435
61327750
61312677
61313611
61328076
61311760
61313535
61311419
61313280
61313596
61312976
61313657
61327728
61313042
61314680
61314072
61311994
61328328
61328236
61328244
61311972
61314012
61312403
61313838
61314312
61312073
61313286
61314261
61312132
61312308
61314456
61314014
61314469
61328390
61313000
61314791
61312652
61314499
61312780
61314715
61314756
61329064
61313283
61314969
61329225
61313451
61312866
61314554
61315176
61313555
61313021
61314981
61314023
61315204
61315310
61329330
61313618
61315235
61329690
61314283
61315894
61313205
61315342
61315413
61329302
61314123
61315308
61329619
61313479
61315370
61329694
61313841
61315704
61313501
61315672
61314455
61315433
61315645
61314068
61330068
61313906
61315862
61315170
61315768
61314783
61315799
61316554
61313656
61315994
61316008
61329820
61314452
61316186
61329892
61314617
61316296
61314218
61316189
61314148
61314945
61316384
61330788
61316236
61314892
61316253
61316557
61330475
61315556
61316544
61314579
61317218
61314564
61315324
61316848
61331098
61316436
61314580
61316802
61316003
61315756
61316772
61317008
61331274
61315381
61317217
61316381
61315161
61317234
61315006
61316873
61314822
61315846
61317373
61331665
61315410
61315487
61317277
61317478
61315362
61316352
61317783
61317184
61317874
61315474
61331125
61316281
61317723
61331815
61315907
61317853
61315628
61317557
61317819
61317582
61317770
61315692
61317018
61317951
61315788
61317612
61315753
61317849
61317989
61332279
61316639
61318246
61332324
61316440
61318393
61332520
61316472
61318380
61316275
61318163
61317188
61318242
61318368
61317249
61318245
61317379
61316778
61317849
61319086
61316502
61317314
61318608
61333094
61318378
61317554
61317366
61318648
61332575
61318759
61318923
61333000
61316885
61317238
61318532
61318208
61316911
61317658
61319096
61333438
61317057
61317055
61318811
61319026
61317401
61319230
61318429
61333148
61318490
61319502
61317201
61319410
61319471
61333302
61317694
61319527
61317583
61317745
61317801
61319481
61319706
61334000
61317901
61319843
61319674
61319766
61317663
61319405
61318542
61317579
61318878
61319808
61333831
61319489
61318768
61319203
61319095
61333812
61318925
61320145
61334218
61318092
61318374
61319647
61320379
61318284
61320315
61319112
61319351
61320285
61320360
61334385
61318801
61320565
61334623
61318863
61320726
61318525
61320461
61319528
61320572
61320544
61319696
61320483
61320094
61319802
61320718
61320838
61318773
61319557
61320883
61334970
61319146
61320968
61318951
61321034
61321030
61318951
61320110
61321218
61318932
61321097
61318998
61321145
61321234
61335206
61320297
61321169
61335122
61319504
61321289
61319136
61321024
61319341
61320771
61321168
61319134
61326312
61326828
61340656
61325715
61327057
61340963
61324848
61325123
61326561
61326036
61340788
61327131
61327053
61325105
61326072
61326387
61324789
61326832
61326927
61324787
61325739
61326969
61341280
61325146
61327096
61324939
61326848
61325891
61326995
61327097
61341186
61325789
61327200
61341353
61325549
61327176
61341508
61325316
61327293
61325020
61326908
61326012
61327028
61327273
61324970
61326225
61327336
61341212
61325572
61327234
61341139
61325478
61327394
61327014
61327315
61325531
61327630
61327644
61341739
61326167
61327839
61341745
61325862
61327788
61327722
61326876
61325773
61327859
61327972
61341934
61327086
61327972
61341939
61326334
61327921
61341796
61327107
61328071
61342043
61327131
61328068
61342259
61327179
61328195
61342475
61326225
61328202
61326086
61328744
61326931
61328053
61327278
61326118
61328142
61328217
61342192
61326627
61328316
61341563
61326852
61328214
61342015
61326423
61328160
61326082
61328021
61327040
61328042
61328021
61326090
61328282
61328511
61342549
61326952
61328662
61326543
61329311
61343129
61327647
61329007
61343208
61327427
61329263
61343204
61327270
61329226
61326998
61329060
61326886
61329262
61329434
61343366
61327642
61329653
61327415
61327522
61327733
61329110
61329673
61343643
61328685
61329609
61343982
61327762
61329832
61328947
61328843
61327722
61329386
61329854
61344147
61328237
61330094
61344439
61329877
61328930
61329970
61330086
61328968
61330190
61330289
61344328
61328672
61330522
61328317
61330328
61329405
61330503
61330544
61344438
61329686
61330647
61344502
61330668
61329661
61329604
61330620
61330637
61328596
61329868
61330908
61345019
61329380
61330328
61328742
61329577
61330978
61345097
61329350
61331196
61328971
61330910
61330038
61331174
61330982
61330196
61330877
61331328
61345327
61330565
61331516
61345663
61330476
61331345
61329355
61331492
61331530
61345424
61329776
61331513
61330704
61329707
61331684
61330940
61331703
61330499
61330063
61332231
61329516
61331677
61331735
61345995
61330102
61331801
61329833
61331796
61330233
61331751
61331939
61329936
61331163
61332169
61346157
61331171
61332139
61346368
61330539
61332382
61331590
61332117
61329831
61330274
61332210
61331352
61332553
61332618
61330512
61331811
61332697
61330615
61331382
61332773
61346614
61331690
61332910
61347074
61331405
61333057
61347072
61331745
61332961
61346992
61331433
61333081
61347156
61331492
61333249
61330989
61346725
61331402
61333019
61347320
61333115
61333303
61331152
61333241
61333214
61331207
61333313
61333388
61347205
61333494
61333582
61332426
61332003
61334181
61331175
61333161
61333496
61332662
61333716
61334674
61331899
61333151
61333606
61332734
61333378
61333815
61332803
61333467
61333949
61332765
61333408
61333747
61331961
61333231
61334551
61332280
61333605
61333928
61348178
61332957
61334454
61332269
61334241
61334340
61348389
61334415
61334548
61332405
61333141
61334641
61332487
61334672
61334720
61348935
61333117
61334806
61349237
61333096
61334840
61349072
61333895
61335029
61349206
61334102
61335012
61332907
61333049
61335290
61333164
61333183
61335256
61349615
61333426
61335400
61335234
61335357
61349740
61333870
61335580
61349629
61333956
61335597
61334998
61349610
61333390
61335583
61334753
61335300
61334295
61334887
61335317
61335658
61333662
61335485
61333976
61333621
61335546
61334240
61335745
61335693
61334095
61335180
61335933
61333919
61336052
61335892
61333710
61336087
61336066
61334233
61335660
61336060
61334180
61336228
61336180
61334452
61335708
61336276
61333972
61335725
61336225
61334631
61336058
61336383
61336768
61335959
61337461
61334848
61336917
61336958
61334879
61335725
61337150
61351208
61335794
61337147
61335116
61337116
61337245
61351471
61337366
61337335
61335191
61335999
61337403
61351210
61337318
61337475
61351714
61336757
61337763
61351674
61335999
61337688
61351762
61335903
61337685
61351839
61336266
61337931
61352137
61335951
61337952
61337119
61335999
61338000
61352386
61336119
61337310
61336530
61337560
61337769
61352083
61336713
61337881
61352411
61336823
61338162
61336063
61338200
61338221
61352388
61336576
61338351
61336287
61339089
61336612
61338036
61339113
61336203
61338435
61338588
61336424
61336485
61338448
61338758
61338147
61338616
61339031
61353417
61337144
61339028
61353022
61337968
61339001
61352971
61337854
61339087
61352960
61338256
61339313
61353480
61337651
61339388
61353512
61337579
61339457
61353836
61337963
61339625
61337578
61339401
61337841
61339073
61340274
61339779
61338998
61339545
61337838
61339300
61339638
61337433
61339262
61339689
61339903
61339118
61339710
61340020
61337908
61339892
61338185
61339585
61340721
61340109
61337918
61339765
61338036
61339860
61340327
61354480
61339493
61340365
61354617
61337622
61338300
61340175
61354578
61338506
61340305
61338162
61341029
61338555
61339752
61340248
61338037
61339776
61340296
61338249
61340081
61340406
61339459
61339115
61340639
61338468
61340308
61340831
61338455
61338687
61340736
61340854
61340271
61340835
61341145
61340240
61340760
61341083
61355654
61339552
61341265
61355576
61340379
61341251
61339985
61341299
61341251
61355640
61340336
61341378
61355370
61339826
61341450
61355637
61339867
61341700
61339547
61341483
61339786
61341596
61342380
61340700
61341740
61341880
61339740
61341258
61342591
61340772
61341467
61342661
61339673
61341566
61342206
61340209
61342182
61341230
61340225
61341687
61342408
61340384
61341335
61342508
61356325
61341223
61342709
61356900
61341466
61342750
61340737
61341602
61342777
61342490
61356170
61342527
61342270
61340534
61342674
61342736
61340616
61342736
61342066
61341723
61342705
61342767
61340651
61343017
61343113
61341789
61342949
61343171
61341922
61343000
61342174
61342056
61342757
61341333
61343326
61357474
61341624
61343313
61341341
61343130
61343470
61342785
61343230
61341598
61342874
61343212
61343699
61357537
61341788
61343768
61357614
61341946
61343771
61357871
61341959
61343765
61357962
61342322
61350041
61363947
61348304
61350105
61364229
61348280
61348120
61349355
61348050
61350349
61364496
61348472
61350267
61364599
61348455
61350339
61348183
61350211
61349345
61348221
61350092
61350470
61348314
61350352
61349405
61350093
61348626
61350723
61364809
61349058
61350696
61364873
61349521
61350832
61364521
61349817
61350931
61350254
61348313
61350239
61348679
61351825
61350339
61350161
61352580
61351777
61351802
61352422
61367029
61353055
61353114
61353283
61353396
61353473
61353481
61353585
61353583
61353666
61353756
61367934
61352077
61353967
61351840
61351928
61352035
61354129
61368021
61352666
61354040
61354466
61368674
61354558
61354599
61354826
61368929
61354748
61353936
61354917
61352624
61353068
61354866
61355130
61369291
61354843
61354819
61355210
61369038
61354010
61355154
61355512
61369573
61355153
61353633
61355442
61369513
61355469
61355284
61355621
61369586
61354368
61355546
61355726
61369687
61355771
61355579
61355892
61355889
61355914
61369972
61355900
61355845
61356209
61370250
61356063
61355991
61356222
61370632
61354996
61355540
61354683
61370720
61354768
61356436
61355290
61354322
61354621
61356704
61370574
61370119
61355542
61356545
61355441
61354558
61355121
61356893
61356976
61370820
61355647
61356993
61355025
61371469
61355325
61357028
61355163
61356333
61355480
61357142
61356037
61355035
61355406
61357362
61357292
61371339
61357336
61357367
61357471
61371622
61356406
61357450
61357650
61371539
61357435
61356622
61355576
61371863
61357469
61357370
61357857
61371725
61357669
61357573
61357961
61372077
61357520
61355941
61358188
61358046
61372487
61356882
61358141
61358272
61372345
61357407
61358081
61358357
61372599
61358364
61358148
61358536
61372688
61358495
61359036
61358613
61372506
61358279
61358493
61358806
61372621
61358221
61358658
61359029
61357750
61356728
61357168
61358583
61358765
61359177
61356992
61358325
61357438
61359209
61357255
61373641
61358275
61359230
61357160
61357018
61356446
61357190
61358906
61358980
61373053
61359010
61357304
61359353
61357226
61358631
61359205
61359515
61357368
61358879
61357642
61359646
61357229
61374054
61358728
61359555
61359683
61373642
61358869
61359522
61359818
61357681
61359161
61357966
61360149
61357978
61374639
61358756
61360208
61358148
61358255
61358500
61360531
61358442
61360442
61360394
61360669
61374854
61360198
61360409
61360719
61374862
61360681
61360510
61360799
61375086
61360713
61360614
61361091
61374823
61359461
61359044
61361168
61358823
61375508
61360311
61361170
61361307
61375543
61361068
61360996
61361309
61359298
61360796
61359463
61361584
61359413
61361235
61361426
61361664
61375934
61360843
61361834
61360624
61359783
61361875
61362460
61362029
61376207
61361890
61361746
61362147
61376114
61361419
61360344
61362126
61361624
61361861
61376104
61361920
61362536
61362082
61376399
61360197
61360383
61362381
61360343
61361669
61360802
61362464
61361308
61376619
61361188
61362544
61361436
61361864
61360723
61362649
61361499
61362022
61360985
61362712
61362816
61377212
61361548
61362833
61362834
61377009
61361553
61362864
61363123
61377293
61363026
61362794
61363107
61361048
61362425
61361435
61363162
61361466
61361100
61361550
61363444
61362213
61361306
61361780
61363428
61363354
61377286
61362489
61363354
61361246
61377368
61362945
61361828
61363596
61361220
61377678
61363666
61363559
61363722
61378194
61362047
61363805
61362077
61361784
61362138
61363793
61363961
61378392
61363880
61363835
61364097
61378545
61363022
61363199
61364167
61378550
61363156
61364341
61363110
61362268
61362606
61364349
61363100
61361991
61378211
61363596
61362267
61364175
61361843
61362129
61362542
61364312
61364301
61378196
61364260
61364838
61364391
61378753
61363215
61364346
61364549
61378935
61364601
61364433
61364650
61378457
61364688
61364592
61365079
61379246
61364987
61365068
61363410
61362866
61363237
61365166
61379258
61364930
61364933
61365267
61379530
61364507
61365232
61365371
61379538
61365258
61365117
61365403
61379765
61364640
61365499
61365593
61379620
61365542
61365637
61365741
61363626
61364189
61365790
61364606
61365082
61363928
61365970
61364790
61365169
61364128
61365789
61364116
61380269
61364615
61365745
61366130
61380276
61366034
61365887
61366190
61380381
61366142
61365970
61366290
61380405
61366122
61366095
61366398
61380106
61365133
61366227
61366492
61380748
61365022
61364880
61366692
61366669
61364508
61365985
61366436
61366776
61380769
61366732
61366656
61366969
61365690
61364920
61365395
61367183
61365118
61366718
61366974
61367314
61365997
61366562
61365733
61367388
61365118
61365568
61366080
61367721
61365880
61381837
61367660
61367585
61367970
61381969
61367891
61367727
61368130
61382358
61368027
61368763
61368466
61382131
61367912
61366360
61368286
61366032
61367629
61366945
61368424
61368470
61382733
61368405
61368162
61368492
61366411
61366909
61368550
61366557
61367917
61366701
61368921
61366736
61368045
61367106
61368918
61367235
61383183
61367945
61368858
61367017
61383112
61368948
61368777
61369090
61366963
61368337
61367196
61369122
61366899
61368940
61368878
61369089
61383019
61368979
61368958
61369247
61383203
61367907
61369062
61369300
61383573
61369307
61368786
61368826
61369194
61383371
61369173
61369211
61369339
61383650
61369336
61369216
61369395
61383210
61367850
61367474
61369475
61367362
61369010
61369379
61369733
61384095
61369743
61369711
61370000
61383993
61368657
61368190
61369882
61370130
61368096
61369641
61368442
61370237
61368148
61369848
61368378
61370283
61370555
61384739
61370545
61370353
61370618
61384761
61369752
61369023
61370677
61368881
61385113
61369705
61369764
61370892
61384621
61370293
61368837
61370872
61368469
61368717
61369215
61369907
61371059
61368970
61370447
61369303
61371235
61369972
61369052
61369478
61371181
61369031
61385435
61371354
61371135
61371414
61385536
61370573
61371527
61371655
61386137
61370453
61371666
61371934
61385902
61371797
61371602
61371946
61386147
61371938
61370179
61371936
61369885
61371324
61369813
61371128
61372038
61372036
61385995
61372043
61371929
61372119
61386113
61371979
61371975
61372223
61370454
61370239
61370607
61372450
61371351
61370469
61370580
61372694
61371612
61386913
61371712
61371855
61372621
61387127
61372915
61372519
61372910
61386841
61371201
61372612
61372922
61387442
61370941
61372916
61371303
61373283
61371953
61387537
61372138
61373203
61373331
61387183
61373304
61371516
61373514
61372259
61371454
61371891
61373368
61373434
61387841
61372569
61373485
61373637
61387530
61373090
61371890
61373738
61372547
61372947
61371755
61373930
61372702
61371847
61372222
61373956
61372863
61388190
61373971
61373786
61374150
61388174
61373702
61372373
61380820
61378373
61394972
61380911
61381575
61381107
61395103
61380868
61380748
61381112
61378842
61380555
61379432
61381364
61381089
61379840
61379039
61379541
61381158
61380197
61395306
61381306
61381199
61381410
61395556
61380244
61381273
61381733
61395704
61381644
61381664
61381875
61395682
61381474
61380231
61381920
61380876
61396471
61381145
61381965
61382107
61380025
61381470
61380179
61382327
61396032
61382235
61381995
61382281
61396331
61382264
61380696
61382645
61380682
61397033
61381386
61381429
61381920
61382902
61396823
61382325
61381053
61382958
61381056
61396901
61381535
61382864
61381191
61397378
61383002
61381033
61383184
61381905
61381114
61382330
61382870
61383231
61381056
61382485
61381611
61383150
61381528
61397542
61383305
61383120
61383481
61397207
61382868
61381758
61383506
61381724
61381417
61381932
61383651
61381978
61397926
61383835
61384422
61383994
61398042
61383559
61382233
61384101
61383851
61383991
61398115
61382890
61383874
61384238
61382101
61383732
61382383
61384240
61381959
61382361
61382757
61384425
61382704
61382414
61382885
61384662
61383496
61382620
61383994
61384322
61384847
61399175
61384758
61384638
61385056
61398696
61384852
61383065
61385004
61385156
61399418
61383466
61385209
61383328
61399686
61384109
61385225
61383429
61399294
61383888
61384984
61385441
61399259
61385232
61385160
61385473
61399550
61385510
61383760
61385676
61399507
61399488
61384976
61384000
61385782
61385879
61399896
61385828
61385773
61386048
61384762
61383955
61384299
61386221
61385140
61384059
61384451
61386308
61384219
61385784
61384507
61386508
61385331
61384315
61385392
61386317
61386678
61400824
61386640
61386646
61386884
61400843
61386599
61387559
61387012
61384834
61384761
61385960
61386421
61387344
61386900
61400954
61386544
61386622
61386833
61400956
61386877
61386853
61387152
61385999
61401557
61385907
61387314
61387439
61401171
61385318
61385717
61387556
61387462
61401899
61386536
61387489
61387689
61401472
61387008
61386038
61387594
61387658
61401814
61387541
61387376
61387632
61401901
61387625
61387460
61387722
61401814
61387783
61387602
61387802
61401804
61387791
61388361
61387847
61385553
61385802
61386300
61388061
61385934
61387332
61386377
61388031
61388108
61402371
61388036
61387878
61388317
61386102
61386296
61386616
61386946
61388429
61388427
61402546
61387887
61388259
61388644
61386361
61387769
61386793
61388602
61387028
61386491
61386965
61388633
61387505
61403027
61387189
61388651
61388934
61402845
61388787
61388745
61389031
61403195
61389011
61387011
61389111
61387343
61388852
61403135
61388866
61388687
61388973
61403362
61387748
61388207
61387244
61387218
61387370
61387570
61387667
61390034
61389472
61387241
61388820
61387652
61389584
61403326
61389406
61389372
61389750
61403828
61389709
61390308
61389837
61403773
61387644
61388880
61389766
61388072
61387854
61388297
61390178
61404198
61390192
61390007
61390272
61404401
61390173
61388444
61390445
61388260
61389644
61388743
61390603
61390577
61404312
61389049
61388550
61390633
61388496
61390120
61388797
61390723
61388651
61390613
61390640
61390953
61389597
61388901
61389371
61391126
61389037
61390640
61389499
61391353
61391265
61391396
61391524
61391556
61390403
61389403
61405763
61405956
61389575
61391420
61389622
61390886
61391713
61391787
61389698
61389851
61391131
61391998
61392149
61406419
61390857
61391978
61391611
61392303
61390016
61391561
61390660
61392195
61392361
61406504
61391868
61391524
61393183
61392704
61390637
61391057
61392701
61392853
61392944
61391385
61390937
61390702
61407190
61407392
61407118
61391126
61392705
61392501
61393122
61391546
61393444
61393559
61407434
61392314
61393472
61393737
61407952
61393546
61393518
61393763
61393699
61408102
61392504
61393750
61393841
61407783
61393642
61393631
61393992
61407708
61393544
61393708
61394072
61391959
61392016
61392453
61394187
61391981
61408639
61394079
61392480
61394412
61392322
61393714
61392519
61394592
61392591
61394006
61394544
61394837
61393670
61392688
61393768
61394720
61395016
61408951
61394352
61394980
61394778
61395095
61394983
61395087
61392864
61394584
61393337
61395084
61395021
61409575
61395247
61395130
61395505
61393392
61393384
61392799
61394188
61394991
61395280
61409030
61409821
61395390
61395331
61395514
61409393
61394833
61393593
61395659
61395850
61410239
61395809
61395603
61395830
61410059
61395307
61394259
61395900
61396024
61410202
61395894
61395962
61396189
61409880
61395368
61394464
61396183
61396311
61395138
61394160
61395379
61396880
61396345
61410635
61396407
61396311
61396648
61394572
61410670
61396571
61396375
61396664
61410471
61396325
61394733
61396820
61394468
Peak: 62180760
Average: 60383559.66801959
