0
120494
491757
827256
1558986
2141814
2569184
2999510
3503574
3866648
4351771
5219176
5395941
5852765
6187382
6682739
7128437
7373738
7777796
8336270
8756285
9032821
9350118
9576385
9918691
10689144
11144626
11735735
12423859
12735374
13075156
13555662
14087953
14567947
15171940
15658106
15985078
16302851
16526772
16659403
16725235
17070305
17236257
17524926
17911807
18063521
18286256
19584279
19404705
19583475
19691512
19692672
19927163
20116759
20265462
20433653
20814955
21232730
21386612
21959700
22460462
23163039
23403808
23722155
24104192
24410377
24543689
24690445
24898585
25115025
25421605
25825360
26142351
26631844
27004763
27609815
28298212
29106374
29738186
29918756
29923684
29927060
29941108
29952727
30103664
30546095
31214838
31479198
31734309
31902540
32091237
32321967
32385245
32429682
32520754
32594698
32738424
33170221
33214588
33765334
33822651
34345051
34465414
34641626
34689273
34659311
34741124
35046474
35152723
35738411
35866166
36193362
36753511
36824600
37083364
37768509
37984077
38378773
38378629
38378729
38378897
38241531
38693773
38892944
39071752
39124763
39211070
43159765
43172011
43470919
43489337
44103533
44139576
44209893
44263056
44312879
44346601
44432657
44462959
44519839
44573732
44626816
44682373
44666115
44900985
45123177
45200045
45674637
45845847
45858422
46459583
46804023
46887965
46942668
47163322
47186525
47340165
47512661
47581293
47665471
47983315
48119147
48361608
48564681
48645908
48796256
49229806
49233599
49239955
49243209
49387555
49398453
49412167
49414605
49444412
49451796
49454912
49471903
49477579
49392056
49529391
49632856
49774753
49940730
50188334
50268331
50356330
50383170
50419250
50452397
50529874
50567126
50725838
50807607
50874660
51056295
51417862
51557681
51925215
52229608
52492488
52755862
52949980
53387016
53772512
54330184
54545704
54563886
54631270
54706837
54704821
54878805
54982504
55061514
55204382
55208431
55210646
55214698
55217881
55167525
55589520
55918651
55990638
56116037
56540076
56963638
56996602
57027688
57382062
57454765
58316088
57739631
58015003
58144129
58211747
58250404
58567702
58690216
58444813
58606853
58587376
58919653
59668645
59846857
59937369
60010313
60067737
60123185
60303004
60340151
60911080
61842645
60903214
60956035
60752495
60756052
60757766
60761459
60762009
60762927
60765425
60764864
60765851
60769076
60770006
60771094
60773192
60775745
60776372
60778361
60779102
60780345
60780704
60781130
60782930
60783666
60784655
60785446
60786236
60785124
60788033
60788761
60789308
60788139
60790156
60791346
60790694
60790575
60793247
60794190
60792845
60798586
60798941
60797033
60799963
60799041
60798946
60801596
60800201
60802182
60802623
60802942
60803757
60802384
60804793
60802805
60805428
60806003
60804477
60807768
60807498
60809108
60810162
60809769
60811506
60814805
60813745
60816366
60816868
60815478
60815709
60818125
60818977
60817337
60820136
60820185
60821438
60821225
60822573
60823415
60823978
60824462
60823079
60823288
60825970
60824800
60827299
60828043
60828043
60829645
60831674
60832337
60830541
60833176
60833750
60833017
60833110
60836237
60835998
60834652
60837585
60837659
60836877
60839584
60839244
60839233
60840265
60838810
60840560
60841666
60840278
60843596
60843139
60844997
60847474
60846862
60847301
60845852
60847761
60847767
60848781
60847779
60851199
60850372
60849886
60848792
60850298
60852015
60850688
60853276
60854827
60855499
60852456
60854886
60856347
60856214
60857820
60856990
60857434
60857762
60862368
60861002
60861902
60863973
60862653
60861484
60863692
60863976
60866175
60864653
60867309
60865974
60864495
60865529
60865491
60866185
60870305
60868847
60871255
60870066
60869251
60870221
60868789
60870968
60873504
60871081
60871831
60870389
60873621
60873681
60875889
60875315
60876835
60877617
60877213
60878233
60877805
60878993
60879232
60877784
60879686
60882729
60880586
60880986
60881585
60881862
60882212
60881379
60880782
60882383
60883116
60884109
60882590
60889777
60887698
60887910
60888407
60886929
60891601
60887737
60892692
60890205
60890540
60890928
60889346
60889862
60891726
60896015
60893306
60893514
60893947
60892678
60897669
60894999
60898028
60895888
60894395
60896514
60897782
60900337
60900094
60901066
60904989
60902002
60901772
60902813
60902505
60903477
60902150
60902033
60904177
60904275
60904313
60905104
60905803
60905789
60906696
60905376
60910478
60907485
60905938
60908444
60907371
60909149
60910095
60916279
60912762
60913103
60913504
60913384
60914240
60913015
60915109
60915351
60915653
60914151
60920167
60916640
60916975
60917451
60916077
60921777
60917378
60918295
60919281
60918357
60917747
60919955
60927620
60923511
60923182
60924809
60925171
60925596
60924190
60924108
60924693
60924823
60926954
60927632
60925815
60928176
60933194
60928816
60928549
60929504
60928002
60930305
60928601
60930948
60929240
60931591
60929904
60930992
60935492
60934281
60934048
60936283
60941564
60937286
60942540
60937885
60936252
60938593
60938020
60937124
60939383
60937977
60940499
60940963
60941459
60940662
60942366
60942171
60943071
60943495
60943841
60949600
60944702
60947239
60948093
60948031
60948996
60948486
60949674
60947809
60950211
60956214
60950518
60956851
60951580
60950148
60952484
60951572
60953170
60952567
60952165
60952495
60960306
60955191
60953558
60955931
60956227
60956331
60957633
60960686
60961023
60959473
60967113
60961729
60967924
60962530
60968540
60962773
60963119
60963982
60963319
60964749
60964471
60965314
60965269
60966225
60965210
60965067
60965079
60973446
60967685
60966205
60968314
60975358
60972066
60971919
60972819
60979713
60973684
60973634
60974411
60973664
60973012
60973589
60982380
60976168
60974672
60977020
60977354
60977629
60984335
60978111
60985398
60978960
60978764
60979805
60979792
60980383
60979060
60979018
60983764
60991311
60984760
60984889
60985338
60985779
60986204
60984538
60993581
60987037
60985394
60987851
60988141
60988566
60987253
60988097
60987588
60997154
60990224
60997909
60990861
60990569
60991562
60991924
60992240
60993546
61002570
60997124
61004186
60995722
60995629
60997786
61006088
60998648
60998504
60999592
60999828
61000311
60999787
61000855
61001162
61001631
61000281
61000202
61000695
61010311
61003064
61011335
61003814
61003448
61007347
61006981
61007953
61007320
61006477
61016377
61009103
61007607
61010180
61010396
61011011
61009749
61011798
61011634
61012462
61011498
61011095
61011631
61021730
61013805
61022632
61014745
61014529
61015511
61015617
61018826
61027281
61019154
61027755
61019617
61028961
61018577
61020853
61019231
61021864
61021880
61022340
61021806
61021316
61023214
61023445
61021772
61032810
61032591
61033378
61024231
61024206
61025554
61034466
61024101
61027123
61026820
61036133
61030091
61029072
61030764
61029050
61040515
61030114
61032146
61041496
61041342
61033037
61033496
61031637
61034308
61033305
61035597
61044636
61036196
61036429
61035030
61036600
61037323
61037965
61047604
61036719
61039028
61038511
61037931
61038224
61040280
61041129
61043677
61043855
61042223
61044607
61054230
61043666
61043505
61044141
61046020
61055969
61045111
61046101
61045857
61057292
61048371
61058767
61049508
61059309
61050655
61059793
61048692
61049072
61049859
61049801
61050412
61052923
61053491
61065326
61056603
61066524
61056787
61056496
61057496
61057735
61058211
61058535
61058979
61058323
61059599
61058903
61060393
61060598
61060985
61061326
61061765
61060102
61062382
61072741
61062706
61063362
61076525
61065053
61067143
61066669
61067430
61065978
61066757
61068765
61066868
61068996
61067466
61068346
61070439
61080856
61069360
61069669
61070055
61069911
61072394
61072819
61083890
61073065
61071572
61073176
61074510
61074058
61075027
61075984
61078417
61089730
61078869
61090358
61080380
61091924
61081056
61092381
61080057
61080177
61081050
61082508
61081067
61082227
61094821
61083746
61095651
61084563
61095946
61085406
61083715
61083974
61085246
61086818
61085701
61090129
61090410
61090698
61091060
61091464
61091775
61092278
61091075
61093058
61092756
61093674
61105499
61094056
61106309
61093026
61095404
61095494
61095793
61095962
61096511
61094810
61097672
61108983
61095927
61096981
61096400
61098760
61101322
61102359
61102051
61102914
61101201
61101765
61103608
61104270
61102302
61102759
61105235
61105491
61118075
61104045
61106679
61106607
61107220
61119266
61105960
61108160
61120289
61106499
61107638
61107345
61107433
61108025
61122457
61113014
61125860
61113626
61126396
61114337
61127322
61114940
61127824
61116499
61114053
61116159
61129348
61116809
61130247
61117709
61115598
61118112
61131093
61119091
61117473
61119749
61119967
61120156
61133554
61120871
61137336
61124550
61137917
61125153
61125002
61126094
61125759
61126779
61126413
61127348
61127552
61127936
61127139
61129565
61127789
61128532
61129458
61130954
61131320
61131097
61131915
61130283
61132638
61132367
61133291
61132880
61136520
61136745
61137221
61137522
61137926
61137399
61138587
61138063
61139206
61137335
61138297
61138543
61139019
61155075
61139833
61139963
61141288
61142470
61142982
61142948
61143646
61143827
61144351
61144641
61145100
61145049
61148387
61148612
61148986
61148019
61149534
61149256
61150256
61150071
61150971
61151173
61151660
61151218
61151783
61150406
61151023
61153078
61152503
61153717
61153423
61152001
61153137
61153397
61154454
61154292
61154392
61154195
61157061
61156845
61157012
61156336
61156749
61171337
61156827
61171217
61155470
61156159
61155736
61155212
61157265
61171437
61157186
61171574
61157294
61171416
61157283
61171649
61157473
61171918
61157636
61172064
61157649
61155704
61157883
61157116
61157879
61157423
61157987
61155731
61157774
61172455
61157887
61172396
61156012
61156052
61156449
61158124
61156862
61158238
61157889
61158106
61157883
61158101
61157953
61158216
61156513
61158130
61157732
61158272
61156044
61158237
61157425
61158355
61156100
61158150
61156130
61158337
61156221
61158377
61173730
61159247
61173900
61160035
61173365
61159011
61159689
61157515
61159690
61157708
61157844
61161631
61158316
61159574
61159231
61159731
61173940
61159785
61174301
61159667
61174059
61159720
61158096
61158452
61157965
61158451
61160212
61158919
61160153
61160144
61160407
61159811
61160345
61159656
61160340
61174344
61158339
61160489
61159104
61160505
61159587
61160497
61159542
61160612
61159680
61160748
61159503
61160638
61160517
61160708
61159371
61160721
61174728
61175051
61158711
61160186
61175015
61158763
61159357
61159255
61160990
61174997
61160337
61160685
61161086
61174874
61159931
61159159
61161145
61175436
61160232
61161155
61161140
61159062
61160101
61161287
61159440
61160637
61160939
61161180
61159221
61161322
61159352
61160098
61159565
61160146
61159530
61161250
61161635
61160683
61161726
61161672
61161755
61161431
61160832
61160513
61159980
61161744
61158929
61159391
61161285
61159258
61161406
61175833
61161531
61175869
61161485
61176070
61161697
61159831
61161857
61159779
61160168
61159888
61159956
61160124
61175744
61160006
61176043
61161860
61176380
61162030
61160038
61162303
61160218
61162346
61161674
61162482
61162637
61162400
61162466
61162471
61162632
61162586
61162645
61161409
61162575
61176464
61162296
61176358
61162339
61176855
61162365
61176474
61162048
61161877
61162325
61161992
61162464
61164081
61163960
61164104
61161995
61163976
61178364
61163971
61162255
61162453
61162485
61163287
61164350
61164178
61164390
61163797
61164272
61178652
61162601
61164410
61162434
61164480
61178643
61164365
61178639
61162783
61164725
61164539
61164578
61162455
61164542
61179099
61164208
61164566
61164223
61164587
61162574
61164644
61179065
61164585
61178959
61164633
61164841
61164196
61163150
61162907
61163082
61163118
61164020
61165157
61164847
61165080
61164559
61165144
61164383
61165197
61165301
61162854
61179305
61165613
61179411
61165832
61179318
61164323
61165000
61163232
61163632
61163402
61163775
61165464
61164383
61165466
61164804
61165536
61163369
61165440
61179819
61165340
61179843
61165965
61179752
61165299
61179755
61163949
61165776
61164076
61165707
61180240
61164598
61179903
61165700
61179890
61165679
61179719
61164034
61164125
61164228
61164029
61164025
61164075
61164250
61164573
61164736
61166232
61164813
61166224
61165894
61166124
61165462
61166105
61163997
61166118
61163986
61166114
61164116
61164673
61164221
61164383
61164002
61164293
61164053
61164176
61164160
61164389
61164658
61165076
61166278
61180604
61166241
61180516
61164711
61164537
61164910
61164625
61166660
61166765
61181159
61166781
61181076
61166620
61164688
61165277
61166939
61166490
61167067
61166357
61165114
61165888
61166905
61167260
61167036
61166923
61181083
61165355
61165482
61166509
61168067
61182948
61167236
61168972
61168181
61167094
61169044
61169173
61169108
61168504
61169158
61167101
61169120
61167141
61169163
61167068
61167809
61169542
61168127
61169493
61168596
61169533
61168268
61169785
61168679
61169595
61169403
61169553
61183984
61168305
61183702
61169285
61183445
61167750
61168549
61167925
61169740
61169612
61169738
61183514
61169135
61169445
61168237
61169599
61167476
61169757
61167692
61169925
61167754
61169862
61167880
61170052
61184137
61169825
61184297
61169916
61184142
61169899
61184161
61168663
61170403
61170266
61170451
61170303
61170515
61168378
61168552
61170403
61168831
61170822
61185239
61170675
61168939
61170981
61185115
61169330
61170852
61168937
61170872
61171013
61170695
61170178
61171142
61171154
61170121
61170932
61170204
61169755
61171555
61171576
61185417
61169993
61171730
61185599
61169866
61171645
61170822
61171328
61170516
61171510
61171315
61169688
61171633
61170212
61171850
61186301
61171496
61170073
61171787
61172040
61186318
61171772
61170305
61171633
61172227
61186512
61170590
61172266
61170290
61172970
61170278
61171341
61172503
61171760
61185713
61169786
61172204
61171956
61172347
61171651
61172106
61172895
61171170
61170181
61172847
61170254
61170873
61172343
61170452
61172156
61172404
61172819
61171946
61171008
61172437
61172746
61172662
61186994
61171278
61172638
61170765
61171377
61173097
61187360
61171168
61172949
61173163
61171161
61172895
61187268
61171281
61171127
61171676
61171234
61173273
61173424
61187403
61173166
61171385
61171755
61173491
61187665
61173556
61173576
61172136
61172158
61173826
61188000
61171840
61171919
61175234
61175181
61189304
61174209
61175033
61175410
61173236
61175046
61189254
61173815
61175474
61175292
61175220
61175584
61175718
61173650
61174016
61175756
61190088
61174472
61175681
61189978
61175406
61173727
61174097
61175930
61175073
61175751
61175161
61175883
61189145
61173278
61189391
61173876
61175701
61175679
61175888
61189791
61175476
61176056
61175938
61176075
61174022
61176013
61174997
61174410
61176195
61174347
61174869
61176277
61175478
61174372
61176301
61190663
61176135
61176472
61176002
61176433
61176599
61174535
61177228
61176671
61191054
61176245
61176606
61174515
61176464
61174554
61175643
61176841
61190717
61176525
61174785
61176097
61176607
61174747
61175741
61176956
61190923
61176827
61177060
61174821
61176990
61177398
61176956
61176093
61177286
61175976
61175174
61177078
61177252
61191611
61177042
61191018
61175635
61177338
61177155
61177302
61176676
61177282
61176698
61177475
61176673
61177210
61191462
61177133
61191435
61175715
61177422
61175467
61177663
61177504
61177716
61177520
61177753
61191260
61177104
61191917
61177461
61191621
61175847
61175699
61176150
61175712
61176118
61177972
61175781
61178577
61178075
61177512
61178211
61176023
61178093
61176012
61178072
61176230
61178252
61192697
61176279
61176630
61178388
61177651
61178195
61192361
61176962
61178702
61178574
61178670
61177079
61178669
61176652
61178685
61192790
61177025
61177704
61177256
61177152
61178760
61178870
61176761
61178844
61193340
61178840
61192945
61178344
61179178
61193603
61179717
61193485
61177225
61177204
61177515
61176893
61177600
61179463
61179195
61179372
61179191
61179409
61179261
61179459
61178702
61179540
61177271
61179368
61177397
61179419
61193626
61179375
61179686
61177462
61179709
61194038
61179828
61194020
61179697
61181625
61177869
61179644
61194078
61177979
61178807
61194413
61179940
61196192
61181743
61180244
61181985
61182095
61180292
61182153
61182321
61181533
61182313
61196655
61182117
61181210
61182360
61182609
61180313
61182386
61196718
61183145
61196901
61180946
61182779
61182627
61182986
61182729
61182839
61182871
61182906
61182347
61183055
61180837
61183095
61182430
61183057
61181020
61183117
61181056
61183102
61180984
61182132
61197374
61183051
61180936
61181346
61181032
61182006
61183191
61182622
61183351
61181126
61183237
61197167
61182980
61197081
61183095
61197604
61181508
61182239
61181775
61181039
61182260
61181476
61181779
61181423
61183701
61182948
61183656
61181452
61181635
61182683
61181499
61183659
61181622
61183764
61183694
61183879
61182038
61198195
61183900
61182371
61198171
61197387
61183804
61183842
61198068
61197736
61183701
61198542
61184182
61198657
61183337
61182620
61184405
61182319
61184129
61184197
61182142
61184156
61182938
61182318
61184822
61184118
61183498
61184456
61183351
61198631
61184324
61182831
61184663
61183391
61183088
61184633
61182451
61182683
61182846
61184962
61199192
61185333
61182787
61183136
61183048
61184899
61184886
61184269
61184875
61184168
61184907
61183073
61198846
61183278
61183265
61183978
61185106
61185122
61185358
61183740
61185453
61184518
61185531
61199763
61185150
61199346
61185145
61199651
61185349
61199829
61185311
61199458
61183666
61199589
61183826
61184666
61184106
61184018
61184980
61185879
61184275
61185930
61200217
61185857
61199886
61185681
61200279
61185796
61199993
61185833
61186101
61199764
61185428
61199910
61185522
61183526
61183922
61184025
61184075
61183441
61185211
61186097
61184067
61186229
61184298
61186324
61184311
61186398
61200364
61186038
61200284
61186266
61200714
61186268
61201020
61186233
61200370
61185680
61186641
61186037
61186431
61200386
61184690
61184447
61184761
61184538
61184764
61184394
61186599
61186715
61185951
61186471
61200833
61184956
61184740
61184959
61185114
61185994
61187102
61186879
61187040
61186922
61187134
61186508
61187048
61184973
61186142
61201357
61186847
61201126
61186921
61201478
61187714
61189520
61189365
61189533
61187445
61188110
61189629
61187575
61189446
61187652
61188715
61189861
61187595
61189558
61187702
61188215
61188076
61188746
61188202
61190022
61190248
61187927
61188235
61190010
61190012
61190203
61189600
61190161
61204475
61188157
61188150
61188439
61188141
61188640
61187867
61189296
61190332
61190136
61190297
61188720
61190409
61204573
61190192
61204320
61190026
61204498
61188861
61190512
61190295
61190590
61189699
61190435
61188525
61190437
61188445
61190402
61204870
61191051
61204430
61188605
61188566
61188870
61188576
61189048
61190826
61190695
61190880
61205020
61190540
61204775
61188946
61189729
61190020
61191128
61190412
61191216
61189022
61190675
61205303
61191782
61189193
61189638
61191426
61191158
61191394
61190819
61191434
61189281
61191378
61205764
61191011
61205519
61191229
61205516
61189492
61190325
61190599
61191560
61191460
61191741
61191148
61191756
61190333
61191418
61191586
61191547
61191848
61189743
61191802
61189858
61191774
61206204
61191584
61189817
61191846
61191970
61191425
61192071
61190024
61192145
61206071
61191874
61206048
61190239
61190146
61190563
61192499
61191738
61192416
61191668
61192377
61190381
61192472
61190445
61192587
61206994
61192439
61206890
61190794
61190537
61191009
61192794
61191498
61192875
61192740
61192850
61192038
61192914
61190836
61192882
61207361
61192737
61207025
61192726
61206988
61190985
61191005
61191361
61191069
61191466
61193145
61193089
61193226
61191169
61193365
61207290
61191683
61193468
61193231
61193440
61191314
61193510
61191590
61193547
61191681
61192819
61208165
61193853
61191440
61193664
61194196
61193576
61194246
61191492
61192127
61193998
61193829
61194089
61191980
61193036
61208532
61193843
61191997
61192486
61192939
61192646
61194403
61194122
61194481
61194340
61194477
61208846
61194336
61208695
61192472
61192249
61192666
61192402
61192596
61192041
61192900
61192626
61193163
61194777
61194758
61194892
61194196
61194938
61192980
61193339
61193119
61193310
61194039
61194036
61195300
61195193
61195247
61195075
61195212
61209657
61195888
61209644
61193449
61195498
61195291
61195572
61194186
61195499
61195453
61195590
61194970
61195534
61209887
61195608
61210033
61196217
61209521
61193706
61194618
61194109
61195846
61195520
61195876
61210331
61195823
61210148
61198144
61212334
61197944
61196053
61197056
61198417
61197629
61198505
61212744
61197935
61198362
61196262
61198284
61212729
61198338
61196342
61198436
61212758
61198158
61212495
61196824
61198661
61198342
61198554
61197910
61198693
61196591
61197685
61212628
61198441
61212767
61198604
61212938
61198644
61199056
61198412
61199082
61213287
61199435
61213236
61199558
61213289
61197347
61197502
61198266
61199210
61199054
61199348
61198557
61199375
61197152
61197072
61198811
61197102
61197574
61199314
61198748
61199302
61213569
61197569
61199477
61199042
61199445
61213807
61197564
61199562
61213760
61198723
61199689
61198955
61199636
61214040
61199392
61213678
61198059
61198001
61198865
61199853
61198276
61199869
61214208
61199581
61214101
61197878
61213860
61198188
61197661
61198315
61197958
61198454
61213183
61211538
61212611
61214768
61213587
61215314
61214081
61215547
61215275
61215918
61213913
61215972
61230682
61216152
61230774
61214935
61215065
61215430
61216882
61216675
61217058
61216167
61216800
61231441
61216947
61231298
61217796
61231456
61215384
61215127
61215448
61215110
61215888
61215596
61215802
61217611
61217466
61217815
61217355
61217684
61215565
61215878
61215883
61217659
61217799
61217753
61217972
61217690
61217758
61231929
61216161
61216038
61216524
61216511
61217340
61218383
61218136
61218294
61216294
61218337
61216458
61218504
61232852
61216670
61216403
61216710
61217475
61216953
61217420
61217452
61218774
61217904
61218581
61232539
61218412
61232558
61218592
61232907
61216985
61216991
61217374
61216899
61218533
61217148
61218953
61217738
61219180
61216979
61219151
61217118
61218314
61233745
61219396
61233580
61219373
61217213
61218687
61219887
61217837
61219907
61234344
61219738
61233770
61218269
61219016
61219290
61220384
61220314
61220437
61219655
61220258
61218204
61220281
61234858
61220207
61218259
61218694
61218324
61219314
61220646
61220517
61220637
61218453
61220526
61235015
61220611
61234588
61220466
61235049
61220715
61234832
61220700
61218844
61219227
61220885
61220777
61221422
61235099
61219058
61218893
61219355
61218998
61219977
61221156
61221060
61221214
61220816
61221288
61219186
61221219
61219264
61220494
61235338
61219511
61218997
61220068
61221459
61221458
61221670
61221624
61221737
61221623
61221788
61219757
61219489
61219916
61221479
61221780
61221262
61221741
61219663
61221907
61219768
61221967
61236293
61221610
61219767
61221857
61222069
61220134
61222166
61236264
61222147
61236536
61220506
61220826
61221541
61222547
61221581
61222665
61222558
61222705
61221152
61222714
61237073
61222562
61236952
61220736
61223345
61223731
61223691
61224056
61225567
61225525
61225710
61239986
61225346
61239738
61225462
61239958
61225580
61239854
61224990
61226090
61225777
61225911
61225297
61225656
61224179
61224327
61226160
61226114
61226128
61225367
61226294
61224240
61226160
61224206
61226348
61240826
61226298
61240706
61226325
61240651
61226376
61240625
61224748
61224265
61225766
61226823
61225486
61226866
61226769
61226869
61224720
61226861
61226549
61226609
61226869
61241186
61227476
61240550
61225108
61226896
61226324
61226799
61240884
61226609
61226802
61241257
61226552
61240798
61226606
61241177
61224910
61224595
61225299
61225184
61225750
61227121
61226534
61227116
61226662
61227310
61225133
61227128
61241517
61226986
61241410
61225341
61225207
61226135
61227279
61227233
61227445
61226828
61227471
61226761
61227439
61241956
61227209
61241548
61225575
61241570
61225806
61225748
61226193
61226166
61227131
61227832
61227110
61227353
61228137
61228201
61228427
61227608
61228286
61242744
61228901
61242429
61226218
61226338
61226912
61228602
61227869
61228553
61226451
61228590
61226461
61228445
61242552
61226824
61227643
61227344
61228871
61228127
61228818
61225979
61226771
61226582
61227036
61227143
61228047
61229011
61228777
61229150
61228495
61229053
61227095
61228427
61229371
61243460
61229092
61243338
61227615
61227695
61229106
61229515
61227386
61229456
61243597
61228037
61229696
61243932
61227719
61229645
61228935
61228881
61244077
61229423
61243671
61227991
61227765
61229699
61229833
61229045
61229702
61243949
61229608
61243940
61227778
61243594
61228240
61227504
61229832
61230068
61229273
61229890
61244143
61229711
61244086
61229334
61229980
61244193
61229993
61244175
61228595
61228997
61229401
61230259
61229872
61230320
61230151
61230408
61228180
61230291
61244581
61230173
61244293
61228683
61229344
61230477
61230641
61230544
61230678
61229989
61230659
61228653
61230648
61227965
61229591
61230675
61229976
61230640
61245022
61229005
61228763
61230933
61230910
61230461
61230939
61245373
61229527
61231107
61228940
61231037
61245546
61230916
61245092
61229623
61231462
61230179
61231502
61229560
61231466
61245989
61232149
61245621
61231402
61229584
61230892
61232025
61231384
61231843
61246029
61231701
61246122
61231714
61245799
61230039
61229984
61231037
61232046
61231997
61232339
61231435
61232218
61246724
61232162
61246185
61230401
61231337
61231164
61232258
61231512
61231373
61232563
61230369
61232600
61230549
61231831
61246958
61232307
61230451
61231542
61232602
61231961
61232573
61230594
61232661
61246454
61230847
61246510
61230939
61230899
61231827
61232938
61230935
61232906
61230767
61232806
61234625
61232526
61232683
61230752
61232910
61247239
61231835
61247385
61232905
61233225
61231198
61233183
61231327
61233349
61247804
61233064
61247638
61233230
61247801
61233240
61231626
61232178
61233542
61231464
61233325
61247601
61231790
61231784
61232097
61231934
61232171
61236872
61235903
61236830
61236623
61236842
61236105
61237029
61234763
61236095
61251557
61237170
61237234
61251647
61236897
61250952
61235540
61237277
61237276
61237525
61236888
61237457
61235290
61237342
61251605
61235543
61235551
61237621
61237474
61237025
61236653
61251746
61235938
61237654
61237492
61237554
61235449
61237610
61252130
61237490
61251503
61235938
61235452
61236847
61237780
61237351
61237820
61252124
61237593
61251753
61236185
61236207
61234761
61235580
61237878
61252200
61236155
61235834
61236624
61238035
61237511
61238096
61237335
61237965
61252477
61238727
61236206
61237128
61238385
61238363
61238391
61252688
61238298
61252440
61236539
61236784
61237426
61238491
61238336
61238453
61236429
61238424
61252710
61236471
61236129
61236820
61236780
61237987
61238555
61236552
61238634
61238726
61253171
61238521
61238679
61236540
61238660
61252632
61239030
61236724
61237196
61236902
61237243
61239052
61238955
61239146
61238427
61238964
61253446
61238993
61253629
61237465
61239373
61239129
61239290
61253302
61239008
61237254
61237641
61237526
61238217
61239477
61239388
61239579
61238996
61239683
61253709
61239302
61253863
61237839
61239549
61239383
61239517
61253824
61239276
61238957
61253253
61237802
61239590
61239554
61239616
61237586
61239659
61254018
61240496
61253906
61237989
61238815
61238752
61240180
61239578
61240022
61253962
61238168
61238069
61239293
61240404
61239616
61240249
61254364
61238221
61239187
61240097
61240377
61254586
61240326
61254486
61240246
61238516
61238951
61240828
61240608
61240649
61238537
61240651
61254805
61240053
61240566
61254958
61240383
61238653
61238927
61238400
61240625
61240834
61240193
61240818
61238391
61240292
61240949
61255345
61240568
61239795
61239987
61241124
61240730
61240939
61238902
61241186
61255148
61241747
61255640
61241116
61239373
61239828
61240370
61240723
61241691
61240370
61241642
61240998
61241662
61255720
61241393
61255879
61239831
61239680
61240144
61241334
61241625
61239804
61241845
61242045
61240975
61240077
61240870
61241124
61241918
61255856
61242135
61240400
61240051
61239720
61242153
61240069
61240361
61241219
61242273
61242413
61240413
61242121
61256665
61242171
61256524
61240708
61240201
61242478
61242498
61240434
61241739
61256799
61240599
61240592
61241050
61240788
61241774
61242786
61242566
61242902
61240926
61241996
61257324
61242974
61243138
61242565
61242175
61257513
61241246
61241205
61242668
61243339
61257571
61241834
61243517
61243396
61243594
61241455
61243487
61257674
61243410
61241629
61242087
61241259
61242862
61243734
61241792
61241879
61242175
61243369
61243968
61258002
61241937
61244088
61244066
61244182
61242053
61244025
61258376
61243982
61242160
61242585
61244346
61244118
61241482
61241820
61242939
61244044
61243926
61244152
61242036
61243771
61244180
61242150
61244346
61258280
61244010
61243135
61242715
61244455
61244430
61244666
61243758
61244524
61258568
61244215
61258528
61242849
61244778
61244599
61244784
61244140
61244783
61258871
61244042
61245180
61244505
61244946
61243026
61244661
61259479
61244924
61243385
61244313
61245430
61243318
61245323
61259559
61243511
61244244
61245319
61245435
61245078
61245526
61243401
61244692
61259915
61245349
61259672
61244023
61245931
61244463
61245797
61245077
61244717
61259812
61247081
61247209
61249136
61249293
61248605
61249511
61263743
61249134
61247307
61247730
61250294
61263709
61247955
61249566
61263586
61248083
61249850
61249712
61249951
61264163
61248085
61249323
61263713
61247884
61247926
61264219
61249592
61247964
61248997
61249880
61248290
61249934
61264176
61248048
61247727
61248212
61250041
61249583
61250190
61247935
61249165
61264295
61248103
61264383
61248287
61247740
61248801
61250298
61249719
61250290
61264676
61250402
61264298
61248781
61248789
61250520
61250708
61248617
61249724
61265014
61248882
61250841
61250703
61250915
61264913
61250585
61251011
61265117
61250760
61264907
61249312
61251175
61249749
61251123
61250787
61251132
61265483
61251024
61265194
61249705
61249548
61251366
61251452
61249404
61251559
61265268
61249738
61251557
61251340
61251729
61251495
61249540
61250593
61266089
61251489
61249619
61250119
61251880
61251695
61251760
61249709
61251792
61265883
61251314
61251851
61249626
61250955
61265973
61250023
61265940
61250424
61252062
61252067
61252241
61250061
61252192
61266189
61251921
61250164
61251846
61252239
61266577
61250361
61250472
61251022
61252340
61250508
61251684
61252696
61266583
61251052
61252765
61252256
61252843
61267250
61253506
61250801
61251273
61252938
61252407
61252961
61267314
61252793
61267425
61251411
61253231
61253243
61253333
61252884
61253486
61267793
61253430
61253575
61251650
61253601
61251787
61253764
61253643
61253660
61251531
61252615
61267970
61253436
61251679
61252137
61253802
61253630
61253815
61254045
61252700
61253990
61251902
61253989
61268077
61252108
61252059
61253256
61254299
61253466
61254195
61268365
61252554
61254243
61252751
61254344
61254394
61251653
61253275
61254456
61253668
61253448
61268872
61252742
61254719
61254611
61254745
61252656
61253962
61254972
61252699
61254912
61269017
61254716
61269188
61254729
61268830
61253430
61255242
61254991
61255180
61269086
61255136
61255375
61253352
61255268
61253971
61254686
61253510
61255439
61269371
61255144
61269366
61253595
61254336
61254409
61255773
61253548
61254754
61269554
61254808
61255865
61255224
61255088
61253623
61255795
61256079
61270345
61255777
61254098
61256130
61256144
61253932
61255793
61270415
61255867
61270038
61254514
61256422
61256281
61256964
61270239
61254753
61256552
61255270
61256681
61254518
61256710
61270515
61254899
61256718
61256692
61256812
61254686
61256834
61271101
61256046
61257127
61256630
61256996
61254376
61255162
61257087
61256972
61257044
61271157
61257303
61257115
61255034
61257257
61271454
61257024
61271608
61255520
61257356
61256896
61257430
61271459
61255279
61255639
61257388
61257528
61256713
61257616
61271978
61257225
61271748
61255652
61256515
61256543
61257915
61255966
61257937
61272155
61258718
61256032
61256617
61258351
61257871
61258292
61272223
61258126
61257213
61257443
61258472
61258323
61258529
61258589
61272681
61256962
61258699
61258642
61258752
61256671
61259322
61272966
61257233
61256532
61257101
61258809
61256823
61259001
61259258
61273254
61259041
61257185
61258379
61259489
61257475
61257903
61259694
61258814
61259502
61273816
61258673
61259844
61259949
61259963
61274150
61257856
61259994
61259859
61259269
61261849
61258852
61259673
61274254
61258104
61260053
61258047
61259120
61258831
61259303
61260329
61259500
61260181
61274484
61258985
61260443
61274697
61260189
61274423
61260198
61274496
61258961
61258935
61260732
61260762
61274561
61259678
61260839
61260670
61260991
61258927
61260894
61275105
61259211
61261126
61275274
61259520
61260270
61261256
61261290
61259100
61261221
61275700
61261124
61261464
61259222
61260554
61275719
61259585
61259496
61260060
61261729
61259617
61261464
61275840
61259816
61259419
61261894
61262229
61259998
61265705
61279992
61264163
61265962
61263897
61264921
61266079
61265992
61266276
61280355
61265912
61280211
61266072
61280568
61264537
61264055
61266377
61266428
61264923
61266693
61280545
61266515
61266871
61268516
61265776
61266305
61280226
61264826
61266587
61266514
61266691
61264691
61265536
61280581
61264847
61266533
61265943
61266726
61264727
61266606
61265488
61280853
61266669
61266669
61264869
61265914
61267119
61266910
61265520
61267441
61267205
61267342
61281776
61267128
61281209
61265508
61266323
61266502
61267463
61266953
61265590
61267543
61266912
61267463
61281777
61265534
61266360
61266214
61267700
61267032
61267754
61282253
61267794
61282147
61268298
61267849
61282358
61267653
61265821
61266896
61268102
61268104
61268394
61282609
61268242
61282790
61268102
61282656
61266355
61266433
61266827
61268717
61268350
61268610
61268704
61266677
61268696
61282802
61268548
61282712
61268141
61268746
61267537
61268836
61269068
61283433
61268806
61268741
61267831
61268861
61269240
61266910
61269146
61283393
61267286
61266742
61269217
61269316
61267309
61269215
61283673
61269126
61267351
61267697
61269584
61269538
61269795
61267536
61268579
61283624
61269462
61283628
61268081
61269917
61268574
61269954
61269152
61269857
61284181
61269612
61270002
61284020
61268453
61270135
61268633
61270298
61284630
61270013
61270281
61268333
61270304
61284635
61268967
61270612
61270433
61270577
61284843
61270593
61270627
61284918
61268750
61268753
61269105
61270921
61270776
61270977
61284765
61268786
61271006
61285197
61269155
61269135
61269580
61271430
61271036
61271149
61285412
61271815
61285347
61269544
61271452
61271304
61271510
61285514
61271227
61270028
61285630
61271224
61285966
61269693
61271236
61285662
61271179
61269527
61269903
61271712
61271711
61271824
61269375
61270804
61271848
61286108
61271778
61269799
61270071
61270992
61286266
61270329
61272279
61272038
61272295
61270359
61271137
61272784
61271828
61272458
61286865
61270745
61270948
61272676
61272762
61270609
61272679
61286839
61272588
61272997
61272332
61272965
61287348
61272817
61287324
61271450
61273205
61273084
61273344
61273482
61287424
61273551
61273651
61288020
61271790
61271315
61273540
61273787
61288097
61274246
61273807
61273094
61273823
61288326
61273750
61271993
61272390
61274137
61273643
61274208
61272004
61274125
61288090
61272966
61274436
61272161
61274371
61288833
61274209
61288262
61272673
61274369
61273766
61274652
61273619
61273873
61274806
61271986
61273896
61274520
61273858
61273440
61288781
61272822
61272587
61274617
61274730
61274295
61273397
61275056
61274360
61275262
61289212
61274974
61274215
61274214
61275536
61274892
61275422
61289453
61275151
61274364
61275294
61274270
61274559
61289849
61273822
61275703
61275646
61275879
61290081
61275379
61273443
61290047
61274050
61273773
61275759
61275957
61273842
61275737
61289996
61274349
61274904
61275975
61276065
61273939
61275839
61276075
61290327
61275783
61274002
61274399
61276256
61276087
61276261
61274057
61275355
61290707
61276363
61276226
61275354
61275457
61276630
61275887
61276588
61290629
61276402
61274584
61275018
61276779
61276093
61276812
61276865
61291210
61276878
61275935
61276952
61290764
61275437
61277174
61274997
61274504
61275204
61276981
61276247
61276952
61291300
61274996
61275514
61275058
61275677
61277315
61275101
61277259
61291522
61275594
61276365
61276063
61277477
61277042
61276718
61291794
61277287
61291385
61275769
61275855
61277468
61277824
61291828
61275726
61275953
61277603
61277795
61275515
61277612
61292022
61277467
61275662
61292183
61276207
61276089
61292167
61276231
61278013
61277214
61277154
61292045
61277887
61276093
61277296
61278101
61277085
61276936
61278348
61276184
61277315
61292656
61276311
61278504
61292866
61278290
61292340
61276796
61276825
61278799
61278916
61276854
61277360
61279081
61278953
61279049
61293263
61277099
61277966
61278741
61279136
61279233
61279193
61278262
61293403
61279423
61277712
61277133
61279694
61293824
61279594
61278401
61293496
61278987
61278782
61279172
61279611
61293651
61279552
61279504
61279769
61278987
61279442
61279670
61278882
61279501
61279907
61277781
61280005
61294212
61278172
61278913
61280001
61284370
61298371
61284053
61282388
61282720
61284409
61284360
61284446
61282522
61283577
61284652
61282485
61283766
61298445
61282783
61284493
61284420
61284728
61298994
61283522
61284872
61284163
61284956
61299192
61283158
61283827
61284966
61285041
61282928
61283585
61285268
61283230
61284040
61284489
61299109
61283640
61285425
61285250
61285462
61299351
61285135
61283429
61283925
61285651
61285462
61285548
61299526
61285382
61283344
61284798
61285957
61285453
61285864
61299750
61283945
61284860
61284636
61285935
61300222
61285684
61286014
61300404
61285893
61300013
61283702
61285817
61299986
61284049
61284034
61284503
61286308
61300310
61284557
61286574
61286453
61286638
61284751
61285917
61300913
61285061
61286894
61286817
61286897
61301101
61285218
61287006
61301259
61285379
61287027
61286304
61287036
61301344
61286829
61284946
61285404
61287216
61285155
61287071
61301337
61285238
61287212
61287190
61287477
61285150
61286493
61301340
61285476
61285909
61287476
61287641
61286883
61287717
61302022
61285676
61288217
61301585
61286146
61287890
61287772
61287919
61285739
61287785
61301910
61285992
61288076
61286810
61287949
61288001
61302182
61286243
61288370
61286113
61287120
61288401
61287507
61286988
61302376
61286561
61288418
61287897
61286780
61288654
61288047
61288645
61289355
61289805
61304208
61288228
61289894
61304420
61288769
61290369
61288291
61290514
61304986
61290645
61289229
61290861
61291111
61288845
61291007
61305161
61289271
61291128
61289060
61291051
61290035
61290012
61291277
61289172
61291720
61290236
61290052
61291184
61305614
61289697
61291382
61289307
61291360
61305551
61289644
61291525
61291356
61289650
61291672
61290095
61291832
61305646
61290055
61291931
61291428
61291999
61306240
61290258
61292009
61291398
61291827
61305965
61290347
61292009
61291309
61291850
61306349
61290568
61292278
61306227
61292216
61292196
61306623
61290486
61292508
61292291
61292377
61306571
61291178
61292513
61291419
61291440
61292657
61307115
61290827
61292873
61307111
61291821
61292945
61307259
61291259
61293164
61290815
61292780
61292005
61290804
61306419
61292510
61291687
61290674
61292821
61293128
61291043
61293140
61307393
61291636
61293250
61291121
61293033
61292134
61291344
61293150
61291707
61293496
61293630
61307651
61293549
61291515
61293816
61293833
61307706
61293429
61294185
61308168
61292532
61294309
61292129
61293912
61293064
61294295
61294360
61308407
61292681
61294452
61292302
61292889
61294709
61292562
61294390
61292602
61294606
61294719
61309016
61292721
61292996
61294139
61294440
61292621
61293818
61294782
61292664
61294627
61292819
61294094
61294672
61293891
61292845
61294706
61293187
61294881
61295103
61309462
61294835
61292712
61295051
61295003
61309120
61293989
61295219
61293147
61293536
61295369
61309581
61295005
61294034
61295146
61295283
61309432
61293648
61295286
61293133
61293972
61295005
61309449
61294975
61309261
61294469
61295368
61309244
61294050
61295451
61309861
61295348
61295366
61309544
61294109
61295599
61309574
61294633
61295869
61309737
61294204
61295893
61310173
61293950
61295985
61295693
61295806
61309949
61294872
61295961
61295433
61295953
61309712
61294117
61296107
61293823
61295108
61296096
61309972
61294212
61296192
61295561
61296615
61294085
61294581
61296253
61295731
61296344
61310655
61294700
61296539
61296066
61296483
61310571
61295591
61296820
61294231
61296778
61296648
61310911
61295058
61296771
61294710
61297270
61295409
61296647
61296862
61311071
61296546
61294748
61295873
61296906
61310836
61295162
61296848
61294770
61296625
61294813
61295669
61297033
61311337
61296693
61294672
61297001
61294712
61296848
61294732
61296004
61297170
61311046
61295461
61297178
61296434
61297772
61296055
61297307
61297355
61311513
61295473
61297361
61296686
61295967
61297707
61295448
61297305
61296447
61296311
61297501
61311788
61296250
61295586
61297584
61311847
61296042
61297663
61297001
61297781
61295763
61296657
61297924
61312087
61296310
61297999
61295686
61298491
61295892
61297164
61298115
61296126
61297936
61296053
61296786
61298272
61296122
61297400
61312071
61296698
61298462
61296326
61298903
61298295
61296299
61298475
61297452
61298519
61298334
61296574
61298585
61298664
61313132
61298433
61296663
61298690
61298807
61313039
61297220
61298855
61296848
61298603
61297656
61298682
61298884
61312958
61297061
61299052
61298931
61299047
61313252
61299212
61297205
61299010
61296782
61298670
61297788
61298575
61299043
61296858
61299053
61297929
61298110
61313280
61297643
61299602
61313804
61297684
61299576
61299140
61299656
61297690
61298955
61299939
61313768
61297984
61299885
61299264
61299607
61300064
61314378
61297967
61300136
61299591
61300022
61314360
61303237
61304848
61319258
61304920
61305091
61302978
61305026
61305197
61303060
61303772
61305248
61319503
61303497
61305296
61319614
61303737
61305498
61304798
61305209
61303721
61304995
61305388
61303337
61303921
61305655
61319924
61303798
61305775
61305017
61305654
61304539
61305688
61305692
61319638
61303995
61305787
61319769
61304930
61306044
61319992
61304125
61304298
61304144
61305834
61306307
61320283
61305293
61306278
61304144
61305267
61306388
61306089
61305516
61306101
61304921
61304145
61306084
61304327
61305354
61306608
61304488
61307167
61305398
61305109
61306486
61320392
61305587
61306704
61320988
61304961
61306737
61321137
61304838
61306713
61306099
61306735
61304670
61306790
61306753
61306959
61321464
61306779
61305116
61306489
61306828
61305572
61307116
61306082
61304660
61306292
61307253
61305236
61307049
61304865
61305699
61307183
61321470
61307142
61307279
61306126
61307258
61306433
61321447
61305823
61307273
61306476
61306057
61307722
61307911
61305624
61307461
61305629
61306829
61307817
61322036
61307773
61307858
61306792
61307493
61307917
61305927
61306612
61308056
61322165
61307106
61308040
61322423
61306066
61308064
61322498
61306570
61308366
61306270
61307994
61307098
61308162
61306172
61308124
61322763
61307563
61308658
61322842
61308362
61307791
61306801
61308846
61308729
61308967
61309074
61306897
61307115
61309157
61322929
61307820
61308876
61306815
61307124
61307321
61309325
61323476
61307668
61309357
61307117
61308813
61309423
61309625
61323775
61307940
61309674
61307626
61309525
61323715
61308816
61309926
61307824
61309671
61308714
61309850
61309942
61324253
61308757
61310056
61307954
61309839
61308946
61310082
61310315
61324311
61308578
61310243
61324110
61309351
61310333
61324722
61308667
61310473
61308446
61310260
61309422
61310612
61310246
61310733
61309990
61309103
61310765
61325175
61310510
61309686
61310739
61310766
61308554
61325226
61309028
61311048
61310178
61311404
61308956
61311048
61311134
61325208
61309448
61311147
61310510
61309937
61309706
61324470
61309004
61310984
61310315
61310921
61308739
61325408
61309240
61311118
61309043
61310880
61308995
61310693
61311117
61310039
61311042
61311233
61325400
61310628
61311103
61309435
61310028
61311534
61325436
61310167
61311383
61311426
61311449
61310488
61325866
61310763
61311880
61326287
61311649
61310777
61311656
61311820
61325723
61310299
61312077
61309972
61311921
61310433
61311963
61312025
61310062
61312107
61312278
61326400
61310568
61312058
61311064
61312264
61312425
61326342
61310856
61312521
61310497
61313061
61311387
61312373
61312414
61312569
61310505
61312379
61311484
61312507
61312524
61326651
61311836
61312743
61310666
61312802
61312741
61310853
61311633
61312973
61326900
61311624
61313004
61326923
61310982
61312736
61312944
61310991
61311697
61313125
61310817
61311028
61312954
61313383
61312910
61313317
61311194
61312255
61313433
61327747
61311510
61313460
61311323
61312203
61313526
61327435
61312739
61313724
61327875
61311819
61313796
61328117
61313082
61314070
61328247
61312381
61314070
61328402
61312056
61314211
61311949
61312203
61313975
61313116
61312649
61314197
61328044
61313353
61314036
61314346
61314225
61314287
61328246
61312865
61314640
61312619
61314293
61312853
61313975
61313754
61314691
61328724
61312951
61314701
61328628
61313156
61313743
61313788
61314753
61315016
61328809
61313122
61315051
61314287
61314732
61313932
61314958
61315037
61315360
61313149
61313328
61315425
61314750
61316049
61315634
61329877
61315552
61315613
61313432
61314439
61315703
61315329
61314865
61315463
61313436
61314658
61315785
61329928
61314621
61315528
61329866
61314562
61315573
61313692
61315785
61315863
61330096
61314189
61316079
61313824
61315874
61330008
61315642
61316021
61315002
61315994
61316179
61330013
61314589
61316323
61330589
61316307
61316567
61330519
61315553
61316759
61314725
61316582
61315485
61315171
61316668
61330809
61315096
61316935
61316889
61315787
61331044
61316422
61315428
61317090
61317170
61330953
61316318
61315671
61316921
61317298
61315248
61316952
61316035
61315020
61315553
61317293
61331826
61315367
61317536
61315257
61317097
61317643
61331984
61316601
61317629
61331923
61315590
61317684
61317590
61317733
61317903
61332225
61315840
61317913
61315892
61317552
61316721
61315705
61316868
61318002
61332228
61315575
61317426
61316530
61317663
61317694
61315755
61317830
61317949
61315969
61317487
61318858
61316560
61318181
61318359
61332224
61317088
61318325
61318658
61316485
61319089
61318731
61332706
61317083
61318793
61316717
61318866
61316674
61333582
61318791
61317868
61318959
61318070
61317056
61317603
61319313
61318490
61318928
61317461
61317097
61319097
61319114
61333452
61317959
61319292
61333291
61317267
61319500
61319532
61319309
61319497
61333349
61317925
61319730
61333977
61317788
61319789
61333904
61318100
61319834
61318818
61319427
61319872
61318034
61319373
61319797
61318984
61318145
61319941
61318488
61318643
61319314
61318212
61319310
61320295
61334198
61318486
61320233
61318179
61320115
61318235
61318387
61319321
61320596
61334830
61320498
61319677
61334512
61318775
61320717
61319789
61320572
61319696
61320715
61320739
61321038
61334773
61320099
61321123
61335554
61320842
61319984
61319885
61321180
61318991
61335762
61325057
61326654
61340571
61324869
61326763
61326210
61326683
61324597
61326720
61326786
61340867
61340881
61325905
61326914
61340731
61326047
61327106
61325028
61327005
61326133
61327245
61325664
61327353
61341827
61325656
61327489
61325360
61327122
61325610
61327348
61327580
61327466
61341623
61325766
61327671
61327211
61326833
61341752
61326248
61327718
61325253
61325631
61328590
61326757
61327886
61328033
61325998
61327992
61326454
61328308
61326196
61328006
61326432
61327681
61328068
61327199
61327873
61328105
61328347
61342263
61327383
61325982
61327927
61328695
61328401
61328810
61328767
61330756
61326655
61342539
61327294
61328797
61342923
61327043
61328756
61327009
61329477
61326888
61329035
61329066
61343144
61327390
61329154
61343435
61327099
61329168
61343281
61328274
61329426
61343747
61327726
61329751
61329079
61329507
61328368
61329558
61329695
61343582
61328486
61329965
61327801
61330373
61328729
61329804
61329968
61344050
61328156
61329790
61329038
61330051
61329388
61328215
61329829
61328520
61330333
61329733
61330854
61328362
61329184
61330520
61344492
61344822
61328640
61330569
61328549
61331163
61328627
61330200
61329871
61328493
61330664
61330900
61345084
61329211
61328910
61331066
61328903
61330638
61329155
61330514
61331206
61329885
61345329
61330342
61331333
61345294
61330076
61331463
61345457
61330371
61331519
61345432
61329747
61330116
61331108
61345511
61329679
61331443
61329481
61331630
61330466
61345884
61330362
61332195
61346197
61330423
61332205
61346399
61330246
61332278
61346172
61330939
61332367
61346085
61331413
61332463
61330484
61332280
61346393
61331318
61332852
61346520
61332052
61332497
61332858
61331335
61332832
61346864
61331229
61332952
61330772
61332800
61332051
61332975
61333040
61333240
61347479
61331650
61333298
61331220
61333095
61331620
61347314
61333374
61333476
61347235
61332665
61333572
61347678
61331831
61333637
61347522
61333542
61333419
61333711
61347837
61332049
61333742
61348077
61331703
61333667
61332493
61333734
61348096
61332254
61333980
61331824
61333736
61334145
61348357
61332542
61333957
61334195
61332056
61333903
61331986
61333766
61333333
61333157
61347640
61332765
61333745
61332226
61333410
61334196
61348398
61332770
61334586
61348582
61332921
61334642
61332559
61334580
61333693
61332689
61334850
61334923
61349114
61333285
61334947
61349099
61333076
61335180
61332904
61334764
61335142
61349428
61333827
61335197
61349528
61334939
61334132
61335244
61335322
61349187
61333712
61335405
61349740
61335357
61335442
61333118
61335326
61334463
61333435
61335504
61335566
61350293
61335434
61334456
61335045
61335592
61335679
61349966
61334120
61335871
61350386
61333870
61335868
61335459
61335276
61336323
61350120
61335146
61336286
61334242
61337020
61334882
61334873
61336394
61352812
61335872
61337964
61338336
61336547
61337737
61338893
61336910
61339490
61336877
61353429
61338775
61336943
61337952
61339179
61337221
61338916
61338978
61353156
61336973
61336965
61353532
61338321
61339266
61337205
61339186
61353706
61337370
61339463
61338918
61339339
61353526
61337828
61339438
61338288
61339574
61339575
61353612
61339413
61353631
61337932
61339957
61339172
61339721
61339933
61354175
61338145
61339954
61338545
61340045
61354260
61339569
61339980
61337844
61339543
61340172
61354476
61338668
61338412
61338657
61340450
61340560
61354736
61338884
61340744
61339929
61340651
61354882
61340554
61338746
61339255
61341061
61354943
61340883
61340845
61355191
61339187
61341239
61339040
61339845
61341235
61355505
61339139
61339465
61339993
61341371
61355257
61340987
61340207
61341258
61341422
61340159
61339277
61341100
61340331
61341395
61341481
61340283
61340738
61341221
61341244
61355359
61340570
61341701
61355985
61341409
61341647
61355665
61340064
61341753
61341019
61340881
61339724
61339969
61341881
61356045
61340323
61342022
61341928
61342100
61356366
61340390
61342370
61341139
61342117
61342169
61356633
61340630
61342463
61341648
61342308
61356269
61340800
61342435
61341817
61342375
61340218
61356872
61341304
61342660
61341453
61342291
61343207
61342720
61357004
61341226
61342988
61342237
61341867
61357232
61341112
61341336
61342917
61343057
61357368
61341248
61341941
61343316
61343405
61343516
61342707
61342433
61341396
61341864
61343556
61342878
61343326
61341422
61342006
61343614
61342846
61343657
61357561
61341684
61343839
61357919
61342321
61343959
61343363
61343050
61358385
61342342
61344788
61343165
61344387
61342280
61344284
61343595
61344272
61358598
61342575
61342751
61344407
61344472
61358294
61342855
61344688
61358882
61342707
61342989
61344792
61342830
61344637
61343853
61344753
61343833
61344912
61359068
61343298
61345179
61344658
61345144
61359112
61343317
61345348
61345087
61345248
61343931
61359372
61343527
61345411
61345293
61345502
61343416
61345064
61345495
61344702
61344529
61345801
61360371
61346338
61344698
61345875
61345971
61360157
61344243
61345772
61344332
61344597
61346050
61360364
61344511
61346286
61345779
61346254
61360715
61344599
61346154
61344752
61346384
61346593
61345396
61346594
61346785
61360591
61344785
61344549
61346702
61346952
61361250
61346612
61345767
61346944
61346907
61347117
61346472
61347115
61361102
61345482
61347232
61360733
61346279
61347277
61361465
61346115
61346570
61361697
61345807
61347736
61345460
61347335
61346586
61346402
61347759
61345616
61347736
61347876
61362098
61347587
61346688
61347714
61347899
61362346
61347692
61345898
61346655
61347590
61348146
61347484
61348641
61346223
61346946
61348183
61348342
61346052
61348015
61348154
61348339
61347285
61347215
61348483
61346298
61348365
61346864
61346498
61347547
61348295
61348378
61348544
61348610
61348573
61348595
61348662
61348717
61346618
61363081
61348657
61348668
61348153
61348042
61349037
61349096
61346854
61346968
61348980
61346926
61348824
61346668
61348500
61349308
61349248
61348562
61349082
61347311
61349384
61349435
61363647
61348970
61347442
61349563
61347311
61355232
61352890
61354828
61355297
61354387
61355711
61355615
61355327
61353409
61355356
61354563
61355582
61355668
61353600
61355252
61355498
61354047
61353889
61355627
61353921
61355929
61355932
61354054
61356085
61356102
61354153
61354176
61355972
61354505
61356082
61356198
61370454
61355307
61356342
61370474
61354789
61356523
61354223
61354786
61356574
61354496
61356357
61356871
61370670
61355331
61355051
61356672
61354371
61354667
61356579
61355080
61356056
61356645
61354740
61356286
61356847
61370928
61355285
61356974
61371210
61355011
61357097
61371493
61355192
61355406
61356686
61357304
61371291
61355643
61357356
61371234
61356884
61355407
61357486
61355381
61357929
61355332
61356556
61357568
61371706
61357317
61357678
61355418
61356628
61357565
61371753
61355989
61357576
61357762
61357743
61357719
61356787
61357032
61371611
61357227
61357593
61357625
61355921
61356419
61355607
61356647
61372187
61355666
61356706
61355670
61358040
61355937
61372154
61357842
61358622
61357905
61358245
61372248
61356515
61358279
61356160
61358103
61358508
61356318
61358380
61357368
61357168
61358559
61372441
61356938
61358511
61357911
61358568
61356602
61357325
61358661
61372954
61356800
61358975
61373048
61356722
61357681
61358383
61358828
61372767
61357344
61359084
61358326
61359001
61359047
61373070
61358639
61359047
61373076
61357574
61359389
61357301
61359025
61373285
61357628
61359399
61359503
61357329
61357467
61359612
61357874
61359556
61373424
61357840
61359357
61358509
61359522
61359656
61374070
61358121
61359855
61357828
61358817
61360152
61373798
61357953
61359879
61359118
61359898
61357857
61358795
61373591
61358060
61359838
61357941
61359079
61374089
61358345
61360237
61358029
61360773
61358109
61358828
61360352
61374666
61358278
61360019
61359222
61359996
61360378
61357982
61359265
61358457
61360776
61358408
61361254
61358214
61360515
61360720
61360886
61374721
61359122
61360907
61358832
61360615
61358759
61374932
61359695
61361120
61375409
61359145
61361132
61360848
61361084
61375206
61361007
61360117
61359167
61360063
61361515
61375757
61359901
61361556
61375813
61361347
61360413
61375456
61360723
61361520
61375629
61359618
61359992
61360984
61361590
61359659
61361441
61360542
61361729
61361842
61376108
61361059
61361609
61360713
61360318
61361938
61376249
61360444
61362243
61376465
61361817
61376073
61361186
61362266
61362301
61361571
61362054
61360238
61375699
61360226
61362035
61360087
61361883
61361075
61362222
61362346
61376557
61361670
61360756
61376385
61362549
61360763
61376683
61362505
61360945
61376776
61362676
61361656
61376765
61362769
61362662
61362874
61362516
61363061
61362444
61362732
61360578
61362858
61362889
61360848
61362110
61363098
61360694
61361022
61362910
61361228
61362112
61363274
61377592
61361160
61363311
61362485
61362046
61363328
61377431
61361708
61363523
61361268
61364203
61362407
61363587
61363662
61362403
61377999
61361855
61363838
61363173
61363758
61378104
61362125
61363482
61362747
61363835
61363900
61378256
61362369
61364191
61363468
61363354
61378289
61362475
61364338
61378724
61362486
61364119
61362545
61364280
61364375
61362245
61363419
61364492
61362373
61364483
61362460
61363408
61364686
61379045
61363061
61364459
61363548
61378505
61363146
61364958
61364874
61364915
61378717
61363899
61365015
61362709
61364720
61363923
61379235
61365088
61365310
61379675
61365011
61364081
61365313
61365402
61379566
61363679
61365512
61363389
61365100
61363663
61363863
61365261
61379572
61379417
61363583
61365728
61365148
61365682
61379649
61364283
61365855
61380163
61363701
61365520
61364611
61365627
61365931
61379689
61364188
61365980
61363916
61365705
61364001
61365921
61366010
61380376
61380402
61364635
61366324
61365672
61366280
61365333
61366394
61366462
61380322
61364802
61364789
61366595
61364619
61366480
61365485
61366600
61366812
61380939
61365195
61366922
61381042
61366455
61365596
61366620
61365586
61380897
61365102
61366839
61366228
61366056
61365047
61367117
61366641
61381161
61365156
61365515
61381472
61366578
61367410
61381692
61365503
61367433
61365498
61367360
61365414
61366662
61367521
61381937
61365702
61365816
61365604
61366126
61367887
61365643
61368406
61365470
61367771
61367986
61365900
61367046
61368010
61365891
61367830
61366859
61365942
61366526
61368287
61382574
61366235
61368386
61367732
61368263
61366243
61367426
61368428
61368532
61368065
61368363
61367491
61368593
61368744
61382887
61367055
61368830
61366754
61368915
61368933
61383271
61367210
61369183
61383405
61368310
61369210
61383326
61367494
61369269
61368433
61369885
61368223
61383189
61367918
61369597
61367286
61369198
61368302
61367934
61368478
61369795
61367666
61369411
61368664
61369264
61369647
61367630
61369600
61369665
61383696
61367405
61368860
61369722
61384129
61369652
61370276
61369392
61368320
61370252
61369453
61369898
61368978
61384563
61368295
61368557
61368792
61369545
61369328
61370556
61370518
61384706
61368901
61370686
61368502
61369062
61370796
61368718
61370473
61368889
61370083
61370544
61369563
61370726
61370911
61384965
61369119
61371003
61368794
61370812
61370901
61384955
61369372
61371137
61369997
61371058
61371253
61385140
61369554
61371291
61370695
61371071
61369201
61371266
61371167
61370271
61371359
61371266
61371617
61385815
61370520
61371714
61385640
61369761
61371837
61371049
61371624
61369463
61385774
61370206
61371844
61369738
61371636
61369906
61371066
61372041
61385946
61370253
61372048
61371442
61372160
61370037
61386678
61370400
61372425
61371774
61371729
61372254
61386144
61372061
61371318
61372267
61370582
61372497
61386411
61370723
61372553
61371984
61371573
61371538
61372480
61372535
61370674
61371695
61372805
61386676
61370972
61371039
61372814
61372732
61370697
61387160
61372453
61373546
61371245
61372648
61373198
61370907
61371041
61374000
61372180
61371918
61372487
61387750
61372523
61373521
61387670
61371692
61373803
61371602
61373302
61371470
61373620
61373617
61373864
61373842
61373764
61373943
61372762
61373122
61372015
61373989
61388351
61373775
61372074
61373474
61374617
61374026
61374034
61388089
61372349
61374266
61371960
61372283
61374335
61388478
61372211
61372390
61374412
61372307
61372521
61374560
61372515
61373435
61374590
61372357
61374451
61374629
61372585
61374571
61374615
61372700
61374694
61372744
61374594
61388754
61373034
61374723
61372733
61373867
61374956
61373028
61374862
61373374
61374421
61374821
61375083
61373960
61373166
61373439
61375275
61389072
61374161
61373532
61375455
61389447
61375383
61375331
61373678
61373426
61373629
61375360
61373896
61374981
61373936
61375940
61389943
61374169
61375838
61389634
61374200
61375793
61373748
61375643
61381650
61380336
61382361
61382573
61396812
61380512
61380230
61396449
61397105
61380679
61380737
61382070
61382218
61382220
61382375
61381547
61383577
61382911
61383042
61380560
61397343
61382954
61382855
61383243
61397239
61382228
61383141
61382108
61381486
61381193
61381454
61383350
61381360
61383207
61383547
61381394
61383128
61383492
61397621
61381498
61381715
61383665
61397458
61381763
61381611
61383309
61383527
61382376
61397143
61382582
61383506
61397926
61381994
61383728
61381684
61382292
61383420
61383747
61381669
61384343
61381670
61383873
61383924
61384120
61383104
61383970
61382197
61384273
61383601
61385001
61382246
61384063
61384470
61383331
61384388
61384367
61383655
61384899
61386483
61400378
61386554
61386458
61384455
61385324
61386851
61401425
61385127
61387032
61401156
61385325
61386923
61387260
61386520
61387056
61387386
61385407
61385729
61387414
61401419
61386918
61385794
61387679
61401714
61386021
61387833
61402194
61385907
61387820
61385732
61387705
61387635
61388027
61385972
61387291
61388331
61386167
61388041
61386605
61388097
61388419
61402613
61386696
61388436
61402328
61402797
61387389
61388520
61402933
61386869
61388711
61387234
61402509
61388069
61388408
61386885
61386297
61388625
61388680
61387572
61388181
61388429
61386826
61389045
61403167
61387311
61389096
61403311
61387973
61389185
61403513
61387129
61389202
61387128
61388961
61387110
61388558
61388262
61387292
61389464
61387301
61387364
61389597
61387448
61387433
61389571
61389822
61404112
61387920
61389931
61387693
61387923
61389945
61387908
61389779
61389962
61388028
61389749
61390099
61388045
61388954
61388562
61390518
61404418
61404642
61388666
61390465
61404389
61389355
61390475
61390624
61404657
61389626
61390723
61388617
61404415
61390629
61390598
61389330
61390068
61391328
61388922
61390102
61389923
61390030
61391049
61405248
61389432
61391145
61405355
61389576
61391262
61405597
61389593
61391487
61405514
61389672
61391310
61390157
61389360
61390811
61389520
61391668
61389966
61391166
61391378
61391427
61391849
61389700
61391534
61390135
61389793
61391729
61389825
61406420
61389985
61390216
61392173
61406312
61390634
61392245
61392349
61391182
61406414
61392275
61392278
61406243
61392373
61392343
61406246
61390557
61392498
61392498
61391588
61392358
61392566
61392957
61393071
61407286
61392220
61393256
61406998
61393242
61393208
61393216
61393501
61407689
61391614
61393447
61407332
61391758
61393471
61407441
61393390
61392232
61393267
61391587
61392843
61393339
61393666
61391578
61393490
61393686
61391626
61392801
61392070
61393855
61407782
61393835
61393828
61391811
61393161
61393591
61392446
61392410
61394192
61408201
61393233
61394092
61408379
61393033
61392113
61392597
61394320
61394321
61392085
61394339
61394317
61394296
61393465
61393158
61393744
61394388
61392520
61394732
61394699
61394579
61393060
61394339
61394757
61395282
61393118
61394877
61395313
61409303
61394659
61395230
61395666
61394998
61395227
61394030
61394841
61396199
61394013
61393636
61393768
61394010
61395867
61409925
61394942
61395964
61410226
61394948
61396041
61396125
61396229
61410516
61394516
61396194
61393993
61396044
61395536
61395861
61394499
61395566
61396062
61396491
61394427
61410865
61394852
61396503
61410657
61396453
61395035
61396717
61410911
61395671
61394807
61396811
61395706
61396770
61396674
61396861
61394773
61396685
61397070
61396596
61397801
61396148
61396517
61396972
61397387
61395183
61396921
61395457
61396650
61395451
61395529
61397584
61411326
61396620
61397567
61397664
61411839
61397562
61397647
61396536
61396068
61412084
61396111
61396998
61397622
61395400
61397220
61397612
61397866
61395681
61397684
61397688
61398137
61396190
61397914
61397970
61398252
61412836
61396792
61398461
61412641
61396744
61398433
61412363
61397066
61396598
61398575
61397299
61396351
61398303
61398442
61398656
61397892
61398426
61398811
61397637
61396717
61397058
61399031
61413133
61397137
61399024
61413212
61398234
61399093
61399053
61398020
61398543
61398940
61399302
61397230
61399040
61399206
61399508
61413801
61398443
61399553
61413730
61398671
61399659
61399725
61398531
61399095
61400321
61399641
61399065
61399448
61399641
61399937
61399114
61399597
61399937
61399323
61400203
61397949
61398826
61400227
61413887
61399039
61400309
61400594
61398371
61400375
61400276
61400804
61414468
61399504
61400727
61414815
61399058
61400710
61400229
61414724
61398625
61400071
61400432
61399698
61400129
61400475
61400777
61398613
61400757
61400825
61414514
61400604
61399768
61398706
61400799
61400843
61414920
61399757
61400840
61398850
61401062
61401092
61400871
61401375
61399167
61399268
61401525
61415761
61399494
61401488
61399260
61401097
61400411
61401388
61401282
61400413
61415522
61401557
61399930
61401613
61400570
61399578
61400408
61402346
61401955
61401868
61401906
61401890
61399758
61400263
61401863
61402219
61400039
61401836
61402251
61400074
61402010
61402395
61400170
61402096
61400704
61401915
61402240
61402427
61400277
61402240
61402625
61401789
61402295
61402663
61402754
61417119
61401113
61402877
61417051
61401534
61403031
61416848
61402159
61403079
61417307
61402092
61403253
61417403
61402548
61403097
61402012
61403140
61417211
61403150
61403140
61400964
61417492
61402795
61403065
61403381
61401344
61404181
61402056
61418099
61402352
61403617
61402237
61403597
61403689
61402618
61403737
61403884
61402772
61417820
61402690
61404056
61402029
61404088
61403183
61402490
61404275
61418258
61403149
61404457
61418661
61403574
61404607
61418491
61403595
61404454
61402368
61404406
61404522
61402492
61404468
61403595
61403565
61404139
61404674
61404551
61404799
61418606
61403559
61404901
61403786
61404498
61404679
61403153
61402958
61404727
61404982
61403020
61404765
61403359
61402973
61404806
61405286
61403147
61405007
61403359
61405244
61419376
61404248
61405346
61403233
61404044
61405213
61404153
61405322
61405391
61402999
61404844
61403895
61405584
61419639
61404259
61405882
61405375
61419749
61403815
61405501
61419768
61403836
61405823
61419979
61404096
61405836
61419677
61404920
61405932
61403870
61405939
61405949
61403638
61405854
61405960
61404940
61404535
61406019
61405061
61405698
61404379
61405883
61406220
61404388
61404308
61406330
61405794
61404350
61406556
61404447
61406318
61406679
61404581
61404688
61406737
61421171
61405014
61406820
61421230
61405086
61406943
61421207
61405251
61407011
61404812
61406145
61406407
61405054
61407079
61421145
61406822
61405274
61407038
61421325
61406224
61407161
61405188
61407179
61407298
61406214
61407131
61407032
61407471
61405590
61407120
61405691
61406697
61407240
61407560
61407066
61406403
61405702
61407675
61407737
61405748
61407758
61407922
61405857
61407803
61407833
61421914
61408053
61408087
61407727
61422100
61406107
61407717
61408142
61406122
61408092
61408328
61422341
61406893
61408177
61408404
61406379
61408280
61408390
61407405
61408499
61409208
61408791
61408844
61423217
61407176
61408981
61423008
61407262
61408968
61407032
61423349
61408894
61407548
61409202
61408067
61407640
61409846
61409228
61408477
61407176
61409279
61409308
61409535
61407283
61409195
61409634
61407504
61407675
61409706
61409724
61409914
61408367
61409151
61408811
61424125
61408167
61410003
61423915
61407807
61409671
61408802
61409941
61409955
61423870
61407943
61410114
61410241
61424456
61408675
61410398
61408232
61410117
61408280
61409410
61410026
61410504
61424617
61409535
61410768
61408707
61410568
61409645
61408645
61410861
61410854
61424930
61417112
61418510
61432773
61416464
61417999
61418310
61418489
61432535
61417703
61418664
61432756
61417015
61418869
61416699
61419438
61417674
61418802
61418885
61432611
61418136
61418707
61419245
61418680
61418268
61417101
61417525
61419259
61433453
61417254
61417406
61419602
61419017
61418608
61417434
61418231
61419362
61419750
61433538
61418850
61419730
61434236
61417828
61419887
61434184
61419073
61419743
61418844
61419786
61420120
61434339
61418283
61420298
61418158
61420155
61420220
61420512
61420633
61418528
61420426
61418570
61420690
61420779
61420832
61434866
61419719
61420952
61420844
61418707
61420779
61420844
61434915
61419254
61420940
61419718
61435217
61419385
61421170
61418945
61420926
61419175
61420660
61419972
61421475
61435306
61419605
61421420
61435580
61420317
61420984
61421237
61419486
61435407
61419362
61419562
61421535
61435295
61419559
61421617
61419569
61421996
61419345
61435698
61420916
61421901
61436226
61420202
61421912
61436174
61419985
61421846
61420190
61422000
61422205
61420116
61421313
61422448
61421752
61422945
61422373
61421090
61422117
61420631
61422672
61420557
61422538
61420541
61436665
61421836
61422834
61436975
61422634
61421095
61422484
61422793
61423529
61420537
61423060
61422981
61437108
61421981
61423238
61423379
61437303
61421201
61423325
61422746
61423269
61422274
61437433
61423456
61423398
61423427
61437589
61421587
61423475
61423743
61437993
61423520
61422723
61423712
61423910
61437714
61421775
61422865
61423908
61438249
61422091
61423990
61421837
61424120
61424137
61437978
61422568
61424189
61438531
61422291
61424241
61422297
61421721
61422768
61424199
61424391
61423662
61424134
61422222
61423737
61423523
61424535
61438305
61423735
61424720
61438793
61422849
61422943
61424394
61423975
61425151
61422973
61424933
61424912
61423011
61424171
61425108
61423127
61439688
61423557
61425384
61424585
61425143
61424424
61425324
61425512
61439540
61423892
61425471
61425746
61440132
61423838
61425788
61425177
61425533
61423715
61424427
61424242
61425997
61440072
61424407
61425994
61423967
61425828
61425007
61423956
61424709
61426761
61425036
61426158
61426274
61424257
61425005
61424759
61426468
61424617
61440770
61425541
61426651
61441023
61425721
61426562
61424572
61425445
61426490
61424988
61426638
61426775
61440619
61425812
61426945
61441355
61424931
61426990
61426181
61426992
61424725
61426008
61424698
61426883
61427152
61441025
61425196
61427095
61426369
61426994
61424659
61441014
61426758
61427186
61426242
61427166
61427231
61425292
61426450
61427339
61427545
61441427
61427627
61427709
61425542
61427522
61427603
61441924
61426786
61426101
61427769
61426838
61427782
61427844
61425906
61442118
61427893
61427770
61427003
61428115
61428255
61426150
61427387
61428341
61428418
61426182
61442589
61427248
61428652
61442478
61427839
61428810
61442493
61427087
61428902
61426770
61428631
61427810
61428724
61428106
61426789
61428457
61428797
61428749
61427455
61429054
61429184
61443508
61445890
Peak: 62181915
Average: 60475171.143480495
