0
77995
77955
78220
78124
78719
78831
78864
78791
78992
79024
79056
79090
79015
79071
79185
79216
79440
79344
79377
79408
79367
79399
79536
79463
79665
79824
79623
79760
79793
79743
79858
79889
79879
80016
80048
80080
80007
80039
80071
80208
80231
80368
80400
80327
80359
80496
80530
80455
80593
80624
80551
80583
80818
80848
80880
80914
80944
80871
80903
80935
81072
81104
81137
81168
81191
81328
81361
81392
81424
81456
81383
81439
81553
81503
81511
81543
81810
81759
81767
81904
81936
81863
82001
82032
81959
81991
82023
82288
82192
82143
82151
82288
82343
82480
82407
82545
82578
82503
82559
82591
82705
82864
82769
82719
82727
82759
82791
82928
83039
83047
83185
83111
83250
83281
83207
83345
83377
83303
83335
83473
83505
83537
83569
83601
83633
83665
83591
83623
83921
83847
83985
84017
83943
83975
84113
84039
84071
84103
84135
84167
84305
84338
84369
84295
84327
84359
84497
84423
84647
84785
84711
84743
84775
84807
84945
84871
84903
84935
85073
85105
85137
85169
85201
85233
85265
85297
85329
85255
85393
85425
85457
85489
85639
85671
85703
85735
85873
85905
85831
85863
85895
85951
86065
85991
86256
86055
86087
86225
86384
86183
86215
86353
86279
86335
86343
86375
86513
86545
86471
86609
86791
86929
86545
Peak: 87575
Average: 82289.3431372549
