0
76056
76017
76153
76185
77218
77146
77178
77210
77306
77362
77475
77426
77539
77573
77604
77530
77682
77795
77722
77754
77893
77924
77850
77988
78084
78010
78147
78179
78106
78244
78275
78226
78403
78435
78362
78394
78531
78458
78595
78522
78756
78787
78738
78746
78778
78917
78947
79107
79011
78938
79075
79108
79130
79267
79194
79331
79258
79523
79346
79354
79410
79418
79474
79482
79843
79747
79674
79811
79738
79876
79907
79834
79866
79922
80036
80069
80228
80154
80186
80324
80250
80389
80420
80346
80402
80516
80548
80474
80506
80538
80570
80602
80762
80900
80826
80858
80996
81028
80954
80986
81124
81156
81190
81219
81252
81284
81316
81242
81540
81466
81604
81530
81668
81594
81626
81682
81690
81955
81754
81892
81924
81850
81988
82020
82052
81978
82116
82042
82234
82372
82404
82330
82362
82394
82426
82565
82596
82522
82554
82586
82618
82650
82682
82714
82746
82778
82810
82842
83090
83098
83154
83268
83218
83226
83282
83396
83428
83354
83410
83442
83556
83506
Peak: 84202
Average: 79773.65030674846
