0
136686
237693
688744
773427
1716874
2363217
2615231
3045516
3629477
3913203
4400839
5264835
5443092
5782008
6244659
6705978
7178335
7428004
7825001
8389255
8806015
9078775
9394074
9544421
9717402
10091740
10729240
11178670
11762026
12474853
12754517
13061524
13566955
14125747
14640421
15216385
15691220
16037683
16354093
16579836
16716123
16781149
17126851
17290713
17579376
17971204
18122275
18342016
19639936
19452825
19639368
19747808
19751516
20003552
20190475
20409423
20678330
21021174
21419072
22015648
22491937
23219192
23460602
23852712
24160178
24465443
24488684
24738918
24912809
25166775
25472076
25762280
26183049
26682947
26951554
27606042
28357757
29219705
29880290
29978054
29983538
29986122
30000910
30012136
30031248
30430742
31021708
31450942
31647036
31951043
32138476
32355362
32424819
32554371
32555143
32672061
32803790
33012181
33467883
34387251
33916964
34398671
34519339
34696124
34735923
34759060
34795232
35103623
35209251
35830561
35921848
36330415
36807037
36878083
37133254
37822161
38037887
38432395
38432388
38432305
38432276
38326741
38746058
38945950
39130050
39212452
43160057
43249217
43544221
43540815
44131149
44165103
44201041
44282107
44348752
44388842
44432160
44505684
44544835
44598667
44653166
44706136
44839461
44917363
45138459
45215310
45658415
45864206
46119682
46658184
46859346
46894169
47087010
47146535
47230485
47416909
47504021
47623101
47680427
48008631
48134157
48376374
48580744
48664337
48812673
49223703
49477196
49480887
49394695
49502424
49635758
49742975
49931685
50179359
50272244
50359996
50385068
50400852
50435164
50498137
50541395
50717396
50770579
50881500
51058966
51421748
51561526
51923276
52234260
52497449
52760736
52953572
53391933
53777075
54367737
54526906
54576313
54633689
54718066
54863424
54922727
55015206
55074658
55120570
55586886
55856631
55969524
56114974
56546139
56945217
57017133
57235018
57483662
57493516
57908636
57903477
58034240
58204053
58173596
58481894
58486816
58510755
58594541
58985864
59716850
59870116
59956812
60027748
60084372
60125535
60312745
60349822
60923319
61854636
60916607
60957003
60970481
60983307
60996987
61011965
61026358
61037954
61051195
61063572
61078111
61088659
61103367
61117034
61128754
61140453
61151167
61163522
61174513
61185528
61198002
61208270
61218801
61231552
61244178
61254860
61267742
61276871
61285631
61297159
61310627
61319320
61331033
61340247
61355553
61364324
61374854
61385270
61022945
60819741
60821418
60823393
60824386
60824806
60823691
60825875
60825811
60824160
60826073
60825318
60826158
60826425
60825736
60787828
60797575
60808786
60820062
60831305
60842674
60852786
60865354
60876650
60887506
60897786
60909612
60921978
60933906
60944490
60956658
60967244
60978310
60989056
61001304
61013862
61024798
61037542
61047806
61058614
61071550
61080064
61092622
61100985
61113094
61124822
61135454
61144136
61157390
61167198
61175700
61186562
61531097
60830586
60830771
60829320
60828979
60831089
60829405
60829589
60831011
60831006
60829854
60831111
60831325
60829809
60831192
60788689
60798523
60810418
60821429
60832284
60842103
60854742
60866070
60877672
60888304
60899776
60911553
60922120
60933168
60944024
60955717
60966795
60978739
60989491
61001824
61014393
61024912
61035544
61047920
61058816
61069064
61082224
61092712
61103344
61115352
61125976
61136416
61147168
61160872
61173232
61182677
61194490
60832303
60833482
60831611
60833270
60833591
60833592
60831914
60833991
60833760
60832139
60834117
60834183
60832411
60834290
60834249
60793493
60803213
60813755
60824100
60835089
60846081
60857222
60868558
60880422
60891164
60902684
60915513
60926379
60938283
60948941
60959365
60970155
60983086
60993905
61004497
61016290
61026857
61035821
61048513
61057191
61067975
61081028
61092425
61103050
61116298
61126858
61136048
61147937
61161518
61170825
61181500
61192479
61537704
60837180
60836263
60837239
60837435
60836212
60838107
60837633
60836293
60837400
60836169
60836725
60837845
60836726
60837718
60795347
60805784
60814571
60825035
60836338
60846395
60857102
60866158
60874199
60885895
60898311
60908215
60917941
60929078
60942222
60950869
60962982
60974638
60985013
60995941
61007422
61017773
61029766
61040254
61050989
61061566
61073366
61086158
61094685
61105382
61117765
61128253
61139086
61150822
61160493
61174286
61184774
61193477
61205214
60839798
60839714
60838515
60839878
60838673
60838541
60839997
60840452
60839232
60840219
60840572
60838931
60840248
60840647
60839000
60804605
60813309
60823247
60833725
60844837
60856472
60867301
60879029
60890613
60902069
60912485
60924093
60936069
60946485
60958925
60970453
60979701
60992232
61002605
61015013
61025888
61036448
61049264
61062005
61072637
61085501
61096085
61105405
61116165
61129549
61141013
61150677
61160821
61174573
61185061
61195687
61206432
60841852
60842068
60841062
60840118
60842229
60842089
60840446
60842300
60840919
60840900
60842228
60840980
60841047
60842190
60841403
60809414
60816572
60828295
60838887
60850023
60860615
60872415
60883815
60893014
60902607
60914431
60924903
60935463
60947367
60957999
60971287
60980671
60992895
61003519
61017207
61027767
61037087
61051023
61061583
61071847
61084711
61095495
61105987
61114752
61128080
61138530
61149152
61159656
61173488
61183690
61194373
61206210
60843178
60843060
60844086
60843090
60843802
60844303
60844093
60844597
60845191
60844091
60844712
60845135
60844027
60844859
60845206
60807062
60817220
60827492
60838399
60848141
60860581
60872011
60882574
60894088
60903915
60914691
60924306
60934866
60946938
60957367
60968525
60977093
60990645
61001133
61009919
61022341
61032965
61044695
61057367
61067855
61076733
61089352
61101183
61111683
61122368
61135563
61146051
61154882
61165672
61180165
61190718
61201279
61209899
60844942
60845266
60846729
60846788
60845313
60846634
60846870
60845999
60846350
60847041
60845959
60846714
60847118
60846010
60846802
60812238
60821096
60829808
60840206
60851759
60863024
60873951
60885303
60897167
60909583
60920167
60930645
60943783
60953109
60966397
60975783
60986271
60998765
61009981
61022398
61033138
61043103
61053939
61065733
61074445
61086101
61097248
61107616
61118176
61131437
61143237
61153725
61164285
61176416
61186581
61197141
61207701
61549469
60849022
60848676
60847831
60847566
60849205
60849140
60847832
60849306
60849236
60848309
60849153
60849380
60848210
60849147
60807055
60817381
60825570
60835443
60844219
60856539
60868371
60877275
60888365
60901125
60912563
60923147
60934859
60946835
60957389
60969443
60978828
60988621
61001411
61012854
61025350
61035832
61046398
61057137
61067955
61078443
61091158
61101718
61111441
61121755
61134296
61143049
61153417
61165254
61178769
61189456
61199950
61210516
61551110
60850463
60849038
60850422
60849385
60849960
60850907
60850465
60849593
60849329
60850783
60850973
60850092
60850729
60850967
60807707
60816512
60828040
60837067
60847587
60859291
60870520
60882992
60893560
60905144
60916600
60928304
60938872
60950840
60961360
60971528
60982024
60992824
61004947
61015488
61028363
61038872
61049483
61063072
61073648
61084144
61095438
61105926
61116414
61127046
61140102
61150758
61161318
61171878
61186678
61197310
61207870
61218430
60852750
60851795
60853225
60853186
60851747
60853342
60851510
60853658
60853602
60852745
60853431
60852364
60853639
60853866
60852435
60813509
60822640
60832734
60843825
60855593
60866657
60877985
60887057
60897939
60908478
60919917
60930390
60940419
60952317
60962928
60975155
60985555
60997742
61008302
61018811
61031291
61041928
61052795
61066550
61076979
61085606
61098443
61108981
61119619
61133059
61145412
61156044
61166604
61180236
61190820
61201380
61211644
61555476
60854902
60854064
60855496
60855017
60853938
60853017
60855021
60855034
60853340
60855203
60856106
60854460
60856202
60856098
60816859
60826032
60835010
60845559
60856810
60867946
60880111
60891463
60902983
60913543
60924991
60936023
60946511
60958487
60966815
60978159
60988647
61000935
61011519
61022111
61034663
61045223
61055783
61068455
61077970
61088466
61102570
61111962
61122729
61136962
61147522
61158082
61168666
61182298
61192786
61202178
61212601
61558266
60857662
60856759
60857517
60857195
60856720
60857835
60857055
60857575
60857896
60856796
60856026
60857912
60857799
60856258
60815743
60824344
60835484
60843813
60855750
60865721
60876029
60887049
60899214
60908982
60920305
60931989
60941901
60954976
60963755
60975605
60987403
60996149
61008325
61020128
61030798
61039024
61050102
61060606
61071376
61081925
61091848
61105744
61114667
61125113
61139464
61148211
61159088
61170427
61180057
61192981
61204373
61212936
61224821
60859470
60858842
60857834
60859308
60858103
60858463
60857818
60859886
60859455
60858167
60859885
60858281
60858476
60860053
60859994
60823359
60832200
60845000
60853584
60864848
60875888
60887096
60898616
60910136
60921656
60932075
60943856
60955664
60966416
60978616
60990216
61000480
61011000
61022608
61033416
61045347
61055835
61066883
61078411
61088971
61097539
61110915
61119827
61130112
61143331
61153875
61165707
61175580
61189219
61197811
61208643
61219275
61562955
60862623
60860928
60862329
60861174
60862646
60862616
60861877
60862512
60862742
60861727
60862698
60862870
60861623
60863311
60820871
60830420
60842233
60853009
60863929
60875065
60885140
60897721
60909241
60919769
60930027
60941348
60951836
60963564
60974324
60986289
60996849
61009137
61019697
61030313
61044033
61053353
61065201
61075927
61086516
61097209
61110244
61120508
61132281
61145601
61156113
61166769
61177281
61190233
61200721
61211281
61221913
61564697
60864272
60863324
60864082
60864371
60863330
60864170
60864448
60863405
60864258
60864630
60863992
60864431
60864805
60863830
60823635
60834824
60843601
60854314
60865369
60877647
60888975
60900290
60911730
60922349
60933955
60945696
60956218
60968184
60978768
60990942
61001502
61013712
61024361
61034966
61045458
61056272
61066579
61079267
61089931
61100491
61115734
61125012
61136067
61146867
61157630
61168190
61178334
61191979
61203779
61213123
61224014
61567721
60867219
60866114
60867098
60865887
60867416
60867424
60866418
60866592
60867571
60866615
60867535
60867742
60866428
60868223
60825081
60833821
60845590
60855638
60867172
60876302
60887894
60899046
60910760
60921126
60932990
60944436
60956188
60966246
60976614
60988908
61000732
61012988
61021756
61032356
61044724
61055724
61067204
61079876
61090436
61100948
61112116
61122420
61134324
61144884
61158084
61166940
61177596
61187956
61202828
61213388
61223972
61232492
60869110
60868391
60869136
60869161
60868333
60869056
60869307
60868100
60869863
60869178
60869552
60868304
60868103
60869614
60869809
60832575
60841914
60851548
60860462
60871555
60882900
60893956
60906548
60916326
60926716
60939516
60951140
60961772
60971702
60982700
60995692
61006180
61016707
61027219
61038044
61050746
61059467
61068748
61080417
61090979
61102740
61115532
61124094
61135156
61145450
61159874
61168331
61179011
61189643
61203068
61214964
61225524
61234275
60870947
60869998
60871068
60871100
60870371
60870862
60871177
60870149
60871749
60871313
60870584
60871013
60871428
60870616
60871119
60833159
60843274
60852077
60863493
60872561
60883581
60896245
60905733
60917181
60927805
60940495
60952207
60964053
60974117
60984677
60996663
61008475
61020715
61029414
61040053
61053773
61064363
61074917
61085584
61096597
61107981
61118829
61129389
61141285
61154533
61165093
61173672
61184301
61199205
61209717
61218309
61230211
61574517
60874100
60872932
60873831
60874187
60873202
60873868
60874315
60873191
60872284
60874181
60873228
60874210
60874526
60873516
60834433
60844351
60852703
60862431
60873255
60884735
60895791
60907631
60917087
60926984
60939055
60950767
60961279
60971631
60983127
60993703
61002951
61014751
61025335
61035935
61049610
61060194
61069578
61081445
61092218
61102530
61115810
61125946
61136610
61147098
61160442
61171106
61182842
61193474
61205722
61215626
61228178
61236770
60874847
60873988
60875618
60875950
60875781
60874333
60876032
60874468
60874783
60876361
60876364
60874936
60876364
60876321
60875733
60835057
60844800
60854137
60866348
60877148
60888356
60897572
60908972
60920636
60931410
60943068
60955720
60965122
60978154
60987968
60998708
61007396
61019708
61030165
61042028
61054538
61065050
61075610
61088306
61097244
61108888
61121698
61131096
61142979
61151452
61164730
61175586
61186125
61196522
61211490
61222050
61232634
61243146
60877616
60876074
60878033
60876384
60876488
60877944
60876391
60876551
60878150
60876527
60876634
60878332
60876685
60876722
60878358
60842239
60852047
60860759
60872487
60883647
60894807
60903575
60914903
60925023
60934775
60946127
60958047
60969764
60981679
60993692
61004463
61016300
61028671
61039196
61048087
61060311
61071532
61082103
61092735
61103583
61115287
61126234
61138663
61149239
61160778
61171191
61182058
61193591
61207287
61217740
61226407
61237069
61581882
60881335
60880373
60881152
60881371
60880458
60881299
60881636
60880512
60879576
60881604
60880659
60879877
60881653
60881464
60841239
60850072
60860713
60872657
60883673
60892926
60904641
60915643
60928462
60938809
60950590
60960321
60971117
60984181
60994767
61006951
61017535
61029887
61040431
61051047
61061511
61074063
61084623
61097367
61107855
61118487
61131351
61141199
61149839
61164279
61174863
61183647
61194111
61208935
61219543
61230191
61238783
61583655
60883163
60882233
60882761
60883186
60882110
60883014
60883308
60882048
60883096
60883460
60882368
60883177
60883611
60882844
60841678
60853999
60862327
60872457
60883551
60894927
60907167
60918519
60928265
60938776
60951561
60963301
60972615
60983967
60994373
61006520
61017305
61030661
61041234
61051826
61064314
61074866
61085434
61098109
61107024
61117558
61131473
61142017
61150545
61165263
61175799
61186431
61197015
61208788
61218514
61228481
61239324
61250697
60883030
60882932
60884970
60884810
60884046
60883861
60884962
60884822
60883108
60884930
60884825
60883281
60885633
60885403
60884132
60846418
60858515
60869076
60877767
60888987
60900125
60912653
60924069
60933695
60945357
60956231
60968741
60980733
60991245
61003343
61013923
61024541
61036867
61047453
61059927
61070543
61081091
61091773
61102416
61114263
61127133
61135959
61146371
61157285
61171525
61180856
61190698
61201421
61216271
61226789
61235416
61247325
60921165
60887800
60886630
60888185
60888211
60888136
60886565
60888307
60888087
60888170
60886743
60888556
60888656
60887591
60888527
60845661
60855291
60865803
60876019
60887123
60899443
60910723
60922139
60931811
60942299
60954259
60966891
60977451
60989355
60999915
61012011
61021331
61034883
61045483
61054203
61066886
61077563
61087899
61101835
61111099
61121219
61133915
61145835
61155107
61167643
61178515
61188995
61200803
61210347
61222979
61234995
61245579
61254467
60888258
60889015
60889830
60888307
60890079
60890092
60888468
60889336
60890223
60888769
60889636
60890180
60890485
60889537
60890426
60853423
60861033
60872683
60881254
60892494
60903662
60916139
60927590
60939102
60948694
60960574
60972203
60982838
60993057
61003843
61015718
61026193
61038673
61049041
61059811
61073307
61082638
61094619
61105225
61117222
61127771
61138870
61149446
61159942
61174534
61185046
61193905
61204246
61219254
61228105
61238497
61249014
61592339
60891792
60890868
60892138
60891585
60891973
60891657
60890284
60892021
60891643
60890339
60892044
60890582
60890651
60892148
60850580
60860404
60870568
60879480
60891600
60902702
60912256
60924765
60936282
60946896
60958518
60968202
60980784
60990868
61001408
61013869
61024168
61037438
61046944
61058936
61069583
61079989
61090712
61104589
61113429
61123946
61137986
61146770
61158448
61167077
61180362
61190314
61202168
61212680
61224434
61236258
61246770
61255528
60892639
60891788
60893506
60893799
60893350
60892156
60893861
60892281
60892465
60893962
60894133
60892665
60894136
60894106
60893356
60853877
60862917
60874363
60883422
60894887
60906752
60916115
60927872
60938620
60950348
60961909
60971823
60982791
60995517
61006085
61018205
61028789
61041101
61049967
61060591
61074213
61084821
61095381
61106215
61116679
61128605
61139495
61150199
61161949
61175205
61184023
61196735
61208149
61216047
61230909
61239791
61251317
61259887
60895570
60895909
60897494
60897357
60896073
60897459
60897541
60896078
60897474
60897640
60896646
60897498
60897755
60896785
60896520
60860340
60869257
60879462
60889902
60901213
60913331
60922833
60934187
60945603
60957531
60968027
60979739
60991227
61001851
61010163
61022843
61031579
61045011
61053862
61065451
61076059
61086163
61097726
61108473
61118454
61130225
61141395
61150825
61162752
61172678
61184064
61194581
61205703
61214476
61227331
61239129
61247708
61259491
61599363
60898669
60897895
60898640
60898859
60897797
60898811
60899164
60898075
60898789
60899314
60898235
60898850
60899182
60898707
60858304
60866037
60878096
60887078
60898046
60910308
60921590
60930998
60942571
60952880
60965499
60977459
60986334
60997942
61008722
61022058
61032618
61044893
61053553
61064481
61077834
61088394
61096972
61109746
61120370
61130930
61143116
61152188
61163882
61174442
61185572
61197546
61208117
61218690
61230324
61241004
61251788
61263274
60899234
60899595
60898545
60897650
60899766
60898610
60897762
60899720
60899559
60898012
60899923
60899508
60898348
60899909
60898388
60862274
60872341
60880303
60890576
60901097
60913483
60924019
60933939
60943659
60953896
60966843
60976648
60987267
60998971
61009635
61022995
61031779
61043960
61055795
61065000
61077019
61087312
61099307
61111920
61122480
61131707
61144083
61154619
61166240
61176931
61188256
61198856
61210643
61221144
61232838
61243488
61253952
61265827
60901177
60901072
60899654
60901237
60899923
60899842
60901320
60900083
60900048
60902304
60900238
60900152
60901402
60900189
60900106
60864136
60873400
60885440
60894080
60905995
60915667
60928056
60937590
60950200
60959160
60971569
60981605
60993185
61003585
61014073
61024393
61034761
61048385
61058121
61066985
61078676
61089596
61101025
61111798
61123553
61132937
61145137
61155665
61167393
61175862
61188662
61200417
61211017
61219569
61233289
61243185
61253604
61265417
60902767
60902985
60901451
60903408
60901732
60901731
60903249
60903350
60901919
60905473
60905462
60904674
60905513
60905660
60904778
60866238
60873416
60884472
60893561
60904561
60916682
60926201
60937570
60950282
60960842
60970441
60982313
60993923
61005779
61014497
61027809
61038458
61050674
61059465
61067753
61079577
61091338
61101850
61112681
61124450
61134714
61145961
61156490
61167994
61176841
61191482
61202082
61210689
61222482
61234009
61244746
61256482
61265201
61607730
60907129
60906035
60906893
60907323
60907213
60905482
60906526
60907141
60905685
60907205
60907216
60905893
60907317
60907293
60867192
60875876
60886950
60895926
60906926
60918078
60930654
60940694
60951550
60962320
60973840
60985480
60996336
61009064
61019696
61031720
61042304
61052888
61063208
61074232
61087640
61096232
61108120
61120792
61131280
61139848
61152152
61162592
61173080
61187640
61196344
61208056
61216784
61228240
61240520
61252072
61262632
61271200
60908491
60907534
60906766
60908673
60908427
60907171
60909296
60908753
60907711
60908631
60908971
60908877
60907327
60909244
60909329
60870069
60881853
60890558
60902354
60913501
60922826
60935087
60946747
60958283
60967757
60978546
60991443
61002075
61014003
61022717
61035069
61046528
61058832
61069386
61080061
61092480
61103114
61115704
61126389
61136963
61147523
61158619
61169187
61180901
61194098
61204616
61213402
61223152
61237997
61246810
61257296
61269157
61611106
60910683
60909505
60910436
60910719
60909979
60910453
60910908
60909920
60910899
60910972
60909800
60911576
60911076
60910267
60869547
60881495
60890301
60901994
60912914
60923316
60933189
60945378
60956850
60967482
60978930
60990642
61001242
61011818
61023768
61034160
61044653
61056741
61067714
61078245
61091838
61102598
61113029
61123669
61134774
61145382
61158805
61169691
61180307
61191624
61202200
61214045
61224629
61236472
61246811
61258707
61269355
61612915
60912617
60911778
60911613
60912344
60911005
60910978
60912386
60911074
60911235
60912493
60911264
60911406
60912836
60911514
60872501
60878952
60890854
60899324
60910678
60922950
60932264
60943649
60956365
60966932
60976454
60988423
60999135
61011972
61022531
61032838
61043502
61056795
61067283
61076636
61088854
61100347
61108926
61122851
61133435
61142200
61156083
61166780
61175545
61187053
61198581
61208963
61219867
61231347
61243256
61253744
61264637
61274726
60912490
60913536
60916118
60915434
60915847
60916254
60915407
60916004
60916116
60916347
60916437
60915409
60917079
60916445
60916426
60874586
60885036
60895062
60903551
60913837
60925185
60937601
60947751
60960511
60970306
60981689
60993057
61004841
61014969
61025553
61037481
61048073
61061723
61072041
61082806
61095337
61105993
61116513
61129209
61139027
61149657
61162481
61173129
61183689
61196961
61205617
61216329
61227137
61238321
61250297
61260865
61273345
61283929
60915857
60917019
60917718
60916256
60917953
60916434
60916436
60917863
60916744
60916609
60918047
60916646
60916622
60917974
60918501
60881962
60893288
60903720
60914552
60924043
60935707
60947544
60958856
60970152
60981968
60992552
61004240
61014365
61025010
61037370
61048868
61059440
61071752
61082336
61094882
61105472
61114061
61126819
61137694
61149168
61162032
61172640
61183304
61193848
61205379
61215771
61227608
61238160
61251776
61260691
61271059
61281739
60918693
60918135
60918145
60919575
60918335
60918260
60920562
60920220
60918431
60919143
60919748
60920206
60919415
60919938
60920342
60882224
60892894
60901793
60912446
60923228
60934382
60944910
60955542
60967054
60979924
60990478
61002220
61012774
61024646
61035268
61047358
61057918
61070206
61080470
61093278
61103860
61112630
61125196
61136996
61147502
61158134
61170998
61179601
61190679
61203374
61214185
61224745
61235446
61250046
61260622
61271182
61281748
60919492
60920892
60919345
60921272
60920924
60919750
60921421
60919790
60919853
60921350
60921390
60920109
60921596
60921515
60920290
60882282
60890541
60900238
60911158
60922078
60934310
60945334
60956972
60968414
60979030
60988657
61000449
61012870
61024022
61033150
61043433
61054354
61066126
61078014
61088606
61101054
61111598
61120310
61132886
61143814
61154518
61167934
61178742
61189374
61202622
61213134
61223782
61234342
61246030
61256758
61268510
61279022
61623406
60922930
60922267
60922859
60921290
60923134
60922679
60921343
60923241
60923192
60921780
60923125
60921655
60921703
60923459
60882500
60892358
60901129
60912393
60922894
60935270
60944526
60955958
60967550
60978382
60989902
61001366
61011950
61023854
61034454
61046534
61057094
61069718
61081270
61091862
61102486
61114102
61122907
61135507
61146718
61158598
61170422
61182702
61192022
61206606
61217094
61227654
61236240
61250078
61260521
61271169
61281766
61625103
60924377
60923333
60924175
60924547
60923557
60922599
60923720
60924279
60922983
60925258
60923280
60923226
60924586
60923346
60882904
60894659
60903380
60915604
60926448
60935572
60947018
60959642
60971127
60981707
60993251
61004983
61015577
61027445
61040624
61052757
61063333
61075602
61086231
61096917
61107327
61118018
61128727
61141309
61153160
61162595
61174587
61186344
61194971
61207415
61218130
61228759
61238445
61253356
61261902
61273751
61282487
61293178
60928588
60929038
60928290
60928689
60929179
60927983
60928930
60929288
60928268
60929060
60929325
60928719
60929159
60929421
60885419
60896155
60906090
60914618
60925181
60936899
60949498
60960890
60971402
60981126
60992581
61005498
61016016
61027920
61038480
61048653
61059653
61071050
61083386
61094002
61106482
61117042
61125775
61139570
61150202
61160682
61171551
61183546
61194147
61202874
61216272
61227818
61238313
61248872
61261797
61271605
61280260
61292021
60928913
60930142
60929281
60930578
60930712
60929787
60930668
60930747
60929818
60930828
60930956
60929847
60930952
60931014
60930133
60889418
60899723
60911442
60921994
60931273
60942409
60954698
60966362
60975809
60986700
60999277
61009036
61019820
61031996
61042154
61054411
61064995
61078547
61089059
61099675
61110343
61121186
61131698
61144163
61155987
61166499
61177543
61189219
61198178
61212411
61222971
61233571
61242082
61257139
61267651
61278283
61286967
61633243
60932583
60932267
60932504
60931872
60931790
60932737
60931597
60932410
60932809
60931717
60930861
60933010
60932675
60931384
60889114
60899348
60909589
60919231
60929855
60939741
60952253
60963509
60974165
60983877
60996277
61007117
61018840
61029432
61039541
61051520
61062189
61072677
61085949
61096832
61109384
61119896
61128560
61141229
61151821
61163645
61174669
61185253
61195704
61207533
61220792
61229384
61239944
61250528
61264200
61274141
61284701
61296541
60933317
60932543
60934050
60934272
60933148
60933988
60934540
60933276
60932498
60934432
60934574
60934362
60932997
60934354
60933114
60893707
60902011
60911995
60920515
60932894
60944017
60953567
60966055
60975152
60986353
60998641
61010622
61019468
61032446
61043036
61053351
61064996
61075620
61087892
61097724
61107671
61117708
61127620
61137095
61150132
61160692
61169940
61182647
61192852
61204588
61217788
61228348
61237167
61247588
61262412
61271111
61282700
61293484
61636332
60935911
60934647
60935562
60935934
60935229
60935679
60936134
60935890
60934196
60936208
60935775
60934495
60935911
60936157
60894025
60902327
60910910
60920852
60931478
60943262
60955606
60964643
60976798
60988430
60997870
61008502
61020326
61033406
61044054
61056150
61066638
61075454
61088878
61099470
61111878
61121126
61131171
61143846
61155598
61166198
61176918
61187945
61198198
61210086
61221435
61232150
61243774
61252353
61267262
61277774
61286366
61296998
60935950
60935917
60936421
60937188
60936715
60935991
60936516
60937415
60937929
60936698
60935844
60937829
60937641
60936081
60937909
60895175
60906116
60915364
60924036
60936244
60947108
60956563
60967044
60977644
60987948
60998868
61009500
61022281
61029728
61040876
61051236
61063676
61073980
61087337
61098028
61108537
61121100
61134601
61147332
61157684
61167228
61178828
61191988
61202572
61213156
61226356
61234955
61245732
61256158
61269924
61280350
61291081
61301628
60940385
60941022
60940353
60942247
60941984
60940499
60942348
60942054
60940667
60942353
60942350
60941013
60942481
60942574
60941680
60902224
60911337
60920193
60932268
60943068
60954300
60963847
60975150
60986866
60998369
61009903
61021529
61031873
61041391
61051679
61062735
61073209
61086633
61097265
61106159
61118711
61129295
61139815
61152316
61163924
61174716
61186327
61196431
61208724
61217369
61230559
61241407
61253700
61262417
61276183
61286959
61297180
61308964
60942110
60943462
60943909
60942654
60941961
60944032
60943761
60942220
60944192
60943796
60942393
60944208
60944481
60942975
60944237
60908927
60915919
60927781
60938283
60947507
60959145
60967699
60980257
60989942
61000430
61012299
61024019
61034363
61046363
61056875
61068853
61079509
61092069
61102653
61112901
61125477
61135918
61149973
61160533
61171093
61181653
61194469
61205059
61215685
61227013
61237381
61248093
61258661
61272565
61284189
61294453
61303485
61645909
60945411
60944429
60943893
60945269
60944032
60943997
60945381
60945828
60944474
60943762
60945865
60945528
60944125
60945983
60903120
60914200
60922392
60932398
60945195
60956216
60967681
60976352
60985324
60997423
61008806
61017719
61029500
61042340
61052916
61065024
61075664
61086246
61096547
61107331
61120950
61131494
61142006
61152875
61163566
61173841
61188066
61198678
61209244
61219750
61232984
61243654
61254208
61262851
61277630
61288256
61296782
61307579
60946782
60945967
60945143
60947157
60946801
60945641
60947347
60947317
60946012
60947424
60947448
60946100
60947536
60947434
60947560
60904881
60913139
60925025
60933739
60945122
60957183
60966788
60978044
60988855
61001308
61011511
61024492
61035082
61044511
61054628
61066060
61076572
61085176
61097472
61109360
61120238
61130675
61141227
61154075
61165568
61176144
61189032
61199592
61210152
61219067
61232459
61243888
61254400
61265032
61276875
61287267
61298019
61308579
60947412
60948884
60947968
60946914
60948583
60947354
60947327
60949610
60947466
60947584
60948944
60947715
60947645
60948989
60949396
60907159
60917684
60926452
60938468
60947442
60958604
60970905
60980682
60991866
61003794
61013989
61024855
61036882
61048786
61057622
61069461
61081284
61093609
61102247
61112828
61123362
61134936
61143743
61157356
61167988
61176751
61190636
61200972
61210037
61220479
61235010
61243495
61254143
61264916
61279588
61290100
61298951
61309661
61651116
60950575
60950625
60948939
60948656
60950689
60950807
60950925
60951044
60949885
60950680
60950870
60949775
60950647
60951011
60907306
60917794
60924917
60935125
60945347
60956950
60969729
60980235
60991673
61003193
61014697
61025329
61037009
61047001
61057554
61069873
61080241
61090978
61103329
61113919
61126217
61136785
61147719
61160385
61170593
61182503
61192551
61202943
61211559
61223063
61234817
61246527
61257039
61265738
61279167
61289095
61299775
61310593
61652837
60952290
60951329
60952057
60952415
60951510
60952539
60952500
60951635
60952186
60952812
60951317
60952330
60952758
60951580
60912505
60921658
60930357
60941277
60953443
60964513
60974132
60985323
60996867
61007427
61020211
61030563
61042523
61054451
61065011
61077131
61091059
61103275
61111998
61122712
61135003
61145563
61156131
61168921
61180705
61191193
61204145
61214705
61223563
61236539
61248417
61257641
61266235
61275835
61288947
61300553
61311137
61320265
60955591
60957181
60955479
60957504
60957039
60955786
60957542
60956021
60956082
60957681
60957662
60956271
60957678
60957699
60956914
60916895
60926914
60935762
60946567
60958638
60967993
60979271
60990534
61003383
61011910
61023499
61035510
61046070
61057902
61069518
61081614
61092126
61104486
61114974
61123718
61136262
61146734
61157630
61171230
61181790
61192278
61203425
61213913
61224734
61238902
61249166
61260022
61270670
61284254
61294814
61303646
61314158
61659566
60957082
60959038
60959070
60958186
60958008
60959091
60958154
60959015
60959291
60958204
60959015
60959317
60958596
60957257
60917736
60926205
60936257
60946497
60955452
60966927
60979593
60989142
61000882
61012367
61021995
61032456
61045200
61057328
61065920
61078280
61088736
61100536
61112856
61123376
61134074
61144707
61156258
61168928
61177763
61188024
61202296
61212856
61221972
61231920
61245656
61252946
61264720
61275304
61286824
61297648
61308139
61318816
61661192
60960775
60959817
60960430
60960846
60959847
60960658
60958845
60960100
60960961
60959653
60960744
60961148
60960067
60959219
60919637
60928074
60938064
60947076
60957427
60969098
60980482
60991816
61003053
61014810
61026328
61038098
61048610
61058474
61071098
61081239
61093799
61104295
61115007
61125333
61138781
61149726
61158933
61172845
61183429
61194061
61205613
61215717
61226205
61236933
61251101
61261733
61272325
61280973
61294725
61305117
61315877
61327549
60960670
60961097
60962334
60962424
60961568
60962401
60962601
60961805
60962497
60962758
60961626
60962550
60962742
60961816
60962552
60923264
60933853
60945829
60954258
60965508
60976530
60987825
60999210
61011988
61023508
61034074
61045836
61056465
61068079
61076889
61089081
61099764
61113943
61123263
61135028
61147599
61158183
61170927
61179935
61188470
61199030
61211894
61222756
61233382
61246694
61257943
61267838
61278143
61291775
61302206
61313198
61324807
60962526
60963997
60962046
60963999
60963808
60962317
60964153
60963880
60962493
60964206
60964310
60962872
60964320
60964312
60963055
60923090
60933658
60942292
60953140
60964204
60975580
60984508
60994146
61005218
61016794
61026937
61040802
61049985
61062050
61072161
61085306
61095818
61105066
61116764
61127476
61140217
61151666
61162202
61172937
61183721
61195266
61206324
61218034
61228522
61237097
61251738
61262226
61270890
61282690
61294409
61305882
61314884
61325609
61666346
60965887
60965723
60964079
60965853
60964354
60964311
60966551
60964434
60964509
60965869
60964581
60964629
60966008
60966262
60926189
60935123
60945492
60957580
60966699
60978889
60990163
61001620
61011340
61021713
61034430
61044158
61054497
61067166
61076414
61087929
61097727
61109257
61121035
61131620
61142183
61152745
61163713
61177311
61186553
61196577
61209737
61220838
61231705
61240273
61254798
61265358
61275852
61284630
61299412
61309972
61318809
61329183
60965473
60967472
60965900
60965896
60967385
60967476
60966122
60967566
60967697
60966317
60967609
60967611
60966901
60967634
60967696
60929266
60940725
60950223
60960214
60971326
60982262
60994999
61005087
61017799
61029319
61039951
61051647
61063623
61074183
61086303
61096863
61107447
61119735
61128262
61140839
61151750
61162111
61174783
61186447
61197055
61209991
61220551
61231135
61240543
61254919
61265479
61276079
61286623
61298401
61309762
61321487
61332047
60968635
60969114
60967952
60967258
60969093
60968844
60967300
60969275
60968946
60967556
60969339
60967684
60967887
60969499
60969601
60931293
60943328
60952224
60962499
60973776
60986113
60996195
61012203
61024019
61035611
61046171
61055960
61068155
61079643
61091739
61102251
61112811
61125187
61135851
61146363
61158915
61169475
61182099
61192755
61203315
61216107
61225115
61236571
61247083
61260331
61270891
61281547
61290280
61304201
61314347
61325048
61335851
60972909
60974591
60974634
60973248
60974660
60974654
60973293
60974662
60974721
60973472
60974772
60973401
60973459
60975028
60975151
60936675
60947373
60957438
60969206
60980350
60991537
61001502
61014142
61025686
61035283
61046183
61057895
61069636
61080388
61092265
61102958
61113652
61125721
61136686
61150062
61160646
61171214
61183918
61194470
61204998
61216324
61226812
61237137
61247903
61262230
61272855
61283374
61293999
61305663
61315393
61326999
61337742
60975207
60974408
60976117
60974854
60974797
60976157
60974936
60974933
60976218
60975080
60974954
60977181
60976927
60976501
60975077
60938160
60946994
60957610
60968205
60980463
60989073
61001447
61012789
61022413
61033060
61044517
61056383
61066887
61078797
61090615
61102717
61113295
61125589
61136167
61146687
61159263
61169823
61182519
61193053
61203657
61214217
61227015
61235760
61246328
61259499
61271085
61279889
61290596
61305370
61315995
61326489
61337127
61678431
60977939
60977139
60976194
60976052
60978163
60977710
60976438
60978323
60978304
60977023
60978258
60978491
60977497
60978317
60937529
60947505
60958089
60967215
60978493
60990345
61001673
61013025
61024473
61035057
61046577
61058353
61068985
61080851
61091395
61103491
61114075
61126387
61137017
61147699
61160107
61168745
61181251
61191832
61202715
61213430
61226091
61236963
61247283
61260497
61272251
61282841
61293344
61306928
61315907
61326254
61337110
61680182
60979755
60978700
60979410
60979664
60978492
60980340
60979939
60978913
60979513
60979915
60979639
60978388
60979724
60980080
60938323
60947944
60959806
60970731
60981567
60992709
61002257
61013362
61024962
61036796
61048359
61060053
61068727
61080933
61091287
61104698
61115199
61127498
61138052
61148613
61159274
61169615
61181540
61193965
61204762
61215333
61226413
61236724
61248628
61260572
61270676
61281332
61292058
61306266
61317098
61325740
61338285
61681834
60981281
60981029
60980192
60979984
60981417
60981505
60980488
60979600
60981615
60981606
60979827
60981786
60981566
60980254
60940173
60950028
60959003
60970971
60979731
60991379
61003459
61014827
61024531
61035035
61047795
61057587
61068027
61080027
61090587
61103947
61114507
61126811
61135438
61146398
61158611
61170371
61178926
61191614
61203435
61213947
61225142
61235475
61247275
61257787
61269294
61279899
61290331
61302147
61315707
61324622
61335110
61346683
60982598
60983066
60982656
60981386
60983096
60981632
60981661
60983356
60983201
60983175
60981428
60982448
60983074
60981791
60983191
60945579
60954511
60966300
60976861
60987901
60996929
61008583
61019839
61031340
61042103
61052652
61065687
61076196
61088143
61098693
61109050
61119682
61131757
61142370
61153064
61166743
61177244
61188674
61199306
61209138
61219770
61232578
61244487
61255026
61266522
61276906
61287527
61298218
61312951
61321436
61332202
61342698
61685231
60984762
60983660
60984618
60984770
60984065
60984647
60985043
60984089
60984692
60985003
60984735
60983471
60984871
60983639
60943959
60955832
60964186
60976360
60985944
60996418
61007811
61020338
61031640
61042480
61054002
61063746
61074330
61087274
61098158
61110248
61120090
61130621
61141411
61152894
61165314
61175874
61186530
61199232
61209496
61220370
61233234
61243888
61254448
61267648
61278274
61288786
61299424
61311141
61323562
61332141
61344706
61686834
60986287
60986252
60984801
60986204
60986541
60985361
60986324
60985020
60985020
60987279
60985100
60985105
60986441
60985238
60945421
60955388
60966020
60978130
60989104
60998381
61009728
61021240
61032601
61042456
61053843
61065633
61077385
61089289
61097875
61110243
61120899
61132921
61144737
61155329
61165976
61176851
61187395
61199888
61210400
61222841
61235777
61246289
61256921
61270121
61280753
61290017
61301961
61313547
61324344
61336689
61347345
61688625
60987999
60987000
60988547
60987947
60987317
60987789
60988142
60986938
60988950
60988359
60987619
60986317
60988198
60988208
60949003
60959220
60971730
60983922
60993042
61005298
61016578
61025914
61036930
61047306
61058938
61070906
61081194
61094386
61104946
61117106
61127642
61140002
61150530
61161178
61173682
61184242
61194754
61207522
61217786
61227282
61239658
61250050
61260730
61275282
61285842
61296130
61306986
61318626
61330450
61340962
61351522
61694378
60993880
60992862
60993905
60993927
60993052
60993761
60993953
60993262
60993822
60994135
60993548
60993891
60994151
60994238
60954888
60965110
60975420
60984244
60995484
61007646
61019057
61030385
61039956
61050516
61062193
61073964
61084548
61096465
61108041
61118129
61128825
61142305
61150993
61163564
61174316
61184841
61195316
61209145
61219729
61230289
61241292
61251945
61263561
61275033
61285497
61297297
61307577
61319641
61331345
61341857
61351162
61696025
60995453
60994508
60993915
60993646
60995824
60994223
60994355
60995686
60995746
60994206
60995723
60994365
60995863
60995889
60952334
60961898
60972466
60982752
60995288
61005161
61016008
61027453
61038838
61050518
61060072
61073000
61083632
61095560
61106120
61118109
61128806
61141110
61151694
61162286
61172984
61184730
61195167
61205871
61216554
61227138
61241266
61249882
61261658
61270984
61285554
61296114
61304655
61317207
61329114
61341408
61350186
61360599
60995649
60995669
60997271
60997190
60995984
60997364
60997402
60996644
60997437
60997645
60996598
60997493
60997752
60996606
60997393
60963027
60971956
60983468
60992901
61003628
61015636
61026748
61038324
61048669
61059695
61070004
61082207
61094980
61104300
61117660
61128220
61138572
61151084
61159636
61172380
61182772
61193452
61206028
61216780
61227172
61240380
61251932
61260500
61272324
61284820
61294085
61304404
61315860
61329460
61338012
61349100
61360468
60997355
60998500
60997564
60998877
60998844
60998142
60998973
60999184
60998166
60998328
60999202
60998076
60998996
60999256
60999199
60959978
60970169
60980545
60991321
61000528
61011688
61022905
61034233
61046945
61057577
61069134
61079101
61089491
61102688
61113160
61123539
61134086
61147528
61158167
61166713
61179495
61190367
61200855
61212171
61222522
61232041
61245018
61256735
61267295
61278753
61289378
61299783
61310343
61323914
61333794
61345535
61354199
61365927
61000538
60999683
60998774
61000395
61000786
61000582
60998939
61000814
61000520
60999197
61001082
61001108
61000287
61000923
61001198
60964144
60973049
60984838
60995354
61006592
61017650
61027082
61038407
61049858
61062746
61073258
61082978
61093621
61105538
61117362
61129458
61140034
61152322
61160986
61173853
61185298
61193938
61206634
61217266
61228946
61239506
61250963
61261021
61272922
61286122
61296682
61305474
61316034
61330730
61341314
61349882
61360869
61703058
61002452
61001372
61002264
61002534
61000986
61001431
61002453
61001192
61001200
61002474
61002961
61001701
61001018
61001365
60961444
60973664
60982362
60993175
61004002
61015138
61027743
61039071
61050615
61061103
61072700
61084477
61095088
61106944
61117467
61127704
61139472
61151816
61162253
61171007
61183545
61194191
61204575
61217653
61229143
61237925
61250721
61261560
61273105
61286353
61295131
61305576
61317417
61331049
61341561
61352193
61362705
61704809
61004071
61002982
61004709
61004064
61003282
61003839
61004446
61003640
61004112
61004409
61004074
61002928
61003192
61004551
60963744
60972838
60984377
60994057
61006220
61015570
61027949
61037234
61048915
61060715
61072219
61083931
61092583
61104396
61116298
61128443
61139011
61151299
61160026
61170618
61183194
61193619
61205443
61218115
61228699
61239187
61250098
61260637
61272539
61285787
61296299
61306859
61315650
61329509
61339803
61351627
61362187
61706499
61005942
61005053
61005636
61005892
61005110
61005616
61005998
61005320
61005843
61006054
61005077
61004109
61005263
61005822
60965020
60974782
60986559
60995813
61007623
61016962
61028183
61040730
61051650
61059445
61072321
61083949
61092469
61105722
61114306
61126610
61138244
61150559
61159381
61169973
61183538
61194098
61202677
61215541
61227138
61237784
61248727
61259175
61271063
61281623
61292826
61303498
61314055
61325879
61339439
61348367
61358783
61370407
61005861
61007529
61007673
61007492
61005735
61007517
61007655
61005914
61007664
61007834
61005935
61006883
61006413
61006421
61007770
60968338
60978724
60988340
60999252
61010199
61021359
61032695
61044106
61055559
61063991
61074719
61084503
61096327
61106991
61117639
61130911
61141567
61153855
61164439
61175042
61187522
61198119
61208690
61220122
61231946
61242519
61255370
61265954
61276538
61289786
61298514
61309026
61319586
61333231
61345055
61353770
61364407
61709824
61009188
61008936
61008193
61007619
61009487
61009150
61007819
61009610
61008022
61008187
61009757
61009770
61008870
61014200
60971624
60980041
60991926
60998948
61010724
61020143
61031869
61043706
61054968
61066508
61076128
61087141
61099771
61111668
61120499
61132363
61140846
61152491
61163048
61173416
61185356
61195773
61206832
61220197
61230781
61241341
61250112
61263200
61274621
61284006
61296883
61307509
61318786
61329405
61341397
61353005
61363517
61372138
61716264
61015707
61015316
61013987
61015457
61014110
61014083
61015534
61015901
61014758
61013932
61015932
61015739
61014394
61015912
60975177
60983719
60993692
61004042
61015323
61026571
61037907
61049235
61058850
61069410
61080852
61093732
61102599
61114733
61126219
61138315
61146758
61159316
61170044
61181538
61192175
61203109
61213067
61224939
61233525
61244501
61258291
61268851
61277424
61288125
61302579
61311913
61321853
61332581
61347187
61356577
61368299
61377045
61015870
61015675
61016590
61017088
61016441
61017031
61015842
61018098
61015989
61017724
61017619
61017354
61016146
61017675
61017750
60975295
60984395
60991748
61003564
61014244
61023718
61035466
61046268
61057530
61070096
61081528
61091933
61103893
61115869
61126381
61138477
61149068
61159685
61172069
61182661
61195093
61205677
61216309
61228933
61239565
61249853
61260943
61273525
61281365
61290940
61305069
61315581
61326205
61336749
61348527
61359231
61369500
61380060
61017457
61019058
61019216
61017793
61019226
61019309
61018600
61019201
61019297
61018373
61019979
61019436
61018645
61019160
61019505
60980877
60990991
60999530
61010192
61022456
61031867
61042952
61055667
61065803
61075835
61088595
61100259
61110819
61120896
61131731
61143520
61154416
61167632
61178216
61188808
61201291
61210512
61222456
61235152
61245712
61254912
61269088
61279672
61290320
61301768
61312160
61322936
61333328
61346888
61356736
61367936
61376456
61721304
61021060
61020642
61020620
61019100
61020946
61020654
61019502
61021060
61019553
61019662
61021151
61021250
61020214
61020285
60978362
60986919
60998718
61007743
61018727
61029532
61042201
61053551
61065071
61075655
61087181
61097018
61107506
61119314
61130138
61143306
61153818
61166106
61175005
61186757
61199221
61208005
61218373
61232309
61242797
61251581
61265589
61275853
61284861
61295421
61309813
61320301
61329397
61340853
61352517
61363197
61373661
61384285
61021006
61022394
61022529
61021627
61022864
61021470
61022551
61022746
61021766
61021628
61022810
61021630
61022609
61022818
61022803
60982828
60991007
61000826
61012786
61021666
61032986
61045490
61056850
61068322
61078906
61088557
61100349
61110997
61122981
61133565
61145498
61156474
61168370
61180170
61190786
61203266
61213791
61224271
61236975
61247647
61258191
61269223
61279775
61290639
61304783
61315367
61325855
61334770
61344778
61357778
61368266
61376978
61388658
61024010
61022577
61023129
61022110
61024328
61024166
61022337
61024515
61024207
61022638
61024397
61024468
61024527
61024185
61023121
60984329
60994253
61003048
61014364
61026121
61037265
61046612
61057964
61070793
61080176
61090975
61102564
61113241
61125353
61136196
61147332
61158969
61171225
61181769
61192457
61204889
61215449
61224036
61236972
61247473
61258348
61271849
61282657
61293217
61306489
61317073
61327705
61338217
61351889
61362505
61373017
61383649
61726521
61026116
61025143
61025692
61026024
61024911
61025917
61026124
61025043
61024391
61024884
61025969
61024616
61025995
61026538
60984453
60994508
61003287
61011699
61021387
61033398
61045660
61056980
61067572
61077759
61088510
61099742
61111005
61122763
61133515
61145494
61156267
61166651
61179309
61189819
61203332
61213988
61224500
61237172
61247756
61258396
61268589
61278340
61290099
61300718
61313977
61324609
61335297
61345723
61357365
61369875
61380459
61390854
61027225
61026296
61027203
61027519
61026862
61027294
61027725
61026494
61027355
61027692
61026670
61025945
61027630
61026270
61026795
60991623
61001615
61010377
61020980
61031838
61043455
61055703
61065791
61076713
61089418
61099930
61111642
61123570
61134154
61143457
61155041
61165485
61177670
61188319
61201177
61211530
61223282
61236026
61246610
61257194
61270082
61280642
61291218
61300674
61315050
61325634
61336266
61346850
61360410
61369009
61381554
61390273
61027219
61029218
61027587
61027597
61029306
61027608
61027696
61029391
61027688
61027888
61029447
61029369
61028560
61029294
61029615
60992502
61001317
61012141
61022338
61034528
61045952
61057312
61068723
61080171
61090144
61100381
61112296
61124128
61134957
61148006
61158590
61169166
61181454
61192019
61204499
61213277
61224891
61235722
61246282
61257090
61269739
61281203
61292011
61302643
61315843
61326475
61337123
61347683
61361267
61371899
61382411
61391790
61029861
61030778
61030869
61029649
61031401
61030866
61030161
61030614
61031056
61030246
61028934
61031131
61030994
61029449
61030921
60993442
61004098
61012848
61023384
61035664
61045307
61057496
61068824
61078567
61090186
61101789
61111404
61121925
61135202
61145784
61157889
61168399
61178964
61189361
61200889
61211633
61222391
61232898
61246544
61257345
61267615
61278978
61289303
61301113
61314439
61323252
61333775
61345473
61359162
61367596
61379489
61390073
61732956
61032450
61030905
61031318
61032308
61030910
61031523
61030560
61032657
61032432
61031035
61032697
61031168
61031448
61032954
60990730
61002763
61011633
61022836
61033268
61050996
61062289
61071635
61083342
61094139
61105323
61117438
61127684
61139563
61151275
61163436
61172778
61184265
61195097
61205537
61218417
61227881
61237818
61251690
61260801
61271457
61284513
61294905
61306570
61318177
61329969
61340529
61349121
61362873
61373402
61385170
61395714
61740049
61039500
61039101
61038336
61037840
61039561
61039684
61038544
61038059
61040275
61038123
61038721
61037771
61040024
61038224
60996517
61007443
61016161
61026921
61038866
61048228
61059730
61072226
61083698
61092374
61103777
61116818
61127450
61137249
61149138
61159177
61171202
61181762
61194002
61202737
61215033
61226930
61237562
61248065
61258889
61269410
61283442
61292169
61302537
61314490
61327666
61336385
61346954
61358778
61370364
61380993
61392826
61403314
61040048
61039500
61039139
61041296
61041282
61039971
61039195
61040982
61039737
61039694
61040989
61039870
61039867
61041211
61039904
61000299
61012364
61020753
61031765
61042562
61055034
61066362
61077642
61087177
61096897
61108674
61120341
61131400
61144165
61154653
61164921
61175481
61189029
61199589
61210133
61220757
61232469
61241061
61253805
61265629
61276117
61287013
61297749
61309533
61320676
61331370
61341957
61353757
61367341
61377901
61386493
61398405
61407733
61041585
61041043
61042938
61042922
61041947
61041169
61043590
61042972
61041862
61040979
61043071
61042774
61041822
61043175
61043239
61006062
61014881
61026857
61037273
61046603
61057727
61070263
61081489
61090958
61103913
61114446
61126158
61134868
61146841
61157225
61170662
61181230
61193542
61202841
61212713
61225198
61237030
61249630
61258545
61268841
61280670
61291969
61303294
61312145
61325206
61335842
61345921
61356254
61369409
61380982
61389660
61401374
61744969
61044303
61042883
61044369
61043118
61044479
61044698
61044251
61043363
61043214
61044786
61044853
61044051
61043751
61044949
61001182
61010697
61020796
61031250
61043450
61052738
61065186
61076466
61085226
61096682
61109442
61121178
61130354
61141602
61152274
61165604
61176170
61186730
61197490
61208978
61221410
61231919
61240754
61254250
61265130
61275636
61286706
61298410
61308970
61317668
61331146
61342698
61353186
61361778
61376690
61385514
61395074
61405706
61044659
61045902
61044694
61046164
61046255
61045435
61046081
61046375
61046377
61044566
61046276
61045039
61045028
61046356
61046798
61078799
Peak: 62193039
Average: 59973316.62554665
