0
76878
76863
76975
77008
77071
77104
77031
77168
77264
77191
77328
77360
77394
77343
77375
77383
77585
77567
77681
77713
77663
77777
77809
77840
77855
78096
78002
77927
78065
78097
78047
78161
78256
78183
78215
78247
78385
78311
78343
78480
78608
78641
78674
78599
78631
78687
78695
78832
78759
78791
78823
78879
78983
79015
79047
79184
79217
79143
79408
79313
79239
79271
79409
79441
79463
79495
79551
79665
79697
79623
79761
79793
79719
79751
79783
79922
80081
80007
80039
80071
80209
80135
80167
80199
80337
80263
80319
80433
80383
80391
80423
80479
80721
80753
80679
80711
80767
80775
80912
80839
80871
80903
80935
81073
80999
81031
81063
81095
81287
81319
81375
81407
81415
81447
81503
81511
81543
81575
81713
81872
81695
81727
81841
81875
81799
81937
81969
81919
55033
Peak: 127419
Average: 78649.06153846154
