0
136686
203214
557123
881727
1605026
2186818
2615237
3045284
3629200
3913086
4400427
5265671
5442530
5789900
6253488
6730204
7177102
7426369
7823828
8388374
8804683
9085005
9394449
9541766
9715901
10091652
10729217
11184969
11757586
12475188
12782181
13079224
13567342
14127929
14612441
15216634
15691467
16038166
16356664
16584844
16717744
16781200
17125123
17403469
17578631
17971270
18121461
18341324
19639151
19452506
19637625
19745264
19749556
19997626
20190800
20322162
20490374
20871628
21416793
21801431
22211639
22639641
23296850
23561636
24013556
24327151
24466363
24489754
24653279
24797094
24995087
25164436
25476280
25766677
26187532
26685794
26953551
27522302
28141845
28955464
29664344
29979962
29981202
29986610
29984563
30002344
30014216
30261114
30849266
31452361
31647120
31949688
32139829
32355771
32448780
32510108
32557095
32657923
32691904
33029042
33014145
33462186
34390792
33914169
34394865
34619149
34693545
34739353
34711161
34793579
35098863
35205451
35814755
35917612
36278140
36805771
36876871
37128766
37821134
38036261
38430923
38430818
38430768
38430946
38293618
38745209
38945285
39124133
39205150
43161582
43209022
43487375
43541948
44139594
44166015
44200136
44282766
44349491
44361788
44433059
44506683
44545731
44599260
44653569
44706592
44840005
44917884
45138535
45216458
45659821
45864119
46054014
46475527
46838996
46888358
46989992
47167725
47214570
47416721
47503969
47599873
47680064
48006018
48134165
48376207
48585105
48664554
48812037
49112104
49498257
49500625
49629783
49627033
49909750
50039337
50197931
50340307
50365294
50389358
50422494
50444073
50520302
50515129
50734430
50789638
50879694
51092270
51307826
51438735
51575259
51921672
52232629
52494676
52750691
52939322
53390730
53779866
54366898
54523359
54574455
54691787
54716710
54816898
54882873
55021350
55044846
55208711
55212314
55215957
55219730
55118493
55584862
55959264
55968975
56114690
56545676
56944012
57002557
56995403
57413449
57515523
59319119
57807063
57972671
58143915
58232271
58252935
58358878
58487128
58509333
58594732
58933408
59683166
59858363
59947795
60022019
60079067
60126313
60310574
60348431
60923675
61855216
60916647
60957033
60970131
60984607
60997005
61009140
61021312
61033686
61045837
61056508
61069206
61081599
61095453
61108763
61119516
61131765
61142394
61153404
61167125
61178164
61187921
61199686
61211804
61224573
61235261
61245826
61255005
61268250
61280227
61290870
61302038
61312643
61324508
61335060
61348620
61357246
61367736
61378158
61721311
60816680
60818897
60820184
60820675
60820598
60822029
60822531
60821666
60823533
60823012
60822019
60823216
60823311
60821973
60823104
60786887
60796587
60808881
60818836
60829692
60841093
60853789
60865117
60874619
60886518
60896755
60909779
60920619
60930531
60942545
60954604
60965172
60975719
60986503
60996119
61008080
61018928
61027445
61040240
61052008
61060883
61073848
61084056
61095856
61109032
61118443
61128536
61138880
61153688
61164248
61172896
61183205
61529089
60828397
60827023
60828462
60827511
60828382
60828849
60827399
60828846
60827526
60829010
60829099
60828277
60829738
60829177
60785866
60796932
60805807
60816505
60829169
60840262
60850009
60862198
60872737
60882380
60895212
60906895
60915754
60928592
60939333
60949456
60960504
60970880
60984256
60992880
61005424
61017224
61025944
61039752
61050312
61060800
61071216
61080200
61090032
61099752
61112184
61123160
61134616
61143400
61158168
61168656
61179216
61187744
61532656
60832275
60832246
60832179
60832672
60832683
60832907
60832745
60832861
60832532
60832813
60831295
60831431
60833073
60833375
60832346
60793174
60805585
60813913
60826045
60835149
60847544
60856920
60868312
60881072
60889824
60901640
60914120
60922960
60935904
60946416
60956560
60968424
60980640
60989280
60999808
61013592
61024080
61032752
61045352
61055440
61067064
61077936
61089824
61098352
61108912
61123472
61132344
61142088
61153704
61165480
61175848
61187808
61196451
60834188
60833584
60835096
60835412
60835465
60834552
60834393
60835505
60834458
60836250
60835667
60834826
60833989
60835643
60834430
60794050
60803729
60814183
60825943
60834748
60847247
60856511
60869162
60880623
60889362
60902039
60911783
60923679
60935511
60944220
60956247
60966220
60977916
60990234
60999215
61012551
61022410
61032970
61043863
61055463
61066034
61077397
61088730
61097391
61107882
61122442
61133002
61143562
61152882
61167754
61178258
61187063
61197554
60836519
60838304
60837560
60838339
60838477
60837376
60838468
60838585
60837846
60838660
60838725
60837612
60838517
60838806
60837781
60797622
60809977
60818495
60830408
60839608
60851792
60861216
60873712
60883320
60895168
60904920
60917755
60928819
60938779
60950715
60960963
60971475
60983571
60993723
61004115
61017763
61026547
61038120
61049024
61060755
61069275
61083475
61092091
61103979
61112523
61126755
61135859
61147179
61158003
61169987
61181472
61190096
61201928
61541728
60841212
60839960
60841201
60841565
60841535
60839938
60840757
60841673
60841746
60840479
60841511
60841899
60840767
60839919
60800045
60807752
60817760
60829267
60838427
60850163
60862406
60871774
60882702
60895158
60904622
60915694
60928294
60938902
60949006
60960998
60972822
60981542
60993982
61005486
61016534
61027894
61038470
61049150
61059718
61070694
61084446
61095006
61105494
61114078
61128646
61139790
61148318
61160286
61171958
61182841
61194358
61203142
61544806
60844348
60843540
60844499
60844960
60844976
60843636
60845239
60843932
60843913
60845332
60845747
60845336
60844411
60845786
60802987
60815035
60823748
60835978
60844697
60857282
60866711
60879175
60888927
60900583
60910047
60921841
60933883
60943797
60954435
60967865
60978418
60987562
60999274
61011178
61021831
61032250
61044050
61056650
61065242
61077114
61089906
61098498
61109130
61120895
61132554
61142746
61153015
61164362
61176290
61186055
61197759
61206303
61548194
60847570
60847049
60847583
60847837
60846859
60845961
60848013
60847780
60846519
60848002
60846789
60846786
60848114
60848470
60806484
60818175
60827028
60839055
60847959
60859106
60870026
60882119
60892122
60903460
60913060
60925996
60935042
60947855
60958343
60968780
60980343
60989076
61002492
61013092
61023540
61035404
61043988
61056732
61068412
61077180
61091180
61099676
61111591
61120092
61133764
61144036
61153876
61165700
61177364
61189116
61197716
61209532
61550973
60850436
60850451
60848883
60848709
60849211
60850592
60849075
60849366
60849331
60850632
60851052
60850886
60849343
60851294
60810087
60819259
60829276
60837604
60850268
60859529
60872092
60881681
60893212
60901401
60912532
60923260
60933153
60944745
60954716
60966444
60976497
60988361
60998785
61010468
61019137
61032812
61042657
61051185
61065089
61073857
61085588
61095636
61106697
61116676
61125337
61139649
61149553
61160172
61168692
61181465
61192180
61202753
61212449
60851302
60851389
60854057
60851940
60852053
60853352
60853839
60852750
60851819
60852326
60852294
60853638
60854157
60852846
60852145
60814418
60822516
60832954
60844567
60853527
60865967
60877231
60886839
60898095
60908999
60920239
60933119
60943751
60953599
60965551
60977687
60986391
60998407
61010351
61019663
61031591
61043383
61052575
61064711
61076511
61087007
61098055
61109879
61118599
61129362
61143255
61152791
61162703
61173207
61188103
61196703
61207415
61217255
60855262
60855543
60855401
60854214
60855792
60855802
60854774
60855595
60855780
60855252
60855641
60856056
60855968
60854298
60856111
60818191
60827720
60837353
60846327
60856748
60868964
60879543
60890174
60899085
60908721
60921564
60933287
60942265
60955082
60963599
60977081
60985584
60996224
61007792
61017048
61030696
61039192
61051088
61061837
61072328
61084128
61092709
61106848
61115416
61127256
61139848
61148592
61159024
61171720
61183429
61195160
61205648
61214360
61559064
60858649
60857761
60857162
60859058
60859388
60859253
60857746
60859644
60858150
60858395
60859807
60859857
60858992
60859103
60817025
60826750
60836176
60845552
60857464
60867632
60878008
60888382
60900392
60909760
60920696
60932632
60941936
60950696
60961864
60973520
60983976
60995424
61007032
61015584
61025504
61039184
61049128
61057896
61071632
61080552
61092000
61104136
61112824
61124624
61134472
61145760
61155592
61165712
61176072
61190872
61199448
61211264
61220032
61562424
60861844
60861167
60862005
60862508
60861511
60860648
60862518
60862464
60860936
60862456
60861262
60861296
60862565
60861411
60821567
60831616
60840969
60850569
60861873
60871233
60882497
60895017
60903857
60914473
60924481
60936377
60948017
60958217
60968929
60979881
60991777
61001537
61011497
61022193
61030897
61044593
61055169
61063809
61076753
61087041
61098841
61109737
61120665
61130369
61144689
61153417
61165193
61175705
61187585
61199265
61209753
61218537
61565751
60865313
60864253
60863539
60864523
60865228
60863864
60865307
60865652
60864402
60863808
60865823
60865593
60864316
60865948
60824652
60834710
60843362
60854171
60864779
60877080
60886556
60899437
60909310
60920008
60930353
60942353
60953881
60964017
60974529
60986497
60997249
61007577
61020649
61031193
61041705
61053609
61064193
61076129
61085065
61096537
61107481
61119313
61129889
61138753
61152945
61161697
61172129
61183929
61195713
61207409
61216121
61227825
61568425
60867668
60866694
60866126
60867827
60867784
60866444
60868000
60866766
60866715
60868032
60868374
60867277
60866563
60866961
60826441
60835373
60844621
60854181
60866837
60877885
60887597
60897789
60909709
60919461
60930837
60941245
60953733
60963829
60975525
60985864
60997445
61006309
61019709
61028301
61042077
61050797
61062501
61073381
61084957
61093805
61104245
61117661
61126341
61137285
61145469
61156880
61168693
61177413
61189125
61201805
61210680
61222517
61231528
60869262
60869759
60870145
60870059
60868429
60869941
60868639
60869088
60870138
60868954
60868871
60870239
60868913
60869477
60870362
60830326
60840603
60851923
60861019
60873259
60882555
60894931
60907539
60917123
60929011
60938566
60951491
60960291
60973411
60983923
60994139
61005971
61016411
61028115
61038835
61049582
61061155
61069867
61083635
61092878
61104131
61116371
61126931
61137443
61146227
61160611
61169331
61181131
61189859
61202771
61213275
61223099
61233019
60871800
60873388
60872566
60871599
60873220
60873591
60872315
60871619
60873784
60873663
60872825
60873478
60873909
60872866
60871782
60829713
60839778
60851538
60860058
60871207
60883749
60893418
60905666
60914880
60927208
60936960
60949709
60958253
60971616
60980291
60993525
61004029
61012645
61026237
61035112
61048592
61057272
61067904
61079941
61091685
61100432
61112088
61123112
61133104
61144800
61155949
61167904
61176520
61187056
61201344
61211085
61219912
61231520
61575920
60875223
60873770
60873695
60873926
60875298
60875509
60874632
60875414
60875807
60874945
60875603
60875999
60874910
60874068
60833264
60843482
60852322
60864282
60873573
60883637
60896194
60905677
60917538
60927194
60939874
60951530
60960248
60973386
60982322
60995378
61003946
61015778
61026098
61037730
61048522
61059074
61070306
61080938
61092834
61101354
61113314
61124314
61135090
61146546
61158122
61169602
61178194
61187978
61203018
61211746
61221690
61233338
61577722
60876881
60877287
60877247
60876003
60877337
60878898
60877901
60878543
60878516
60878845
60877764
60877020
60878930
60877305
60834381
60845760
60854875
60865976
60875707
60887880
60897483
60908779
60919435
60930174
60942251
60952739
60962691
60975819
60986355
60996910
61008403
61017779
61029790
61041203
61051774
61063315
61072355
61086227
61094971
61106691
61115499
61129435
61138267
61149062
61161403
61171846
61183683
61194267
61205918
61217779
61226470
61238267
61581212
60880620
60879451
60880496
60880868
60879768
60878853
60880849
60880752
60879173
60880717
60879405
60879453
60880797
60881147
60837879
60848065
60859975
60869039
60881175
60890663
60901039
60913535
60924399
60935007
60944599
60955631
60967495
60977687
60989167
61000671
61011143
61019895
61031591
61043335
61053767
61063823
61075543
61087559
61096271
61107927
61117855
61128775
61138623
61150527
61161831
61171783
61183415
61192103
61203031
61215095
61226775
61235343
61245303
60882561
60881165
60882773
60880981
60882894
60881318
60881584
60883092
60883092
60882162
60882970
60883158
60882303
60882775
60883383
60843312
60853052
60862900
60874700
60883892
60894369
60904930
60917535
60927151
60937159
60949751
60959673
60971401
60981545
60991919
61004095
61016001
61027513
61036436
61046119
61059801
61068489
61078471
61092233
61102143
61111298
61123135
61133479
61144725
61153271
61165855
61177637
61187625
61196191
61209210
61221040
61229585
61239428
61585098
60884586
60883195
60884385
60883355
60884534
60886144
60886229
60885900
60884889
60886225
60886264
60886405
60884796
60885732
60887180
60849957
60859658
60869631
60878399
60890639
60901274
60910487
60921047
60933992
60943759
60954711
60964650
60976255
60987527
60996495
61009536
61019490
61029863
61041591
61051543
61062055
61072031
61083752
61094858
61104511
61116167
61128399
61137015
61148767
61158695
61170087
61181799
61191767
61200463
61215207
61223855
61233823
61244359
61588367
60887808
60887955
60886460
60887223
60887684
60887977
60888007
60888200
60887409
60886382
60888009
60886818
60887105
60886342
60888340
60851411
60862424
60872311
60881120
60892376
60905512
60914248
60926720
60936416
60949080
60959680
60969496
60981272
60991352
60999776
61011208
61022936
61033280
61045128
61053744
61067624
61076179
61087976
61098752
61110624
61119352
61133504
61142128
61153928
61162507
61177120
61186040
61197544
61206232
61219352
61229744
61241520
61251544
60888837
60888041
60889916
60888364
60888372
60889783
60890088
60889031
60889887
60890235
60890189
60888423
60890371
60889975
60888754
60848228
60858754
60870074
60880362
60891410
60901010
60911146
60922642
60935378
60944146
60956882
60966610
60976730
60989730
60998338
61011770
61020314
61033978
61042674
61054498
61064210
61076074
61084650
61098610
61108634
61117178
61131378
61140010
61151858
61160362
61172906
61183722
61193826
61205362
61218290
61226762
61236882
61248706
61592371
60891650
60891711
60891707
60890786
60891573
60891758
60891737
60890291
60889963
60892047
60890411
60890675
60892111
60892186
60846928
60855708
60867676
60877111
60886327
60899191
60908911
60918423
60931111
60940615
60953127
60965047
60974767
60984855
60997943
61006447
61019831
61028615
61041999
61051991
61060567
61074335
61084263
61092975
61104847
61116767
61126551
61137543
61147519
61159271
61169175
61180479
61190383
61202111
61212015
61223631
61233847
61245407
61255375
61595917
60895248
60895470
60894439
60894479
60894657
60895668
60894287
60895196
60895429
60895484
60893740
60895674
60894079
60894114
60850638
60861852
60870492
60880284
60892756
60901996
60912612
60922916
60935156
60945052
60955588
60966260
60977180
60987484
61000156
61008924
61022196
61032124
61042828
61052908
61064172
61075996
61086644
61095492
61107765
61119060
61127652
61139980
61150924
61159500
61169548
61181996
61191852
61201828
61213572
61226532
61235148
61245004
61256172
61597500
60897037
60897074
60897063
60896158
60896966
60897153
60897139
60895638
60897040
60897530
60897261
60895694
60897567
60895950
60853567
60861586
60873554
60881968
60894634
60904249
60914390
60927167
60936463
60947231
60960111
60968695
60981703
60991598
61003510
61014143
61025575
61034542
61047903
61056839
61070158
61079255
61088767
61098582
61112607
61121271
61131078
61145319
61154015
61165702
61178383
61186927
61196718
61208631
61218263
61230254
61240487
61250158
61260007
60898108
60899438
60899021
60897923
60898706
60899033
60897989
60897225
60898849
60899213
60899204
60897468
60899394
60897860
60898153
60857168
60869430
60877686
60889822
60898934
60911342
60922078
60931318
60944270
60952886
60963814
60976742
60985262
60998526
61009038
61019334
61031102
61041806
61053270
61063230
61073670
61085582
61094198
61108134
61117094
61126798
61139542
61150782
61159366
61171166
61183758
61192678
61204086
61212862
61227646
61237598
61246150
61255902
61600870
60900290
60898898
60900250
60899456
60898611
60901067
60900641
60899397
60898690
60900630
60900796
60899351
60900745
60902667
60858864
60867042
60876883
60888501
60897731
60910361
60919946
60929969
60942323
60953858
60964754
60975364
60985086
60998286
61007191
61018948
61028846
61040705
61051195
61062932
61072127
61085428
61094196
61107961
61116724
61128452
61136924
61151292
61160311
61171756
61183023
61193572
61204740
61213468
61228276
61236964
61246676
61258596
61268540
60903929
60903422
60904106
60904193
60903293
60904732
60904341
60903199
60902380
60902301
60904262
60903999
60902623
60904438
60904488
60866253
60874864
60886896
60895640
60906768
60917195
60929752
60939171
60951992
60960856
60971784
60984432
60993208
61006272
61015152
61028264
61038920
61049200
61061096
61069824
61081776
61093359
61102103
61116007
61124823
61134527
61148647
61157159
61168999
61177687
61190455
61202191
61210887
61222615
61235551
61244167
61254047
61264071
61606525
60906003
60904501
60905898
60904788
60906167
60906216
60906225
60904457
60906286
60904887
60904707
60906099
60906431
60905339
60861004
60871456
60881536
60892952
60902424
60913592
60924416
60936824
60945872
60956440
60969120
60977848
60988744
61001936
61010808
61024072
61032592
61044424
61054856
61064872
61076336
61087096
61098944
61108000
61121632
61130208
61139968
61154264
61162920
61172592
61187296
61197224
61205912
61217632
61226280
61239328
61250984
61261008
61269720
60906043
60907858
60908088
60906937
60908019
60908163
60907126
60907969
60908111
60908198
60906502
60908080
60906782
60906824
60908155
60867056
60877847
60888741
60897942
60910222
60919494
60931998
60941774
60954166
60962841
60975726
60986750
60996566
61007766
61016566
61029758
61039662
61049518
61061102
61071054
61082830
61092662
61101278
61113689
61123294
61132886
61144894
61157014
61166870
61176726
61189342
61199166
61209054
61218910
61228766
61241670
61251566
61261478
61271262
61610396
60909916
60908853
60908088
60910007
60908416
60908418
60909772
60910098
60909049
60908396
60910304
60908791
60908924
60910443
60867677
60877979
60887088
60896789
60909051
60918353
60929598
60941547
60950177
60960957
60973821
60982869
60997485
61007867
61019285
61030755
61041438
61051189
61061517
61071638
61085181
61095091
61103998
61117757
61126379
61136281
61148005
61160243
61168809
61180701
61193363
61202190
61213709
61222403
61232438
61245277
61257131
61265782
61275709
60913664
60913758
60912418
60913724
60912578
60913114
60913908
60914202
60912550
60912785
60914250
60914326
60913584
60914259
60914454
60875641
60884498
60896408
60905082
60917294
60928086
60937462
60950102
60959824
60971550
60981132
60992470
61002104
61015150
61023878
61037190
61045764
61057608
61069262
61079228
61090161
61101585
61111521
61123424
61132099
61141944
61156153
61165926
61174753
61186505
61199062
61208918
61218780
61227310
61240414
61250286
61260273
61271884
61281831
60914164
60915509
60915771
60915586
60914069
60915888
60914351
60914598
60916002
60916074
60915142
60916108
60916194
60915064
60915864
60879293
60887669
60899599
60908509
60920821
60930030
60942589
60952038
60962855
60975739
60986275
60997331
61006071
61019171
61028157
61039319
61051059
61062683
61071221
61081789
61095006
61103565
61113637
61127472
61137315
61145925
61158019
61168147
61177959
61188411
61202189
61212123
61220755
61230685
61243499
61255365
61265299
61275155
61618003
60917686
60917024
60917450
60917763
60916655
60915762
60917747
60917634
60916086
60917724
60916361
60916401
60917782
60916423
60876185
60886118
60895268
60905052
60917373
60926509
60937346
60949690
60959301
60971162
60981146
60991866
61003666
61013626
61025590
61036061
61047499
61056122
61067898
61079643
61090186
61100221
61111987
61123930
61132981
61142474
61153954
61165170
61175285
61186971
61199498
61208061
61219931
61229870
61238402
61251458
61261218
61271746
61282955
60918892
60919262
60919284
60918419
60919365
60919567
60918635
60919499
60919663
60918675
60919360
60919885
60918707
60917741
60918558
60878499
60890605
60900194
60910384
60919600
60931968
60941328
60953944
60964832
60973440
60984328
60997328
61006040
61019104
61028176
61039904
61049864
61060080
61073216
61083176
61093688
61105529
61114288
61126408
61137992
61147920
61156736
61168968
61178648
61188600
61200896
61212840
61221488
61231464
61244272
61256144
61266048
61274776
61285760
60921109
60921351
60921270
60919488
60921389
60919807
60919923
60921422
60919896
60920093
60921486
60921620
60920709
60921572
60924044
60883484
60893722
60905432
60913928
60924560
60936921
60946656
60958856
60968752
60980385
60990352
61002936
61011512
61024833
61033456
61046768
61055728
61066960
61078952
61087504
61101272
61110096
61121872
61132632
61142416
61152952
61166496
61175040
61186984
61196928
61208240
61219968
61229896
61238440
61251632
61263353
61273256
61281952
61625904
60925246
60923891
60924084
60925194
60925539
60925539
60924290
60924722
60925751
60925726
60923939
60925745
60924375
60924222
60880544
60890922
60902824
60911659
60923890
60933194
60943890
60956464
60965398
60977921
60988790
60999391
61009470
61022240
61030992
61042576
61054232
61063264
61074544
61086320
61095656
61108742
61117520
61128008
61141264
61149976
61161703
61173864
61182600
61194417
61206968
61215456
61226201
61236024
61246152
61259320
61268688
61280614
61290464
60926868
60927352
60927266
60925722
60927528
60925854
60926203
60927639
60927719
60926787
60925755
60927403
60926174
60926750
60925830
60887772
60896549
60908132
60917470
60927331
60939987
60949747
60961875
60971723
60983363
60993011
61005939
61014963
61027811
61036843
61047795
61059715
61070201
61082062
61090790
61104387
61113347
61124940
61135675
61147516
61157379
61168427
61180075
61189107
61198635
61213267
61221771
61233619
61242307
61255516
61267172
61277100
61285579
61629764
60929333
60928264
60929078
60929303
60929235
60927571
60929181
60927890
60927847
60929199
60928029
60928650
60929472
60929801
60886553
60896328
60906070
60916316
60928308
60937980
60950180
60959636
60969812
60982364
60991868
61004940
61013876
61024884
61036735
61046724
61058644
61067188
61080604
61091468
61103316
61112052
61122636
61136300
61147132
61155724
61167644
61178999
61190527
61199124
61211788
61222132
61233372
61241916
61256932
61266860
61275572
61287228
61631676
60931129
60930491
60929207
60931120
60931033
60929585
60931913
60931338
60930174
60929456
60931421
60931105
60929990
60931407
60887037
60897256
60908393
60917999
60927408
60937987
60948481
60959627
60970252
60980769
60991887
61001852
61012799
61022359
61032666
61042660
61054548
61065728
61077305
61087161
61096904
61108997
61117490
61127387
61141250
61151209
61161071
61173325
61183057
61193010
61202802
61215279
61225121
61235125
61244964
61257898
61266421
61275474
61287402
61297298
60932337
60932771
60931594
60930833
60932836
60931313
60931452
60932967
60932959
60931710
60933041
60933130
60932433
60933129
60933286
60891994
60902684
60910394
60922475
60931522
60941940
60954642
60964035
60975038
60986695
60996299
61008529
61015967
61028035
61038041
61046755
61060025
61068985
61080415
61092711
61104591
61115025
61126867
61136875
61147585
61159444
61168540
61180452
61192048
61201751
61210553
61223348
61233076
61244844
61254756
61266484
61278220
61288244
61296860
61637906
60937544
60936578
60935763
60937624
60936063
60936031
60937390
60937722
60936601
60935999
60937919
60936334
60936542
60938018
60895318
60903087
60912703
60924189
60934205
60944230
60956932
60966600
60978340
60987741
60999443
61011278
61020909
61034165
61043275
61054141
61064547
61074499
61086206
61093155
61105035
61115683
61127620
61136203
61148035
61160019
61168622
61180795
61192643
61201355
61213603
61225788
61234532
61246252
61254803
61267814
61279603
61289531
61298110
61639939
60939211
60938402
60939046
60939357
60938185
60937396
60939164
60937887
60937852
60939239
60937924
60937964
60939329
60939642
60897257
60904888
60915762
60924264
60936798
60946481
60956886
60969310
60977950
60990774
61000750
61012166
61021966
61033166
61045070
61054262
61067078
61075822
61089334
61098230
61109890
61119585
61129999
61139910
61150985
61160374
61172302
61183609
61193062
61205014
61213617
61226278
61237926
61246670
61258438
61270246
61280102
61291958
61300574
60939622
60940792
60939404
60941035
60941098
60940270
60940176
60941497
60940639
60941272
60941460
60941487
60939697
60941350
60940057
60898128
60908471
60918521
60926765
60939521
60948886
60959598
60972073
60982001
60991577
61002169
61012025
61021708
61033641
61044905
61055417
61066881
61075484
61086945
61099009
61107604
61119393
61129249
61139201
61151156
61162945
61172849
61182265
61192609
61202465
61212393
61223737
61233540
61243409
61255185
61268185
61276873
61287172
61296585
61308361
60942934
60941993
60942825
60943059
60943138
60941319
60943050
60941597
60941715
60943057
60941780
60942308
60941460
60943453
60943180
60904152
60912283
60921820
60933985
60943657
60955647
60965177
60977666
60988481
60997221
61008010
61020954
61030865
61040970
61052690
61062901
61074762
61083378
61095130
61106810
61117821
61127202
61139146
61150890
61159922
61171594
61180645
61192530
61204178
61214202
61226722
61234573
61244930
61252922
61264618
61277474
61287498
61296242
61307890
60943380
60944351
60944902
60944898
60943791
60944574
60944895
60943886
60944678
60943489
60943422
60944782
60945119
60943929
60944283
60903385
60911000
60922109
60930904
60943109
60952472
60964981
60974768
60986213
60996400
61008733
61017381
61030325
61040376
61052165
61062213
61072957
61084733
61095608
61107021
61118869
61127685
61139405
61150160
61162021
61170797
61182445
61193365
61203373
61215093
61226469
61238245
61246933
61256893
61271709
61280437
61291421
61299845
61309629
60944669
60946656
60946581
60945766
60946451
60946702
60945450
60946370
60946646
60946741
60944957
60946557
60945282
60945298
60946772
60906816
60915059
60925045
60934395
60946321
60955550
60966094
60978790
60988486
61000198
61009910
61020982
61032702
61042766
61054478
61064830
61076550
61086406
61099854
61110222
61123382
61131961
61143846
61155886
61164430
61174222
61186134
61198366
61208294
61217105
61231465
61240062
61250046
61261694
61271622
61283406
61293198
61305038
61314942
60950880
60951248
60949794
60951140
60949849
60950367
60951186
60951410
60951425
60949724
60951548
60950036
60949982
60951318
60950098
60909715
60918456
60928443
60937123
60949507
60958907
60971395
60980766
60992627
61002182
61013691
61023654
61036595
61047083
61058507
61068627
61080539
61089091
61102723
61111275
61125211
61133763
61145699
61156851
61168347
61176816
61188787
61199747
61211691
61220203
61234803
61243419
61253331
61265051
61278147
61286699
61298611
61307139
61316987
60950757
60951860
60951304
60951333
60952784
60953124
60953120
60951375
60953211
60951639
60951997
60953291
60953272
60952570
60953280
60914538
60923954
60933626
60943378
60953858
60964330
60975474
60986098
60995602
61007554
61017274
61030178
61038802
61051938
61060738
61074010
61082746
61093290
61104714
61116658
61127306
61139082
61147754
61161706
61170602
61182178
61193170
61202970
61214970
61223594
61236226
61247954
61256546
61268418
61280594
61288530
61298602
61306738
61318514
60954173
60955144
60953163
60953105
60953966
60953275
60953523
60954868
60955010
60954179
60954908
60955004
60954211
60954105
60955148
60909717
60918043
60926804
60936896
60948951
60958082
60968786
60979426
60989834
61002650
61012634
61021170
61030386
61041962
61053218
61063130
61074490
61084378
61092994
61104786
61114498
61124730
61136138
61146050
61156146
61168042
61177970
61187826
61199714
61209906
61219586
61231458
61243962
61253818
61263674
61273506
61286570
61296314
61306242
61316098
61657402
60956682
60955743
60955028
60956795
60955283
60955592
60956664
60956996
60956864
60955336
60957100
60955571
60955784
60957188
60912671
60923158
60933174
60941670
60954265
60963449
60976014
60985822
60997297
61007257
61017614
61028390
61041318
61051310
61063222
61069518
61082190
61090750
61104414
61113210
61124943
61135565
61145643
61157291
61167731
61176803
61188235
61199531
61209171
61220915
61229891
61242123
61253899
61263827
61272379
61285347
61297219
61307075
61315763
61659099
60958479
60958256
60956882
60958301
60957029
60957893
60958568
60958832
60957582
60957065
60958965
60958668
60957599
60959123
60914543
60923503
60933340
60942786
60954712
60965800
60975360
60984960
60997600
61007208
61018024
61027864
61039145
61050865
61062129
61070857
61084033
61092761
61104497
61116145
61121697
61134001
61145513
61154105
61166065
61177905
61186601
61198689
61210537
61219321
61231113
61242433
61252433
61264153
61274009
61285793
61295513
61305609
61317321
61660913
60960347
60959298
60958651
60959502
60960185
60958947
60960355
60960845
60960691
60958955
60960841
60960496
60959376
60960916
60916742
60927682
60936968
60946504
60955499
60966521
60979135
60987834
61000351
61010146
61020815
61032727
61042415
61055607
61062863
61072823
61086058
61094714
61108426
61116887
61128759
61140607
61149447
61161167
61171423
61181503
61191319
61202567
61212223
61221879
61233863
61245207
61255031
61266575
61275487
61288655
61298303
61310151
61320071
61662879
60962146
60961510
60960321
60962204
60962139
60960619
60962360
60960976
60960919
60962236
60960999
60961098
60962316
60961170
60918976
60929212
60938237
60951585
60963881
60973203
60983953
60996520
61005123
61018008
61027595
61039336
61049619
61062472
61071168
61084360
61093168
61104896
61115304
61125160
61138960
61147563
61159520
61170211
61182072
61191131
61202504
61214696
61223600
61233680
61246224
61254008
61265952
61275003
61284443
61297528
61307312
61319088
61329056
60966043
60967478
60966690
60967530
60967707
60966724
60967403
60967662
60967607
60965994
60967794
60967522
60966322
60967636
60966417
60924111
60934732
60943748
60953316
60963844
60974708
60985308
60993844
61004548
61017356
61028236
61036972
61049852
61058444
61069844
61081596
61091636
61103556
61115204
61123748
61135628
61147180
61156116
61166140
61179980
61188596
61198572
61210540
61222436
61232428
61241124
61255468
61265396
61274012
61284212
61296644
61306388
61316316
61324860
61669770
60969241
60968352
60969075
60969345
60969320
60967792
60969192
60969473
60969499
60967827
60969573
60968148
60968331
60969676
60925783
60936522
60945627
60955359
60965476
60975658
60985914
60995707
61008419
61018027
61028907
61038883
61050379
61061547
61071987
61081403
61094787
61104755
61115051
61125027
61136859
61148635
61157275
61169123
61181163
61189755
61199579
61211627
61223619
61233571
61242531
61254835
61264699
61276451
61285363
61297979
61307955
61317763
61329539
61671732
60970886
60969441
60970049
60970762
60971177
60971057
60969382
60971148
60971268
60971006
60969907
60971094
60971380
60970136
60926121
60936498
60943503
60954829
60963485
60976038
60986508
60996099
61006643
61017934
61030133
61039150
61049595
61061515
61072950
61081389
61093563
61105363
61115862
61127518
61136173
61147093
61157115
61168987
61179675
61189885
61201469
61213563
61222517
61231246
61240686
61251963
61259134
61268039
61275885
61284358
61292854
61303173
61315020
61324979
61334763
60971815
60971060
60971047
60971438
60971085
60972881
60972953
60971573
60972843
60972941
60971965
60972657
60973015
60971856
60973600
60929983
60937568
60947328
60956928
60968968
60978872
60989416
61001336
61010760
61021464
61034336
61043024
61054152
61065880
61075904
61085880
61099072
61108976
61119768
61129360
61141120
61152600
61161536
61173384
61185328
61194328
61203872
61216712
61227880
61237536
61246448
61258920
61268752
61280600
61290568
61302584
61313336
61321392
61330472
61675176
60974360
60972909
60974259
60973315
60974638
60974633
60973608
60973488
60973778
60974565
60974774
60973778
60973171
60974979
60973775
60937042
60947343
60956127
60967748
60977317
60987690
61000127
61009474
61022360
61031002
61043888
61053603
61065399
61075410
61087271
61097402
61109336
61119879
61129655
61141480
61151927
61163864
61173760
61184455
61194311
61206224
61218319
61227055
61238944
61247866
61260127
61271968
61280466
61290263
61305344
61314911
61323943
61335736
61677040
60976184
60975268
60976033
60976369
60976258
60974535
60976204
60974868
60974834
60976253
60976491
60975367
60974957
60976354
60931161
60941113
60950833
60960817
60969673
60982041
60992241
61003889
61013161
61024465
61034929
61044713
61057785
61066521
61079585
61088177
61101561
61110593
61122017
61133745
61142369
61154289
61166113
61175041
61186881
61198561
61208305
61219713
61228889
61238745
61247473
61261937
61271529
61280369
61292289
61304073
61314049
61325705
61334393
61678441
60978040
60977057
60977686
60978038
60977018
60976220
60978191
60976580
60976580
60977948
60978325
60977279
60976334
60978429
60933848
60943642
60953579
60962011
60971627
60981083
60991459
61004003
61013579
61026267
61036179
61045763
61058691
61067475
61080539
61089611
61102651
61111347
61124795
61134723
61143491
61157067
61165899
61175819
61189611
61198187
61208043
61222195
61231827
61240763
61250619
61265155
61275059
61283635
61295491
61311219
61320995
61332651
61342579
61683948
60983346
60981854
60983273
60982222
60983496
60983608
60983335
60983615
60982231
60983695
60983791
60982728
60983456
60983769
60938297
60946300
60955699
60965658
60977634
60986826
60999314
61008626
61021314
61029674
61040522
61049346
61062346
61071154
61084146
61092762
61106218
61114194
61123090
61135146
61144826
61158466
61167098
61178970
61190146
61199586
61211434
61220199
61232207
61244031
61253959
61265239
61275231
61286911
61295479
61308607
61320359
61330287
61339023
61348687
60985035
60983405
60985249
60983656
60983942
60985391
60985495
60984601
60985458
60985626
60984676
60986166
60985626
60984649
60983897
60947056
60955547
60964712
60974936
60987316
60997812
61007292
61019853
61029676
61041309
61050852
61061980
61073708
61084148
61091276
61102628
61114476
61123508
61134740
61146588
61158468
61167012
61178956
61189796
61199724
61211404
61220028
61232332
61244221
61254012
61266556
61275508
61285124
61296852
61305604
61318420
61328276
61340189
61349980
60985631
60986665
60986876
60986782
60985379
60987586
60987101
60986084
60985347
60987115
60985672
60985772
60987336
60987331
60986626
60946219
60955638
60965590
60974870
60986758
60997326
61007878
61015678
61026382
61038470
61048310
61057894
61068902
61082166
61090846
61100678
61113990
61122718
61134326
61142798
61152494
61164438
61174878
61186086
61196846
61206822
61218478
61230710
61239326
61249470
61261054
61273646
61283542
61292238
61303142
61316238
61324833
61334902
61346486
61689366
60988633
60987707
60986747
60988703
60988632
60987145
60988647
60988978
60987678
60987177
60989042
60988785
60987724
60989226
60944588
60955221
60965129
60973833
60984841
60996762
61006282
61018730
61027365
61040186
61050170
61061602
61071858
61084562
61093242
61105386
61115314
61127090
61137890
61149322
61157970
61169746
61181690
61188778
61199981
61211090
61220050
61232058
61243714
61252498
61262330
61276794
61285522
61295338
61307186
61318970
61328754
61340674
61349706
61691082
60990417
60989423
60988534
60989524
60990115
60989020
60990302
60990682
60989524
60988820
60990792
60990797
60990856
60990559
60945848
60953324
60962935
60975057
60983854
60994510
61007502
61016118
61026862
61038166
61050430
61058974
61071974
61080638
61091870
61103790
61113974
61123878
61136014
61147254
61156150
61167790
61179566
61188214
61200110
61211958
61221886
61234022
61242078
61251574
61259534
61273819
61283689
61293682
61303538
61315226
61325426
61335146
61346034
61355962
60991813
60992211
60992303
60991086
60991974
60992373
60991316
60990318
60991514
60992185
60990879
60992241
60991047
60991407
60992428
60951592
60961811
60970259
60982035
60991355
61002059
61014539
61024259
61034859
61046651
61056227
61067139
61078987
61089123
61099659
61112323
61121059
61132787
61143539
61153011
61164979
61176635
61186635
61197819
61207147
61219067
61227683
61239771
61251715
61261571
61274187
61283051
61292875
61302227
61310211
61323211
61333155
61343523
61354579
61694451
60993905
60993988
60993984
60993015
60992131
60994016
60992655
60993139
60993832
60992528
60993008
60992218
60994273
60992634
60948870
60959554
60966696
60976550
60988422
60997705
61010838
61019414
61032102
61041606
61052486
61064406
61074366
61085950
61095390
61107118
61117654
61129086
61139798
61149382
61161262
61171726
61183670
61192630
61204446
61216102
61224766
61236894
61247598
61258726
61267614
61280006
61291662
61301590
61310326
61325222
61334982
61344950
61354766
61696159
60995659
60994548
60994044
60995493
60994165
60994619
60994003
60996065
60995616
60994499
60996054
60996118
60994746
60995997
60951983
60960767
60972175
60980607
60993271
61003767
61012415
61022719
61033343
61043039
61055791
61064407
61075319
61087239
61097647
61109151
61119191
61131111
61141447
61153295
61161991
61173983
61185735
61194695
61208239
61218143
61228039
61238847
61249383
61260719
61269455
61282367
61292199
61302095
61310791
61325615
61335471
61344087
61355935
61698103
60997340
60996424
60997093
60997334
60997266
60995826
60998183
60996082
60996106
60997423
60997795
60997692
60995937
60997801
60953825
60963676
60973640
60982072
60992360
61005232
61015856
61024824
61037057
61047016
61059480
61072776
61082280
61091816
61102176
61112184
61123240
61133240
61146873
61155560
61166624
61178441
61187128
61199041
61209936
61219520
61231368
61242288
61252264
61264088
61272704
61285344
61297065
61306968
61315544
61330553
61340344
61349376
61359008
61703777
61003221
61002606
61001460
61003310
61001827
61002323
61001483
61003532
61003235
61002147
61003652
61003716
61002851
61003652
60959419
60968194
60980179
60988659
61001131
61010459
61023068
61032731
61044307
61053979
61066731
61075539
61088275
61098427
61110219
61120299
61130691
61139723
61151436
61160059
61171867
61180875
61192179
61200755
61212843
61224571
61234427
61245467
61257195
61265835
61275931
61288299
61300164
61309987
61319843
61332867
61342723
61352579
61362411
61705995
61005173
61003759
61003125
61004361
61004973
61003587
61004955
61005206
61004909
61003813
61005396
61005397
61004084
61005370
60960992
60972356
60980050
60989393
60999297
61012433
61022130
61031658
61044370
61053906
61064714
61076634
61087642
61096186
61107378
61119298
61130738
61139490
61152962
61161682
61170938
61183010
61190914
61200922
61212626
61224618
61234474
61246634
61255154
61267098
61277066
61288258
61298234
61308042
61319890
61332914
61342770
61351562
61361354
61373066
61005470
61005356
61007288
61007221
61006412
61007068
61007312
61006369
61005407
61007336
61007188
61005582
61007198
61006004
61005934
60967440
60977963
60987531
60996526
61008939
61018099
61030787
61040139
61052947
61061587
61072451
61083075
61092707
61105843
61114363
61127747
61136403
61148387
61158811
61170571
61181523
61190891
61202907
61213755
61225483
61233779
61241675
61255075
61263707
61274251
61288107
61297043
61308547
61317275
61329147
61341211
61350723
61362571
61371115
61008596
61007805
61008496
61008785
61007819
61007011
61007173
61008990
61008990
61008344
61008225
61009144
61008089
61008782
61009023
60967624
60976269
60987189
60998069
61008397
61017613
61029477
61038861
61048645
61059717
61070389
61082237
61093285
61103205
61113245
61126437
61136307
61146147
61157907
61166827
61176299
61188267
61198195
61207947
61221931
61231675
61241603
61253763
61263619
61273499
61282691
61292451
61302307
61312163
61321995
61336299
61346115
61355971
61365755
61375683
61010381
61008929
61010478
61008752
61010566
61009005
61009144
61010622
61010651
61009362
61010598
61010742
61009805
61010466
61010846
60968258
60978950
60987510
60997182
61006854
61019150
61028462
61041054
61049710
61062582
61072118
61084038
61094142
61106998
61115598
61128990
61138022
61149454
61159854
61169766
61183494
61193462
61202233
61216087
61225950
61234494
61244350
61258502
61266478
61278326
61290902
61299790
61309422
61321215
61330326
61337918
61345638
61351078
61361566
61369894
61378134
61010274
61010735
61011976
61012430
61011922
61010738
61012336
61012472
61011036
61012360
61012413
61011436
61012324
61012509
61011556
60970199
60979532
60988261
61000389
61010653
61019837
61032453
61041909
61051885
61064637
61074189
61083917
61097085
61106933
61118917
61129069
61138853
61150477
61161101
61170965
61182845
61193701
61203397
61215157
61226901
61236013
61245789
61259749
61269677
61278749
61288973
61302685
61312613
61321229
61331429
61344037
61353941
61365005
61374141
61714693
61013954
61012937
61012651
61013168
61012513
61014747
61014255
61013206
61012350
61014463
61014062
61012841
61014455
61014487
60970170
60979768
60986691
60996814
61008542
61017926
61031055
61039665
61052294
61062265
61074742
61083558
61096286
61104865
61118134
61126849
61140239
61148942
61162462
61171270
61182134
61189697
61199230
61206974
61214206
61226246
61237902
61246542
61260574
61269326
61280454
61290310
61302854
61311873
61321374
61333102
61346102
61355161
61364646
61374622
61716300
61015679
61015695
61015738
61014177
61014174
61015480
61015844
61014659
61014142
61015988
61014446
61014638
61016138
61016103
60970770
60980070
60987944
60999680
61008504
61020824
61030424
61042664
61052168
61064856
61074840
61086272
61096112
61107888
61117984
61127936
61141200
61149880
61163424
61172408
61183880
61195728
61204560
61216216
61227016
61237064
61248720
61260856
61269704
61281384
61290376
61303816
61310856
61319976
61331824
61344880
61354664
61364592
61374376
61718032
61017461
61017225
61015961
61017287
61017819
61017431
61017423
61017511
61016431
61017867
61017936
61017079
61017644
61017904
60972459
60981993
60991561
61000721
61012356
61020916
61032988
61042655
61055284
61064839
61075932
61087588
61098596
61107175
61120372
61129300
61140380
61152300
61162708
61172684
61184444
61196220
61205327
61214884
61228652
61237380
61247316
61259476
61269332
61279284
61289212
61301527
61311532
61321108
61331095
61344476
61353975
61363964
61373820
61383559
61023881
61023154
61022293
61023749
61023981
61023836
61022466
61024355
61024255
61023547
61024084
61024335
61022702
61024150
61022654
60982478
60992547
61000691
61010916
61021108
61031340
61042228
61052708
61064556
61075476
61085012
61094855
61105876
61118996
61128988
61138844
61149044
61158855
61172436
61182028
61192212
61202500
61212244
61222196
61234236
61242767
61252695
61264772
61276692
61286684
61295308
61307804
61318268
61329508
61339364
61352388
61360967
61372756
61382724
61726268
61025749
61024198
61024637
61023899
61025886
61025477
61024378
61025907
61025939
61025319
61025928
61026045
61024951
61025804
60982982
60989670
61000299
61007603
61017635
61029867
61040435
61049747
61060443
61071451
61083171
61092723
61103867
61115619
61125531
61137379
61148843
61157387
61169107
61180883
61189603
61201475
61213227
61223195
61233811
61243667
61255587
61267747
61276363
61286507
61298091
61310683
61319339
61331115
61339763
61353131
61363124
61372619
61384347
61727931
61027218
61027400
61025833
61026585
61027612
61027551
61026878
61025686
61026311
61026105
61026105
61027505
61027770
61027710
60982554
60992301
61000064
61012064
61021136
61033216
61040904
61052840
61062152
61072968
61084952
61092928
61104128
61115856
61125808
61137728
61147880
61159656
61171376
61180088
61191776
61203592
61212312
61224112
61236152
61244888
61256544
61268704
61277472
61287456
61297824
61311712
61320328
61330112
61339944
61354960
61364928
61373624
61383288
61392464
61028966
61028451
61027597
61027281
61029229
61029261
61028377
61027148
61029285
61029209
61027909
61029373
61027943
61028230
61029213
60988565
60998832
61008408
61017464
61029624
61038848
61051536
61061072
61073688
61082296
61093112
61101512
61112568
61125416
61134320
61145904
61156248
61167168
61177912
61189760
61198712
61210264
61222016
61231944
61243016
61252384
61264376
61276512
61285192
61297431
61308440
61318232
61328016
61337872
61349792
61361576
61371680
61381224
61391240
61029163
61030389
61029261
61030862
61030838
61030107
61030393
61031127
61030262
61030843
61031215
61030225
61029334
61031199
61031107
60987509
60996279
61005975
61017612
61027079
61039508
61048951
61061580
61070316
61083068
61092740
61104468
61114372
61127532
61136228
61149492
61157356
61165804
61177767
61189148
61197815
61211524
61220372
61230284
61244052
61253071
61262668
61276452
61285415
61295308
61307180
61318492
61330220
61340148
61348751
61363708
61373636
61382372
61394028
61032289
61031387
61030544
61032583
61031022
61031377
61032781
61032845
61031996
61032801
61032984
61031884
61032689
61033021
61032012
60991179
60999896
61009808
61018531
61030808
61040064
61052680
61062064
61073984
61083552
61096360
61104952
61118024
61128432
61139864
61150168
61161896
61170632
61184152
61193040
61204504
61215600
61224888
61234704
61246672
61256528
61265072
61277224
61287424
61297696
61308976
61320512
61330360
61341872
61351800
61364824
61373712
61383392
61395048
61734944
61034502
61033549
61032498
61033349
61034076
61034517
61033687
61035140
61034605
61034639
61032873
61034599
61033081
61033140
60990238
60998483
61008961
61018049
61027689
61040177
61051396
61060164
61072660
61082236
61093236
61104668
61114852
61124700
61137820
61146364
61159748
61168436
61180276
61189836
61201084
61211700
61223356
61233380
61244108
61253892
61262972
61274500
61285548
61293423
61303292
61316156
61325668
61335516
61345724
61355580
61368308
61378476
61387948
61397804
61035137
61035801
61036122
61035977
61034393
61035889
61036178
61036236
61034540
61036333
61036290
61035044
61036306
61036386
61035457
60994643
61002923
61012970
61023826
61034082
61046378
61056034
61066650
61079266
61087866
61099435
61111762
61120426
61133610
61142434
61155650
61164226
61176074
61186410
61198290
61210138
61218754
61230698
61241474
61253274
61261794
61273642
61285914
61294706
61306427
61318978
61328082
61337090
61347058
61355754
61369139
61377002
61388867
61398690
61036396
61037594
61036471
61037904
61037951
61037117
61036681
61038086
61037306
61037719
61037995
61037972
61036345
61037833
61036636
60995830
61005167
61015021
61024707
61034307
61044803
61057299
61067099
61076443
61089315
61100243
61108939
61121819
61133019
61141627
61153547
61164939
61173659
61185299
61197020
61205715
61217571
61228643
61238499
61249227
61259203
61270859
61283067
61291819
61301755
61311491
61326027
61335883
61345739
61354603
61367739
61377331
61387259
61398908
61740219
61039399
61037956
61039305
61038078
61039773
61039665
61038915
61039592
61039724
61038568
61039471
61039811
61039719
61038250
60994663
61003382
61013346
61023562
61033674
61043586
61053274
61063898
61076394
61085898
61098770
61107402
61120467
61129098
61142306
61151042
61164306
61172970
61186490
61195594
61206986
61218834
61227642
61238194
61250482
61260442
61270298
61281490
61291194
61303018
61312850
61324122
61336035
61344890
61354330
61369418
61378106
61388010
61399810
61741931
61041286
61040658
61039361
61041396
61041148
61039633
61042012
61039895
61039844
61041145
61041546
61040486
61039750
61041642
60998465
61005728
61016958
61025460
61037386
61047418
61059827
61068354
61081035
61090722
61101419
61109026
61120130
61131923
61142938
61151930
61165194
61173810
61185378
61195314
61207187
61218970
61227586
61237530
61251514
61260018
61270066
61289371
61299234
61307946
61317914
61332347
61340930
61351122
61360762
61375586
61385514
61394474
61404082
61748851
61048249
61046792
61048156
61046614
61048517
61048401
61047248
61048379
61048518
61047685
61048470
61048718
61047789
61049178
61005465
61012868
61022756
61034076
61043540
61054300
61066916
61075436
61088052
61097804
61108700
61120428
61130268
61140428
61153308
61160516
61171924
61181164
61193708
61202516
61214276
61226052
61234668
61246516
61258596
61267292
61277636
61291180
61301036
61309748
61319796
61332052
61343900
61351956
61363612
61376708
61385324
61395300
61405156
61750677
61050155
61048551
61049988
61048870
61050011
61050263
61049254
61048518
61050283
61048873
61049155
61048619
61050503
61049068
61005229
61015193
61024782
61033950
61044220
61056004
61066166
61077924
61087323
61100084
61110081
61121513
61131625
61141882
61153153
61164994
61175489
61184913
61198625
61207377
61217321
61227673
61237473
61249194
61259969
61269801
61281714
61293769
61303625
61312681
61322313
61334737
61346578
61356417
61366313
61378057
61387841
61397889
61409610
61752449
61051755
61051013
61051551
61051923
61051898
61050146
61051980
61050479
61050487
61051812
61052181
61051087
61050437
61052374
61009796
61017252
61027644
61038556
61048156
61056284
61067524
61079516
61088860
61099604
61112476
61121164
61132292
61144020
61154044
61163804
61177260
61186012
61199484
61208132
61219940
61231788
61240428
61250356
61264292
61270580
61281748
61293084
61302620
61314444
61324340
61335724
61347452
61356484
61365292
61378852
61390060
61398492
61410412
61754082
61053275
61051803
61053604
61051979
61053713
61052962
61053394
61053683
61052109
61053604
61052194
61054413
61053904
61053853
61052151
61053928
61052391
61013876
61022020
61033742
61043110
61055054
61065526
61075190
61087638
61097102
61109086
61118590
61131655
61140206
61153527
61162270
61174358
61184270
61197790
61206310
61218255
61230078
61240782
61249478
61263318
61272206
61283775
61295942
61303806
61312350
61323254
61335798
61345726
61354342
61364030
61374334
61389086
61397662
61407518
61417230
61053599
61055480
61055428
61054107
61055372
61055557
61054565
61055309
61054645
61055429
61055670
61054967
61055479
61055803
61054676
61012679
61023286
61032001
61042561
61054401
61064897
61074473
61086969
61095572
61107138
61118097
61128249
61140793
61151025
61162777
61173009
61184737
61193473
61206993
61216012
61227404
61239193
61249217
61259908
61269721
61281665
61290441
61302380
61312473
61324129
61336673
61345361
61354812
61364785
61373889
61385017
61394889
61406641
61416457
61757785
61057038
61057184
61055516
61056948
61055652
61056148
61057068
61057341
61057332
61055668
61057445
61055940
61056140
61057549
61015126
61024434
61034295
61042642
61055367
61064623
61077167
61087026
61098399
61108455
61118951
61130751
61140727
61153815
61164351
61174727
61186383
61195119
61207463
61217242
61229063
61240911
61249743
61263583
61272103
61284016
61292679
61306831
61315775
61327279
61339895
61348783
61359607
61368343
61383232
61391831
61401647
61410370
61418487
61057237
61058615
61057276
61059051
61059039
61057662
61058943
61057510
61057774
61059127
61059159
61057921
61059167
61059239
61058366
61017592
61026853
61036864
61045952
61058016
61068512
61077824
61090512
61099400
61110056
61122809
61132576
61143559
61153551
61165391
61176855
61185599
61197312
61207703
61217674
61229479
61239895
61249927
61261775
61272847
61282287
61294200
61306367
61314983
61325656
61339487
61348063
61357847
61369760
61379623
61392647
61401607
61411215
61422936
61060459
61059362
61059154
61060221
61058725
61060678
61060889
61059983
61060679
61060844
61059960
61061475
61060972
61060149
61060629
61093116
Peak: 62193613
Average: 59991405.298155375
