0
217787
354091
800950
884356
1814708
2434445
2776284
3143312
3707422
4011106
4611145
5399217
5540661
5878008
6331439
6787342
7271844
7509200
7918382
8469439
8897363
9174897
9503548
9700531
10061144
10817323
11153055
11761254
12566317
12847182
13160265
13656825
14216194
14711140
15315153
15789871
16129079
16445553
16675869
16805442
17129388
17309734
17617083
18011059
18149896
18387848
18466250
19235899
19559044
19801118
19831812
19831082
20121848
20273002
20494287
20867315
21164354
21505652
22103176
22611592
23306800
23548577
23868243
24249650
24556671
24677353
24823513
25041611
25261073
25567591
25856066
26183725
26760761
27025304
27562229
28142701
28779563
29619646
30062465
30064145
30070321
30072497
30086331
30098470
30248700
30690778
31358534
31627221
31879241
32044316
32235323
32452454
32537695
32606697
32670748
32768895
33091157
33090718
33540745
34468691
33998758
34486469
34607192
34781696
34824975
34843167
34881522
35186487
35293800
35912442
36006083
36333492
36894500
36965659
37217287
37672657
38016674
38521209
38521326
38521394
38521340
38521405
38383971
38835608
39035798
39210889
39271998
39353209
43292738
43329658
43617220
43724007
44244842
44249467
44324047
44368484
44431417
44475283
44529931
44559798
44630323
44670743
44716005
44786905
44938991
45005090
45225958
45303948
45778632
45938698
45961567
46513729
46915443
46964849
47041336
47266223
47319650
47502500
47593792
47722996
47783870
48098242
48227819
48465807
48669862
48753387
48900179
49310788
49580561
49495126
49592361
49755534
49843071
50029053
50279743
50372104
50459051
50483667
50498843
50532547
50590299
50637869
50714411
50846059
50923296
50980375
51193471
51521038
51662515
51962847
52220118
52598588
52741219
53048433
53228702
53818290
54434848
54648601
54690414
54792921
54818269
54840290
54982853
55121295
55165803
55307732
55218703
55656519
55953998
56067896
56202412
56643687
57041392
57100242
57093923
57479068
57606862
59067528
57844058
58068245
58221383
58331571
58270761
58576006
58583848
58606275
58691556
59072506
59806182
59971430
60063854
60138846
60202006
60386925
60442590
60492656
61495978
61019242
61052945
61065440
60858277
60863694
60866553
60867636
60868822
60870158
60869629
60870920
60873425
60874247
60874896
60875522
60878999
60879878
60880596
60882034
60881157
60882347
60884566
60885744
60886462
60885378
60888250
60887247
60889112
60890588
60891138
60889474
60892478
60892987
60894446
60894942
60893669
60896079
60896835
60897748
60898313
60901785
60903074
60902377
60902152
60904754
60905331
60905933
60906078
60906409
60907788
60906634
60906641
60909299
60909223
60909080
60908047
60910785
60910217
60909576
60912067
60911876
60913036
60911971
60913678
60916053
60916998
60917747
60918326
60917778
60917050
60919493
60920023
60920386
60920802
60921367
60920769
60919956
60922625
60922289
60923419
60922518
60922628
60924365
60922931
60925388
60925713
60924005
60926204
60927588
60929775
60930154
60930579
60929419
60929326
60931558
60930148
60932595
60933011
60933399
60932099
60932108
60934990
60936095
60935435
60935448
60936332
60936572
60936932
60935612
60935556
60937662
60939514
60938817
60938708
60942255
60942966
60941546
60941941
60942064
60944323
60946486
60945342
60945010
60946010
60946055
60944797
60945305
60948547
60945723
60949200
60947842
60949037
60947319
60949868
60949686
60950763
60949284
60952091
60953769
60952228
60953436
60955950
60955905
60956775
60957116
60957592
60956656
60956536
60956834
60957096
60959304
60958050
60958770
60960900
60960083
60959742
60960200
60959779
60960838
60960773
60963046
60965713
60963929
60966608
60964269
60968301
60967025
60966929
60969086
60971684
60969795
60972651
60970650
60970420
60971314
60969556
60971254
60974933
60971683
60975009
60971744
60971780
60972463
60972762
60973127
60973258
60973674
60973827
60975248
60976527
60975499
60979933
60978033
60978783
60978813
60979108
60984223
60981583
60984770
60980514
60982738
60986339
60983474
60986740
60984773
60987159
60985520
60985163
60988559
60984912
60984096
60986494
60984862
60985675
60985866
60986563
60986523
60989983
60990247
60991145
60990724
60992027
60991943
60992728
60992781
60993406
60993733
60994107
60994160
60994771
60994688
60995829
60997633
60997478
60998279
60996657
60998894
60997337
60999711
60998038
61000297
60998702
61000978
61004031
61004348
61004749
61004324
61005293
61009361
61005697
61010212
61006412
61010609
61005316
61005634
61006168
61006312
61006904
61007027
61007496
61007640
61008253
61008406
61008998
61011096
61010811
61010766
61016405
61012349
61019349
61015529
61019813
61014461
61016828
61016144
61017420
61017673
61018105
61018323
61018871
61017531
61019412
61019408
61020724
61020251
61021169
61019588
61021962
61020289
61022524
61027718
61023243
61028174
61024625
61024704
61027184
61028088
61026322
61027698
61034098
61030068
61034644
61029881
61035348
61030694
61036246
61029598
61029865
61030645
61030944
61031453
61033553
61032627
61032446
61033240
61034860
61033845
61035631
61035798
61036223
61037725
61039578
61039365
61040371
61039906
61040708
61039011
61039940
61042067
61041121
61042680
61042868
61043395
61041449
61043888
61049796
61042625
61043782
61043519
61045574
61046038
61046340
61046542
61046974
61047120
61047668
61049856
61050801
61049179
61051465
61057795
61052725
61058310
61050824
61051142
61052034
61052818
61054999
61055106
61055612
61054293
61056246
61055903
61056769
61063440
61058104
61055653
61055906
61058082
61064794
61058875
61065127
61057756
61060686
61061327
61063388
61061692
61063128
61070936
61064906
61071725
61063861
61065959
61064322
61065109
61067158
61067224
61067771
61066656
61068451
61066682
61069070
61076111
61069461
61068067
61070369
61070971
61069253
61070587
61081094
61072779
61073090
61073761
61074036
61075601
61076258
61083273
61075357
61075313
61076070
61076348
61077513
61078840
61079028
61079196
61086981
61078346
61078636
61080775
61079494
61080321
61082058
61081873
61082803
61082341
61085759
61093254
61086238
61093980
61085559
61086074
61087796
61088323
61087718
61088918
61097401
61090804
61090597
61088753
61091141
61099247
61091671
61090103
61090788
61091015
61092276
61093522
61093719
61092227
61094471
61094673
61095135
61097497
61098292
61096697
61098932
61107272
61098412
61100360
61100400
61101108
61109472
61101437
61109693
61100485
61102750
61101073
61103400
61111509
61103977
61112331
61102974
61102944
61103803
61106000
61104961
61106490
61107576
61109575
61108193
61110500
61110700
61110740
61111558
61109687
61112186
61112464
61120953
61111474
61113400
61114133
61114534
61114679
61114907
61115635
61114350
61116659
61116931
61125685
61117452
61126537
61118548
61118768
61117340
61118380
61123127
61123712
61124065
61123925
61124945
61134461
61126370
61135003
61124784
61125329
61126936
61128113
61126527
61127544
61127866
61129178
61130533
61130473
61132177
61130661
61132933
61142429
61132020
61132194
61134326
61135028
61147298
61136445
61138659
61138921
61139346
61137451
61139945
61149256
61138819
61140556
61141163
61141300
61141674
61141396
61142060
61140594
61141242
61143444
61143704
61144057
61142189
61143676
61154566
61145158
61155094
61144227
61144598
61159350
61148070
61150098
61150337
61150813
61148969
61151361
61161657
61149960
61150227
61151049
61153098
61153265
61153840
61151873
61153411
61164737
61153103
61152882
61154337
61156032
61154188
61156680
61156920
61167617
61157389
61158369
61159228
61161328
61161458
61161794
61160052
61162440
61160671
61163208
61163517
61161789
61164334
61164582
61175552
61163490
61165590
61165792
61166305
61165802
61165132
61167058
61166657
61167468
61167075
61167409
61168610
61166844
61171674
61182649
61170879
61173143
61171237
61171634
61173977
61173480
61174240
61185733
61173285
61173635
61178585
61187214
61175883
61177431
61177598
61178050
61189615
61176852
61177172
61179260
61179787
61177943
61180386
61191916
61179164
61182052
61183111
61184592
61184089
61183531
61185607
61185134
61185389
61197929
61186507
61185167
61185771
61187820
61188038
61188463
61200574
61188812
61200589
61187990
61190039
61190394
61190754
61189016
61191227
61203414
61190854
61195072
61193167
61195254
61207580
61208035
61194715
61196791
61195012
61197339
61209523
61196390
61198418
61198678
61199154
61197265
61199704
61211955
61199979
61198448
61199270
61201349
61201435
61201911
61200118
61202506
61203254
61202611
61205843
61204299
61205107
61207237
61207388
61207693
61208252
61207810
61208662
61221595
61207392
61209831
61209968
61210444
61209818
61209913
61211206
61210904
61211801
61224490
61210370
61212799
61212987
61213463
61211619
61213368
61229916
61217177
61215582
61217118
61218394
61218295
61218887
61232161
61217915
61219994
61220247
61220607
61234161
61219308
61221344
61221975
61222177
61222537
61221666
61223218
61224565
61237877
61223264
61225682
61225737
61226148
61224253
61229069
61242968
61228401
61230487
61230531
61230953
61244955
61231387
61244986
61230614
61230878
61233004
61233008
61231413
61233040
61234314
61232453
61235349
61248453
61233752
61235879
61236081
61236546
61250723
61236827
61235507
61237705
61240786
61238789
61241859
61255163
61240297
61242185
61242424
61242729
61241364
61243476
61243023
61258232
61242836
61244799
61244987
61245337
61259741
61245798
61260512
61245849
61246458
61260590
61244655
61244607
61245580
61246762
61248839
61249475
61263837
61249228
61247508
61247817
61249533
61249018
61249633
61263471
61247644
61249731
61248037
61249807
61263906
61249413
61247591
61248063
61249752
61263844
61247871
61247495
61248692
61249909
61264370
61249706
61263794
61248726
61250059
61249480
61248868
61248163
61249254
61250228
61248113
61249947
61263991
61248501
61250344
61264185
61249252
61250443
61249799
61250333
61264380
61248644
61250579
61249770
61249683
61264735
61248759
61250616
61250372
61250605
61264497
61250575
61250845
61248746
61250580
61264746
61249336
61251035
61250319
61251017
61265160
61249085
61252337
61251741
61252407
61266361
61250400
61250579
61252325
61252492
61266612
61250536
61252400
61266712
61252276
61250444
61251375
61252707
61251817
61252573
61266831
61250863
61252864
61252695
61252805
61250808
61252680
61266693
61251269
61253033
61252560
61253076
61267149
61251048
61253238
61267450
61251138
61251491
61253147
61253257
61267555
61251619
61251603
61251330
61253167
61251563
61252346
61253585
61251558
61253290
61251710
61251981
61253745
61251592
61251960
61253889
61253741
61254004
61268051
61251946
61251909
61253973
61254212
61268227
61253783
61251989
61252874
61252613
61255093
61252718
61254705
61252975
61253876
61255130
61254270
61254892
61268937
61253379
61255245
61254796
61255237
61269318
61253575
61255408
61255188
61255370
61269609
61253585
61255391
61255300
61253798
61255562
61269798
61253942
61255757
61254948
61254486
61255570
61253513
61255294
61253569
61255459
61255473
61253387
61255552
61255593
61253654
61254678
61255815
61270120
61255574
61253766
61254732
61255941
61253863
61255901
61253943
61255844
61256032
61270472
61254511
61256377
61255631
61255444
61270503
61254527
61256486
61256287
61256499
61270735
61256159
61254481
61255589
61256642
61254448
61256507
61270608
61254973
61256881
61255997
61254835
61256953
61256168
61256901
61271011
61255451
61258465
61257728
61258364
61272432
61256466
61256819
61256941
61258384
61272458
61256725
61258552
61258557
61258697
61272597
61256834
61256839
61258023
61258495
61257034
61258666
61258871
61272965
61256966
61259015
61258795
61259007
61273216
61257000
61257377
61273483
61258259
61259336
61257156
61259017
61259302
61256904
61259024
61257306
61257964
61259392
61273683
61257275
61259426
61258563
61259230
61259645
61259395
61259709
61273579
61257627
61259628
61259408
61259623
61273513
61258551
61259835
61273708
61259904
61259928
61273804
61258157
61260065
61259801
61260023
61257924
61259903
61259992
61274199
61258135
61260478
61260135
61260296
61257991
61259762
61260108
61258300
61259575
61260536
61258281
61260322
61259253
61260535
61260753
61274986
61258671
61260795
61260575
61260613
61274572
61258684
61260859
61260068
61260629
61274559
61259591
61260947
61275135
61260522
61258610
61260416
61260766
61274815
61259456
61261206
61259094
61260877
61259058
61259428
61261243
61260547
61261091
61259409
61275381
61260526
61261500
61275784
61261208
61261596
61261143
61259246
61261083
61261187
61259501
61261451
61261540
61259411
61261347
61275411
61260515
61260768
61261636
61276019
61261718
61261756
61276041
61259902
61262077
61261943
61262192
61276323
61260062
61260262
61262130
61262189
61276380
61260691
61262339
61261859
61262297
61276119
61260830
61262376
61261899
61261617
61276559
61260717
61262464
61261936
61262548
61262584
61261935
61262770
61264185
61278360
61262157
61264257
61264061
61264222
61278485
61262632
61262787
61264623
61263835
61264544
61262472
61263672
61264609
61262453
61264605
61278792
61263145
61264793
61264077
61264740
61278932
61263638
61264820
61264134
61264238
61264785
61262977
61262973
61264755
61263318
61264947
61265183
61279422
61263206
61265384
61263200
61264697
61265276
61279145
61263019
61265935
61263290
61264293
61265649
61263397
61266165
61263288
61265641
61263875
61265793
61279648
61264193
61265892
61280080
61263899
61265835
61265854
61265854
61280024
61280214
61265185
61266043
61263915
61265775
61263981
61265981
61266193
61264115
61265939
61264141
61265307
61266445
61264190
61266907
61264294
61265119
61266520
61264517
61267153
61264454
61265528
61266526
61264554
61267322
61264682
61265481
61266912
61264669
61265319
61265691
61264871
61265553
61267005
61281326
61266791
61264983
61265980
61267117
61265090
61266975
61265170
61265612
61265770
61267465
61281647
61267173
61265263
61266088
61267483
61267507
61281729
61265788
61267675
61266136
61267616
61281521
61265900
61267736
61267092
61267653
61281802
61265916
61267995
61265345
61281743
61266831
61267952
61265775
61267687
61265995
61266680
61268136
61267255
61268556
61268519
61266384
61266479
61268228
61282130
61266191
61266442
61268269
61268283
61282458
61266306
61266710
61267621
61268039
61266218
61268282
61268422
61266470
61268631
61268449
61282553
61267523
61268754
61267843
61268770
61282462
61267072
61267117
61269041
61266779
61268753
61266974
61267785
61269288
61266955
61269649
61267052
61267974
61269188
61268616
61268416
61283298
61271048
61270124
61271470
61285686
61271331
61271310
61269852
61271669
61271662
61285839
61270159
61272016
61271557
61271091
61286391
61270597
61270479
61271502
61271026
61272441
61270218
61270381
61272344
61270294
61272471
61272638
61286499
61270689
61272741
61286731
61272386
61270817
61273040
61270673
61272841
61272658
61272958
61270832
61271267
61273025
61272808
61272958
61270720
61287272
61272202
61273303
61271123
61273048
61273237
61270947
61272756
61273450
61287342
61271518
61273495
61271470
61273430
61273334
61272408
61272347
61273837
61271701
61273419
61271716
61272923
61272193
61273927
61288211
61272070
61273948
61274018
61274012
61288302
61272347
61273916
61287942
61272422
61272019
61274215
61288091
61272235
61272465
61274327
61274300
61288680
61272371
61274351
61274080
61274292
61274447
61274551
61273766
61275126
61272478
61274485
61272742
61274941
61288654
61272766
61274695
61272974
61274382
61274818
61288603
61274750
61273275
61275039
61272859
61275124
61275782
61273258
61275204
61275330
61273188
61275991
61273367
61273453
61275355
61275447
61275063
61273199
61275900
61274140
61275191
61275577
61289813
61275186
61274311
61275474
61275498
61273369
61275308
61274484
61273567
61273653
61275337
61275851
61274701
61275092
61275543
61289767
61274081
61275907
61275149
61275062
61290267
61274312
61276220
61290221
61274303
61308559
61290392
61291703
61293164
61291701
61290863
61293351
61293652
61307828
61291702
61292025
61293903
61294094
61292157
61293949
61308089
61292796
61294850
61294558
61294926
61308922
61293120
61295401
61293374
61295235
61295575
61294794
61294577
61309738
61293892
61295824
61294233
61295778
61309961
61293829
61295881
61296036
61295227
61296099
61310225
61295456
61295247
61296361
61294246
61296093
61294162
61295018
61296374
61295712
61296246
61310239
61295349
61296459
61295763
61297955
61298238
61296337
61296524
61298614
61312520
61297075
61298788
61296521
61298341
61297935
61312926
61297318
61299007
61298321
61298336
61313182
61297337
61298913
61297177
61298876
61299252
61313410
61297711
61299526
61298735
61299347
61313685
61297637
61299512
61299339
61299623
61313880
61297670
61299641
61299561
61299103
61299483
61297726
61298875
61299887
61299267
61299726
61314142
61298139
61299685
61300127
61299606
61300095
61314072
61298406
61298216
61300157
61300171
61314608
61299954
61298146
61299346
61300532
61299840
61300401
61314661
61298757
61300542
61300418
61300534
61314551
61299717
61300574
61300887
61298581
61300609
61298852
61299705
61301109
61300513
61298923
61300784
61299027
61299448
61301277
61300543
61301388
61315327
61300261
61300959
61315209
61299247
61301349
61300876
61300317
61315141
61299710
61301590
61300871
61301507
61315804
61301399
61315417
61300615
61301803
61299701
61301802
61301845
61299920
61300864
61302268
61299908
61301988
61316247
61300528
61302343
61302058
61302393
61316701
61302149
61316242
61301827
61301046
61302807
61300627
61302533
61316736
61301125
61302838
61302323
61302935
61301109
61302386
61302932
61317056
61302715
61300781
61301277
61303164
61302605
61303118
61317167
61301042
61301069
61301490
61303175
61303300
61303308
61317496
61303040
61317176
61301669
61301465
61303397
61302609
61302464
61317256
61301550
61301759
61303529
61303543
61301414
61302610
61317433
61302028
61303768
61303548
61303658
61317713
61302150
61303582
61317711
61317681
61317623
61303676
61303765
61301748
61303900
61318180
61302234
61302311
61303985
61304176
61318341
61303911
61302181
61302551
61302586
61304419
61302290
61303482
61304491
61318874
61302565
61302165
61303347
61304684
61303947
61304703
61318645
61302666
61302392
61303453
61304860
61304096
61304774
61319019
61304835
61303189
61319198
61305071
61304020
61303266
61302920
61319296
61305056
61303883
61302949
61303984
61305129
61303552
61303182
61303101
61305326
61305056
61305171
61319285
61303752
61303870
61305778
61303621
61306314
61305674
61307612
61306014
61307949
61305892
61308567
61306767
61307729
61307817
61308222
61321999
61306575
61308339
61307839
61308232
61322388
61306471
61308105
61306662
61322462
61306480
61306863
61308510
61308701
61306473
61308331
61306577
61307678
61308639
61307953
61308148
61308130
61308522
61306369
61309137
61322420
61307322
61308544
61307699
61308787
61308849
61307008
61322709
61307963
61309220
61309051
61309116
61323325
61307392
61309260
61308736
61309129
61323237
61307149
61308115
61309122
61309436
61307160
61308179
61309176
61307368
61308571
61309706
61309062
61309548
61323715
61307931
61309716
61309708
61309818
61307689
61309841
61307806
61308162
61309913
61324356
61309424
61309964
61310041
61309592
61309982
61324395
61309888
61308056
61308888
61310220
61308091
61310246
61324173
61308691
61308654
61310334
61310471
61310668
61324419
61308715
61310650
61309757
61310471
61324707
61308827
61310684
61309950
61309869
61324507
61308987
61310703
61308424
61310261
61311272
61308560
61309560
61310967
61310233
61309081
61310728
61308548
61310525
61308730
61309696
61310977
61310216
61310945
61325409
61309423
61311156
61310618
61311101
61325105
61309285
61311385
61310789
61311213
61325575
61310762
61309474
61311482
61325380
61311034
61311444
61325650
61309964
61311626
61311529
61311696
61325950
61309929
61311738
61311743
61311925
61309724
61311834
61325948
61310252
61312074
61311354
61311885
61326143
61310124
61312002
61310219
61311362
61311800
61310121
61326403
61312147
61312287
61326224
61310691
61312353
61311688
61312335
61326430
61310625
61310903
61312311
61312741
61312845
61327105
61311279
61312962
61312187
61311837
61326713
61312139
61311307
61312969
61310942
61313686
61310995
61311896
61313153
61313284
61327598
61312971
61311112
61313139
61313643
61311163
61310732
61312690
61313135
61311381
61312503
61313644
61328044
61313417
61313590
61311638
61313696
61313713
61327890
61312072
61312152
61313943
61311688
61313624
61327688
61312792
61314004
61311916
61314003
61327749
61312274
61314164
61313729
61313129
61328069
61312436
61314030
61312473
61314557
61314653
61328562
61313352
61314739
61328978
61314471
61312588
61313362
61314800
61314616
61314157
61314838
61328961
61313337
61315071
61314615
61315042
61329134
61313305
61315183
61314969
61315082
61314063
61313234
61317015
61315836
61317912
61315626
61318340
61317789
61331865
61316217
61318074
61317710
61317147
61332285
61317481
61332078
61318146
61318643
61316783
61316023
61316030
61318279
61316369
61317766
61332353
61318458
61318062
61317606
61316510
61318361
61318276
61332713
61316833
61316745
61332556
61316457
61318275
61316811
61318515
61318652
61318732
61332680
61317987
61319050
61316798
61317208
61318736
61317326
61319183
61319170
61333328
61317526
61319260
61318574
61319166
61332963
61318183
61319456
61318829
61318452
61319423
61333449
61319420
61319363
61317929
61319873
61334004
61317812
61319864
61319154
61319838
61333852
61317879
61319979
61319882
61319941
61320147
61317967
61319893
61320767
61319066
61320052
61318508
61320374
61334220
61318751
61320389
61319679
61320148
61318250
61319888
61320611
61320727
61334594
61319104
61320691
61320032
61320525
61319734
61319483
61320857
61318704
61321499
61318595
61334848
61319966
61319224
61320949
61321065
61335577
61320848
61319142
61319698
61321252
61318906
61335596
61319616
61321438
61320811
61319684
61320821
61319115
61320188
61321504
61335812
61321185
61319418
61321496
61321671
61321724
61336145
61319870
61320070
61321699
61321764
61335651
61321792
61321825
61322114
61321563
61322082
61336294
61320333
61322247
61321675
61321764
61321963
61320565
61322104
61322316
61322348
61336480
61320803
61322567
61320455
61322326
61320497
61321275
61320937
61322677
61336484
61322090
61321145
61322947
61322435
61323107
61323393
61337226
61321704
61323403
61321338
61323337
61337370
61321791
61323620
61321532
61323387
61323538
61321545
61323563
61321947
61323837
61337785
61321902
61323991
61323853
61338044
61322215
61323760
61324142
61323357
61324027
61323125
61324015
61324074
61338411
61322470
61324306
61322191
61323404
61324522
61322488
61324533
61324601
61322625
61323785
61324144
61338159
61322350
61324248
61322464
61323580
61324789
61339110
61322870
61325066
61324164
61322999
61324874
61324978
61322750
61324590
61324888
61325198
61324389
61324128
61338922
61323396
61325088
61324423
61325080
61339412
61323583
61325296
61323143
61325068
61323403
61324254
61325493
61323288
61324112
61325575
61323242
61325181
61323400
61324421
61325684
61325566
61325051
61325595
61323565
61325698
61325838
61339874
61325079
61323842
61324021
61325848
61325958
61340119
61325066
61325920
61326284
61323879
61325818
61324994
61326096
61326096
61323981
61326735
61325130
61325999
61325354
61326543
61340389
61324629
61326510
61340173
61324722
61326579
61340869
61324458
61326363
61325588
61326095
61340234
61325392
61326792
61340762
61324447
61327290
61342965
61327006
61327062
61328906
61329054
61329158
61343427
61329120
61329139
61329452
61328832
61328441
61343221
61327923
61329718
61343957
61327543
61329568
61328834
61328617
61329468
61328722
61329194
61329786
61343639
61328248
61329961
61329382
61330096
61327836
61328945
61328526
61330081
61343886
61329155
61330146
61344457
61328262
61330242
61344505
61328817
61329437
61344595
61329446
61330509
61330517
61328409
61330273
61328441
61328913
61330626
61329097
61330693
61344980
61329022
61330858
61328620
61329604
61330920
61345306
61329228
61330989
61328938
61330748
61330986
61329146
61331119
61329475
61331278
61329289
61329092
61329487
61331347
61330559
61331055
61329274
61331319
61331333
61331443
61345455
61329922
61331638
61329356
61330620
61331714
61331931
61329095
61330558
61331737
61329506
61331544
61329739
61331776
61331712
61329509
61329679
61331778
61332065
61346397
61330103
61332179
61330581
61332051
61346159
61330509
61332321
61330021
61332034
61330490
61332288
61330122
61333030
61330366
61331407
61332514
61346849
61330625
61332623
61332123
61333214
61330574
61331887
61332660
61330671
61332542
61330785
61332193
61332611
61331027
61331206
61332937
61333074
61347262
61331454
61333194
61330990
61332878
61331094
61332267
61333279
61331174
61333096
61331264
61332512
61333548
61331368
61333290
61347539
61331917
61333657
61333692
61331560
61331736
61333851
61333309
61333702
61347965
61332283
61334092
61333259
61333701
61331845
61333920
61334009
61348234
61332194
61334153
61333512
61334162
61348309
61331561
61333864
61333795
61332358
61334201
61334304
61334473
61348705
61333769
61334883
61349014
61334462
61332654
61334151
61332884
61332734
61334879
61334935
61332857
61334745
61332534
61334790
61334879
61349142
61333286
61335026
61334340
61334836
61333042
61335124
61335408
61335221
61349615
61333642
61335478
61334550
61335049
61332913
61335327
61335443
61349540
61333436
61336105
61335578
61349937
61333742
61335575
61333521
61335433
61333703
61335786
61335861
61333620
61350123
61334108
61335997
61335212
61335903
61333924
61335945
61336112
61350375
61334111
61335273
61336438
61350551
61334668
61336432
61350212
61350765
61336419
61336978
61334491
61335108
61336662
61335458
61335947
61336491
61335541
61336669
61336581
61350721
61335060
61335943
61336921
61350858
61335988
61336422
61335047
61336549
61336686
61350648
61334810
61336671
61337087
61337214
61335170
61337215
61337385
61351167
61335948
61337400
61351732
61335546
61337373
61335247
61338098
61336447
61351751
61335460
61335900
61337709
61351729
61337794
61336539
61337669
61337719
61351793
61336159
61337944
61335893
61337526
61335465
61337721
61337981
61352047
61336385
61338101
61335860
61337683
61335902
61336803
61338213
61352479
61338049
61338796
61338276
61336215
61336148
61337964
61336404
61338231
61338242
61338301
61336380
61338332
61338370
61352732
61336798
61338736
61336559
61338318
61337326
61341151
61341490
61355750
61339918
61341377
61341738
61355542
61340798
61341711
61339684
61341542
61339628
61341815
61339833
61341694
61339937
61341764
61342002
61342034
61340676
61339684
61340923
61341992
61355999
61340300
61342241
61341620
61342014
61342477
61356470
61341619
61342241
61340687
61342062
61341658
61340460
61341295
61342594
61341681
61344043
61342033
61344484
61344391
61344878
61359117
61343021
61344905
61342725
61345493
61343155
61344985
61342856
61343134
61345237
61344446
61344945
61345169
61343492
61359649
61343748
61345410
61344765
61345118
61343310
61345484
61345683
61359617
61344817
61343862
61345599
61360023
61343807
61345787
61345553
61345765
61359897
61344042
61346073
61345316
61345806
61359884
61345024
61346155
61345394
61345788
61344099
61345272
61346308
61344227
61346061
61344304
61346400
61346561
61344360
61347029
61345598
61346573
61346758
61344547
61346915
61361202
61345828
61346795
61360743
61346802
61347065
61348782
61344634
61346519
61345862
61346902
61346991
61361458
61345116
61345580
61347430
61361714
61347162
61345674
61347453
61361564
61345764
61347702
61345444
61347380
61345970
61347103
61347794
61345701
61345771
61346808
61347741
61345775
61347551
61347936
61362072
61346240
61347981
61347484
61347791
61346255
61348147
61348171
61362199
61347108
61348407
61362671
61346379
61349078
61348491
61346553
61348414
61346708
61347475
61348723
61363034
61346743
61349445
61348704
61348267
61348637
61348875
61362580
61348888
61347892
61347274
61349101
61362954
61347394
61349107
61347104
61348767
61347112
61349028
61349195
61363131
61347983
61349165
61347090
61348978
61349222
61347274
61348898
61349895
61348210
61349298
61349387
61363725
61347770
61349178
61349638
61363373
61348599
61348924
61347297
61349471
61348546
61363198
61348545
61349605
61363833
61348582
61349495
61347441
61347467
61347868
61348513
61349108
61349529
61348690
61349267
61349837
61363953
61348265
61350005
61347927
61350695
61349015
61348780
61350117
61350084
61364029
61349141
61349893
61347989
61349944
61350272
61364364
61349353
61350365
61348389
61350097
61347988
61348833
61350378
61364148
61348775
61348732
61350670
61364948
61348684
61350763
61349999
61350673
61364694
61349825
61350834
61364713
61349097
61350834
61348783
61350668
61348913
61350983
61365267
61348985
61351058
61348921
61350993
61350962
61348921
61351017
61351079
61365158
61349304
61351311
61350496
61351256
61365136
61350432
61351495
61365677
61351176
61349470
61350780
61350029
61351715
61365903
61349348
61349744
61352165
61351714
61349564
61351350
61351543
61349697
61350548
61351789
61349748
61350481
61350774
61351986
61366099
61351063
61352051
61366162
61350293
61352184
61351294
61352796
61350105
61350934
61352416
61366260
61350508
61352416
61351991
61352381
61366425
61350839
61352600
61366785
61350671
61352651
61351908
61352482
61350405
61350354
61352063
61352511
61350495
61351985
61352699
61352626
61366655
61352780
61353087
61367087
61350957
61353036
61352354
61352045
61367199
61351463
61353179
61352319
61353644
61353122
61352017
61352465
61351513
61353301
61351460
61367426
61352151
61353525
61367833
61351706
61353686
61352955
61354173
61352128
61352338
61352429
61353378
61354029
61353190
61353748
61351892
61352764
61353988
61367811
61352247
61354117
61355551
61357090
61357257
61371395
61355502
61357533
61356985
61357238
61371550
61356678
61357645
61371902
61355686
61357532
61357654
61355767
61357410
61357654
61356944
61357437
61355707
61357360
61357745
61355434
61356771
61357192
61357013
61357669
61358033
61372242
61357547
61356064
61358032
61356491
61357361
61358305
61356192
61372346
61356141
61356557
61358414
61372128
61357016
61358462
61372463
61372832
61356931
61358746
61357784
61358328
61357384
61357979
61358571
61356499
61372688
61358267
61358566
61356835
61357169
61358566
61356699
61358489
61358925
61372857
61357134
61359130
61358606
61357830
61358843
61359207
61373467
61358945
61357161
61357859
61359169
61373435
61357654
61359292
61356929
61373601
61358497
61359533
61373221
61357450
61357692
61359549
61373935
61359322
61359191
61373714
61358215
61358513
61373298
61359493
61359250
61359590
61373771
61358055
61358171
61359797
61358531
61358193
61359882
61373787
61358227
61359926
61359418
61359340
61373817
61358969
61360202
61358103
61359937
61358377
61360384
61359545
61360092
61359220
61359825
61360540
61358315
61359563
61360626
61374844
61358924
61360790
61358457
61358732
61360845
61375054
61358697
61360701
61358521
61360433
61359570
61360949
61358813
61358860
61360840
61360941
61374847
61360951
61361040
61374964
61359279
61361112
61360663
61361111
61375001
61375554
61360127
61361006
61360218
61359166
61359219
61360337
61361450
61375788
61359878
61361639
61376025
61359929
61361738
61360977
61361598
61361547
61361935
61361417
61361050
61375988
61362081
61362170
61376153
61360553
61362565
61362158
61360741
61376788
61360812
61362648
61360467
61362212
61360666
61362456
61362534
61362536
61361482
61362420
61362450
61363438
61362929
61360918
61362864
61363076
61377250
61361421
61363155
61362319
61362818
61361103
61363175
61363168
61363446
61377190
61362954
61363138
61361395
61363488
61363508
61377558
61362299
61363604
61363801
61363812
61378123
61363774
61363579
61361702
61363747
61363887
61363895
61361731
61363710
61363875
61361878
61363749
61364520
61364068
61378205
61363904
61364095
61364079
61362011
61363112
61364271
61378483
61362171
61364169
61364399
61378710
61362758
61364477
61362118
61378248
61364414
61364431
61378296
61363123
61364578
61378821
61364021
61362895
61364854
61378960
61363120
61364830
61379168
61364592
61363056
61364182
61364835
61366651
61362698
61364559
61363769
61364863
61364884
61378768
61363867
61365124
61379326
61363315
61365121
61379377
61363782
61365333
61363228
61365205
61363370
61365428
61365517
61379678
61363630
61365613
61363392
61365444
61365637
61365858
61364974
61364924
61364850
61364078
61365244
61365737
61363929
61364600
61366018
61380353
61364926
61366156
61380222
61364344
61366108
61380368
61364275
61366156
61364057
61365792
61364086
61366062
61366253
61379928
61364915
61366316
61380600
61364507
61366493
61380454
61365725
61364464
61366492
61380841
61364625
61366479
61365742
61366289
61364729
61365943
61366577
61365489
61380985
61366657
61364969
61365866
61364665
61366665
61365805
61380641
61365446
61366976
61381212
61366009
61366946
61367050
61365921
61366677
61366858
61367246
61364607
61365524
61366952
61364847
61366684
61365016
61367040
61366992
61364876
61366954
61367037
61364920
61381188
61365812
61367261
61381455
61365356
61367363
61365388
61367181
61365720
61366811
61368187
61365574
61367606
61367585
61381905
61367215
61366510
61367791
61365852
61367764
61367737
61382072
61367496
61365936
61367699
61365949
61367953
61366950
61365969
61366220
61367907
61381864
61368006
61368758
61366411
61368248
61366496
61368254
61367187
61367723
61368141
61366059
61367962
61367422
61382637
61368058
61368647
61382577
61367554
61368542
61382493
61366829
61372404
61371832
61372025
61370392
61372660
61371656
61372149
61372585
61370271
61371908
61373170
61370404
61371727
61372688
61386927
61370903
61370959
61372567
61372683
61386567
61371237
61372848
61370686
61372417
61372602
61386681
61372609
61372650
61386865
61372014
61371398
61371910
61386875
61372743
61372805
61387024
61372128
61373041
61370675
61371011
61372389
61371197
61373273
61371414
61373110
61371499
61373197
61373262
61373393
61387365
61372835
61372530
61373713
61371525
61372309
61373782
61388117
61371949
61373929
61373415
61374013
61371819
61373207
61374127
61372114
61373937
61372500
61372216
61374012
61372177
61373605
61374349
61374226
61374590
61388878
61372716
61374645
61388695
61373790
61373012
61374920
61372612
61374633
61373677
61374682
61374960
61372732
61374617
61373231
61374268
61374743
61374817
61375250
61375138
61389057
61373473
61375333
61374668
61373665
61375258
61389169
61374166
61375303
61389659
61373494
61375402
61374689
61375035
61375495
61375387
61389626
61374447
61375415
61373681
61375440
61374493
61373498
61375760
61376352
61375854
61373539
61373859
61373909
61376177
61375437
61375906
61373629
61374158
61375564
61375937
61374332
61375806
61376215
61376469
61374445
61376346
61376487
61375399
61390928
61375756
61374594
61376616
61375852
61376423
61375554
61376669
61376683
61391018
61390957
61375645
61376498
61375802
61376845
61376835
61391066
61375358
61377006
61375829
61374885
61376722
61375240
61376373
61376770
61375898
61377037
61377132
61391287
61375383
61377372
61391554
61375407
61377273
61391087
61377127
61377072
61391383
61375592
61377434
61391623
61375527
61377216
61375087
61377026
61375194
61377215
61377406
61391517
61375306
61375821
61377630
61375472
61377221
61377531
61391773
61375914
61376916
61376123
61376741
61377509
61377506
61376565
61377707
61377820
61392011
61376077
61377916
61377053
61377792
61377944
61375893
61376884
61376938
61378085
61375887
61378140
61377352
61392238
61376201
61378086
61378196
61376510
61392814
61378390
61378345
61378709
61378153
61378571
61377606
61378547
61378687
61392758
61377142
61378496
61379010
61393148
61377324
61379058
61378297
61378748
61378993
61379114
61378500
61379627
61376968
61376910
61377518
61379183
61393107
61379190
61379408
61393491
61378465
61379423
61393259
61377566
61379073
61379458
61393745
61378467
61379503
61393916
61377577
61379650
61378121
61379615
61393766
61378508
61379813
61394049
61378820
61379831
61393689
61379443
61379903
61377913
61394249
61377934
61378323
61380090
61379886
61380124
61394057
61393980
61378174
61380181
61377929
61379892
61378210
61379537
61380305
61379826
61394300
61379359
61380643
61394471
61378699
61380720
61380758
61394661
61381014
61380950
61381036
61379243
61378912
61380851
61378921
61379147
61380480
61379336
61381238
61381348
61395656
61379758
61381345
61379216
61381128
61379395
61381491
61381658
61395795
61379861
61381625
61379652
61381435
61379702
61381672
61381818
61395952
61380800
61382007
61396188
61380137
61380220
61382011
61379970
61381964
61382008
61395860
61381910
61381817
61381921
61382285
61381716
61382127
61381998
61382590
61396538
61380670
61382461
61396623
61380625
61382752
61396628
61380553
61380876
61382679
61396708
61381014
61382805
61396919
61381116
61382880
61380625
61382537
61380780
61380792
61382877
61382946
61381813
61396558
61382827
61380989
61383161
61397093
61382285
61383168
61381093
61383056
61383294
61382650
61383235
61382577
61381672
61382982
61383986
61381346
61382720
61383630
61397501
61381965
61383801
61382890
61384368
61381877
61383301
61383509
61383774
61383013
61382421
61383801
61381325
61383805
61383870
61398229
61383026
61384134
61397970
61383000
61382453
61384145
61382125
61384122
61384286
61398261
61382957
61384382
61398354
61383095
61384454
61398618
61383077
61384454
61398858
61382543
61384595
61382346
61384285
61382605
61384729
61398965
61382722
61384702
61401378
61386398
61400549
61386766
61386871
61400704
61386950
61386967
61401527
61386025
61387360
61401303
61386522
61387285
61401260
61385743
61387405
61401620
61386442
61387678
61401548
61386145
61387716
61402120
61386787
61387310
61387650
61401579
61387486
61386677
61385612
61386481
61391786
61389833
61391435
61391069
61405822
61390553
61391676
61390298
61391021
61392125
61406676
61391946
61390485
61406477
61390234
61390848
61392489
61406779
61390896
61392786
61407019
61390704
61392831
61392791
61390630
61392651
61391392
61393400
61392924
61390945
61391049
61391909
61393052
61391137
61393257
61393264
61391298
61393148
61393220
61391223
61393223
61393186
61407079
61393207
61393395
61407213
61392016
61393440
61391498
61392252
61393639
61407950
61393588
61393505
61393914
61391638
61393588
61393901
61391786
61393639
61392418
61392437
61393708
61394021
61393311
61393882
61394144
61393476
61394191
61393055
61393921
61393405
61392204
61393852
61393961
61392092
61394239
61394181
61392317
61408148
61392049
61392344
61394180
61392340
61394423
61394526
61392246
61392569
61394142
61394555
61392621
61394760
61393726
61393607
61392727
61392959
61393150
61395157
61409033
61393447
61394777
61395237
61409158
61394324
61395237
61395293
61393167
61394991
61393386
61395309
61395384
61409508
61395463
61395070
61394112
61395455
61395864
61395076
61395551
61396065
61393762
61393986
61396011
61393919
61410637
61394860
61396138
61394145
61395944
61395048
61396054
61396394
61394217
61394510
61396340
61394262
61396123
61396152
61396669
61396473
61395377
61395625
61410688
61394992
61394952
61396760
61396874
61396957
61410662
61394435
61394734
61410937
61411198
61395943
61395466
61396686
61397149
61396416
61396806
61395147
61397039
61397090
61394998
61397247
61397234
61411113
61397217
61397159
61396748
61410703
61396805
61396801
61397141
61395079
61397086
61397074
61395218
61397281
61395222
61397201
61396611
61397083
61397522
61397551
61411786
61396604
61397431
61411468
61396700
61397763
61395575
61397473
61397667
61411500
61396796
61397808
61411937
61396068
61397832
61412038
61396017
61397925
61412116
61397860
61397703
61398040
61396301
61396136
61396179
61396250
61398329
61396197
61396335
61396429
61398352
61396287
61398372
61396879
61398428
61396964
61396540
61396767
61398840
61396537
61398497
61396988
61398052
61398548
61397060
61398866
61412700
61398236
61397140
61398874
61412817
61398224
61399022
61398854
61399221
61397194
61397085
61399215
61396957
61413328
61399251
61399148
61397247
61398069
61399443
61413348
61398241
61399549
61413347
61413689
61398222
61399626
61401544
61397021
61397283
61399284
61399592
61413257
61399527
61399544
61397503
61398346
61399763
61413628
61398383
61399883
61413690
61399151
61399002
61399942
61398813
61413969
61399263
61398088
61400290
61398035
61398122
61400195
61398018
61399879
61398442
61398066
61400029
61400414
61399752
61400176
61400588
61398160
61399722
61400218
61400507
61399719
61400362
61399042
61399962
61401266
61398850
61400058
61398959
61400816
61414986
61399957
61400891
61415068
61399538
61400990
61415181
61399349
61399816
61401685
61399400
61400379
61400848
61399414
61400787
61399955
61399507
61401316
61399374
61401251
61401514
61415499
61401539
61401508
61399491
61401587
61401649
61415861
61400056
61401895
61415840
61400227
61401991
61416230
61401824
61401656
61401969
61402104
61400338
61399983
61399821
61400360
61402210
61401245
61402274
61416616
61401894
61402102
61402490
61401692
61402171
61402471
61401761
61402311
61401156
61402632
61400642
61401348
61402656
61402548
61402837
61400783
61401082
61403059
61416929
61401364
61403056
61416999
61401655
61403128
61416996
61402218
61403278
61417103
61401820
61403176
61403965
61403497
61401204
61403146
61403449
61402712
61403283
61401744
61403820
61401557
61401655
61401588
61403692
61403741
61401660
61401695
61403969
61401663
61403548
61403953
61418223
61403333
61403679
61403992
61404195
61402208
61404178
61404247
61402274
61418322
61404402
61403603
61402602
61403861
61404351
61402098
61404351
61404590
61402522
61404570
61404676
61402662
61404683
61404727
61418480
61403504
61404700
61418621
61404480
61404967
61418795
61404875
61402822
61404737
61418888
61402850
61404908
61418979
61418840
61404974
61405090
61402932
61404409
61404803
61405283
61404546
61405066
61404972
61405395
61419477
61405357
61405572
61403435
61405681
61403450
61405153
61405831
61403600
61405536
61404027
61405184
61405638
61405852
61405286
61405638
61404225
61405553
61404974
61405945
61419709
61405531
61406630
61404347
61405534
61405784
61404347
61405555
61405931
61404566
61406519
61420662
61405142
61406399
61404409
61405115
61406564
61420782
61405480
61406581
61420622
61405300
61406636
61420878
61405598
61406783
61420576
61406571
61406660
61404643
61406171
61405534
61406815
61404621
61406528
61405686
61404747
61406675
61406894
61405046
61406134
61406678
61405142
61406281
61421027
61406958
61407174
61405422
61406462
61406955
61406742
61409540
61411390
61411342
61410199
61411564
61412257
61409421
61411424
61411907
61412006
61412103
61409827
61410000
61412055
61426315
61410363
61412052
61410802
61410290
61409932
61410218
61412079
61410042
61411991
61412157
61411714
61412865
61412448
61412381
61410367
61411628
61410532
61412653
61426889
61411671
61411473
61412688
61411505
61412265
61412401
61412727
61412944
61426999
61411585
61412941
61426977
61413095
61412986
61412079
61412466
61412849
61413264
61412527
61413071
61413486
61411269
61413244
61411577
61413557
61412479
61413420
61413396
61411362
61412948
61413468
61413832
61428116
61413103
61412025
61413885
61428097
61412580
61413984
61411892
61412474
61413796
61412284
61413509
61412389
61413753
61414165
61428311
61413296
61414144
61413063
61412198
61413943
61414602
61414138
61412221
61412205
61414216
61412278
61414069
61414218
61414172
61414461
61412397
61412604
61414605
61428817
61412646
61414533
61412520
61414340
61412777
61414525
61414313
61414779
61414781
61429068
61414859
61414757
61428706
61413527
61414805
61428767
61414925
61413904
61414813
61414989
61429126
61413773
61415058
61429375
61413722
61414194
61415114
61429057
61414416
61415429
61413007
61429105
61414900
61415081
61415370
61413415
61413438
61415654
61429438
61414332
61415691
61429481
61413945
61415658
61429548
61415620
61414001
61415631
61415944
61430132
61429913
61415809
61415788
61416125
61430433
61414310
61415772
61416010
61414388
61415473
61416911
61416425
61414221
61416133
61416449
61414320
61415165
61414789
61416574
61430413
61416509
61416536
61416630
61430474
61415056
61415801
61415700
61414764
61416861
61430602
61416778
61416750
61414463
61415226
61417448
61416675
61416643
61417154
61415752
61416149
61416747
61417234
61414982
61415110
61417210
61417341
61431502
61417345
61416444
61415147
61417246
61417386
61415495
61417294
61417321
61415713
61415259
61415462
61417532
61431561
61415897
61417625
61417403
61415891
61415494
61417379
61417788
61416955
61417475
61416062
61415710
61415862
61418181
61415779
61417742
61416230
61415851
61416171
61418181
61432102
61416969
61418202
61416041
61417323
61417745
61416334
61418310
61416149
61418122
61417368
61416191
61418188
61417403
61417223
61432623
61417996
61418363
61416394
61417331
61417579
61418639
61418808
61416497
61418647
61419241
61416607
61416556
61416783
61418170
61418567
61418907
61418068
61418663
61418546
61417556
61418111
61419314
61416663
61418357
61419482
61419145
61418159
61418781
61417149
61418531
61418837
61418738
61419027
61416871
61417095
61419147
61416994
61417146
61419219
61433356
61417023
61417318
61417717
61419481
61433645
61419509
61419427
61417383
61419413
61418731
61417632
61419632
61419434
61417898
61419106
61419479
61417994
61419219
61417911
61419487
61418153
61419671
61433598
61418663
61419941
61433929
61418786
61420256
61419961
61419066
61420753
61434618
61419456
61419706
61417956
61418900
61418236
61419226
61419563
61420490
61434409
61420601
61420412
61434348
61420635
61419991
61418765
61420705
61419709
61420906
61421019
61421054
61435218
61419545
61420976
61419892
61420887
61421671
61421002
61419040
61419179
61421310
61421396
61421380
61419021
61419245
61420797
61422061
61421510
61420977
61421419
61421821
61420923
61421544
61420370
61419615
61436051
61421803
61420026
61422102
61435802
61420314
61422102
61422134
61420482
61421501
61420378
61422133
61436405
61436506
61422205
61422123
61436125
61422376
61422369
61420253
61422157
61422282
61421565
61422355
61420440
61422407
61422526
61420419
61422515
61420498
61422495
61422570
61420573
61422495
61422611
61420597
61436535
61420717
61421055
61422843
61436677
61421903
61422888
61420993
61421451
61437125
61422106
61421226
61423155
61423358
61421205
61421354
61423243
61437329
61421855
61423544
61421444
61423304
61423540
61421390
61423404
61422714
61421577
61437663
61423079
61422004
61423888
61422708
61437858
61438306
61423954
61423933
61422421
61423359
61423981
61424243
61438605
61422119
61422613
61424368
61438661
61424232
61424470
61422382
61424705
61424444
61438256
61423318
61424482
61438697
61423695
61424560
61422519
61424540
61424557
61438711
61423713
61424707
61438615
61424912
61424688
61423278
61425073
61422929
61423781
61425100
61439093
61425083
61425175
61438901
61425179
61425247
61425389
61423311
61425246
61425342
61425514
61439633
61423675
61425511
61439555
61423209
61423452
61423876
61425514
61439521
61425473
61424457
61425717
61423768
61425238
61425446
61425825
61425757
61424056
61425470
61425661
61426076
61439741
61424573
61426073
61423960
61426038
61425795
61423635
61426188
61440403
61425275
61426191
61424126
61426089
61426110
61423945
61440206
61426289
61426361
61425357
61440358
61424433
61424787
61426610
61440681
61425257
61425679
61426481
61425014
61424784
61424865
61426920
61424781
61425546
61425182
61426868
61428894
61440860
61424853
61426853
61424683
61424941
61425107
61427053
61441087
61427080
61427104
61425200
61426797
61425787
61427461
61425385
61426091
61427489
61425502
61427488
61427230
61427346
61427833
61426970
61427541
61427844
61427158
61428486
61426214
61425913
61426161
61428144
61425526
61425934
61427606
61427916
61428274
61442564
61427500
61426332
61428299
61442634
61426685
61428497
61442730
61427132
61427992
61426503
61428510
61447554
61432802
61433865
61433798
61433889
61447744
61433872
61433196
61432246
61431939
61431978
61433083
61434172
61432005
61432750
61434754
61432547
61433755
61434107
61434270
61433509
61434029
61434369
61432253
61434368
61434390
61448440
61434724
61434408
61434641
61432543
61432520
61434734
61434584
61434203
61432633
61432672
61432715
61433107
61434964
61449200
61434136
61435065
61433348
61433954
61433743
61434260
61434684
61433815
61434365
61433050
61435072
61434431
61451911
61434811
61436298
61434993
61437270
61451674
61435581
61437471
61451379
61437134
61436559
61435231
61435438
61435471
61435712
61437860
61437909
61435739
61437448
61437680
61436240
61437239
61437885
61438249
61436464
61452423
61437458
61438398
61452370
61436346
61437248
61438021
61436733
61438806
61437629
61453050
61437877
61438817
61436749
61438184
61436828
61438928
61452930
61437386
61439123
61452831
61438959
61438976
61452884
61437574
61453611
61439232
61439403
61437648
61439484
61438334
61437333
61437683
61439507
61439336
61439748
61453712
61453896
61439288
61437760
61439884
61453712
61454035
61437693
61439045
61439883
61437893
61439818
61440629
61437994
61440187
61453994
61440050
61440115
61438098
61453911
61439248
61440086
61437849
61439668
61439676
61439025
61440074
61438658
61454629
61440346
61440537
61438455
61438512
61454971
61439696
61440639
61438211
61440229
61440496
61438953
61440950
61439732
61438743
61439138
61440893
61441048
61438818
61439029
61439391
61441182
61454997
61441066
61441077
61438732
61441387
61455848
61440450
61441264
61455116
61440095
61440112
61439319
61455418
61441023
61439834
61441640
61455751
61440778
61441763
61455602
61440618
61442009
61440777
61439824
61440414
61440347
61441875
61442215
61456304
61442102
61441883
61440463
61442276
61439806
61440721
61442097
61440555
61456120
61440310
61440325
61440731
61442629
61440348
61456718
61442596
61442572
61442810
61440732
61442324
61441345
61443208
61441095
61443119
61442205
61441484
61442473
61443021
61443320
61443118
61440991
61443207
61441561
61457505
61443129
61442979
61443274
61443395
61443403
61457597
61457773
61443394
61443589
61443689
61441410
61441706
61443587
61458008
61442083
61443874
61457861
61457992
61443240
61442120
61443863
61442683
61443278
61443651
61443865
61457802
61442234
61444070
61457973
61441925
61443541
61442445
61444206
61442026
61442109
61442621
61442581
61444390
61442744
61443706
61442466
61444539
61458730
61443776
61443248
61444413
61444777
61458850
61443397
61444753
61443642
61444162
61444538
61444902
61442746
61443240
61444974
61458741
61444197
61444256
61444411
61443357
61445142
61445054
61445213
61444084
61443095
61443412
61445186
61445164
61443083
61443235
61445329
61459379
61444267
61445503
61443363
61445527
61445435
61445470
61445636
61459494
61445201
61446385
61445866
61445799
61445651
61459985
61445603
61446366
61445539
61445927
61443879
61459924
61445949
61446072
61446370
61445555
61445683
61445166
61446262
61446575
61446679
61446687
61461094
61445073
61446971
61446805
61447062
61460919
61461399
61447115
61446906
61447168
61446524
61446951
61447291
61445264
61445389
61447462
61461523
61445859
61447623
61447655
61445760
61461923
61445995
61447636
61445331
61445654
61446987
61445894
61447847
61461795
61446702
61445782
61446225
61447980
61462321
61446648
61448103
61447019
61447357
61448128
61446458
61448294
61446016
61448082
61448112
61446741
61448389
61448414
61448620
61446824
61462712
61447303
61448664
61447069
61448683
61446365
61446685
61448546
61448961
61446856
61447125
61449003
61449093
61449197
61463076
61448324
61449183
61448188
61448687
61449033
61449383
61463763
61448945
61447007
61448781
61447280
61449470
61463215
61463539
61447899
61449313
61449578
61463718
61448689
61448188
61447956
61449930
61463678
61449622
61449628
61449726
61449967
61448766
61447726
61448043
61449852
61447793
61449804
61450157
61449951
61450291
61464089
61449263
61449267
61448012
61449535
61448166
61450422
61450376
61464436
61450410
61450376
61448458
61450359
61450427
61450525
61450629
61448618
61450420
61450396
61450787
61464887
61449551
61450760
61448776
61450524
61450527
61449039
61450079
61449198
61448960
61450992
61451116
61465007
61450911
61449767
61449207
61451064
61465044
61451044
61450903
61449295
61465527
61465231
61450639
61449450
61451505
61465683
61451451
61451492
61449499
61451072
61450656
61451620
61449480
61450356
61465756
61451500
61451431
61451765
61449564
61449863
61451269
61451711
61451617
61449549
61450978
61451605
61449770
61451562
61451980
61450289
61465880
61466355
61452051
61451886
61452202
61466142
61450306
61451762
61452108
61452469
61466900
61450804
61452499
61450356
61466627
61466331
61452502
61452433
61452722
61467081
61451054
61452689
61450480
61452924
61467258
61452978
61467412
61452260
61453104
61451823
61452807
61453039
61453516
61467611
61467623
61451839
61451391
61453515
61467655
61453423
61454058
61453445
61467356
61452610
61453412
61451532
61453605
61451492
61452975
61453474
61453760
61468068
61452023
61453808
61453966
61467882
61451770
61453705
61453684
61454024
61468215
61453173
61453222
61451957
61452067
61452127
61454377
61451898
61468588
61452012
61452551
61454336
61452349
61454295
61454391
61454515
61454691
61452619
61454691
61454658
61454328
61453622
61453028
61454799
61455064
61452863
61453276
61453195
61453062
61455114
61468795
61455121
61455138
61454054
61453140
61455102
61455206
61455326
61455416
61453236
61453751
61455635
61469799
61455495
61455365
61453372
61455471
61455324
61455763
61453460
61453975
61455835
61469591
61455746
61454655
61455843
61454095
61455258
61453988
61456016
61454600
61470222
61470214
61455950
61455151
61454425
61456195
61454375
61454146
61454271
61456440
61454239
61454505
61456461
61470177
61470412
61455764
61454911
61456726
61470860
61456505
61456567
61455020
61456883
61470924
61455554
61456835
61454767
61456671
61456845
61457086
61454855
61456767
61457056
61454951
61455154
61457251
61461234
61463002
61463264
61461203
61477730
61463324
61462239
61462641
61463435
61463590
61461375
61462879
61463282
61463171
61463655
61463594
61461942
61461626
61461591
61461959
61462496
61463926
61461711
61463888
61463628
61463845
61463802
61462171
61478220
61463017
61464060
61461971
61463944
61463899
61464161
61461909
61462061
61464287
61478088
61462974
61463955
61464268
61478275
61462270
61463883
61462496
61464425
61478643
61464363
61464407
61462339
61464189
61464288
61464727
61462347
61478523
61464520
61463636
61462216
61463928
61464448
61464809
61464113
61462897
61465048
61478843
61464819
61464887
61462918
61464782
61464761
61463348
61462996
61463419
61465156
61463125
61463178
61464333
61465917
61465425
61463385
61463579
61465460
61479531
61464207
61465597
61464331
61464985
61463601
61465626
61465733
61464036
61463698
61464274
61465837
61479831
61465820
61464511
61464003
61465218
61465697
61466061
61465806
61466071
61463760
61463936
61464195
61466161
61480442
61465320
61466236
61464093
61466096
61465949
61466214
61480583
61464600
61466409
61480587
61464215
61480857
61464441
61464916
61466560
61465616
61466006
61464934
61466887
61480955
61466155
61464774
61465313
61467009
61480952
61466883
61465099
61466757
61467193
61481005
61466095
61467021
61467211
61466184
61465162
61465684
61467373
61481156
61466983
61467177
61467436
61481863
61465775
61467494
61465439
61467388
61467468
61465660
61467685
61465660
61467561
61467462
61467994
61481646
61466563
61467949
61465785
61467857
61467785
61468299
61482433
61466940
61466243
61467975
61468288
61482398
61467222
61468336
61467153
61466083
61468100
61468539
61482721
61466670
61468431
61466246
61467849
61468198
61468562
61482753
61468487
61467616
61468202
61468395
61468526
61482768
61467937
61467067
61467615
61469261
61468700
61468162
61467161
61468970
61469002
61467870
61483506
61467609
61469112
61469162
61468428
61468921
61469138
61469403
61467092
61469205
61469205
61467044
61468829
61469429
61469199
61469539
61483802
61468522
61469600
61469787
61484047
61468440
61468926
61469747
61483959
61467759
61469092
61468317
61469979
61470011
61470232
61470267
61484458
61468383
61470273
61484138
61470202
61470321
61469138
61468224
61469567
61470290
61468143
61470510
61468346
61470349
61470202
61470635
61484946
61468496
61470109
61470631
61468973
61470779
61484784
61470720
61470672
61470931
61470993
61469661
61485381
61469858
61471367
61485302
61471284
61485277
61471015
61471051
61469728
61471294
61469651
61470808
61471205
61471545
61485760
61471381
61469223
61471191
61469078
61471255
61485812
61471474
61471988
61471595
61485978
61470469
61471636
61487422
61473480
61474278
61473972
61474082
61472283
61473607
61474034
61472618
61474574
61473418
61473989
61474014
61474665
61475353
61474762
61488827
61473521
61472622
61472918
61474970
61488768
61474806
61474342
61472886
61473083
61474946
61474975
61472825
61474924
61474938
61473932
61474542
61474852
61475039
61473060
61473548
61475363
61473301
61475223
61475312
61474237
61473311
61473556
61475372
61489201
61475389
61473876
61475571
61473508
61474812
61473476
61475525
61475392
61475565
61474852
61473657
61475709
61489489
61475566
61473598
61474946
61475884
61489657
61475882
61475782
61473633
61475958
61475508
61474409
61475919
61474047
61476240
61476071
61490655
61476207
61476143
61476146
61476291
61476395
61490215
61474175
61475535
61474431
61474301
61476280
61476525
61490455
61490901
61475810
61474909
61476862
61474656
61476704
61475926
61475150
61476602
61475950
61474547
61476916
61476047
61474955
61476541
61475037
61477161
61490957
61476197
61477155
61491325
61491624
61477331
61475580
61477527
61491643
61477490
61477325
61475549
61491375
61491552
61477725
61477533
61475973
61477181
61477578
61477586
61476221
61476013
61477963
61491722
61475872
61475896
61477301
61476082
61478134
61492208
61477531
61478074
61478002
61478403
61492677
61476725
61478325
61478347
61492623
61477516
61478480
61478070
61478715
61477442
61492671
61492577
61478738
61479399
61477058
61476771
61476975
61478880
61492887
61478791
61477250
61478843
61476826
61478850
61478580
61478660
61478853
61477132
61476985
61476879
61478999
61478855
61479168
61493445
61477418
61478503
61478894
61476980
61477365
61477510
61479041
61479443
61493775
61477652
61479488
61477201
61479124
61478276
61477706
61479717
61493671
61479634
61479511
61479827
61493967
61479149
61479332
61477990
61479909
61494250
61478730
61479984
61478093
61479471
61480143
61479975
61480342
61494418
61478229
61480272
61480176
61480451
61494626
61478759
61480496
61479661
61478463
61480042
61480469
61480782
61495199
61479117
61480875
61495264
61480173
61479194
61479209
61479121
61481026
61495343
61481077
61480350
61481116
61481336
61480255
61480730
61479337
61481434
61479278
61479820
61481683
61479396
61481437
61481646
61481548
61481789
61480591
61481221
61479844
61481821
61495713
61481072
61481872
61481647
61482172
61479714
61495865
61496268
61482195
61482644
61482203
61496316
61479953
61496572
61481481
61479884
61480019
61480306
61482244
61496357
61482251
61480227
61480640
61482500
61496763
61482459
61481660
61480782
61481713
61480473
61482621
61480468
61480836
61482894
61496839
61481903
61482714
61496926
61482649
61482484
61482800
61496937
61481132
61482692
61481117
61482834
61481137
61497105
61481872
61483019
61496820
61483109
61482941
61481935
61482571
61481164
61483237
61497025
61481956
61483189
61483368
61483370
61481236
61483236
61483148
61483447
61483447
61483442
61497655
61481801
61483606
61497345
61482989
61481544
61498238
61483661
61483634
61481978
61497877
61482965
61483974
61481840
61483902
61484042
61482369
61484172
61481785
61482003
61482446
61484324
61498419
61484139
61484177
61483246
61483841
61484145
61482582
61483667
61484955
61484428
61482323
61482718
61484575
61482359
61484448
61484658
61498673
61483861
61484774
61483621
61482571
61484520
61483032
61484330
61482829
61485025
61498850
61483336
61485012
61484928
61485083
61499258
61484878
61482956
61485119
61484951
61485336
61499110
61485199
61485213
61484889
61485325
61499078
61484633
61483600
61484343
61483673
61484926
61486212
61485615
61483462
61485628
61485759
61485510
61485901
61483670
61484089
61485871
61499960
61485731
61485560
61485972
61485112
61484190
61486218
61500078
61486078
61486221
61484153
61486311
61486146
61484535
61484258
61486227
61484398
61486265
61486650
61500646
61485363
61486548
61484486
61486435
61486518
61486563
61485033
61486139
61486488
61486852
61487130
61485313
61484811
61485428
61486964
61484902
61486526
61486881
61487092
61485158
61486097
61486419
61485590
61485214
61487266
61484948
61501278
61487285
61486489
61486200
61485232
61492184
61494188
61492741
61508234
61492072
61493139
61492472
61493997
61494313
61508098
61494173
61494053
61494342
61508584
61492296
61494309
61494305
61494516
61508831
61492789
61494649
61494702
61494587
61508813
61493522
61494798
61492624
61494521
61494551
61494807
61492507
61492659
61494861
61509067
61492827
61494978
61508787
61493790
61494954
61494911
61492590
61509395
61494001
61495066
61493022
61495145
61495726
61495433
61495230
61493117
61495114
61495194
61495050
61493610
61495548
61493827
61493424
61493618
61495523
61493386
61495434
61495553
61495510
61495737
61493651
61509696
61495181
61494034
61495942
61510130
61494706
61495942
61496070
61495105
61496206
61510040
61496066
61495952
61496214
61510576
61494501
61496187
61509978
61496179
61494872
61495911
61496045
61496146
61494009
61496132
61496081
61495065
61494175
61494354
61496376
61510540
61494196
61496024
61494607
61496638
61510781
61496498
61496491
61496667
61496699
61511031
61495106
61496771
61510647
61496655
61497316
61496872
61494987
61496804
61496585
61497000
61494871
61495239
61497174
61511242
61497130
61496011
61497152
61510935
61495068
61496482
61495551
61497390
61497299
61497451
61495319
61495663
61497496
61511279
61497397
61497263
61497528
61497656
61511548
61496743
61496768
61495914
61495655
61495684
61496151
61497864
61511791
61497823
61497123
61496146
61512228
61496330
61498067
61498075
61498152
61512412
61497161
61498182
61496162
61497612
61497841
61498253
61496002
61512650
61497119
61498052
61498245
61498540
61496400
61498451
61497432
61496963
61496605
61497756
61497206
61498817
61498002
61496816
61498916
61496779
61498950
61497967
61497195
61498133
61498704
61499017
61498971
61512962
61498632
61498936
61499327
61499267
61498090
61513331
61513581
61498757
61499130
61499494
61513685
61497928
61499614
61513805
61498357
61499693
61499646
61514056
61498053
61499766
61498565
61497981
61513874
61499885
61499591
61499907
61514136
61514040
61499778
61498021
61500070
61513989
61498957
61500292
61498077
61499975
61499906
61498394
61500326
61514138
61500183
61498765
61500283
61500489
61498435
61498872
61500510
61498352
61498573
61500029
61498717
61500742
61514785
61499711
61500998
61514817
61500920
61499886
61499802
61500732
61500999
61499322
61500400
61500828
61501147
61501238
61499200
61500557
61499464
61501325
61515567
61501260
61501400
61499775
61499303
61500406
61499523
61501376
61515300
61500446
61501461
61501555
61515921
61499458
61501042
61500101
61500752
61500059
61501817
61502126
61501259
61500125
61502198
61502305
61500048
61501621
61501911
61500005
61501525
61502120
61502382
61501325
61501687
61500410
61500904
61502470
61501420
61500380
61500655
61502830
61516820
61501740
61502701
61516743
61501458
61502793
61501674
61502304
61502490
61503001
61503049
61501321
61500966
61502435
61503155
61503065
61503440
61517073
61503228
61503259
61503151
61503453
61517485
61503275
61503196
61503584
61503527
61517451
61502918
61501654
61503679
61517870
61501915
61501953
61503858
61503911
61517734
61503804
61503761
61502163
61503834
61502678
61501761
61503996
61502182
61504189
61502025
61504070
61504186
61504263
61502638
61502262
61502825
61503541
61502844
61501835
61503884
61504173
61502658
61503896
61502683
61504253
61504689
61502627
61504158
61504510
61502992
61502595
61502696
61504820
61503630
61503435
61518915
61503830
61505039
61518839
61504973
61505200
61503462
61504154
61505186
61519092
61503277
61505016
61503530
61505561
61519428
61505370
61505226
61503834
61519715
61519960
61505712
61504790
61504706
61505205
61505554
61505969
61519731
61520141
61505584
61505840
61506201
61519973
61505418
61506048
61506102
61506059
61506468
61506374
61504461
61520729
61506326
61506080
61506085
61506443
61505314
61505714
61504597
61506598
61520330
61506389
61506520
61504898
61506641
61504675
61506522
61506456
61506755
61506999
61505717
61506342
61506613
61506953
61506865
61505784
61506154
61505181
61507095
61520706
61506904
61506709
61506950
61505325
61521239
61506664
61506591
61506010
61504495
61523721
Peak: 62287622
Average: 60496102.53030945
