0
204331
252338
518065
971462
1233239
1744423
2458025
2691284
3122970
3627459
3990753
4517101
5343503
5654164
5803728
6284239
6660910
6969990
7487680
7797726
8399577
8537122
9087357
9448889
9612890
9696173
10096770
10754927
11099670
11739117
12275313
12713790
12971700
13451330
13920885
14487496
14802766
15295553
15768899
16109069
16423779
16633369
16761389
16842765
17186927
17354034
17644306
18022529
18163306
18372166
18461506
19216056
19546604
19731720
19815336
19817788
20041573
20220650
20345852
20513995
20681743
21020826
21487105
21899466
22283112
22765075
23368073
23633620
24106608
24393496
24539337
24563485
24699908
24871009
25057598
25246063
25552203
25959705
26274788
26758221
27011468
27653894
28211346
29026028
29735108
30049890
30051946
30057586
30055833
30073614
30085622
30374344
30922926
31423225
31669803
31951334
32094888
32405771
32464891
32552458
32672398
32689164
32738584
32931544
33449244
34457098
33980244
34475679
34595457
34773003
34815779
34834007
34872769
35177094
35284257
35895933
35995979
36324680
36883518
36954720
37186426
37661818
38081238
38509662
38509888
38509925
38509911
38346674
38796209
38882652
39150938
39254312
39342594
43291263
43303497
43564633
43620366
44194912
44242504
44277319
44360097
44427618
44468664
44496539
44546938
44606553
44678704
44705223
44777432
44917943
44995968
45216950
45294527
45769349
45908678
45952848
46548335
46906035
46982313
47033242
47257785
47288768
47435386
47607733
47677037
47761344
48079094
48213708
48456033
48660051
48730737
48890774
49516895
49521528
49524078
49526146
49535163
49537945
49563471
49472563
49610180
49733357
49820783
50005678
50262003
50350035
50436701
50459893
50473661
50506093
50537409
50609705
50594281
50810727
50846422
50958937
51153238
51367577
51588488
51760138
52002729
52312403
52570820
52784743
53041069
53326289
53796328
54412652
54626673
54707695
54709558
54745709
54786031
54954493
55060948
55110156
55181745
55197837
55634337
55931830
56047731
56135257
56550968
57004833
57093190
57311611
57560204
57588752
59503057
57882489
57929326
57967974
58151812
58238352
58433055
58452356
58584277
58668967
59002764
59749547
59918867
60011139
60079907
60135835
60183595
60365036
60421384
60459505
61474150
61036087
62072638
67321393
73619815
79392800
85164628
91461954
97231935
103003226
109300370
115071892
120844197
127141568
132912902
139209750
144981732
150752309
157049951
162819304
169117566
174888545
180133292
185906917
191676263
61592514
61385601
61388413
61390536
61391397
61390929
61391313
61392090
61392546
61391510
61391538
61392221
61391866
61392560
61391864
61393318
61393405
61393484
61393714
61392030
61372092
66617773
72388101
78158688
83929246
89701186
94946095
100717858
106489077
112260291
118029396
123801315
129572456
135868629
141638999
147409788
153181550
158951840
164722224
171019993
176790374
182559840
188331472
194101991
61396150
61396214
61396116
61395219
61395601
61395262
61396150
61396432
61395350
61396467
61395270
61395865
61395794
61396728
61396887
61396966
61395648
61396444
61396950
63472755
70294158
77637144
85507133
92850755
100720075
108589766
116460199
124329783
131673590
139543472
147938015
155808127
163676751
171546966
179414398
187286619
195155211
61398014
61398798
61399006
61399123
61398067
61398026
61399159
61397951
61398765
61398109
61399250
61399456
61398292
61399524
61399297
61399337
61399671
61398438
61398923
61398344
66098816
72395048
78164235
83936252
89705863
95476667
101773596
107542718
113839611
119611035
125380248
131677176
137446304
143217990
149514148
155284782
161055490
166827206
173123180
178892242
184664579
190960612
196221472
61400905
61400247
61399845
61401534
61400408
61400416
61401673
61400563
61400989
61400768
61401869
61401956
61402043
61400587
61401972
61400709
61401181
61400973
61400690
66101239
71872959
77118780
82889508
88658590
94429360
100200139
106497105
112266923
118037752
124334556
130105825
135875369
141646648
147942681
153713622
159483579
165779764
171550441
177320888
183618649
189387843
195158320
61401785
61402960
61403068
61403250
61402014
61403140
61403202
61403306
61402124
61402817
61402959
61402679
61402033
61403418
61402257
61402439
61403549
61404240
61403388
61402822
66629139
72398395
78169969
83939478
89710062
95481078
100728110
106499174
112269221
118040577
124336644
130108062
135877205
142174462
147943590
153190805
158436560
163682457
169980060
175749260
181520590
187293008
193062160
61405137
61405357
61404137
61404204
61405509
61405588
61404296
61404997
61404872
61404722
61405471
61405745
61405798
61404624
61404845
61405725
61405867
61405882
61405990
61405992
61384663
66106316
70827597
76597945
81317991
87088552
92859371
98630394
104401437
110698403
116467635
122238852
128009296
134306382
140077137
145847112
151618824
157914950
163685057
169456781
175752742
181522345
187294045
193064541
61407749
61406571
61406868
61408249
61408697
61409003
61409099
61409513
61409714
61408685
61408997
61409098
61409944
61410129
61410136
61408816
61410121
61408936
61409384
61408882
66110747
71355445
77125755
82896438
88666785
94437553
100208410
105979510
111750694
118046820
123818220
129588326
135358755
141130299
146900574
153198056
157918098
163689704
169461661
175232125
181002493
186773480
192543813
61410703
61411245
61411489
61411695
61410287
61410517
61411600
61411764
61411782
61410592
61411234
61411162
61411074
61411802
61412054
61412189
61411882
61412126
61411151
61410649
66636866
71356971
76602574
82374742
88144000
93915173
99685958
105982930
111752814
117523206
123294692
129066309
134836419
140607963
146903996
152674950
158444894
164741050
170513165
176282313
182578340
188349196
194645386
61412541
61413068
61412366
61413978
61413958
61413854
61413988
61414075
61413508
61413278
61414175
61414419
61414506
61414314
61414571
61414624
61413925
61413479
61414617
61393186
66639270
72409642
78178679
83950567
89721451
95492427
101261755
107032898
112803965
119101051
124870179
130642904
136411997
142709347
148478819
154250290
160021760
164741877
170514211
176284197
182580299
188351155
194121939
61415954
61415065
61415075
61416424
61416094
61416403
61416413
61415257
61416251
61416580
61416510
61415942
61415598
61416443
61416722
61416721
61415366
61417418
61417763
61416150
65591725
71363448
77133744
82904544
88674528
94445528
100216424
105987656
111758792
117529184
123300641
129072753
134842313
140614689
146384001
151630299
157926417
163695617
169468785
175239105
181009569
186780841
192550841
61417652
61418481
61418738
61418817
61417433
61418687
61418901
61418006
61418124
61418026
61418225
61418455
61418124
61419480
61419368
61419514
61417978
61419465
61419653
61418131
66644266
72414643
78184990
83955769
89726622
95497693
101268074
107038125
112809196
118580519
124351228
130123657
135892766
141664347
147960386
153730917
159501367
165797548
171568462
177864441
183636645
189405738
195176203
61420892
61421286
61421069
61420065
61419857
61421257
61421503
61421586
61420608
61421831
61421961
61421890
61421549
61422871
61423291
61422089
61423076
61423355
61423561
61422679
66122848
71893091
77663486
83434286
89204880
94975615
100746296
106517806
112289933
118060408
123831688
129601842
135373432
141144976
145866216
151110893
156882592
162653183
168424946
174195314
180491440
186263584
192033989
61425302
61424545
61424812
61424265
61425211
61425308
61425412
61424195
61424634
61424362
61425494
61425569
61425788
61424952
61424773
61425579
61425843
61425953
61424540
61425820
61403860
66650083
72420453
78190699
83961585
89732337
95503281
101273699
107043451
112815152
118586600
124356517
130129101
135899565
141671061
146915892
152687455
158457871
164229613
170000613
175770933
181541141
187314365
193084877
61427234
61426997
61427095
61426184
61427004
61427146
61427084
61427041
61427205
61427528
61426107
61426557
61426162
61427552
61427690
61426563
61426499
61427515
61427612
61426776
61405666
66651791
72422044
77666564
83437371
88684186
93929337
99700417
105471699
111242859
117013457
122784471
128556007
134326991
140098879
145868999
151640695
157412439
163182871
168954783
174724030
180494494
186266455
192037094
61428578
61428552
61429332
61429627
61429714
61429428
61429715
61429745
61429033
61428435
61429638
61430063
61428858
61429773
61429905
61429957
61430040
61429982
61429249
61428568
66129314
70850579
75570688
81340885
87111568
92882383
98128702
103899975
109670804
115441919
121214295
126984679
132756071
138526487
143772398
150067177
155840199
161610662
167382561
173151794
178923410
184169761
190465951
196251272
61430913
61431148
61431336
61430566
61430270
61431286
61431466
61431433
61430251
61430527
61430023
61431534
61431587
61431066
61430751
61430287
61432050
61431035
61431838
61409328
66655613
71900127
77670381
82916855
88686760
94459133
99704255
105475397
111247925
117018285
122788490
128560163
134331525
139577264
144299867
149020938
154266920
160037386
165809000
171580952
177351344
183121824
188893968
194138634
61432745
61431570
61432013
61432212
61431667
61433350
61433026
61433154
61433301
61431953
61432337
61432049
61434177
61434309
61434431
61433816
61433530
61434325
61434655
61433095
66132656
71902773
77674388
83443956
88690754
93935964
99707050
105478149
111249474
117019902
122791248
128561577
134333080
140630265
146399537
152171256
157941531
164237657
170009633
175778689
181549067
187322596
193091731
61434630
61434910
61433606
61434039
61434833
61434938
61434992
61435269
61435133
61434400
61434503
61434244
61435116
61435483
61434490
61435314
61435507
61434121
61434751
61434038
66133986
71905721
77675889
82921042
88691175
94463601
100233323
106005705
111776889
117021648
122792875
128564203
134860329
140630745
146402289
152174089
157944433
163713678
169486777
174731467
181026451
186799793
192044480
196257167
61436924
61435746
61436089
61436116
61436326
61436227
61435878
61437057
61437197
61437375
61437383
61436107
61436415
61436265
61437246
61436608
61437477
61437404
61437630
61436053
66135766
71382486
76102669
81872980
87119185
92890042
98661392
104432673
110203804
115975124
121746460
127515640
133287057
139058718
144829341
150599376
156895726
162666372
168439237
174209605
179980005
185750854
191521180
61437349
61437732
61437633
61438398
61438547
61437347
61437440
61438571
61438778
61437395
61438883
61439070
61439865
61440304
61440081
61438892
61439637
61440229
61439649
61438685
66138238
71909802
77680186
83451127
89221962
94466830
100762233
106534621
112305799
118076247
123847639
129619061
135388207
141161015
146406821
151126799
156899916
162670368
168442248
174212742
179983158
185755336
191525718
61440382
61440391
61440349
61440037
61441517
61441566
61440402
61441677
61441560
61440724
61441669
61440444
61440823
61440851
61440510
61441721
61441280
61441930
61442085
61440772
61419568
66665768
71910323
77680688
83452627
88697665
94468394
100240328
106011398
111782354
117552994
123324364
129094647
134866208
140637770
145882535
151654170
157424599
163195201
168967001
174737597
180507895
186280005
192050634
61443086
61441984
61442194
61443474
61443208
61443176
61443529
61443035
61443251
61443212
61443332
61442158
61442418
61442210
61443234
61443382
61443502
61443475
61443498
61442672
61442089
66141483
71387204
77158690
82929575
88174143
93946232
99717199
105488431
111259543
117029965
122275689
128046132
133817370
139590141
145360533
151130948
156902749
162673165
167919460
174214252
179985989
185758133
191002791
196264600
61444364
61444521
61443695
61443676
61444591
61444711
61444743
61443518
61443969
61443646
61444742
61444772
61444959
61444932
61443683
61444443
61444203
61444352
61445172
61443591
65618040
70865488
76111268
81882700
87652128
92898723
98670870
104441982
110211950
115983615
121755049
127525530
132771118
138541493
144313212
150083381
155856503
161626857
167398893
173169301
178939743
184711909
190482253
196267605
61447493
61447595
61446834
61446452
61447591
61447843
61446660
61447543
61447736
61447891
61447095
61446967
61447703
61447939
61447911
61446706
61446992
61448059
61446493
66145992
71917335
77162052
82932881
88703422
94475316
99720457
106016127
111788568
117559105
123330432
128575442
134871002
139593434
144840552
150085384
155856928
161628494
167399377
173170979
178415643
184187755
189958207
196269313
61448906
61447609
61448201
61448401
61448286
61447837
61449115
61449215
61449278
61449369
61448063
61449402
61448600
61448304
61449979
61449486
61449665
61449675
61448679
61448177
66673037
71917768
77687939
83459979
89230774
94475443
99722249
104968467
110739635
116511289
121757080
127527251
133298617
139069099
144841905
150086592
156382859
162154467
167926489
173696899
178941595
185238243
191009857
196270716
61450492
61450615
61449866
61449545
61450588
61449788
61449680
61451019
61450805
61450726
61449494
61450754
61450839
61450342
61450070
61450739
61450983
61450175
61449859
61428340
66150079
71394559
77164844
82410724
88182397
93427695
99199967
104969861
110742213
116512687
122282847
128054527
133825837
139071647
144842220
150613829
156384287
162155877
167927887
173698309
178942975
185239647
191011327
196272061
61451884
61450640
61451394
61451130
61451365
61451162
61450826
61453421
61453459
61453799
61453780
61453601
61453725
61452848
61452704
61453736
61453185
61453910
61452775
61452403
66151604
71923042
77167647
82938568
88709893
93955122
99727322
105497282
111268530
117040120
122811555
128056255
133827506
139599167
145369424
150615354
155862496
161108394
166880503
172650866
178421226
184194610
189964954
195735426
61454506
61454798
61454680
61453830
61454678
61454882
61454938
61454954
61453768
61454335
61453961
61455129
61455157
61455189
61455178
61455202
61455217
61454420
61454140
61453832
66153134
71924504
77168976
82939837
88710373
94481175
99203112
104450695
109171997
113894038
119665550
124910088
130682677
136453086
141698901
147469455
153241060
159012717
164783061
170555148
175799937
181570133
187342537
193112997
61455866
61455160
61455237
61456136
61454815
61456432
61455371
61456083
61456196
61455145
61455559
61456364
61456592
61456615
61455860
61455487
61456724
61456701
61456767
61455334
61434117
66680246
71924957
77695077
83467095
89237637
94482595
100253767
106026039
111795965
117041873
122813211
128584831
134355027
139602029
145372795
151144107
156390255
162160519
167932525
173704187
178948773
184720893
190491165
196277908
61457484
61456570
61457547
61457442
61457882
61456649
61457192
61457072
61457749
61457875
61456701
61456722
61457105
61458113
61456923
61457077
61457244
61456823
61457488
61456750
66156163
71927522
77172199
82942789
88713371
94485316
99730485
105501636
111272859
117043310
122815939
128586361
133832190
140128069
145899807
151670177
157441924
163212275
168458558
174753491
180525236
186297243
192068711
61458077
61458985
61458244
61458384
61458213
61457995
61459091
61459204
61459292
61459455
61459347
61459985
61460899
61461092
61461247
61460009
61460433
61461140
61460254
61460475
61460419
61438741
66684876
71930563
77175472
82946082
88717218
94488461
100259394
105504941
111800509
117572311
123343636
129114973
134885389
140131358
146426249
152199288
157969704
163738967
169512217
175283435
181051790
186825185
192594477
61461560
61462729
61462385
61461232
61461403
61461219
61462394
61462475
61462654
61461879
61462550
61462780
61462748
61461456
61462744
61461837
61461661
61462048
61462048
61462776
61440271
66160702
71931081
77177024
82947862
88719019
94490074
100261066
105506716
111277593
116000117
121247846
127017309
132263018
138033364
143805941
149576698
155348415
161118909
166890932
172136748
177907213
183678399
189448418
195218996
61462763
61463685
61463824
61464105
61464082
61462909
61464005
61464198
61462914
61463588
61463564
61463463
61462999
61464239
61464432
61464405
61463591
61463181
61464333
61462969
66163386
71408144
77179550
82950364
88194826
93965927
99738148
105508062
110754751
116525094
122297796
127542415
133313878
139084228
144857088
150101622
155873428
161644054
167417044
173187447
178957804
184204407
190499238
195221872
61465083
61464461
61465370
61465436
61465456
61465742
61465723
61465806
61465795
61464613
61464946
61464602
61465721
61465869
61466024
61464759
61465126
61464852
61466087
61466068
61443410
66163702
71935178
77180041
82950770
88196435
93967423
99739838
105511209
110756850
116527854
122300268
128069588
133316627
139087760
144859684
150104653
156401122
162172837
167944941
173715382
178960157
185256864
191028484
196289290
61469129
61469039
61469024
61467954
61468130
61467501
61469090
61468709
61468796
61467681
61467931
61467672
61468824
61469005
61467725
61468117
61467909
61468976
61469030
61467695
66166814
71412668
77184024
82954788
88199212
93970276
99741214
104988126
110760270
116004926
121777582
127548007
132793518
138565086
143811118
149581502
155354950
161126599
166372798
172144494
177914919
183161174
188931585
194703391
61471751
61471818
61470673
61471902
61472078
61471422
61471181
61471144
61471320
61471373
61471413
61471533
61471830
61471632
61471640
61471840
61471752
61471512
61471603
61471560
61470951
66170053
71415991
77187393
82958143
87677998
92924632
98696929
103942283
109712749
114959599
120730971
126502525
131223511
136469774
142242343
148012773
153784547
159029363
164799676
170571743
176342303
182112589
187884795
193657487
61473160
61472659
61473981
61473871
61473845
61473814
61472507
61473721
61473897
61473001
61473142
61473277
61473071
61473087
61473522
61473346
61473463
61473597
61473738
61473319
61472812
66171876
71418048
77188008
82434056
87679848
93452148
99221912
104468788
110241018
115485702
121258286
127028711
132274363
138044852
143292060
149062450
154835328
160605686
165850414
171623784
177394085
182638677
188410965
194182557
61475111
61475132
61473795
61474873
61475115
61475294
61475371
61475555
61474581
61474701
61474706
61474605
61474277
61475973
61475757
61475530
61475613
61475600
61475750
61475870
61453104
66699068
71943760
77189471
82960435
88205821
93978059
99223261
104994733
110766819
116011685
121784206
127553287
132276781
137521511
143294213
149064579
154310725
160082239
165327053
171098973
176870493
182640902
187887223
193659086
61476411
61476483
61475547
61475601
61475516
61475420
61476537
61476655
61476797
61476909
61475625
61476025
61477140
61476081
61476113
61477279
61476994
61477130
61477221
61475980
61475728
66176210
71422106
76666538
82438145
88208748
93454015
99226335
104997479
110242839
116013671
121260079
127030463
132803135
138573538
143819353
149591055
155362759
161133168
166379367
172149657
177921466
183694327
188938111
194708599
61476814
61477147
61477532
61477361
61477143
61477442
61477468
61477674
61477436
61477476
61477449
61477366
61477406
61478329
61478367
61478503
61478570
61478534
61477657
61477478
61456016
66176323
71947825
77192779
82963385
88734529
93979773
99752049
105521957
110769763
115489869
120736715
126507121
132279718
137524461
143295939
149067588
154313525
160083859
165855707
171105003
176350915
181595731
187367849
193139387
61480423
61480260
61480384
61481494
61481685
61481864
61480580
61480972
61480940
61481152
61481067
61481811
61481967
61480739
61482230
61480990
61480798
61482030
61482017
61482314
61460496
65655225
70901234
76671408
82442898
87687922
93460136
99231050
104476500
110247680
115493572
121789476
127561084
133332466
138577268
144349908
149594578
155366274
161138002
166384188
172155818
177926172
183172018
188418364
193139748
61483278
61483081
61483215
61482042
61482340
61482174
61483155
61483303
61483388
61482257
61482531
61482579
61482814
61482699
61482363
61483502
61483591
61483727
61483759
61482475
61460952
66181401
71952788
77197742
82969310
88214075
93986103
99231577
105002374
110774726
116019406
121792060
127561206
132808094
138579692
143825446
149597118
155368828
160613486
166384369
172157076
177926294
183173878
188944230
194716054
61484380
61483210
61484021
61484533
61484578
61484642
61484599
61484639
61484722
61484762
61484815
61485004
61484033
61484030
61483751
61484818
61484907
61485078
61483794
61483919
61483735
66183974
71428655
77199966
82970769
88740880
93986178
99757088
105529627
111300768
117071235
122316794
128087360
133859871
139631384
145401786
151172202
156944033
162188664
168485235
174256857
180027208
185799193
191569864
61484678
61484948
61485354
61484770
61485866
61486051
61484869
61485162
61484815
61485963
61486103
61486239
61485014
61485699
61485582
61485467
61485139
61486353
61486374
61486334
61485037
66185453
71430061
77201425
82972169
88217769
92939783
98184835
103956146
109727659
114973539
120744715
126516105
131761723
137532108
143304979
149075411
154847105
160617521
165862161
171635409
177405545
183176244
188948388
194718835
61485946
61486359
61486660
61486836
61486614
61486451
61486326
61487422
61487511
61487602
61487663
61487599
61486929
61487070
61487096
61487136
61487016
61487176
61487280
61487304
61486514
66186849
71431674
77203110
82973804
88218200
93990521
99235849
105007015
110779396
116549877
121795367
127565727
133338349
138583007
144354901
150126328
155898032
161668389
166389693
171635959
177406317
183177960
188950104
194194951
61488925
61488798
61487483
61488842
61488252
61488244
61488132
61488308
61488289
61488247
61487796
61487777
61487665
61488969
61489060
61489623
61489116
61489264
61489296
61489373
61466723
66186990
71958531
77204381
82975190
88219407
93991721
99239299
105011667
110256907
116028689
121274531
127044843
132817329
138061903
143834699
149603923
155376875
160621677
166393273
171639363
177409723
183181385
188427789
194198273
61491023
61492189
61492317
61492718
61491496
61491901
61492041
61492027
61492222
61492046
61491939
61491531
61492750
61492839
61492967
61491718
61493150
61491862
61491942
61492033
61471346
65665828
70913401
76683575
82453753
87699959
92945438
98716294
104487585
109734292
115504863
121277731
127048060
132293654
138064243
143837894
149606339
154853618
160624155
166394705
172166440
177412417
183183638
188955070
194726809
61495057
61495048
61495151
61493740
61494973
61494978
61493994
61494299
61493934
61494014
61493938
61493453
61494770
61494993
61494974
61493800
61494053
61493679
61495450
61495075
61472432
66192877
70914146
76685632
81929992
87702016
92947203
98718211
104490713
110261760
115506488
121278299
127048251
132820880
138591289
143837056
149608728
155380208
161151745
166396112
172167512
177937904
183184360
188956307
194727592
61495608
61496040
61495949
61496060
61496113
61495126
61495158
61495550
61495334
61495369
61495697
61495788
61495150
61495390
61495452
61495590
61495732
61495734
61495694
61495777
61495088
66194458
71440230
77211681
82982366
88226726
93473165
98195029
103967454
109737870
114983518
120754797
126525142
132297686
138068102
142264741
148036470
153808158
159052981
164823149
170595238
176366822
181611421
187383734
193154126
61497766
61497368
61497491
61497545
61496369
61496188
61496113
61496269
61496242
61497482
61497571
61497619
61497761
61497736
61497781
61497931
61498102
61497952
61497888
61497920
61496831
61496919
61496606
65671180
70916889
76688405
81933029
87704782
92950405
98722243
103967597
109738021
114984909
120755966
126527635
131773397
137544899
143315261
148561069
154334125
159578782
165350470
171122301
176366965
182137525
187910683
193680062
61498757
61498876
61498835
61498885
61499040
61498953
61497857
61498983
61499064
61499176
61497994
61498076
61498722
61498404
61497932
61499636
61498739
61499491
61499530
61498225
61477658
66197119
71968697
77213309
82983933
88755436
94000675
99771679
105542839
110789501
116559965
121806822
127577198
132825190
138069990
143842724
149611963
154859191
160629765
166400037
172172102
177943677
183715837
188960573
194730949
61499303
61499634
61499892
61499715
61499643
61499229
61501024
61500606
61500753
61500776
61499535
61500535
61500801
61501028
61500902
61500787
61500826
61500835
61501027
61500082
61479171
66198549
71444380
77216043
82986815
88231376
94003506
99248899
105019807
110791047
116563592
121808333
127578789
133350103
139121693
144367567
150138220
155911116
161681411
167453414
173223771
178994187
184240547
190013595
196324705
61504438
61504469
61503208
61503379
61503440
61503781
61503794
61503895
61503364
61504900
61505016
61504984
61504924
61503718
61504844
61504933
61505176
61503820
61504580
61503608
66203653
71448380
77218663
82464449
88235374
94007254
99252462
105023798
110270286
115517324
120763086
126534606
131780217
137550564
143322166
149093839
154865534
160635956
166406430
171652742
176899694
182144345
187916751
193686902
61505584
61505833
61504623
61505002
61505130
61504814
61505012
61504900
61504810
61504783
61506125
61506106
61506440
61506366
61506449
61505165
61506597
61505490
61505831
61505565
61505049
66205472
71450188
77221546
82991085
88762445
94007787
99780179
105551197
111322433
116566989
122338390
128110153
133881357
139652984
145423405
150668063
156439875
162210501
167983189
173753829
179524304
184770842
189492074
195263565
61506586
61506044
61507349
61507581
61506695
61506284
61506693
61507701
61507851
61507632
61506691
61507358
61506544
61507734
61508238
61507747
61507822
61508137
61507975
61506597
66205602
71451510
77222958
82467962
88239368
93484737
99255609
104502056
110273309
116045022
121291030
127061052
132307897
138078468
143325329
149095707
154867476
160639119
165883841
171657071
177426134
183197777
188444175
194214810
61508615
61508681
61508700
61508761
61507766
61507784
61507671
61507610
61507621
61508874
61509429
61509074
61508269
61509273
61509211
61509341
61508165
61509197
61509170
61509202
61507956
66207012
71452858
77223055
82468636
88240588
93486108
99258229
105029298
110274658
116045340
121292149
127062474
132834948
138079605
143851506
149622796
155394637
160639170
166409580
172182589
177951978
183199556
188969908
194741803
61510132
61508957
61509370
61509652
61509293
61510281
61510495
61509431
61509430
61510454
61510669
61510757
61509422
61509614
61510150
61509769
61510670
61510818
61510954
61509329
65683864
70930062
76699906
81945566
87717589
92439410
97684852
102931180
108702586
114474010
120245372
126015794
131261418
137031868
142803378
148573924
154345844
160116076
165886324
172183962
177954372
183200764
188971362
194742939
61510044
61511368
61510657
61510716
61510675
61510296
61510264
61511475
61511682
61511767
61511740
61511700
61510947
61510920
61511003
61510675
61510592
61510624
61510635
61511926
61510562
66209986
71455782
77227204
82997948
88242372
94013778
99259804
105031013
110803448
116573850
121819474
127591170
133362490
139132834
144378660
150149114
155920850
161166706
166414146
171135524
176906978
182677394
187923786
193694344
61512063
61512794
61513010
61513049
61511918
61513257
61513427
61512779
61512806
61512678
61512675
61512707
61512832
61512880
61512971
61512688
61512347
61513971
61513952
61513707
61491023
66737245
71981678
77227617
82998570
88769864
94015181
99787312
105558430
110803876
116574268
122346940
128117496
133888676
139134492
144904884
150677493
156448431
162218853
167990732
173761207
179005964
185302492
191074224
196334965
61514512
61513270
61513518
61514087
61513900
61513816
61513446
61514643
61514659
61514776
61517743
61517748
61517831
61517943
61517967
61518042
61518006
61516851
61516638
61516556
65690869
70938271
76708459
81953155
87724850
92970050
98741358
104513516
110284687
115529356
121302071
127072431
132317942
137040455
142286495
148056638
153829572
159074198
164845876
170617820
176388295
181632900
187406318
193175540
61518555
61517989
61518845
61518980
61519127
61519011
61519109
61519125
61519165
61518240
61518344
61518527
61518079
61518025
61518108
61517873
61519185
61519681
61519241
61519338
61518035
66217135
71462849
77234406
82479369
88250811
93495905
99267017
104513593
110284833
116056487
121302073
127072439
132843809
138089593
143336987
149107377
154878929
160650650
166420999
171667227
177437801
183209177
188455593
194227305
61518902
61520265
61519118
61520134
61520185
61520444
61520475
61519728
61519925
61519696
61520439
61520603
61520715
61519474
61520775
61520930
61519858
61519927
61519631
61521223
61498289
66218625
71990107
77234995
83006643
88251340
93497577
98745121
103990964
109762151
115007687
120780169
126024713
131797463
137042089
142813652
148585255
153831257
159601636
165373439
171146154
176389921
182160681
187407913
193702953
61521633
61521657
61521613
61520835
61520897
61521012
61520905
61520749
61520680
61521869
61521901
61521982
61522118
61522184
61521133
61521482
61521040
61522337
61522366
61522393
61520876
65695443
70941565
76711487
82482931
87728111
93500183
98745437
104516929
110289109
116059525
121305243
127075513
132847275
138618603
143864425
149634881
155406927
161178175
166424427
172195175
177966479
183738633
189508753
195279495
61522317
61522325
61522098
61522927
61523163
61523361
61522187
61522710
61522477
61522317
61523325
61523400
61523546
61523580
61523649
61523791
61523772
61522440
61522571
61522939
61501108
66747104
71991863
77763294
83008211
88779683
94025059
99271363
105042635
110289107
115536227
120781923
126553371
131799139
137044795
142291939
148063531
153835219
159079963
164850491
170622299
176393955
182164364
187410843
193181323
61524268
61524353
61524376
61524590
61524804
61523558
61524779
61524993
61524902
61525072
61525163
61524155
61524195
61524013
61523888
61525515
61525113
61525268
61525241
61525205
61523815
66224177
71468837
77240121
83010936
88255313
94027599
99272964
105044131
110815515
116586839
122358221
127603031
133374159
139145103
144916618
150687936
155933815
161704151
167477463
173247813
178492623
184264591
188987037
194233077
61525869
61526081
61526070
61526131
61524898
61526214
61526428
61525407
61525785
61525382
61526262
61526587
61526530
61525399
61525684
61525454
61526486
61526650
61526711
61525763
61503955
66225642
71471149
76715875
82486228
87732283
93504658
98749781
104521259
110293353
115538095
121310679
127081111
132852494
138097129
143868687
149640435
155412290
160656817
166427953
172199089
177969625
182690841
188464225
193708967
61526724
61526259
61527289
61526738
61527566
61527619
61527694
61527820
61526587
61526949
61527010
61526946
61528013
61527365
61527024
61527125
61526840
61527893
61527917
61528472
61526644
66226953
71471703
77243126
82487765
88259566
93504693
99276947
105048075
110819259
116063987
121835281
127607116
133378385
138622971
144394825
150165345
155938065
161708347
166954617
172725522
177970881
184267604
190039161
195283915
61527633
61528913
61528993
61529043
61527955
61529081
61529244
61529276
61529278
61527989
61528704
61528664
61528210
61527949
61529253
61531963
61532876
61532916
61531722
61531364
66231730
71477619
76722051
82492689
88264251
92984951
98231431
104004601
109774216
115019791
120791109
126562725
132333039
138104669
143876360
149120993
154893049
160664556
166434179
172206902
177977411
183749614
188994227
195289326
61533202
61532723
61533742
61533683
61533688
61532534
61533658
61533967
61534151
61534088
61532984
61533892
61534093
61534146
61534229
61534316
61533604
61533542
61533567
61532864
66232310
71477708
77249386
83020265
88264640
94036997
99282127
105053283
110825951
116596466
121842098
127613735
133385005
139155480
144401315
150171940
155944823
161715124
166961388
172207362
177453018
182699077
188472194
194242765
61534329
61535288
61535292
61535314
61535422
61535423
61535470
61534577
61534969
61534857
61534881
61534907
61534848
61534611
61534627
61534667
61534504
61534435
61534467
61535750
61534329
66233910
71480615
77249660
82495871
88266037
94038255
99283586
105054735
110827015
116071796
121843329
127614815
133386116
138630751
144402373
149648213
155944548
161190375
166962653
172733971
177978703
183750959
189522335
195292847
61535589
61535738
61535868
61535859
61535685
61535573
61535581
61535558
61535874
61535842
61536031
61535986
61535818
61536551
61536234
61535834
61537053
61537217
61537168
61537286
61514520
66236025
71482020
77251032
82497179
88268579
93513877
99285918
105056043
110828591
116598875
122370375
127615067
133386326
139157091
144928518
150698726
156470475
162242174
168014147
173784615
179554907
185327175
190571891
196358308
61538028
61538032
61538314
61538158
61538007
61537082
61536959
61538219
61538369
61538446
61538462
61538426
61537586
61537111
61538629
61538606
61538603
61537381
61538173
61537217
66237579
70957605
76203662
81449204
87220912
92466208
98238541
103484045
109255534
114500901
120273595
125518181
131289813
137059933
142307077
148078691
153324716
159096251
164866676
170112875
175883227
181654937
187425811
192671828
61538527
61538203
61539321
61539401
61539467
61539782
61539822
61539833
61539822
61538538
61539912
61538698
61539714
61539886
61539998
61538690
61539544
61539354
61539159
61538789
61538641
66237731
71483411
77253772
82499827
88272159
93516553
99287671
105060031
110305399
116600458
122372975
128143456
133914767
139160583
144931557
150178055
154899399
160669914
166441536
172213487
177458151
183229242
189000695
194772375
61540809
61540025
61539717
61541115
61541121
61541132
61541112
61540016
61541010
61541160
61541213
61540332
61540647
61540476
61539983
61541330
61541376
61541619
61541579
61540070
66240272
71484852
77256471
83027215
88271591
94043943
99289322
105060295
110831626
116603183
122374487
127619170
133390503
139161447
144932559
150704143
155950362
161721791
167493859
173264151
178508815
184282167
190052527
195822999
61542541
61542138
61542432
61541498
61542322
61542354
61541234
61542410
61542595
61542721
61542698
61541914
61542050
61541703
61542642
61542857
61543025
61541906
61541821
61541457
66240679
72012094
77257171
83028892
88273173
94044243
99290809
105586442
110308717
116080217
121325744
127096312
132867493
138639083
144410768
149655333
155427168
161197669
166969893
172741205
178511531
184282536
190054091
195824557
61543493
61542348
61542624
61543879
61544066
61542790
61543382
61543256
61543192
61542792
61544262
61544204
61544177
61544256
61543096
61544068
61544189
61544344
61544300
61542859
65717227
70438769
75684472
81455832
86701072
92472962
97718294
103490510
108735385
114506622
120279022
126049431
131294990
137066614
142838268
148608606
154380431
160150782
165395953
171167374
176939030
182709511
188481590
193726561
61544850
61544970
61543876
61544255
61544436
61545137
61545403
61545464
61545444
61544367
61545340
61545539
61545592
61545556
61545009
61544943
61544844
61544428
61546111
61544232
66243445
71489199
77260795
83031553
88801663
94046835
99819171
105590345
111365257
117135659
122381427
128152929
133923029
138645497
143892595
149137337
154910123
159630361
165400645
170648187
176418473
181664267
187436361
193208185
61550070
61550186
61550335
61550280
61549192
61549373
61550324
61550488
61550600
61550773
61549687
61549855
61549519
61550658
61550747
61550875
61549879
61549650
61551298
61550915
61528245
66248747
72020218
77264797
83036811
88281307
94054300
99299923
105071051
110842228
116086891
121858315
127628643
132875483
138647123
144418683
150187883
155960835
161205643
166978739
172749083
177993699
183766171
189538356
195306779
61551195
61550943
61550952
61551782
61551865
61551829
61550901
61551112
61550464
61552243
61552016
61552129
61552203
61552154
61551203
61552133
61551692
61552401
61552382
61551012
61529640
66775741
72020530
77791794
83036892
88807064
94579300
99824678
105597841
111368072
116612814
122384126
128155758
133925942
139172964
144943386
150715042
155961071
161731416
167504672
172749344
178519672
184293150
189537700
195308588
61552748
61551967
61552013
61553409
61552430
61552635
61552659
61552587
61552246
61553414
61553519
61553523
61552435
61552594
61552373
61553970
61553638
61552509
61553789
61552861
61531129
66251536
72023019
77268803
83039606
88284109
94056131
99301475
105073779
110319133
116089555
121862147
127631365
132878187
138648798
144421548
149666318
155437883
161209475
166981419
172751829
177996657
183768637
189539037
195310795
61553772
61553797
61553549
61553496
61554653
61554774
61554993
61554936
61553797
61554746
61554918
61555065
61553781
61554584
61554552
61554098
61555096
61555067
61555238
61553729
66252848
71498724
77270158
82515202
88285757
93532045
99302999
105073967
110846477
116616655
121338861
126583887
132355405
138126765
143897127
149668747
155440495
161210917
166982927
172227743
177997983
183770271
189540887
195311133
61554900
61556404
61556154
61556309
61555278
61555142
61556115
61556300
61556332
61556313
61556513
61556430
61556454
61556486
61556501
61555797
61555981
61555786
61555661
61555145
66255583
71500095
77270378
82516462
88286780
93533460
99305581
105076687
110847864
116092527
121864126
127635679
133406969
139177378
144949010
150719361
155965535
161735769
167507949
173278149
179049885
184296179
190592574
196377804
61557481
61556277
61557284
61557528
61557647
61556312
61556912
61556885
61556504
61557779
61557790
61557924
61557888
61556741
61557716
61557724
61557341
61557845
61557989
61556480
66255565
71501298
77272942
83043697
88288363
94060401
99307746
105077977
110849167
116619647
121865271
127635831
133406975
139177385
144950329
150719498
155966569
161737073
167509233
173279929
179051234
184297647
190067881
196379074
61558770
61558806
61558398
61558270
61558331
61558246
61558931
61559071
61559177
61559217
61557992
61558451
61558176
61558013
61559181
61559405
61559598
61559405
61559480
61557996
66258292
71504118
77273152
82519331
88290816
93536131
99308248
105079146
110324867
116095562
121342155
127112498
132883773
137606403
142852354
148623803
153869770
159641451
164885978
170658418
176429592
181674250
187447680
193217834
61560007
61560082
61560282
61560396
61560349
61560347
61559487
61560402
61560464
61560619
61560651
61559410
61559501
61560692
61560213
61560130
61559711
61560773
61560768
61560947
61538173
66784196
72028680
77800284
83045332
88815554
94062026
99833066
105605410
111376538
117147077
122918394
128163058
133934474
139706058
145477634
151248109
156494052
162264514
168036402
173808130
179578474
184824860
190596717
196381869
61561518
61561825
61561683
61561829
61561806
61561961
61560787
61561421
61561440
61561109
61561909
61562057
61562236
61562260
61562165
61561077
61562109
61562300
61562353
61560852
66260036
71506001
77277369
83048166
87769190
93015649
98260821
104032339
109803707
115574835
121346203
127116619
132887995
138132541
144428821
150200435
155972195
161742611
167514627
172759293
179054237
184827579
190597995
196383371
61562955
61563175
61563295
61562011
61563237
61562224
61562720
61562315
61563747
61563452
61563492
61563405
61562360
61563472
61563604
61562365
61563526
61563681
61563785
61562327
66262617
71507334
77278632
83049410
88294056
94066209
99311696
105082667
110854910
116625318
122396694
127641576
133412656
139183121
144954766
150725246
156497862
162267304
167514760
173285320
179056846
184828894
190598208
196384751
61564351
61563010
61564380
61563959
61568125
61568194
61568060
61567943
61568234
61568405
61567972
61568946
61569094
61569139
61567922
61568082
61569090
61569254
61569307
61567747
65742321
70988131
76758190
82529764
87774991
93547073
98792286
104563627
110335851
116106265
120828170
126073000
131845682
136565632
142338547
148108969
153354971
159125432
164896974
170668984
176439322
181683992
187457416
193226554
61569922
61569250
61569106
61570114
61570028
61570242
61570340
61569094
61570315
61570491
61569435
61569814
61569723
61569891
61569552
61570411
61570532
61570636
61570855
61570734
61547948
66268388
72039940
77284683
83055593
88826737
94071840
99318280
105614099
111386416
117156961
122928272
128172995
133944358
139716267
145487518
151257928
157030585
162274504
168046427
173816774
179588352
185360561
190605216
196391694
61571402
61571447
61571427
61571626
61571690
61571866
61571877
61571819
61570942
61571104
61571160
61571149
61571069
61570792
61571947
61572012
61572212
61572252
61572220
61570668
65745225
70991171
76761155
82532663
87777825
93550708
98795189
104567411
109812837
115583461
121355907
127127164
132372041
138142321
143389371
149685513
154931606
160701933
166474474
172244396
178016010
182736093
187983743
194278708
61572722
61572807
61573093
61572513
61572484
61571899
61573054
61573245
61573255
61572089
61572505
61573332
61573276
61573546
61573498
61573644
61573533
61573594
61573673
61572219
66271266
71517006
77288482
83059232
88303590
94075966
99321096
105092504
110863474
116635194
122406504
127651383
133422652
139194172
144965738
150736154
155982314
161752698
167525824
172770410
178540803
184314256
190083376
195855016
61572978
61574260
61574309
61574525
61574447
61574640
61574672
61574720
61573481
61573574
61574700
61574746
61574807
61574962
61574998
61573993
61574283
61574046
61573646
61573541
65748047
70994277
76765067
82009833
87780521
93027079
98797903
104044778
109291639
114537010
120308368
126080103
131851407
137096039
142867874
148638097
154411031
159655695
165427389
171199357
176443937
182214346
187988605
193232415
61575555
61575674
61574513
61574649
61576284
61575985
61574673
61575790
61576064
61576117
61576157
61576107
61575518
61575574
61575147
61576040
61576231
61576426
61576356
61576507
61553724
66799774
72044300
77290158
83061094
88832308
94077707
99849868
105621097
111392258
117162797
122934070
128704559
133950348
139721741
145492042
151262589
157034378
162804738
168578053
173823821
178543834
183266397
187988066
193759805
61577145
61577194
61577272
61575995
61577130
61577232
61577346
61577378
61576601
61576720
61576554
61576213
61577397
61577537
61577700
61577673
61577646
61577839
61577769
61577873
61556028
66801189
72045912
77817155
83586927
88833062
94605050
99850370
105622624
111393766
117164254
122409892
128180348
133952012
139724404
144969132
150739692
156512588
162282948
168054892
173825308
179069972
184843396
190612516
196399060
61578684
61578625
61578756
61578753
61577520
61578069
61578173
61577957
61577514
61579205
61578905
61578862
61578952
61578992
61579117
61577828
61577828
61577847
61579066
61577761
66276935
72048413
77293128
83063649
88835962
94080513
99852585
105622505
111394881
117165426
122936737
128707218
133953001
139724273
145495010
151265153
157036985
162282849
168054809
173825441
179595986
185369026
190613609
196400218
61580028
61580124
61579151
61579394
61579263
61580058
61580302
61580347
61579279
61579050
61580407
61580272
61580558
61580442
61579628
61580091
61579439
61580434
61580574
61557963
66803924
72048410
77818728
83589622
88835549
94081734
99328282
105099470
110871692
116116557
120838620
126085714
131857018
137101994
142873298
148644658
154416707
160187058
165432010
171203714
176974274
182744554
188517866
193762778
61580274
61581188
61581349
61581557
61581487
61581680
61580382
61581683
61580886
61581070
61580987
61580786
61581594
61581817
61581921
61581869
61580832
61581805
61581937
61582124
61559468
66805737
72051379
77295923
83066953
88838097
94083343
99329819
105625594
111397990
117168405
122939775
128710197
133955967
139727383
145497781
151268263
157041197
162285823
168059101
173303831
179074117
184847405
190616719
196403197
61582718
61582828
61582982
61582413
61582416
61581973
61582424
61582194
61581650
61583040
61583249
61583511
61583258
61582133
61583100
61583299
61583419
61583472
61583538
61581974
66281102
72052613
77297177
83069239
88839402
94084779
99856857
105626771
111399218
116643875
122415395
128185657
133958257
139729763
144974491
150745116
156517001
162288297
168060323
173304915
179075540
184848409
190619273
196404425
61584269
61583045
61583554
61583570
61583191
61584314
61584478
61584721
61583314
61584602
61583449
61584559
61584691
61584760
61584856
61585010
61584111
61584047
61583452
61562221
66807203
72578637
77823456
83595370
89366134
94610869
100383109
105628634
111399701
117170332
122416922
128187242
133959981
139731440
144976221
150746716
156523403
162294699
168066666
173837069
179607432
185379635
190624476
196410833
61590460
61590470
61590544
61590591
61589366
61589893
61590085
61589719
61590557
61590801
61590846
61589850
61590685
61590825
61590937
61590893
61590168
61590330
61590021
61606710
66306012
72076654
77323634
83095144
88338811
94109873
99356505
105127585
110898833
116670281
121915891
127686361
133457681
139229265
145000897
150771313
156017489
161787857
167560905
173331321
178575971
184348169
190118505
195890232
61607811
61609237
61608334
61608371
61609999
61610004
61610167
61610244
61610442
61610478
61609624
61609803
61609600
61609128
61610454
61609986
61610682
61610837
61610771
61609381
66308980
72080576
77325372
83097270
88341846
94113940
99360454
105131510
110376952
116148598
121394606
127164622
132411400
138181814
143953408
149199422
154446448
159692190
165462974
170710070
176481726
181726630
187499758
192744590
61611863
61611493
61610984
61612393
61612591
61611793
61612597
61612795
61612789
61611991
61611905
61612649
61612887
61612073
61611776
61612733
61612366
61613009
61612982
61611752
66312272
71557026
76802733
82574210
87819111
93065815
98836639
104608983
109854119
115100335
120871681
126642303
132414649
137659313
143432193
149202503
154448497
160218863
165464791
171236911
177007183
182778767
188025169
193795711
61614161
61613130
61614051
61614258
61614244
61613093
61614351
61613100
61614460
61613590
61613606
61614334
61614562
61614776
61614802
61613423
61614519
61614731
61613452
61613385
66312797
71558436
77328943
83100841
88345125
94117581
99362757
105134085
110905203
116150989
121922381
127692941
133464187
139235843
144481725
150252037
156023798
161795371
167566189
173337803
178582461
184354574
190126235
195895606
61614425
61615697
61615870
61615859
61615906
61614740
61615044
61614975
61614740
61615988
61616144
61616221
61616347
61614958
61615123
61615849
61615011
61616430
61616546
61615083
66315373
71560938
76805653
82051382
87823428
93068628
98840928
104086461
109856811
115103357
120874993
126646375
131891951
137663704
143434007
148679815
154452936
159697607
165469216
171241184
177012360
182781944
188028271
193798888
61616349
61617379
61617484
61617545
61617577
61617600
61616958
61616811
61616907
61616758
61617558
61617058
61617797
61617850
61616617
61616713
61617801
61617957
61617967
61617926
61595431
66841489
72087572
77332540
83104180
88348796
93594996
99367284
105139237
110383988
116155500
121401204
127171582
132942756
138714484
143961450
149205982
154979122
160223702
165995418
171766094
177012100
182783620
188029964
193800508
61619055
61619053
61618008
61618978
61619206
61619187
61619250
61618025
61618425
61618305
61618641
61618728
61618761
61618830
61618627
61618392
61618467
61618283
61619445
61619477
61618298
66318532
71564286
76808692
82580331
87825351
93597536
99368485
104613989
110386270
115631317
121403461
126648125
132419709
137665565
143437093
149208613
154454549
160226254
165995405
171242733
177014389
182259197
188032405
193802861
61620568
61620372
61619146
61619510
61620786
61620499
61620654
61619523
61620575
61619714
61619613
61619536
61620551
61620691
61620768
61620958
61620815
61619802
61619986
61620544
61619639
65794019
71040229
76811761
82056435
87302379
93073468
98845638
104091105
109862611
115108089
120879415
126651122
131896655
137667080
143439946
148684604
153932010
159702117
165473907
170720258
176491666
182260832
187508368
193278936
61620735
61622328
61622057
61622109
61620919
61622080
61622165
61622252
61621562
61621404
61622126
61622400
61622512
61622514
61622470
61621345
61621161
61622452
61622759
61621516
61600241
66320588
72090989
77336786
83108730
88353110
94124245
99370728
105141952
110914110
116684598
121930222
127701975
132947384
138719054
143965128
149735277
154982605
160754010
165998709
171770709
177016523
182788148
188034579
193806303
61623386
61622387
61623715
61623772
61623744
61622845
61622773
61623683
61623868
61622560
61622653
61624149
61623876
61623937
61624062
61623371
61623290
61622842
61623922
61622743
66322023
72093454
77338462
83110158
88354401
94126756
99371827
105143076
110915465
116685943
121931614
127702955
133473388
139245001
144490868
150261196
156034251
161278838
167050961
172822538
178067368
183839165
189609629
195381323
61624288
61624058
61623616
61624807
61624882
61624971
61625158
61625082
61623841
61624105
61623983
61625580
61625336
61625397
61624871
61624708
61624404
61625249
61625472
61624145
66323403
72094966
77339859
83111515
88355936
94126952
99373454
105144460
110391068
115636964
121408373
127179973
132425740
138197124
143443316
149213741
154986397
160230876
166002628
171248828
177019252
182790836
188037228
193808789
61626327
61625227
61626271
61625947
61626496
61625263
61625914
61625719
61626610
61626621
61625503
61625596
61626569
61626734
61627055
61626941
61625860
61626071
61626044
61625569
66324896
72096480
77341040
83113004
88357530
94130470
99374918
105147286
110918398
116163112
121934414
127706126
133477518
138722096
144493886
150264142
156037126
161807558
167579502
172824152
178594726
184367934
190138380
195908780
61627902
61627841
61627043
61626589
61627872
61628098
61628014
61628150
61628233
61626917
61628352
61627725
61627512
61627480
61627538
61627482
61627120
61628333
61628406
61627132
66326348
72097868
77342490
83114496
88358896
94129936
99376376
105147518
110918814
116691255
121936126
127706358
132953327
138724919
143970812
149742387
154988210
160759925
166004474
171777754
177548173
182792778
188564930
193810945
61634670
61634746
61633807
61634047
61633675
61635142
61634784
61633669
61633829
61634959
61634928
61634929
61633945
61634401
61633977
61634915
61635087
61635255
61633958
61633883
66333183
72104538
77349227
83121161
88365541
94137882
99383090
105154266
110926714
116171356
121942658
127713130
133485762
139256106
145027738
150272388
156045442
161814562
167587818
173358162
179128578
184375122
190145372
196456490
61636188
61636014
61636193
61636276
61636378
61635730
61635526
61635544
61635779
61635835
61635720
61635651
61636438
61636529
61635384
61635579
61637016
61636668
61636817
61635464
66334904
72106154
77351061
83121541
88367116
94138615
99384671
105155823
110927023
116698661
121944307
127716003
133487323
139257667
144503571
150273958
156047098
161817378
167063522
172835234
178080044
183852162
189623733
195394259
61637910
61636939
61637016
61637082
61637301
61637274
61637068
61636942
61636825
61637972
61638113
61636858
61637004
61637963
61638162
61638175
61638460
61637112
61637576
61637002
66336545
72107981
77353777
83124437
88370160
93615438
99387679
105158807
110404175
116175895
121421903
127193159
132438598
138209135
143456151
149226646
154998615
160769927
166540407
171786647
177558175
182803191
188050342
193822199
61639516
61639509
61638289
61638437
61638353
61639414
61639562
61639674
61638390
61639793
61639158
61638774
61638798
61639126
61639027
61638504
61639853
61639966
61639947
61640173
61617478
66863463
72107964
77353918
83124647
88896128
94141583
99913567
105158943
110931368
116176175
121948624
127193223
132965847
138210439
143982055
149752447
154999863
160771304
166016111
171787879
177033671
182805392
188051863
193823576
61640816
61640868
61639987
61639562
61640722
61640907
61641070
61640962
61640442
61640324
61640516
61639774
61641117
61641266
61640198
61639897
61641134
61641255
61641287
61640458
61618875
66865003
72109668
77881028
83126212
88897483
94142943
99913817
105684907
110931547
116701953
122474655
128245027
134015159
139787915
145558407
150803049
156575300
162346521
168117241
173888825
179659233
184905631
190676099
196462577
61642353
61641055
61641438
61641659
61641744
61641218
61642365
61642435
61642619
61642562
61641568
61642482
61642683
61641458
61641986
61642026
61642703
61642816
61643102
61620470
66866466
72111255
77882539
83127690
88898170
94670130
99390812
105161940
110933482
116704794
122476234
127720972
133492324
139263842
145035410
150280060
156053106
161823474
167595410
172840284
178610482
184382588
190154210
195398980
61642855
61643636
61643775
61643742
61643816
61642591
61644218
61643923
61644032
61643138
61643279
61643134
61642814
61643918
61644103
61644135
61642953
61644174
61643129
61642934
66343383
71588351
77358351
82604274
88375890
93621074
99393466
105164522
110935706
116706186
121951796
127723506
133493586
139265242
145036802
150807218
156053378
161823604
167595770
173367226
179137642
184384186
190154412
196465554
61645016
61645106
61643932
61644244
61644329
61643851
61645277
61645254
61645255
61644159
61645175
61645376
61645399
61644457
61644858
61644847
61644964
61644815
61644348
61623974
66343746
72115099
77360993
83131769
88376408
93622606
99393558
104640326
110412614
115657294
121428606
126674486
132445846
138217502
143463462
149233854
155006710
160251302
166021766
171793694
177039574
182810118
188583351
193828422
61646654
61645268
61646996
61646637
61646658
61646770
61646831
61645929
61646121
61645905
61646714
61646813
61647019
61646932
61645844
61647356
61647116
61647101
61647168
61647382
61624764
66870759
72115594
77361355
83132470
88377652
94149963
99395250
105166306
110938672
116183360
121955025
127726468
132972033
138742580
144515124
150285721
156057468
161827825
167599900
172844551
178616152
183862610
189634143
194878863
61647223
61647392
61647548
61646894
61648105
61648268
61646984
61647144
61648620
61648400
61647110
61647475
61647619
61647233
61648363
61648540
61648741
61648739
61647499
61647400
66347717
71592190
77362463
82608627
88380251
93625414
99396374
105168740
110414181
116185810
121956053
127201909
132973434
138744818
143990666
149762338
155008333
160779938
166024976
171797835
177042405
182812792
188060363
193830891
61649416
61648333
61649365
61649545
61649649
61648696
61648946
61649053
61648460
61649858
61649856
61649859
61649823
61648727
61649751
61649864
61650019
61650055
61649156
61648700
66347827
72119426
77363996
83135978
88380304
93626834
99399048
105170176
110415824
116187296
121958616
127203424
132975832
138220464
143993280
149238088
155010880
160255504
166027184
171799104
177043754
182814120
188587552
194356786
61650048
61650850
61650982
61651088
61649847
61650599
61650567
61650201
61650009
61649889
61651123
61651279
61651434
61651474
61650182
61651462
61650491
61650646
61650379
61650131
61629034
66875092
72119683
77365454
83137555
88383067
93628269
98874960
104647174
109892120
115662980
120909989
126681596
131927263
137698808
143470384
148715199
154487984
159732960
165504216
170750416
176522072
181766976
187539064
193310544
61651276
61652853
61652381
61652605
61652688
61651465
61652556
61652682
61651457
61651971
61651974
61652659
61652764
61651611
61652054
61651838
61651675
61653417
61653066
61653162
61630667
66876873
72121689
77367272
83137832
88383483
94155777
99401386
105172522
110944538
116189345
121961858
127206385
132977718
138749361
143995257
149766922
155538626
160783449
166554881
171801233
177571689
183341846
188589601
194361121
61652733
61653748
61653846
61653974
61653984
61654080
61654087
61653303
61653263
61653999
61654112
61653010
61653103
61654585
61654220
61654316
61653083
61653886
61653939
61653072
66353199
71598190
77369613
83140538
88384957
94157274
99402463
105173524
110946778
116190828
121963274
127732428
132979202
138749668
144522546
149767356
155539020
161310458
166555852
172328290
178097516
183345157
189115588
194885964
61655478
61654888
61654159
61654703
61655535
61655659
61654259
61655419
61655524
61655695
61655705
61654826
61654930
61654858
61654754
61654498
61655652
61654636
61655724
61654537
66353700
72125356
77371207
83142000
88386453
94158563
99404187
105174969
110947374
116192037
121963557
127735115
133506449
139276852
145048470
150818835
156065001
161835227
167607395
173383595
179155179
184401603
190696648
196483126
61662794
61662734
61661993
61661926
61662664
61662820
61662859
61662910
61663026
61661564
61662853
61663083
61661785
61662537
61662382
61662297
61663041
61663256
61661985
61640747
66886853
72131778
77377290
82623518
88393639
93640119
99412333
105183461
110428893
116200599
121446377
127216487
132989270
138233743
144006659
149775797
155022999
160794638
166039325
171812526
177582835
183353344
188599663
194370175
61664192
61664429
61663664
61663624
61663242
61664130
61664294
61664347
61664498
61663116
61664284
61664375
61664436
61663232
61663834
61663978
61663348
61664538
61664731
61663289
66363758
71609626
76854290
82625672
87870674
93642834
98888023
104659229
110431575
115676447
121448885
127219376
132990643
138761110
144532736
149777281
154500071
160272363
165516449
171288175
177058719
182829063
188076567
193847393
61664124
61665406
61665561
61664709
61664957
61664391
61665479
61665632
61664407
61664596
61665614
61665850
61664515
61665195
61665070
61664987
61665235
61665326
61665097
61664699
66363924
71609886
77381279
83152143
88396510
94167685
99413918
105185118
110956238
116727978
121973590
127745278
133516671
139286956
144532822
150303158
156076228
161846572
167092982
172863325
178634900
184405766
189651846
195422142
61666035
61665929
61666794
61666973
61666964
61666046
61667060
61665865
61667150
61665889
61666947
61667199
61667333
61666307
61666577
61666470
61667206
61667391
61667364
61666032
66365286
71611131
77382602
83153490
88398053
94170299
99415477
105187797
110958973
116203687
121974975
127745512
133518029
138763869
144009757
149780413
155551837
161322325
167095491
172340149
178110489
183883915
189654325
195424831
61667558
61667401
61667254
61666924
61668301
61668435
61667204
61667289
61668313
61668739
61667281
61667788
61667857
61667961
61667826
61668590
61668775
61667542
61667688
61667434
66366565
71613686
76858536
81579530
86825562
92596594
98368622
103614184
109386448
114631000
120403670
125648334
131420934
136142126
141389254
146633822
152405590
157651368
163423086
168669246
174440918
179685504
185457662
190703822
196490022
61669625
61668448
61668824
61668979
61669134
61669254
61668468
61669749
61670110
61670015
61668847
61668727
61668941
61669994
61670075
61670203
61670227
61670403
61669085
61669018
65844484
71090691
76860848
82105467
87877304
93123826
98894752
104140115
109911790
115157378
120928722
126700170
132471611
137716210
143489122
149259251
154505418
160276186
165521770
171293602
177065323
182310066
188083218
193852538
61671158
61669855
61671109
61669913
61670073
61671561
61670524
61671319
61671359
61670427
61670611
61670825
61670638
61670577
61670291
61671438
61671592
61671545
61671673
61671654
61649159
66895127
72139715
77385501
83156296
88927667
94173109
99945196
105715101
110961725
116733462
121454405
126701572
132472926
137717475
143490395
149260731
154506699
160277449
165523133
171295059
177066579
182836933
188083317
193855053
61671321
61671462
61672485
61672618
61672642
61671446
61671825
61671910
61672603
61672707
61672311
61672941
61672943
61673026
61671667
61672027
61673054
61672942
61672972
61673274
61650656
66370919
72142519
77387540
83159121
88403489
94175721
99421277
105192455
110964559
116209209
121980497
127752215
133523529
138768193
144539761
150311393
156081961
161327817
167099905
172345673
178117375
183889385
189659807
195430313
61673380
61673177
61672625
61673988
61674117
61674149
61673212
61673004
61674545
61674178
61674274
61674471
61673644
61673564
61674249
61674450
61674466
61674547
61673481
61673278
66372582
71618605
77389945
83160709
88405119
94177431
99422751
105193769
110965223
116212095
120933033
126705471
131950201
137720663
143493519
149263951
155035639
160806055
165527415
171299311
176543961
182314255
188087759
193332433
61675602
61674535
61675344
61675435
61674290
61674812
61674761
61676012
61675776
61675855
61674420
61675741
61675839
61675097
61674987
61674235
61675156
61676004
61676043
61674763
66375004
71620878
76865606
82636804
87883004
93128613
98899286
104671592
108867171
114114923
118835960
124083027
129328867
135100308
140347336
146117828
151362355
157134395
162379963
168152091
173923611
179168419
184941216
190187339
194908836
61676838
61676959
61676867
61677035
61675989
61676389
61676173
61675890
61677029
61676419
61677150
61677282
61677162
61677177
61676126
61675862
61677123
61677271
61677334
61677366
61654871
66375235
72146842
77391567
83162500
88933637
94178876
99950261
105722325
111493453
116738116
122509493
128281197
134051244
139298252
145068948
150839221
156612125
162381284
167628740
173399300
179170885
184417364
190187532
196498790
61677602
61676889
61678136
61678327
61678398
61678524
61678635
61678498
61677765
61677716
61678460
61678600
61677647
61677844
61677364
61678596
61678891
61679011
61679031
61677564
66377020
72148339
77393316
83164940
88409300
94181612
99426820
105197948
110970372
116215059
121986460
127758100
133529492
139299908
145071468
150316067
156089100
161859236
167105683
172877364
178646451
183894179
189665692
194910531
61679804
61678983
61678938
61679258
61679028
61678593
61679739
61679887
61680009
61680024
61678863
61679922
61680129
61680203
61679252
61679623
61679063
61680340
61680330
61679041
65853586
71625054
76869617
82640160
87886123
93132608
97854393
103625632
108871504
114643056
120415320
125659863
131431277
137202976
142974560
148219303
153992224
159236919
165007295
170780480
176024999
181796645
187567519
193339296
61681609
61681073
61681224
61681330
61680246
61681123
61681288
61680092
61680332
61680537
61681488
61681401
61680804
61680851
61680550
61681532
61681535
61681639
61680622
61680262
61659265
66905267
72149794
77921139
83166171
88937571
94183042
99953867
105724962
110971730
116743379
122514683
127759434
133530658
139301051
145073699
150844339
156090434
161860626
167632763
172354026
177601083
182845683
188619067
193863723
61682443
61681454
61682419
61682655
61682619
61681966
61681902
61681574
61682726
61682839
61682795
61681606
61682939
61683018
61681801
61682435
61682318
61682305
61681918
61681948
66380974
71626786
77398491
83169316
88413948
93660149
99432420
105203548
110449131
116220636
121466372
127237828
132483531
138255116
143501380
149271324
155044252
160288995
166060324
171306683
177077236
182323155
188096372
193866884
61684121
61683123
61682815
61683846
61683326
61684145
61682796
61683151
61683311
61683626
61683535
61683399
61684170
61684326
61684320
61684386
61683175
61684273
61683335
61684372
61662162
66383682
71629665
77398641
82644647
87890505
93662703
98908161
104680303
109925375
115697439
121467553
126713393
132485007
138255209
143502287
149272633
155044416
160816058
166586546
171832825
177603009
183374741
189146766
194391532
61685467
61685455
61685509
61684345
61684715
61684734
61684106
61685453
61685602
61684833
61685406
61685636
61684360
61684910
61685190
61684480
61686115
61685681
61684638
61684555
66383761
71629711
76876511
82122173
87374061
93144692
98391207
104164440
109408351
115180669
120951989
126196791
131970096
137213909
142986725
148231455
154004029
159250125
164494727
170267997
175512655
181282959
186530687
192301069
61692735
61692529
61693324
61693514
61693580
61692239
61693006
61693715
61693802
61692916
61692839
61693596
61693709
61692540
61692860
61692508
61693943
61693984
61692759
61692743
66391960
72163313
77408357
83179924
88424700
93147486
98392693
104163966
109409725
115182253
120953529
126198185
131969477
137741129
143511557
148757472
153480947
158725987
164497519
169743727
175514125
181284503
186532231
192303847
61693918
61694902
61693879
61694007
61693447
61694336
61693722
61693874
61694890
61695200
61693895
61694236
61694412
61694305
61693964
61695326
61695319
61695415
61694486
61695254
61672969
66393254
72164934
77409478
83181380
88426017
94197828
99443668
105214458
110986863
116231663
122004183
127773343
133020145
138790494
144563318
149808222
155579806
160825556
166597206
171843564
177614001
183384236
189157550
194402364
61696277
61696439
61695110
61695702
61695531
61695641
61695316
61696587
61695834
61695417
61696892
61696720
61695415
61695559
61696532
61696805
61695433
61696177
61696073
61695626
65870167
71117259
76887602
82131918
87903878
93149236
98921398
104692510
109937993
115708750
121481073
127251425
133022881
137742889
143515737
149286102
155057857
160302481
166072929
171845073
177615617
183387009
188633481
194403833
61697587
61697752
61697848
61697775
61696536
61696920
61697069
61697085
61696613
61698061
61698038
61698238
61697135
61697924
61698168
61698257
61697553
61697460
61698137
61696950
65871754
70592921
76364525
81084459
86856208
92627208
97872448
103643984
109415272
115185256
120957824
126202488
131974216
137746329
143515872
148761728
154533424
160305217
165549848
171322984
177093328
182337992
188110048
193881928
61699045
61698022
61697766
61699180
61699293
61699332
61699422
61698066
61698575
61698543
61698564
61698135
61699634
61699476
61699580
61699651
61698427
61699580
61699657
61698828
61677208
66398777
71644675
76889011
82660535
87905413
93151941
98922987
104695329
109940739
115711505
121483890
127254185
132499953
137222346
142993857
148764338
154536098
159780577
165552385
171323113
177094697
181290177
187063642
192834089
61700994
61700064
61699445
61700705
61700833
61700851
61699567
61700961
61699764
61699500
61700914
61700970
61701154
61701235
61700400
61699955
61701480
61701252
61701209
61701368
61678732
66398843
72170287
77414831
83186879
88957056
94202378
99973271
105744490
110991055
116761815
122534087
127778890
134074714
139847423
145617968
150862842
156635538
161880274
167653335
172898069
178669704
184440570
189686375
195457311
61701275
61700810
61701194
61701378
61701410
61701108
61702039
61702165
61700940
61701092
61702647
61702352
61701170
61701388
61701542
61701054
61702286
61702458
61702562
61701179
66401643
71647573
76891965
82663513
87908327
93154862
98925883
104698387
109943739
115714283
121485650
126731530
132504064
137748866
143521568
149291928
154537930
160309600
165554330
171326322
177097848
182342434
188114690
193886304
61702257
61702584
61703332
61703415
61703594
61703459
61703440
61703572
61703665
61702475
61703235
61703189
61702903
61703762
61703859
61703896
61702879
61703888
61704051
61704142
61681602
66401910
72173550
77417991
83189978
88960135
94205428
99976570
105748883
111520083
116764698
122536467
128307755
133553242
139323803
144570810
150342347
155588314
161359947
166605266
172377851
178146938
183920339
189165154
194936467
61705053
61705032
61704240
61704229
61704413
61704269
61703911
61705036
61705194
61703953
61704099
61705285
61705286
61704005
61704797
61704629
61704549
61704221
61705317
61704210
66403344
71648872
77420449
83191177
88436865
93682001
99452976
104699488
110472025
115717905
120439040
126209377
131981921
137226553
142998545
148769857
154541545
160311961
165556776
171328552
177098969
182870401
188642769
193887616
61705344
61706152
61706490
61706403
61705730
61705701
61706327
61706488
61705257
61705409
61705369
61706516
61706756
61705596
61705553
61706636
61706682
61705548
61705993
61705494
66404762
71650916
77422222
82667348
88437455
94209693
99455261
105226117
110998469
116768949
122014717
127786269
133557293
138802325
144574989
149820037
155591397
161362981
166608365
172380885
178150023
183397607
189168381
194414301
61707758
61707630
61707705
61706581
61707031
61707478
61706713
61707995
61707979
61706725
61706939
61707946
61708027
61708278
61706973
61708143
61707647
61707725
61707322
61706967
66406284
71651822
77422083
82668214
88439754
93685341
99456063
104702639
110475068
115719736
121492408
127262805
133034189
138804533
144050431
149822037
155593741
160838399
166608893
171856407
177626671
183397077
189170389
194415143
61709028
61709090
61709186
61709251
61708461
61708464
61707992
61708700
61709358
61708227
61708613
61708085
61709376
61708942
61709505
61709582
61709665
61708432
61709019
61708338
65358075
70604425
76374620
81620452
87392100
92637483
98408491
103655077
109425557
115196766
120443747
126215115
131460877
136184054
141430213
146676209
152447854
157692656
162938283
168711572
174482004
179726419
185499851
190744995
196531114
61710487
61710511
61709887
61709743
61710521
61710706
61710687
61710770
61710777
61709881
61710662
61710767
61710981
61709705
61711070
61710150
61710158
61709752
61710955
61709725
66408958
71654574
77426238
83197101
88441595
94212592
99459027
105230357
111001352
116773131
122544435
127789245
133560445
139331389
145102648
150874091
156120067
161890365
167662787
173434075
178678733
184452072
190222475
195992888
61712178
61712156
61712094
61712064
61712132
61710976
61711940
61712176
61712333
61710878
61712321
61711401
61711734
61711521
61711545
61711073
61712370
61712554
61712454
61711131
66410506
72182628
77426816
83198468
88443042
94215202
99460338
105231882
109952730
115200674
120972066
126742482
132513786
137758388
143531290
149301722
154547668
160319026
165564362
171336186
177107498
182352148
188124290
193896026
61712266
61712239
61712106
61713324
61713253
61713387
61713536
61713516
61712745
61712799
61712153
61712882
61712479
61712556
61713580
61713760
61713733
61712745
61712590
61712665
61690168
65887085
70608457
75330967
80051188
84772476
90018649
95790897
101035497
106282083
112054561
117824913
123070523
128841161
134613553
140383907
146155529
151400179
157171889
162942417
168715593
174486025
180256369
186028527
191273224
196535210
61714935
61715035
61714053
61714292
61713870
61714865
61714911
61713766
61713926
61714993
61715103
61713872
61714330
61714506
61714170
61715130
61715227
61715331
61715406
61693743
66413136
72184759
77430342
83201433
88445916
94218160
99463728
105234512
110481047
115727400
121499616
126744287
132516832
137761464
143534280
148778951
154025968
159796367
165042224
170815480
176059984
181830455
187077991
192849792
61715575
61715444
61715265
61716391
61716309
61715076
61715428
61715212
61716321
61716612
61716501
61716586
61716728
61715495
61715844
61716100
61715897
61715548
61717164
61716872
61694390
66940439
72185369
77431052
83201673
88447209
94219586
99466034
105237090
110482457
116253010
121499961
127270130
133042746
138287489
144060194
149829353
155076505
160847042
166618690
171864858
177635266
183406946
188653202
193900410
61717631
61717766
61717926
61716599
61717857
61716874
61717743
61717890
61716657
61716926
61717297
61717110
61716886
61717294
61717355
61717590
61717366
61716987
61718091
61718390
61695789
66941913
72186704
77958028
83203137
88974564
94219738
99990750
105763188
111534316
116779022
122550420
127796447
133567532
139339194
144585004
149831062
155602647
161374234
166619614
172391935
178161369
183408953
189179361
194951063
61718993
61719252
61719356
61718080
61719417
61718532
61718363
61718856
61718552
61718368
61718184
61726832
61726858
61726483
61727099
61727117
61727200
61725924
61727129
61726275
61705531
66425273
72196756
77441371
83213355
88457643
94229939
99476443
105247630
110492866
116264659
121510357
127280418
133052331
138823702
144069386
149839907
155611955
161383195
166629453
172399787
178171499
183943363
189714003
195484574
61727401
61727313
61728043
61728104
61728253
61726998
61727099
61728230
61728351
61728425
61727446
61727570
61727170
61728810
61728568
61727292
61727444
61728476
61728683
61727364
66426585
72196856
77442789
83214805
88459295
94230188
99476613
105249045
110494548
116264852
121512077
127283333
132528853
138299268
143546535
149318053
154564084
160334359
165580224
171353421
176598223
182369701
188141805
193386759
61729550
61728909
61729669
61729753
61728390
61728718
61728633
61729700
61729683
61729756
61729833
61729980
61729881
61728656
61730051
61729139
61729264
61729456
61729488
61729266
61728783
66428206
72199483
77444107
83216109
88460613
94232786
99479222
105250428
110495798
116266276
121513062
127808006
133580588
139351004
145122636
150893052
156663582
162435204
167681454
172927318
178697670
184471092
190241436
195486182
61730867
61731100
61731015
61729761
61730840
61731058
61730990
61731145
61731253
61730319
61730364
61730254
61729955
61731166
61730623
61731252
61731458
61730174
61730342
61730096
66429502
72200868
77445470
83216219
88987547
94232795
100005183
105775038
111021663
116793319
122039086
127810703
133581951
138827863
144073678
149846127
155616999
160861622
166632359
171879486
177649990
183420263
189193423
194438342
61732358
61731119
61731610
61731601
61731478
61732263
61732521
61732700
61732554
61732645
61731490
61732557
61732793
61731477
61732322
61732087
61731946
61732098
61732767
61731580
66432031
71676551
77448149
83219022
88463506
94235643
99480963
105252187
111024468
116269011
122041652
127810811
133583444
139353860
144599675
150370068
156143124
161914316
167159827
172930172
178175947
184472619
190244292
195489011
61733432
61732515
61733100
61733830
61732987
61733784
61733924
61732733
61733288
61733333
61733470
61733208
61732947
61732768
61733449
61734324
61734267
61733179
61734203
61732965
66432032
72203702
77448748
83220163
88464725
94236891
99482049
105253308
111025652
116270382
122041724
127813372
133584787
138829510
144600996
150372701
156143134
161914774
167686770
173457158
179227653
184473860
190244370
196555593
61735231
61733965
61734281
61734307
61734547
61734544
61734688
61734557
61734157
61735374
61735502
61734498
61735405
61735547
61734322
61734693
61734802
61735530
61735694
61713220
66959332
72203933
77975315
83744843
88992572
94236996
99483500
105254513
110501127
116272895
121519439
126764322
132536954
137781487
143554391
149324746
154570767
159816673
165586975
170835535
176080476
181851912
187098153
192869855
61736095
61735750
61736434
61736683
61735458
61735537
61737009
61736730
61736784
61736037
61735816
61737240
61736888
61735641
61735903
61736876
61737032
61737120
61737033
61735769
66435037
71681025
77451096
82696759
87943089
93715324
98960543
104732924
109977975
115749975
120995591
126767204
132012807
137784383
143030143
148801927
154047879
159819444
165588711
170836073
176606383
182377175
188150167
193920455
61737774
61737734
61736595
61736934
61737088
61736677
61737752
61737800
61738035
61736706
61737026
61737229
61737132
61737028
61736916
61738039
61738128
61738264
61738347
61738443
61716129
66962185
72206673
77452578
83223694
88994629
94240087
100012151
105782069
111028837
116800486
122046093
127817597
133063189
138833509
144606453
149851031
155624085
161393541
167166325
172936853
178707197
184479341
189724229
195494383
61738053
61739314
61739595
61739609
61738348
61739541
61739567
61739003
61739117
61738592
61739536
61739584
61739819
61739813
61738658
61739690
61739787
61739885
61739020
61738569
66438023
72209458
77455191
83225913
88996103
94241503
100013687
105258977
111031333
116276050
122048627
127293329
133065908
138310398
144083334
149328077
155100917
160870069
166115925
171889254
177133925
182905542
188677558
193922205
61740938
61739891
61739688
61740705
61741098
61740973
61741040
61740247
61740161
61740889
61741133
61741237
61740262
61739918
61741265
61741226
61741354
61741398
61740563
61739984
66439467
72210829
77455623
83227407
88471825
94244128
99489557
105261718
110507157
116278806
121525638
127295998
132541437
138313214
143559109
148804773
154051981
159823590
165068141
170841518
176086189
181332326
187105318
192350085
61741200
61741528
61741451
61742289
61742322
61742409
61741162
61741711
61742479
61741326
61741723
61741763
61741939
61741760
61741851
61741456
61742654
61742729
61742884
61742856
61720320
66441955
71686756
77458114
83228871
88473289
94245533
99490663
105262266
111034303
116278881
122051621
127821989
133067551
138839205
144085165
149855621
155627173
161398757
166645007
172415477
178185693
183959149
189203751
194974309
61743657
61742279
61742749
61742637
61743000
61742832
61743305
61742577
61743630
61743955
61744043
61742924
61742529
61743906
61744085
61744279
61743388
61743281
61743305
61742822
66442262
72213719
77459642
83230400
89000547
94245923
100016927
105789179
111034848
116806368
122052315
127822469
133594053
139365456
145137063
150381879
156153342
161923734
167696948
172941721
178712014
184484162
190255888
195500712
61745625
61745266
61745199
61745326
61744073
61745174
61745465
61745391
61744158
61744379
61744624
61744154
61744878
61745681
61745645
61744434
61745506
61745664
61745725
61744538
66443916
71689644
77459676
82705675
88476459
93722657
99495006
105265999
110511482
116281912
122054417
127823706
133070530
138842200
144087996
149858471
155631338
160875937
166646345
172419583
178188745
183436380
189206745
194452724
61746430
61746693
61746727
61746641
61746023
61745975
61746719
61746880
61746967
61745642
61746829
61745652
61746247
61746565
61746162
61746999
61747155
61747272
61747287
61745892
66445272
72216706
77461295
83233298
88477638
94248722
99495140
105266500
111038781
116283516
121530324
127300981
133073181
138319069
144089372
149335372
155108229
160352828
166123293
171896477
177141028
182912765
188684925
194455365
61746992
61747557
61748157
61747283
61747649
61747029
61748325
61748476
61747440
61748272
61748508
61747133
61748042
61747887
61747455
61748423
61748455
61748568
61748723
61747243
66447632
71692185
77462487
82708169
88480178
93725555
99497617
105268737
110514379
116285889
121531419
127301777
133074452
138319193
144091972
149861124
155108318
160878787
166651252
172422396
178192689
183964825
189735276
195504556
61748855
61748820
61748547
61748731
61748627
61748651
61748227
61749460
61749711
61748699
61748355
61749515
61749751
61748475
61749329
61749246
61748619
61749782
61749951
61748560
66447988
72219288
77464256
83235861
88480307
94251695
99497777
105269012
111040476
116811805
122057561
127829039
133600498
139370862
145142494
150387122
156160126
161930558
167701315
173472904
178717722
185014250
190785848
196571226
61750937
61750264
61749999
61750772
61750885
61751048
61749691
61750003
61749867
61749806
61750982
61751163
61751191
61751303
61749947
61751299
61750371
61750603
61750291
61749992
66449280
72220866
77466592
82711262
88482937
93728326
99499187
104746164
110518177
115762899
121535502
127305856
132551532
137797225
143568854
148814991
154587680
159832448
165604073
171375999
176620714
182391081
187638824
193409526
61750850
61752212
61752299
61751180
61750972
61751616
61752376
61751489
61751694
61751408
61752811
61752516
61752531
61751478
61752443
61752687
61752732
61752739
61751806
61751384
66451864
71696551
77467954
83238836
88483475
93729736
99501957
105273113
110518768
116290253
122061502
127306232
133078722
138323270
144094990
149865332
155638426
160883061
166654772
172426668
177671457
183442916
188689210
194459780
61752419
61753501
61753003
61753866
61753906
61752646
61753670
61753804
61753836
61752963
61753355
61752774
61754307
61753915
61753527
61754106
61754143
61754183
61752877
61753029
61731730
66977734
72222535
77993805
83239085
89009136
94255568
100027800
105273390
111045638
116815998
122062862
126782910
132031039
137801383
143047150
148818822
154590526
159835190
165605958
171378774
177147998
182393854
188165926
193937758
61753880
61753885
61755194
61755086
61755337
61755149
61753967
61754380
61754615
61754198
61755142
61755357
61754263
61755540
61754612
61754361
61754401
61755460
61755618
61755837
61754291
66454716
71699517
77469421
82715606
88487164
93732772
99504618
104749852
110522397
115767378
121539660
126784194
132031117
137801440
143048703
148820157
154066289
159837716
165608084
170854349
176625946
181870922
187643984
192888711
61755896
61755489
61756384
61756081
61756491
61756579
61755346
61755482
61755463
61755726
61755817
61755673
61755676
61756713
61756914
61755673
61756065
61764913
61764801
61764812
61764190
66463415
71709159
77479739
82725737
88497129
93742697
99514607
105285713
110531097
115252409
121025066
126269601
132042199
137286857
143058425
148830087
154076041
159847713
165092329
170341009
175585569
181356137
187128145
192899831
61765942
61765698
61766345
61766559
61765347
61765361
61766894
61766665
61765403
61765917
61766021
61765805
61765955
61765568
61765435
61766709
61766991
61765656
61766043
61766824
66990691
72760975
79579470
86924903
94269655
101614447
108958119
116303007
123648199
130994495
138337471
145683303
153028479
160898303
168242807
176112719
183456695
190801727
61767966
61766776
61767247
61767575
61767695
61766454
61767649
61767932
61767887
61766654
61766755
61767822
61767803
61767908
61767991
61768076
61768151
61766926
61767339
61767478
63842982
70664050
77482237
84826991
92171287
99516551
106860993
114731743
122076015
129420863
137290743
144634903
151980369
159849111
167194809
175063655
182933583
190278145
61767873
61767986
61768092
61768015
61768752
61769023
61767798
61767834
61768889
61769058
61769076
61769049
61767867
61768254
61768533
61767984
61768333
61768461
61768544
61768728
63843956
70665056
77483090
84828874
92173442
99518250
106863275
113683490
119453858
126797994
134142842
141488189
148832330
156178178
163522165
171393771
178737850
186083714
193427986
61769925
61770281
61768982
61768755
61769995
61770135
61770249
61769051
61770368
61769576
61769811
61769344
61770245
61770414
61769275
61769435
61770357
61770550
61770684
61769389
66994313
73812326
81157876
87976485
95321554
102666698
110011352
117355794
124700894
132046268
139390676
146735804
154606965
161950299
169295910
176639848
183985782
191855870
61770860
61770564
61770762
61770561
61770347
61770151
61770609
61770513
61770305
61771503
61770311
61770863
61771140
61771239
61770900
61771644
61771853
61770641
61770985
61770630
63323204
69092763
76438163
83781367
90601580
97946077
105290989
112635901
119981236
127325236
134670388
142540260
149886517
157231245
164575373
171921157
179264132
186609916
193954301
61772635
61772843
61771518
61771603
61772619
61772804
61772806
61772336
61772181
61771901
61771928
61771677
61772853
61772928
61773136
61771941
61772234
61773050
61773163
61773216
65946059
72766056
80110222
87454369
94799193
102144603
109489044
116833836
124704687
132049908
138868473
145165651
151983913
159329724
166675227
174543975
181888503
189234011
196594281
61773832
61773856
61772601
61773873
61774041
61772876
61773391
61773210
61772890
61774007
61774243
61774216
61773271
61772940
61774108
61774237
61774333
61774471
61773679
64373655
70668934
77488539
84833027
92177406
99522665
106867674
114212294
121557840
128901903
136246531
143592006
150936043
158281547
166151519
173496057
180840395
188186239
196056092
61774999
61775192
61773862
61774006
61774979
61775253
61775263
61775299
61774596
61774363
61775208
61775391
61775439
61775347
61775579
61775613
61775574
61774384
61774587
62801325
68571651
75392570
81687457
88506022
95851417
103197503
110016659
117886639
124706011
132051115
139396417
146740668
154086067
161430195
168776219
176120257
183466043
191336017
61776647
61775621
61775611
61775800
61775450
61776303
61776517
61775263
61775540
61776380
61776487
61776706
61776700
61775686
61775822
61775342
61775593
61776882
61776833
61776837
64376196
71196003
78540143
85884480
93229274
100575130
107918798
115264072
122609014
129954018
137298144
145169254
152513538
159857818
166678953
172973917
180317982
187664122
195534057
61776428
61776137
61777427
61777484
61777620
61776432
61776746
61776306
61776789
61777840
61776540
61776674
61777095
61777359
61777143
61776684
61778324
61778110
61778106
62804933
69098687
75918708
83264080
90608675
97952061
105296979
112642223
120512885
127857151
135201419
142546556
150416314
157760588
165630554
172975346
180319162
188189706
196059631
61778609
61778522
61777247
61777240
61778373
61778944
61778401
61778425
61778441
61778583
61778652
61778692
61777467
61778747
61777942
61778017
61777579
61778250
61778298
61779071
65952255
72771910
80117573
86935934
94280883
102151943
109495219
116839785
124185263
131531263
138875385
146220665
153564916
161434849
168780527
176123705
183468361
191339225
61778665
61778315
61779161
61779355
61778408
61779618
61779710
61779829
61779848
61779796
61778692
61779673
61779754
61779984
61778649
61779164
61779463
61779025
61779905
61780096
64905625
71724485
79068444
86412509
93757588
101102246
108972966
116316646
123661702
131007036
138351042
145696564
153567758
160911840
168256238
175600558
183470492
190815211
196601715
61781096
61779916
61780343
61780694
61780532
61780505
61780270
61780094
61781313
61781494
61781444
61781483
61781625
61781598
61781769
61781611
61780474
61780644
61781548
63331867
64906887
70152681
75397726
81167869
86413879
92186037
97432493
102154597
107399261
113172357
118417135
124188877
129434415
135204829
140451799
146222277
151993933
157240021
163010127
168782221
174553941
179798527
185570639
191341213
196602931
61782508
61782586
61782589
61781861
61781805
61781384
61782759
61782789
61782821
61782830
61781734
61782715
61783006
61783059
61782011
61781627
61782859
61783066
61783119
63333409
70153151
77496956
84841716
92186316
99532103
106877117
114222097
121567093
128385548
135730885
143077227
150421386
157766874
165110858
172456834
179800930
187146866
194491898
61783928
61783772
61783870
61783831
61783863
61783967
61783904
61783193
61783542
61783099
61783606
61783494
61783403
61784139
61784118
61784297
61784321
61783384
61783197
61784280
66482395
72777330
80122668
86941055
94285829
101630549
108975624
116320568
123665672
131012072
138356184
145175655
152521095
159865503
165635583
172981448
180325839
188197376
195540447
61785135
61784027
61784084
61784124
61784020
61785644
61785357
61784084
61784690
61784879
61784476
61784084
61785439
61785412
61784928
61785608
61785787
61784503
61784604
61798069
61096042
Peak: 196613752
Average: 96541410.29294495
