0
150724
150736
150768
150832
152171
152203
152289
152267
152363
152395
152482
152459
152491
152547
152555
152611
152739
152769
152747
152833
152916
152897
152929
152907
153003
153035
153122
153206
153131
153268
153195
153227
153323
153460
153387
153419
153451
153483
153515
153547
153675
153731
153739
153876
153857
153889
153891
154007
153931
153963
154102
154027
154262
154187
154243
154251
154283
154315
154347
154403
154435
154549
154475
154507
154635
154722
154699
154964
154763
154819
154827
154859
154891
155029
154955
154987
155147
155285
155235
155267
155508
155307
155445
155395
155427
155459
155467
155499
155531
155669
155619
155682
155787
155925
155851
155883
155915
155971
155979
156035
156043
156099
156107
156245
156171
156227
156235
156267
156459
156515
156629
156555
156820
156725
156651
156683
156739
156747
156779
156811
156843
156875
156907
156939
156971
157003
157141
157091
157365
157315
157347
157379
157387
157419
157451
157507
157539
157547
157603
157611
157643
157699
157707
157739
157771
157803
157859
157891
158115
158123
158179
158187
158219
158251
158283
158339
158347
158379
158411
158443
158581
158197
119005
Peak: 367064
Average: 154089.6524390244
