0
76590
76655
76690
76720
76784
76816
76849
76882
76977
77008
77041
77073
77104
77136
77200
77151
77328
77951
77392
77425
77457
77489
77520
77553
77648
77681
77712
77745
77776
77809
77840
77872
77969
78001
78033
78064
78096
78130
78160
78192
78322
78353
78384
78417
78448
78480
78512
78463
78577
78608
78640
78671
78800
78832
78864
78896
78928
78960
78993
79024
79056
79089
79121
79152
79280
79313
79345
79377
79409
79592
79391
79505
79537
79570
79601
79634
79794
79825
79858
79889
79923
79953
79985
79935
80049
80081
80113
80147
80178
80209
80241
80273
80434
Peak: 81111
Average: 77676.06382978724
