0
204531
252397
519193
971244
1233371
1744609
2458166
2692799
3123189
3627670
3990915
4517069
5343473
5506826
5803380
6283835
6767822
7254632
7504362
7900461
8445815
8662351
9087217
9453321
9615740
9790695
10156149
10803461
11140399
11744750
12280632
12716216
12970416
13452511
13921388
14487853
14802729
15282467
15780674
16106826
16421928
16642881
16769275
16844862
17204426
17355499
17643976
18025703
18165209
18383153
18459585
19213105
19607694
19719195
19815105
19817305
20046764
20223644
20343442
20511825
20715736
21017807
21484576
21868296
22278997
22761129
23363865
23628761
24101497
24389824
24534423
24558066
24706162
24864930
25064081
25236215
25549019
25958912
26258727
26746632
27007294
27576992
28124701
28949548
29692093
30044996
30046676
30052604
30054744
30069576
30080668
30263479
30671439
31340600
31587770
31839240
32017816
32186837
32409703
32469645
32557239
32605304
32674126
32733077
32940534
33443291
34450279
33975083
34470724
34590321
34767249
34809883
34828079
34865056
35185608
35277474
35887469
35990305
36313987
36796234
36827268
36864625
36918227
36947510
37205168
37655748
38077182
38503551
38503865
38503727
38503846
38329397
38788814
38875475
39144692
39247920
39334611
43284172
43295443
43594870
43611905
44176570
44235456
44292456
44328135
44382524
44451935
44509688
44571973
44625815
44678814
44734173
44789356
44965130
45081280
45234692
45604677
45721193
45919616
46256627
46781235
46915847
46970178
47165641
47216388
47283695
47480916
47572892
47647188
47749474
48066866
48203110
48394014
48422453
48677464
48773203
49038499
49292607
49294672
49296460
49298381
49300490
49302524
49304631
49306506
49308711
49309882
49312893
49315101
49317220
49319431
49320701
49323754
49325942
49328097
49330273
49332498
49334565
49336767
49338830
49341124
49342308
49344571
49347439
49349670
49351731
49405714
49459593
49461564
49463639
49465752
49467793
49469952
49471846
49474042
49476114
49478162
49480242
49482333
49484399
49486523
49487668
49490710
49492689
49494738
49496858
49498900
49500976
49503093
49505199
49507215
49509221
49511525
49513621
49515667
49517691
49519763
49521780
49523827
49525872
49528014
49530084
49531140
49533196
49536289
49537393
49537453
49537349
49540271
49542407
49544402
49546528
49548575
49550751
49552759
49555010
49557029
49559144
49561272
49563321
49565478
49567512
49569627
49571894
49594081
49692537
49699636
49977239
50111476
50270720
50412388
50442575
50462175
50496231
50523112
50596254
50585850
50803613
50861873
50950518
51132623
51380195
51511262
51645444
51993178
52303575
52560645
52792451
53025001
53317589
53787483
54404219
54618856
54699792
54683294
54738055
54776594
55003281
55084022
55102945
55173506
55281400
55284501
55287564
55290697
55293922
55312687
55663654
56031063
56040587
56128251
56575603
57003228
57071035
57102047
57456398
57539913
58495761
57815137
57942280
57962558
58125176
58232157
58427896
58549211
58521241
58683365
58663778
58996037
59740196
59927752
60020760
60096824
60153392
60193319
60378543
60415761
60464530
61466941
61029645
62066023
67840959
73611478
79382702
85678209
91450793
97220928
103518076
109287145
115058446
120829633
127126698
132897558
138666611
144438243
150735290
156505281
162275321
168572902
174342030
180112961
186411223
192180641
61572946
61368603
61371820
61372671
61372568
61372163
61373766
61374301
61373787
61375427
61375978
61375080
61375719
61376267
61375852
61377370
61377364
61376086
61376536
61377913
61376050
66604035
71848544
77619919
83391375
89162504
94933450
100706655
105951694
111723300
116968949
122740545
127986670
133757955
139529427
145301916
150545635
156317747
162088308
167860336
173631063
179402349
185174747
190945115
196205906
61385820
61386065
61385404
61385291
61386202
61386370
61386505
61385350
61385478
61386597
61386862
61386910
61386933
61386184
61386504
61386528
61386380
61386390
61386079
63464331
69234188
75529389
82873883
90742634
97562888
105433531
112252640
119597645
126943062
133762384
141107670
148451918
155797158
163665776
171011494
177831006
185176942
193045496
61387865
61389277
61388046
61388887
61389106
61389181
61389315
61389216
61389328
61388160
61388785
61390034
61389348
61389321
61389189
61388737
61390033
61390270
61390280
61390367
65564481
72908986
80779021
88122015
95467157
103336595
111207299
119075748
126419789
134289400
142159235
150027958
157899259
165767918
173112213
180981286
188851541
196211646
61391690
61390429
61391317
61390909
61391388
61390970
61392394
61392104
61392130
61392153
61391046
61390961
61392409
61392442
61392408
61392472
61392539
61392599
61393015
62945961
69764139
77633871
84977086
92847359
100190862
108060239
115405121
123274774
130619782
138490527
145833928
153704069
161572715
168393771
175738371
183082706
190953035
61394301
61393969
61394211
61394368
61394248
61394125
61394013
61393741
61393845
61394275
61393911
61393943
61393975
61395063
61395087
61395243
61395320
61395352
61394162
61394039
61898900
69242982
76061841
83406155
90750443
98620742
105964769
113309267
121179265
128523491
135868099
143739078
151081921
158427614
166296289
173641894
181510553
189382193
196216621
61396417
61396435
61396467
61396597
61395914
61395757
61395277
61396598
61396687
61396874
61396927
61396967
61396910
61396198
61395694
61396862
61397102
61396999
61397103
63998759
70817418
78161467
85505891
93376239
100720788
108064398
115410642
122755420
130100879
137443838
144789123
152134689
159479513
167350735
174694341
182039143
189385178
196219467
61399197
61399317
61399399
61398153
61399633
61399491
61398253
61398288
61398411
61398395
61399787
61399862
61399083
61398840
61398872
61399053
61398936
61399341
61399123
61379518
68197148
75542580
82361150
90231252
97574684
104919427
112264540
119609428
127479484
134824540
142694292
150038412
157382684
164726707
172072291
179942324
187286972
195156529
61399537
61400857
61400621
61400711
61400836
61399660
61400619
61400751
61400807
61400764
61400892
61400996
61400990
61400545
61400411
61400254
61399651
61401542
61401060
62429144
69247562
77117571
84460917
92329843
99674541
107544037
115414683
122758429
130628187
138498035
145842141
153187693
161056298
168926787
176796499
184141034
192010838
61403011
61403070
61402431
61403076
61403283
61403315
61403419
61403767
61403314
61403362
61403343
61403316
61403507
61403648
61403608
61402375
61403706
61403679
61402420
61403759
64003871
71348482
78167938
85511944
92856818
100727045
108595232
116464672
124335557
132205248
139550520
146894795
154239259
161583360
169454686
176797784
184667838
192537878
61404688
61403469
61404600
61404791
61404975
61404999
61404951
61404859
61405052
61403760
61404520
61404213
61404346
61404253
61403802
61405603
61404521
61405230
61405270
61405505
66103993
73448114
80792242
88136421
96007426
103351193
111220893
119091362
126434433
134305205
141649305
149517893
157389165
164733357
172077650
179421932
187293349
194636380
61405571
61405053
61404868
61406453
61406299
61406403
61405343
61405114
61406605
61406531
61406606
61406090
61406874
61406770
61406511
61406191
61407874
61407550
61407568
62434108
69253612
77123597
84466884
92337061
99680493
107551360
114895119
122765035
130635656
138502999
145848240
153719640
161062671
168932824
176276823
184147399
192017320
61408729
61408770
61407480
61408812
61408991
61408008
61408213
61407925
61407589
61408923
61409020
61409110
61409070
61407947
61408288
61408131
61409112
61409260
61409388
61408507
67681593
75025865
82370275
90239137
97583947
105454609
113324078
120668048
128537099
136406280
144276193
152147460
159490721
167361718
174704656
182573568
190443785
61409419
61409320
61410091
61410207
61410322
61410447
61409126
61409579
61409152
61410336
61410521
61410443
61410501
61409717
61409842
61409757
61409387
61410584
61410665
61410899
65585526
72930151
80274343
87617302
95488239
102831913
110701374
118571078
126441066
133784895
141656058
148999052
156869429
164738962
172609181
179952285
187822989
196232800
61412562
61412586
61411681
61411847
61411850
61411867
61411403
61413260
61412842
61412946
61412851
61411806
61412836
61412917
61412986
61413010
61413033
61412300
61412476
64537627
72407770
79750890
87094996
94965410
102309602
110180402
117523674
125394186
132737905
140607978
147952052
155822090
163166449
171037818
178906466
186776874
194645610
61413166
61412708
61414052
61414180
61414069
61413032
61414595
61414257
61414332
61414296
61413173
61413559
61413554
61413226
61414845
61414580
61414692
61414681
61414653
62965616
70310119
77653523
84998089
92342700
100212336
107557026
115426693
123297328
130641224
138511173
145855272
153201021
161069528
168940949
176284304
184155656
192024301
61415530
61414602
61414658
61415768
61415924
61416028
61416183
61415187
61415365
61415309
61414968
61416077
61416303
61416439
61415085
61415245
61416277
61416460
61416545
61415707
67688590
75033185
82376649
89721790
97592263
104936100
112806612
120150791
128020484
135364636
143235532
150578364
158449775
166317244
173662876
181531636
188877703
196238698
61418442
61418551
61417797
61418060
61417367
61418500
61418613
61418697
61417523
61417885
61417442
61418901
61418913
61417637
61418144
61418298
61418149
61417634
61419354
65068036
72412420
79756501
87100623
94445444
102315581
109659912
117530397
124875693
132219445
140090621
147433663
155304893
162647733
170519293
177862244
185732652
193601685
61420099
61420153
61418971
61420258
61419373
61419549
61419653
61419492
61419543
61419012
61420759
61420284
61420394
61420677
61420450
61420698
61419939
61420750
61420782
61419600
66644982
73987574
81331758
88676333
96021336
103890721
111761577
119105449
126975449
134319313
141664953
149008673
156354480
164224289
171570033
178912920
186783740
194653297
61420854
61420928
61420747
61420689
61420636
61420385
61420404
61421632
61422297
61421964
61421845
61421936
61421866
61422016
61422063
61421983
61422031
61422017
61422028
61422314
65071207
72415667
79760927
87103994
94448781
101794271
109664210
117007858
124353175
132222768
139568058
146912266
154783509
162126893
169472085
177342141
184686909
192556442
61423308
61423438
61422539
61422309
61422307
61422174
61422236
61423740
61423709
61423741
61422449
61423150
61423126
61422926
61423729
61424822
61424854
61424354
61425194
61425349
66124493
72942607
80812657
88155788
96025642
103896315
111239767
119109630
126453755
134324611
141668929
149538797
156883517
164753166
172097539
179441774
187313543
194656526
61425320
61425190
61424795
61424755
61424707
61425982
61426093
61426046
61426225
61424992
61425344
61426117
61426300
61426385
61426366
61426381
61425491
61425816
61425656
61403542
68747745
76092145
83962004
91305196
99175780
106519869
113864329
121209617
128554071
136424564
143768812
151637743
159508583
167379688
174721663
182590252
190461970
61426134
61426236
61426289
61425664
61427019
61427167
61427323
61427134
61426086
61427064
61427373
61427455
61427407
61426182
61426934
61426720
61426592
61426691
61426507
61427494
65602503
72420994
80290997
87634015
95504914
102848741
110193484
118062328
125407354
133278296
140622339
148492240
155836624
163706608
171051171
178919832
186265632
194134768
61428184
61428140
61427417
61428997
61428974
61427639
61427748
61428815
61428998
61429024
61429136
61429266
61428402
61428338
61427900
61429157
61429238
61429476
61429406
61427889
61407251
66653261
71897797
77668194
83440002
88685085
94455762
100227787
105472999
111244127
117016003
122787251
128557720
133803272
139574639
145346480
151116896
156888683
162133264
167905095
173675616
179447200
185218245
190989872
196250563
61431737
61431685
61431334
61431350
61430821
61431082
61431026
61430583
61431727
61432094
61432134
61432077
61430989
61432005
61432118
61432324
61432356
61432235
61430943
64557254
71375781
79245862
86590049
93933588
101278752
109149041
116492724
123837894
131707596
139052854
146922833
154267120
162135724
170005932
177875897
185220696
193089251
61432760
61431570
61431927
61432028
61431700
61432745
61432936
61433021
61433062
61431999
61431748
61433462
61433216
61433293
61433189
61433420
61432750
61432617
61432518
61409976
68755432
75573935
83442841
90262809
98132225
106002857
113346873
120691566
128561585
135905745
143776609
151119416
158990793
166334389
174205281
181548062
189419857
196254418
61434103
61434309
61434223
61434392
61434377
61433665
61433435
61433209
61434254
61434292
61434653
61433195
61433769
61433168
61434832
61434484
61434612
61434652
61434892
61433204
62986189
68231065
74001232
79247561
85019089
90790151
96561178
102331030
107576870
113348383
119120796
124891135
130136646
135907087
141679967
147450447
153222135
158466887
164237150
170009554
175780871
181025339
186797791
192568220
61434846
61436148
61436066
61434817
61435230
61434828
61436268
61436288
61436443
61435498
61435423
61435788
61435425
61436225
61436357
61436485
61436474
61436430
61435393
61436409
67184887
74528959
81872863
89217791
96561455
103906423
111777008
119120999
126465178
134336031
141680223
149550111
156894695
164238570
172110143
179453151
187324679
194667674
61436827
61437004
61437130
61438641
61437618
61438455
61438760
61438690
61438756
61438312
61438135
61438020
61437497
61438911
61438960
61439128
61437815
61437900
61438932
63513750
70860164
77677484
85021940
92366559
99711303
107582036
114925828
122270748
129616204
137485956
144830084
152175764
159519927
166865339
174735364
182079604
189424164
196259932
61439732
61438663
61438895
61439367
61438921
61439865
61440166
61440109
61440081
61439305
61438916
61440041
61440248
61440352
61439068
61440535
61439386
61439697
61439919
64564247
71908394
79252541
86596682
93941674
101286682
109156989
116501914
123845829
131190933
138535258
145880533
153225941
160570140
167915796
175260004
182604389
189950061
196261302
61441115
61439893
61440346
61440348
61440335
61441063
61441380
61441607
61441510
61441482
61440292
61441257
61441456
61441552
61441605
61441679
61440879
61440969
61440855
64565564
71909801
79254018
86598185
94468626
101812874
109157081
117027810
124371908
132241369
139588018
146931057
154802282
162145146
170016762
177359634
185230218
192574314
61441179
61442418
61442619
61442575
61442079
61442056
61441788
61441452
61442650
61442937
61442977
61441693
61441903
61441687
61442783
61442939
61443161
61443091
61441850
61421328
68240115
75058501
82928726
90272005
97618035
104961786
112832435
120176315
128045069
135390235
142735666
150079749
157949899
165293970
172639882
180509699
187855627
195199784
61442631
61442223
61443477
61443574
61443809
61443812
61443682
61442680
61443661
61443825
61444060
61442664
61444171
61443235
61443309
61443232
61443549
61443253
61443328
61420399
68766597
76110024
82928656
90272980
97617797
104962684
112833482
120178586
127522794
134867922
142211908
150080530
157427722
164771954
172643450
179987650
187333490
194676594
61445273
61445455
61445327
61445159
61444772
61446276
61446173
61446357
61446364
61445132
61446810
61446502
61446453
61445180
61445671
61445796
61445681
61445353
61446425
61948020
69293341
76637461
83981965
91325216
98670005
106015216
113884541
121229565
128574128
136444661
143790029
151133023
159003085
166347671
174218789
181561712
189433461
196267886
61447500
61447816
61447708
61447225
61447006
61446929
61447539
61447711
61447968
61446633
61447054
61446521
61447309
61448141
61447991
61446817
61447628
61447393
61447286
65097680
72442094
79786286
87129164
94474421
101819609
109689482
116508522
124379602
131723866
139068764
146937490
154809690
162152074
170023226
177366289
185237978
192581044
61447708
61448716
61448826
61448922
61447998
61448377
61448148
61448948
61449045
61449224
61449250
61449358
61448059
61449622
61449274
61449410
61449340
61449482
61449489
61448063
67721090
75065054
82409412
89754229
97623254
105494062
112838161
120182907
128052774
135397236
142742254
150612113
157956504
165826350
173170761
180514960
188385529
196270346
61449880
61449954
61449055
61449108
61448684
61450154
61450211
61450235
61450199
61449354
61448970
61450354
61450395
61450427
61450493
61449946
61449813
61449647
61449370
65098989
72444447
79788729
87132963
94476435
102346523
109691912
117035726
124380770
132251683
139595830
147465867
154811352
162154360
170025843
177368778
185240459
193107775
61449923
61451176
61451312
61450885
61450824
61450485
61450159
61451442
61451576
61451747
61451741
61450535
61450418
61451744
61451731
61451859
61450583
61450975
61451274
61429507
68248057
75593422
82937891
90282326
97625879
105495417
112841551
120185479
127529679
135400631
142744759
150089095
157434281
165304423
172649239
179992926
187864655
195208103
61451264
61452771
61452555
61452673
61451474
61452634
61452658
61452897
61453154
61452982
61453573
61453938
61453621
61454730
61454878
61455041
61455073
61455037
61454490
61432534
68252195
75596321
82940801
90285283
97629220
104973780
112844476
120188404
128058420
135402356
142747691
150617572
157962020
165831804
173176451
181045100
188390950
196275789
61455734
61455743
61455644
61455833
61454898
61454885
61454464
61455637
61455758
61455964
61455885
61454730
61455754
61455945
61456196
61456097
61456010
61455565
61455114
64579932
71924444
79268272
86612372
93957305
101302169
109172697
116516345
124387305
131731241
139075313
146946542
154290846
161634953
169506510
176849358
184721126
192065270
61456670
61456800
61456083
61456717
61456798
61457006
61456185
61456520
61456258
61456207
61456087
61455687
61457172
61457184
61457245
61457328
61457356
61456124
61457228
61457317
67204227
74549622
81893474
89238297
96583224
103927322
111271813
118616916
125961148
133306462
140651572
148521524
155867149
163211276
170556081
177899785
185245765
192590043
61456742
61457844
61458094
61458240
61458081
61457687
61457532
61457396
61456983
61458525
61458437
61458498
61457091
61457619
61457153
61458427
61458463
61458567
61457291
61457312
67205554
74549672
81893722
89238560
96583434
104454118
111799026
119143066
127013008
134358045
141178808
148523816
155868541
163211632
171082938
178425899
185771997
193641901
61459322
61459335
61458780
61458423
61458847
61458196
61459284
61459483
61458236
61459372
61458212
61458359
61459468
61459573
61459795
61459827
61458433
61459287
61459068
61459295
64058823
70878715
78222580
86092791
93437515
100782259
108126003
115471323
122291387
128061994
134882507
141704403
149048571
156392747
163736963
171082874
178952691
186297739
193641797
61460418
61460496
61459570
61459671
61459258
61460684
61460661
61460795
61460848
61459882
61459636
61460668
61460851
61460979
61460909
61459585
61459974
61460324
61460364
61439341
67733628
75078771
82421743
89766936
97110304
104981032
112324776
119670039
127014090
134885056
142229247
150099064
157443271
165312176
172658168
180527784
187872488
195742463
61461718
61461849
61460840
61460525
61461655
61462060
61461974
61461997
61461140
61461087
61463455
61463255
61464012
61463512
61464425
61464296
61464277
61464351
61463204
62490076
68260180
75604437
82948732
90293802
97638632
104983138
112328050
120198931
127542170
134887013
142756971
150102355
157446899
164790773
172662194
180531003
187875765
196284963
61464744
61464853
61464149
61463839
61464770
61464810
61464950
61465112
61465071
61463924
61464991
61465139
61463732
61464044
61465025
61465189
61465293
61465389
61464092
63540246
70885910
78229626
85574099
92917715
100262291
107608467
113903130
121248290
127543218
134364906
141184533
148004101
155349682
162695051
170040763
177384907
184730835
192073874
61466152
61465349
61465061
61465398
61466310
61466524
61465240
61465933
61465829
61465701
61465306
61466402
61466004
61466713
61466694
61466768
61465810
61465661
61466626
61466774
66164521
74034364
81377324
87672588
94492468
101839324
109183444
116002612
123348956
130168404
137513716
144333174
151678662
159023236
166367612
173712844
181056788
188402679
196287500
61467201
61467213
61466015
61465996
61467581
61466772
61467375
61466578
61466826
61466722
61466572
61466436
61466057
61467471
61467627
61467803
61466829
61467684
61466588
62493671
69837768
77181988
84526312
92396691
99740122
107610987
114954708
122824400
130169373
138039384
145383741
153253501
160597647
168467924
176337733
183682575
191552434
61467127
61466743
61467969
61468168
61468210
61468324
61467055
61468274
61468395
61468622
61468464
61467290
61467991
61467815
61467743
61467364
61468460
61468683
61468902
61468709
65117617
72461744
79805903
87150359
95020777
102890707
110234808
118104524
125448326
133317918
141189019
148532251
155877435
163746248
171616771
178960555
186831051
194175240
61468289
61468601
61468372
61469268
61469443
61469423
61468177
61468484
61469355
61469613
61469666
61468607
61468825
61468920
61468851
61468985
61468686
61469257
61469051
61447804
67217398
74561586
81905298
89774656
97119635
104989018
112858403
119680260
127023267
134893999
142238138
149582275
157453651
164796840
172142242
180010959
187881431
196290664
61470330
61470353
61469794
61469606
61470334
61470629
61470843
61469652
61469641
61470592
61470807
61470903
61470913
61469667
61470059
61469976
61469965
61470213
61470533
64070780
71416460
78759412
86103614
93448674
99743771
106565292
113385636
120205094
128073639
135943199
143288790
150632734
158503215
165846822
173718367
181061150
188932844
196291804
61473672
61473878
61473880
61473985
61472760
61472979
61474115
61474096
61474272
61473221
61474285
61474245
61474285
61474304
61474349
61474432
61474477
61473528
61474030
61453575
67747733
75090888
82434968
90304150
98175334
105518222
113388926
121258486
128601971
136471274
143816520
151685190
159556392
167426662
175295334
182638458
189984291
61474970
61474038
61474220
61473638
61474864
61475100
61475124
61475160
61473992
61475235
61475325
61475225
61475104
61475230
61475378
61475578
61474281
61474982
61474739
61474683
64075760
71419984
79289728
86632573
94502917
101847141
109715885
117060775
124931838
132275538
140145787
148015347
155885454
163228630
171098889
178967398
186839062
194181897
61475429
61475125
61476168
61476273
61475091
61475141
61476208
61476364
61476460
61476347
61476553
61476454
61476600
61475744
61475709
61475538
61475269
61476501
61476716
61978513
68798064
76667953
84012369
91355344
99225977
107095489
114439208
122308697
130179593
137522328
145393775
153263799
160606606
168476766
176345511
184216183
192085919
61477254
61476314
61476005
61477447
61477459
61477364
61476631
61476866
61476615
61477372
61477716
61477726
61476493
61476535
61477567
61477782
61477835
61478062
61477903
61457108
67225523
74569864
82440212
89782972
97653492
104997267
112866652
120737524
128606124
135949964
143821084
151164048
159033913
166378696
174248392
181592505
188414121
196298481
61478287
61477247
61478523
61477746
61477842
61478519
61478694
61478830
61478768
61478996
61479006
61479017
61477776
61478903
61478935
61477956
61478143
61478306
61477951
62505990
70375647
77193902
85063871
92407193
100277647
107621494
114966217
122836207
130706735
138049622
145920679
153264942
161134847
169005079
176873807
184744127
192087134
61479434
61479734
61478832
61478356
61479688
61479939
61479915
61478999
61479065
61478940
61478972
61479373
61479346
61479450
61479263
61478863
61480503
61480114
61480567
61480548
65130861
72475165
79818149
87162578
95032613
102376977
110247589
118116189
125460049
133330677
140675381
148544877
155889082
163757845
171629293
178972193
186843757
194712509
61480874
61479874
61480185
61480332
61480175
61480012
61480943
61481099
61481289
61479954
61480244
61479994
61481060
61481334
61481430
61480205
61480863
61480738
61480615
61458976
68278400
74573767
81917575
89788195
97131383
105002259
112345999
120216792
128085416
135429314
143299243
151169083
158513365
166382570
174252563
182120875
189991379
61481034
61481590
61481331
61482067
61482405
61482437
61481476
61481000
61482297
61482520
61482581
61482596
61481676
61481820
61481297
61482753
61482593
61482871
61482890
61481784
65656827
73526448
80869352
88213476
96083365
103954104
111301488
118645621
126514237
134384752
141729082
149597549
157467565
165337696
173207832
180550834
188421258
196306041
61485798
61484734
61484992
61485246
61485931
61486154
61486373
61486367
61485059
61486134
61486349
61486519
61485163
61485614
61485472
61485969
61485656
61485264
61486424
64611364
71955502
79825510
87168420
95037910
102908860
110252542
118121070
125992073
133336049
141206015
149075684
156419986
164288807
172160055
180029576
187899079
195767848
61487137
61487113
61485767
61487115
61487235
61487373
61486271
61486484
61486407
61486461
61486759
61486543
61486202
61487780
61487357
61487528
61486244
61486526
61486089
62514258
69858638
77728176
85072605
92416003
100285285
108154670
116025343
123369126
131239015
139108796
146978548
154322822
162192684
169537174
177931588
185801988
193144918
61488223
61488420
61487641
61487577
61487156
61488433
61488581
61488746
61488829
61488843
61487539
61488643
61488632
61488691
61488723
61488761
61488860
61488913
61489004
61489079
66712267
74056411
81400301
89270035
97140107
104483963
112353123
120224163
127566997
135436675
143307739
151177171
158520555
166389283
174259646
182128518
189999982
61488399
61488949
61488618
61489373
61489544
61488362
61488412
61489487
61489737
61489835
61489926
61489282
61489119
61488831
61489770
61489969
61489995
61490070
61488786
61489308
65664037
73534825
80877089
88746857
96090957
103960433
111830817
119175024
127043825
134914425
142258467
150127128
157472665
164816781
172687302
180556782
187901341
196310748
61490623
61490756
61490746
61489992
61489826
61490562
61491002
61491004
61490008
61489613
61490832
61491090
61491041
61489765
61490331
61490341
61490379
61490008
61491053
64616180
71960392
79830381
87173381
95043742
102387928
110257557
118127024
125995565
133866534
141210629
149079362
156949235
164817938
172689451
180558907
187902810
196312164
61491998
61490688
61491076
61491383
61491183
61491948
61492074
61492229
61492193
61491076
61492049
61492291
61492419
61491092
61491548
61491753
61491553
61491593
61491558
64092787
71437157
78781071
86650883
93994434
101865643
109208525
117078034
124947619
132818491
140162706
148031560
155902549
163771227
171641448
178984263
186854748
194723424
61492575
61492474
61492405
61492085
61493317
61493702
61493532
61493609
61493641
61493724
61493748
61493911
61493820
61492875
61492493
61493790
61493911
61494023
61494025
61493991
66717091
74061142
81930916
89274500
97144916
104488694
112358004
120228676
127571854
135441627
143311449
151181428
158525357
166394784
174264493
182133097
190003964
61493177
61493846
61494017
61493399
61494436
61494643
61494557
61494814
61494748
61493537
61494561
61494827
61494923
61495027
61494082
61494330
61494100
61493772
61494927
61495059
65144253
72488424
80358513
87701448
95572433
102916032
110785600
118655353
126525017
134394649
141738805
149607536
157477833
165347337
173217569
181086313
188956769
196315713
61495589
61495706
61494935
61494887
61495666
61495940
61496065
61494768
61495109
61494765
61495997
61496147
61496128
61496076
61498535
61498273
61498201
61499039
61499128
65148279
73018228
80362524
88231172
95575124
103444644
111315324
118659308
126527772
134398732
141742667
149611620
157481695
165351428
173221636
181090332
188960732
196319676
61499534
61498338
61498701
61498956
61498423
61498426
61498775
61498426
61499760
61499910
61499899
61499978
61498759
61499877
61499990
61500217
61500117
61499405
61499573
61498767
62528157
67773874
73544075
78788963
84559355
90331107
96102299
101873435
107118195
112889555
118661787
124430908
130203443
135973803
141745323
147515811
153287451
159057819
164828211
170600115
176370483
182140947
187911803
193682099
61499687
61500198
61501003
61500533
61500517
61499853
61501064
61501308
61501254
61501282
61500106
61501189
61501262
61501398
61500122
61500917
61500770
61500575
61500226
62004972
68824272
76167343
83511785
91381876
98725740
106595788
113939719
121810538
129154703
137024362
144368521
152239676
160108348
167452709
175321652
183190126
191061837
61501517
61501538
61501333
61501392
61502192
61502530
61501195
61501304
61502328
61502519
61502727
61502671
61501747
61501808
61501824
61501467
61502613
61502844
61502889
61501707
65677250
73021124
80889719
88235151
95054243
102925215
110268863
118138775
125482601
133353559
140697577
148566714
156437626
163780374
171650747
179519220
187390036
195259628
61502270
61503334
61503525
61503696
61503677
61503658
61503909
61503890
61502875
61502643
61503718
61503839
61504096
61503899
61503030
61503251
61502931
61503942
61504141
62006162
68301342
76171146
83515471
90858622
98728258
106599386
113942198
121813146
129682778
137025654
144896821
152766765
160109703
167980004
175848549
183719100
191587573
61504643
61504803
61504906
61503745
61504718
61504960
61505109
61505018
61505113
61504393
61504315
61504297
61503859
61505065
61505205
61505282
61504041
61504361
61504123
61503969
66204090
73548100
80892324
88760934
96106344
103975640
111320537
119190218
127060102
134403980
142273768
149618046
157489144
164832513
172703486
180571182
188441673
196326134
61505948
61505948
61506027
61505302
61505056
61505950
61506296
61506255
61506206
61505275
61505286
61505209
61506182
61506338
61506552
61505209
61505910
61505755
61505859
64106657
71450877
78270391
86140485
93483773
101354357
108697959
116567445
124438317
131782085
139653221
146996140
154866429
162210215
170080621
177949501
185294935
193163605
61505714
61506802
61506899
61507062
61507086
61507118
61507107
61507190
61507345
61505989
61507286
61507122
61507290
61507396
61506466
61507501
61507457
61506293
61507665
61507580
61506338
64632705
71976907
79321150
87190830
94535692
101355267
109225252
116568841
123913982
131784780
139128118
146998705
154343121
162212148
170083180
177425952
185296545
193165001
61507065
61507172
61508346
61507198
61507680
61507280
61508465
61507354
61508692
61508635
61507848
61508128
61508833
61509128
61507826
61508763
61508693
61508072
61507629
61508797
61508980
62535724
69879583
77223740
85093952
92437367
100307741
107651351
115521101
123390515
130736749
138079746
145949722
153820800
161163720
169034045
176902501
184774224
192643728
61509511
61508616
61508386
61509533
61509614
61509785
61509757
61508917
61509186
61509080
61508629
61510371
61509921
61510092
61510073
61510139
61509035
61508786
61509938
61510180
67258133
75128081
82471776
89815515
97160296
105029657
112374493
120245476
127588379
135458080
143327944
151196760
159070024
166941265
174283901
182152837
190023513
61512825
61513409
61513461
61513293
61513173
61514120
61514209
61514388
61514259
61514346
61513434
61513066
61514773
61514460
61514545
61514445
61513632
61513266
61514618
61513501
63592196
70410222
78279901
85098558
92968753
100312294
108181870
115526481
123396103
130741249
138609919
146479815
154351003
161693916
169039723
176908668
183203212
190024459
61515303
61514782
61514604
61515410
61514204
61515660
61515700
61514671
61514519
61514169
61515524
61515664
61515768
61515698
61514516
61515893
61515900
61514660
61516019
61514884
61516100
61514544
62018130
67265003
71985083
77231940
82477668
87198915
91920844
96642588
101362513
106609008
111331190
117102740
121823563
126544982
132317419
137562115
142810267
148580735
153827836
159072647
164843100
170090140
175861708
181106259
186879652
192649988
61516171
61517155
61515867
61517279
61515958
61517208
61516504
61516141
61516584
61516499
61516400
61516072
61517240
61517423
61517551
61517604
61517687
61517536
61516320
61517664
62544056
69888039
77233508
84576623
92446919
99790829
107661106
115006053
122349738
129694897
136514338
143860021
151204200
158549319
166418005
173238989
180583181
187928884
195273111
61517967
61518165
61518124
61516891
61517219
61517046
61518134
61517115
61518198
61518338
61518270
61518394
61518318
61517740
61518449
61518516
61518605
61517278
61517467
61517558
66742102
74086300
81431498
88774485
96120866
103465506
110284833
117104372
124450618
131270226
138089402
145436018
152781466
159599812
166946562
174290781
180584386
186356898
192126881
61518557
61519476
61519683
61519606
61519507
61519421
61519439
61519471
61520055
61518319
61518482
61519591
61518997
61519706
61519703
61519195
61519946
61518701
61519130
61519906
61520062
61497460
67267974
73562734
78283889
84580489
89825400
95596689
101367085
106613369
112908941
118156065
123401980
128647709
133894404
139665688
145961905
152256953
159602361
165896181
173242889
180061213
187407037
195276953
61519473
61520719
61520835
61520984
61519687
61520036
61519828
61519860
61520868
61520994
61521165
61521197
61521284
61520415
61520396
61521366
61521187
61520135
61520632
61520582
67270510
74614697
81958609
89302089
96122625
102418265
109763257
117106910
124977710
131797182
139142374
145961873
153307454
160128038
166948121
174816598
182686526
190031056
61520876
61521051
61521430
61521500
61521219
61520798
61520845
61522056
61522223
61522212
61522252
61522335
61522391
61522364
61522527
61522631
61522472
61521368
61521125
61522730
62551318
68844198
76189755
83534099
90877491
98223227
105566864
112387195
119207728
127076315
133896696
141242411
148586104
155932907
163277027
170621504
177965603
185312603
192655360
61521744
61523103
61521999
61522296
61522098
61522197
61523357
61523567
61523607
61522221
61522557
61523708
61523727
61523695
61523681
61523815
61523775
61523820
61523911
61522686
62550319
69894585
75664992
81960945
88779667
96124667
103994473
111338947
119209889
126553937
133897955
141767737
149111736
156981755
164327254
172197449
179540352
187410690
195279841
61524700
61524784
61524677
61524781
61524724
61524816
61524789
61523548
61524959
61524826
61524900
61523785
61524169
61524345
61525096
61525005
61525117
61525315
61525237
61525277
63076302
70420721
77764553
85634768
92978496
100322796
107667658
114488178
121832849
129702618
137572530
144916573
152787770
159607394
164853173
171148341
178492546
186364245
193707268
61525838
61525794
61525206
61525395
61525187
61524744
61525904
61524816
61526082
61524866
61526235
61526144
61526206
61526405
61524975
61525135
61525090
61526124
61526207
61525543
61503521
67798746
74093554
81438870
88781798
95077686
102423235
109767176
117113838
123932233
131277398
137572614
144393070
151737153
159608387
166426913
173772309
182165630
190036379
61525669
61526962
61527037
61526268
61527146
61530877
61529980
61531127
61531104
61529998
61529913
61529902
61529748
61531252
61531280
61531414
61531305
61530513
61530633
61530489
61508855
68328193
75672801
83016729
90887761
98230457
106101065
113444713
121314417
128658736
136528097
144399386
152269474
159612182
167482567
175351094
182696436
190041030
61530838
61530862
61531067
61531541
61530970
61532589
61532292
61532326
61532409
61532339
61532537
61532437
61531381
61530826
61532912
61532478
61532606
61531381
61532023
61531927
64134127
70952838
78296747
85641005
93511243
100854829
108725379
116069157
123939827
131283726
139153651
146497786
153319747
159089042
166433530
174303299
182173211
189517674
196353441
61533235
61533301
61533325
61533337
61533091
61531937
61532049
61533289
61533313
61533588
61533884
61533444
61533583
61533449
61533438
61533831
61533698
61533789
61533753
61513240
67807515
74625885
81970190
89315806
96660502
102431710
109249910
116070181
123415302
130760782
138104547
145449766
153321094
161188537
169060766
176927298
184273237
192142043
61534253
61534233
61534416
61534514
61533171
61534701
61533278
61534718
61533478
61534561
61533406
61533539
61533419
61534665
61534756
61534884
61534967
61534837
61534006
61534419
64135456
71479818
78824062
86693830
94037462
101908446
109251558
117122078
124991638
132335624
139680728
146500447
154370371
161714907
169585939
176929203
184800459
192143298
61535789
61534766
61534305
61535760
61535837
61534749
61535348
61535308
61534897
61535726
61535882
61536045
61534812
61535300
61534742
61536004
61536154
61536184
61535310
61536365
62562730
69382681
76727718
84070894
91415229
99285814
106630665
112925174
119222377
126040537
132861174
139156368
145452134
149124349
153846889
158043422
165388889
171685302
175880662
180078673
184800256
191619790
61536092
61536060
61535732
61537237
61537261
61536701
61536301
61536362
61537393
61537382
61537355
61537429
61536573
61536949
61536586
61536978
61537351
61536602
61537764
61537657
61536786
63614320
68334567
74105972
79875423
86170375
91942500
97713527
103483350
109779540
116074988
122371247
128140340
134962047
140732406
147027410
153323638
159619919
166439367
172734951
179554223
186375350
193719591
61538356
61538356
61538501
61538584
61538549
61537308
61537340
61538739
61538565
61538613
61538545
61538620
61538542
61538609
61538243
61538923
61538896
61539008
61539099
61538978
62041141
68860767
75680097
83024511
90370063
97190183
104535047
111878695
119223822
127093687
133913271
140733831
147554343
154898545
162767383
170114111
176932489
184802887
192147150
61539632
61538520
61539610
61539787
61539964
61539885
61539887
61539018
61539512
61539007
61539133
61540142
61539992
61540156
61540137
61540247
61540075
61540158
61540190
61540326
64141643
70960077
78304227
86174875
93518643
100862122
108731531
116077739
123421555
130766563
138110659
145456438
152801453
159620957
166967950
173786133
181130344
187951506
195821494
61540756
61541013
61539665
61540980
61540081
61540145
61539854
61539734
61539822
61539926
61539881
61539702
61539979
61541313
61541408
61541075
61540310
61540270
61540665
61541556
64143020
70961409
78306580
85125188
92996330
100340266
107685058
115028783
122899576
130243832
138113328
145457392
152803099
158573408
164868170
171689352
177459725
185331307
191626379
61541173
61541261
61541480
61541309
61542359
61542264
61542290
61542352
61542260
61542284
61541230
61541705
61542473
61542586
61542648
61542680
61542589
61542672
61542570
61542626
61542569
65193491
72537935
79882167
87224956
94569516
102440831
109783641
117128732
124999465
132343444
140213124
147557530
155427402
162771508
170641946
178510757
186380826
194251581
61543389
61543494
61543475
61542236
61543406
61543735
61543550
61542716
61542689
61542737
61542662
61543105
61542897
61542705
61542446
61543265
61543646
61543829
61543906
61544120
64144156
70964011
78307854
86177871
93522399
100865998
108736607
116080385
123951887
131294895
139163639
146509041
154379164
162248125
170118189
177986685
184807943
192153293
61544475
61544607
61544539
61544795
61544645
61544791
61543623
61544698
61544746
61544980
61544875
61544979
61545134
61544087
61544306
61544637
61544333
61543818
61544999
61545206
65194681
72538860
79883026
87752080
95096559
102966376
110311394
118179864
125000400
132871363
140215381
148085406
155429533
163299475
170643794
178512907
186384131
193731191
61550083
61549372
61549210
61549895
61549992
61550316
61550199
61549031
61550047
61550326
61550328
61550339
61550307
61550449
61550494
61550488
61550499
61550590
61549314
61549197
66773736
74117957
81463162
88806063
95627967
102971644
110317829
117660658
125531519
132352068
138645644
145992349
152812239
160156220
167502906
174321326
181666540
188486758
196371472
61551588
61551140
61551372
61551153
61550153
61551433
61550145
61551417
61551542
61550644
61551505
61551478
61551692
61550598
61550718
61550516
61551577
61551709
61551837
61551912
63120909
70466372
77811357
85154488
93024898
100368634
108238398
116108753
123452568
131322335
139192196
146536450
153881977
161751834
169096570
176966981
184310838
192180682
61571642
61571818
61570851
61572516
61572257
61572491
61571653
61571880
61572057
61571830
61571502
61572735
61572695
61572901
61572941
61573024
61571893
61571925
61573104
61573231
65747288
73091574
80437111
87780214
95124502
102994583
110339519
117683566
125554502
132898158
140768246
148638137
156508146
163851305
171722474
179065348
186937001
194280068
61573210
61573499
61573019
61574394
61574404
61573351
61573684
61573243
61574440
61574693
61574694
61574879
61573603
61574853
61574184
61574021
61574395
61574112
61573704
61552825
68372363
75716558
82535811
89880731
97225283
105096107
112439683
120309387
127653328
135523483
142868291
150212368
158083803
165426642
173296904
181167595
188511347
196396211
61576151
61574790
61575307
61575411
61575144
61574808
61576135
61576212
61576366
61574981
61576351
61576674
61576570
61575946
61575011
61576595
61575393
61576748
61575436
61576076
63127724
68898237
75717843
82538387
89357346
96702310
104047246
111392074
118738410
126081274
133427557
140771722
148641498
155985865
163854465
171724698
179594610
186939169
194807769
61576610
61577418
61577646
61576397
61576557
61577637
61577801
61576619
61577031
61576970
61576629
61577765
61578030
61577939
61577219
61576701
61578151
61578249
61578168
64178428
71522904
78867106
86736811
94080515
101951427
109294544
117164163
125033451
132378616
140248555
148118310
155988326
162806774
170153502
177496369
185366841
193235550
61578727
61578784
61578879
61578100
61577820
61579172
61578885
61579091
61578042
61578777
61579115
61579211
61579111
61578391
61578540
61577897
61579303
61579331
61579236
62605830
68900791
76770720
84113976
91984135
99327591
107198336
114541847
122412783
129756767
137625231
145496343
152840623
160710608
168055138
175924871
183269447
191138327
61579126
61579289
61578889
61579374
61578857
61580009
61580240
61579058
61579092
61580124
61580397
61579215
61579446
61579695
61580313
61580702
61579418
61580770
61580577
61579634
66805415
74149231
81493463
88836377
96181673
104052350
111396134
118741249
126611047
134480622
141824881
149693641
157563318
165432274
173303462
180646420
188517033
196401760
61581332
61580356
61580456
61581723
61581487
61580916
61580474
61581675
61580607
61581843
61581655
61581058
61582117
61582044
61580901
61582150
61580757
61581375
61582168
61580767
61582406
62084135
68903809
76247825
84118040
91461202
98805790
106675351
114020377
121889987
129235020
137103647
144974735
152318815
160187924
168059079
175928541
183272412
191141070
61581820
61581720
61582863
61582624
61581802
61582913
61582631
61581967
61582312
61582974
61583052
61581570
61582959
61583161
61581781
61582493
61583316
61582569
61582141
61582088
61583356
61581941
64708374
72053634
78872211
86217245
93560664
100905363
108774848
116119955
123990501
131860281
139203651
147074318
154418675
162288591
170158662
177501627
185372020
193241950
61582872
61584088
61584121
61584143
61584126
61583344
61584288
61584447
61584246
61583424
61584506
61583155
61584578
61583691
61584650
61583544
61584655
61584771
61584689
61583792
61584699
61584603
62611327
69430719
76776152
83070537
90414780
97234900
104055267
111400004
118745273
126089180
132909752
140254928
147599021
154944499
162288619
170158879
177503364
184848995
192718708
61585293
61584194
61584759
61585651
61585466
61584429
61585697
61584925
61584901
61585814
61586296
61585184
61586181
61586344
61585456
61586130
61584960
61586311
61585366
61584882
61586078
65760356
73629975
80972959
88842882
95662417
103531850
110352123
117696258
123993330
130812730
137632001
144978607
152323210
160192748
167012643
174356763
182226596
189046643
196406885
61586747
61586720
61586829
61586827
61585735
61586760
61586937
61586903
61586050
61585551
61586476
61586973
61585909
61587110
61587152
61587189
61586566
61587364
61587256
61587470
62613920
69434591
76253146
83597496
90941856
97762114
105107719
112451663
119798018
127142963
134487063
141831162
149699845
157571210
165438707
173310114
180653114
188524699
196408227
61587911
61587140
61587067
61586761
61587978
61588128
61587875
61588149
61588232
61588221
61588372
61588145
61587772
61588317
61587489
61588536
61593044
61592612
61593267
61591809
62621162
68915953
74686633
79931024
86751833
92521440
99342801
104588257
110360593
116130065
121901049
128197185
133967273
139738792
146034817
151279593
158102529
163346224
169643993
175937672
183282344
189579729
196414266
61593350
61594015
61594446
61593267
61594087
61594170
61594313
61593996
61594130
61594408
61594690
61594595
61593597
61593413
61593461
61593667
61593320
61594818
61594144
61594776
61594765
63147181
70490171
77310851
82030723
88851627
95146178
101441714
108786427
115081979
122428275
128722491
135019372
141838827
148133705
154955830
161775361
167021436
172793116
178563521
184858868
191678400
61594962
61594567
61594621
61595660
61595668
61595976
61595493
61594643
61595803
61594888
61595920
61595877
61595858
61594905
61594633
61595057
61596071
61596171
61596219
61596090
61596253
63671554
68392888
74165161
80984857
86753260
93048944
99868868
105115448
110887849
117181553
122952868
129248809
135019572
140790684
146561177
152858826
159153794
164398273
172268618
179088241
186959666
194302605
61596880
61596840
61596732
61596958
61597035
61596302
61597141
61597186
61596215
61596290
61597202
61596316
61596471
61596415
61595943
61597444
61597644
61597553
61597559
61597447
65247820
72066399
79410901
86754623
94625781
101969196
108788831
116134893
122954133
130300381
137643460
144989557
152333989
159678237
167023805
174369069
181713261
189057996
196418061
61598216
61596782
61597351
61597201
61597406
61598428
61597678
61597278
61597462
61597470
61597121
61598548
61598402
61598565
61597391
61597566
61597715
61597331
61598614
62626357
69444678
76790178
83608829
90954565
97773503
105118247
111938628
119283604
126627725
133448464
140794674
147612978
154958433
162303605
169123717
176469077
183813652
191158125
61598485
61598146
61599161
61599277
61599579
61599480
61599481
61598532
61598505
61598153
61599495
61599780
61599878
61599961
61599921
61599910
61599838
61598760
61600086
61599950
62102244
68922706
75742386
82561770
89381962
95676265
103547018
110366053
117712186
124531906
131876914
138695669
145515950
152861511
160206802
167026462
174370665
181714785
189586202
196420904
61600574
61600651
61600763
61600728
61600870
61600886
61600875
61600737
61600956
61599799
61600090
61601103
61600188
61600071
61600349
61600468
61600228
61599951
61599941
62105183
68923902
75742470
83086937
90956790
98300390
106169758
113514573
121384494
129253934
137123774
144467848
152863670
160206541
168602638
175945504
183815904
192210374
61601540
61601640
61600443
61601036
61602102
61601998
61601366
61600720
61602390
61602044
61600717
61600920
61601928
61602078
61602382
61601504
61601195
61602088
61602136
62105637
68399628
75743892
83089273
90433585
97777148
105122308
112466852
120337737
127681857
135025601
142371380
150240943
157586396
164929163
172800737
180669356
188014001
196423386
61602975
61603105
61602384
61601766
61603096
61602920
61603092
61603145
61603299
61602123
61603147
61603201
61602040
61602771
61602666
61602285
61603237
61603307
61602299
65777600
73121626
80991718
88335897
95681131
103024744
110894219
118765129
126109270
133453016
141324147
148666951
156536960
164406955
171751471
179620173
187490199
195360366
61603914
61603141
61603245
61602936
61604360
61603592
61603189
61604117
61604187
61604291
61604531
61603074
61604379
61604476
61604553
61603178
61604608
61604104
61603941
61583289
67877029
74696757
80991643
87812355
94631114
99877554
106174542
111944472
117714897
124535761
131881702
139225798
146571081
153916593
161260665
168606369
175950481
183293926
190639121
61604482
61604509
61604413
61604717
61604693
61604715
61604837
61604618
61604428
61604778
61604730
61604639
61604455
61605492
61606127
61605747
61605915
61605879
61604487
61605910
63157047
70501492
77845720
85189599
93058963
98829671
106174687
112994940
118241039
125061192
130832530
138177808
144473968
150768984
157588746
164409379
171230435
177525416
184346723
191165055
61605538
61606508
61606562
61606601
61607148
61606706
61606754
61606888
61606949
61606862
61606265
61606182
61606273
61606311
61606025
61607020
61607160
61607245
61607269
61606146
62111344
67880987
74174595
80994435
88338611
95158595
102503832
109848272
117193214
124538024
131883163
139752987
147096888
154442659
161786496
169656771
177002059
184346715
191690763
61606518
61607693
61607782
61606394
61607698
61607929
61608025
61608260
61608160
61607227
61606915
61607128
61607253
61607104
61608085
61608419
61608286
61608487
61607144
61607896
64210781
71029788
77847862
85194391
92012246
99356976
107226662
114571219
121916419
129262595
136606691
143426323
150770288
158115896
165459920
172805576
180675462
187495456
195365334
61607615
61609108
61609276
61608162
61607802
61609005
61609198
61609340
61608107
61608499
61608395
61608736
61608520
61608149
61609325
61608833
61609518
61609711
61609616
62112013
67882527
74701840
81521296
88865321
96736409
104605855
111949705
119820375
127163386
134508513
141854141
148674624
156019997
162838231
170183961
177528116
184873807
192743797
61610676
61609193
61610455
61609241
61610409
61610498
61610605
61610803
61610716
61609526
61610636
61611003
61610873
61609967
61610367
61610218
61609708
61610868
61611051
61609914
65785197
73654899
80997739
88343171
95162122
102507562
109851715
117197787
124542771
131886754
139756435
147100645
154445973
161790154
169660437
177529169
185399769
193269518
61610594
61611957
61611748
61611800
61611088
61610874
61610602
61612221
61611838
61612009
61617321
61617234
61616130
61617154
61617369
61617604
61617394
61616512
61616818
61594934
68414459
75758794
83628835
90971906
98841227
106186162
113531050
121401779
127170954
134516395
141861557
149205438
156551086
163895021
171766526
179109742
186455523
194323946
61617349
61617122
61616922
61618141
61618265
61618385
61617229
61618504
61618430
61618462
61617691
61617672
61618056
61617943
61617810
61617762
61618706
61617905
61618605
61618484
66843245
73136838
80481380
87825041
95170254
102515211
110385954
117729081
125075039
131369873
138713897
146585018
153929297
161273348
169145546
175963012
183307524
189080481
195900018
61618810
61618745
61618291
61618104
61618307
61618491
61618430
61618288
61619738
61619874
61618641
61619098
61619843
61619939
61618939
61618984
61619256
61618918
61618907
61618888
61618915
66318803
73663794
80482317
87826389
95172403
102516941
109860723
116682186
124027170
131372322
138716418
146060600
153406384
160750088
168621542
175965721
183308499
190654517
61620106
61620027
61619963
61619822
61619875
61619678
61619788
61621121
61621185
61620081
61621213
61621296
61620752
61621205
61621180
61620160
61620035
61620646
61620843
61620704
61620424
64222777
68419702
72614949
79434685
85730862
92549605
98845006
105140933
111962334
118256397
125076877
131372597
138193278
145012801
151833569
158653567
165473918
171769150
179114511
185410094
192229962
61621917
61622176
61622357
61622623
61621842
61621103
61621028
61622408
61622542
61622523
61622584
61622595
61622568
61622710
61622755
61622702
61621661
61621586
61621658
61621647
61621679
65796747
73142044
80486131
87829100
95173659
102519243
109863691
117733964
124553355
132424100
139768259
147638091
154982171
162852155
170196635
178065380
185411155
193279907
61623217
61622053
61623490
61622460
61622209
61623696
61622550
61623590
61622358
61622543
61622957
61623804
61623163
61623141
61623228
61623305
61623014
61622953
61622777
61622491
61623905
61624263
61624246
65799160
73143375
79961839
87831671
95176359
102521042
109865159
117735143
125079391
132950071
140294295
148164165
155508522
163378373
170722752
178066692
185939285
193282573
61623420
61623905
61623379
61624740
61624896
61625051
61623767
61624366
61624292
61624433
61624276
61623788
61625036
61624638
61625224
61625430
61625411
61624068
61625475
61625622
66325415
73143751
80488986
87833130
95176586
102522111
109866122
117210954
125081815
132425807
140295546
147639636
155509701
162853761
170724199
178593978
186464306
193807474
61625935
61626101
61625352
61625549
61625392
61624920
61626246
61626541
61626463
61626524
61626370
61625304
61626371
61626468
61626588
61626679
61625387
61625978
61625963
61604372
68423630
75767910
83112261
90456917
97801613
105146204
112491221
119836021
127180018
135050997
142396438
149739457
157084745
164429076
172300359
179643226
187514874
194858106
61626777
61626774
61626481
61626633
61626292
61627409
61627498
61627567
61626546
61626828
61626569
61627585
61627827
61627925
61626510
61627004
61626950
61627270
61626977
62131086
68949274
76293447
84163656
91507059
98851578
106721411
114591688
121935576
129280655
137149651
145020272
152364482
160233219
168104616
175447687
183316691
191187952
61627346
61628326
61628460
61628612
61627523
61627312
61628395
61628500
61628508
61628941
61627513
61628054
61628022
61627915
61627595
61628691
61628866
61629104
61629267
61629108
65803178
73147119
80492642
87835236
95181410
102526850
109869930
117214620
124559708
132430415
139774898
147118799
154989970
162332935
169678826
177022364
184893015
192237076
61629360
61629747
61629763
61629801
61629817
61629824
61629898
61628898
61628909
61628898
61629047
61628794
61628733
61629850
61629350
61630212
61630214
61630301
61629415
61629506
64754940
72099332
79443556
87313197
94657965
102002244
109872101
117215652
125085557
132956253
140300269
148170333
156038969
163383245
171253445
179123381
186993650
194336671
61629980
61630061
61629949
61629629
61630853
61631123
61630655
61630586
61631223
61631386
61631308
61630126
61631282
61630098
61629858
61631213
61631598
61631350
61631679
61631604
67379340
74723620
82067188
89937901
97281429
105152109
112495693
120366557
127709660
135579077
143450350
150793574
158664582
166007365
173878014
181747451
189092117
196452382
61632078
61632284
61631395
61631549
61631291
61632570
61632407
61632460
61631329
61632549
61631360
61632384
61632599
61632754
61631462
61632835
61631838
61632259
61631870
65282475
72627453
79445847
87315629
94660397
102004607
109348775
116693567
124564496
131909520
138727799
146073221
153943310
161287574
169158871
176501823
183847432
191191640
61632813
61633018
61632553
61632044
61633456
61633584
61633548
61632554
61633484
61633640
61633846
61633751
61633031
61633084
61632948
61632620
61633716
61633837
61634035
61634126
66333046
73677806
81021971
88366150
95710123
103055066
110925691
118268946
126139406
133483338
141354411
148697365
156567374
163911517
171782827
179125643
186997275
194340363
61634540
61634725
61633471
61634836
61634290
61633839
61634079
61634089
61634134
61633934
61634060
61633918
61634769
61633708
61634782
61635032
61635005
61635141
61635122
61635248
66334241
73153088
80497280
88367217
95712489
103056121
110401000
118269745
125614904
133485697
140829848
148698729
156569641
163912592
171784097
179652737
186997200
194867257
61634811
61634833
61635612
61635942
61635915
61635963
61635149
61635049
61634849
61634649
61636369
61636155
61636208
61636299
61636272
61636338
61635740
61635556
61635764
61613775
68958896
76303088
83121687
90991960
98335795
106206024
113549755
121420544
128763791
136634312
143978379
151849139
159192394
167064051
174408147
181750842
189621363
196457075
61637104
61637111
61636124
61636236
61635884
61637524
61637243
61637384
61637285
61636103
61636409
61636179
61637297
61637488
61637522
61637618
61637553
61636756
61636830
64763657
71582205
78926265
86270165
93616142
100959653
108304541
116175078
123519361
130864046
138208141
146080022
153423454
160767653
168637790
175981853
183852310
191196309
61637536
61636984
61637949
61637660
61638418
61638413
61638347
61637214
61637059
61638294
61638730
61638533
61638752
61638682
61638582
61638758
61638322
61643854
61643937
61643947
64769520
72114118
79459313
86802165
94147854
101491345
108836192
116705673
124576550
131920385
139791521
147134453
155004865
162874313
170218704
178087809
185957873
193301859
61645231
61645241
61644586
61644286
61644771
61644521
61644219
61645417
61645506
61645626
61644444
61644598
61644585
61645625
61646067
61646102
61645670
61645896
61646118
61646120
67920276
74738019
82081924
89426515
97297028
104640703
111985683
119856484
127199363
135070164
142414276
149758259
157629692
164972667
172842783
180186923
188057575
195927263
61644965
61646676
61646352
61646609
61646786
61646597
61645693
61645397
61647088
61646748
61646876
61646857
61646940
61646870
61646953
61646985
61647102
61646496
61646226
61624635
68969755
76314779
83658435
91001555
98346140
106216800
113035964
120906520
128249683
136120555
143465115
151334552
158678796
166547363
174418848
182287592
189632279
196467822
61647547
61647855
61647726
61646504
61647824
61647941
61647403
61646765
61646949
61646930
61647213
61647224
61647181
61647264
61646842
61647930
61648172
61648219
61648391
62674913
70018859
76838617
84183338
91527687
98873344
106216988
114087672
121431495
129303144
136645578
143990503
151859100
159204647
167076136
174418871
182288928
189633591
196469028
61647607
61648832
61648966
61648994
61648189
61648181
61647666
61649016
61649188
61649225
61647992
61648357
61649270
61649214
61649618
61649519
61649547
61648555
61648600
65299956
72644100
79462507
87332396
94675828
102021171
109891195
117235003
125104484
132449643
140319603
148189380
155533499
163402606
171272484
179142347
186486883
194356940
61649884
61649347
61649256
61648798
61650481
61650267
61650320
61650292
61649212
61649207
61648972
61650196
61650228
61650368
61650496
61649223
61649655
61649831
61649820
61627870
68447794
75791914
83136261
91006307
98350107
106220443
113564150
121435035
128778314
136647950
143992826
151861534
159732827
167077349
174945987
182815755
190160411
61650194
61651452
61650756
61650684
61651259
61651431
61651527
61650302
61650796
61650580
61651502
61651768
61651770
61650897
61651073
61651062
61651588
61650924
61650545
61651841
65301129
72645471
79989818
87859646
95203102
102548410
110417923
118288678
125631739
132976634
140321882
148191987
155536266
163405886
171276259
178619290
186489703
194358638
61652013
61651979
61651640
61652453
61652668
61652836
61652843
61651539
61653128
61652847
61652932
61653015
61653115
61651949
61652152
61651960
61651589
61653003
61653116
62680892
69499126
76843318
84187593
92057938
99401730
106746185
114616962
121960870
129831674
137174550
145045658
152389785
160258482
168130002
175472809
183342794
190687353
61652946
61652618
61652485
61653613
61653782
61653954
61653846
61653920
61652832
61654387
61654071
61654116
61652883
61653304
61653421
61653089
61653680
61653584
61653381
61653163
65304010
72123543
79468735
86811495
93631670
101501783
108845628
116716407
124060567
131405223
138749491
146094723
153965959
161309175
169179391
177048911
184918071
192262283
61654876
61655179
61655007
61655094
61653926
61654958
61655208
61655261
61655293
61655308
61654753
61654462
61654545
61654510
61654398
61654502
61654182
61655342
61655627
61655776
65829571
73173743
79993201
87863839
94682051
102027609
109371529
117242199
124587319
131931082
139802218
147146378
154490470
162360316
169705132
177048836
184394803
192264588
61654781
61655895
61655794
61656102
61656340
61656305
61656358
61656500
61655203
61655485
61655320
61656242
61655859
61656735
61656724
61655419
61655701
61655424
61655558
61655539
64257175
71601360
78946824
86289655
93634159
101504624
108848720
116718952
124062911
131933664
139276975
147147905
154491920
162361990
170232185
177575000
185445678
193315401
61656167
61655943
61657218
61657417
61657577
61657630
61656640
61657014
61656768
61656448
61657587
61657668
61657791
61657981
61657843
61657121
61656461
61657755
61658043
61657961
66881416
74225201
81570745
88913529
96259037
104129625
111473617
119344145
126687201
134556585
141902286
149771881
157116083
164985049
172856225
180199032
188069525
196478873
61658543
61658577
61658732
61657298
61657952
61658136
61657653
61658613
61658804
61658932
61657758
61657960
61657659
61658434
61659092
61659145
61659283
61658160
61658597
65310439
72128015
79472397
87342138
94686906
102031191
109375212
117244666
124589714
132460546
139804711
147674661
155018788
162888797
170758933
178102042
185972298
193841066
61659733
61659890
61658687
61658919
61659338
61659031
61659922
61660149
61658996
61659506
61659204
61659591
61659180
61658767
61660495
61660037
61660355
61660358
61660263
61659175
66883760
73702912
81047221
88391268
95736492
103607221
110952109
118295284
126165789
133510621
140855136
148724888
155544987
163414448
170758700
178627608
186499181
193842055
61660810
61660082
61660047
61659808
61660002
61661150
61659917
61661142
61660680
61659997
61661399
61661431
61661412
61661487
61661476
61661563
61660323
61661419
61661500
61661497
61661673
61660470
61641009
67934113
75278233
82622066
89968146
97311602
104656417
112527170
119871065
127740922
135084665
142954546
150823362
158168749
166037434
173908834
181251854
189122186
196482384
61662238
61662216
61661374
61661731
61661363
61662286
61662412
61662677
61661601
61661219
61663036
61662484
61662727
61661371
61661988
61662129
61662001
61661974
61661582
65312055
72656535
80000687
87870311
95214783
102559167
110430040
117774160
125118047
132988872
140332951
148201672
156073726
163415615
171286167
179155816
187026216
194369247
61662330
61662493
61662123
61663513
61663532
61662299
61662510
61663467
61663770
61662395
61662827
61662867
61663165
61663059
61663838
61663908
61664063
61662830
61663120
63215382
70034700
77378828
84723108
92593495
99938060
107282996
114627812
121972031
129316695
136661020
144006255
151876144
159221680
166564940
174435943
181778751
189650528
196484869
61664929
61664644
61663818
61664012
61664170
61663871
61663471
61665183
61664875
61664971
61665198
61665039
61663871
61665005
61665161
61665163
61665369
61665210
61664765
64791331
72135482
79479779
86822739
94167115
102038395
109381307
117251955
124595770
132465355
140336563
147679521
155549550
163419486
170763856
178632561
186502974
193847072
61664501
61665042
61664919
61665698
61665948
61666030
61664776
61665088
61664901
61666027
61666124
61666375
61666284
61665003
61666424
61665894
61665565
61665832
61665456
62169708
68987862
76332079
83676388
91546671
98890055
106760879
113580036
121450823
128793631
136664575
144008567
151878551
159222788
167093255
174962919
182832351
190176284
61665927
61666340
61665947
61666062
61665772
61666948
61667223
61667310
61667181
61667336
61666082
61667463
61666340
61666519
61666228
61667252
61666709
61667397
61667413
61667520
63218769
69513545
76857900
84202244
91546585
99417113
106760665
114105668
121975660
129320847
137190547
144535722
151879037
159748941
167094402
174964157
182307045
190178749
196488520
61674711
61674874
61675043
61675220
61675134
61675225
61673992
61675060
61675236
61674777
61675254
61675350
61675390
61675311
61674714
61674695
61674447
61674415
61674879
61652867
67424589
74242894
81586945
89457400
96802149
104146189
111490684
119361557
126704305
134575370
141919457
149789301
157660090
165002289
172873645
179693130
187037973
194906546
61675239
61674845
61676235
61676463
61676372
61675478
61675248
61676264
61676388
61676618
61676577
61675616
61675821
61675861
61675768
61675317
61676933
61676617
61676796
62178771
67950456
74769263
82112628
89457895
96802519
104147175
111491748
119362864
126705744
134050761
140871671
148215372
155036487
162380612
170250692
178120752
185465297
193335148
61675934
61677668
61677234
61677509
61676285
61676669
61676743
61676746
61676418
61677522
61677116
61677766
61677704
61677770
61676863
61676540
61677636
61677835
61678006
61678030
66376714
73721723
81066027
88408907
95755411
103099224
110443869
118313835
125658923
133002912
140348045
148217947
155562128
163432075
170776517
178646411
185991061
193860939
61678336
61678575
61678732
61678815
61678677
61677961
61678003
61677552
61678677
61678911
61679017
61677771
61678128
61677731
61678200
61679185
61679049
61679191
61679193
61679297
64804025
70574574
77919581
84738414
92608543
99953239
107296799
114641767
122512688
129856807
137200551
145070514
152416080
160285955
167630384
175499437
183368883
190713485
61679015
61679238
61679094
61678742
61679830
61679970
61680098
61680304
61680213
61680322
61678953
61679348
61678929
61680684
61680258
61680496
61679247
61679550
61679705
61679649
64280604
70051244
77396370
84214916
91559324
98904177
106248972
114118348
121463495
129334437
136677046
144548217
151891097
159762359
167107217
174452237
180745881
188091724
196501256
61680974
61679816
61680405
61680669
61680157
61679837
61681112
61681233
61681439
61680104
61680584
61680136
61681261
61681444
61681521
61680245
61681048
61680821
61680816
64281792
70576760
77396120
85266361
92609496
99954400
107824936
115168512
123039521
130383232
138253208
145597480
153469361
160811352
168681624
176552385
183896088
191764776
61681768
61682108
61682196
61681025
61681225
61681148
61682121
61682285
61682397
61682370
61682457
61681508
61681916
61681476
61682428
61682670
61682645
61682787
61682832
61682596
64807507
71102587
78447723
85790862
93661359
101004686
108875414
116219278
124090775
131435023
138778243
146648955
153993523
161863084
169207502
177077419
183897654
192292063
61683212
61683231
61682612
61683421
61682671
61683571
61682383
61682695
61682906
61682311
61683658
61683851
61683912
61683796
61682985
61682457
61684007
61683984
61684008
61684069
61682582
64284214
69531440
74776437
80547675
85792445
91564432
96809733
102582097
107826528
113598853
118844429
124615136
130387325
135632000
141403456
147175010
152946787
158191413
163962906
168684477
173930429
179700661
185474075
191244330
196505166
61684811
61684952
61685213
61684239
61684183
61683783
61685151
61685120
61685262
61684029
61684421
61683943
61685111
61685326
61685561
61685427
61685399
61684471
61684914
63761296
70056409
77401736
84744759
92089159
99959655
107303688
114648303
122519111
129863367
137732791
145076847
152948176
160291271
168161271
176031207
183375783
191244487
61685391
61685375
61685317
61684981
61686171
61686354
61686206
61686353
61686340
61686272
61686312
61686387
61686360
61685986
61685916
61685743
61685744
61685883
61685547
61686643
62188825
67959290
75304651
82649251
89992019
97863422
105206565
112551107
120422052
127765076
135634895
142980093
150848552
158719904
166062776
173933058
181802976
189147799
196507776
61687535
61687462
61686526
61686635
61687451
61687505
61687601
61686661
61686338
61687493
61687684
61687927
61686504
61686645
61687000
61686850
61686602
61687784
61687948
65337297
72158195
78976638
86846550
94189974
102061107
109403891
117274726
124618617
132489451
139833530
147702590
155047538
162916533
170787862
178656475
186001103
192295954
61687084
61687661
61687301
61688555
61687285
61688501
61688635
61688159
61688831
61688986
61689055
61688896
61688163
61688347
61688187
61687664
61689451
61689076
61689252
61687947
65863342
72158241
79503764
86846603
94717063
102061291
109931124
117274710
125144476
132489620
140359308
147703505
155573772
163442194
171313663
179182413
187052762
194395724
61688852
61689225
61688531
61689277
61690050
61689934
61688723
61689854
61689943
61689999
61690205
61690135
61690175
61688891
61690337
61689710
61689526
61689427
61690206
62192284
69012976
74782280
81077136
88421328
95766528
103637208
110981058
118851800
126194615
134064442
141935392
149804024
157672783
165017122
172887330
180756019
188627515
196511139
61690922
61689705
61690058
61690244
61689772
61691199
61691336
61690044
61690188
61691169
61691274
61691531
61690196
61690897
61690814
61690441
61691342
61691533
61691551
65341954
72160496
79504669
87374533
94719229
102063500
109933365
117278229
123572820
130917893
138788645
146132360
154003133
161346095
169216300
177084989
184955389
192824200
61690962
61690623
61691992
61690976
61692162
61692356
61692388
61691206
61691805
61691731
61691573
61691181
61692341
61692556
61692550
61692802
61691510
61692731
61692035
61691616
66392757
72686680
80031792
87374583
95245016
102589367
110459920
117802927
125673648
133017639
140888712
148231759
156101552
163445551
171316031
179185816
187056144
194398975
61693289
61692655
61692202
61693792
61693569
61693682
61692457
61693728
61692547
61693520
61693652
61693823
61693876
61693951
61692544
61692771
61693141
61692997
61692656
62197148
68490786
75836162
83180578
90523674
97868513
105739050
112034834
118853977
126724010
134067797
141413060
149283045
156627396
164497253
171841796
179711581
187056044
194926173
61693821
61693816
61694110
61693351
61694490
61694740
61694809
61693568
61693933
61694693
61694717
61694763
61694956
61694821
61695071
61695140
61695244
61693856
61694699
61673603
67967504
74262476
81606925
89476997
96820453
104691125
112034781
119905645
127248461
135119397
142463599
150332464
157677599
165546336
173417813
180760799
188632333
196515977
61695636
61695804
61694738
61695366
61695262
61694723
61696444
61696026
61696296
61695246
61695425
61696345
61696293
61696325
61696204
61695049
61695047
61696249
61696268
61696466
66395074
73214530
80559896
87902862
95247765
103118886
110462605
118331206
125676306
133545859
141415685
148759830
156629931
164500665
171844114
179712870
187584582
195451966
61695627
61697098
61697287
61697324
61696017
61697097
61697202
61697204
61697334
61696515
61696604
61696046
61697521
61697426
61697653
61697701
61696689
61696540
61697615
63248714
69544810
76888989
83707516
91577805
98921412
106792013
114135740
122005493
129876949
137219196
144039773
151385109
158729527
166598596
174469485
180763268
188108900
196518438
61698054
61698252
61698468
61697476
61697620
61697118
61697813
61698573
61698771
61698671
61697575
61698446
61698661
61698808
61697567
61697967
61698084
61698079
61697615
65350179
71118768
78463789
85807071
93677373
100496180
108365557
115710607
123580208
131451885
138793968
146665093
154535021
161878119
166599639
170797336
177093568
183914888
191782133
61697882
61698444
61699368
61699544
61698787
61699601
61699802
61699817
61698977
61699635
61699807
61700056
61700079
61699996
61699962
61699980
61698747
61699593
61699374
61699523
64300271
71120087
78465212
85809531
93153192
101024180
108366907
115711859
123581908
130926571
138795336
146665131
154010515
161879598
169750780
177619115
185489876
192832776
61699500
61700898
61700867
61699970
61700226
61700090
61700775
61700982
61700984
61699802
61700194
61699952
61701541
61701356
61701353
61701530
61701451
61700314
61700888
61678414
67974865
74269617
81088093
88958140
96302172
103646963
111517681
118861576
126738908
134082736
141953793
149296865
156642061
164510836
172380925
178151436
185497229
193366049
61707930
61709474
61709492
61708243
61708588
61709003
61708395
61710057
61709647
61709751
61709898
61708707
61708643
61709667
61709909
61710211
61709975
61710054
61709147
61688543
67458966
74277366
81621325
89491937
96836561
104180277
112050910
119394849
127264590
134608477
142479553
149822392
157692477
165562465
173432673
180775309
188645973
196530810
61710687
61710724
61710004
61709956
61709585
61710673
61710982
61710997
61711042
61709895
61710919
61711161
61711238
61711291
61711374
61711296
61711387
61711394
61711379
63263523
70082929
77426428
84770320
92639401
99984233
107854777
115198561
123069297
130413345
138282132
146153740
153497396
161367116
169238084
176580391
184451849
192321300
61711740
61711954
61712126
61712154
61710892
61710949
61711274
61711031
61711996
61712144
61712323
61712435
61712446
61712329
61711745
61711577
61711761
61711580
61711078
61712348
64312615
71658077
79002307
86345549
93689666
101560114
108904005
116774638
124118733
131463495
139333322
146677373
154547526
161893579
169237239
177106194
184977359
192320327
61712822
61713012
61713218
61713315
61713041
61713073
61713612
61713382
61713582
61712218
61712466
61712300
61712001
61713564
61713477
61713726
61713707
61713671
61712785
61712969
63789415
71134784
78478680
85822106
93166239
101036791
108380474
115725295
123596240
130940056
138284477
146154093
153499560
161368157
168713826
176582565
184454294
192322770
61714068
61714424
61714528
61714437
61714385
61713348
61714321
61714528
61714857
61713450
61713481
61713953
61713796
61713308
61714620
61714784
61714896
61714903
61713756
61714780
65889061
73233112
80577336
88447029
95792301
102088013
109431813
116776997
123071664
130416949
138285613
146156477
153500813
161370638
168715264
176584072
184455462
191798480
61715500
61715334
61715446
61714307
61714459
61715424
61715556
61715751
61714526
61714835
61715224
61714662
61716168
61715769
61715916
61715948
61714774
61714969
61715840
61716031
65889796
72709548
80053972
87923596
95267455
103139264
110482087
118351868
125696175
133566639
140911095
148780612
156125021
163994748
171339191
179207815
187078236
194948100
61715858
61715306
61716560
61716775
61717061
61716894
61715734
61716958
61715801
61717017
61716120
61716321
61717135
61717175
61717309
61717384
61716057
61716398
61716392
61716611
64318851
70613993
77432048
84776296
92646649
99990177
107334952
115204784
123076137
130419281
138288992
145633256
153504361
160847408
168717680
176587481
183932035
191800608
61717468
61717961
61716699
61716902
61717918
61718039
61718113
61718115
61717051
61717363
61717320
61716840
61718131
61717137
61718144
61718386
61718463
61718487
61717211
61717568
66418537
72713321
79531856
87401593
94745024
102616225
109959488
117829776
125174091
133044553
139865268
146684795
154029160
161898931
169243504
177111883
184983748
192853180
61719002
61717882
61717893
61719091
61719145
61719300
61719213
61718717
61718665
61718624
61718560
61718283
61719328
61719570
61719545
61719738
61719651
61718798
61718486
61719603
66418408
73237912
80582110
87926267
95798095
103141166
110485808
118354395
125699640
133569166
141440267
148783294
156653153
164523043
172393244
179736134
187606606
195476591
61720045
61720399
61720444
61720518
61719304
61720443
61720607
61719342
61719846
61720131
61719560
61720504
61720020
61720576
61720651
61720799
61720991
61721074
61719718
62748636
68518054
75862174
83206390
90550710
98421227
105764851
113109926
120980676
128323894
136194363
143538419
151408332
158752627
166621307
174493532
180786326
188132158
196002195
61721345
61721293
61721424
61721689
61721700
61721847
61720440
61721712
61721867
61720918
61720907
61720712
61721795
61722002
61722076
61722019
61721590
61721283
61721275
61699615
67470428
74289176
81633269
89502777
96847405
104192493
111537152
119408929
126750974
134096176
141967053
149310085
157181206
164524016
171345240
178166046
185511758
193380373
61721836
61721538
61721346
61722645
61722618
61722758
61722886
61721653
61722096
61722395
61722192
61721691
61722915
61723247
61723228
61723315
61722381
61721912
61723352
61723482
66423404
73241537
80587008
87929911
95800856
103144623
111013946
118359346
125703146
133573978
140917985
148788098
156658082
164001081
171872410
179741074
187085610
194954426
61723390
61723131
61723489
61722806
61724204
61724210
61724293
61724329
61723102
61724330
61724368
61724466
61724350
61723481
61723910
61723580
61724452
61724541
61723561
61723283
61723315
65374030
70620100
76390484
82161841
87406469
93177507
98423864
104197073
109441083
115212310
120984534
126229112
132000245
137772003
143543644
148788123
154560044
160331540
166101879
171873965
177644234
183415485
189186639
194957082
61725396
61724241
61724778
61724636
61725030
61724518
61725521
61725543
61725824
61725911
61724633
61726180
61725770
61725874
61726131
61726067
61725203
61725147
61724696
62229274
67474028
74818212
82161932
90032589
97376117
104720929
112065737
119936610
127280802
134624605
141969972
149839896
155610368
162955728
170301432
177644273
185514653
192858924
61725736
61725236
61726675
61726854
61727043
61726216
61726160
61726947
61726942
61727228
61727192
61725914
61726989
61727255
61727278
61727344
61726560
61726402
61727181
61728674
61037479
Peak: 196555093
Average: 91790463.56811956
