0
87522
391858
805388
1140582
1600022
2339515
2749856
2978850
3562599
3850739
4331570
5212982
5375782
5715101
6171645
6623231
7110905
7360466
7759218
8316863
8735397
9011821
9323874
9561180
9900887
10653611
10998135
11600976
12405285
12684766
12994546
13501296
14056396
14545393
15149158
15623952
15962873
16277367
16500705
16633172
16696896
17040928
17207693
17496843
17885320
18039166
18260650
19560213
19374939
19560196
19667837
19670597
19915381
20104767
20243718
20411884
20793348
21338795
21723623
22134369
22562513
23219197
23484129
23935888
24251443
24390493
24412968
24561775
24721482
24921074
25132405
25403637
25694278
26114728
26612128
26988393
27593625
28282343
29143965
29804999
29902836
29907804
29911060
29924880
29928512
29955933
30356514
30897425
31377665
31573303
31861936
32043269
32270095
32365209
32426571
32455373
32575158
32650094
32930656
32930281
33384093
34307816
33832487
34323362
34444135
34620821
34666732
34638048
34720487
35029132
35134324
35757017
35856792
36255150
36733267
36804371
37059323
37749861
37965155
38359466
38359582
38359563
38359416
38644454
38730511
39005713
39096386
39190071
43136832
43332510
43445506
43870502
44052540
44098866
44181764
44214894
44303779
44355503
44431874
44467383
44523649
44572183
44631678
44829529
45064029
45141523
45595798
45786722
46046285
46612157
46789791
46826544
47023486
47124956
47211461
47453740
47486330
47608075
47925635
48060029
48302602
48527655
48739599
49320827
49418450
49581196
49668779
49855494
50106397
50197972
50284227
50308083
50323083
50356579
50403840
50462269
50530577
50673233
50748956
50806366
51019428
51235878
51366099
51501551
51849067
52158990
52421543
52685169
52876328
53316344
53701092
54291530
54451199
54500440
54550535
54641885
54737548
54844065
54952396
55025599
55135272
55043624
55509647
55883955
56038926
56470115
56893234
56927230
56920657
57327876
57428826
59321715
57738422
57898631
58069914
58143867
58075052
58392867
58411635
58433597
58519046
58900565
59646549
59799285
59887413
59959141
60015029
60048729
60232876
60269762
60842302
61773616
60834648
61170463
61735872
62301029
62864445
63428032
63991893
64556679
65085160
65648729
66211941
66775541
67337621
67900917
68464237
69027973
60939269
60733789
60736628
60737679
60738552
60740164
60739690
60740440
60740642
60740909
60740201
60741600
60741299
60741282
60740202
60740701
60741537
60740469
60741705
61083632
61646284
62275633
62871761
63467613
64063407
64659421
65254161
65850700
66447094
67041863
67672929
68266752
68863905
60743767
60742480
60743663
60742940
60743852
60742502
60743847
60743206
60743926
60742920
60744225
60743457
60744259
60743191
60743258
60743336
60744563
60744432
60887749
61384434
61946094
62542964
63138150
63700618
64296632
64893594
65489612
66086098
66682481
67277612
67873442
68471019
69066095
60746037
60747114
60746143
60747750
60746896
60748317
60747461
60748264
60748288
60749568
60749125
60750162
60749570
60750496
60749675
60749595
60749761
60751164
61094212
61557829
62119936
62681219
63277424
63874424
64436419
65032468
65629626
66225255
66788399
67384831
67979943
68576871
69171508
60754073
60752490
60754036
60754140
60753803
60755005
60755535
60755679
60755109
60755929
60754686
60754916
60755380
60756574
60756249
60756606
60755866
60756886
61065406
61594654
62156366
62751718
63348470
63944145
64507024
65103150
65700408
66295513
66857531
67454184
68049080
68647184
69355350
60756146
60756471
60757652
60757721
60757169
60757930
60756808
60757033
60757327
60758778
60758851
60758422
60758846
60759048
60759165
60758530
60759411
60802986
61366692
61861767
62423862
63021166
63582937
64179783
64741676
65338751
65900534
66396382
66959998
67556289
68151326
68748249
60759550
60760141
60761154
60761050
60760416
60761138
60761370
60760256
60760286
60760519
60761766
60761738
60762256
60760808
60761038
60762389
60761599
60762927
60806352
61336340
61865518
62427406
63023331
63619612
64216324
64812211
65374185
65970457
66566649
67162959
67759607
68320609
68917148
60763207
60763006
60764004
60763420
60764113
60763084
60764317
60764593
60764538
60764713
60764690
60764663
60765367
60764346
60765566
60764596
60765645
60764278
60875549
61405369
61967773
62430716
62994099
63556932
64153424
64750534
65312497
65908823
66505207
67100247
67696823
68291863
68888396
60768375
60767206
60768230
60767230
60768365
60767573
60767520
60768246
60767317
60768404
60767536
60768578
60767198
60767283
60767536
60767449
60768742
60767995
60978083
61507530
62069846
62632266
63228059
63825748
64387455
64982516
65579800
66141994
66738028
67333068
67930755
68527906
69122329
60769608
60770176
60770092
60769655
60770493
60769434
60769079
60770406
60769789
60770659
60770063
60769959
60770043
60771576
60770222
60770153
60771474
60770649
61014772
61511136
62073359
62635001
63197551
63794546
64357030
64953503
65516618
66078554
66675040
67271256
67833942
68429118
69026892
60771909
60771990
60771988
60772079
60773506
60772574
60773732
60772630
60773005
60773169
60773609
60773777
60773243
60772746
60773076
60773973
60772767
60774037
60950474
61413284
61975148
62537611
63133412
63696506
64259202
64856196
65417847
66015372
66577684
67173836
67736356
68331220
68929164
60774726
60774858
60774939
60773910
60774791
60774721
60775084
60773483
60773638
60775133
60774918
60775158
60773787
60775269
60775081
60775060
60774572
60774823
60853800
61316065
61878129
62473993
63036188
63631780
64228604
64790598
65386621
65983181
66579349
67175613
67738264
68333392
68930797
60776627
60776981
60776791
60777018
60776770
60775919
60775596
60777011
60776383
60776979
60775927
60777193
60776327
60777118
60776026
60777364
60776629
60777348
60820833
61283750
61847331
62408107
63005650
63567283
64164421
64725897
65322297
65919570
66481644
67076724
67674665
68235660
68833449
60778588
60777479
60778373
60778250
60777719
60777822
60777378
60778649
60777927
60778487
60778795
60777161
60778783
60777319
60778921
60777951
60778891
60777625
60778971
61119935
61682085
62244175
62841005
63403610
63966189
64563493
65125357
65722677
66283685
66880581
67478349
68039229
68637381
69198077
60780476
60779314
60779327
60779291
60779441
60780671
60779922
60780736
60779543
60780763
60779909
60781002
60779787
60781168
60780096
60781073
60779655
60781121
61155567
61718434
62279416
62875149
63471703
64068767
64630522
65226642
65823298
66419279
67015447
67546311
67875855
68173153
68604802
69167298
60782299
60780939
60781169
60781645
60781523
60781482
60782304
60782488
60782588
60781765
60782448
60781715
60782710
60782095
60782651
60781532
60782760
60781841
60958353
61487332
62049389
62646282
63242075
63804021
64400388
64996732
65558524
66154732
66751690
67347586
67944387
68506864
69102235
60782526
60783304
60782592
60783550
60782711
60783796
60783870
60782975
60783044
60782932
60783955
60783175
60783721
60784102
60784410
60784103
60783599
60784971
60784907
60893778
61390465
61919151
62516174
63077498
63673766
64236222
64833622
65395390
65991846
66556023
67051022
67615799
68176526
68774719
60784721
60784773
60785525
60784679
60785757
60784809
60785706
60785732
60785926
60784465
60784869
60785960
60785106
60785873
60786256
60786161
60785135
60786136
60829008
61325460
61887409
62449547
63046301
63643141
64204656
64802085
65398077
65993541
66590837
67185925
67748228
68212301
68809253
60786053
60786208
60787069
60787116
60786069
60786933
60787257
60786412
60787249
60786041
60787261
60786342
60787392
60786071
60786140
60786321
60787571
60787348
60764692
61195457
61723574
62285260
62748653
63313492
63875069
64472486
65034308
65596684
66193762
66756093
67352546
67915127
68513135
69073873
60788728
60787882
60787208
60788847
60787518
60789085
60788182
60787570
60788942
60788222
60788380
60789038
60788247
60788069
60789559
60789393
60790570
60789782
60801333
61263514
61792486
62355838
62917846
63515031
64077833
64639910
65202778
65800210
66360804
66924513
67522169
68082916
68679844
60804397
60790777
60790002
60790132
60791411
60790570
60791688
60790361
60791576
60790624
60791613
60790458
60790464
60790658
60790706
60790298
60791967
60792192
60790884
61166634
61694231
62256655
62853340
63415740
63978294
64541494
65138654
65700614
66296985
66858994
67456842
68018016
68615928
69176760
60791558
60792096
60792411
60791360
60792629
60791855
60792744
60792682
60791911
60791438
60792989
60792373
60792267
60792809
60793086
60793004
60792093
60792861
61035478
61563200
62160140
62721371
63318928
63880656
64476840
65072928
65669124
66265200
66861748
67458348
68053364
68616112
69210840
60793434
60793518
60792858
60793419
60792242
60792349
60793697
60792773
60792407
60793889
60793564
60793740
60792623
60793974
60793633
60794018
60792620
60794145
61068779
61630808
62226507
62788539
63384741
63980586
64543677
65139583
65737182
66333329
66895742
67492070
68088508
68650923
60794421
60794872
60795548
60794387
60794413
60794348
60795758
60795845
60795220
60795595
60794838
60796000
60795193
60796033
60795180
60796179
60795551
60796090
60839396
61369965
61932060
62493249
63090370
63652197
64247882
64810866
65407056
66004563
66566841
67163084
67758420
68354869
68951604
60797113
60797186
60797182
60796023
60797240
60796569
60797399
60796376
60797545
60796602
60797593
60796077
60796285
60796669
60797845
60797475
60796771
60797673
60841747
61336783
61900207
62462257
63024658
63587107
64182939
64780171
65341956
65939581
66501660
67096725
67694493
68255236
68852125
60797736
60797032
60798136
60798046
60798213
60797003
60798324
60798411
60797792
60798165
60798448
60798374
60797768
60798242
60798410
60798363
60797624
60798370
60842070
61305179
61867526
62462203
63059697
63621425
64217321
64813358
65410054
65907508
66469516
67065924
67661324
68257543
68854436
60798518
60799272
60798065
60799379
60798092
60799436
60799205
60798493
60799314
60799546
60799456
60798476
60799367
60799636
60799651
60798871
60799711
60798676
60877497
61405375
61968639
62529895
63125839
63722536
64285359
64882464
65444151
66040576
66603767
67198815
67795794
68391767
68988304
60801264
60800420
60800489
60801545
60800875
60801344
60801656
60801598
60800876
60801678
60800391
60801576
60800882
60801886
60801612
60801975
60800431
60800580
60879619
61374578
61837194
62366346
62929386
63526651
64087999
64651058
65248311
65810415
66405570
66968794
67565311
68161608
68724282
60801230
60801640
60802452
60802665
60802661
60801913
60802820
60801883
60802922
60801995
60802876
60802720
60802901
60801720
60803028
60803320
60803152
60801653
60848050
61342980
61904774
62500988
63062902
63660028
64221518
64818876
65380467
65976731
66540342
67135270
67733103
68293809
68890633
60802894
60803685
60802676
60802711
60802651
60802809
60803983
60803059
60803891
60803297
60804245
60803604
60804229
60804357
60803404
60804295
60803566
60804465
60847744
61344149
61906125
62501118
63098502
63661326
64222806
64820159
65382167
65979030
66542799
67103438
67700159
68262335
68860207
60805217
60804270
60803658
60804863
60804298
60804119
60805299
60804175
60805165
60804348
60805229
60805057
60805361
60804138
60805518
60805431
60804661
60805350
60850356
61378293
61908107
62470315
63032101
63628173
64225268
64821367
65383146
65979874
66575687
67170777
67767634
68362418
68959539
60806195
60804957
60806184
60806588
60807580
60807812
60806555
60807108
60806468
60807921
60807537
60808002
60807711
60807828
60807805
60807164
60807896
60806823
60884306
61413818
62009883
62605606
63166845
63764100
64325821
64888782
65485919
66047900
66611270
67207255
67769724
68366109
68928532
60807222
60808528
60807125
60808414
60807779
60808706
60807592
60808828
60807968
60808951
60808728
60808960
60807554
60809012
60807797
60809025
60808325
60809135
60852494
61415871
61910850
62472866
63035882
63632891
64194335
64757498
65354560
65916754
66513547
67074943
67672923
68233711
68830343
60808382
60809665
60808987
60809628
60808283
60809739
60808609
60808555
60809772
60809166
60809863
60808789
60810009
60809184
60810124
60808744
60808738
60809010
60820618
61316602
61878626
62440490
63003981
63566800
64163581
64725528
65322761
65884629
66480893
67043072
67639581
68235974
68798824
69408674
60809600
60809996
60810871
60810049
60810927
60810061
60810043
60811191
60810326
60811108
60811168
60810059
60811359
60811179
60811317
60810021
60811436
60811307
61119219
61715580
62277708
62838827
63435780
63999305
64561102
65125241
65687249
66216193
66779467
67375849
67972476
68534843
69131300
60810528
60810529
60811735
60810759
60811965
60811220
60811279
60811971
60811990
60810862
60811243
60812087
60812313
60812094
60810915
60811438
60811548
60812283
60889956
61385195
61946826
62543645
63105448
63668067
64264925
64826744
65423589
65986117
66582317
67178621
67742429
68338597
68902405
60813251
60813522
60814662
60813512
60814604
60813779
60814245
60813496
60814614
60813899
60814721
60813443
60813571
60813752
60814959
60814728
60815019
60813600
60825437
61254977
61752279
62280346
62876836
63439092
64036060
64597718
65193764
65790116
66386420
66982828
67544971
68140292
68737284
60814393
60814851
60814231
60815582
60814496
60815665
60814682
60815721
60815659
60815920
60814466
60815961
60814632
60815995
60815098
60816030
60814586
60814990
60793143
61289303
61819415
62381639
62977559
63539374
64135183
64731279
65328663
65924855
66521191
67116327
67712927
68308047
68870655
60815913
60815163
60816815
60817078
60815878
60816662
60816851
60816865
60816165
60816420
60815816
60817044
60815709
60816296
60815965
60817121
60817059
60817176
60794511
61290432
61853437
62415716
62977715
63573365
64169347
64766532
65328285
65924747
66521027
67116163
67712835
68307859
68872723
69415488
60817621
60816979
60817538
60816335
60817721
60816907
60817955
60816915
60817964
60817157
60817873
60816856
60818033
60817232
60817995
60818282
60817025
60818279
61192390
61721473
62284652
62846079
63409571
64006499
64568469
65165225
65727455
66323874
66886087
67482571
68078883
68641515
69236547
60818131
60817929
60818989
60818264
60818708
60819028
60817785
60819080
60818129
60819087
60818367
60819304
60818539
60819266
60818249
60819469
60818726
60819402
61062133
61624754
62186468
62747882
63310436
63908308
64469972
65067294
65628270
66224415
66822063
67416855
67979454
68576247
69172551
60819375
60818628
60818871
60820147
60819527
60820273
60819156
60819116
60819043
60820415
60820367
60822268
60820798
60822336
60822556
60822498
60821041
60821165
61097561
61659314
62255762
62816817
63413701
64010437
64572322
65168282
65765754
66360826
66923074
67519866
68115866
68580426
69174738
60822052
60822902
60823083
60822435
60822821
60823163
60823183
60822504
60823124
60822083
60823391
60822392
60823332
60821931
60822139
60822312
60823527
60823717
61131423
61693589
62255704
62852243
63414685
63977656
64574056
65136677
65698928
66294757
66892456
67454720
68051045
68613543
69209016
60822734
60822863
60824211
60823403
60823636
60823118
60824425
60823456
60824345
60824275
60824783
60823254
60823455
60824550
60823930
60824498
60824776
60824782
61165562
61728931
62289763
62852149
63415656
63978296
64508302
65037117
65600609
66197734
66760035
67356206
67918739
68515184
69110334
60825113
60824288
60825335
60825185
60824449
60825249
60824494
60825503
60824888
60824847
60824446
60825572
60824704
60825585
60824315
60824376
60824616
60825849
61101641
61629503
62225935
62787268
63384803
63946698
64543644
65105576
65701845
66263960
66860173
67457941
68020077
68516432
69078696
60826066
60824977
60825306
60826462
60826385
60825853
60826319
60826653
60826638
60825951
60826555
60825581
60826809
60825831
60826830
60825565
60826945
60826026
61036706
61564851
62161493
62723729
63285087
63883080
64444997
65041082
65602828
66200340
66762420
67358944
67921309
68518363
69080200
60827711
60827792
60827737
60826556
60826690
60826851
60828042
60827803
60828145
60826961
60828261
60828148
60828378
60828053
60828403
60827101
60828563
60828366
60805951
61235861
61797521
62360979
62922542
63485889
64082065
64645648
65207334
65770819
66366936
66929249
67526816
68054747
68619584
69180568
60828306
60829243
60827925
60829082
60828114
60828468
60828629
60828320
60829799
60828231
60828463
60829670
60829396
60829572
60828514
60829768
60831383
60830671
61008349
61569301
62166055
62727695
63324042
63886380
64482268
65079324
65674732
66236738
66834324
67396332
67926820
68488828
69085620
60831865
60831217
60831947
60830992
60831429
60832264
60831450
60832370
60831536
60832422
60831730
60832390
60831322
60832550
60831674
60832737
60831306
60831362
60975512
61537512
62099307
62661957
63259019
63821810
64383888
64980578
65542773
66106145
66703178
67264421
67861810
68422832
68986440
60832546
60833274
60833155
60832673
60833200
60833445
60833364
60832625
60833697
60832804
60833741
60832977
60833615
60832598
60833869
60833227
60833786
60832812
60910367
61473836
62034871
62630713
63227265
63788924
64385102
64980973
65543896
66141201
66703353
67265240
67762721
68325145
68888488
60833963
60833564
60834482
60833603
60834543
60834806
60833586
60834755
60833490
60834797
60833959
60834908
60835216
60835107
60833574
60835103
60835010
60834441
60845237
61341021
61871308
62399172
62995444
63558236
64154052
64751413
65313196
65909348
66505717
67034868
67599509
68160212
68758316
60834420
60834853
60834424
60835729
60834539
60835742
60835042
60835698
60834698
60835864
60834999
60835906
60836130
60836035
60835378
60836018
60836236
60836061
60814352
61277571
61805347
62368659
62929915
63460136
63989973
64587307
65149662
65711338
66308587
66871874
67433341
68030571
68593138
69189370
60836213
60835602
60836888
60835710
60836924
60836158
60836996
60835645
60835816
60836048
60837327
60837146
60837271
60835853
60837369
60837516
60837348
60835959
61045957
61642673
62205002
62766130
63362546
63925369
64521356
65084444
65679434
66276944
66839121
67434362
68032000
68628888
69223953
60836578
60836677
60837954
60837414
60838039
60836890
60838096
60837184
60838175
60837989
60838207
60836967
60838369
60838704
60838560
60837175
60838502
60838549
61114522
61675440
62238872
62800067
63363646
63960510
64522305
65085516
65647372
66210492
66709052
67270988
67833492
68429788
68992380
60839079
60837913
60839490
60837984
60838295
60839350
60839298
60838034
60838642
60839496
60838501
60839515
60840834
60841620
60840458
60841627
60840970
60841646
60886010
61347649
61909956
62506180
63068303
63665295
64226820
64824216
65386109
65982784
66545565
67141992
67704165
68300600
68863363
60841139
60841483
60842179
60840975
60842348
60841517
60842398
60842220
60841457
60841631
60841671
60842507
60841439
60842557
60841836
60842743
60841567
60842736
60819533
61315863
61845656
62373814
62970436
63567229
64128716
64724764
65322076
65918285
66479038
67075546
67672548
68268151
68865276
60842124
60842397
60843323
60843296
60843498
60843309
60843592
60843497
60842840
60842295
60843675
60842490
60843709
60843271
60843693
60842684
60843976
60843220
60854033
61384611
61879108
62441308
63004463
63601344
64164183
64726023
65323280
65886440
66381191
66944615
67542247
68103151
68701040
69261807
60844236
60843120
60843242
60844476
60843648
60843554
60844576
60844692
60844667
60843839
60844580
60844740
60844666
60843954
60845231
60844940
60844931
60844087
61020478
61549671
62111390
62674444
63271105
63833003
64396314
64991464
65554643
66151904
66680960
67243163
67840808
68401803
68998456
60844419
60845468
60845348
60844499
60845486
60844337
60845463
60844740
60845672
60845543
60845834
60844530
60846004
60846210
60845941
60844730
60845937
60845907
60955229
61517590
62079598
62642566
63205049
63801905
64363596
64960849
65523090
66118932
66617340
67179348
67741537
68337972
68900633
60846248
60845589
60846562
60846492
60845874
60846548
60846874
60846961
60846079
60847008
60846246
60847191
60846419
60847377
60846339
60847361
60847347
60846099
60891698
61387639
61915845
62511756
63040668
63637714
64200490
64763438
65292138
65856707
66418650
66982002
67544503
68140658
68703480
69299464
60847784
60846588
60847715
60847037
60846605
60847812
60846699
60848023
60847498
60848075
60847093
60848270
60847532
60848077
60847111
60848339
60847591
60848366
61123112
61652617
62181624
62645528
63173784
63771009
64332475
64895515
65492860
66054715
66618334
67213759
67809971
68404899
69003052
60848563
60848742
60848621
60847828
60847398
60849064
60848681
60848071
60847642
60849107
60848913
60849204
60848015
60849323
60849151
60849311
60848287
60849451
60926748
61421670
61983678
62580503
63141990
63704678
64268751
64830278
65426366
66024031
66586238
67181366
67779095
68339862
68936862
60848626
60849674
60851028
60852167
60851705
60851057
60852480
60852287
60852447
60851596
60852381
60852636
60852549
60851367
60851988
60851436
60851412
60852540
60851687
61259664
61821843
62384094
62981390
63543030
64138790
64635638
65198638
65796158
66357142
66953742
67551126
68111845
68708830
60852237
60852453
60853150
60852157
60853528
60852704
60853593
60853370
60853674
60852319
60853678
60853962
60852367
60853055
60853661
60853846
60852530
60853843
60831944
61295140
61822732
62419188
62981103
63544005
64141173
64703072
65300243
65862018
66458459
67020914
67618435
68179354
68775930
60853246
60853298
60854132
60853020
60854636
60853084
60853895
60853813
60855121
60853988
60854866
60854166
60854362
60854057
60854951
60854120
60854861
60855109
60855001
61261863
61757871
62286882
62883475
63446285
64008967
64606122
65168104
65765320
66326296
66922633
67520310
68081064
68678872
69240144
60855206
60854630
60855618
60854793
60855732
60854317
60854606
60855062
60855986
60855763
60855944
60854611
60856119
60854832
60854795
60855158
60856247
60854795
61231241
61725990
62288236
62884631
63448311
63976668
64540876
65103964
65664759
66227878
66824348
67420703
67982868
68546703
69043916
60856555
60855521
60856805
60855967
60856885
60855558
60856972
60856075
60857210
60856835
60856952
60855981
60857188
60855778
60855743
60856181
60857222
60857042
60966736
61496850
62024746
62587121
63184141
63746890
64308562
64905690
65467690
66030810
66628322
67189434
67786930
68348066
68945818
60857100
60856413
60857938
60857584
60857998
60857787
60858019
60858148
60857080
60857877
60858227
60858175
60857531
60858166
60858398
60858209
60857776
60858200
60901450
61397868
61959604
62521524
63118964
63681935
64243422
64740327
65304551
65866615
66461671
67025135
67622823
68217887
68780327
60857705
60858283
60857710
60859133
60858894
60859173
60858465
60859033
60859261
60857940
60859325
60858465
60859592
60858132
60859415
60858569
60859560
60858404
60859463
61300576
61795258
62357452
62920186
63451567
63980213
64577390
65140422
65701344
66298614
66860647
67457209
68019503
68616157
69212588
60858951
60858700
60859969
60858538
60858951
60859180
60860184
60860012
60860311
60859308
60860400
60860156
60860353
60859278
60860426
60860321
60860497
60860448
61002954
61498928
62062069
62623799
63185985
63748865
64345857
64907881
65470815
66068207
66630475
67225395
67823229
68384239
68980883
60860015
60860814
60860128
60860859
60860986
60860178
60861134
60861156
60861042
60860460
60861116
60861270
60861196
60860691
60861267
60861494
60861388
60860785
60872780
61335597
61863236
62458493
63021856
63584613
64184149
64745813
65343323
65905269
66501437
67063853
67660093
68256456
68819184
60863249
60863614
60864332
60863405
60864447
60863402
60863642
60864929
60864618
60864850
60864157
60864714
60865103
60863837
60865057
60864128
60863871
60865286
60863949
61207297
61735356
62297317
62827838
63390328
63987135
64548910
65144884
65741207
66303460
66899607
67497471
68058228
68654953
69250159
60864323
60865612
60864587
60865801
60865029
60866020
60864525
60864768
60865005
60866140
60864773
60866137
60865170
60865207
60866102
60866170
60866058
60865021
61041946
61538960
62066519
62663568
63224805
63787845
64384634
64946378
65543821
66105725
66703362
67298410
67860845
68457069
69019597
60866065
60865797
60866977
60866865
60866141
60866789
60865811
60866321
60866536
60865797
60867094
60866922
60867200
60866133
60867345
60866104
60867345
60866669
60877643
61340445
61903453
62464549
63061738
63623373
64186152
64782245
65345264
65941536
66503704
67099976
67663471
68258512
68856755
60880649
60866917
60867897
60866766
60867902
60868138
60867432
60867535
60867398
60868268
60867539
60868120
60867387
60868300
60867358
60868299
60868475
60868420
60846601
61275519
61804319
62333311
62896264
63459381
64055171
64652563
65214459
65810424
66405488
66903968
67466040
68028656
68626416
69187168
60868945
60867928
60868844
60867913
60869007
60868339
60868937
60868163
60869148
60868144
60869051
60869171
60869199
60868270
60869248
60869548
60869296
60869616
61012350
61540995
62102864
62700033
63162304
63658968
64155563
64653708
65182315
65779900
66340608
66904307
67466651
68063776
68626184
69188643
60869058
60868957
60870107
60870428
60870188
60868927
60870328
60870250
60870324
60869166
60870493
60870388
60870497
60869438
60870811
60870435
60869355
60869702
61046159
61641062
62136982
62700054
63196245
63759222
64356150
64918246
65480870
66078326
66640646
67236798
67799350
68394350
68992230
60870130
60871154
60870923
60871337
60870017
60871507
60871174
60871531
60870096
60871693
60871760
60871520
60870296
60871647
60870221
60871542
60871016
60871612
60881852
61412331
61874880
62402759
62965823
63562755
64124802
64687658
65284843
65846770
66408914
67006419
67569122
68165123
68727898
69323882
60872098
60870819
60870859
60871293
60872356
60871723
60872361
60871590
60871563
60872626
60871064
60871315
60871560
60872695
60872702
60872547
60872783
60871723
61082031
61578514
62106397
62668820
63231540
63828594
64389986
64986557
65549258
66146682
66709125
67305098
67867789
68463658
69026413
60873031
60873177
60873028
60872432
60873368
60872389
60873302
60872518
60873374
60873643
60873599
60873595
60873069
60873565
60873776
60873634
60873687
60872586
60883927
61380102
61942561
62538246
63100233
63663088
64259313
64856225
65418153
66015457
66577812
67173897
67736137
68332505
68894880
60873225
60873435
60874291
60874654
60874551
60873758
60874505
60873662
60874671
60873806
60874590
60873620
60874778
60873726
60876414
60877815
60877702
60877885
60876924
61285167
61848101
62443325
63005428
63602273
64163868
64761188
65323162
65919242
66515530
67077588
67675516
68236422
68834316
60893522
60877486
60877249
60878352
60878411
60877266
60878482
60877836
60878542
60878761
60878806
60878910
60877526
60877692
60878834
60878294
60878806
60878966
60878962
61219962
61748797
62345219
62907567
63470959
64032759
64595519
65192923
65753431
66316917
66914499
67476384
68038991
68602522
69197583
60879322
60878424
60879340
60879503
60878783
60878396
60879752
60879515
60879857
60878726
60879789
60879686
60878931
60878558
60880053
60879822
60880049
60879190
61121165
61617375
62179639
62775095
63372000
63934485
64530802
65127752
65688663
66284599
66881007
67444383
68006791
68571696
69133768
60879159
60880357
60879722
60880691
60879282
60880688
60879828
60880752
60879359
60879639
60879841
60880925
60879609
60881037
60880380
60880862
60880198
60881093
60924109
61420435
61983611
62544227
63140699
63703518
64299214
64896463
65458278
66054406
66651254
67246918
67843814
68438895
69035751
60881457
60880255
60881526
60880803
60881837
60880406
60880585
60880915
60882058
60880534
60881911
60881358
60882032
60880913
60881951
60881123
60880771
60882202
60959472
61455930
61983613
62545784
63143037
63638626
64169485
64698093
65295442
65857349
66453666
67016093
67579349
68174410
68738228
60881649
60881839
60882900
60882638
60882623
60882024
60882686
60882875
60882807
60882390
60882822
60883189
60881902
60883093
60883142
60882219
60883063
60882028
60883070
61225269
61753162
62315385
62911946
63475255
64036929
64634087
65196031
65792099
66354111
66950821
67548360
68109215
68707175
69268165
60882358
60883679
60882341
60883705
60882823
60883725
60882532
60883679
60882877
60883839
60882806
60884034
60883292
60883953
60884173
60884272
60884261
60883030
60993455
61456831
62018746
62581109
63177524
63741015
64302499
64899861
65461939
66024847
66621225
67183403
67779851
68376171
68938581
60884960
60883659
60884706
60884550
60884972
60883659
60885103
60884787
60885027
60883795
60885197
60884872
60885155
60884008
60885215
60885094
60885215
60885331
60862331
61325544
61854245
62450486
63012752
63575224
64138040
64701264
65298457
65860597
66456665
67018664
67616590
68177288
68775384
60884546
60884859
60886107
60884950
60886032
60885281
60886016
60885075
60886094
60886135
60885104
60886534
60886112
60886175
60885080
60886139
60886350
60885671
60863882
61293398
61855344
62417400
62980374
63543469
64139234
64702364
65299556
65861618
66457794
67020034
67617762
68178466
68775314
60885808
60886294
60885625
60887056
60885935
60887098
60886158
60886942
60886303
60887173
60886561
60887094
60887297
60886159
60886225
60887306
60887497
60886515
60887402
61162479
61658197
62220697
62817170
63378830
63975974
64538273
65135180
65696321
66292673
66890156
67450857
68047369
68645481
69240781
60887267
60886977
60887048
60888052
60888151
60886977
60887345
60888392
60888211
60888379
60887355
60888570
60887262
60888647
60887664
60888575
60887574
60888703
61030821
61528021
62055781
62618445
63215037
63776950
64373971
64935763
65498990
66096275
66658245
67253366
67851291
68412206
69008939
60888760
60887830
60889164
60888323
60889278
60888465
60889474
60888681
60889326
60889604
60889455
60888886
60892758
60893020
60892922
60892395
60891729
60893106
60970325
61465878
61994384
62590662
63153763
63716587
64278307
64875347
65405381
65901261
66463125
67026524
67624413
68185117
68783221
60906479
60892646
60893532
60893745
60893658
60893154
60893366
60892836
60893840
60893383
60893807
60892764
60894061
60893014
60894053
60893510
60892806
60894162
60892900
61202261
61764027
62326142
62922867
63485011
64082083
64643816
65241210
65803215
66398135
66995807
67592407
68153178
68750426
69345151
60894430
60894603
60894166
60894555
60894830
60894866
60894035
60895052
60895105
60894938
60894158
60894819
60895030
60895034
60894625
60893849
60895363
60895526
61269384
61732667
62261316
62791960
63354431
63916033
64479913
65076197
65639216
66201021
66798741
67359573
67957430
68518344
69115011
60895748
60895692
60894430
60894950
60895640
60895671
60896076
60894570
60894973
60896128
60894684
60895997
60895348
60896052
60895204
60896074
60895038
60896118
60940427
61436628
61964353
62560634
63122655
63685434
64248217
64845586
65407670
65970685
66566882
67129266
67692418
68288910
68851308
60909615
60896734
60895283
60896574
60896452
60895805
60895563
60896927
60896873
60896931
60896166
60896182
60896123
60896278
60897181
60896016
60897193
60896307
60897163
61105643
61667641
62230513
62826793
63389337
63951916
64548913
65109825
65672731
66269340
66866657
67427580
68025289
68588052
69182913
60897735
60897086
60898079
60897046
60898087
60897315
60898042
60897126
60898135
60897299
60898313
60897241
60898199
60897427
60896910
60897051
60898331
60898312
61040737
61603952
62164784
62760955
63324232
63886056
64482704
65044797
65641238
66238342
66800611
67395467
67993331
68590174
69151091
60898659
60898277
60898830
60897718
60898683
60898911
60898342
60898806
60897789
60899017
60898593
60899510
60899316
60899210
60898225
60899225
60898204
60899397
61042132
61538376
62099894
62662510
63225350
63822359
64383966
64981100
65542691
66140431
66702895
67298847
67860963
68457479
69020249
60899722
60898820
60899934
60899346
60899921
60898943
60900122
60899582
60899217
60900381
60900405
60900241
60900350
60899457
60900482
60899369
60900610
60899715
60911925
61340384
61902393
62464753
63062073
63623513
64186513
64783697
65345441
65942969
66503897
67100169
67663713
68159945
68723345
69318961
60900867
60899804
60901133
60900513
60901060
60900329
60901357
60900627
60900583
60900489
60901426
60900489
60901243
60900273
60901523
60900630
60900206
60901658
61177571
61705658
62301913
62862997
63426370
64022230
64585555
65148411
65744581
66306521
66869725
67466209
68028651
68626531
69187414
60902016
60901321
60902011
60900794
60901887
60900782
60901299
60902355
60902364
60902252
60902480
60901764
60901054
60902527
60902398
60901377
60901723
60902663
60925245
61293303
61855769
62418073
63014548
63477848
64041938
64604213
65200149
65762301
66359677
66921893
67518061
68080637
68644028
69240493
60920531
60919592
60920606
60919580
60920893
60920265
60920839
60921087
60921107
60921080
60921345
60920514
60921420
60921704
60921591
60920814
60920636
60921971
60965753
61461743
62023946
62585828
63183385
63744858
64307689
64904896
65466760
66029904
66627643
67188288
67786330
68346888
68945139
60921997
60921992
60923266
60923053
60922861
60922169
60921810
60923407
60923321
60922236
60922794
60923713
60922741
60923718
60922717
60923123
60923902
60924019
60923297
61364028
61927231
62489455
63051591
63648581
64211413
64773512
65336018
65899180
66495546
67057682
67621148
68217522
68780192
69376325
60924610
60924962
60924684
60923572
60924287
60924863
60925050
60924980
60924630
60923838
60925111
60923956
60923956
60924444
60925223
60925486
60925295
60924827
61166893
61730658
62292915
62855106
63416469
63983864
64579762
65141877
65739187
66301301
66864397
67460754
68023293
68621058
69182013
60928435
60930014
60929754
60929180
60929730
60928705
60929691
60929794
60929076
60929783
60929959
60930004
60930007
60929250
60930016
60929186
60930091
60930416
60940935
61471067
62033090
62593762
63156850
63720073
64282880
64845848
65408608
66005224
66568032
67130072
67727984
68288672
68852520
60929899
60929651
60930002
60930814
60929779
60930856
60929862
60930251
60931183
60930198
60931086
60930317
60930059
60931321
60930136
60931393
60930643
60931347
60930312
61306012
61834811
62396633
62958990
63556863
64118262
64681262
65278711
65840494
66402638
67000303
67562686
68158846
68755703
69316430
60930926
60932068
60930908
60932140
60931643
60932037
60932259
60932131
60931110
60931507
60932375
60931507
60932550
60932510
60931659
60932527
60931777
60932610
61108078
61671595
62199235
62762011
63324803
63921796
64484500
65047475
65609259
66172379
66735867
67332092
67895699
68456371
69054596
60932510
60933115
60932132
60933383
60932754
60932466
60933393
60933522
60933317
60933610
60932615
60933539
60932706
60933560
60932759
60932690
60933797
60932865
60933762
61375131
61903184
62465218
63062514
63624002
64187077
64784130
65347170
65909293
66505458
67067509
67631210
68227298
68789866
69351898
60934282
60933159
60934751
60934637
60933484
60934763
60933637
60934905
60934240
60934910
60935160
60935047
60933997
60934573
60935154
60934192
60935218
60934189
61144075
61706163
62302956
62863992
63426818
63990429
64587418
65148280
65711192
66274405
66871976
67433168
68030688
68592176
69189546
60935776
60935990
60935282
60935980
60936075
60936138
60935654
60935119
60936365
60934964
60936503
60935774
60935646
60936323
60936492
60936587
60936419
60936713
60914293
61444141
61972021
62534165
63097253
63694389
64256173
64852461
65415029
66012541
66573349
67170629
67767525
68328477
68926413
60936364
60936564
60935838
60935944
60937241
60936204
60936579
60937578
60936461
60937446
60936445
60936295
60937588
60936542
60937652
60936923
60936352
60937833
60937720
61344874
61907071
62502967
63065247
63627943
64190687
64788079
65349799
65947327
66508023
67071487
67669304
68230079
68793863
69390160
60938324
60937232
60938504
60937762
60938372
60937264
60938378
60938546
60937602
60938635
60937858
60938619
60937418
60937957
60938734
60937957
60938755
60937978
61181645
61744123
62306465
62868664
63430542
63993758
64556870
65118851
65681760
66279145
66842432
67403600
67966904
68563137
69125632
60939377
60939591
60939551
60938322
60939018
60939962
60939667
60938962
60939635
60939722
60938778
60939790
60938946
60939771
60939354
60938709
60940102
60938773
60940094
61380395
61942042
62538357
63100264
63697425
64260247
64821895
65419335
65981271
66543207
67140951
67703599
68265450
68863359
60939381
60939391
60939947
60940516
60940811
60939815
60940841
60940953
60940044
60940794
60940017
60940882
60941113
60940001
60941085
60939964
60941098
60940281
60941017
61250336
61812405
62374526
62937034
63499426
64062270
64624812
65188108
65784276
66347371
66909652
67471723
68069354
68631922
69194130
60940369
60941756
60941008
60941690
60940596
60941738
60941041
60940891
60941988
60940811
60941980
60941035
60941891
60942084
60941955
60940875
60941323
60942116
61018849
61581798
62109486
62672342
63234886
63798825
64360633
64923465
65520738
66083857
66646105
67242338
67804921
68400898
68963665
60941520
60941840
60941451
60942785
60943144
60942848
60942034
60942886
60942021
60942926
60942477
60941773
60943174
60941917
60943238
60942677
60942486
60943221
60943217
61383474
61946544
62508754
63071921
63633900
64196195
64759534
65356652
65918507
66480683
67078252
67640491
68202566
68799291
69395347
60943820
60942549
60942450
60943893
60943014
60943096
60943883
60943128
60944113
60943592
60943104
60944225
60943171
60944289
60943819
60942904
60944361
60944342
61086816
61649168
62211041
62775084
63337685
63866512
64429216
64991919
65555048
66152442
66715794
67276888
67874509
68435589
68999248
60945309
60944427
60944922
60944080
60945089
60943986
60943853
60945122
60944017
60945213
60944369
60945081
60944001
60945369
60944065
60944807
60944682
60944444
60945378
61352596
61919792
62482310
63044833
63608276
64171173
64732810
65295700
65858940
66455300
67017364
67580972
68176044
68739916
69301868
60949500
60950102
60950409
60950174
60949428
60950084
60949047
60950183
60950361
60949604
60950397
60949577
60950434
60949985
60949326
60950575
60950619
60950515
61127247
61655377
62217459
62780312
63376993
63939796
64502566
65064280
65627264
66190777
66788209
67348905
67912673
68475807
69039536
60950462
60951139
60950325
60951331
60950653
60951234
60950162
60951581
60951525
60950719
60951485
60950607
60951664
60950911
60950362
60951907
60950434
60951891
60928789
61458069
62020333
62582325
63179357
63741184
64303983
64901248
65463128
66026272
66622616
67184584
67782568
68343392
68907032
60951407
60951594
60952240
60952445
60952390
60951981
60951429
60952568
60951455
60952492
60951407
60951796
60952597
60951865
60952698
60951596
60952025
60951622
60952877
61261007
61822939
62385206
62981047
63544203
64106515
64669771
65232611
65828979
66390891
66954230
67516305
68114166
68676675
69238937
60953354
60952696
60953501
60952494
60953551
60952878
60952232
60953676
60952427
60953748
60953101
60954165
60952581
60953717
60953893
60953079
60953904
60953097
61063280
61625327
62188215
62751191
63313896
63876615
64438423
65001047
65564231
66127303
66723712
67286967
67849207
68411583
68976408
60953187
60953689
60953411
60954545
60953275
60954668
60954062
60954679
60953707
60954708
60954291
60953795
60954951
60954094
60954999
60954478
60953830
60955129
60953893
61363443
61891366
62453717
63017211
63579355
64143377
64706345
65269452
65830171
66393467
66991100
67551843
68115523
68713340
69274179
60955742
60955019
60954292
60955821
60955908
60956123
60954563
60954997
60955857
60955054
60955988
60955144
60955016
60956129
60954992
60956220
60955219
60954843
60999452
61561937
62124882
62687466
63250050
63812936
64375674
64937386
65501674
66064882
66626866
67190210
67752858
68314450
68878490
60969688
60956040
60955422
60956771
60956628
60956847
60955962
60956928
60955758
60956970
60956134
60956940
60957082
60956969
60957336
60956853
60956247
60957331
60956239
61365479
61893260
62455533
63052387
63614314
64211629
64773210
65370602
65932729
66528916
67058945
67622820
68183617
68781591
69343734
60956895
60957851
60956562
60957690
60958078
60958026
60957274
60957898
60958171
60957045
60958099
60957357
60957236
60958247
60957441
60957727
60958369
60957502
60968571
61498060
62060215
62621845
63184855
63747781
64343753
64906799
65502822
66065879
66662527
67258632
67820877
68417267
68979911
60958050
60958363
60958086
60958052
60958917
60958535
60957839
60959093
60957895
60959208
60958279
60959084
60957996
60959606
60958040
60958590
60959383
60959472
60959345
61300710
61863630
62425630
62986926
63550582
64113265
64676324
65239083
65835457
66398617
66960745
67522681
68086273
68684417
69245113
60959795
60959282
60958973
60959846
60958701
60959821
60958800
60959256
60960166
60959104
60960337
60960297
60959547
60959110
60960503
60959208
60960465
60959880
60937727
61401850
61962654
62524662
63088223
63650702
64213550
64776542
65373726
65903830
66465903
67029239
67591854
68153742
68750847
69312478
60959897
60959885
60961106
60960209
60961041
60959841
60960628
60961073
60961233
60961388
60961471
60960468
60961400
60960628
60961464
60960447
60961396
60960308
61038939
61535253
62097137
62659097
63221435
63783921
64346643
64909820
65472587
66070262
66631387
67194496
67792140
68354161
68916710
60960927
60961078
60960780
60961255
60962055
60962350
60961178
60962251
60961165
60961904
60962362
60961218
60962834
60961242
60961826
60962525
60961644
60962581
60961844
61138074
61634211
62196145
62758825
63322764
63884305
64447017
65010316
65573059
66136251
66733835
67294739
67892427
68453163
69051331
60962656
60962286
60963130
60963284
60963188
60963381
60962580
60962436
60963373
60963492
60962981
60962652
60962380
60963621
60962292
60963677
60962943
60963596
60962516
61238519
61767698
62330162
62892010
63455901
63951470
64447947
65010987
65574291
66071214
66633019
67196566
67793395
68389355
68952126
60977183
60964265
60963369
60964095
60963054
60964235
60964420
60963771
60964539
60964499
60963804
60963667
60963590
60964628
60963427
60964743
60963907
60964670
60963582
61239785
61768829
62365245
62926301
63524130
64085802
64681962
65244672
65806832
66404208
66966592
67528264
68092040
68689993
69250960
60965268
60964838
60965315
60965402
60965406
60964932
60964121
60965680
60965500
60964420
60964911
60965671
60964865
60965807
60965134
60964654
60965903
60964574
61042108
61572591
62101512
62597432
63160592
63723370
64285133
64881019
65444205
66041587
66602186
67199899
67762398
68358563
68921358
60965337
60966428
60965324
60971064
60969671
60969841
60970340
60971157
60970300
60971336
60970874
60970170
60971499
60971370
60970341
60970789
60971515
60970682
60971597
61345494
61875958
62403970
62967423
63464041
63992779
64590481
65152561
65715668
66278757
66840877
67402806
67966652
68562955
69125345
60972058
60972140
60972463
60972217
60971217
60972416
60971279
60972464
60971807
60971741
60972470
60972366
60971646
60972481
60972607
60972022
60972718
60972678
60972566
61280717
61842976
62404853
63001577
63564845
64126317
64723349
65285421
65882953
66443541
67041326
67604109
68199950
68762661
69357581
60972018
60973251
60973165
60973325
60972517
60973465
60972213
60973505
60972784
60973408
60972379
60973448
60972384
60972816
60973625
60972688
60973807
60972955
61149369
61646601
62174584
62738017
63300994
63863745
64426505
64988586
65551201
66114529
66677804
67241063
67804586
68366664
68930432
60989557
60974285
60973642
60974242
60974474
60974496
60973332
60974509
60973609
60974594
60973441
60974569
60974876
60973945
60974826
60973713
60974898
60973817
60973601
61183152
61613179
62076398
62639480
63201328
63798585
64360029
64957385
65519313
66116653
66678719
67275128
67837317
68399452
68997509
60974420
60975415
60975506
60974707
60975580
60975437
60975575
60974394
60975648
60975534
60974742
60974262
60975735
60975665
60975833
60974902
60975857
60974635
60975905
61316842
61846127
62242472
62607574
62937688
63500944
64063665
64660624
65222626
65819156
66380890
66978600
67473272
68071162
68667984
69228805
60976249
60976345
60976302
60975284
60976732
60975358
60976721
60976536
60976776
60976665
60975795
60976648
60975568
60976832
60976872
60976123
60976953
60975832
60977009
61086229
61648602
62210401
62773204
63370083
63931808
64494655
65091123
65654824
66218056
66780167
67376472
67938567
68535032
69097527
60976335
60977486
60976597
60977432
60977521
60976705
60977620
60977682
60976238
60977820
60976952
60977718
60976685
60977862
60977176
60977832
60978023
60978041
60977971
61318977
61847937
62344027
62841473
63402821
64000117
64562452
65124676
65721885
66283949
66847412
67443598
68006149
68602175
69164647
60977467
60978542
60977858
60979079
60977511
60978080
60978354
60977586
60979043
60977642
60979035
60978132
60978287
60979021
60978108
60979152
60978292
60978431
60989376
61486406
62014409
62610590
63172697
63735551
64331188
64894134
65490516
66053643
66649839
67212095
67809858
68370954
68934600
60978640
60979780
60978863
60979192
60979759
60979757
60979367
60978462
60979994
60979851
60980011
60979125
60979941
60980220
60979157
60980208
60978957
60979515
60980182
61289553
61785486
62313337
62875609
63438427
64001465
64599033
65161307
65722988
66286348
66849650
67445880
68008224
68570448
69168264
60980717
60979800
60980824
60980087
60981088
60979970
60980907
60980386
60979661
60981155
60980962
60981181
60980178
60981589
60980493
60981224
60981177
60981347
60958578
61422851
61950427
62512971
63075494
63638659
64235589
64798655
65360509
65923661
66519879
67082146
67679799
68240567
68837457
69399871
60981664
60981867
60981892
60981324
60981843
60982019
60981956
60980979
60981971
60982139
60982027
60982059
60982316
60981675
60982691
60982364
60982235
60981198
61157817
61653999
62183049
62746746
63309194
63872170
64434946
64997986
65560122
66123034
66719834
67282546
67845266
68407026
69004978
60981945
60982160
60982779
60983193
60982950
60981965
60982965
60981869
60983229
60983341
60982045
60983374
60981901
60983438
60982541
60983401
60982701
60983470
60961783
61390638
61953718
62515838
63078110
63640462
64203494
64766518
65363566
65925566
66487710
67085246
67647886
68243854
68806270
69402742
60983768
60982817
60982875
60982835
60984207
60983529
60984112
60983083
60983128
60984416
60983408
60984331
60984580
60983280
60984665
60983635
60983355
60984684
61027925
61523869
62085797
62647901
63244591
63808199
64369614
64932670
65529983
66093215
66654335
67217366
67814423
68375967
68939694
69583042
60985061
60984137
60983841
60985162
60985649
60985273
60984190
60985367
60985241
60985366
60984529
60985474
60985490
60984561
60985409
60984624
60984547
60985601
61260513
61790855
62352263
62915231
63476591
64074431
64636159
65198519
65795591
66357575
66854630
67416759
67981543
68542399
69140359
60986163
60986127
60986168
60985380
60986171
60986390
60986335
60985902
60985070
60986583
60986390
60985302
60985678
60986770
60985542
60986727
60986041
60986622
61029939
61527627
62056561
62585370
63148543
63711271
64272938
64835793
65399063
65962082
66558410
67121695
67684415
68280281
68843079
69439215
60987171
60987386
60987653
60987467
60986804
60987292
60987548
60987429
60986452
60986815
60986940
60986294
60987767
60986574
60987823
60986958
60987678
60987830
61064161
61560689
62090321
62518867
63081425
63645193
64207481
64770641
65333745
65896744
66493097
67055545
67618737
68180857
68744465
69340817
60987433
60986907
60988340
60988414
60988569
60987732
60987879
60988719
60987318
60988826
60988862
60987790
60988865
60987768
60988929
60988809
60988064
60988929
60987944
60989344
60989041
61099599
61660637
62223851
62785147
63382131
63943683
64540821
65102475
65699875
66262091
66825101
67420163
68018075
68612387
69175859
60988223
60989474
60989555
60988884
60989711
60989756
60989602
60989228
60988409
60989861
60995253
60994236
60995130
60994313
60994033
60995250
60994001
60995314
60973570
61436781
61964616
62526686
63123935
63686837
64248344
64844443
65407711
65970581
66566960
67129285
67725761
68287907
68885800
61011076
60994481
60995120
60995766
60996023
60996127
60996067
60995891
60996070
60996229
60995469
60996123
60996190
60995237
60996093
60996270
60995701
60996291
60996425
61040035
61537152
62064832
62627032
63189784
63752768
64349696
64912736
65474520
66037608
66599591
67197360
67759808
68355672
68918456
60995796
60996286
60996211
60996099
60996927
60996174
60997087
60996496
60995928
60997182
60995933
60997262
60996541
60997181
60996101
60997229
60996157
60996715
60997465
61272647
61768391
62331813
62894085
63456773
64018695
64616269
65177375
65740325
66337630
66899605
67496118
68058757
68654678
69217373
60997153
60997990
60997074
60998386
60998052
60998064
60997436
60996956
60998379
60998127
60997039
60997538
60998355
60997514
60998448
60997570
60998383
60997287
61075922
61572425
62133528
62729935
63291311
63887783
64450044
65013154
65610395
66173490
66735562
67297866
67895506
68456474
69020210
60998104
60998388
60998109
60998646
60998008
60999264
60999143
60998100
60998591
60999472
60998367
60999485
60998483
60999382
60998243
60999387
60999549
60998757
60999542
61242382
61770198
62333970
62896154
63457610
64021554
64584468
65146154
65709467
66306720
66869144
67430995
68028576
68589675
69187536
61000143
60999173
61000129
61000283
60999595
61000203
61000439
60999566
61000393
61000527
60999702
61000503
60999454
61000639
60999702
61000566
60999553
61001110
60999786
61374769
61872080
62334214
62863249
63359809
63724249
64253969
64783937
65347825
65910019
66472035
67035443
67598006
68195251
68758228
69319963
61000547
61001294
61000255
61001402
61000755
61000834
61000558
61001487
61001046
61000262
61001647
61001518
61000398
61000945
61001703
61000670
61001898
61000947
61210655
61706238
62235271
62797989
63360696
63957542
64519653
65082774
65645368
66242781
66804821
67401262
67963429
68559894
69056421
61001676
61001043
61002336
61002372
61002470
61001433
61002669
61001543
61002661
61001940
61002759
61001498
61002832
61001822
61002903
61002174
61001593
61002929
61001680
61312111
61839910
62403334
62964334
63527998
64124854
64686785
65283905
65844948
66440969
67037280
67599553
68197177
68759724
69356113
61002813
61003290
61002654
61003580
61002859
61003468
61002339
61004065
61003783
61002945
61003805
61002846
61003823
61003016
61002600
61003929
61002889
61003977
61113394
61642642
62204500
62767180
63364102
63925619
64488552
65051451
65614459
66177611
66775264
67336104
67899504
68461672
69059697
61003452
61003883
61004524
61004702
61004781
61004702
61004247
61003428
61004807
61004678
61003590
61004030
61004919
61003854
61004991
61004334
61004977
61003889
61005089
61346143
61875053
62438363
63000893
63564304
64127133
64690101
65251829
65813829
66376957
66974733
67535429
68000013
68561805
69125845
61004276
61005499
61004370
61005576
61005044
61005059
61004727
61005736
61005346
61004447
61005912
61005785
61004705
61005153
61005930
61005089
61006077
61005233
60983199
61447448
61975159
62571408
63133335
63696352
64292629
64856438
65418217
65981585
66544691
67041931
67569817
68167433
68731241
69292273
61006579
61005725
61006565
61006697
61006642
61006116
61005599
61006853
61006775
61005703
61006151
61007040
61005946
61007184
61006226
61007015
61005937
61007281
61150978
61612885
62175968
62738624
63300104
63897077
64459949
65021669
65618997
66181189
66744509
67340597
67903037
68499205
69061981
61007516
61006747
61007510
61007736
61007544
61007800
61006819
61007924
61006798
61008039
61007310
61007921
61008097
61008026
61007617
61006956
61008226
61008089
61007245
61382347
61911260
62374458
62936664
63499859
64097168
64659218
65221376
65818222
66381445
66877488
67472984
68035992
68598210
69196122
61008662
61007313
61008612
61007909
61008841
61007757
61008904
61008175
61008831
61007735
61009007
61009092
61008212
61009122
61008017
61009266
61008529
61007955
61019803
61548946
62078970
62606674
63169721
63766826
64329642
64891290
65454306
66051810
66612674
67176098
67773866
68334570
68898402
69607872
61009905
61009160
61010251
61009866
61009905
61009488
61008755
61010089
61009976
61008896
61009411
61010228
61010667
61010297
61009192
61010361
61009848
61009480
61185973
61748030
62276893
62839749
63402397
63964941
64561949
65124021
65686845
66284213
66846333
67442701
68004973
68600373
69163885
61010848
61009656
61010925
61010151
61010987
61010295
61011024
61010561
61009820
61011365
61010044
61011293
61010340
61010018
61011432
61010242
61011461
61010732
61022981
61484474
62046410
62642962
63204890
63767826
64330354
64893602
65423786
65920562
66482426
67080170
67642890
68204554
68802442
69363346
61011148
61010766
61011986
61012110
61010993
61012111
61012279
61011694
61010990
61012413
61011092
61012498
61011761
61012793
61011292
61012436
61011257
61011977
61022907
61452658
62015803
62577818
63139810
63702826
64265402
64828522
65391562
65954650
66418658
66881530
67345747
67875074
68437034
69035123
61011953
61012304
61012550
61013262
61012334
61013226
61012484
61012153
61013461
61012233
61013482
61012737
61013900
61012289
61013897
61012353
61012852
61013586
61012788
61288568
61850791
62380239
62942495
63504705
64068457
64631267
65227609
65789473
66352497
66916201
67444801
67976529
68504473
69102433
61013263
61013401
61014315
61013344
61014353
61013468
61014354
61013266
61014417
61014513
61013561
61014586
61013473
61014658
61013713
61014577
61013497
61014777
61013797
61388756
61950700
62512692
63075404
63606965
64169669
64732637
65295687
65856930
66419618
67017391
67578322
68175960
68738450
69334952
61015109
61014514
61015355
61013954
61015485
61014647
61015464
61014383
61015664
61014655
61015503
61014423
61015567
61015743
61014994
61015824
61014865
61015794
61158228
61655536
62183218
62713553
63209442
63772202
64336202
64898362
65460959
66058412
66619432
67188498
67786338
68347184
68911045
69620473
61021151
61021583
61022509
61022507
61022851
61022524
61021715
61021595
61022679
61021523
61022764
61021963
61022648
61021619
61023184
61022872
61022072
61022889
61264756
61793463
62356391
62918663
63480970
64044162
64641743
65202575
65765767
66328687
66926335
67487095
68084935
68646111
69243895
61023280
61023482
61022613
61022176
61023481
61023488
61023728
61022685
61023739
61022474
61023795
61023090
61023712
61022583
61022903
61023184
61023927
61023221
61034252
61497144
62059299
62556529
63086041
63648065
64210907
64808185
65369977
65933305
66529465
67091721
67689121
68250089
68847065
69409217
61023272
61024429
61023535
61024458
61023721
61024441
61024587
61024563
61024727
61024021
61024779
61023930
61024915
61024242
61024818
61023722
61025074
61025114
61168625
61696539
62259814
62822429
63385048
63947824
64510728
65072632
65635608
66198688
66796192
67357585
67920744
68516008
69113760
61024746
61025561
61024469
61025560
61025690
61024941
61024410
61025040
61025150
61025877
61025973
61025933
61025117
61025934
61025111
61026011
61025242
61025135
61026152
61335170
61796853
62359278
62921760
63518470
64080696
64643752
65240134
65801806
66364968
66962678
67523646
68087152
68682615
69247118
61025316
61026583
61026877
61025822
61025525
61026767
61025697
61026954
61026305
61026865
61027164
61026973
61026540
61025777
61027178
61027028
61025942
61026500
61037595
61501509
61963299
62492255
63056016
63619480
64181274
64744248
65306984
65869264
66466569
67028616
67590992
68154328
68752218
69313443
61027787
61027066
61027735
61028010
61027856
61027442
61026730
61028115
61026749
61028150
61027378
61026906
61027567
61028351
61028319
61027618
61027457
61027545
61038621
61468384
61931312
62494664
63056127
63619304
64182031
64745127
65308447
65870047
66467624
67030911
67591720
68155199
68753301
69314143
61028939
61029206
61028230
61029103
61027968
61029072
61028119
61029026
61028048
61029333
61029373
61028408
61029366
61028261
61029432
61028343
61028266
61029522
61072621
61603157
62131332
62692846
63256326
63853190
64415126
64977854
65575054
66136974
66698910
67262494
67860191
68421038
68984902
61045124
61030022
61029136
61028983
61030074
61028977
61030341
61029476
61030124
61030343
61030280
61029863
61029071
61030456
61029095
61030568
61029826
61029791
61029421
61272185
61769294
62297191
62892759
63456719
64018583
64581487
65177511
65741279
66303551
66900207
67461711
68025394
68621487
69184047
61030966
61031144
61029836
61031168
61030625
61030087
61031379
61030007
61031458
61030569
61031386
61030593
61031506
61030705
61031393
61030364
61031609
61030393
61008867
61273569
61571170
61868658
62364698
62895267
63457067
64019354
64583507
65112066
65609122
66106090
66669435
67198570
67761834
68325283
68889019
69416898
61031182
61032277
61032186
61031297
61032344
61031548
61032311
61031164
61031770
61031756
61031265
61032594
61031257
61032650
61032124
61032612
61031473
61033196
61031773
61406861
61970027
62532155
63093758
63656725
64252605
64816926
65378640
65942112
66538142
67100526
67664048
68260198
68822888
69419062
61032481
61032584
61032020
61033105
61033362
61032310
61032448
61033369
61032283
61033376
61032304
61032793
61032776
61033636
61032795
61033700
61033955
61033078
61012178
61441074
61971290
62499306
63061513
63659357
64222082
64785074
65347205
65909461
66506266
67069618
67630482
68194221
68791986
69353349
61034433
61033378
61034269
61034429
61034382
61033762
61033226
61034712
61033193
61034580
61034064
61034113
61034789
61034606
61033829
61033557
61034849
61034856
61112390
61607735
62137602
62699538
63262658
63825434
64388282
64951346
65513146
66076437
66672474
67235818
67798218
68360429
68958250
61034297
61034708
61035327
61034370
61034901
61035057
61034353
61035813
61035561
61035789
61034505
61035396
61035905
61034727
61035825
61035921
61035129
61035946
61035289
61343891
61874222
62402172
62964452
63527208
64090835
64687853
65250110
65811862
66374945
66971897
67533454
68096878
68693246
69255817
61035295
61036447
61035806
61036444
61035681
61036645
61036177
61035473
61036866
61035612
61035823
61036920
61036025
61036028
61036924
61036131
61036348
61037134
61014385
61478568
62007373
62569501
63132061
63695445
64257109
64820116
65383148
65980453
66541293
67105909
67668084
68230300
68828253
69389365
61036549
61036971
61036453
61037652
61036531
61037692
61036798
61037595
61036574
61037747
61037931
61037131
61038093
61037067
61037340
61038083
61037283
61038084
61082621
61544238
62073280
62635767
63198882
63795922
64357338
64920445
65517714
66080866
66641872
67205082
67802784
68363978
68927578
61037758
61037713
61037897
61037839
61037899
61038800
61038108
61038742
61037715
61038894
61039003
61038059
61039151
61038035
61039148
61038347
61037838
61039260
61039107
61347259
61876058
62438695
63000671
63564246
64161117
64724206
65286173
65749135
66313199
66875447
67470719
68068231
68629351
69225791
61039668
61039627
61039523
61039802
61039045
61039693
61039958
61039952
61039273
61039112
61038848
61040089
61038739
61040204
61039430
61040172
61039419
61040316
61018562
61448622
62010590
62572646
63133966
63731718
64294494
64856318
65419214
65982518
66578806
67142126
67704574
68299494
68897646
69458518
61040693
61039593
61040772
61039641
61039945
61040978
61039865
61041058
61040329
61040969
61041180
61041058
61040265
61040044
61041415
61040260
61041437
61040516
61183884
61746097
62242017
62771665
63334609
63897137
64492825
65056809
65618905
66182017
66745368
67340505
67904257
68500305
69062857
61041158
61040774
61041795
61042006
61041951
61040966
61041030
61042266
61041067
61042244
61041451
61042163
61041075
61042408
61041072
61041571
61042388
61041424
61042473
61450900
61945903
62509087
63070523
63633823
64230852
64759427
65356870
65917671
66480675
67044057
67640347
68203963
68766717
69328512
61042953
61043063
61041995
61043033
61041904
61043028
61042187
61042376
61043120
61042276
61043516
61041927
61043371
61042506
61042487
61043481
61043498
61043882
61042585
61417737
61946759
62508934
63071190
63635880
64197502
64760350
65323598
65885420
66448774
67012027
67608303
68170606
68734336
69296576
61043894
61044150
61043313
61044068
61044260
61044118
61043030
61043529
61044314
61044307
61044203
61044526
61043624
61043171
61044566
61043141
61044608
61044023
61055976
61518749
62080930
62609256
63172479
63735098
64297746
64894896
65458000
66021112
66582152
67145170
67741874
68305104
68867658
69463264
61043668
61045162
61043923
61045047
61043939
61044450
61045144
61044287
61045192
61045375
61044461
61045537
61044656
61045497
61044755
61044475
61045681
61044475
61122081
61618416
62180264
62742512
63305256
63868288
64465209
65033800
65630225
66192952
66756248
67351160
67949129
68509864
69074968
69437416
61052206
61052112
61052403
61052976
61052307
61052934
61053017
61051872
61053096
61051776
61052401
61053078
61052208
61052577
61053320
61052579
61053423
61052443
61052948
61395682
61923447
62485717
63081209
63644537
64207794
64770441
65367690
65863449
66393696
66956687
67517895
68115615
68676527
69274479
61053927
61054507
61052874
61053182
61054006
61052813
61054054
61053493
61054468
61054183
61052955
61054276
61053611
61054659
61053107
61054723
61053139
61053611
61066029
61527741
62056727
62620055
63183215
63744754
64307821
64904810
65466639
66029871
66624774
67188239
67751919
68348015
68910719
69506271
61055072
61053772
61055178
61054297
61055201
61054080
61055249
61054528
61055225
61054435
61055385
61054728
61055304
61054200
61055603
61055686
61054737
61055652
61297394
61859490
62323258
62852930
63415506
63977466
64539962
65102793
65700098
66262314
66825682
67420530
67984050
68546057
69077122
61054999
61056330
61055421
61056216
61055415
61056323
61055257
61054961
61056426
61056305
61055241
61055796
61056633
61056585
61056540
61055755
61055577
61056708
61055531
61397702
61893583
62424058
62986271
63548879
64111183
64674263
65236151
65799151
66362599
66925879
67522018
68085593
68646297
69243744
61057189
61056302
61057350
61057427
61056323
61057479
61056107
61057564
61056771
61057470
61057639
61057663
61056542
61057623
61057763
61057009
61057095
61057787
61058262
61400065
61928000
62490064
63052480
63615958
64212892
64775744
65337856
65899800
66496337
67060521
67621192
68184872
68748464
69344609
61058313
61058346
61057357
61057048
61058449
61057205
61058454
61057856
61058573
61058597
61058502
61057701
61057408
61058764
61058592
61057512
61057960
61058900
61102074
61598594
62161570
62723482
63285281
63882474
64444418
65007394
65570218
66133153
66729570
67258834
67789114
68352362
68914922
69510570
61059448
61059397
61058243
61059360
61059451
61058258
61058986
61059533
61059675
61059554
61059722
61058965
61059803
61058733
61059851
61058957
61059821
61058682
61136674
61599232
62161656
62723338
63286434
63850410
64413289
64976347
65539102
66102594
66664529
67227875
67790289
68287340
68784373
69213580
61060668
61060572
61059401
61060460
61060530
61060813
61059495
61060834
61059890
61061046
61059745
61061010
61060180
61060833
61061200
61060913
61061106
61060615
61061481
61270824
61799835
62361707
62890210
63452970
64049883
64612666
65174730
65704346
66234850
66764802
67326810
67890426
68486658
69049373
61060382
61060300
61060720
61061607
61060422
61061633
61061812
61061046
61061804
61060763
61061940
61061321
61061902
61062079
61062379
61060827
61061326
61062103
61061211
Peak: 69667634
Average: 61869146.41050808
