0
82797
389269
805302
1075939
1600876
2339695
2749837
2978831
3487465
3846521
4328605
5197941
5376283
5697102
6167247
6623160
7110741
7360371
7755702
8314941
8734571
9010033
9317985
9559290
9774241
10444200
10689205
11114035
11603529
12404922
12664623
12996106
13492012
14051477
14546047
15093310
15624862
15962099
16277364
16500440
16630509
16698490
17058526
17207106
17495333
17883325
18029068
18255340
19555209
19371795
19557205
19665687
19667479
19904951
20089779
20241458
20410428
20818365
21336834
21637503
22132527
22561223
23217943
23482700
23934688
24249599
24388392
24411942
24559804
24718842
24917125
25087714
25399582
25769756
26109911
26605700
26985581
27590116
28278898
29087122
29713211
29899369
29904257
29906777
29905072
29922709
29941398
30180551
30770055
31271576
31513495
31800049
31940609
32254001
32319242
32411447
32479477
32533285
32604970
32928073
32927698
33384664
34306014
33830728
34322786
34444189
34624508
34667411
34638772
34720914
35026762
35133248
35723375
35845776
36174570
36733421
36804514
37049543
37583043
37654908
37964931
38359445
38359526
38359466
38359623
38222402
38673961
38872756
39051395
39122148
39276898
43181636
43395557
43466162
44063947
44090473
44146693
44197813
44253841
44304911
44371909
44423623
44457210
44499569
44573332
44603602
44806083
44934942
45114727
45459180
45576098
45804518
46252994
46639432
46772601
46825782
47019986
47104993
47183346
47407478
47486847
47604588
47922238
48057176
48299654
48502836
48590766
48731953
49142244
49313230
49450849
49574436
49662088
49849477
50096048
50191736
50278573
50302445
50316445
50349237
50389630
50454712
50435297
50654426
50709852
50799990
51012606
51368091
51477303
51809139
52037725
52415981
52557413
52866974
53047314
53636670
54253562
54458496
54489613
54541532
54609534
54659145
54802361
54940894
54968218
55037992
55503993
55877837
56033393
56464150
56886884
56950801
57307301
57438077
58564422
57665902
57940628
58069762
58137891
58069822
58387937
58509837
58389101
58491163
58620393
58923845
59693450
59814626
59901330
59968938
60027106
60208893
60266329
60314998
61318182
60817381
60933903
61533537
62131598
62698519
63228238
63792255
64355381
64919288
65483506
66046421
66607600
67171067
67734574
68296720
68860240
60938234
60733863
60737316
60737736
60739066
60739992
60740381
60739773
60741009
60740828
60740736
60741497
60740852
60741766
60741410
60742169
60741270
60742699
60719869
61150768
61647371
62243129
62805566
63369233
63965065
64528170
65124053
65687196
66282423
66846179
67442649
68038980
68601464
69163723
60745992
60745034
60745139
60745262
60746557
60746610
60747127
60746030
60746049
60747235
60746593
60747286
60746308
60746918
60746446
60746822
60747979
60746585
61056582
61620302
62115405
62611471
63108063
63705247
64267039
64863711
65425687
65988940
66585315
67181838
67744050
68340507
68902920
60749850
60749062
60750012
60749297
60750377
60749100
60750515
60749677
60750655
60749555
60749451
60749542
60749870
60750798
60750143
60751011
60750971
60749896
60762064
61224990
61787048
62349699
62946998
63508404
64105664
64667576
65263640
65860800
66457112
67018088
67614528
68176440
68773344
60751470
60752156
60752812
60751802
60753014
60752132
60752869
60753015
60752417
60752565
60751717
60753265
60753093
60752026
60752322
60753414
60752229
60753480
60752578
61161295
61690405
62252836
62849310
63411693
63974530
64571496
65133562
65730008
66291496
66854802
67451400
68047608
68610282
69206376
60754760
60754570
60753594
60754262
60754032
60755109
60753982
60755116
60754386
60754561
60753965
60755238
60754687
60753852
60755339
60754588
60755888
60755188
60931732
61495481
62056270
62619450
63216284
63779046
64341793
64938102
65534213
66096337
66627717
67188481
67785386
68381328
68943775
60757473
60757490
60756479
60757629
60756945
60757753
60756530
60756466
60756815
60757878
60756506
60757942
60757082
60758110
60756874
60756783
60757108
60758120
60836093
61365756
61894919
62457068
63020228
63581689
64144434
64707453
65304926
65867075
66430031
66992232
67489730
68051446
68615314
69177058
60759695
60759623
60759839
60758452
60760475
60760260
60759137
60759489
60760647
60759136
60760521
60759829
60760750
60760680
60760071
60760654
60760889
60759475
60969501
61532899
62060951
62657679
63219295
63782191
64379863
64940743
65537847
66099796
66663427
67259515
67821731
68383762
68980614
60760827
60761675
60760903
60761692
60761851
60761764
60761264
60761696
60760581
60761795
60761929
60761208
60761864
60762016
60761634
60761227
60761069
60762284
60806214
61369454
61865650
62393245
62890992
63420247
63983180
64546741
65143946
65706690
66269425
66867301
67429955
68026874
68589828
69185763
60766602
60767408
60767433
60766893
60767272
60767455
60767561
60766690
60766343
60767643
60766791
60767678
60767807
60766495
60767854
60766364
60767800
60766940
61009809
61506451
62069318
62631233
63193603
63790470
64354134
64915343
65478157
66075391
66638757
67199637
67796199
68358110
68956195
60768743
60767899
60768819
60768148
60768882
60769075
60768764
60767738
60768103
60769123
60767946
60769340
60768602
60769621
60769288
60768425
60769170
60769588
60769285
61077640
61641025
62203161
62765553
63328838
63890337
64453561
65050699
65611802
66174618
66737959
67300181
67897987
68460830
69022734
60770140
60769322
60769367
60770798
60770494
60770693
60770367
60771267
60770375
60771376
60771709
60770476
60771662
60770308
60771672
60770938
60771468
60771696
60849118
61344251
61907599
62435094
62998324
63561453
64124042
64721355
65283018
65846430
66441398
67005028
67602670
68163536
68761425
60785638
60771948
60772569
60772611
60772701
60772292
60771545
60771716
60772794
60772977
60772901
60772116
60771844
60773026
60771972
60773200
60772153
60773009
60771972
61049336
61611533
62139405
62701996
63264564
63827805
64391043
64953126
65516387
66113565
66675914
67272010
67835655
68396570
68994530
60772677
60774146
60773202
60772812
60774278
60773008
60774303
60773579
60774089
60773052
60774280
60773575
60773492
60773537
60774507
60773463
60774005
60773716
60751748
61183542
61745577
62306793
62869128
63432675
64028864
64591473
65188881
65750817
66312875
66910644
67472906
68069378
68600009
69061773
60776547
60775999
60776658
60776676
60776740
60776140
60775487
60776809
60776658
60775621
60775983
60777135
60775795
60776964
60776374
60776934
60775861
60777142
60920232
61382601
61911431
62473485
63036949
63599525
64162389
64725296
65288504
65851752
66413495
67011213
67573920
68135816
68733720
60776745
60776658
60777671
60776730
60778243
60778296
60776991
60778182
60776959
60778281
60777560
60778200
60777208
60776970
60778470
60777636
60778390
60777305
60778500
61086248
61615426
62178705
62741218
63270295
63799687
64296119
64860266
65423003
65986579
66549858
67110658
67674279
68270498
68834330
60778216
60777906
60778578
60779808
60778301
60778819
60780543
60779361
60780382
60779138
60780446
60780462
60779712
60779296
60780675
60780489
60780700
60779798
60780623
61022973
61551026
62113561
62676561
63239702
63803323
64366850
64928941
65492063
66055457
66619068
67181068
67778919
68340927
68903522
60782524
60783607
60783451
60782516
60782862
60783786
60782614
60783842
60783055
60782870
60783983
60784075
60783463
60783150
60782827
60783932
60783972
60784259
60782913
61058463
61621626
62149761
62712191
63274947
63838757
64401851
64963869
65526662
66124261
66686491
67248405
67846390
68407461
68970989
60784613
60784464
60784668
60784077
60784610
60784778
60784193
60783925
60783767
60785097
60783919
60785349
60784265
60784186
60785022
60785269
60784657
60785290
60761471
61225844
61787673
62348649
62912140
63475980
64038740
64601831
65164912
65728096
66290151
66852263
67416127
67977879
68541804
69138136
60784990
60785545
60785691
60785622
60785878
60785814
60786694
60786831
60785672
60786714
60785735
60786183
60786969
60785895
60786998
60787229
60786082
60787225
60829790
61327348
61854964
62417087
62980183
63544191
64106999
64668719
65231727
65795298
66356903
66954679
67518279
68079319
68642868
69237936
60787597
60786330
60787533
60786901
60786209
60787682
60787690
60786559
60786999
60787741
60786999
60787927
60786620
60787049
60788248
60786807
60787951
60786820
60897076
61426486
61988494
62551262
63113814
63676625
64273670
64836654
65399670
65962902
66525070
67087270
67684926
68246014
68776718
60787754
60788093
60789428
60789276
60788583
60788689
60787854
60789196
60788251
60789284
60788275
60788002
60789446
60788036
60789638
60788404
60789370
60788333
60789839
61063936
61592964
62122351
62684671
63247231
63810319
64408039
64970136
65533134
66095095
66658464
67220487
67784143
68380416
68944305
60789946
60788791
60790019
60788990
60788985
60790059
60790338
60790576
60789078
60789416
60789847
60790539
60790348
60790646
60789520
60791484
60790576
60791548
60768892
61232495
61694317
62223328
62786070
63349405
63880262
64341733
64905957
65468989
66032149
66595578
67157777
67687049
68248984
68846993
60791008
60791225
60792061
60792054
60792175
60792161
60791489
60792431
60791084
60792212
60791191
60791572
60792408
60791494
60792429
60792607
60791646
60792525
60791494
61068382
61597378
62159797
62722068
63250438
63813463
64377057
64938900
65536167
66099321
66662868
67224852
67788444
68349132
68912964
60792108
60792975
60791925
60791970
60792300
60792707
60793391
60793243
60792468
60792286
60793421
60792265
60793544
60792828
60792281
60793493
60793670
60792388
60793473
61101297
61664675
62226877
62789129
63352586
63881222
64443937
65006430
65568998
66132506
66730010
67290797
67854457
68416460
69014330
60793870
60793615
60794215
60793643
60792938
60794348
60793266
60794294
60793221
60793157
60794406
60793183
60794352
60793869
60793511
60794440
60793368
60794461
60793660
61234631
61697422
62259593
62821942
63385681
63949366
64510998
65074054
65670318
66232304
66795903
67357955
67921428
68519498
69081492
60794892
60794273
60794107
60795503
60794042
60795270
60794463
60795116
60795756
60796316
60795397
60796423
60796688
60796023
60796568
60796737
60795906
60796743
60773885
61238040
61767137
62329265
62891777
63455129
64017905
64580937
65142606
65706129
66267862
66830984
67428977
67989889
68553641
69149836
60797220
60795924
60797288
60795887
60797397
60796769
60797669
60797417
60797733
60796335
60796791
60797560
60796609
60797746
60796447
60796884
60797771
60796820
60875339
61371677
61933634
62461460
63024399
63587324
64150148
64712772
65310180
65872076
66434044
66997380
67595252
68157188
68654860
69183836
60797506
60798590
60797223
60798646
60797752
60797328
60798844
60797298
60798771
60798063
60797965
60798865
60797834
60798760
60799096
60798267
60799025
60797999
60842349
61339757
61867365
62429593
62992716
63555297
64118072
64647976
65211022
65774123
66370465
66933876
67497361
68058257
68621998
69218193
60798156
60799637
60798308
60799634
60798732
60798359
60799824
60798436
60799872
60799092
60800314
60798660
60799890
60800053
60799103
60798887
60800093
60798913
60876646
61373966
61901998
62463580
63026718
63589500
64053319
64616597
65179035
65742240
66304261
66867989
67431421
68027574
68590021
69152273
60799978
60800615
60800753
60800789
60801076
60800205
60800937
60801184
60801072
60801155
60800304
60801097
60800205
60801228
60800341
60801528
60802671
60801658
60879268
61408256
61938444
62466016
63029284
63592041
64156038
64719131
65280735
65843954
66407276
66903340
67466775
68028999
68626863
69188948
60802251
60803205
60802077
60803291
60802613
60803218
60802122
60803848
60803434
60802685
60803513
60802554
60803569
60802800
60802765
60802957
60802736
60803884
60847260
61343202
61905442
62467048
63031472
63559866
64122789
64685751
65248743
65811769
66373811
66971380
67434588
67898673
68426460
69024476
60804095
60804258
60804391
60803602
60804787
60803176
60804757
60803248
60803637
60804473
60803565
60804529
60804814
60803789
60804763
60803496
60804880
60803450
60781961
61212958
61741838
62269856
62832219
63396889
63959584
64522611
65085592
65646352
66209506
66773066
67369299
67932790
68496512
69057282
60804028
60805378
60804531
60804649
60804363
60805405
60805545
60805716
60805024
60805592
60804512
60805613
60804584
60804973
60805911
60805925
60805872
60806124
60783100
61247111
61776364
62304259
62866614
63430358
63992852
64523112
65019075
65581888
66145128
66708212
67271449
67834992
68396104
68959653
60805946
60806627
60806617
60805464
60806029
60806907
60806773
60807184
60805530
60806013
60806437
60806930
60806179
60807045
60806181
60806974
60807077
60807037
60806281
61215283
61677483
62206357
62768672
63332120
63895121
64457731
65020230
65582819
66146174
66709323
67271315
67869217
68431225
68994600
60807518
60806526
60807630
60806930
60807592
60809122
60809153
60808062
60808400
60808264
60808418
60808402
60809347
60809481
60808202
60809516
60809008
60808528
60809612
61050990
61614756
62142722
62704755
63267793
63830568
64394082
64990307
65553334
66115201
66678690
67274915
67838530
68399312
68997265
60810024
60809100
60810099
60809465
60810054
60808958
60810145
60810337
60809427
60809733
60810403
60809820
60809515
60809553
60810680
60809414
60810591
60810070
60787862
61250666
61779600
62341813
62905264
63401639
63965368
64527668
65090354
65653678
66215559
66779373
67341147
67938905
68502689
69063482
60810009
60811224
60811269
60811402
60810393
60811507
60810350
60810514
60811556
60810756
60811761
60810721
60811605
60811847
60810967
60811886
60810743
60811861
60789480
61251946
61714905
62278197
62840572
63370992
63933669
64496650
65059618
65620380
66184004
66746997
67308946
67906928
68467584
69031417
60811135
60812297
60811381
60812288
60811302
60812429
60811221
60811720
60812540
60812760
60812502
60812859
60811581
60812775
60811698
60812792
60811587
60812032
60824337
61285787
61849138
62376945
62940278
63503054
64065683
64628879
65192043
65687859
66217821
66781257
67343138
67941034
68503450
69065818
60813747
60812355
60812720
60813515
60812693
60813673
60813861
60812909
60813951
60812848
60813862
60813400
60812661
60814135
60812722
60814073
60813331
60812754
60824246
61253846
61749829
62313270
62875780
63438838
64001977
64564975
65127743
65689049
66251916
66849650
67410287
67973820
68571935
69133161
60813160
60813711
60814702
60813450
60814822
60814093
60815176
60814897
60814709
60813680
60814077
60814972
60813886
60814885
60813832
60815936
60815943
60816781
60859770
61356025
61818749
62415103
62976959
63539710
64103933
64666859
65229957
65793043
66355131
66918471
67480787
68042789
68606869
69168741
60816559
60817310
60817406
60817383
60816555
60816534
60817728
60816622
60817567
60816699
60816787
60817682
60816854
60817738
60817993
60816955
60817901
60817014
60894173
61390375
61919309
62481013
63045491
63607985
64170826
64734043
65297070
65860229
66420938
66984621
67547812
68110341
68673732
69269858
60818133
60817134
60818238
60817461
60818398
60818642
60818427
60818582
60817925
60817986
60817448
60818842
60817655
60818659
60818746
60818258
60818215
60818061
60828863
61291889
61820885
62384233
62947325
63510163
64072968
64635874
65198794
65762090
66324098
66886488
67450026
68011847
68609800
69170562
60818224
60819099
60818134
60818447
60819510
60818795
60819280
60819741
60819446
60818417
60819113
60819491
60819762
60818390
60819834
60818824
60819027
60819836
60863078
61326190
61889433
62451369
62980313
63542977
64140145
64701945
65264833
65828222
66424369
66987673
67550393
68112142
68710089
60835523
60820555
60819526
60819662
60820709
60819509
60820780
60820051
60819894
60820847
60819851
60820785
60820067
60820032
60820889
60819917
60821004
60821187
60820542
61030695
61525551
62054642
62617175
63179735
63742567
64339629
64902607
65464501
66027604
66591058
67153132
67750815
68312146
68875490
60820840
60820338
60821906
60820418
60821929
60821135
60821780
60820759
60821929
60821918
60821161
60822064
60821126
60822012
60820958
60822170
60821665
60821068
60822319
61063503
61627469
62189659
62751923
63314527
63878071
64439811
65001964
65465605
66030008
66593453
67155461
67717759
68279852
68843447
60821721
60821786
60821465
60822911
60822672
60821678
60822067
60822862
60821876
60823280
60821787
60822281
60823114
60823203
60823230
60821955
60824270
60825098
60825120
61100109
61661998
62191016
62753337
63315925
63880067
64443041
65005688
65568720
66130712
66694107
67290320
67852696
68414696
69012824
60825632
60824594
60825673
60825245
60824541
60825958
60824735
60825961
60824781
60825229
60826065
60826073
60825897
60824919
60825367
60826184
60826321
60826260
60826730
61167180
61697315
62225176
62787825
63350998
63913861
64476829
65039077
65601777
66165035
66762591
67323697
67886862
68449217
69012662
60826842
60826589
60825697
60826160
60827132
60826127
60827019
60827122
60826271
60827088
60827090
60827216
60826087
60827331
60826522
60826259
60827414
60826442
60827449
61169381
61697225
62259451
62821638
63385257
63947956
64510831
65074022
65668993
66233465
66795908
67357742
67955425
68519113
69079940
60827580
60827988
60826829
60828180
60826676
60828085
60827364
60827945
60827061
60828445
60827260
60828065
60828368
60827775
60828624
60828321
60828618
60827290
60806878
61202541
61798614
62360734
62923302
63452334
64015253
64578221
65141349
65703677
66266453
66829742
67426024
67988385
68552155
69114104
60827705
60828014
60828887
60827858
60829458
60827882
60828370
60829265
60828378
60828792
60829418
60828567
60829352
60828481
60829365
60828596
60828604
60829565
60872688
61336012
61932228
62494205
63057365
63620124
64181660
64744556
65307561
65870929
66432865
67030500
67593141
68154897
68752868
60829190
60829357
60829389
60830115
60829172
60830265
60829171
60829736
60829696
60829085
60830639
60829229
60830687
60829750
60829288
60830791
60829453
60830688
60829743
61005913
61502064
62065250
62628001
63156309
63719376
64282163
64844800
65407838
65971334
66534736
67096720
67660005
68256224
68819966
60830105
60831153
60830345
60830637
60831227
60831374
60831304
60830331
60831260
60831422
60831723
60830096
60830619
60831361
60830584
60831527
60830734
60830865
60830932
61106711
61603331
62131238
62693960
63256409
63819234
64382004
64945063
65475105
66006364
66569716
67131780
67694461
68256204
68854098
60847227
60831517
60830864
60830919
60832039
60832274
60831576
60834564
60833423
60834446
60833618
60833338
60834571
60833741
60834606
60834599
60833842
60834788
60833858
61143579
61671467
62233699
62796100
63359355
63922268
64484907
65047430
65610142
66207647
66771023
67333031
67895270
68457452
69055463
60833781
60835112
60834075
60834523
60834131
60835304
60834275
60835547
60835579
60834728
60835607
60835725
60835644
60835741
60834896
60835783
60834765
60835831
60835908
61242837
61705770
62203141
62731600
63293730
63857805
64421469
64949418
65512437
66075674
66638901
67200916
67764394
68326333
68924544
60835919
60835254
60836632
60835155
60836446
60835856
60836518
60835446
60836582
60836818
60836089
60835622
60837016
60835664
60836841
60837000
60836040
60836900
60837096
61179044
61673786
62203162
62765426
63328220
63891530
64454463
65050660
65613620
66176860
66739330
67301197
67898845
68460917
69023578
60837343
60836260
60837546
60836772
60837677
60836577
60837848
60836723
60836587
60838048
60836823
60837976
60837838
60836825
60837163
60837477
60838102
60837982
60837204
61212147
61774599
62337438
62898697
63429066
63991899
64554950
65118278
65679997
66242821
66840721
67401700
67965249
68563069
69123897
60838536
60837347
60837761
60838544
60837523
60839147
60837528
60838078
60838938
60839032
60838353
60839046
60838179
60839221
60838139
60839103
60838310
60838131
60849361
61346369
61874270
62437430
63000663
63563471
64092054
64654895
65252336
65815431
66377439
66906580
67470007
68066367
68628948
69225231
60838790
60839655
60839604
60840008
60839691
60838571
60839059
60840021
60838827
60840012
60839291
60839915
60838886
60840238
60838859
60839464
60840075
60839105
60917481
61412712
61975872
62537783
63101014
63629832
64192207
64789583
65352687
65915710
66477790
67041207
67604632
68165472
68729128
60839767
60839955
60840740
60840945
60840391
60840286
60839667
60840945
60839819
60841111
60840470
60841561
60839824
60840960
60841238
60840489
60841223
60840438
60841279
61215266
61711581
62240571
62803002
63366146
63930221
64493130
65055203
65585108
66082221
66611321
67173272
67771084
68299132
68796577
60840926
60840969
60841108
60841333
60841087
60842203
60841343
60840689
60842489
60842068
60841031
60841479
60842288
60842433
60842226
60841551
60841313
60842498
60841321
61183249
61679181
62208229
62770527
63333231
63898015
64461056
65024176
65587291
66150678
66713563
67275902
67839323
68401214
68965291
60845247
60845130
60844385
60843854
60845427
60844054
60845477
60844705
60845321
60844359
60845908
60845650
60844929
60845489
60845835
60845545
60845955
60845033
60844572
61021221
61550340
62080424
62608952
63171528
63734154
64297109
64859930
65457307
66020480
66583509
67145872
67708175
68270053
68834015
69444272
60845055
60845516
60846455
60845321
60846562
60845871
60846387
60845315
60846459
60846584
60845819
60846636
60846816
60846727
60846208
60845584
60846935
60845712
61188764
61684000
62212872
62775304
63338688
63902522
64465490
65027488
65590578
66152466
66649704
67211850
67775530
68337253
68901226
60847454
60846624
60847658
60846333
60847663
60846976
60846475
60846641
60847819
60846705
60846704
60847801
60847939
60846960
60847875
60848105
60847874
60848051
60847383
61123946
61651854
62214001
62777471
63307103
63869958
64398716
64962711
65491414
66088998
66652227
67179955
67743640
68339883
68902443
60847626
60848205
60848502
60847702
60849095
60848808
60848108
60848821
60847743
60849294
60847734
60848088
60848910
60847989
60848982
60848248
60848018
60849153
60848202
61223159
61785452
62347382
62911111
63474411
64036975
64600161
65163301
65725325
66288485
66851078
67412589
67976317
68574133
69136277
60849620
60849705
60848987
60849731
60848682
60849904
60849175
60848636
60850160
60848751
60850131
60849372
60849983
60849005
60850500
60850275
60849554
60850186
60927690
61455477
62018522
62581408
63109741
63706819
64269581
64832619
65395718
65958768
66519866
67083049
67680837
68242000
68805492
60849666
60850790
60849923
60850252
60849997
60850854
60850104
60849738
60851081
60849807
60851078
60850133
60851040
60851268
60851053
60851318
60850661
60851723
60850222
61226345
61788483
62316499
62879185
63442247
64005009
64568306
65130988
65693343
66256323
66819609
67415970
67978263
68542049
69138273
60851743
60851341
60850580
60852088
60851903
60850793
60851249
60852246
60851137
60852208
60851428
60851308
60852239
60851100
60852546
60852404
60851553
60852603
60928901
61457977
62020880
62583531
63146014
63674765
64237421
64834740
65397780
65959772
66521636
67119143
67681612
68277916
68840964
60867990
60852945
60851784
60853113
60851915
60853214
60852320
60853184
60853522
60853264
60852192
60852514
60853484
60852530
60853569
60852997
60852352
60853665
60852501
61261475
61823499
62385555
62948115
63511572
64074030
64603259
65166296
65728472
66291624
66854712
67416664
67980315
68578428
69139539
60853976
60853312
60854150
60853142
60852951
60854353
60853594
60854170
60853141
60854234
60855840
60856229
60857156
60857055
60857109
60855863
60856362
60857265
60933661
61429778
61991591
62554656
63117518
63680760
64243415
64805180
65368171
65964802
66562033
67122760
67720620
68282795
68846673
60856750
60856989
60856357
60857894
60857816
60857933
60857141
60858119
60857130
60858046
60857589
60856898
60858190
60857042
60858289
60857445
60857029
60858401
60857578
61232039
61795236
62323217
62885460
63449028
64011961
64574870
65137985
65734266
66263177
66826780
67388724
67952268
68513993
69077926
60858052
60858748
60857961
60857622
60859067
60857678
60859042
60858182
60858889
60857801
60859031
60857900
60858305
60859294
60858262
60859327
60858119
60858508
60903697
61432921
61960739
62522853
63052908
63649090
64212802
64775770
65338730
65901962
66463970
67026267
67589922
68151586
68715479
69311147
60859753
60858755
60859902
60858867
60859242
60860059
60858916
60860048
60859212
60858948
60860409
60859092
60860320
60859626
60859210
60860400
60859287
60860558
61035848
61599116
62161131
62690907
63219198
63781950
64345222
64908046
65470747
66035196
66598523
67160235
67724075
68285852
68849883
60859909
60859986
60860866
60860969
60860981
60860725
60859975
60861326
60859988
60861288
60861463
60860562
60861371
60860463
60861435
60860669
60860396
60861603
60860380
61235437
61797609
62360712
62923296
63486356
64048252
64612420
65175454
65736217
66333751
66897030
67458609
68054430
68618241
69213294
60861111
60861966
60861170
60862316
60861854
60861005
60862486
60862391
60862525
60861178
60861583
60862470
60861468
60861383
60862611
60862031
60861415
60862707
60938741
61468083
62031339
62593858
63156515
63719020
64280798
64810654
65373965
65936984
66533399
67096648
67659358
68221029
68818696
60878186
60863134
60861858
60863252
60862018
60863237
60862639
60863552
60863351
60863298
60863440
60862815
60863661
60863468
60862883
60862378
60862732
60863525
60862668
61237107
61800454
62362590
62923862
63487721
64051262
64614313
65176046
65737982
66301142
66864550
67460894
68024438
68586862
69182111
60862746
60863560
60863970
60864198
60862839
60864107
60862970
60863688
60864736
60863235
60864261
60863138
60863688
60864524
60863493
60863846
60864669
60863688
60909028
61437047
61998770
62560996
63158207
63720943
64283794
64846783
65409815
65972983
66534191
67097263
67694967
68255663
68819438
60863820
60864220
60865093
60864048
60865408
60865389
60864357
60865433
60864218
60865505
60864424
60864114
60865601
60864394
60865614
60865578
60864880
60865705
60864671
61206299
61768501
62297657
62859844
63423236
63986169
64549137
65112129
65674129
66237289
66834924
67396093
67960532
68521268
69085404
60866116
60866425
60865815
60865226
60866604
60865514
60866470
60865685
60865773
60866625
60865506
60866654
60865861
60865538
60866766
60866815
60866798
60866909
60844005
61407426
61935006
62496799
63060007
63622895
64187018
64715486
65278503
65841943
66438031
67001383
67565023
68125791
68692596
69288735
60868713
60870148
60870062
60868971
60869443
60870311
60869339
60870375
60869993
60869259
60870551
60869373
60870609
60869952
60869371
60870836
60869701
60870608
61047250
61609451
62137306
62699996
63263808
63792317
64355312
64918133
65481246
66044398
66607688
67204001
67767545
68328313
68892281
60870396
60870552
60869903
60871608
60871305
60870321
60870667
60871658
60871659
60871650
60870822
60870432
60871783
60870851
60871170
60871941
60870997
60871776
60872046
61213046
61776005
62338155
62900596
63464018
64026836
64589804
65152860
65713628
66276716
66840276
67402388
68000012
68563748
69124436
60872155
60872394
60871354
60872590
60871423
60872715
60871690
60872661
60872803
60871631
60872859
60871994
60871687
60873209
60871783
60872807
60871687
60872140
60883176
61412315
61974566
62536128
63099317
63662157
64224902
64788026
65350941
65948453
66510568
67073902
67637381
68198155
68761872
60872344
60872595
60872256
60873556
60873360
60872484
60872881
60873674
60872647
60873817
60872499
60872939
60873834
60874046
60873325
60873950
60873142
60873464
60874067
61214714
61776841
62340238
62902702
63465853
64028930
64591970
65154902
65715670
66278758
66842185
67438575
68002054
68564478
69126625
60874233
60874600
60873966
60874828
60874750
60873983
60874857
60873883
60874821
60873929
60874834
60875068
60874145
60874962
60875060
60873572
60875059
60874236
60885566
61415595
61977663
62539516
63102735
63631307
64194047
64791372
65354357
65917511
66479477
67042960
67606445
68167413
68731341
69293196
60875444
60874635
60875903
60874864
60874720
60875758
60875759
60875690
60875917
60875058
60875977
60874834
60876062
60875015
60874730
60876260
60874866
60876230
61051457
61614799
62142646
62706570
63269111
63831795
64360522
64923214
65486366
66083870
66646151
67208090
67805898
68367874
68931602
60875563
60875729
60876514
60875465
60876665
60876855
60875910
60876944
60875678
60876973
60876177
60875601
60877104
60875678
60877160
60876423
60877020
60877285
60877049
61284055
61847348
62409476
62972036
63535356
64097484
64661124
65224228
65787316
66348143
66911553
67509372
68070471
68668172
69229535
60876972
60876268
60877961
60877657
60877901
60877177
60877721
60877922
60877742
60877935
60877334
60878286
60878109
60877102
60878109
60877171
60877230
60878154
60954364
61517865
62045704
62608285
63171146
63734027
64296538
64860603
65389332
65952578
66514747
67078381
67641364
68203431
68801503
60877698
60877867
60877560
60878996
60878824
60877795
60878208
60878938
60879123
60877850
60879214
60878587
60877807
60879272
60878189
60879409
60878637
60878063
60879617
61220291
61783557
62345629
62908093
63471491
64034261
64597229
65160278
65722293
66285453
66848805
67410837
67973141
68535136
69099034
60879832
60879962
60879478
60878974
60880181
60878966
60880245
60879538
60878940
60880413
60879054
60880477
60879529
60880416
60880374
60880372
60880497
60879764
60891785
61421167
61949083
62511977
63040902
63603740
64166527
64730663
65292984
65822503
66384789
66948093
67511637
68073511
68671592
69233424
60881043
60879914
60881241
60879889
60881183
60880446
60881137
60880210
60881236
60881386
60880420
60881348
60881592
60880198
60881677
60880796
60880185
60881773
60957691
61521207
62048865
62612708
63175317
63704014
64266683
64829715
65395979
65959067
66521249
67084420
67682308
68243206
68806822
60884152
60884510
60884517
60885521
60884400
60885628
60884906
60884274
60885820
60884546
60885702
60884807
60884687
60885814
60884839
60885992
60884733
60885298
60885807
61193585
61756897
62285172
62848515
63411518
63974641
64537617
65099453
65662644
66225788
66789149
67351178
67913549
68475491
69039472
60886175
60886321
60886402
60886081
60885318
60886784
60885459
60886840
60886060
60885411
60886877
60885611
60886949
60886137
60885673
60887112
60885795
60887058
60864535
61359986
61923160
62485366
63048526
63610213
64174137
64737106
65300144
65862070
66424328
66987374
67551149
68147367
68709786
69271810
60886559
60887700
60887736
60887692
60886883
60886862
60887874
60887978
60887755
60888101
60887422
60888020
60888146
60887968
60886950
60887706
60888050
60886919
60997134
61526946
62089700
62618039
63180780
63743440
64307523
64870360
65433535
65962394
66558656
67122073
67685570
68246664
68810356
60901602
60888661
60888045
60888728
60887634
60888203
60888908
60888189
60889057
60889055
60888930
60887818
60888204
60889123
60888132
60889206
60889410
60888191
60889376
61229956
61792055
62355381
62883736
63447048
64010015
64572949
65136122
65698895
66262186
66825538
67387539
67916861
68479093
69042621
60888863
60888699
60889694
60889037
60888579
60889892
60888482
60890049
60889155
60889765
60888991
60890483
60888953
60889189
60890194
60890085
60890059
60888987
60867270
61430540
61958228
62520660
63084671
63647653
64210397
64773306
65335162
65899498
66461269
67024882
67588426
68149194
68713125
69275160
60890403
60890716
60890684
60890744
60890104
60890766
60890832
60891251
60889817
60890147
60891184
60890122
60891196
60890373
60889936
60890027
60891104
60890083
61099671
61662023
62225512
62753621
63316196
63878978
64441992
65004709
65567835
66131102
66694305
67256302
67854119
68414959
68979146
60891246
60890524
60892033
60891772
60891940
60891081
60892008
60890916
60892136
60891313
60890846
60892277
60891113
60892290
60891366
60891310
60892279
60891478
60892303
61333608
61861069
62423363
62985936
63550619
64113457
64676517
65239471
65802703
66364652
66927939
67489134
68052203
68616155
69178230
60892787
60892043
60892909
60893061
60893015
60891809
60892238
60893090
60893179
60892522
60893265
60892582
60893142
60892105
60893147
60892118
60892467
60893469
60970660
61532912
62094848
62623215
63185899
63748736
64311378
64908632
65471672
66033520
66597163
67193280
67755648
68317851
68915680
60906730
60893931
60892848
60894002
60894194
60894001
60892921
60893318
60894148
60894221
60894145
60893478
60893320
60894442
60893240
60894358
60893659
60893133
60894564
61235569
61798553
62360625
62923017
63486481
64049316
64612414
65174165
65736439
66299314
66862842
67459006
68021373
68550362
69114207
60894236
60895165
60894592
60893752
60895377
60894120
60895420
60894509
60895237
60894200
60895336
60894221
60894829
60895432
60895770
60894186
60895681
60895011
60906801
61435340
61998126
62525886
63088836
63651772
64215764
64778725
65307469
65870736
66432784
66996065
67593940
68154643
68718262
69280705
60895884
60896167
60896192
60894919
60895316
60896152
60895311
60896469
60896321
60895505
60896483
60895212
60896415
60895284
60895777
60896519
60896763
60895201
60922152
61388656
61951056
62479143
63042685
63605395
64168130
64731127
65294074
65891644
66453663
67016196
67613684
68174460
68738353
69334529
60915385
60914726
60916186
60915202
60915872
60916692
60915975
60916944
60917166
60916229
60917046
60916197
60917139
60916287
60916465
60917222
60916193
60917329
61093681
61621899
62183862
62747871
63310586
63873290
64401713
64964609
65528081
66091161
66688658
67250529
67813185
68375217
68938809
60917132
60921236
60922021
60920919
60922030
60920926
60921451
60922421
60921244
60922418
60921467
60921966
60922818
60922854
60923052
60922961
60922169
60922954
60923276
61297036
61860395
62422516
62985100
63548492
64111268
64673020
65236039
65833212
66394348
66957788
67555492
68116247
68714292
69276420
60922896
60923679
60922825
60923842
60922956
60923922
60923868
60923714
60922624
60923123
60923335
60924193
60924167
60923339
60923435
60924228
60924433
60924546
61100950
61629087
62191357
62755037
63317621
63880338
64443173
65006082
65569288
66132357
66695709
67257717
67821202
68381916
68980090
60923852
60925220
60923972
60924089
60925158
60925334
60924456
60925313
60924520
60925432
60924690
60924634
60925643
60924575
60924798
60925746
60924922
60925725
60925864
61168321
61731005
62160400
62689420
63286152
63849025
64410618
64973727
65503756
66066708
66630338
67226451
67788918
68351062
68947707
60939868
60926504
60925561
60926593
60925292
60926482
60925753
60926481
60926630
60926451
60926789
60926102
60926643
60926981
60926750
60926868
60926227
60927148
60927057
61269069
61731031
62293290
62855944
63418508
63981780
64544682
65108053
65670914
66234264
66797498
67358800
67921732
68484007
69047711
60926298
60927653
60926532
60927585
60926896
60928021
60926563
60928106
60926562
60927017
60927826
60927036
60926780
60926788
60928181
60927559
60926927
60928248
60927071
61236284
61799348
62361425
62889483
63453217
64015592
64578817
65141292
65703624
66301121
66831497
67327321
67890929
68451729
69015724
60927908
60927272
60928890
60928718
60927689
60928129
60928981
60928025
60929045
60929292
60928175
60929272
60928043
60929191
60928809
60928220
60929536
60928474
60929578
61304714
61833816
62361856
62958437
63520595
64084339
64646369
65176419
65738564
66301459
66899228
67461292
68023844
68586364
69183668
60929034
60930259
60929509
60929391
60929444
60930331
60929554
60930324
60930630
60929528
60930620
60929440
60930544
60929794
60929314
60930758
60930645
60929616
60908052
61371146
61934136
62462048
63025013
63587997
64150981
64713684
65277143
65839892
66402167
66965378
67528057
68125307
68688932
69250089
60931469
60930652
60931576
60930633
60931573
60931164
60930388
60931730
60930545
60931802
60930902
60931742
60931927
60931755
60931932
60931131
60930779
60932151
60975424
61471788
62034957
62596810
63159911
63688718
64251353
64848607
65377479
65908338
66470698
66933914
67462757
68026109
68624066
69186210
60931698
60932775
60932150
60932735
60931915
60932852
60932419
60931974
60932950
60932128
60933100
60932608
60931825
60933138
60932229
60933543
60932466
60932498
60943890
61440800
61968444
62498900
63061988
63624868
64187700
64749396
65312492
65876828
66438836
67001892
67564516
68126719
68724484
69285388
60933203
60932910
60934189
60932691
60934270
60933456
60934176
60933147
60934998
60933394
60933799
60934702
60934806
60934668
60933535
60934031
60934810
60933846
61012391
61507794
61970306
62499394
63062217
63659391
64188103
64750999
65348250
65910098
66506474
67068746
67666391
68227405
68825183
60934514
60935297
60934531
60935312
60934706
60935483
60934869
60934330
60935688
60934626
60935771
60935266
60934535
60935856
60934684
60935957
60935105
60934740
60936155
61245423
61741383
62270438
62832775
63394073
63958095
64487887
65050855
65613846
66176033
66773479
67334169
67897694
68492814
69056809
60936681
60935621
60936994
60936144
60936235
60937305
60937341
60937314
60936085
60936466
60937302
60936461
60936274
60936287
60937579
60936900
60936297
60937648
60937740
61212517
61742830
62305000
62867380
63429925
63993122
64555160
65118560
65681514
66244564
66808067
67369101
67932338
68494541
69092486
60937308
60938410
60937198
60938316
60937399
60938386
60938579
60938407
60937350
60937731
60938659
60938802
60938627
60938976
60937968
60938849
60938000
60938956
60916497
61345921
61875994
62438179
63000633
63529899
64092533
64656808
65219811
65781929
66344985
66907077
67470355
68032644
68595315
69158451
60939301
60939402
60938593
60938291
60939720
60939617
60939814
60939832
60938543
60938983
60939835
60939895
60939724
60938711
60939108
60940062
60939066
60940035
60917557
61379862
61842827
62339083
62902518
63431216
64028366
64595835
65157880
65719630
66283032
66846325
67442499
68005032
68566789
69163616
60943784
60944692
60944192
60943432
60944924
60944693
60943760
60944093
60944934
60945010
60944890
60943869
60944250
60944513
60945213
60945280
60945401
60944629
60956704
61385251
61914074
62476335
63038739
63603152
64166224
64695058
65258082
65820474
66383250
66914656
67410552
67939856
68502163
69065619
60945017
60945707
60944890
60945837
60945053
60945917
60944786
60946018
60944895
60945343
60946144
60946217
60946445
60945157
60945613
60945876
60946525
60946493
60945679
61320412
61849697
62411599
62974135
63538723
64100745
64630419
65193387
65755424
66318549
66881760
67444083
68041655
68603643
69166094
60946897
60946774
60947084
60946107
60947077
60946209
60946504
60947166
60946252
60947336
60947348
60947719
60946194
60946441
60947551
60946263
60947364
60947541
60946603
61354547
61850455
62380687
62877114
63405434
63969237
64533261
65061049
65624017
66187177
66750429
67312418
67876177
68437961
69036186
60947268
60946820
60948235
60948026
60948202
60947453
60948238
60947309
60948286
60948549
60947546
60947699
60947194
60948810
60947258
60947941
60948685
60947346
60947638
61224658
61652994
62149049
62711753
63274265
63836997
64401034
64963826
65527082
66090162
66619217
67182538
67746074
68308122
68871914
60948070
60948869
60947940
60949544
60948367
60949667
60948663
60949519
60949771
60948594
60949886
60948661
60949413
60948858
60949891
60948975
60949831
60950110
60949245
61092205
61622531
62150242
62712910
63276432
63839528
64402296
64965272
65528347
66057050
66619562
67216883
67779187
68341274
68905301
60963384
60949535
60949103
60949244
60950364
60949429
60949885
60950721
60950896
60950292
60950941
60950133
60950926
60951160
60949869
60951065
60950288
60950109
60951244
61159587
61721819
62285076
62847644
63410319
63973023
64536831
65064470
65627611
66190843
66754123
67316011
67879587
68475932
69039732
60950993
60950386
60952060
60951882
60950845
60951942
60952267
60951280
60952226
60950928
60952064
60952249
60951541
60952219
60952412
60951104
60952497
60951501
60951539
61160811
61657258
62185854
62748390
63311007
63874079
64436439
64999479
65562654
66125695
66689047
67251198
67814622
68410903
68974799
60951671
60951672
60951989
60952201
60952943
60952898
60951802
60952242
60953196
60953384
60953454
60952013
60952547
60953391
60953421
60953381
60952267
60952723
60952825
61161736
61723719
62287556
62815603
63379404
63942180
64504956
65067852
65596571
66126775
66658324
67185843
67783876
68345884
68908919
60952800
60953178
60952784
60954147
60953954
60954305
60953541
60953612
60954362
60954235
60954303
60953866
60953242
60954558
60953488
60954767
60954195
60953498
60954805
61162903
61726510
62254539
62817156
63379558
63942259
64540412
65101667
65665398
66228638
66790734
67352845
67950556
68511468
69075299
60953876
60955102
60954344
60955169
60954435
60954135
60955427
60954322
60955614
60954733
60954597
60955897
60955917
60954494
60955887
60955123
60955873
60955991
60954866
61297972
61726293
62256474
62784972
63347594
63910505
64473081
65037354
65599116
66129212
66726922
67288930
67851234
68413229
68977268
60955178
60956454
60955432
60956673
60955474
60956731
60955722
60956586
60956755
60955634
60956811
60956058
60955623
60956859
60956007
60957080
60956959
60956261
60957105
61199710
61727460
62289849
62853497
63381955
63944596
64507780
65070345
65634313
66197769
66761073
67323153
67885521
68447465
69011217
60956342
60956677
60957522
60956643
60957588
60956931
60956651
60957872
60957853
60956665
60957860
60956953
60957924
60958109
60957438
60957926
60958360
60956929
60958365
61067712
61630600
62158579
62721232
63285016
63813722
64376439
64939315
65502704
66065808
66627552
67192160
67754512
68316880
68880271
60957546
60958098
60957644
60958792
60957833
60958259
60959010
60958108
60958371
60957858
60959010
60957890
60958634
60959114
60959379
60959170
60958098
60958725
60959392
61201094
61696830
62259703
62822775
63385474
63948191
64511018
65073919
65636983
66200143
66763495
67325503
67888207
68449918
69047935
60959361
60959110
60959091
60960012
60959214
60960229
60959049
60959470
60959002
60960433
60959299
60960417
60959442
60959538
60960366
60959272
60960467
60960660
60959722
61135846
61633160
62161094
62723732
63287358
63850258
64413034
64976002
65539020
66101428
66665556
67227268
67791108
68353116
68916652
60959938
60960490
60959795
60961196
60961373
60959963
60961539
60960347
60961262
60961506
60961377
60960249
60960670
60961616
60960673
60961657
60960586
60960830
60961784
61169993
61698892
62261091
62823747
63386257
63949033
64511809
65074777
65639033
66201516
66731419
67293427
67856971
68453188
69016969
60960796
60966037
60966734
60966991
60966862
60967017
60966253
60966864
60965733
60967488
60967180
60967182
60965992
60966565
60967125
60967412
60966104
60967460
60966421
61142641
61672908
62200539
62763204
63327148
63889916
64452620
65015660
65577487
66141927
66705279
67265983
67863887
68425919
68988558
60966718
60967209
60967975
60966869
60968455
60968094
60967337
60968213
60967337
60968416
60967564
60967513
60968531
60967588
60968762
60967474
60967953
60968532
60967650
61276292
61773588
62301460
62864676
63426812
63956078
64518831
65082151
65644940
66209268
66772620
67334628
67897924
68458956
69022692
60967888
60967854
60968297
60968344
60968231
60969337
60969525
60969326
60968608
60968552
60969623
60969811
60969806
60968427
60968915
60969750
60970015
60968707
60969994
61045988
61575392
62137465
62699963
63262705
63859596
64421176
64984294
65547406
66110369
66708194
67237044
67800588
68361399
68959594
60983531
60970637
60969750
60970530
60969649
60970698
60969787
60969731
60970872
60969619
60970814
60969710
60970029
60971177
60969948
60971489
60971204
60970555
60971166
61179403
61708696
62237423
62800077
63363960
63892503
64455351
65018096
65548101
66045192
66608421
67171701
67735309
68297317
68860144
60970361
60971570
60970562
60971774
60970594
60971873
60970785
60971692
60971971
60970671
60972294
60971276
60971916
60972144
60972125
60970943
60971375
60972647
60972400
61247235
61743073
62272038
62834917
63398372
63961154
64523930
65086892
65649725
66213159
66776517
67337248
67835118
68431059
68994736
60971847
60971878
60971953
60972919
60971968
60972993
60973153
60972252
60973053
60973257
60972798
60973255
60972565
60972718
60973525
60973341
60972210
60972607
60972757
61150111
61612212
62174155
62736851
63300701
63863442
64426269
64989251
65552140
66081301
66678748
67239565
67837445
68398192
68996302
60973303
60974309
60973365
60974265
60974309
60974779
60974492
60973864
60974395
60973417
60975017
60973360
60973826
60974766
60973815
60974981
60973701
60974236
60974877
61183307
61712393
62275467
62838265
63400833
63929401
64492177
65055238
65618433
66181397
66744878
67306641
67870257
68466642
69030434
60974326
60974617
60974620
60975573
60974401
60975674
60974683
60974403
60975711
60975794
60974561
60975799
60975925
60975412
60975932
60974809
60976004
60976181
60975387
61185668
61681853
62209367
62772328
63335025
63931881
64493358
65056732
65620606
66116705
66680265
67242116
67805681
68401481
68965542
60975586
60975828
60976449
60976698
60977055
60975481
60975915
60976700
60975915
60976799
60976990
60976177
60976397
60977183
60977381
60975991
60976615
60977132
60976162
61252120
61781044
62344533
62872860
63402003
63965274
64528887
65091914
65620566
66218071
66781351
67343431
67905791
68467695
69031446
60977008
60976463
60976999
60976634
60978065
60976762
60978041
60977528
60977091
60978123
60977036
60977989
60978295
60977351
60978168
60977281
60978498
60977167
60977462
61154946
61684122
62211947
62774504
63338301
63866791
64429650
64992803
65555627
66120040
66683416
67245424
67808968
68370139
68933963
60977756
60978065
60978593
60978906
60978853
60979080
60978158
60978943
60979126
60978391
60979236
60978377
60979264
60979439
60978747
60979460
60978521
60979518
60978436
61321457
61783169
62312507
62874962
63437450
64000082
64531075
64960715
65523611
66088087
66650164
67212304
67775796
68337972
68935329
60993157
60979641
60979081
60980250
60979117
60980160
60979467
60978827
60980329
60980230
60980444
60979616
60980397
60979138
60980282
60980561
60979666
60980480
60980729
61288469
61784436
62346553
62908669
63438247
64001427
64564771
65126899
65690251
66253403
66816763
67378622
67942131
68537523
69102040
60980078
60980954
60980047
60980976
60980336
60980259
60981356
60980411
60981375
60981507
60980584
60981530
60980528
60981411
60980339
60980736
60981623
60981590
60981724
61223307
61752154
62314760
62876858
63439452
64002636
64566264
65128523
65691043
66255443
66818874
67380066
67943413
68539500
69103308
60981328
60982279
60981122
60982767
60982480
60981502
60982397
60982601
60982951
60981490
60981766
60982072
60981508
60982805
60983078
60982268
60982750
60982994
60981678
61324887
61819661
62317071
62845199
63407826
63970583
64533739
65096223
65660467
66223655
66786977
67349088
67912674
68474650
69038391
60982263
60982711
60983438
60982618
60983443
60982644
60982810
60983697
60983884
60983814
60982815
60983800
60984031
60982993
60983904
60983103
60983952
60984305
60983396
61193698
61655819
62218728
62747120
63309937
63872476
64435252
64998456
65561619
66124731
66687805
67284120
67847736
68408504
68972256
60983454
60983928
60983262
60984626
60983755
60984638
60983604
60983934
60984315
60984905
60984858
60985012
60984102
60984357
60985113
60985031
60983967
60984430
60985057
61193301
61722407
62284238
62848312
63410903
63973759
64536602
65098328
65661569
66224789
66822170
67383184
67946509
68542810
69105851
60984376
60985027
60984412
60985920
60984489
60985925
60985129
60985820
60986056
60985841
60984871
60985217
60985488
60985034
60986025
60985039
60985377
60986156
60986145
61228702
61757895
62285582
62848716
63411062
63975064
64537860
65100850
65629681
66192591
66755931
67318318
67915295
68477873
69041645
60985601
60985977
60986760
60985588
60987341
60985738
60986135
60992208
60992514
60991656
60992350
60991593
60992539
60992569
60992530
60991313
60991702
60992605
60992772
61234121
61697846
62260012
62756825
63285421
63848026
64311429
64841399
65438747
66001943
66563007
67126187
67723854
68284602
68848657
61005979
60992392
60991935
60993133
60991868
60993232
60992511
60993255
60993558
60993386
60993745
60992901
60993584
60992402
60993597
60992517
60993114
60994202
60993915
61269653
61797372
62359557
62923061
63451452
64014007
64577837
65139965
65703036
66266061
66829685
67391765
67954965
68516973
69080940
60993405
60994030
60993138
60994397
60994501
60993540
60994486
60993768
60994641
60994647
60993818
60994022
60994713
60994914
60994585
60994974
60994883
60994885
60994097
61137129
61665997
62229245
62757721
63320122
63883258
64446994
65009962
65538633
65869705
66300401
66731386
67195466
67758173
68319757
68883409
61008063
60994446
60994382
60995496
60994449
60995536
60995617
60994796
60995707
60995725
60994635
60995871
60995024
60994659
60996056
60996025
60995856
60996089
60995325
61204335
61701543
62229706
62791911
63355799
63918642
64481346
65044327
65606698
66136198
66699545
67294591
67859447
68421455
68984118
60995264
60995465
60996283
60995380
60996957
60995349
60996709
60995968
60996653
60995514
60996666
60996974
60996071
60996813
60997172
60995779
60997228
60996282
60995802
61205417
61734518
62296659
62859092
63423023
63951574
64514214
65078420
65640684
66170214
66733579
67329287
67893548
68455580
69019380
61010328
60996516
60996830
60997488
60996620
60997605
60997809
60996670
60997792
60996809
60996812
60997999
60997900
60997108
60998003
60996866
60997951
60998259
60997436
61207680
61702698
62231458
62795278
63323977
63886688
64449412
65012670
65575286
66138935
66701726
67263750
67827575
68356246
68854236
69415950
60998642
60997744
60998846
60998018
60997876
60999083
60998196
60999029
60998510
60997945
60999098
60999091
60998987
60999282
60998625
60999260
60999378
60998265
61075561
61572888
62134845
62662452
63225640
63788572
64351354
64914364
65477084
66040420
66602613
67165772
67763586
68324695
68888477
60998536
60998917
60998306
60999742
60999554
60998584
60999008
60999942
61000060
60999943
60998863
60999524
61000088
61000236
61000095
60999031
60999361
60999742
61000536
61276506
61805416
62333364
62895596
63426533
63921833
64485701
65047665
65610612
66173780
66737476
67299372
67862772
68459025
69022044
60999759
61000109
61000813
61000893
60999933
61001117
61001171
61000463
61000026
61001173
61000418
61001296
61000167
61000548
61001386
61001438
61001326
61000305
61001001
61176668
61705931
62235054
62797539
63361067
63924195
64486971
65015910
65578870
66141822
66705230
67267473
67831030
68427067
68989563
61000809
61001044
61001199
61001484
61002053
61002325
61001029
61001418
61002450
61001170
61001025
61002344
61002472
61001535
61001585
61001617
61002447
61002632
61001345
61078801
61574713
62104904
62666858
63230077
63758535
64321570
64884495
65447452
66010634
66572472
67169384
67699378
68261644
68859488
69421586
61002862
61001854
61003356
61003095
61002198
61003050
61003348
61003251
61002423
61002554
61003347
61002391
61003515
61003604
61002724
61003568
61003744
61003749
61146955
61642086
62171093
62733954
63297308
63860205
64422916
64985824
65514564
66078053
66640007
67203424
67766844
68328852
68892516
61002927
61003524
61003007
61004094
61004228
61003171
61004430
61004261
61004505
61003776
61004416
61003395
61004480
61004839
61004021
61004627
61003496
61004691
61004927
61114041
61643381
62206337
62734886
63298438
63826846
64389951
64952854
65515958
66079046
66641137
67204430
67767782
68364142
68927870
61004057
61004631
61003877
61004005
61005184
61004141
61004722
61005317
61004296
61005904
61005566
61004845
61005442
61005568
61005514
61005699
61004615
61004813
61005860
61248063
61776278
62339831
62900783
63463415
63993409
64556182
65118902
65682086
66245318
66842823
67337358
67869207
68397070
68960550
61004959
61005234
61004979
61006329
61005194
61006553
61005811
61005589
61006467
61006637
61006886
61006714
61005885
61006613
61005592
61006736
61005715
61006234
61006816
61282764
61744115
62307541
62835999
63398777
63961359
64524127
65087095
65650076
66213728
66776741
67338679
67902380
68464343
68996317
61006237
61006689
61006057
61007431
61006237
61007457
61006728
61006579
61007545
61006781
61007724
61007813
61006933
61007204
61007845
61008307
61007961
61007109
61006584
61183209
61746716
62308695
62837254
63399735
63962440
64525281
65088391
65652518
66215805
66746071
67308107
67871355
68433715
68996243
61007629
61007484
61008323
61007498
61008524
61008818
61007995
61009137
61008799
61008678
61008863
61008882
61007678
61008067
61008919
61009086
61009398
61007940
61008294
61184451
61713334
62275398
62838434
63401927
63964762
64527479
65090447
65653535
66216671
66778783
67340719
67904398
68466369
69064463
61008296
61008715
61009348
61008217
61009267
61008273
61008823
61009659
61009928
61009825
61010015
61009015
61009974
61010114
61010130
61008791
61009239
61010125
61009048
61317957
61814203
62342835
62905206
63468982
63997485
64560781
65123357
65686326
66250654
66779661
67309974
67873518
68435526
68999350
61009284
61009335
61010781
61010061
61010637
61010945
61010803
61009672
61010296
61010923
61010998
61010928
61009848
61010566
61011091
61011399
61010061
61011252
61010459
61186435
61683831
62211326
62774222
63336759
63899999
64429169
64992271
65522318
66086575
66614454
67178138
67742223
68304455
68867546
69396134
61010902
61011649
61011980
61010706
61011832
61011103
61010717
61012046
61010831
61012000
61011114
61010703
61012088
61011034
61012262
61011138
61011203
61012452
61055382
61618844
62114764
62642359
63206015
63768455
64332431
64894159
65359271
65922482
66484439
67047842
67609815
68173359
68735842
69298065
61012769
61011988
61012722
61011591
61013360
61011819
61012437
61012927
61011941
61013026
61013219
61012404
61011989
61013310
61013426
61013450
61012146
61012887
61023552
61492387
62021328
62583570
63146848
63709560
64272388
64769250
65366521
65928683
66490454
67053890
67616516
68179206
68777457
69339506
61019873
61018968
61019659
61018454
61019633
61020043
61019338
61019925
61018963
61020005
61018984
61019432
61020276
61019155
61019096
61020388
61020448
61019224
60997923
61428525
61956324
62519679
63049148
63612532
64141207
64703964
65301391
65863103
66426428
66989911
67551943
68115428
68676591
69239868
61020969
61020833
61020170
61020783
61021001
61020082
61021210
61020106
61020543
61021365
61020465
61021531
61020241
61020663
61020721
61021449
61021736
61020449
61021843
61395748
61891427
62454665
63017081
63580465
64142001
64706265
65269193
65831273
66394433
66957785
67519721
68083289
68644129
69208092
61021811
61020785
61020681
61021164
61022212
61022365
61022398
61021048
61022330
61021389
61021088
61022540
61021384
61022561
61022661
61021658
61022518
61021365
61022544
61363470
61859417
62388377
62918970
63447361
64010137
64573174
65135679
65698698
66261871
66825462
67387398
67951001
68547175
69111058
61022173
61021770
61023316
61022008
61023321
61022477
61022133
61023307
61023528
61022055
61023579
61023002
61022311
61023552
61022498
61023662
61022700
61022695
61023734
61233157
61762203
62289870
62853089
63415382
63978206
64540990
65103910
65666878
66231270
66794622
67356630
67920198
68481238
69011861
61022994
61023027
61024094
61023167
61024413
61023298
61023686
61024835
61024607
61024478
61024706
61023926
61024662
61024941
61023777
61024882
61023987
61023982
61024980
61267388
61829917
62357746
62887015
63449632
64012354
64575181
65139397
65668127
66231503
66794783
67356791
67954487
68516496
69080196
61024211
61024587
61025219
61025403
61025800
61024176
61024661
61025548
61025651
61025552
61024518
61024923
61025113
61024565
61025650
61025929
61025280
61025848
61026041
61267507
61763311
62292310
62854823
63418775
63981543
64445071
64973953
65536854
66099994
66663263
67226567
67790103
68352183
68915082
61041251
61025502
61025428
61026634
61025572
61026757
61026185
61025575
61026984
61025988
61027052
61026961
61026263
61026286
61026029
61026191
61026528
61026015
61026604
61235272
61731267
62293251
62857324
63419951
63982727
64545503
65108399
65671503
66234591
66797967
67360047
67922703
68484438
69048190
61026483
61027041
61027564
61027777
61027831
61027833
61027084
61027877
61028107
61026625
61028061
61026988
61026852
61028224
61027244
61028141
61028226
61028368
61027212
61170345
61699571
62262773
62791460
63353964
63918003
64480732
65043708
65606762
66169912
66733312
67295383
67858848
68420552
68983544
61043833
61027603
61027936
61028037
61028939
61028167
61028969
61028104
61028897
61029131
61028947
61029105
61028587
61029219
61029338
61029259
61027985
61029442
61028446
61238915
61735094
62262983
62825809
63388101
63950901
64513885
65076781
65639677
66203374
66766485
67328630
67891837
68453701
69017509
61045040
61030019
61028981
61029895
61029001
61029986
61029201
61030171
61029320
61030056
61030233
61028925
61030390
61029373
61029347
61030452
61030433
61030655
61030666
61074076
61536559
62099014
62661864
63191001
63753639
64316439
64879439
65443647
66005911
66567639
67130878
67728767
68289559
68853223
69449663
61030968
61029796
61030859
61029929
61030246
61029891
61031314
61030166
61031452
61030926
61030192
61031492
61030627
61031511
61031482
61030725
61031402
61030416
61074758
61571227
62134144
62662055
63225006
63788051
64351760
64914728
65477790
66039747
66601762
67165075
67728813
68257757
68789496
69350849
61032175
61031196
61032075
61032544
61032372
61032645
61032014
61033051
61031521
61032606
61031577
61032852
61032022
61031411
61032957
61031691
61033021
61033035
61010193
61474110
62002953
62565073
63127627
63656942
64219745
64782700
65345379
65908062
66470833
67034262
67630377
68193921
68756537
69318559
61033315
61032558
61033334
61033629
61032236
61033693
61033023
61032772
61033703
61033990
61032767
61033829
61034031
61033100
61033304
61032791
61033935
61034230
61012158
61407924
61970458
62533367
63095951
63558927
64088718
64651594
65213743
65777919
66341079
66904431
67466439
68029983
68592015
69154562
61033591
61034548
61033217
61034574
61034585
61033879
61034723
61033772
61034096
61034823
61034090
61034454
61034964
61035208
61033912
61034602
61034980
61033849
61035044
61409996
61905905
62433780
62996484
63560769
64123604
64686572
65214240
65777096
66340592
66903788
67465796
68029424
68591456
69155259
61034247
61035754
61035408
61034473
61034937
61035867
61035991
61035874
61035826
61035076
61035028
61036024
61034895
61034866
61036276
61034892
61036400
61035276
61034852
61211491
61740649
62302383
62865103
63394607
63957807
64521479
65084151
65647431
66176369
66739806
67301734
67865417
68427433
68990838
61035311
61035226
61035701
61036595
61036876
61036632
61035544
61036102
61036881
61037031
61035774
61036993
61036141
61035725
61037097
61036246
61036097
61037402
61036709
61213601
61742628
62304564
62867420
63429940
63992788
64555492
65118524
65681580
66244772
66808116
67368812
67966772
68527860
69091387
61037623
61037003
61037951
61037809
61037785
61038029
61038014
61037425
61037862
61036782
61037926
61038264
61037607
61037212
61038288
61037305
61038328
61037242
61037409
61213649
61709711
62271642
62834386
63396968
63960024
64522736
65085699
65648755
66211787
66809433
67370414
67933932
68530065
69093510
61037568
61037859
61038651
61037657
61038937
61038782
61038945
61038096
61037693
61039247
61037947
61039442
61038129
61038544
61039291
61038125
61039277
61039564
61038733
61248982
61710798
62272831
62835511
63399375
63962143
64524919
65087095
65650052
66212900
66777578
67338635
67868930
68397808
68961811
61055110
61038785
61039116
61039903
61040109
61039416
61040167
61039571
61040507
61040484
61040499
61040395
61040521
61039482
61039181
61040697
61039624
61039939
61039485
61150944
61645946
62208319
62771826
63300280
63863169
64425966
64988656
65586054
66149206
66711254
67273761
67837046
68433214
68997038
61054098
61041132
61040247
61041181
61040300
61041315
61041350
61040443
61040858
61041500
61041329
61040123
61040670
61041708
61041706
61041462
61041698
61040889
61041558
61217096
61779109
62308112
62804769
63335618
63864287
64427149
64989839
65553005
66116065
66678257
67241475
67839023
68400079
68963759
61057280
61042219
61041348
61042203
61042225
61042333
61042679
61041898
61042973
61042697
61041490
61042659
61042146
61041463
61042822
61041746
61042790
61042981
61042109
61285436
61747617
62310585
62873297
63434713
63997489
64560601
65123161
65686361
66249593
66847097
67408281
67971625
68533392
69131241
61042747
61042444
61043374
61043541
61042935
61042739
61043039
61043765
61042418
61044187
61050577
61049703
61050279
61050944
61049474
61050453
61049381
61050576
61050659
61227235
61723331
62251270
62813680
63376758
63939582
64502451
65065404
65628470
66191436
66755234
67317335
67880505
68442800
69006624
61050800
61051546
61050556
61051221
61050396
61051200
61051261
61050610
61051290
61050247
61051914
61050389
61050892
61051503
61051747
61051712
61050683
61051047
61051598
61260029
61823416
62385957
62913767
63476722
64039536
64602637
65164911
65728224
66291244
66854527
67450077
67980682
68509215
69107238
61051045
61051323
61050923
61052338
61052552
61051246
61052229
61052623
61051907
61052454
61052719
61051454
61052791
61051829
61051421
61052678
61052794
61052763
61053050
61196229
61725597
62254453
62782860
63345533
63909537
64472398
65035366
65564096
66094352
66656706
67219597
67783522
68346418
68909026
69471274
61053215
61052539
61051945
61053413
61052277
61053404
61052361
61053593
61053676
61053239
61052441
61053898
61052742
61053962
61053089
61052894
61054042
61054303
61130166
61626185
62156281
62718172
63247128
63809892
64372657
64936865
65499889
66061796
66557700
67055064
67617380
68214876
68777300
69339392
61054362
61053582
61053445
61054444
61053603
61054476
61054833
61053888
61054705
61053883
61054955
61053667
61053970
61054865
61055120
61055017
61053744
61054275
61065059
61595400
62090936
62620080
63183240
63711874
64274544
64838752
65401784
65930736
66426464
66956647
67518951
68082344
68644424
69208224
61055235
61055643
61055420
61054450
61054756
61055632
61055823
61055064
61055756
61054897
61055808
61055876
61056346
61054853
61055506
61056080
61056200
61055095
61056425
61398229
61927318
62489533
63052000
63581172
64144149
64707109
65269282
65831973
66395010
66958624
67520592
68083922
68680296
69243972
61056563
61056829
61056652
61056924
61056096
61057032
61055846
61057179
61055961
61056256
61055784
61056379
61057217
61057257
61056179
61057450
61056440
61056520
61057422
61265852
61794475
62390529
62919411
63482019
64044801
64607441
65171641
65700347
66263576
66826916
67388916
67952908
68514857
69078636
61056527
61056795
61057601
61056674
61058290
61056644
61057092
61057178
61058095
61057962
61056898
61057568
61058261
61056943
61058154
61058492
61057712
61058293
61057264
61366074
61895076
62424488
62986804
63549124
64078903
64643754
65171636
65768898
66332072
66895324
67457442
68020916
68583067
69145627
61057833
61057898
61057857
61058859
61058112
61059035
61059368
61058373
61059233
61058392
61059246
61058010
61058669
61059749
61059644
61058307
61059585
61058856
61059606
61300755
61765014
62259824
62822325
63384912
63947872
64511941
65074909
65603393
66167074
66728778
67292202
67856914
68418850
68982722
61074999
61059345
61059124
61060205
61059370
61060232
61060589
61059476
61060457
61059535
61060399
61059381
61059938
61060554
61060687
61060626
61059554
61059969
61060628
61268960
61831876
62393908
62922731
63485212
64048203
64611096
65141020
65637680
66202076
66764143
67326310
67924071
68484839
69048670
61059998
61060509
61059915
61060116
61061252
61060078
61060435
61061421
61061545
61061571
61060751
61060593
61061677
61060855
61061586
61061884
61060911
61061972
61061959
61336593
61865481
62362199
62890868
63453327
64016434
64580119
65143087
65706159
66269215
66832647
67394634
67958178
68520234
69084074
61077159
61061693
61060965
61062584
61061342
61062511
61061790
61061179
61062564
61061561
61062832
61062182
61061766
61062770
61061969
61062904
61062025
61062113
61062492
Peak: 69668170
Average: 61842188.17952374
